goos: linux
goarch: amd64
pkg: github.com/Hubujiu/WeaveOS/services/bff/internal/flowcommands
cpu: AMD EPYC 9V74 80-Core Processor                
BenchmarkRootExecutionPayloadSmall-5   	 1443061	       812.2 ns/op	     432 B/op	       3 allocs/op
BenchmarkRootExecutionPayloadSmall-5   	 1452164	       842.8 ns/op	     432 B/op	       3 allocs/op
BenchmarkRootExecutionPayloadSmall-5   	 1458441	       824.4 ns/op	     432 B/op	       3 allocs/op
BenchmarkRootExecutionPayloadSmall-5   	 1441773	       860.2 ns/op	     432 B/op	       3 allocs/op
BenchmarkRootExecutionPayloadSmall-5   	 1399729	       873.6 ns/op	     432 B/op	       3 allocs/op
BenchmarkRootExecutionPayloadMax-5     	    2101	    581138 ns/op	  489379 B/op	     403 allocs/op
BenchmarkRootExecutionPayloadMax-5     	    2193	    552598 ns/op	  489378 B/op	     403 allocs/op
BenchmarkRootExecutionPayloadMax-5     	    2005	    547790 ns/op	  489379 B/op	     403 allocs/op
BenchmarkRootExecutionPayloadMax-5     	    2293	    546449 ns/op	  489379 B/op	     403 allocs/op
BenchmarkRootExecutionPayloadMax-5     	    2115	    557354 ns/op	  489379 B/op	     403 allocs/op
BenchmarkRootExecutionResultSmall-5    	  483482	      2589 ns/op	    1016 B/op	      13 allocs/op
BenchmarkRootExecutionResultSmall-5    	  402975	      2814 ns/op	    1016 B/op	      13 allocs/op
BenchmarkRootExecutionResultSmall-5    	  381241	      2889 ns/op	    1016 B/op	      13 allocs/op
BenchmarkRootExecutionResultSmall-5    	  418974	      2500 ns/op	    1016 B/op	      13 allocs/op
BenchmarkRootExecutionResultSmall-5    	  439557	      2473 ns/op	    1016 B/op	      13 allocs/op
BenchmarkRootExecutionResultMax-5      	   27879	     42938 ns/op	   26104 B/op	     211 allocs/op
BenchmarkRootExecutionResultMax-5      	   27584	     43752 ns/op	   26104 B/op	     211 allocs/op
BenchmarkRootExecutionResultMax-5      	   28396	     42475 ns/op	   26104 B/op	     211 allocs/op
BenchmarkRootExecutionResultMax-5      	   26902	     45868 ns/op	   26104 B/op	     211 allocs/op
BenchmarkRootExecutionResultMax-5      	   26552	     43607 ns/op	   26104 B/op	     211 allocs/op
PASS
ok  	github.com/Hubujiu/WeaveOS/services/bff/internal/flowcommands	30.576s
