{"Time":"2026-10-05T08:44:34.912932082Z","Action":"start","Package":"github.com/Hubujiu/WeaveOS/services/bff/internal/apprecordservice"}
{"Time":"2026-10-05T08:44:34.92311524Z","Action":"run","Package":"github.com/Hubujiu/WeaveOS/services/bff/internal/apprecordservice","Test":"TestRootCommandFenceMetadataExists"}
{"Time":"2026-10-05T08:44:34.92320791Z","Action":"output","Package":"github.com/Hubujiu/WeaveOS/services/bff/internal/apprecordservice","Test":"TestRootCommandFenceMetadataExists","Output":"=== RUN   TestRootCommandFenceMetadataExists\n","OutputType":"frame"}
{"Time":"2026-10-05T08:44:34.982608246Z","Action":"output","Package":"github.com/Hubujiu/WeaveOS/services/bff/internal/apprecordservice","Test":"TestRootCommandFenceMetadataExists","Output":"--- PASS: TestRootCommandFenceMetadataExists (0.06s)\n","OutputType":"frame"}
{"Time":"2026-10-05T08:44:34.982663079Z","Action":"pass","Package":"github.com/Hubujiu/WeaveOS/services/bff/internal/apprecordservice","Test":"TestRootCommandFenceMetadataExists","Elapsed":0.06}
{"Time":"2026-10-05T08:44:34.982703771Z","Action":"run","Package":"github.com/Hubujiu/WeaveOS/services/bff/internal/apprecordservice","Test":"TestRootCommandFenceAcquireReplayAndRelease"}
{"Time":"2026-10-05T08:44:34.982706985Z","Action":"output","Package":"github.com/Hubujiu/WeaveOS/services/bff/internal/apprecordservice","Test":"TestRootCommandFenceAcquireReplayAndRelease","Output":"=== RUN   TestRootCommandFenceAcquireReplayAndRelease\n","OutputType":"frame"}
{"Time":"2026-10-05T08:44:35.056538987Z","Action":"output","Package":"github.com/Hubujiu/WeaveOS/services/bff/internal/apprecordservice","Test":"TestRootCommandFenceAcquireReplayAndRelease","Output":"--- PASS: TestRootCommandFenceAcquireReplayAndRelease (0.07s)\n","OutputType":"frame"}
{"Time":"2026-10-05T08:44:35.056645968Z","Action":"pass","Package":"github.com/Hubujiu/WeaveOS/services/bff/internal/apprecordservice","Test":"TestRootCommandFenceAcquireReplayAndRelease","Elapsed":0.07}
{"Time":"2026-10-05T08:44:35.05751393Z","Action":"run","Package":"github.com/Hubujiu/WeaveOS/services/bff/internal/apprecordservice","Test":"TestRootCommandFenceOtherCommandCannotReplace"}
{"Time":"2026-10-05T08:44:35.057523565Z","Action":"output","Package":"github.com/Hubujiu/WeaveOS/services/bff/internal/apprecordservice","Test":"TestRootCommandFenceOtherCommandCannotReplace","Output":"=== RUN   TestRootCommandFenceOtherCommandCannotReplace\n","OutputType":"frame"}
{"Time":"2026-10-05T08:44:35.124965126Z","Action":"output","Package":"github.com/Hubujiu/WeaveOS/services/bff/internal/apprecordservice","Test":"TestRootCommandFenceOtherCommandCannotReplace","Output":"--- PASS: TestRootCommandFenceOtherCommandCannotReplace (0.07s)\n","OutputType":"frame"}
{"Time":"2026-10-05T08:44:35.125033019Z","Action":"pass","Package":"github.com/Hubujiu/WeaveOS/services/bff/internal/apprecordservice","Test":"TestRootCommandFenceOtherCommandCannotReplace","Elapsed":0.07}
{"Time":"2026-10-05T08:44:35.125045728Z","Action":"run","Package":"github.com/Hubujiu/WeaveOS/services/bff/internal/apprecordservice","Test":"TestRootCommandFenceOldTokenCannotReleaseNewOccupant"}
{"Time":"2026-10-05T08:44:35.125047811Z","Action":"output","Package":"github.com/Hubujiu/WeaveOS/services/bff/internal/apprecordservice","Test":"TestRootCommandFenceOldTokenCannotReleaseNewOccupant","Output":"=== RUN   TestRootCommandFenceOldTokenCannotReleaseNewOccupant\n","OutputType":"frame"}
{"Time":"2026-10-05T08:44:35.195323927Z","Action":"output","Package":"github.com/Hubujiu/WeaveOS/services/bff/internal/apprecordservice","Test":"TestRootCommandFenceOldTokenCannotReleaseNewOccupant","Output":"--- PASS: TestRootCommandFenceOldTokenCannotReleaseNewOccupant (0.07s)\n","OutputType":"frame"}
{"Time":"2026-10-05T08:44:35.19535851Z","Action":"pass","Package":"github.com/Hubujiu/WeaveOS/services/bff/internal/apprecordservice","Test":"TestRootCommandFenceOldTokenCannotReleaseNewOccupant","Elapsed":0.07}
{"Time":"2026-10-05T08:44:35.195374524Z","Action":"run","Package":"github.com/Hubujiu/WeaveOS/services/bff/internal/apprecordservice","Test":"TestRootCommandFenceAcquireCallerRollback"}
{"Time":"2026-10-05T08:44:35.195376867Z","Action":"output","Package":"github.com/Hubujiu/WeaveOS/services/bff/internal/apprecordservice","Test":"TestRootCommandFenceAcquireCallerRollback","Output":"=== RUN   TestRootCommandFenceAcquireCallerRollback\n","OutputType":"frame"}
{"Time":"2026-10-05T08:44:35.259385039Z","Action":"output","Package":"github.com/Hubujiu/WeaveOS/services/bff/internal/apprecordservice","Test":"TestRootCommandFenceAcquireCallerRollback","Output":"--- PASS: TestRootCommandFenceAcquireCallerRollback (0.06s)\n","OutputType":"frame"}
{"Time":"2026-10-05T08:44:35.25941891Z","Action":"pass","Package":"github.com/Hubujiu/WeaveOS/services/bff/internal/apprecordservice","Test":"TestRootCommandFenceAcquireCallerRollback","Elapsed":0.06}
{"Time":"2026-10-05T08:44:35.259498881Z","Action":"run","Package":"github.com/Hubujiu/WeaveOS/services/bff/internal/apprecordservice","Test":"TestRootCommandFenceReleaseCallerRollback"}
{"Time":"2026-10-05T08:44:35.259502045Z","Action":"output","Package":"github.com/Hubujiu/WeaveOS/services/bff/internal/apprecordservice","Test":"TestRootCommandFenceReleaseCallerRollback","Output":"=== RUN   TestRootCommandFenceReleaseCallerRollback\n","OutputType":"frame"}
{"Time":"2026-10-05T08:44:35.329987789Z","Action":"output","Package":"github.com/Hubujiu/WeaveOS/services/bff/internal/apprecordservice","Test":"TestRootCommandFenceReleaseCallerRollback","Output":"--- PASS: TestRootCommandFenceReleaseCallerRollback (0.07s)\n","OutputType":"frame"}
{"Time":"2026-10-05T08:44:35.33005509Z","Action":"pass","Package":"github.com/Hubujiu/WeaveOS/services/bff/internal/apprecordservice","Test":"TestRootCommandFenceReleaseCallerRollback","Elapsed":0.07}
{"Time":"2026-10-05T08:44:35.331758295Z","Action":"run","Package":"github.com/Hubujiu/WeaveOS/services/bff/internal/apprecordservice","Test":"TestRootCommandFenceStaleVersionsAndForeignResources"}
{"Time":"2026-10-05T08:44:35.331771255Z","Action":"output","Package":"github.com/Hubujiu/WeaveOS/services/bff/internal/apprecordservice","Test":"TestRootCommandFenceStaleVersionsAndForeignResources","Output":"=== RUN   TestRootCommandFenceStaleVersionsAndForeignResources\n","OutputType":"frame"}
{"Time":"2026-10-05T08:44:35.393575945Z","Action":"output","Package":"github.com/Hubujiu/WeaveOS/services/bff/internal/apprecordservice","Test":"TestRootCommandFenceStaleVersionsAndForeignResources","Output":"--- PASS: TestRootCommandFenceStaleVersionsAndForeignResources (0.06s)\n","OutputType":"frame"}
{"Time":"2026-10-05T08:44:35.393686252Z","Action":"pass","Package":"github.com/Hubujiu/WeaveOS/services/bff/internal/apprecordservice","Test":"TestRootCommandFenceStaleVersionsAndForeignResources","Elapsed":0.06}
{"Time":"2026-10-05T08:44:35.393708545Z","Action":"run","Package":"github.com/Hubujiu/WeaveOS/services/bff/internal/apprecordservice","Test":"TestRootCommandFenceNullAndZeroInputsFailClosed"}
{"Time":"2026-10-05T08:44:35.393716067Z","Action":"output","Package":"github.com/Hubujiu/WeaveOS/services/bff/internal/apprecordservice","Test":"TestRootCommandFenceNullAndZeroInputsFailClosed","Output":"=== RUN   TestRootCommandFenceNullAndZeroInputsFailClosed\n","OutputType":"frame"}
{"Time":"2026-10-05T08:44:35.456371112Z","Action":"output","Package":"github.com/Hubujiu/WeaveOS/services/bff/internal/apprecordservice","Test":"TestRootCommandFenceNullAndZeroInputsFailClosed","Output":"--- PASS: TestRootCommandFenceNullAndZeroInputsFailClosed (0.06s)\n","OutputType":"frame"}
{"Time":"2026-10-05T08:44:35.456524214Z","Action":"pass","Package":"github.com/Hubujiu/WeaveOS/services/bff/internal/apprecordservice","Test":"TestRootCommandFenceNullAndZeroInputsFailClosed","Elapsed":0.06}
{"Time":"2026-10-05T08:44:35.456547098Z","Action":"run","Package":"github.com/Hubujiu/WeaveOS/services/bff/internal/apprecordservice","Test":"TestRootCommandFenceBlocksRealEditButNotOtherRecord"}
{"Time":"2026-10-05T08:44:35.456628992Z","Action":"output","Package":"github.com/Hubujiu/WeaveOS/services/bff/internal/apprecordservice","Test":"TestRootCommandFenceBlocksRealEditButNotOtherRecord","Output":"=== RUN   TestRootCommandFenceBlocksRealEditButNotOtherRecord\n","OutputType":"frame"}
{"Time":"2026-10-05T08:44:35.569284157Z","Action":"output","Package":"github.com/Hubujiu/WeaveOS/services/bff/internal/apprecordservice","Test":"TestRootCommandFenceBlocksRealEditButNotOtherRecord","Output":"--- PASS: TestRootCommandFenceBlocksRealEditButNotOtherRecord (0.11s)\n","OutputType":"frame"}
{"Time":"2026-10-05T08:44:35.569334884Z","Action":"pass","Package":"github.com/Hubujiu/WeaveOS/services/bff/internal/apprecordservice","Test":"TestRootCommandFenceBlocksRealEditButNotOtherRecord","Elapsed":0.11}
{"Time":"2026-10-05T08:44:35.569543379Z","Action":"run","Package":"github.com/Hubujiu/WeaveOS/services/bff/internal/apprecordservice","Test":"TestRootCommandFenceSchemaChangeRollsBackDDL"}
{"Time":"2026-10-05T08:44:35.569549889Z","Action":"output","Package":"github.com/Hubujiu/WeaveOS/services/bff/internal/apprecordservice","Test":"TestRootCommandFenceSchemaChangeRollsBackDDL","Output":"=== RUN   TestRootCommandFenceSchemaChangeRollsBackDDL\n","OutputType":"frame"}
{"Time":"2026-10-05T08:44:35.631930244Z","Action":"output","Package":"github.com/Hubujiu/WeaveOS/services/bff/internal/apprecordservice","Test":"TestRootCommandFenceSchemaChangeRollsBackDDL","Output":"--- PASS: TestRootCommandFenceSchemaChangeRollsBackDDL (0.06s)\n","OutputType":"frame"}
{"Time":"2026-10-05T08:44:35.632090346Z","Action":"pass","Package":"github.com/Hubujiu/WeaveOS/services/bff/internal/apprecordservice","Test":"TestRootCommandFenceSchemaChangeRollsBackDDL","Elapsed":0.06}
{"Time":"2026-10-05T08:44:35.632220042Z","Action":"run","Package":"github.com/Hubujiu/WeaveOS/services/bff/internal/apprecordservice","Test":"TestRootCommandFenceRuntimeHasNoDirectWritePrivilege"}
{"Time":"2026-10-05T08:44:35.632233823Z","Action":"output","Package":"github.com/Hubujiu/WeaveOS/services/bff/internal/apprecordservice","Test":"TestRootCommandFenceRuntimeHasNoDirectWritePrivilege","Output":"=== RUN   TestRootCommandFenceRuntimeHasNoDirectWritePrivilege\n","OutputType":"frame"}
{"Time":"2026-10-05T08:44:35.690472583Z","Action":"output","Package":"github.com/Hubujiu/WeaveOS/services/bff/internal/apprecordservice","Test":"TestRootCommandFenceRuntimeHasNoDirectWritePrivilege","Output":"--- PASS: TestRootCommandFenceRuntimeHasNoDirectWritePrivilege (0.06s)\n","OutputType":"frame"}
{"Time":"2026-10-05T08:44:35.690561638Z","Action":"pass","Package":"github.com/Hubujiu/WeaveOS/services/bff/internal/apprecordservice","Test":"TestRootCommandFenceRuntimeHasNoDirectWritePrivilege","Elapsed":0.06}
{"Time":"2026-10-05T08:44:35.690587216Z","Action":"run","Package":"github.com/Hubujiu/WeaveOS/services/bff/internal/apprecordservice","Test":"TestRootCommandFenceReleaseRequiresPositiveExactToken"}
{"Time":"2026-10-05T08:44:35.690598103Z","Action":"output","Package":"github.com/Hubujiu/WeaveOS/services/bff/internal/apprecordservice","Test":"TestRootCommandFenceReleaseRequiresPositiveExactToken","Output":"=== RUN   TestRootCommandFenceReleaseRequiresPositiveExactToken\n","OutputType":"frame"}
{"Time":"2026-10-05T08:44:35.75448771Z","Action":"output","Package":"github.com/Hubujiu/WeaveOS/services/bff/internal/apprecordservice","Test":"TestRootCommandFenceReleaseRequiresPositiveExactToken","Output":"--- PASS: TestRootCommandFenceReleaseRequiresPositiveExactToken (0.06s)\n","OutputType":"frame"}
{"Time":"2026-10-05T08:44:35.754552387Z","Action":"pass","Package":"github.com/Hubujiu/WeaveOS/services/bff/internal/apprecordservice","Test":"TestRootCommandFenceReleaseRequiresPositiveExactToken","Elapsed":0.06}
{"Time":"2026-10-05T08:44:35.754896858Z","Action":"run","Package":"github.com/Hubujiu/WeaveOS/services/bff/internal/apprecordservice","Test":"TestRootCommandFenceCounterExhaustionDoesNotWrap"}
{"Time":"2026-10-05T08:44:35.754911801Z","Action":"output","Package":"github.com/Hubujiu/WeaveOS/services/bff/internal/apprecordservice","Test":"TestRootCommandFenceCounterExhaustionDoesNotWrap","Output":"=== RUN   TestRootCommandFenceCounterExhaustionDoesNotWrap\n","OutputType":"frame"}
{"Time":"2026-10-05T08:44:35.815630103Z","Action":"output","Package":"github.com/Hubujiu/WeaveOS/services/bff/internal/apprecordservice","Test":"TestRootCommandFenceCounterExhaustionDoesNotWrap","Output":"--- PASS: TestRootCommandFenceCounterExhaustionDoesNotWrap (0.06s)\n","OutputType":"frame"}
{"Time":"2026-10-05T08:44:35.815736233Z","Action":"pass","Package":"github.com/Hubujiu/WeaveOS/services/bff/internal/apprecordservice","Test":"TestRootCommandFenceCounterExhaustionDoesNotWrap","Elapsed":0.06}
{"Time":"2026-10-05T08:44:35.815754751Z","Action":"run","Package":"github.com/Hubujiu/WeaveOS/services/bff/internal/apprecordservice","Test":"TestRootCommandFenceDoesNotBlockViewOnlyLayout"}
{"Time":"2026-10-05T08:44:35.815762363Z","Action":"output","Package":"github.com/Hubujiu/WeaveOS/services/bff/internal/apprecordservice","Test":"TestRootCommandFenceDoesNotBlockViewOnlyLayout","Output":"=== RUN   TestRootCommandFenceDoesNotBlockViewOnlyLayout\n","OutputType":"frame"}
{"Time":"2026-10-05T08:44:35.880160744Z","Action":"output","Package":"github.com/Hubujiu/WeaveOS/services/bff/internal/apprecordservice","Test":"TestRootCommandFenceDoesNotBlockViewOnlyLayout","Output":"--- PASS: TestRootCommandFenceDoesNotBlockViewOnlyLayout (0.06s)\n","OutputType":"frame"}
{"Time":"2026-10-05T08:44:35.880258652Z","Action":"pass","Package":"github.com/Hubujiu/WeaveOS/services/bff/internal/apprecordservice","Test":"TestRootCommandFenceDoesNotBlockViewOnlyLayout","Elapsed":0.06}
{"Time":"2026-10-05T08:44:35.880274546Z","Action":"run","Package":"github.com/Hubujiu/WeaveOS/services/bff/internal/apprecordservice","Test":"TestRootFormalLedgerTablesExist"}
{"Time":"2026-10-05T08:44:35.880286534Z","Action":"output","Package":"github.com/Hubujiu/WeaveOS/services/bff/internal/apprecordservice","Test":"TestRootFormalLedgerTablesExist","Output":"=== RUN   TestRootFormalLedgerTablesExist\n","OutputType":"frame"}
{"Time":"2026-10-05T08:44:35.942285253Z","Action":"output","Package":"github.com/Hubujiu/WeaveOS/services/bff/internal/apprecordservice","Test":"TestRootFormalLedgerTablesExist","Output":"--- PASS: TestRootFormalLedgerTablesExist (0.06s)\n","OutputType":"frame"}
{"Time":"2026-10-05T08:44:35.942577499Z","Action":"pass","Package":"github.com/Hubujiu/WeaveOS/services/bff/internal/apprecordservice","Test":"TestRootFormalLedgerTablesExist","Elapsed":0.06}
{"Time":"2026-10-05T08:44:35.942588286Z","Action":"run","Package":"github.com/Hubujiu/WeaveOS/services/bff/internal/apprecordservice","Test":"TestRootFormalLedgerAcceptAndFenceCommitTogether"}
{"Time":"2026-10-05T08:44:35.942592192Z","Action":"output","Package":"github.com/Hubujiu/WeaveOS/services/bff/internal/apprecordservice","Test":"TestRootFormalLedgerAcceptAndFenceCommitTogether","Output":"=== RUN   TestRootFormalLedgerAcceptAndFenceCommitTogether\n","OutputType":"frame"}
{"Time":"2026-10-05T08:44:36.012529696Z","Action":"output","Package":"github.com/Hubujiu/WeaveOS/services/bff/internal/apprecordservice","Test":"TestRootFormalLedgerAcceptAndFenceCommitTogether","Output":"--- PASS: TestRootFormalLedgerAcceptAndFenceCommitTogether (0.07s)\n","OutputType":"frame"}
{"Time":"2026-10-05T08:44:36.01257885Z","Action":"pass","Package":"github.com/Hubujiu/WeaveOS/services/bff/internal/apprecordservice","Test":"TestRootFormalLedgerAcceptAndFenceCommitTogether","Elapsed":0.07}
{"Time":"2026-10-05T08:44:36.012587894Z","Action":"run","Package":"github.com/Hubujiu/WeaveOS/services/bff/internal/apprecordservice","Test":"TestRootFormalLedgerAcceptAndFenceRollbackTogether"}
{"Time":"2026-10-05T08:44:36.012590968Z","Action":"output","Package":"github.com/Hubujiu/WeaveOS/services/bff/internal/apprecordservice","Test":"TestRootFormalLedgerAcceptAndFenceRollbackTogether","Output":"=== RUN   TestRootFormalLedgerAcceptAndFenceRollbackTogether\n","OutputType":"frame"}
{"Time":"2026-10-05T08:44:36.079325861Z","Action":"output","Package":"github.com/Hubujiu/WeaveOS/services/bff/internal/apprecordservice","Test":"TestRootFormalLedgerAcceptAndFenceRollbackTogether","Output":"--- PASS: TestRootFormalLedgerAcceptAndFenceRollbackTogether (0.07s)\n","OutputType":"frame"}
{"Time":"2026-10-05T08:44:36.07944382Z","Action":"pass","Package":"github.com/Hubujiu/WeaveOS/services/bff/internal/apprecordservice","Test":"TestRootFormalLedgerAcceptAndFenceRollbackTogether","Elapsed":0.07}
{"Time":"2026-10-05T08:44:36.079453815Z","Action":"run","Package":"github.com/Hubujiu/WeaveOS/services/bff/internal/apprecordservice","Test":"TestRootFormalLedgerApplyReleaseAtomicAndReplay"}
{"Time":"2026-10-05T08:44:36.079456329Z","Action":"output","Package":"github.com/Hubujiu/WeaveOS/services/bff/internal/apprecordservice","Test":"TestRootFormalLedgerApplyReleaseAtomicAndReplay","Output":"=== RUN   TestRootFormalLedgerApplyReleaseAtomicAndReplay\n","OutputType":"frame"}
{"Time":"2026-10-05T08:44:36.158795095Z","Action":"output","Package":"github.com/Hubujiu/WeaveOS/services/bff/internal/apprecordservice","Test":"TestRootFormalLedgerApplyReleaseAtomicAndReplay","Output":"--- PASS: TestRootFormalLedgerApplyReleaseAtomicAndReplay (0.08s)\n","OutputType":"frame"}
{"Time":"2026-10-05T08:44:36.158831049Z","Action":"pass","Package":"github.com/Hubujiu/WeaveOS/services/bff/internal/apprecordservice","Test":"TestRootFormalLedgerApplyReleaseAtomicAndReplay","Elapsed":0.08}
{"Time":"2026-10-05T08:44:36.158838891Z","Action":"run","Package":"github.com/Hubujiu/WeaveOS/services/bff/internal/apprecordservice","Test":"TestRootFormalLedgerRuntimeCannotRewriteIdentityOrDeleteHistory"}
{"Time":"2026-10-05T08:44:36.158840844Z","Action":"output","Package":"github.com/Hubujiu/WeaveOS/services/bff/internal/apprecordservice","Test":"TestRootFormalLedgerRuntimeCannotRewriteIdentityOrDeleteHistory","Output":"=== RUN   TestRootFormalLedgerRuntimeCannotRewriteIdentityOrDeleteHistory\n","OutputType":"frame"}
{"Time":"2026-10-05T08:44:36.230845899Z","Action":"output","Package":"github.com/Hubujiu/WeaveOS/services/bff/internal/apprecordservice","Test":"TestRootFormalLedgerRuntimeCannotRewriteIdentityOrDeleteHistory","Output":"--- PASS: TestRootFormalLedgerRuntimeCannotRewriteIdentityOrDeleteHistory (0.07s)\n","OutputType":"frame"}
{"Time":"2026-10-05T08:44:36.230883576Z","Action":"pass","Package":"github.com/Hubujiu/WeaveOS/services/bff/internal/apprecordservice","Test":"TestRootFormalLedgerRuntimeCannotRewriteIdentityOrDeleteHistory","Elapsed":0.07}
{"Time":"2026-10-05T08:44:36.230893171Z","Action":"run","Package":"github.com/Hubujiu/WeaveOS/services/bff/internal/apprecordservice","Test":"TestRootFormalLedgerDatabaseConstraints"}
{"Time":"2026-10-05T08:44:36.230895464Z","Action":"output","Package":"github.com/Hubujiu/WeaveOS/services/bff/internal/apprecordservice","Test":"TestRootFormalLedgerDatabaseConstraints","Output":"=== RUN   TestRootFormalLedgerDatabaseConstraints\n","OutputType":"frame"}
{"Time":"2026-10-05T08:44:36.278992096Z","Action":"output","Package":"github.com/Hubujiu/WeaveOS/services/bff/internal/apprecordservice","Test":"TestRootFormalLedgerDatabaseConstraints","Output":"--- PASS: TestRootFormalLedgerDatabaseConstraints (0.05s)\n","OutputType":"frame"}
{"Time":"2026-10-05T08:44:36.279057686Z","Action":"pass","Package":"github.com/Hubujiu/WeaveOS/services/bff/internal/apprecordservice","Test":"TestRootFormalLedgerDatabaseConstraints","Elapsed":0.05}
{"Time":"2026-10-05T08:44:36.279064296Z","Action":"run","Package":"github.com/Hubujiu/WeaveOS/services/bff/internal/apprecordservice","Test":"TestRootFormalLedgerCurrentRolesLeastPrivilege"}
{"Time":"2026-10-05T08:44:36.279066779Z","Action":"output","Package":"github.com/Hubujiu/WeaveOS/services/bff/internal/apprecordservice","Test":"TestRootFormalLedgerCurrentRolesLeastPrivilege","Output":"=== RUN   TestRootFormalLedgerCurrentRolesLeastPrivilege\n","OutputType":"frame"}
{"Time":"2026-10-05T08:44:36.330659602Z","Action":"output","Package":"github.com/Hubujiu/WeaveOS/services/bff/internal/apprecordservice","Test":"TestRootFormalLedgerCurrentRolesLeastPrivilege","Output":"--- PASS: TestRootFormalLedgerCurrentRolesLeastPrivilege (0.05s)\n","OutputType":"frame"}
{"Time":"2026-10-05T08:44:36.330703749Z","Action":"pass","Package":"github.com/Hubujiu/WeaveOS/services/bff/internal/apprecordservice","Test":"TestRootFormalLedgerCurrentRolesLeastPrivilege","Elapsed":0.05}
{"Time":"2026-10-05T08:44:36.330847316Z","Action":"output","Package":"github.com/Hubujiu/WeaveOS/services/bff/internal/apprecordservice","Output":"PASS\n","OutputType":"frame"}
{"Time":"2026-10-05T08:44:37.33292315Z","Action":"output","Package":"github.com/Hubujiu/WeaveOS/services/bff/internal/apprecordservice","Output":"ok  \tgithub.com/Hubujiu/WeaveOS/services/bff/internal/apprecordservice\t2.420s\n"}
{"Time":"2026-10-05T08:44:37.332973737Z","Action":"pass","Package":"github.com/Hubujiu/WeaveOS/services/bff/internal/apprecordservice","Elapsed":2.42}
