{"Time":"2026-10-05T08:43:58.907771564Z","Action":"start","Package":"github.com/Hubujiu/WeaveOS/services/bff/internal/apprecordservice"}
{"Time":"2026-10-05T08:43:58.919149495Z","Action":"run","Package":"github.com/Hubujiu/WeaveOS/services/bff/internal/apprecordservice","Test":"TestRootCommandFenceMetadataExists"}
{"Time":"2026-10-05T08:43:58.919255586Z","Action":"output","Package":"github.com/Hubujiu/WeaveOS/services/bff/internal/apprecordservice","Test":"TestRootCommandFenceMetadataExists","Output":"=== RUN   TestRootCommandFenceMetadataExists\n","OutputType":"frame"}
{"Time":"2026-10-05T08:43:58.956628065Z","Action":"output","Package":"github.com/Hubujiu/WeaveOS/services/bff/internal/apprecordservice","Test":"TestRootCommandFenceMetadataExists","Output":"    root_command_fence_test.go:49: ERROR: role \"auth_app\" does not exist (SQLSTATE 42704)\n","OutputType":"error"}
{"Time":"2026-10-05T08:43:58.956894269Z","Action":"output","Package":"github.com/Hubujiu/WeaveOS/services/bff/internal/apprecordservice","Test":"TestRootCommandFenceMetadataExists","Output":"--- FAIL: TestRootCommandFenceMetadataExists (0.04s)\n","OutputType":"frame"}
{"Time":"2026-10-05T08:43:58.956922893Z","Action":"fail","Package":"github.com/Hubujiu/WeaveOS/services/bff/internal/apprecordservice","Test":"TestRootCommandFenceMetadataExists","Elapsed":0.04}
{"Time":"2026-10-05T08:43:58.956969143Z","Action":"run","Package":"github.com/Hubujiu/WeaveOS/services/bff/internal/apprecordservice","Test":"TestRootCommandFenceAcquireReplayAndRelease"}
{"Time":"2026-10-05T08:43:58.95697349Z","Action":"output","Package":"github.com/Hubujiu/WeaveOS/services/bff/internal/apprecordservice","Test":"TestRootCommandFenceAcquireReplayAndRelease","Output":"=== RUN   TestRootCommandFenceAcquireReplayAndRelease\n","OutputType":"frame"}
{"Time":"2026-10-05T08:43:58.985927115Z","Action":"output","Package":"github.com/Hubujiu/WeaveOS/services/bff/internal/apprecordservice","Test":"TestRootCommandFenceAcquireReplayAndRelease","Output":"    root_command_fence_test.go:69: ERROR: role \"auth_app\" does not exist (SQLSTATE 42704)\n","OutputType":"error"}
{"Time":"2026-10-05T08:43:58.986195884Z","Action":"output","Package":"github.com/Hubujiu/WeaveOS/services/bff/internal/apprecordservice","Test":"TestRootCommandFenceAcquireReplayAndRelease","Output":"--- FAIL: TestRootCommandFenceAcquireReplayAndRelease (0.03s)\n","OutputType":"frame"}
{"Time":"2026-10-05T08:43:58.986204267Z","Action":"fail","Package":"github.com/Hubujiu/WeaveOS/services/bff/internal/apprecordservice","Test":"TestRootCommandFenceAcquireReplayAndRelease","Elapsed":0.03}
{"Time":"2026-10-05T08:43:58.986274664Z","Action":"run","Package":"github.com/Hubujiu/WeaveOS/services/bff/internal/apprecordservice","Test":"TestRootCommandFenceOtherCommandCannotReplace"}
{"Time":"2026-10-05T08:43:58.986278239Z","Action":"output","Package":"github.com/Hubujiu/WeaveOS/services/bff/internal/apprecordservice","Test":"TestRootCommandFenceOtherCommandCannotReplace","Output":"=== RUN   TestRootCommandFenceOtherCommandCannotReplace\n","OutputType":"frame"}
{"Time":"2026-10-05T08:43:59.014632504Z","Action":"output","Package":"github.com/Hubujiu/WeaveOS/services/bff/internal/apprecordservice","Test":"TestRootCommandFenceOtherCommandCannotReplace","Output":"    root_command_fence_test.go:80: ERROR: role \"auth_app\" does not exist (SQLSTATE 42704)\n","OutputType":"error"}
{"Time":"2026-10-05T08:43:59.014852439Z","Action":"output","Package":"github.com/Hubujiu/WeaveOS/services/bff/internal/apprecordservice","Test":"TestRootCommandFenceOtherCommandCannotReplace","Output":"--- FAIL: TestRootCommandFenceOtherCommandCannotReplace (0.03s)\n","OutputType":"frame"}
{"Time":"2026-10-05T08:43:59.014864697Z","Action":"fail","Package":"github.com/Hubujiu/WeaveOS/services/bff/internal/apprecordservice","Test":"TestRootCommandFenceOtherCommandCannotReplace","Elapsed":0.03}
{"Time":"2026-10-05T08:43:59.014933051Z","Action":"run","Package":"github.com/Hubujiu/WeaveOS/services/bff/internal/apprecordservice","Test":"TestRootCommandFenceOldTokenCannotReleaseNewOccupant"}
{"Time":"2026-10-05T08:43:59.014941254Z","Action":"output","Package":"github.com/Hubujiu/WeaveOS/services/bff/internal/apprecordservice","Test":"TestRootCommandFenceOldTokenCannotReleaseNewOccupant","Output":"=== RUN   TestRootCommandFenceOldTokenCannotReleaseNewOccupant\n","OutputType":"frame"}
{"Time":"2026-10-05T08:43:59.050513489Z","Action":"output","Package":"github.com/Hubujiu/WeaveOS/services/bff/internal/apprecordservice","Test":"TestRootCommandFenceOldTokenCannotReleaseNewOccupant","Output":"    root_command_fence_test.go:92: ERROR: role \"auth_app\" does not exist (SQLSTATE 42704)\n","OutputType":"error"}
{"Time":"2026-10-05T08:43:59.050816119Z","Action":"output","Package":"github.com/Hubujiu/WeaveOS/services/bff/internal/apprecordservice","Test":"TestRootCommandFenceOldTokenCannotReleaseNewOccupant","Output":"--- FAIL: TestRootCommandFenceOldTokenCannotReleaseNewOccupant (0.04s)\n","OutputType":"frame"}
{"Time":"2026-10-05T08:43:59.050834707Z","Action":"fail","Package":"github.com/Hubujiu/WeaveOS/services/bff/internal/apprecordservice","Test":"TestRootCommandFenceOldTokenCannotReleaseNewOccupant","Elapsed":0.04}
{"Time":"2026-10-05T08:43:59.050872675Z","Action":"run","Package":"github.com/Hubujiu/WeaveOS/services/bff/internal/apprecordservice","Test":"TestRootCommandFenceAcquireCallerRollback"}
{"Time":"2026-10-05T08:43:59.050880758Z","Action":"output","Package":"github.com/Hubujiu/WeaveOS/services/bff/internal/apprecordservice","Test":"TestRootCommandFenceAcquireCallerRollback","Output":"=== RUN   TestRootCommandFenceAcquireCallerRollback\n","OutputType":"frame"}
{"Time":"2026-10-05T08:43:59.077369376Z","Action":"output","Package":"github.com/Hubujiu/WeaveOS/services/bff/internal/apprecordservice","Test":"TestRootCommandFenceAcquireCallerRollback","Output":"    root_command_fence_test.go:108: ERROR: role \"auth_app\" does not exist (SQLSTATE 42704)\n","OutputType":"error"}
{"Time":"2026-10-05T08:43:59.077879692Z","Action":"output","Package":"github.com/Hubujiu/WeaveOS/services/bff/internal/apprecordservice","Test":"TestRootCommandFenceAcquireCallerRollback","Output":"--- FAIL: TestRootCommandFenceAcquireCallerRollback (0.03s)\n","OutputType":"frame"}
{"Time":"2026-10-05T08:43:59.077902016Z","Action":"fail","Package":"github.com/Hubujiu/WeaveOS/services/bff/internal/apprecordservice","Test":"TestRootCommandFenceAcquireCallerRollback","Elapsed":0.03}
{"Time":"2026-10-05T08:43:59.077914835Z","Action":"run","Package":"github.com/Hubujiu/WeaveOS/services/bff/internal/apprecordservice","Test":"TestRootCommandFenceReleaseCallerRollback"}
{"Time":"2026-10-05T08:43:59.077921435Z","Action":"output","Package":"github.com/Hubujiu/WeaveOS/services/bff/internal/apprecordservice","Test":"TestRootCommandFenceReleaseCallerRollback","Output":"=== RUN   TestRootCommandFenceReleaseCallerRollback\n","OutputType":"frame"}
{"Time":"2026-10-05T08:43:59.104021742Z","Action":"output","Package":"github.com/Hubujiu/WeaveOS/services/bff/internal/apprecordservice","Test":"TestRootCommandFenceReleaseCallerRollback","Output":"    root_command_fence_test.go:125: ERROR: role \"auth_app\" does not exist (SQLSTATE 42704)\n","OutputType":"error"}
{"Time":"2026-10-05T08:43:59.10421166Z","Action":"output","Package":"github.com/Hubujiu/WeaveOS/services/bff/internal/apprecordservice","Test":"TestRootCommandFenceReleaseCallerRollback","Output":"--- FAIL: TestRootCommandFenceReleaseCallerRollback (0.03s)\n","OutputType":"frame"}
{"Time":"2026-10-05T08:43:59.104235146Z","Action":"fail","Package":"github.com/Hubujiu/WeaveOS/services/bff/internal/apprecordservice","Test":"TestRootCommandFenceReleaseCallerRollback","Elapsed":0.03}
{"Time":"2026-10-05T08:43:59.104246173Z","Action":"run","Package":"github.com/Hubujiu/WeaveOS/services/bff/internal/apprecordservice","Test":"TestRootCommandFenceStaleVersionsAndForeignResources"}
{"Time":"2026-10-05T08:43:59.104252713Z","Action":"output","Package":"github.com/Hubujiu/WeaveOS/services/bff/internal/apprecordservice","Test":"TestRootCommandFenceStaleVersionsAndForeignResources","Output":"=== RUN   TestRootCommandFenceStaleVersionsAndForeignResources\n","OutputType":"frame"}
{"Time":"2026-10-05T08:43:59.132883558Z","Action":"output","Package":"github.com/Hubujiu/WeaveOS/services/bff/internal/apprecordservice","Test":"TestRootCommandFenceStaleVersionsAndForeignResources","Output":"    root_command_fence_test.go:144: ERROR: role \"auth_app\" does not exist (SQLSTATE 42704)\n","OutputType":"error"}
{"Time":"2026-10-05T08:43:59.132939803Z","Action":"output","Package":"github.com/Hubujiu/WeaveOS/services/bff/internal/apprecordservice","Test":"TestRootCommandFenceStaleVersionsAndForeignResources","Output":"--- FAIL: TestRootCommandFenceStaleVersionsAndForeignResources (0.03s)\n","OutputType":"frame"}
{"Time":"2026-10-05T08:43:59.132942948Z","Action":"fail","Package":"github.com/Hubujiu/WeaveOS/services/bff/internal/apprecordservice","Test":"TestRootCommandFenceStaleVersionsAndForeignResources","Elapsed":0.03}
{"Time":"2026-10-05T08:43:59.132952012Z","Action":"run","Package":"github.com/Hubujiu/WeaveOS/services/bff/internal/apprecordservice","Test":"TestRootCommandFenceNullAndZeroInputsFailClosed"}
{"Time":"2026-10-05T08:43:59.132954155Z","Action":"output","Package":"github.com/Hubujiu/WeaveOS/services/bff/internal/apprecordservice","Test":"TestRootCommandFenceNullAndZeroInputsFailClosed","Output":"=== RUN   TestRootCommandFenceNullAndZeroInputsFailClosed\n","OutputType":"frame"}
{"Time":"2026-10-05T08:43:59.162712455Z","Action":"output","Package":"github.com/Hubujiu/WeaveOS/services/bff/internal/apprecordservice","Test":"TestRootCommandFenceNullAndZeroInputsFailClosed","Output":"    root_command_fence_test.go:163: ERROR: role \"auth_app\" does not exist (SQLSTATE 42704)\n","OutputType":"error"}
{"Time":"2026-10-05T08:43:59.16296558Z","Action":"output","Package":"github.com/Hubujiu/WeaveOS/services/bff/internal/apprecordservice","Test":"TestRootCommandFenceNullAndZeroInputsFailClosed","Output":"--- FAIL: TestRootCommandFenceNullAndZeroInputsFailClosed (0.03s)\n","OutputType":"frame"}
{"Time":"2026-10-05T08:43:59.162988054Z","Action":"fail","Package":"github.com/Hubujiu/WeaveOS/services/bff/internal/apprecordservice","Test":"TestRootCommandFenceNullAndZeroInputsFailClosed","Elapsed":0.03}
{"Time":"2026-10-05T08:43:59.163042086Z","Action":"run","Package":"github.com/Hubujiu/WeaveOS/services/bff/internal/apprecordservice","Test":"TestRootCommandFenceBlocksRealEditButNotOtherRecord"}
{"Time":"2026-10-05T08:43:59.163044359Z","Action":"output","Package":"github.com/Hubujiu/WeaveOS/services/bff/internal/apprecordservice","Test":"TestRootCommandFenceBlocksRealEditButNotOtherRecord","Output":"=== RUN   TestRootCommandFenceBlocksRealEditButNotOtherRecord\n","OutputType":"frame"}
{"Time":"2026-10-05T08:43:59.191193667Z","Action":"output","Package":"github.com/Hubujiu/WeaveOS/services/bff/internal/apprecordservice","Test":"TestRootCommandFenceBlocksRealEditButNotOtherRecord","Output":"    root_command_fence_test.go:189: ERROR: role \"auth_app\" does not exist (SQLSTATE 42704)\n","OutputType":"error"}
{"Time":"2026-10-05T08:43:59.19126144Z","Action":"output","Package":"github.com/Hubujiu/WeaveOS/services/bff/internal/apprecordservice","Test":"TestRootCommandFenceBlocksRealEditButNotOtherRecord","Output":"--- FAIL: TestRootCommandFenceBlocksRealEditButNotOtherRecord (0.03s)\n","OutputType":"frame"}
{"Time":"2026-10-05T08:43:59.191265426Z","Action":"fail","Package":"github.com/Hubujiu/WeaveOS/services/bff/internal/apprecordservice","Test":"TestRootCommandFenceBlocksRealEditButNotOtherRecord","Elapsed":0.03}
{"Time":"2026-10-05T08:43:59.191272437Z","Action":"run","Package":"github.com/Hubujiu/WeaveOS/services/bff/internal/apprecordservice","Test":"TestRootCommandFenceSchemaChangeRollsBackDDL"}
{"Time":"2026-10-05T08:43:59.191277885Z","Action":"output","Package":"github.com/Hubujiu/WeaveOS/services/bff/internal/apprecordservice","Test":"TestRootCommandFenceSchemaChangeRollsBackDDL","Output":"=== RUN   TestRootCommandFenceSchemaChangeRollsBackDDL\n","OutputType":"frame"}
{"Time":"2026-10-05T08:43:59.219836009Z","Action":"output","Package":"github.com/Hubujiu/WeaveOS/services/bff/internal/apprecordservice","Test":"TestRootCommandFenceSchemaChangeRollsBackDDL","Output":"    root_command_fence_test.go:214: ERROR: role \"auth_app\" does not exist (SQLSTATE 42704)\n","OutputType":"error"}
{"Time":"2026-10-05T08:43:59.220142575Z","Action":"output","Package":"github.com/Hubujiu/WeaveOS/services/bff/internal/apprecordservice","Test":"TestRootCommandFenceSchemaChangeRollsBackDDL","Output":"--- FAIL: TestRootCommandFenceSchemaChangeRollsBackDDL (0.03s)\n","OutputType":"frame"}
{"Time":"2026-10-05T08:43:59.220158319Z","Action":"fail","Package":"github.com/Hubujiu/WeaveOS/services/bff/internal/apprecordservice","Test":"TestRootCommandFenceSchemaChangeRollsBackDDL","Elapsed":0.03}
{"Time":"2026-10-05T08:43:59.220176247Z","Action":"run","Package":"github.com/Hubujiu/WeaveOS/services/bff/internal/apprecordservice","Test":"TestRootCommandFenceRuntimeHasNoDirectWritePrivilege"}
{"Time":"2026-10-05T08:43:59.220183578Z","Action":"output","Package":"github.com/Hubujiu/WeaveOS/services/bff/internal/apprecordservice","Test":"TestRootCommandFenceRuntimeHasNoDirectWritePrivilege","Output":"=== RUN   TestRootCommandFenceRuntimeHasNoDirectWritePrivilege\n","OutputType":"frame"}
{"Time":"2026-10-05T08:43:59.247986881Z","Action":"output","Package":"github.com/Hubujiu/WeaveOS/services/bff/internal/apprecordservice","Test":"TestRootCommandFenceRuntimeHasNoDirectWritePrivilege","Output":"    root_command_fence_test.go:245: ERROR: role \"auth_app\" does not exist (SQLSTATE 42704)\n","OutputType":"error"}
{"Time":"2026-10-05T08:43:59.248201948Z","Action":"output","Package":"github.com/Hubujiu/WeaveOS/services/bff/internal/apprecordservice","Test":"TestRootCommandFenceRuntimeHasNoDirectWritePrivilege","Output":"--- FAIL: TestRootCommandFenceRuntimeHasNoDirectWritePrivilege (0.03s)\n","OutputType":"frame"}
{"Time":"2026-10-05T08:43:59.248225724Z","Action":"fail","Package":"github.com/Hubujiu/WeaveOS/services/bff/internal/apprecordservice","Test":"TestRootCommandFenceRuntimeHasNoDirectWritePrivilege","Elapsed":0.03}
{"Time":"2026-10-05T08:43:59.248277302Z","Action":"run","Package":"github.com/Hubujiu/WeaveOS/services/bff/internal/apprecordservice","Test":"TestRootCommandFenceReleaseRequiresPositiveExactToken"}
{"Time":"2026-10-05T08:43:59.248280317Z","Action":"output","Package":"github.com/Hubujiu/WeaveOS/services/bff/internal/apprecordservice","Test":"TestRootCommandFenceReleaseRequiresPositiveExactToken","Output":"=== RUN   TestRootCommandFenceReleaseRequiresPositiveExactToken\n","OutputType":"frame"}
{"Time":"2026-10-05T08:43:59.278895565Z","Action":"output","Package":"github.com/Hubujiu/WeaveOS/services/bff/internal/apprecordservice","Test":"TestRootCommandFenceReleaseRequiresPositiveExactToken","Output":"    root_command_fence_test.go:260: ERROR: role \"auth_app\" does not exist (SQLSTATE 42704)\n","OutputType":"error"}
{"Time":"2026-10-05T08:43:59.279253359Z","Action":"output","Package":"github.com/Hubujiu/WeaveOS/services/bff/internal/apprecordservice","Test":"TestRootCommandFenceReleaseRequiresPositiveExactToken","Output":"--- FAIL: TestRootCommandFenceReleaseRequiresPositiveExactToken (0.03s)\n","OutputType":"frame"}
{"Time":"2026-10-05T08:43:59.28009294Z","Action":"fail","Package":"github.com/Hubujiu/WeaveOS/services/bff/internal/apprecordservice","Test":"TestRootCommandFenceReleaseRequiresPositiveExactToken","Elapsed":0.03}
{"Time":"2026-10-05T08:43:59.280110016Z","Action":"run","Package":"github.com/Hubujiu/WeaveOS/services/bff/internal/apprecordservice","Test":"TestRootCommandFenceCounterExhaustionDoesNotWrap"}
{"Time":"2026-10-05T08:43:59.280115324Z","Action":"output","Package":"github.com/Hubujiu/WeaveOS/services/bff/internal/apprecordservice","Test":"TestRootCommandFenceCounterExhaustionDoesNotWrap","Output":"=== RUN   TestRootCommandFenceCounterExhaustionDoesNotWrap\n","OutputType":"frame"}
{"Time":"2026-10-05T08:43:59.30711227Z","Action":"output","Package":"github.com/Hubujiu/WeaveOS/services/bff/internal/apprecordservice","Test":"TestRootCommandFenceCounterExhaustionDoesNotWrap","Output":"    root_command_fence_test.go:272: ERROR: role \"auth_app\" does not exist (SQLSTATE 42704)\n","OutputType":"error"}
{"Time":"2026-10-05T08:43:59.307390904Z","Action":"output","Package":"github.com/Hubujiu/WeaveOS/services/bff/internal/apprecordservice","Test":"TestRootCommandFenceCounterExhaustionDoesNotWrap","Output":"--- FAIL: TestRootCommandFenceCounterExhaustionDoesNotWrap (0.03s)\n","OutputType":"frame"}
{"Time":"2026-10-05T08:43:59.307402301Z","Action":"fail","Package":"github.com/Hubujiu/WeaveOS/services/bff/internal/apprecordservice","Test":"TestRootCommandFenceCounterExhaustionDoesNotWrap","Elapsed":0.03}
{"Time":"2026-10-05T08:43:59.307457005Z","Action":"run","Package":"github.com/Hubujiu/WeaveOS/services/bff/internal/apprecordservice","Test":"TestRootCommandFenceDoesNotBlockViewOnlyLayout"}
{"Time":"2026-10-05T08:43:59.307482554Z","Action":"output","Package":"github.com/Hubujiu/WeaveOS/services/bff/internal/apprecordservice","Test":"TestRootCommandFenceDoesNotBlockViewOnlyLayout","Output":"=== RUN   TestRootCommandFenceDoesNotBlockViewOnlyLayout\n","OutputType":"frame"}
{"Time":"2026-10-05T08:43:59.334156052Z","Action":"output","Package":"github.com/Hubujiu/WeaveOS/services/bff/internal/apprecordservice","Test":"TestRootCommandFenceDoesNotBlockViewOnlyLayout","Output":"    root_command_fence_test.go:298: ERROR: role \"auth_app\" does not exist (SQLSTATE 42704)\n","OutputType":"error"}
{"Time":"2026-10-05T08:43:59.334663553Z","Action":"output","Package":"github.com/Hubujiu/WeaveOS/services/bff/internal/apprecordservice","Test":"TestRootCommandFenceDoesNotBlockViewOnlyLayout","Output":"--- FAIL: TestRootCommandFenceDoesNotBlockViewOnlyLayout (0.03s)\n","OutputType":"frame"}
{"Time":"2026-10-05T08:43:59.33593065Z","Action":"fail","Package":"github.com/Hubujiu/WeaveOS/services/bff/internal/apprecordservice","Test":"TestRootCommandFenceDoesNotBlockViewOnlyLayout","Elapsed":0.03}
{"Time":"2026-10-05T08:43:59.33596988Z","Action":"run","Package":"github.com/Hubujiu/WeaveOS/services/bff/internal/apprecordservice","Test":"TestRootFormalLedgerTablesExist"}
{"Time":"2026-10-05T08:43:59.335973225Z","Action":"output","Package":"github.com/Hubujiu/WeaveOS/services/bff/internal/apprecordservice","Test":"TestRootFormalLedgerTablesExist","Output":"=== RUN   TestRootFormalLedgerTablesExist\n","OutputType":"frame"}
{"Time":"2026-10-05T08:43:59.369537412Z","Action":"output","Package":"github.com/Hubujiu/WeaveOS/services/bff/internal/apprecordservice","Test":"TestRootFormalLedgerTablesExist","Output":"    root_formal_ledger_test.go:51: ERROR: role \"auth_app\" does not exist (SQLSTATE 42704)\n","OutputType":"error"}
{"Time":"2026-10-05T08:43:59.370023301Z","Action":"output","Package":"github.com/Hubujiu/WeaveOS/services/bff/internal/apprecordservice","Test":"TestRootFormalLedgerTablesExist","Output":"--- FAIL: TestRootFormalLedgerTablesExist (0.04s)\n","OutputType":"frame"}
{"Time":"2026-10-05T08:43:59.370040988Z","Action":"fail","Package":"github.com/Hubujiu/WeaveOS/services/bff/internal/apprecordservice","Test":"TestRootFormalLedgerTablesExist","Elapsed":0.04}
{"Time":"2026-10-05T08:43:59.37004889Z","Action":"run","Package":"github.com/Hubujiu/WeaveOS/services/bff/internal/apprecordservice","Test":"TestRootFormalLedgerAcceptAndFenceCommitTogether"}
{"Time":"2026-10-05T08:43:59.370051323Z","Action":"output","Package":"github.com/Hubujiu/WeaveOS/services/bff/internal/apprecordservice","Test":"TestRootFormalLedgerAcceptAndFenceCommitTogether","Output":"=== RUN   TestRootFormalLedgerAcceptAndFenceCommitTogether\n","OutputType":"frame"}
{"Time":"2026-10-05T08:43:59.398199175Z","Action":"output","Package":"github.com/Hubujiu/WeaveOS/services/bff/internal/apprecordservice","Test":"TestRootFormalLedgerAcceptAndFenceCommitTogether","Output":"    root_formal_ledger_test.go:59: ERROR: role \"auth_app\" does not exist (SQLSTATE 42704)\n","OutputType":"error"}
{"Time":"2026-10-05T08:43:59.399813439Z","Action":"output","Package":"github.com/Hubujiu/WeaveOS/services/bff/internal/apprecordservice","Test":"TestRootFormalLedgerAcceptAndFenceCommitTogether","Output":"--- FAIL: TestRootFormalLedgerAcceptAndFenceCommitTogether (0.03s)\n","OutputType":"frame"}
{"Time":"2026-10-05T08:43:59.399828402Z","Action":"fail","Package":"github.com/Hubujiu/WeaveOS/services/bff/internal/apprecordservice","Test":"TestRootFormalLedgerAcceptAndFenceCommitTogether","Elapsed":0.03}
{"Time":"2026-10-05T08:43:59.399837416Z","Action":"run","Package":"github.com/Hubujiu/WeaveOS/services/bff/internal/apprecordservice","Test":"TestRootFormalLedgerAcceptAndFenceRollbackTogether"}
{"Time":"2026-10-05T08:43:59.39983989Z","Action":"output","Package":"github.com/Hubujiu/WeaveOS/services/bff/internal/apprecordservice","Test":"TestRootFormalLedgerAcceptAndFenceRollbackTogether","Output":"=== RUN   TestRootFormalLedgerAcceptAndFenceRollbackTogether\n","OutputType":"frame"}
{"Time":"2026-10-05T08:43:59.43018994Z","Action":"output","Package":"github.com/Hubujiu/WeaveOS/services/bff/internal/apprecordservice","Test":"TestRootFormalLedgerAcceptAndFenceRollbackTogether","Output":"    root_formal_ledger_test.go:81: ERROR: role \"auth_app\" does not exist (SQLSTATE 42704)\n","OutputType":"error"}
{"Time":"2026-10-05T08:43:59.430573112Z","Action":"output","Package":"github.com/Hubujiu/WeaveOS/services/bff/internal/apprecordservice","Test":"TestRootFormalLedgerAcceptAndFenceRollbackTogether","Output":"--- FAIL: TestRootFormalLedgerAcceptAndFenceRollbackTogether (0.03s)\n","OutputType":"frame"}
{"Time":"2026-10-05T08:43:59.430593844Z","Action":"fail","Package":"github.com/Hubujiu/WeaveOS/services/bff/internal/apprecordservice","Test":"TestRootFormalLedgerAcceptAndFenceRollbackTogether","Elapsed":0.03}
{"Time":"2026-10-05T08:43:59.430674276Z","Action":"run","Package":"github.com/Hubujiu/WeaveOS/services/bff/internal/apprecordservice","Test":"TestRootFormalLedgerApplyReleaseAtomicAndReplay"}
{"Time":"2026-10-05T08:43:59.430681046Z","Action":"output","Package":"github.com/Hubujiu/WeaveOS/services/bff/internal/apprecordservice","Test":"TestRootFormalLedgerApplyReleaseAtomicAndReplay","Output":"=== RUN   TestRootFormalLedgerApplyReleaseAtomicAndReplay\n","OutputType":"frame"}
{"Time":"2026-10-05T08:43:59.45831756Z","Action":"output","Package":"github.com/Hubujiu/WeaveOS/services/bff/internal/apprecordservice","Test":"TestRootFormalLedgerApplyReleaseAtomicAndReplay","Output":"    root_formal_ledger_test.go:97: ERROR: role \"auth_app\" does not exist (SQLSTATE 42704)\n","OutputType":"error"}
{"Time":"2026-10-05T08:43:59.458360355Z","Action":"output","Package":"github.com/Hubujiu/WeaveOS/services/bff/internal/apprecordservice","Test":"TestRootFormalLedgerApplyReleaseAtomicAndReplay","Output":"--- FAIL: TestRootFormalLedgerApplyReleaseAtomicAndReplay (0.03s)\n","OutputType":"frame"}
{"Time":"2026-10-05T08:43:59.458364932Z","Action":"fail","Package":"github.com/Hubujiu/WeaveOS/services/bff/internal/apprecordservice","Test":"TestRootFormalLedgerApplyReleaseAtomicAndReplay","Elapsed":0.03}
{"Time":"2026-10-05T08:43:59.45837054Z","Action":"run","Package":"github.com/Hubujiu/WeaveOS/services/bff/internal/apprecordservice","Test":"TestRootFormalLedgerRuntimeCannotRewriteIdentityOrDeleteHistory"}
{"Time":"2026-10-05T08:43:59.458372213Z","Action":"output","Package":"github.com/Hubujiu/WeaveOS/services/bff/internal/apprecordservice","Test":"TestRootFormalLedgerRuntimeCannotRewriteIdentityOrDeleteHistory","Output":"=== RUN   TestRootFormalLedgerRuntimeCannotRewriteIdentityOrDeleteHistory\n","OutputType":"frame"}
{"Time":"2026-10-05T08:43:59.485921102Z","Action":"output","Package":"github.com/Hubujiu/WeaveOS/services/bff/internal/apprecordservice","Test":"TestRootFormalLedgerRuntimeCannotRewriteIdentityOrDeleteHistory","Output":"    root_formal_ledger_test.go:173: ERROR: role \"auth_app\" does not exist (SQLSTATE 42704)\n","OutputType":"error"}
{"Time":"2026-10-05T08:43:59.485972711Z","Action":"output","Package":"github.com/Hubujiu/WeaveOS/services/bff/internal/apprecordservice","Test":"TestRootFormalLedgerRuntimeCannotRewriteIdentityOrDeleteHistory","Output":"--- FAIL: TestRootFormalLedgerRuntimeCannotRewriteIdentityOrDeleteHistory (0.03s)\n","OutputType":"frame"}
{"Time":"2026-10-05T08:43:59.485977298Z","Action":"fail","Package":"github.com/Hubujiu/WeaveOS/services/bff/internal/apprecordservice","Test":"TestRootFormalLedgerRuntimeCannotRewriteIdentityOrDeleteHistory","Elapsed":0.03}
{"Time":"2026-10-05T08:43:59.485985751Z","Action":"run","Package":"github.com/Hubujiu/WeaveOS/services/bff/internal/apprecordservice","Test":"TestRootFormalLedgerDatabaseConstraints"}
{"Time":"2026-10-05T08:43:59.485988705Z","Action":"output","Package":"github.com/Hubujiu/WeaveOS/services/bff/internal/apprecordservice","Test":"TestRootFormalLedgerDatabaseConstraints","Output":"=== RUN   TestRootFormalLedgerDatabaseConstraints\n","OutputType":"frame"}
{"Time":"2026-10-05T08:43:59.515292944Z","Action":"output","Package":"github.com/Hubujiu/WeaveOS/services/bff/internal/apprecordservice","Test":"TestRootFormalLedgerDatabaseConstraints","Output":"    root_formal_ledger_test.go:192: ERROR: role \"auth_app\" does not exist (SQLSTATE 42704)\n","OutputType":"error"}
{"Time":"2026-10-05T08:43:59.51544154Z","Action":"output","Package":"github.com/Hubujiu/WeaveOS/services/bff/internal/apprecordservice","Test":"TestRootFormalLedgerDatabaseConstraints","Output":"--- FAIL: TestRootFormalLedgerDatabaseConstraints (0.03s)\n","OutputType":"frame"}
{"Time":"2026-10-05T08:43:59.515451215Z","Action":"fail","Package":"github.com/Hubujiu/WeaveOS/services/bff/internal/apprecordservice","Test":"TestRootFormalLedgerDatabaseConstraints","Elapsed":0.03}
{"Time":"2026-10-05T08:43:59.515538217Z","Action":"run","Package":"github.com/Hubujiu/WeaveOS/services/bff/internal/apprecordservice","Test":"TestRootFormalLedgerCurrentRolesLeastPrivilege"}
{"Time":"2026-10-05T08:43:59.515572069Z","Action":"output","Package":"github.com/Hubujiu/WeaveOS/services/bff/internal/apprecordservice","Test":"TestRootFormalLedgerCurrentRolesLeastPrivilege","Output":"=== RUN   TestRootFormalLedgerCurrentRolesLeastPrivilege\n","OutputType":"frame"}
{"Time":"2026-10-05T08:43:59.54397702Z","Action":"output","Package":"github.com/Hubujiu/WeaveOS/services/bff/internal/apprecordservice","Test":"TestRootFormalLedgerCurrentRolesLeastPrivilege","Output":"    root_formal_ledger_test.go:210: ERROR: role \"auth_app\" does not exist (SQLSTATE 42704)\n","OutputType":"error"}
{"Time":"2026-10-05T08:43:59.54423979Z","Action":"output","Package":"github.com/Hubujiu/WeaveOS/services/bff/internal/apprecordservice","Test":"TestRootFormalLedgerCurrentRolesLeastPrivilege","Output":"--- FAIL: TestRootFormalLedgerCurrentRolesLeastPrivilege (0.03s)\n","OutputType":"frame"}
{"Time":"2026-10-05T08:43:59.544252509Z","Action":"fail","Package":"github.com/Hubujiu/WeaveOS/services/bff/internal/apprecordservice","Test":"TestRootFormalLedgerCurrentRolesLeastPrivilege","Elapsed":0.03}
{"Time":"2026-10-05T08:43:59.544522249Z","Action":"output","Package":"github.com/Hubujiu/WeaveOS/services/bff/internal/apprecordservice","Output":"FAIL\n","OutputType":"frame"}
{"Time":"2026-10-05T08:43:59.54681795Z","Action":"output","Package":"github.com/Hubujiu/WeaveOS/services/bff/internal/apprecordservice","Output":"FAIL\tgithub.com/Hubujiu/WeaveOS/services/bff/internal/apprecordservice\t0.639s\n","OutputType":"frame"}
{"Time":"2026-10-05T08:43:59.54685742Z","Action":"fail","Package":"github.com/Hubujiu/WeaveOS/services/bff/internal/apprecordservice","Elapsed":0.639}
