✔ B2 CI: fixture creates a private dedicated socket database with no network/ports (4.533048ms)
✔ B2 CI: an existing state file is never overwritten (0.869292ms)
✔ B2 CI: partial startup failure is nonzero and removes only its own fixture (0.948531ms)
✔ B2 CI: successful cleanup removes its container/data/socket/state and is idempotent (0.730692ms)
✔ B2 CI: cleanup refuses wrongOwner (6.584451ms)
✔ B2 CI: cleanup refuses wrongNetwork (0.782751ms)
✔ B2 CI: cleanup refuses wrongMount (0.552724ms)
✔ B2 CI: cleanup failure is not swallowed and retains recoverable state (0.589599ms)
✔ B2 CI: cleanup refuses an outside root without any Docker action (0.651262ms)
✔ B2 CI: cleanup refuses symlink state and never touches its target (0.737954ms)
✔ B2 CI: bootstrap exports the dedicated URL and always-cleanup accepts the actual state (0.885706ms)
✔ B2 CI: bootstrap rejects unknown commands instead of silently succeeding (0.115915ms)
✔ B2 CI: Go job supplies the fixture before race tests with unconditional owned cleanup (0.238139ms)
✔ B2 CI: acceptance gives nested Go the dedicated URL and matching socket mount (2.158516ms)
✔ B2 CI: acceptance failure cleans B2 and preserves original product stop-only lifecycle (0.909272ms)
✔ B5a frozen HTTP routes, method sets and live Web Session are explicit (1.702748ms)
✔ B5a DTOs use exact closed fields and finite menu grants (0.221424ms)
✔ B5a six public error codes retain frozen HTTP status (0.263257ms)
✔ B5a new migrations have exact reviewed compatibility hashes and runtime role pin (0.831244ms)
✔ B5a.9: fixture preserves the exact approved PR21 legacy PLAN bytes (1.677902ms)
✔ B5a.9: a valid canonical task without an auxiliary document still passes (41.714222ms)
✔ B5a.9: exact registered and referenced PR21 auxiliary PLAN passes discovery (39.374293ms)
✔ B5a.9: known auxiliary path rejects replaced contents (41.458877ms)
✔ B5a.9: known auxiliary path rejects one-byte addition (39.698511ms)
✔ B5a.9: known auxiliary path rejects forged task metadata (43.868652ms)
✔ B5a.9: known auxiliary path rejects a complete second task (35.158057ms)
✔ B5a.9: auxiliary compatibility rejects missing canonical task (41.339567ms)
✔ B5a.9: auxiliary compatibility rejects missing canonical metadata (48.807081ms)
✔ B5a.9: auxiliary compatibility rejects duplicate canonical metadata (36.822263ms)
✔ B5a.9: auxiliary compatibility rejects invalid canonical JSON (48.165993ms)
✔ B5a.9: auxiliary compatibility rejects other task identity (47.151714ms)
✔ B5a.9: auxiliary compatibility rejects missing canonical owner (47.291234ms)
✔ B5a.9: auxiliary compatibility rejects wrong branch identity (38.498497ms)
✔ B5a.9: auxiliary compatibility rejects wrong worktree identity (37.696961ms)
✔ B5a.9: auxiliary compatibility rejects invalid canonical scope (38.327003ms)
✔ B5a.9: auxiliary compatibility rejects empty canonical scope (47.16866ms)
✔ B5a.9: auxiliary compatibility rejects unregistered auxiliary scope (40.686242ms)
✔ B5a.9: auxiliary compatibility rejects a scope path that merely shares the prefix (37.686016ms)
✔ B5a.9: auxiliary compatibility rejects missing canonical reference (42.617435ms)
✔ B5a.9: auxiliary compatibility rejects a reference to a different PLAN (38.767768ms)
✔ B5a.9: auxiliary compatibility rejects incomplete ready canonical task (54.56802ms)
✔ B5a.9: auxiliary compatibility rejects a prematurely accepted canonical task (39.00839ms)
✔ B5a.9: legacy exception does not admit similar or malformed name V010-021-PLAN.md (48.580044ms)
✔ B5a.9: legacy exception does not admit similar or malformed name V030-020-PLAN.md (38.815099ms)
✔ B5a.9: legacy exception does not admit similar or malformed name V020-020-PLAN.md (35.320277ms)
✔ B5a.9: legacy exception does not admit similar or malformed name V999-020-PLAN.md (35.898425ms)
✔ B5a.9: legacy exception does not admit similar or malformed name V010-20-PLAN.md (34.934921ms)
✔ B5a.9: legacy exception does not admit similar or malformed name V010-0020-PLAN.md (44.681788ms)
✔ B5a.9: legacy exception does not admit similar or malformed name v010-020-PLAN.md (40.095931ms)
✔ B5a.9: legacy exception does not admit similar or malformed name V010-020-plan.md (41.043456ms)
✔ B5a.9: legacy exception does not admit similar or malformed name V010-020-PLAN-copy.md (36.075657ms)
✔ B5a.9: legacy exception does not admit similar or malformed name V010-020-PLAN.md.md (42.168688ms)
✔ B5a.9: an approved auxiliary does not conceal an additional fake task document (40.399869ms)
✔ B5a.9: auxiliary filename and content remain unsuitable as a canonical task (1.652453ms)
✔ B5a.9: auxiliary compatibility cannot supply cleanup completion or a fake task identity (1.578482ms)
✔ FND-03: CI runs real Go validation and browser tests (1.047009ms)
✔ FND-03: product acceptance and artifacts are explicit, not fake deploys (0.309727ms)
✔ FND-04: web entry is real React with no fabricated login UI (0.312041ms)
✔ FND-05: CI retains a source bundle without bundling local credentials (1.096093ms)
✔ FND-05: RED replay metadata pins the real pre-implementation source (0.298981ms)
✔ release: all mandatory evidence present is structurally ready (1.301223ms)
✔ release: a missing or empty matrix is not a pass (0.204899ms)
✔ release: pending, skipped, failed and blocked are never passed (0.228445ms)
✔ release: missing evidence, owner or duplicate IDs are rejected (0.164328ms)
✔ remote cleanup: matching accepted remote branch can be removed (1.963832ms)
✔ remote cleanup: no remote branch remains a successful idempotent state (1.04098ms)
✔ remote cleanup: refuse unmerged (0.206942ms)
✔ remote cleanup: refuse unfinished document (0.181915ms)
✔ remote cleanup: refuse new remote commit (0.140863ms)
✔ remote cleanup: refuse unverified squash (0.130527ms)
✔ remote cleanup: refuse offline snapshot (0.132941ms)
✔ local cleanup: removed remote does not erase valid local identity (0.104257ms)
✔ local cleanup: matching refs retain identity (0.209696ms)
✔ local cleanup: divergent refs cannot hide new work (0.332321ms)
✔ Root R03: every approved migration is registered once with its actual source digest (1.984003ms)
✔ Root R03: prior reviewed migration registrations retain their exact paths and hashes (0.713175ms)
✔ Root R03: the new cold audit registration precedes all dependent hot registrations (0.146591ms)
✔ FND-02: parse a valid task and retain identity (3.929627ms)
✔ FND-02: malformed or duplicate metadata is rejected (0.395386ms)
✔ FND-02: a ready task with incomplete acceptance is invalid (0.277549ms)
✔ FND-02: no checkboxes is not proof of completion (0.191499ms)
✔ FND-02: mismatched branch, worktree and unsafe paths are rejected (0.361886ms)
✔ FND-02: accepted cannot be asserted before remote verification (0.190698ms)
✔ FND-02: complete remote main document + merged PR permits cleanup despite squash ancestry (0.429688ms)
✔ FND-02: refuse cleanup for offline snapshot (0.236887ms)
✔ FND-02: refuse cleanup for missing remote document (0.168073ms)
✔ FND-02: refuse cleanup for unfinished document (3.529765ms)
✔ FND-02: refuse cleanup for wrong task identity (0.193852ms)
✔ FND-02: refuse cleanup for unmerged PR (0.172139ms)
✔ FND-02: refuse cleanup for wrong merge base (0.144498ms)
✔ FND-02: refuse cleanup for different repository (0.161224ms)
✔ FND-02: refuse cleanup for other task branch (0.206531ms)
✔ FND-02: refuse cleanup for post-merge commit (1.176395ms)
✔ FND-02: refuse cleanup for dirty worktree (0.191478ms)
✔ FND-02: refuse cleanup for squash not in remote main (0.14591ms)
✔ FND-02: acceptance remains true after the task branch/worktree were cleaned (0.446794ms)
✔ FND-02: local completion without a merged PR is not accepted (0.16554ms)
✔ B0: V010 and V030 metadata and mixed approved dependencies remain valid (2.025335ms)
✔ B0: malformed/injected ID is rejected without throwing #0 (0.287865ms)
✔ B0: malformed/injected ID is rejected without throwing #1 (0.86188ms)
✔ B0: malformed/injected ID is rejected without throwing #2 (0.138318ms)
✔ B0: malformed/injected ID is rejected without throwing #3 (0.163787ms)
✔ B0: malformed/injected ID is rejected without throwing #4 (0.087722ms)
✔ B0: malformed/injected ID is rejected without throwing #5 (0.113672ms)
✔ B0: malformed/injected ID is rejected without throwing #6 (0.101674ms)
✔ B0: malformed/injected ID is rejected without throwing #7 (0.093471ms)
✔ B0: malformed/injected ID is rejected without throwing #8 (0.188334ms)
✔ B0: malformed/injected ID is rejected without throwing #9 (0.093892ms)
✔ B0: malformed/injected ID is rejected without throwing #10 (0.062284ms)
✔ B0: malformed/injected ID is rejected without throwing #11 (0.048954ms)
✔ B0: malformed/injected ID is rejected without throwing #12 (0.044017ms)
✔ B0: malformed/injected ID is rejected without throwing #13 (0.043696ms)
✔ B0: malformed/injected ID is rejected without throwing #14 (0.057567ms)
✔ B0: malformed/injected ID is rejected without throwing #15 (0.042885ms)
✔ B0: malformed/injected ID is rejected without throwing #16 (0.038909ms)
✔ B0: malformed/injected ID is rejected without throwing #17 (0.038588ms)
✔ B0: malformed/injected ID is rejected without throwing #18 (0.043786ms)
✔ B0: malformed/injected ID is rejected without throwing #19 (0.037126ms)
✔ B0: malformed/injected ID is rejected without throwing #20 (0.037246ms)
✔ B0: malformed/injected ID is rejected without throwing #21 (0.036024ms)
✔ B0: malformed/injected ID is rejected without throwing #22 (0.037597ms)
✔ B0: malformed/injected ID is rejected without throwing #23 (0.039319ms)
✔ B0: malformed/injected ID is rejected without throwing #24 (0.035463ms)
✔ B0: malformed/injected ID is rejected without throwing #25 (0.033541ms)
✔ B0: same task number in another version cannot satisfy branch/worktree identity (0.159751ms)
✔ B0: V030 retains unsafe-path, incomplete, no-PR and premature-acceptance guards (0.247764ms)
✔ B0: complete matching V030 permits the same acceptance/cleanup decisions as V010 (0.541777ms)
✔ B0: V030 acceptance and cleanup reject offline (0.323418ms)
✔ B0: V030 acceptance and cleanup reject unfinished (0.140642ms)
✔ B0: V030 acceptance and cleanup reject other version (0.107913ms)
✔ B0: V030 acceptance and cleanup reject unmerged (0.146451ms)
✔ B0: V030 acceptance and cleanup reject wrong base (0.118769ms)
✔ B0: V030 acceptance and cleanup reject wrong repository (0.087241ms)
✔ B0: V030 acceptance and cleanup reject wrong version PR (0.074863ms)
✔ B0: V030 cleanup still rejects dirty, changed-tip and unverified squash states (0.256086ms)
✔ B0: task discovery validates V030 documents instead of silently skipping them (37.25785ms)
✔ B0: discovered same-number metadata from another version is rejected (43.842447ms)
✔ B0: malformed and unsupported version-task filenames cannot disappear from discovery (128.504287ms)
✔ B0: real Git diff verifies a valid V030 PR and an unchanged V010 PR rule (140.325859ms)
✔ B0: V030 PR scope rejects an unrelated changed path (58.209453ms)
✔ B0: a V010 PR cannot consume a same-number V030 task document (59.365147ms)
✔ B0: V030 branch syntax remains exact and cannot contain malformed slug or injection (259.447728ms)
✔ B0: V030 CLI passes ID parsing then uses exact remote task path in start dry-run (264.46488ms)
✔ B0: V030 ready task still cannot be restarted (199.459237ms)
✔ B0: malformed/injected CLI IDs stop before any Git/gh execution (621.230479ms)
✔ B0: remote helper recognizes V030 while retaining exact-head conditional deletion (275.674875ms)
✔ B0: remote helper never deletes an unmerged or other-version task (212.201242ms)
✔ maintenance is a nondefault one-shot profile in runtime and installed config (2.200299ms)
✔ hourly cron invokes the same single-run operation as manual maintenance (0.270728ms)
✔ receiver rejects unreviewed profile/command/restart and topology mutations (0.621407ms)
✔ ordinary release cannot silently upgrade the installed resident maintenance topology (0.373073ms)
✔ one-shot orchestration records success without raw output (2.970491ms)
✔ one-shot orchestration records failure without raw output (0.600546ms)
✔ memory probe samples the four resident containers, not the exited task (38.850938ms)
✔ Q18 accepts declared compatible expansion but rejects history rewrite, missing approval and stale releases (2.680102ms)
✔ Q18 deployment only changes approved runtime config and exact images, retaining private volumes and origin (2.87689ms)
✔ approved config cannot include other host compose files, weaken service confinement or join external networks (0.96764ms)
✔ public Nginx rendering preserves API boundary and creates fixed HTTPS redirect (0.691162ms)
✔ promotion validates and backs up before migration and records only a healthy deployment (0.39798ms)
✔ backup failure never migrates; activation or health failure restores prior app/config without Down (0.674207ms)
✔ main delivery runs verification and acceptance before a serialized secret-scoped deployment (0.413785ms)
✔ compatibility registry uses explicit digest records, rejects ambiguous duplicate approvals (0.363568ms)
✔ transport rejects undeclared content, checksum tampering, secret paths, invalid image identities and oversized payloads (2.959404ms)
✔ framed receiver verifies every byte and rejects truncated, appended and corrupt images (7.279059ms)
✔ four kinds are stored by explicit natural day and only safe fields survive (19.214814ms)
✔ retention dry-run selects only approved kinds and inclusive natural-day cutoff (1.857232ms)
✔ symlinked category and destination file cannot escape the log root (0.902891ms)
✔ Q20 actual cleanup removes only days older than the approved inclusive 30-day window (3.492758ms)
✔ Q20 rejects nonapproved destructive parameters and preflights all paths before deleting (1.030775ms)
✔ Q20 installed policy accepts exactly confirmed deletion parameters and schedules bounded daily cleanup (0.760037ms)
✔ Q20 cleanup is daily and shares the collection lock (0.191839ms)
✔ FR06 common rules render local and public explicit environments (1.225137ms)
✔ FR06 explicit parameters reject config injection and invalid HSTS scope (0.360194ms)
✔ certificate task logs fixed outcomes without persisting raw command secrets (1.369866ms)
✔ collector records access stdout and application stderr, advances window, and excludes raw text (14.897251ms)
✔ approved explicit config connects operation records and collector is scheduled without deletion (0.952677ms)
✔ collector and Q20 cleanup are scheduled with the same overlap protection (0.29128ms)
✔ failed docker collection does not advance cursor or publish raw diagnostics (0.539885ms)
✔ unexpected HTTP method cannot stall collection or persist arbitrary method text (0.801138ms)
✔ Q25 cold audit migration precedes hot migration: infra/acceptance/run.mjs (0.813307ms)
✔ Q25 cold audit migration precedes hot migration: infra/runtime/run.mjs (0.144799ms)
✔ Q25 cold audit migration precedes hot migration: .github/workflows/ci.yml (0.13218ms)
✔ Q25 cold audit migration precedes hot migration: infra/server/deploy/receive.mjs (0.128574ms)
✔ acceptance component count derives from the actual Playwright report (0.304069ms)
✔ Q25 personnel API regression is included in the real HTTPS entrypoint (0.774558ms)
✔ Q25 pinned role upgrade is executed with real PostgreSQL by the product workflow (0.20589ms)
✔ Q25 compatibility manifest records each new reviewed immutable migration (0.697873ms)
✔ GOV-01..04: valid repository passes without mutation (3.829075ms)
✔ GOV-01: missing file fails with its path (1.540143ms)
✔ GOV-01: whitespace-only required file is not valid (1.622287ms)
✔ GOV-02: deleting each hard-rule marker fails (3.157308ms)
✔ GOV-03: malformed JSON is reported, not thrown (1.468225ms)
✔ GOV-03: incorrect version and project fail (2.143403ms)
✔ GOV-03: impossible calendar date fails (0.831905ms)
✔ GOV-03: empty sources and non-object registry fail (1.023223ms)
✔ GOV-03: duplicate keys and page IDs fail (1.297588ms)
✔ GOV-03: external or mismatched source URLs fail (1.082833ms)
✔ GOV-03: missing metadata and malformed page ID fail (2.087128ms)
✔ GOV-03: unknown, duplicate and empty route references fail (3.3546ms)
✔ GOV-03: mandatory routes and always/product anchors cannot disappear (1.322835ms)
✔ GOV-04: nested instruction override fails (1.574895ms)
✔ GOV-04: generated/dependency directories are ignored (0.73572ms)
✔ GOV-01: nonexistent root reports errors (0.327364ms)
✔ CLI: valid repository exits zero (37.274045ms)
✔ CLI: invalid repository exits one and explains failure (32.092188ms)
✔ public HTTPS exposes only edge ports and preserves private data, images and input (1.971494ms)
✔ public access rejects untrusted TLS while default deployment stays private (0.487235ms)
✔ HTTP redirects all paths to the fixed HTTPS origin without trusting Host (0.273493ms)
✔ public TLS preserves same-origin API, non-cacheable auth and trusted proxy boundary (0.250628ms)
✔ existing loopback health and DNS-01 renewal still work independently of public DNS (0.497139ms)
✔ API actual TAP report counts every passed case (1.283306ms)
✔ API failed, skipped, truncated and contradictory reports cannot publish success (0.383528ms)
✔ browser counts come from the successful complete JSON report (4.045642ms)
✔ browser failure, flakiness, skips and empty reports cannot publish success (0.223607ms)
✔ real API/browser reports drive the published counts: infra/acceptance/run.mjs (0.628868ms)
✔ real API/browser reports drive the published counts: infra/runtime/run.mjs (0.170047ms)
✔ ACME runner fixes operations, passes credentials only in environment and reports sanitized failure (2.192807ms)
✔ certificate activation verifies system trust before file replacement and validates Nginx before reload (43.319238ms)
✔ domain health verifies hostname with default trust while reaching only the SSH loopback endpoint (0.319321ms)
✔ domain health fixes IPv4 so Node never requests an all-address lookup result (0.194152ms)
▶ provided CSV is data only and maps exactly one credential pair without executing fields
  ✔ BOM, quoted headers and CRLF are supported (0.684362ms)
  ✔ missing, multiple and non-data values fail closed (0.378591ms)
  ✔ dotenv admits only the required names and never evaluates shell (0.344009ms)
✔ provided CSV is data only and maps exactly one credential pair without executing fields (2.010402ms)
▶ Q16 public-trust domain config keeps the SSH listener and schedules automatic renewal
  ✔ domain origin with loopback only (0.262326ms)
  ✔ renew twice daily without self-signed trust (0.343338ms)
✔ Q16 public-trust domain config keeps the SSH listener and schedules automatic renewal (1.455015ms)
▶ Q16 validates the actual certificate host, private key and remaining lifetime before replacement
  ✔ matching actual identity and key are accepted (0.78936ms)
  ✔ unrelated certificate is rejected (0.379573ms)
  ✔ mismatched private key is rejected (0.518112ms)
  ✔ expired certificate is rejected (0.273472ms)
✔ Q16 validates the actual certificate host, private key and remaining lifetime before replacement (104.671692ms)
✔ Q16 a failed Nginx validation restores both previous files and reloads the previous certificate (0.704443ms)
✔ Q16 explicitly uses Let's Encrypt DNSPod DNS-01 for the confirmed domain and no public listener (0.211929ms)
✔ Q15 server exposes only loopback HTTPS and preserves internal data network (0.23174ms)
✔ private Bootstrap credentials preserve the accepted seed JSON password field and exclude test fixtures (0.189827ms)
✔ operational schedules retain TLS verification, prevent overlap, and invoke only runtime tools (0.236687ms)
✔ server maintenance addresses only the authorized deployment and does not run test/build commands (0.392392ms)
✔ finished services restart automatically and have finite resource and log budgets (0.221054ms)
✔ deployment refuses every existing directory, including apparently empty ones (0.321365ms)
ℹ tests 240
ℹ suites 0
ℹ pass 240
ℹ fail 0
ℹ cancelled 0
ℹ skipped 0
ℹ todo 0
ℹ duration_ms 2552.350821
Repository structure checks passed (not a business/TDD/Notion verification).
Task documents and current PR scope are structurally valid.
