{"Time":"2026-10-05T08:44:42.496821071Z","Action":"start","Package":"github.com/Hubujiu/WeaveOS/services/bff/internal/flowcommands"}
{"Time":"2026-10-05T08:44:42.50552042Z","Action":"run","Package":"github.com/Hubujiu/WeaveOS/services/bff/internal/flowcommands","Test":"TestRootExecutionPayloadMatchesIndependentGoldenBytes"}
{"Time":"2026-10-05T08:44:42.505590376Z","Action":"output","Package":"github.com/Hubujiu/WeaveOS/services/bff/internal/flowcommands","Test":"TestRootExecutionPayloadMatchesIndependentGoldenBytes","Output":"=== RUN   TestRootExecutionPayloadMatchesIndependentGoldenBytes\n","OutputType":"frame"}
{"Time":"2026-10-05T08:44:42.505609415Z","Action":"run","Package":"github.com/Hubujiu/WeaveOS/services/bff/internal/flowcommands","Test":"TestRootExecutionPayloadMatchesIndependentGoldenBytes/payload_start"}
{"Time":"2026-10-05T08:44:42.505614143Z","Action":"output","Package":"github.com/Hubujiu/WeaveOS/services/bff/internal/flowcommands","Test":"TestRootExecutionPayloadMatchesIndependentGoldenBytes/payload_start","Output":"=== RUN   TestRootExecutionPayloadMatchesIndependentGoldenBytes/payload_start\n","OutputType":"frame"}
{"Time":"2026-10-05T08:44:42.505622515Z","Action":"output","Package":"github.com/Hubujiu/WeaveOS/services/bff/internal/flowcommands","Test":"TestRootExecutionPayloadMatchesIndependentGoldenBytes/payload_start","Output":"--- PASS: TestRootExecutionPayloadMatchesIndependentGoldenBytes/payload_start (0.00s)\n","OutputType":"frame"}
{"Time":"2026-10-05T08:44:42.505624658Z","Action":"pass","Package":"github.com/Hubujiu/WeaveOS/services/bff/internal/flowcommands","Test":"TestRootExecutionPayloadMatchesIndependentGoldenBytes/payload_start","Elapsed":0}
{"Time":"2026-10-05T08:44:42.505634664Z","Action":"run","Package":"github.com/Hubujiu/WeaveOS/services/bff/internal/flowcommands","Test":"TestRootExecutionPayloadMatchesIndependentGoldenBytes/payload_agree"}
{"Time":"2026-10-05T08:44:42.505636286Z","Action":"output","Package":"github.com/Hubujiu/WeaveOS/services/bff/internal/flowcommands","Test":"TestRootExecutionPayloadMatchesIndependentGoldenBytes/payload_agree","Output":"=== RUN   TestRootExecutionPayloadMatchesIndependentGoldenBytes/payload_agree\n","OutputType":"frame"}
{"Time":"2026-10-05T08:44:42.50563875Z","Action":"output","Package":"github.com/Hubujiu/WeaveOS/services/bff/internal/flowcommands","Test":"TestRootExecutionPayloadMatchesIndependentGoldenBytes/payload_agree","Output":"--- PASS: TestRootExecutionPayloadMatchesIndependentGoldenBytes/payload_agree (0.00s)\n","OutputType":"frame"}
{"Time":"2026-10-05T08:44:42.505659271Z","Action":"pass","Package":"github.com/Hubujiu/WeaveOS/services/bff/internal/flowcommands","Test":"TestRootExecutionPayloadMatchesIndependentGoldenBytes/payload_agree","Elapsed":0}
{"Time":"2026-10-05T08:44:42.505689347Z","Action":"run","Package":"github.com/Hubujiu/WeaveOS/services/bff/internal/flowcommands","Test":"TestRootExecutionPayloadMatchesIndependentGoldenBytes/payload_withdraw"}
{"Time":"2026-10-05T08:44:42.505697799Z","Action":"output","Package":"github.com/Hubujiu/WeaveOS/services/bff/internal/flowcommands","Test":"TestRootExecutionPayloadMatchesIndependentGoldenBytes/payload_withdraw","Output":"=== RUN   TestRootExecutionPayloadMatchesIndependentGoldenBytes/payload_withdraw\n","OutputType":"frame"}
{"Time":"2026-10-05T08:44:42.505772793Z","Action":"output","Package":"github.com/Hubujiu/WeaveOS/services/bff/internal/flowcommands","Test":"TestRootExecutionPayloadMatchesIndependentGoldenBytes/payload_withdraw","Output":"--- PASS: TestRootExecutionPayloadMatchesIndependentGoldenBytes/payload_withdraw (0.00s)\n","OutputType":"frame"}
{"Time":"2026-10-05T08:44:42.505808628Z","Action":"pass","Package":"github.com/Hubujiu/WeaveOS/services/bff/internal/flowcommands","Test":"TestRootExecutionPayloadMatchesIndependentGoldenBytes/payload_withdraw","Elapsed":0}
{"Time":"2026-10-05T08:44:42.50583663Z","Action":"output","Package":"github.com/Hubujiu/WeaveOS/services/bff/internal/flowcommands","Test":"TestRootExecutionPayloadMatchesIndependentGoldenBytes","Output":"--- PASS: TestRootExecutionPayloadMatchesIndependentGoldenBytes (0.00s)\n","OutputType":"frame"}
{"Time":"2026-10-05T08:44:42.505858824Z","Action":"pass","Package":"github.com/Hubujiu/WeaveOS/services/bff/internal/flowcommands","Test":"TestRootExecutionPayloadMatchesIndependentGoldenBytes","Elapsed":0}
{"Time":"2026-10-05T08:44:42.505887377Z","Action":"run","Package":"github.com/Hubujiu/WeaveOS/services/bff/internal/flowcommands","Test":"TestRootExecutionPayloadCanonicalizesWithoutMutatingCaller"}
{"Time":"2026-10-05T08:44:42.505894117Z","Action":"output","Package":"github.com/Hubujiu/WeaveOS/services/bff/internal/flowcommands","Test":"TestRootExecutionPayloadCanonicalizesWithoutMutatingCaller","Output":"=== RUN   TestRootExecutionPayloadCanonicalizesWithoutMutatingCaller\n","OutputType":"frame"}
{"Time":"2026-10-05T08:44:42.506321295Z","Action":"output","Package":"github.com/Hubujiu/WeaveOS/services/bff/internal/flowcommands","Test":"TestRootExecutionPayloadCanonicalizesWithoutMutatingCaller","Output":"--- PASS: TestRootExecutionPayloadCanonicalizesWithoutMutatingCaller (0.00s)\n","OutputType":"frame"}
{"Time":"2026-10-05T08:44:42.506369408Z","Action":"pass","Package":"github.com/Hubujiu/WeaveOS/services/bff/internal/flowcommands","Test":"TestRootExecutionPayloadCanonicalizesWithoutMutatingCaller","Elapsed":0}
{"Time":"2026-10-05T08:44:42.506398573Z","Action":"run","Package":"github.com/Hubujiu/WeaveOS/services/bff/internal/flowcommands","Test":"TestRootExecutionPayloadRejectsInvalidActionConfigurationAndIdentities"}
{"Time":"2026-10-05T08:44:42.506406254Z","Action":"output","Package":"github.com/Hubujiu/WeaveOS/services/bff/internal/flowcommands","Test":"TestRootExecutionPayloadRejectsInvalidActionConfigurationAndIdentities","Output":"=== RUN   TestRootExecutionPayloadRejectsInvalidActionConfigurationAndIdentities\n","OutputType":"frame"}
{"Time":"2026-10-05T08:44:42.507691354Z","Action":"output","Package":"github.com/Hubujiu/WeaveOS/services/bff/internal/flowcommands","Test":"TestRootExecutionPayloadRejectsInvalidActionConfigurationAndIdentities","Output":"--- PASS: TestRootExecutionPayloadRejectsInvalidActionConfigurationAndIdentities (0.00s)\n","OutputType":"frame"}
{"Time":"2026-10-05T08:44:42.507734269Z","Action":"pass","Package":"github.com/Hubujiu/WeaveOS/services/bff/internal/flowcommands","Test":"TestRootExecutionPayloadRejectsInvalidActionConfigurationAndIdentities","Elapsed":0}
{"Time":"2026-10-05T08:44:42.507762682Z","Action":"run","Package":"github.com/Hubujiu/WeaveOS/services/bff/internal/flowcommands","Test":"TestRootExecutionPayloadAllowsAllKnownNonstartActionsAndEmptyGraph"}
{"Time":"2026-10-05T08:44:42.507769933Z","Action":"output","Package":"github.com/Hubujiu/WeaveOS/services/bff/internal/flowcommands","Test":"TestRootExecutionPayloadAllowsAllKnownNonstartActionsAndEmptyGraph","Output":"=== RUN   TestRootExecutionPayloadAllowsAllKnownNonstartActionsAndEmptyGraph\n","OutputType":"frame"}
{"Time":"2026-10-05T08:44:42.508235189Z","Action":"output","Package":"github.com/Hubujiu/WeaveOS/services/bff/internal/flowcommands","Test":"TestRootExecutionPayloadAllowsAllKnownNonstartActionsAndEmptyGraph","Output":"--- PASS: TestRootExecutionPayloadAllowsAllKnownNonstartActionsAndEmptyGraph (0.00s)\n","OutputType":"frame"}
{"Time":"2026-10-05T08:44:42.508278215Z","Action":"pass","Package":"github.com/Hubujiu/WeaveOS/services/bff/internal/flowcommands","Test":"TestRootExecutionPayloadAllowsAllKnownNonstartActionsAndEmptyGraph","Elapsed":0}
{"Time":"2026-10-05T08:44:42.508304855Z","Action":"run","Package":"github.com/Hubujiu/WeaveOS/services/bff/internal/flowcommands","Test":"TestRootExecutionPayloadUpperBoundsRemainWithinProtocolLimit"}
{"Time":"2026-10-05T08:44:42.508311065Z","Action":"output","Package":"github.com/Hubujiu/WeaveOS/services/bff/internal/flowcommands","Test":"TestRootExecutionPayloadUpperBoundsRemainWithinProtocolLimit","Output":"=== RUN   TestRootExecutionPayloadUpperBoundsRemainWithinProtocolLimit\n","OutputType":"frame"}
{"Time":"2026-10-05T08:44:42.519876342Z","Action":"output","Package":"github.com/Hubujiu/WeaveOS/services/bff/internal/flowcommands","Test":"TestRootExecutionPayloadUpperBoundsRemainWithinProtocolLimit","Output":"--- PASS: TestRootExecutionPayloadUpperBoundsRemainWithinProtocolLimit (0.01s)\n","OutputType":"frame"}
{"Time":"2026-10-05T08:44:42.51993393Z","Action":"pass","Package":"github.com/Hubujiu/WeaveOS/services/bff/internal/flowcommands","Test":"TestRootExecutionPayloadUpperBoundsRemainWithinProtocolLimit","Elapsed":0.01}
{"Time":"2026-10-05T08:44:42.519976214Z","Action":"run","Package":"github.com/Hubujiu/WeaveOS/services/bff/internal/flowcommands","Test":"TestRootExecutionResultDecodesEveryFixedGoldenState"}
{"Time":"2026-10-05T08:44:42.519988142Z","Action":"output","Package":"github.com/Hubujiu/WeaveOS/services/bff/internal/flowcommands","Test":"TestRootExecutionResultDecodesEveryFixedGoldenState","Output":"=== RUN   TestRootExecutionResultDecodesEveryFixedGoldenState\n","OutputType":"frame"}
{"Time":"2026-10-05T08:44:42.520401279Z","Action":"run","Package":"github.com/Hubujiu/WeaveOS/services/bff/internal/flowcommands","Test":"TestRootExecutionResultDecodesEveryFixedGoldenState/active"}
{"Time":"2026-10-05T08:44:42.520413708Z","Action":"output","Package":"github.com/Hubujiu/WeaveOS/services/bff/internal/flowcommands","Test":"TestRootExecutionResultDecodesEveryFixedGoldenState/active","Output":"=== RUN   TestRootExecutionResultDecodesEveryFixedGoldenState/active\n","OutputType":"frame"}
{"Time":"2026-10-05T08:44:42.520590466Z","Action":"output","Package":"github.com/Hubujiu/WeaveOS/services/bff/internal/flowcommands","Test":"TestRootExecutionResultDecodesEveryFixedGoldenState/active","Output":"--- PASS: TestRootExecutionResultDecodesEveryFixedGoldenState/active (0.00s)\n","OutputType":"frame"}
{"Time":"2026-10-05T08:44:42.520626841Z","Action":"pass","Package":"github.com/Hubujiu/WeaveOS/services/bff/internal/flowcommands","Test":"TestRootExecutionResultDecodesEveryFixedGoldenState/active","Elapsed":0}
{"Time":"2026-10-05T08:44:42.520657287Z","Action":"run","Package":"github.com/Hubujiu/WeaveOS/services/bff/internal/flowcommands","Test":"TestRootExecutionResultDecodesEveryFixedGoldenState/completed"}
{"Time":"2026-10-05T08:44:42.520665059Z","Action":"output","Package":"github.com/Hubujiu/WeaveOS/services/bff/internal/flowcommands","Test":"TestRootExecutionResultDecodesEveryFixedGoldenState/completed","Output":"=== RUN   TestRootExecutionResultDecodesEveryFixedGoldenState/completed\n","OutputType":"frame"}
{"Time":"2026-10-05T08:44:42.520773293Z","Action":"output","Package":"github.com/Hubujiu/WeaveOS/services/bff/internal/flowcommands","Test":"TestRootExecutionResultDecodesEveryFixedGoldenState/completed","Output":"--- PASS: TestRootExecutionResultDecodesEveryFixedGoldenState/completed (0.00s)\n","OutputType":"frame"}
{"Time":"2026-10-05T08:44:42.520806584Z","Action":"pass","Package":"github.com/Hubujiu/WeaveOS/services/bff/internal/flowcommands","Test":"TestRootExecutionResultDecodesEveryFixedGoldenState/completed","Elapsed":0}
{"Time":"2026-10-05T08:44:42.520831652Z","Action":"run","Package":"github.com/Hubujiu/WeaveOS/services/bff/internal/flowcommands","Test":"TestRootExecutionResultDecodesEveryFixedGoldenState/rejected"}
{"Time":"2026-10-05T08:44:42.520837911Z","Action":"output","Package":"github.com/Hubujiu/WeaveOS/services/bff/internal/flowcommands","Test":"TestRootExecutionResultDecodesEveryFixedGoldenState/rejected","Output":"=== RUN   TestRootExecutionResultDecodesEveryFixedGoldenState/rejected\n","OutputType":"frame"}
{"Time":"2026-10-05T08:44:42.520940647Z","Action":"output","Package":"github.com/Hubujiu/WeaveOS/services/bff/internal/flowcommands","Test":"TestRootExecutionResultDecodesEveryFixedGoldenState/rejected","Output":"--- PASS: TestRootExecutionResultDecodesEveryFixedGoldenState/rejected (0.00s)\n","OutputType":"frame"}
{"Time":"2026-10-05T08:44:42.520973908Z","Action":"pass","Package":"github.com/Hubujiu/WeaveOS/services/bff/internal/flowcommands","Test":"TestRootExecutionResultDecodesEveryFixedGoldenState/rejected","Elapsed":0}
{"Time":"2026-10-05T08:44:42.520996392Z","Action":"run","Package":"github.com/Hubujiu/WeaveOS/services/bff/internal/flowcommands","Test":"TestRootExecutionResultDecodesEveryFixedGoldenState/withdrawn"}
{"Time":"2026-10-05T08:44:42.521003152Z","Action":"output","Package":"github.com/Hubujiu/WeaveOS/services/bff/internal/flowcommands","Test":"TestRootExecutionResultDecodesEveryFixedGoldenState/withdrawn","Output":"=== RUN   TestRootExecutionResultDecodesEveryFixedGoldenState/withdrawn\n","OutputType":"frame"}
{"Time":"2026-10-05T08:44:42.52119931Z","Action":"output","Package":"github.com/Hubujiu/WeaveOS/services/bff/internal/flowcommands","Test":"TestRootExecutionResultDecodesEveryFixedGoldenState/withdrawn","Output":"--- PASS: TestRootExecutionResultDecodesEveryFixedGoldenState/withdrawn (0.00s)\n","OutputType":"frame"}
{"Time":"2026-10-05T08:44:42.52123923Z","Action":"pass","Package":"github.com/Hubujiu/WeaveOS/services/bff/internal/flowcommands","Test":"TestRootExecutionResultDecodesEveryFixedGoldenState/withdrawn","Elapsed":0}
{"Time":"2026-10-05T08:44:42.521267593Z","Action":"run","Package":"github.com/Hubujiu/WeaveOS/services/bff/internal/flowcommands","Test":"TestRootExecutionResultDecodesEveryFixedGoldenState/no_effect"}
{"Time":"2026-10-05T08:44:42.521274604Z","Action":"output","Package":"github.com/Hubujiu/WeaveOS/services/bff/internal/flowcommands","Test":"TestRootExecutionResultDecodesEveryFixedGoldenState/no_effect","Output":"=== RUN   TestRootExecutionResultDecodesEveryFixedGoldenState/no_effect\n","OutputType":"frame"}
{"Time":"2026-10-05T08:44:42.521373424Z","Action":"output","Package":"github.com/Hubujiu/WeaveOS/services/bff/internal/flowcommands","Test":"TestRootExecutionResultDecodesEveryFixedGoldenState/no_effect","Output":"--- PASS: TestRootExecutionResultDecodesEveryFixedGoldenState/no_effect (0.00s)\n","OutputType":"frame"}
{"Time":"2026-10-05T08:44:42.521404631Z","Action":"pass","Package":"github.com/Hubujiu/WeaveOS/services/bff/internal/flowcommands","Test":"TestRootExecutionResultDecodesEveryFixedGoldenState/no_effect","Elapsed":0}
{"Time":"2026-10-05T08:44:42.521428497Z","Action":"output","Package":"github.com/Hubujiu/WeaveOS/services/bff/internal/flowcommands","Test":"TestRootExecutionResultDecodesEveryFixedGoldenState","Output":"--- PASS: TestRootExecutionResultDecodesEveryFixedGoldenState (0.00s)\n","OutputType":"frame"}
{"Time":"2026-10-05T08:44:42.521450511Z","Action":"pass","Package":"github.com/Hubujiu/WeaveOS/services/bff/internal/flowcommands","Test":"TestRootExecutionResultDecodesEveryFixedGoldenState","Elapsed":0}
{"Time":"2026-10-05T08:44:42.521526076Z","Action":"run","Package":"github.com/Hubujiu/WeaveOS/services/bff/internal/flowcommands","Test":"TestRootExecutionResultValidatesExistingReceiptBindingsAndSequence"}
{"Time":"2026-10-05T08:44:42.521536371Z","Action":"output","Package":"github.com/Hubujiu/WeaveOS/services/bff/internal/flowcommands","Test":"TestRootExecutionResultValidatesExistingReceiptBindingsAndSequence","Output":"=== RUN   TestRootExecutionResultValidatesExistingReceiptBindingsAndSequence\n","OutputType":"frame"}
{"Time":"2026-10-05T08:44:42.522170383Z","Action":"output","Package":"github.com/Hubujiu/WeaveOS/services/bff/internal/flowcommands","Test":"TestRootExecutionResultValidatesExistingReceiptBindingsAndSequence","Output":"--- PASS: TestRootExecutionResultValidatesExistingReceiptBindingsAndSequence (0.00s)\n","OutputType":"frame"}
{"Time":"2026-10-05T08:44:42.52550317Z","Action":"pass","Package":"github.com/Hubujiu/WeaveOS/services/bff/internal/flowcommands","Test":"TestRootExecutionResultValidatesExistingReceiptBindingsAndSequence","Elapsed":0}
{"Time":"2026-10-05T08:44:42.525517992Z","Action":"run","Package":"github.com/Hubujiu/WeaveOS/services/bff/internal/flowcommands","Test":"TestRootExecutionResultRejectsEvenAValidLegacyV1Command"}
{"Time":"2026-10-05T08:44:42.525520817Z","Action":"output","Package":"github.com/Hubujiu/WeaveOS/services/bff/internal/flowcommands","Test":"TestRootExecutionResultRejectsEvenAValidLegacyV1Command","Output":"=== RUN   TestRootExecutionResultRejectsEvenAValidLegacyV1Command\n","OutputType":"frame"}
{"Time":"2026-10-05T08:44:42.525525273Z","Action":"output","Package":"github.com/Hubujiu/WeaveOS/services/bff/internal/flowcommands","Test":"TestRootExecutionResultRejectsEvenAValidLegacyV1Command","Output":"--- PASS: TestRootExecutionResultRejectsEvenAValidLegacyV1Command (0.00s)\n","OutputType":"frame"}
{"Time":"2026-10-05T08:44:42.525527437Z","Action":"pass","Package":"github.com/Hubujiu/WeaveOS/services/bff/internal/flowcommands","Test":"TestRootExecutionResultRejectsEvenAValidLegacyV1Command","Elapsed":0}
{"Time":"2026-10-05T08:44:42.525530972Z","Action":"run","Package":"github.com/Hubujiu/WeaveOS/services/bff/internal/flowcommands","Test":"TestRootExecutionResultRejectsEveryTruncationTailPrefixAndOversize"}
{"Time":"2026-10-05T08:44:42.525532665Z","Action":"output","Package":"github.com/Hubujiu/WeaveOS/services/bff/internal/flowcommands","Test":"TestRootExecutionResultRejectsEveryTruncationTailPrefixAndOversize","Output":"=== RUN   TestRootExecutionResultRejectsEveryTruncationTailPrefixAndOversize\n","OutputType":"frame"}
{"Time":"2026-10-05T08:44:42.529512433Z","Action":"output","Package":"github.com/Hubujiu/WeaveOS/services/bff/internal/flowcommands","Test":"TestRootExecutionResultRejectsEveryTruncationTailPrefixAndOversize","Output":"--- PASS: TestRootExecutionResultRejectsEveryTruncationTailPrefixAndOversize (0.01s)\n","OutputType":"frame"}
{"Time":"2026-10-05T08:44:42.529529589Z","Action":"pass","Package":"github.com/Hubujiu/WeaveOS/services/bff/internal/flowcommands","Test":"TestRootExecutionResultRejectsEveryTruncationTailPrefixAndOversize","Elapsed":0.01}
{"Time":"2026-10-05T08:44:42.529549099Z","Action":"run","Package":"github.com/Hubujiu/WeaveOS/services/bff/internal/flowcommands","Test":"TestRootExecutionResultRejectsInvalidTaskSetsAndStateShape"}
{"Time":"2026-10-05T08:44:42.529550962Z","Action":"output","Package":"github.com/Hubujiu/WeaveOS/services/bff/internal/flowcommands","Test":"TestRootExecutionResultRejectsInvalidTaskSetsAndStateShape","Output":"=== RUN   TestRootExecutionResultRejectsInvalidTaskSetsAndStateShape\n","OutputType":"frame"}
{"Time":"2026-10-05T08:44:42.530678082Z","Action":"output","Package":"github.com/Hubujiu/WeaveOS/services/bff/internal/flowcommands","Test":"TestRootExecutionResultRejectsInvalidTaskSetsAndStateShape","Output":"--- PASS: TestRootExecutionResultRejectsInvalidTaskSetsAndStateShape (0.00s)\n","OutputType":"frame"}
{"Time":"2026-10-05T08:44:42.53069006Z","Action":"pass","Package":"github.com/Hubujiu/WeaveOS/services/bff/internal/flowcommands","Test":"TestRootExecutionResultRejectsInvalidTaskSetsAndStateShape","Elapsed":0}
{"Time":"2026-10-05T08:44:42.530695288Z","Action":"run","Package":"github.com/Hubujiu/WeaveOS/services/bff/internal/flowcommands","Test":"TestRootExecutionResultRejectsLengthBombsBeforeAllocation"}
{"Time":"2026-10-05T08:44:42.530697341Z","Action":"output","Package":"github.com/Hubujiu/WeaveOS/services/bff/internal/flowcommands","Test":"TestRootExecutionResultRejectsLengthBombsBeforeAllocation","Output":"=== RUN   TestRootExecutionResultRejectsLengthBombsBeforeAllocation\n","OutputType":"frame"}
{"Time":"2026-10-05T08:44:42.531447569Z","Action":"output","Package":"github.com/Hubujiu/WeaveOS/services/bff/internal/flowcommands","Test":"TestRootExecutionResultRejectsLengthBombsBeforeAllocation","Output":"--- PASS: TestRootExecutionResultRejectsLengthBombsBeforeAllocation (0.00s)\n","OutputType":"frame"}
{"Time":"2026-10-05T08:44:42.531459037Z","Action":"pass","Package":"github.com/Hubujiu/WeaveOS/services/bff/internal/flowcommands","Test":"TestRootExecutionResultRejectsLengthBombsBeforeAllocation","Elapsed":0}
{"Time":"2026-10-05T08:44:42.53149427Z","Action":"run","Package":"github.com/Hubujiu/WeaveOS/services/bff/internal/flowcommands","Test":"TestRootExecutionResultRequiresOutcomeAndStateAgreement"}
{"Time":"2026-10-05T08:44:42.531502403Z","Action":"output","Package":"github.com/Hubujiu/WeaveOS/services/bff/internal/flowcommands","Test":"TestRootExecutionResultRequiresOutcomeAndStateAgreement","Output":"=== RUN   TestRootExecutionResultRequiresOutcomeAndStateAgreement\n","OutputType":"frame"}
{"Time":"2026-10-05T08:44:42.531986888Z","Action":"output","Package":"github.com/Hubujiu/WeaveOS/services/bff/internal/flowcommands","Test":"TestRootExecutionResultRequiresOutcomeAndStateAgreement","Output":"--- PASS: TestRootExecutionResultRequiresOutcomeAndStateAgreement (0.00s)\n","OutputType":"frame"}
{"Time":"2026-10-05T08:44:42.531996843Z","Action":"pass","Package":"github.com/Hubujiu/WeaveOS/services/bff/internal/flowcommands","Test":"TestRootExecutionResultRequiresOutcomeAndStateAgreement","Elapsed":0}
{"Time":"2026-10-05T08:44:42.532048191Z","Action":"run","Package":"github.com/Hubujiu/WeaveOS/services/bff/internal/flowcommands","Test":"TestRootExecutionResultAllowsOnlyFrozenNoEffectReasons"}
{"Time":"2026-10-05T08:44:42.532055882Z","Action":"output","Package":"github.com/Hubujiu/WeaveOS/services/bff/internal/flowcommands","Test":"TestRootExecutionResultAllowsOnlyFrozenNoEffectReasons","Output":"=== RUN   TestRootExecutionResultAllowsOnlyFrozenNoEffectReasons\n","OutputType":"frame"}
{"Time":"2026-10-05T08:44:42.532569281Z","Action":"output","Package":"github.com/Hubujiu/WeaveOS/services/bff/internal/flowcommands","Test":"TestRootExecutionResultAllowsOnlyFrozenNoEffectReasons","Output":"--- PASS: TestRootExecutionResultAllowsOnlyFrozenNoEffectReasons (0.00s)\n","OutputType":"frame"}
{"Time":"2026-10-05T08:44:42.532579136Z","Action":"pass","Package":"github.com/Hubujiu/WeaveOS/services/bff/internal/flowcommands","Test":"TestRootExecutionResultAllowsOnlyFrozenNoEffectReasons","Elapsed":0}
{"Time":"2026-10-05T08:44:42.53261444Z","Action":"run","Package":"github.com/Hubujiu/WeaveOS/services/bff/internal/flowcommands","Test":"TestRootExecutionResultDoesNotAliasInputOrOtherDecodeResults"}
{"Time":"2026-10-05T08:44:42.532624405Z","Action":"output","Package":"github.com/Hubujiu/WeaveOS/services/bff/internal/flowcommands","Test":"TestRootExecutionResultDoesNotAliasInputOrOtherDecodeResults","Output":"=== RUN   TestRootExecutionResultDoesNotAliasInputOrOtherDecodeResults\n","OutputType":"frame"}
{"Time":"2026-10-05T08:44:42.533177094Z","Action":"output","Package":"github.com/Hubujiu/WeaveOS/services/bff/internal/flowcommands","Test":"TestRootExecutionResultDoesNotAliasInputOrOtherDecodeResults","Output":"--- PASS: TestRootExecutionResultDoesNotAliasInputOrOtherDecodeResults (0.00s)\n","OutputType":"frame"}
{"Time":"2026-10-05T08:44:42.53318779Z","Action":"pass","Package":"github.com/Hubujiu/WeaveOS/services/bff/internal/flowcommands","Test":"TestRootExecutionResultDoesNotAliasInputOrOtherDecodeResults","Elapsed":0}
{"Time":"2026-10-05T08:44:42.533217956Z","Action":"run","Package":"github.com/Hubujiu/WeaveOS/services/bff/internal/flowcommands","Test":"TestRootExecutionResultBoundsTaskCount"}
{"Time":"2026-10-05T08:44:42.533226288Z","Action":"output","Package":"github.com/Hubujiu/WeaveOS/services/bff/internal/flowcommands","Test":"TestRootExecutionResultBoundsTaskCount","Output":"=== RUN   TestRootExecutionResultBoundsTaskCount\n","OutputType":"frame"}
{"Time":"2026-10-05T08:44:42.534829991Z","Action":"output","Package":"github.com/Hubujiu/WeaveOS/services/bff/internal/flowcommands","Test":"TestRootExecutionResultBoundsTaskCount","Output":"--- PASS: TestRootExecutionResultBoundsTaskCount (0.00s)\n","OutputType":"frame"}
{"Time":"2026-10-05T08:44:42.534838885Z","Action":"pass","Package":"github.com/Hubujiu/WeaveOS/services/bff/internal/flowcommands","Test":"TestRootExecutionResultBoundsTaskCount","Elapsed":0}
{"Time":"2026-10-05T08:44:42.53491443Z","Action":"output","Package":"github.com/Hubujiu/WeaveOS/services/bff/internal/flowcommands","Output":"PASS\n","OutputType":"frame"}
{"Time":"2026-10-05T08:44:43.536258424Z","Action":"output","Package":"github.com/Hubujiu/WeaveOS/services/bff/internal/flowcommands","Output":"ok  \tgithub.com/Hubujiu/WeaveOS/services/bff/internal/flowcommands\t1.039s\n"}
{"Time":"2026-10-05T08:44:43.536301279Z","Action":"pass","Package":"github.com/Hubujiu/WeaveOS/services/bff/internal/flowcommands","Elapsed":1.039}
