✔ ADR14 reference candidates bind field action record and live authority (1.879478ms)
✔ ADR14 draft write minimum and history safe displays are explicit (0.229565ms)
✔ frozen record draft runtime and history methods are exact and actor guarded (0.336967ms)
✔ frozen record payloads and confirmations contain precise allowed values (0.349666ms)
✔ runtime and history expose only frozen safe DTO and record errors (0.330988ms)
✔ frozen application definition methods expose actual complete DTOs (2.11342ms)
✔ application candidate registers exact frozen incremental migration hashes (1.747809ms)
✔ frozen structure errors have stable status and recoverability (0.168854ms)
✔ appendix A exposes minimal owner-only member candidates and actual group labels (0.262985ms)
✔ appendix B marks optional negative actor constraint on every application method (0.468585ms)
✔ all shared OpenAPI references resolve (6.719861ms)
✔ appendix A.5 exposes minimal real department candidates (0.221884ms)
✔ API-CI-01: validator version is pinned in the frozen workspace lock (1.410201ms)
✔ API-CI-02: PR CI executes contract tests and 3.2.1 lint (0.142905ms)
✔ API-01: contract is OpenAPI 3.2.1 with the five authentication routes (1.227537ms)
✔ API-02: public writes and protected Cookie security match ADR-001/002 (0.782548ms)
✔ API-10: login delivers separate host cookies and protected writes require CSRF header (0.745111ms)
✔ API-03: creation, current session, logout and reset have precise statuses (0.156796ms)
✔ API-04: JSON envelope has exact required keys and no arbitrary top-level data (0.167401ms)
✔ API-05: registration and login require account/password; registration requires invitation (0.154943ms)
✔ API-06: published error table preserves accepted ADR mapping (0.330127ms)
✔ API-07: account rule preserves case and rejects internal ordinary spaces after trimming (0.103035ms)
✔ API-08: every declared response carries a server-issued request ID (4.741334ms)
✔ API-09: Alice and alice are distinct registrations and login lookups (3.651043ms)
✔ Q13: registration schema accepts only printable ASCII with four classes (1.225133ms)
✔ approved account length applies after ordinary-space trimming, not to raw input (0.299351ms)
✔ Q25 definition response accepts optional explicit empty templateIds and integer version (42.847794ms)
✔ Q25 response validator resolves pagination query without ignoring declared constraints (1.097471ms)
✔ Q25 invalid definition response integer, UUID and length fail independently (3.816923ms)
✔ Q25 template DTO optional relation array is registered in the executable contract (4.347911ms)
✔ Q25 all personnel operations are typed, Cookie protected and fail closed (1.699076ms)
✔ Q25 page pagination exception is explicit, bounded, and filtered server-side (0.255194ms)
✔ Q25 versions and explicit sets cannot mutate Root or directory ownership (0.970851ms)
✔ Q25 stable conflict/missing errors and invitation qualification are registered (0.348144ms)
✔ Q36 response oracle enforces draft capacity and payload bounds instead of ignoring extensions (43.767834ms)
✔ Q36 query responses retain paging and publish a session-owned opaque baseline (2.722556ms)
✔ Q36 both query views declare grouped AND/OR, field types and global bounds (0.405791ms)
✔ Q36 query changes, expiry and busy are distinguishable without repurposing old errors (0.165549ms)
✔ Q36 object checks remain and an exact draft version can be acknowledged on submission (0.135694ms)
✔ Q36 persistent personal drafts have explicit limits, conflict protection and no expiry (0.176626ms)
✔ Q36 approved POST searches carry object filters with route-local raw-body bounds and CSRF (5.594889ms)
✔ Q36 literal POST search response is not mistaken for a memberId route (35.541977ms)
✔ Q36 legacy GET has no complex filter/sort; draft raw wrapper budget exceeds canonical payload (0.63169ms)
✔ ADR008 personal table preset routes and three independent conflict codes (1.030771ms)
✔ ADR008 preset DTOs isolate ownership and freeze independent capacities (0.885242ms)
✔ Root V037: exact preview/action/status routes use existing Session and CSRF (1.886438ms)
✔ Root V037: exact closed action body and separate pending/final result shapes (0.334734ms)
✔ Root V037: stale task/basis and oversized real evidence have public safe conflicts (0.281734ms)
✔ V045 lifecycle endpoints retain Session and POST CSRF with private cache policy (1.369691ms)
✔ V045 withdrawal and return bodies are disjoint closed shapes with server task authority (0.264728ms)
✔ V045 lifecycle preview exposes masked record and bounded server targets (0.13276ms)
✔ Root publication HTTP separates durable acceptance from confirmed state (1.438254ms)
✔ Root publication request is closed and never accepts engine XML or receipt (0.35867ms)
✔ Root publication result exposes explicit pending unknown and terminal meanings (0.291749ms)
ℹ tests 54
ℹ suites 0
ℹ pass 54
ℹ fail 0
ℹ cancelled 0
ℹ skipped 0
ℹ todo 0
ℹ duration_ms 424.644041
