--- FAIL: TestRootFingerprintGoldenAndDeterministic (0.00s)
    protocol_test.go:32: golden binding got 0000000000000000000000000000000000000000000000000000000000000000 want 3ca1c7c41e606f5a099fe9c4fc35c882663b7838d6f4b469b0bb780c438c4414 err root RED-only declaration: not implemented
--- FAIL: TestRootEverySemanticCommandFieldIsBound (0.00s)
    protocol_test.go:44: root RED-only declaration: not implemented
--- FAIL: TestRootInvalidCommandsFailClosed (0.00s)
    --- FAIL: TestRootInvalidCommandsFailClosed/0 (0.00s)
        protocol_test.go:64: must reject invalid envelope: hash 0000000000000000000000000000000000000000000000000000000000000000 err root RED-only declaration: not implemented
    --- FAIL: TestRootInvalidCommandsFailClosed/1 (0.00s)
        protocol_test.go:64: must reject invalid envelope: hash 0000000000000000000000000000000000000000000000000000000000000000 err root RED-only declaration: not implemented
    --- FAIL: TestRootInvalidCommandsFailClosed/2 (0.00s)
        protocol_test.go:64: must reject invalid envelope: hash 0000000000000000000000000000000000000000000000000000000000000000 err root RED-only declaration: not implemented
    --- FAIL: TestRootInvalidCommandsFailClosed/3 (0.00s)
        protocol_test.go:64: must reject invalid envelope: hash 0000000000000000000000000000000000000000000000000000000000000000 err root RED-only declaration: not implemented
    --- FAIL: TestRootInvalidCommandsFailClosed/4 (0.00s)
        protocol_test.go:64: must reject invalid envelope: hash 0000000000000000000000000000000000000000000000000000000000000000 err root RED-only declaration: not implemented
    --- FAIL: TestRootInvalidCommandsFailClosed/5 (0.00s)
        protocol_test.go:64: must reject invalid envelope: hash 0000000000000000000000000000000000000000000000000000000000000000 err root RED-only declaration: not implemented
    --- FAIL: TestRootInvalidCommandsFailClosed/6 (0.00s)
        protocol_test.go:64: must reject invalid envelope: hash 0000000000000000000000000000000000000000000000000000000000000000 err root RED-only declaration: not implemented
    --- FAIL: TestRootInvalidCommandsFailClosed/7 (0.00s)
        protocol_test.go:64: must reject invalid envelope: hash 0000000000000000000000000000000000000000000000000000000000000000 err root RED-only declaration: not implemented
    --- FAIL: TestRootInvalidCommandsFailClosed/8 (0.00s)
        protocol_test.go:64: must reject invalid envelope: hash 0000000000000000000000000000000000000000000000000000000000000000 err root RED-only declaration: not implemented
    --- FAIL: TestRootInvalidCommandsFailClosed/9 (0.00s)
        protocol_test.go:64: must reject invalid envelope: hash 0000000000000000000000000000000000000000000000000000000000000000 err root RED-only declaration: not implemented
    --- FAIL: TestRootInvalidCommandsFailClosed/10 (0.00s)
        protocol_test.go:64: must reject invalid envelope: hash 0000000000000000000000000000000000000000000000000000000000000000 err root RED-only declaration: not implemented
    --- FAIL: TestRootInvalidCommandsFailClosed/11 (0.00s)
        protocol_test.go:64: must reject invalid envelope: hash 0000000000000000000000000000000000000000000000000000000000000000 err root RED-only declaration: not implemented
    --- FAIL: TestRootInvalidCommandsFailClosed/12 (0.00s)
        protocol_test.go:64: must reject invalid envelope: hash 0000000000000000000000000000000000000000000000000000000000000000 err root RED-only declaration: not implemented
    --- FAIL: TestRootInvalidCommandsFailClosed/13 (0.00s)
        protocol_test.go:64: must reject invalid envelope: hash 0000000000000000000000000000000000000000000000000000000000000000 err root RED-only declaration: not implemented
    --- FAIL: TestRootInvalidCommandsFailClosed/14 (0.00s)
        protocol_test.go:64: must reject invalid envelope: hash 0000000000000000000000000000000000000000000000000000000000000000 err root RED-only declaration: not implemented
    --- FAIL: TestRootInvalidCommandsFailClosed/15 (0.00s)
        protocol_test.go:64: must reject invalid envelope: hash 0000000000000000000000000000000000000000000000000000000000000000 err root RED-only declaration: not implemented
    --- FAIL: TestRootInvalidCommandsFailClosed/16 (0.00s)
        protocol_test.go:64: must reject invalid envelope: hash 0000000000000000000000000000000000000000000000000000000000000000 err root RED-only declaration: not implemented
    --- FAIL: TestRootInvalidCommandsFailClosed/17 (0.00s)
        protocol_test.go:64: must reject invalid envelope: hash 0000000000000000000000000000000000000000000000000000000000000000 err root RED-only declaration: not implemented
    --- FAIL: TestRootInvalidCommandsFailClosed/18 (0.00s)
        protocol_test.go:64: must reject invalid envelope: hash 0000000000000000000000000000000000000000000000000000000000000000 err root RED-only declaration: not implemented
    --- FAIL: TestRootInvalidCommandsFailClosed/19 (0.00s)
        protocol_test.go:64: must reject invalid envelope: hash 0000000000000000000000000000000000000000000000000000000000000000 err root RED-only declaration: not implemented
--- FAIL: TestRootSupportedActionsAndStartIdentity (0.00s)
    --- FAIL: TestRootSupportedActionsAndStartIdentity/start (0.00s)
        protocol_test.go:69: root RED-only declaration: not implemented
    --- FAIL: TestRootSupportedActionsAndStartIdentity/agree (0.00s)
        protocol_test.go:69: root RED-only declaration: not implemented
    --- FAIL: TestRootSupportedActionsAndStartIdentity/reject (0.00s)
        protocol_test.go:69: root RED-only declaration: not implemented
    --- FAIL: TestRootSupportedActionsAndStartIdentity/withdraw (0.00s)
        protocol_test.go:69: root RED-only declaration: not implemented
--- FAIL: TestRootSuccessAndNoEffectPlans (0.00s)
    protocol_test.go:73: root RED-only declaration: not implemented
--- FAIL: TestRootResultIdentityAndPayloadMustMatch (0.00s)
    protocol_test.go:81: root RED-only declaration: not implemented
--- FAIL: TestRootUnknownIsNeverAResult (0.00s)
    protocol_test.go:88: root RED-only declaration: not implemented
--- FAIL: TestRootProofAndResultHashRequired (0.00s)
    protocol_test.go:95: root RED-only declaration: not implemented
--- FAIL: TestRootSequenceCannotSkipOrRewind (0.00s)
    protocol_test.go:100: root RED-only declaration: not implemented
--- FAIL: TestRootExactAppliedReplaySurvivesLaterInstanceProgress (0.00s)
    protocol_test.go:107: root RED-only declaration: not implemented
--- FAIL: TestRootAppliedResultCannotBeRewritten (0.00s)
    protocol_test.go:113: root RED-only declaration: not implemented
--- FAIL: TestRootSequenceUpperBound (0.00s)
    protocol_test.go:118: root RED-only declaration: not implemented
--- FAIL: TestRootInvalidCommandCannotBeRescuedByReceipt (0.00s)
    protocol_test.go:124: root RED-only declaration: not implemented
FAIL
FAIL	github.com/Hubujiu/WeaveOS/services/bff/internal/flowcommands	0.009s
FAIL
