=== RUN   TestRootSchemaZeroUsesLiveAuthorizationBeforeNotReady
=== RUN   TestRootSchemaZeroUsesLiveAuthorizationBeforeNotReady/create/authorized
=== RUN   TestRootSchemaZeroUsesLiveAuthorizationBeforeNotReady/create/menu-only
=== RUN   TestRootSchemaZeroUsesLiveAuthorizationBeforeNotReady/edit/authorized
=== RUN   TestRootSchemaZeroUsesLiveAuthorizationBeforeNotReady/edit/menu-only
--- PASS: TestRootSchemaZeroUsesLiveAuthorizationBeforeNotReady (0.48s)
    --- PASS: TestRootSchemaZeroUsesLiveAuthorizationBeforeNotReady/create/authorized (0.14s)
    --- PASS: TestRootSchemaZeroUsesLiveAuthorizationBeforeNotReady/create/menu-only (0.10s)
    --- PASS: TestRootSchemaZeroUsesLiveAuthorizationBeforeNotReady/edit/authorized (0.14s)
    --- PASS: TestRootSchemaZeroUsesLiveAuthorizationBeforeNotReady/edit/menu-only (0.10s)
=== RUN   TestRootSchemaConflictIsDistinctFromRecordConflict
=== RUN   TestRootSchemaConflictIsDistinctFromRecordConflict/create
=== RUN   TestRootSchemaConflictIsDistinctFromRecordConflict/edit
=== RUN   TestRootSchemaConflictIsDistinctFromRecordConflict/stale-record-with-current-schema
--- PASS: TestRootSchemaConflictIsDistinctFromRecordConflict (0.34s)
    --- PASS: TestRootSchemaConflictIsDistinctFromRecordConflict/create (0.10s)
    --- PASS: TestRootSchemaConflictIsDistinctFromRecordConflict/edit (0.13s)
    --- PASS: TestRootSchemaConflictIsDistinctFromRecordConflict/stale-record-with-current-schema (0.11s)
PASS
ok  	github.com/Hubujiu/WeaveOS/services/bff/internal/apprecordservice	1.840s
