✔ ADR14 reference candidates bind field action record and live authority (1.287046ms)
✔ ADR14 draft write minimum and history safe displays are explicit (0.168355ms)
✔ frozen record draft runtime and history methods are exact and actor guarded (0.222917ms)
✔ frozen record payloads and confirmations contain precise allowed values (0.232652ms)
✔ runtime and history expose only frozen safe DTO and record errors (0.193112ms)
✔ frozen application definition methods expose actual complete DTOs (1.546038ms)
✔ application candidate registers exact frozen incremental migration hashes (0.763584ms)
✔ frozen structure errors have stable status and recoverability (0.130087ms)
✔ appendix A exposes minimal owner-only member candidates and actual group labels (0.173753ms)
✔ appendix B marks optional negative actor constraint on every application method (0.305442ms)
✔ all shared OpenAPI references resolve (4.431161ms)
✔ appendix A.5 exposes minimal real department candidates (0.244009ms)
✔ API-CI-01: validator version is pinned in the frozen workspace lock (0.950216ms)
✔ API-CI-02: PR CI executes contract tests and 3.2.1 lint (0.130728ms)
✔ API-01: contract is OpenAPI 3.2.1 with the five authentication routes (1.546859ms)
✔ API-02: public writes and protected Cookie security match ADR-001/002 (0.896927ms)
✔ API-10: login delivers separate host cookies and protected writes require CSRF header (0.414237ms)
✔ API-03: creation, current session, logout and reset have precise statuses (0.152009ms)
✔ API-04: JSON envelope has exact required keys and no arbitrary top-level data (0.187734ms)
✔ API-05: registration and login require account/password; registration requires invitation (0.302858ms)
✔ API-06: published error table preserves accepted ADR mapping (0.305161ms)
✔ API-07: account rule preserves case and rejects internal ordinary spaces after trimming (0.426535ms)
✔ API-08: every declared response carries a server-issued request ID (3.789129ms)
✔ API-09: Alice and alice are distinct registrations and login lookups (0.253453ms)
✔ Q13: registration schema accepts only printable ASCII with four classes (1.182869ms)
✔ approved account length applies after ordinary-space trimming, not to raw input (0.279402ms)
✔ Q25 definition response accepts optional explicit empty templateIds and integer version (5.480087ms)
✔ Q25 response validator resolves pagination query without ignoring declared constraints (1.367668ms)
✔ Q25 invalid definition response integer, UUID and length fail independently (3.685352ms)
✔ Q25 template DTO optional relation array is registered in the executable contract (4.947782ms)
✔ Q25 all personnel operations are typed, Cookie protected and fail closed (1.386216ms)
✔ Q25 page pagination exception is explicit, bounded, and filtered server-side (0.243378ms)
✔ Q25 versions and explicit sets cannot mutate Root or directory ownership (0.97893ms)
✔ Q25 stable conflict/missing errors and invitation qualification are registered (0.344712ms)
✔ Q36 response oracle enforces draft capacity and payload bounds instead of ignoring extensions (11.61913ms)
✔ Q36 query responses retain paging and publish a session-owned opaque baseline (1.893404ms)
✔ Q36 both query views declare grouped AND/OR, field types and global bounds (0.781842ms)
✔ Q36 query changes, expiry and busy are distinguishable without repurposing old errors (0.21849ms)
✔ Q36 object checks remain and an exact draft version can be acknowledged on submission (0.245321ms)
✔ Q36 persistent personal drafts have explicit limits, conflict protection and no expiry (0.292392ms)
✔ Q36 approved POST searches carry object filters with route-local raw-body bounds and CSRF (3.315944ms)
✔ Q36 literal POST search response is not mistaken for a memberId route (3.282023ms)
✔ Q36 legacy GET has no complex filter/sort; draft raw wrapper budget exceeds canonical payload (0.305912ms)
✔ ADR008 personal table preset routes and three independent conflict codes (0.756273ms)
✔ ADR008 preset DTOs isolate ownership and freeze independent capacities (0.6947ms)
✔ Root V037: exact preview/action/status routes use existing Session and CSRF (1.646069ms)
✔ Root V037: exact closed action body and separate pending/final result shapes (0.647509ms)
✔ Root V037: stale task/basis and oversized real evidence have public safe conflicts (0.214855ms)
✔ Root publication HTTP separates durable acceptance from confirmed state (1.568001ms)
✔ Root publication request is closed and never accepts engine XML or receipt (0.266964ms)
✔ Root publication result exposes explicit pending unknown and terminal meanings (0.290599ms)
✔ V046 summary search preserves session CSRF and no-store closed endpoint (1.175608ms)
✔ V046 search body only exposes bounded pagination and opaque context (0.163206ms)
✔ V046 summary projection contains no engine or private record payload (0.166742ms)
ℹ tests 54
ℹ suites 0
ℹ pass 54
ℹ fail 0
ℹ cancelled 0
ℹ skipped 0
ℹ todo 0
ℹ duration_ms 234.525439
