✖ V046 summary search preserves session CSRF and no-store closed endpoint (4.994151ms)
✖ V046 search body only exposes bounded pagination and opaque context (0.438092ms)
✖ V046 summary projection contains no engine or private record payload (0.276358ms)
ℹ tests 3
ℹ suites 0
ℹ pass 0
ℹ fail 3
ℹ cancelled 0
ℹ skipped 0
ℹ todo 0
ℹ duration_ms 108.471881

✖ failing tests:

test at WeaveOS-worktrees/V030-046/contracts/workflow-read.contract.test.mjs:3:1
✖ V046 summary search preserves session CSRF and no-store closed endpoint (4.994151ms)
  AssertionError [ERR_ASSERTION]: The expression evaluated to a falsy value:
  
    assert.ok(op)
  
      at TestContext.<anonymous> (file:///workspace/scratch/75c2273f6a80/WeaveOS-worktrees/V030-046/contracts/workflow-read.contract.test.mjs:3:123)
      at Test.runInAsyncScope (node:async_hooks:227:14)
      at Test.run (node:internal/test_runner/test:1382:25)
      at Test.start (node:internal/test_runner/test:1242:17)
      at startSubtestAfterBootstrap (node:internal/test_runner/harness:387:17) {
    generatedMessage: true,
    code: 'ERR_ASSERTION',
    actual: undefined,
    expected: true,
    operator: '==',
    diff: 'simple'
  }

test at WeaveOS-worktrees/V030-046/contracts/workflow-read.contract.test.mjs:4:1
✖ V046 search body only exposes bounded pagination and opaque context (0.438092ms)
  AssertionError [ERR_ASSERTION]: The expression evaluated to a falsy value:
  
    assert.ok(s)
  
      at TestContext.<anonymous> (file:///workspace/scratch/75c2273f6a80/WeaveOS-worktrees/V030-046/contracts/workflow-read.contract.test.mjs:4:142)
      at Test.runInAsyncScope (node:async_hooks:227:14)
      at Test.run (node:internal/test_runner/test:1382:25)
      at Test.processPendingSubtests (node:internal/test_runner/test:960:18)
      at Test.postRun (node:internal/test_runner/test:1522:19)
      at Test.run (node:internal/test_runner/test:1447:12)
      at async startSubtestAfterBootstrap (node:internal/test_runner/harness:387:3) {
    generatedMessage: true,
    code: 'ERR_ASSERTION',
    actual: undefined,
    expected: true,
    operator: '==',
    diff: 'simple'
  }

test at WeaveOS-worktrees/V030-046/contracts/workflow-read.contract.test.mjs:5:1
✖ V046 summary projection contains no engine or private record payload (0.276358ms)
  AssertionError [ERR_ASSERTION]: The expression evaluated to a falsy value:
  
    assert.ok(s)
  
      at TestContext.<anonymous> (file:///workspace/scratch/75c2273f6a80/WeaveOS-worktrees/V030-046/contracts/workflow-read.contract.test.mjs:5:144)
      at Test.runInAsyncScope (node:async_hooks:227:14)
      at Test.run (node:internal/test_runner/test:1382:25)
      at Test.processPendingSubtests (node:internal/test_runner/test:960:18)
      at Test.postRun (node:internal/test_runner/test:1522:19)
      at Test.run (node:internal/test_runner/test:1447:12)
      at async Test.processPendingSubtests (node:internal/test_runner/test:960:7) {
    generatedMessage: true,
    code: 'ERR_ASSERTION',
    actual: undefined,
    expected: true,
    operator: '==',
    diff: 'simple'
  }
