=== RUN   TestRootWorkersRejectInvalidInputsBeforeStarting
    root_workflow_workers_test.go:53: invalid lifecycle accepted
    root_workflow_workers_test.go:53: invalid lifecycle accepted
    root_workflow_workers_test.go:53: invalid lifecycle accepted
    root_workflow_workers_test.go:53: invalid lifecycle accepted
--- FAIL: TestRootWorkersRejectInvalidInputsBeforeStarting (0.00s)
=== RUN   TestRootWorkersStartExactlyOneOfEachUntilStopped
    root_workflow_workers_test.go:63: worker group unavailable: <nil>
--- FAIL: TestRootWorkersStartExactlyOneOfEachUntilStopped (0.00s)
=== RUN   TestRootWorkersFollowProcessCancellation
    root_workflow_workers_test.go:86: worker group unavailable: <nil>
--- FAIL: TestRootWorkersFollowProcessCancellation (0.00s)
=== RUN   TestRootWorkersDoneWaitsForBothBoundedCleanupPaths
    root_workflow_workers_test.go:100: worker group unavailable: <nil>
--- FAIL: TestRootWorkersDoneWaitsForBothBoundedCleanupPaths (0.00s)
=== RUN   TestRootWorkersUnexpectedFailureCancelsSiblingAndRedactsCause
    root_workflow_workers_test.go:129: worker group unavailable: <nil>
--- FAIL: TestRootWorkersUnexpectedFailureCancelsSiblingAndRedactsCause (0.00s)
=== RUN   TestRootWorkersUnexpectedNilReturnIsNotSuccess
    root_workflow_workers_test.go:148: worker group unavailable: <nil>
--- FAIL: TestRootWorkersUnexpectedNilReturnIsNotSuccess (0.00s)
=== RUN   TestRootWorkersConcurrentStopAndWaitAreIdempotent
    root_workflow_workers_test.go:157: worker group unavailable: <nil>
--- FAIL: TestRootWorkersConcurrentStopAndWaitAreIdempotent (0.00s)
=== RUN   TestRootWorkersInvalidWaitDoesNotStopRunningWorkers
    root_workflow_workers_test.go:177: worker group unavailable: <nil>
--- FAIL: TestRootWorkersInvalidWaitDoesNotStopRunningWorkers (0.00s)
FAIL
FAIL	github.com/Hubujiu/WeaveOS/services/bff/cmd/bff	0.017s
FAIL
