=== RUN   TestReadAuthenticationConfiguration
--- PASS: TestReadAuthenticationConfiguration (0.00s)
=== RUN   TestCompositionRejectsIncompleteAuthenticationConfig
--- PASS: TestCompositionRejectsIncompleteAuthenticationConfig (0.00s)
=== RUN   TestRootServeStopsWorkersBeforeDrainingAndKeepsStorageUntilRequestsFinish
--- PASS: TestRootServeStopsWorkersBeforeDrainingAndKeepsStorageUntilRequestsFinish (0.00s)
=== RUN   TestRootServeForcesTimedOutHttpDrainAndReportsFailure
--- PASS: TestRootServeForcesTimedOutHttpDrainAndReportsFailure (0.04s)
=== RUN   TestRootServeUnexpectedWorkerFailureStopsHttpWithoutExposingCause
--- PASS: TestRootServeUnexpectedWorkerFailureStopsHttpWithoutExposingCause (0.00s)
=== RUN   TestRootServeListenerFailureStillStopsWorkersAndClosesResources
--- PASS: TestRootServeListenerFailureStillStopsWorkersAndClosesResources (0.00s)
=== RUN   TestRootServeCanceledBeforeStartNeverAcceptsButCleansHost
--- PASS: TestRootServeCanceledBeforeStartNeverAcceptsButCleansHost (0.00s)
=== RUN   TestRootServeRejectsMissingInputsAndUnboundedGrace
--- PASS: TestRootServeRejectsMissingInputsAndUnboundedGrace (0.00s)
=== RUN   TestRootWorkflowIdentityRequiredWhenEnabled
--- PASS: TestRootWorkflowIdentityRequiredWhenEnabled (0.00s)
=== RUN   TestRootWorkflowIdentityRejectedWhenDisabled
--- PASS: TestRootWorkflowIdentityRejectedWhenDisabled (0.00s)
=== RUN   TestRootWorkflowIdentityValidatesWithoutEchoingInvalidValues
--- PASS: TestRootWorkflowIdentityValidatesWithoutEchoingInvalidValues (0.00s)
=== RUN   TestRootWorkflowIdentityActuallyFeedsExistingRpcInterceptor
--- PASS: TestRootWorkflowIdentityActuallyFeedsExistingRpcInterceptor (0.00s)
=== RUN   TestRootWorkflowIdentityConfigurationRemainsRedacted
--- PASS: TestRootWorkflowIdentityConfigurationRemainsRedacted (0.00s)
=== RUN   TestRootRPCConnectAuthenticatedBothServices
--- PASS: TestRootRPCConnectAuthenticatedBothServices (0.01s)
=== RUN   TestRootRPCRejectWrongIdentityAndRelease
--- PASS: TestRootRPCRejectWrongIdentityAndRelease (0.00s)
=== RUN   TestRootRPCRejectOneUnhealthyService
--- PASS: TestRootRPCRejectOneUnhealthyService (0.00s)
=== RUN   TestRootRPCReadyTracksRecoveryAndStartupContext
--- PASS: TestRootRPCReadyTracksRecoveryAndStartupContext (0.00s)
=== RUN   TestRootRPCStartupHealthHasDeadline
--- PASS: TestRootRPCStartupHealthHasDeadline (0.08s)
=== RUN   TestRootRPCInvalidConfigurationNeverDials
=== RUN   TestRootRPCInvalidConfigurationNeverDials/disabled
=== RUN   TestRootRPCInvalidConfigurationNeverDials/nil-context
=== RUN   TestRootRPCInvalidConfigurationNeverDials/canceled
=== RUN   TestRootRPCInvalidConfigurationNeverDials/target
=== RUN   TestRootRPCInvalidConfigurationNeverDials/identity
=== RUN   TestRootRPCInvalidConfigurationNeverDials/timeout-zero
=== RUN   TestRootRPCInvalidConfigurationNeverDials/timeout-high
--- PASS: TestRootRPCInvalidConfigurationNeverDials (0.00s)
    --- PASS: TestRootRPCInvalidConfigurationNeverDials/disabled (0.00s)
    --- PASS: TestRootRPCInvalidConfigurationNeverDials/nil-context (0.00s)
    --- PASS: TestRootRPCInvalidConfigurationNeverDials/canceled (0.00s)
    --- PASS: TestRootRPCInvalidConfigurationNeverDials/target (0.00s)
    --- PASS: TestRootRPCInvalidConfigurationNeverDials/identity (0.00s)
    --- PASS: TestRootRPCInvalidConfigurationNeverDials/timeout-zero (0.00s)
    --- PASS: TestRootRPCInvalidConfigurationNeverDials/timeout-high (0.00s)
=== RUN   TestRootRPCDialFailureIsSanitized
--- PASS: TestRootRPCDialFailureIsSanitized (0.00s)
=== RUN   TestRootRPCCloseIsConcurrentAndIdempotent
--- PASS: TestRootRPCCloseIsConcurrentAndIdempotent (0.00s)
=== RUN   TestRootRPCBothBusinessClientsUseSameAuthenticatedConnection
--- PASS: TestRootRPCBothBusinessClientsUseSameAuthenticatedConnection (0.00s)
=== RUN   TestRootWorkflowConfigDisabledByDefault
--- PASS: TestRootWorkflowConfigDisabledByDefault (0.00s)
=== RUN   TestRootWorkflowConfigRequiresExplicitCompleteEnable
--- PASS: TestRootWorkflowConfigRequiresExplicitCompleteEnable (0.00s)
=== RUN   TestRootWorkflowConfigParsesPlaintextInternalTargets
--- PASS: TestRootWorkflowConfigParsesPlaintextInternalTargets (0.00s)
=== RUN   TestRootWorkflowConfigRejectsUnsafeTargetSyntax
--- PASS: TestRootWorkflowConfigRejectsUnsafeTargetSyntax (0.00s)
=== RUN   TestRootWorkflowConfigBoundsDeadline
--- PASS: TestRootWorkflowConfigBoundsDeadline (0.00s)
=== RUN   TestRootReadConfigWiresWorkflowValidation
--- PASS: TestRootReadConfigWiresWorkflowValidation (0.00s)
=== RUN   TestRootWorkflowEnabledCannotSilentlyUseUnconfiguredHandler
--- PASS: TestRootWorkflowEnabledCannotSilentlyUseUnconfiguredHandler (0.00s)
=== RUN   TestRootWorkersRejectInvalidInputsBeforeStarting
--- PASS: TestRootWorkersRejectInvalidInputsBeforeStarting (0.00s)
=== RUN   TestRootWorkersStartExactlyOneOfEachUntilStopped
--- PASS: TestRootWorkersStartExactlyOneOfEachUntilStopped (0.00s)
=== RUN   TestRootWorkersFollowProcessCancellation
--- PASS: TestRootWorkersFollowProcessCancellation (0.00s)
=== RUN   TestRootWorkersDoneWaitsForBothBoundedCleanupPaths
--- PASS: TestRootWorkersDoneWaitsForBothBoundedCleanupPaths (0.03s)
=== RUN   TestRootWorkersUnexpectedFailureCancelsSiblingAndRedactsCause
--- PASS: TestRootWorkersUnexpectedFailureCancelsSiblingAndRedactsCause (0.00s)
=== RUN   TestRootWorkersUnexpectedNilReturnIsNotSuccess
--- PASS: TestRootWorkersUnexpectedNilReturnIsNotSuccess (0.00s)
=== RUN   TestRootWorkersConcurrentStopAndWaitAreIdempotent
--- PASS: TestRootWorkersConcurrentStopAndWaitAreIdempotent (0.00s)
=== RUN   TestRootWorkersInvalidWaitDoesNotStopRunningWorkers
--- PASS: TestRootWorkersInvalidWaitDoesNotStopRunningWorkers (0.00s)
PASS
ok  	github.com/Hubujiu/WeaveOS/services/bff/cmd/bff	1.192s
