=== RUN   TestRootRPCConnectAuthenticatedBothServices
    root_workflow_rpc_test.go:126: real RPC composition unavailable: <nil>
--- FAIL: TestRootRPCConnectAuthenticatedBothServices (0.00s)
=== RUN   TestRootRPCRejectWrongIdentityAndRelease
    root_workflow_rpc_test.go:147: wrong identity accepted
--- FAIL: TestRootRPCRejectWrongIdentityAndRelease (0.00s)
=== RUN   TestRootRPCRejectOneUnhealthyService
    root_workflow_rpc_test.go:159: half-ready runtime accepted
--- FAIL: TestRootRPCRejectOneUnhealthyService (0.00s)
=== RUN   TestRootRPCReadyTracksRecoveryAndStartupContext
    root_workflow_rpc_test.go:166: real RPC composition unavailable: <nil>
--- FAIL: TestRootRPCReadyTracksRecoveryAndStartupContext (0.00s)
=== RUN   TestRootRPCStartupHealthHasDeadline
    root_workflow_rpc_test.go:190: blocked health accepted
--- FAIL: TestRootRPCStartupHealthHasDeadline (0.00s)
=== RUN   TestRootRPCInvalidConfigurationNeverDials
=== RUN   TestRootRPCInvalidConfigurationNeverDials/disabled
    root_workflow_rpc_test.go:232: invalid input did not fail before dialing: calls=0 err=<nil>
=== RUN   TestRootRPCInvalidConfigurationNeverDials/nil-context
    root_workflow_rpc_test.go:232: invalid input did not fail before dialing: calls=0 err=<nil>
=== RUN   TestRootRPCInvalidConfigurationNeverDials/canceled
    root_workflow_rpc_test.go:232: invalid input did not fail before dialing: calls=0 err=<nil>
=== RUN   TestRootRPCInvalidConfigurationNeverDials/target
    root_workflow_rpc_test.go:232: invalid input did not fail before dialing: calls=0 err=<nil>
=== RUN   TestRootRPCInvalidConfigurationNeverDials/identity
    root_workflow_rpc_test.go:232: invalid input did not fail before dialing: calls=0 err=<nil>
=== RUN   TestRootRPCInvalidConfigurationNeverDials/timeout-zero
    root_workflow_rpc_test.go:232: invalid input did not fail before dialing: calls=0 err=<nil>
=== RUN   TestRootRPCInvalidConfigurationNeverDials/timeout-high
    root_workflow_rpc_test.go:232: invalid input did not fail before dialing: calls=0 err=<nil>
=== NAME  TestRootRPCInvalidConfigurationNeverDials
    root_workflow_rpc_test.go:237: nil constructor accepted
--- FAIL: TestRootRPCInvalidConfigurationNeverDials (0.00s)
    --- FAIL: TestRootRPCInvalidConfigurationNeverDials/disabled (0.00s)
    --- FAIL: TestRootRPCInvalidConfigurationNeverDials/nil-context (0.00s)
    --- FAIL: TestRootRPCInvalidConfigurationNeverDials/canceled (0.00s)
    --- FAIL: TestRootRPCInvalidConfigurationNeverDials/target (0.00s)
    --- FAIL: TestRootRPCInvalidConfigurationNeverDials/identity (0.00s)
    --- FAIL: TestRootRPCInvalidConfigurationNeverDials/timeout-zero (0.00s)
    --- FAIL: TestRootRPCInvalidConfigurationNeverDials/timeout-high (0.00s)
=== RUN   TestRootRPCDialFailureIsSanitized
    root_workflow_rpc_test.go:244: dial failure accepted
--- FAIL: TestRootRPCDialFailureIsSanitized (0.00s)
=== RUN   TestRootRPCCloseIsConcurrentAndIdempotent
    root_workflow_rpc_test.go:252: real RPC composition unavailable: <nil>
--- FAIL: TestRootRPCCloseIsConcurrentAndIdempotent (0.00s)
=== RUN   TestRootRPCBothBusinessClientsUseSameAuthenticatedConnection
    root_workflow_rpc_test.go:269: real RPC composition unavailable: <nil>
--- FAIL: TestRootRPCBothBusinessClientsUseSameAuthenticatedConnection (0.00s)
FAIL
FAIL	github.com/Hubujiu/WeaveOS/services/bff/cmd/bff	0.017s
FAIL
