=== RUN   TestRootRPCConnectAuthenticatedBothServices
--- PASS: TestRootRPCConnectAuthenticatedBothServices (0.01s)
=== RUN   TestRootRPCRejectWrongIdentityAndRelease
--- PASS: TestRootRPCRejectWrongIdentityAndRelease (0.00s)
=== RUN   TestRootRPCRejectOneUnhealthyService
--- PASS: TestRootRPCRejectOneUnhealthyService (0.00s)
=== RUN   TestRootRPCReadyTracksRecoveryAndStartupContext
--- PASS: TestRootRPCReadyTracksRecoveryAndStartupContext (0.01s)
=== RUN   TestRootRPCStartupHealthHasDeadline
--- PASS: TestRootRPCStartupHealthHasDeadline (0.08s)
=== RUN   TestRootRPCInvalidConfigurationNeverDials
=== RUN   TestRootRPCInvalidConfigurationNeverDials/disabled
=== RUN   TestRootRPCInvalidConfigurationNeverDials/nil-context
=== RUN   TestRootRPCInvalidConfigurationNeverDials/canceled
=== RUN   TestRootRPCInvalidConfigurationNeverDials/target
=== RUN   TestRootRPCInvalidConfigurationNeverDials/identity
=== RUN   TestRootRPCInvalidConfigurationNeverDials/timeout-zero
=== RUN   TestRootRPCInvalidConfigurationNeverDials/timeout-high
--- PASS: TestRootRPCInvalidConfigurationNeverDials (0.00s)
    --- PASS: TestRootRPCInvalidConfigurationNeverDials/disabled (0.00s)
    --- PASS: TestRootRPCInvalidConfigurationNeverDials/nil-context (0.00s)
    --- PASS: TestRootRPCInvalidConfigurationNeverDials/canceled (0.00s)
    --- PASS: TestRootRPCInvalidConfigurationNeverDials/target (0.00s)
    --- PASS: TestRootRPCInvalidConfigurationNeverDials/identity (0.00s)
    --- PASS: TestRootRPCInvalidConfigurationNeverDials/timeout-zero (0.00s)
    --- PASS: TestRootRPCInvalidConfigurationNeverDials/timeout-high (0.00s)
=== RUN   TestRootRPCDialFailureIsSanitized
--- PASS: TestRootRPCDialFailureIsSanitized (0.00s)
=== RUN   TestRootRPCCloseIsConcurrentAndIdempotent
--- PASS: TestRootRPCCloseIsConcurrentAndIdempotent (0.00s)
=== RUN   TestRootRPCBothBusinessClientsUseSameAuthenticatedConnection
--- PASS: TestRootRPCBothBusinessClientsUseSameAuthenticatedConnection (0.01s)
PASS
ok  	github.com/Hubujiu/WeaveOS/services/bff/cmd/bff	1.124s
