2026-10-06T11:51:26.2265700Z Current runner version: '2.337.0'
2026-10-06T11:51:26.2291922Z ##[group]Runner Image Provisioner
2026-10-06T11:51:26.2292914Z Hosted Compute Agent
2026-10-06T11:51:26.2293518Z Version: 20260901.588
2026-10-06T11:51:26.2294721Z Commit: f88ec8081b781fac6c440065ac7ff9e710ce3d0b
2026-10-06T11:51:26.2295711Z Build Date: 2026-09-01T19:56:44Z
2026-10-06T11:51:26.2296428Z Worker ID: {d1c4ae97-d7ab-4c12-9dea-9bf6dd2ae4d8}
2026-10-06T11:51:26.2297182Z Azure Region: eastus
2026-10-06T11:51:26.2297766Z ##[endgroup]
2026-10-06T11:51:26.2299630Z ##[group]Operating System
2026-10-06T11:51:26.2300383Z Ubuntu
2026-10-06T11:51:26.2300895Z 24.04.5
2026-10-06T11:51:26.2301436Z LTS
2026-10-06T11:51:26.2301961Z ##[endgroup]
2026-10-06T11:51:26.2302542Z ##[group]Runner Image
2026-10-06T11:51:26.2303176Z Image: ubuntu-24.04
2026-10-06T11:51:26.2303734Z Version: 20260927.320.1
2026-10-06T11:51:26.2305292Z Included Software: https://github.com/actions/runner-images/blob/ubuntu24/20260927.320/images/ubuntu/Ubuntu2404-Readme.md
2026-10-06T11:51:26.2306911Z Image Release: https://github.com/actions/runner-images/releases/tag/ubuntu24%2F20260927.320
2026-10-06T11:51:26.2307937Z ##[endgroup]
2026-10-06T11:51:26.2309037Z ##[group]GITHUB_TOKEN Permissions
2026-10-06T11:51:26.2311193Z Contents: read
2026-10-06T11:51:26.2311830Z Metadata: read
2026-10-06T11:51:26.2312500Z ##[endgroup]
2026-10-06T11:51:26.2314784Z Secret source: Actions
2026-10-06T11:51:26.2315798Z Cache mode: write
2026-10-06T11:51:26.2316881Z Prepare workflow directory
2026-10-06T11:51:26.2712940Z Prepare all required actions
2026-10-06T11:51:26.2761142Z Getting action download info
2026-10-06T11:51:26.5372634Z Download action repository 'actions/checkout@11d5960a326750d5838078e36cf38b85af677262' (SHA:11d5960a326750d5838078e36cf38b85af677262)
2026-10-06T11:51:26.6461507Z Download action repository 'actions/upload-artifact@330a01c490aca151604b8cf639adc76d48f6c5d4' (SHA:330a01c490aca151604b8cf639adc76d48f6c5d4)
2026-10-06T11:51:27.0291381Z Complete job name: workflow-engine
2026-10-06T11:51:27.1162013Z ##[group]Run actions/checkout@11d5960a326750d5838078e36cf38b85af677262
2026-10-06T11:51:27.1163153Z with:
2026-10-06T11:51:27.1163593Z   persist-credentials: false
2026-10-06T11:51:27.1164340Z   repository: Hubujiu/WeaveOS
2026-10-06T11:51:27.1168338Z   token: ***
2026-10-06T11:51:27.1168775Z   ssh-strict: true
2026-10-06T11:51:27.1169210Z   ssh-user: git
2026-10-06T11:51:27.1169622Z   clean: true
2026-10-06T11:51:27.1170070Z   sparse-checkout-cone-mode: true
2026-10-06T11:51:27.1170598Z   fetch-depth: 1
2026-10-06T11:51:27.1171023Z   fetch-tags: false
2026-10-06T11:51:27.1171458Z   show-progress: true
2026-10-06T11:51:27.1171911Z   lfs: false
2026-10-06T11:51:27.1172320Z   submodules: false
2026-10-06T11:51:27.1172767Z   set-safe-directory: true
2026-10-06T11:51:27.1173268Z   allow-unsafe-pr-checkout: false
2026-10-06T11:51:27.1174326Z ##[endgroup]
2026-10-06T11:51:27.2171789Z Syncing repository: Hubujiu/WeaveOS
2026-10-06T11:51:27.2174577Z ##[group]Getting Git version info
2026-10-06T11:51:27.2175419Z Working directory is '/home/runner/work/WeaveOS/WeaveOS'
2026-10-06T11:51:27.2176422Z [command]/usr/bin/git version
2026-10-06T11:51:27.2315991Z git version 2.55.0
2026-10-06T11:51:27.2475930Z ##[endgroup]
2026-10-06T11:51:27.2506026Z Temporarily overriding HOME='/home/runner/work/_temp/c69fe018-ad12-4c7e-a0f6-a927ecc9b244' before making global git config changes
2026-10-06T11:51:27.2535428Z Adding repository directory to the temporary git global config as a safe directory
2026-10-06T11:51:27.2556499Z [command]/usr/bin/git config --global --add safe.directory /home/runner/work/WeaveOS/WeaveOS
2026-10-06T11:51:27.2587444Z Deleting the contents of '/home/runner/work/WeaveOS/WeaveOS'
2026-10-06T11:51:27.2589908Z ##[group]Initializing the repository
2026-10-06T11:51:27.2591194Z [command]/usr/bin/git init /home/runner/work/WeaveOS/WeaveOS
2026-10-06T11:51:27.2604699Z hint: Using 'master' as the name for the initial branch. This default branch name
2026-10-06T11:51:27.2608434Z hint: will change to "main" in Git 3.0. To configure the initial branch name
2026-10-06T11:51:27.2610836Z hint: to use in all of your new repositories, which will suppress this warning,
2026-10-06T11:51:27.2612502Z hint: call:
2026-10-06T11:51:27.2613443Z hint:
2026-10-06T11:51:27.2614764Z hint: 	git config --global init.defaultBranch <name>
2026-10-06T11:51:27.2616026Z hint:
2026-10-06T11:51:27.2617352Z hint: Names commonly chosen instead of 'master' are 'main', 'trunk' and
2026-10-06T11:51:27.2619387Z hint: 'development'. The just-created branch can be renamed via this command:
2026-10-06T11:51:27.2621022Z hint:
2026-10-06T11:51:27.2622049Z hint: 	git branch -m <name>
2026-10-06T11:51:27.2623141Z hint:
2026-10-06T11:51:27.2624638Z hint: Disable this message with "git config set advice.defaultBranchName false"
2026-10-06T11:51:27.2626491Z Initialized empty Git repository in /home/runner/work/WeaveOS/WeaveOS/.git/
2026-10-06T11:51:27.2630024Z [command]/usr/bin/git remote add origin https://github.com/Hubujiu/WeaveOS
2026-10-06T11:51:27.2633509Z ##[endgroup]
2026-10-06T11:51:27.2635258Z ##[group]Disabling automatic garbage collection
2026-10-06T11:51:27.2636652Z [command]/usr/bin/git config --local gc.auto 0
2026-10-06T11:51:27.2681274Z ##[endgroup]
2026-10-06T11:51:27.2682885Z ##[group]Setting up auth
2026-10-06T11:51:27.2687347Z [command]/usr/bin/git config --local --name-only --get-regexp core\.sshCommand
2026-10-06T11:51:27.2708591Z [command]/usr/bin/git submodule foreach --recursive sh -c "git config --local --name-only --get-regexp 'core\.sshCommand' && git config --local --unset-all 'core.sshCommand' || :"
2026-10-06T11:51:27.3079824Z [command]/usr/bin/git config --local --name-only --get-regexp http\.https\:\/\/github\.com\/\.extraheader
2026-10-06T11:51:27.3128146Z [command]/usr/bin/git submodule foreach --recursive sh -c "git config --local --name-only --get-regexp 'http\.https\:\/\/github\.com\/\.extraheader' && git config --local --unset-all 'http.https://github.com/.extraheader' || :"
2026-10-06T11:51:27.3434194Z [command]/usr/bin/git config --local --name-only --get-regexp ^includeIf\.gitdir:
2026-10-06T11:51:27.3478137Z [command]/usr/bin/git submodule foreach --recursive git config --local --show-origin --name-only --get-regexp remote.origin.url
2026-10-06T11:51:27.3718803Z [command]/usr/bin/git config --local http.https://github.com/.extraheader AUTHORIZATION: basic ***
2026-10-06T11:51:27.3761796Z ##[endgroup]
2026-10-06T11:51:27.3762672Z ##[group]Fetching the repository
2026-10-06T11:51:27.3772549Z [command]/usr/bin/git -c protocol.version=2 fetch --no-tags --prune --no-recurse-submodules --depth=1 origin +23f64f16eea1a54e92ec5c390e7e245148f3ae33:refs/remotes/pull/52/merge
2026-10-06T11:51:30.1767552Z From https://github.com/Hubujiu/WeaveOS
2026-10-06T11:51:30.1768877Z  * [new ref]         23f64f16eea1a54e92ec5c390e7e245148f3ae33 -> pull/52/merge
2026-10-06T11:51:30.1771538Z ##[endgroup]
2026-10-06T11:51:30.1772355Z ##[group]Determining the checkout info
2026-10-06T11:51:30.1773846Z ##[endgroup]
2026-10-06T11:51:30.1780674Z [command]/usr/bin/git sparse-checkout disable
2026-10-06T11:51:30.1832824Z [command]/usr/bin/git config --local --unset-all extensions.worktreeConfig
2026-10-06T11:51:30.1867968Z ##[group]Checking out the ref
2026-10-06T11:51:30.1871251Z [command]/usr/bin/git checkout --progress --force refs/remotes/pull/52/merge
2026-10-06T11:51:30.9826141Z Note: switching to 'refs/remotes/pull/52/merge'.
2026-10-06T11:51:30.9826848Z 
2026-10-06T11:51:30.9827353Z You are in 'detached HEAD' state. You can look around, make experimental
2026-10-06T11:51:30.9828371Z changes and commit them, and you can discard any commits you make in this
2026-10-06T11:51:30.9829265Z state without impacting any branches by switching back to a branch.
2026-10-06T11:51:30.9829819Z 
2026-10-06T11:51:30.9830212Z If you want to create a new branch to retain commits you create, you may
2026-10-06T11:51:30.9831077Z do so (now or later) by using -c with the switch command. Example:
2026-10-06T11:51:30.9831575Z 
2026-10-06T11:51:30.9831852Z   git switch -c <new-branch-name>
2026-10-06T11:51:30.9832497Z 
2026-10-06T11:51:30.9832756Z Or undo this operation with:
2026-10-06T11:51:30.9833068Z 
2026-10-06T11:51:30.9833259Z   git switch -
2026-10-06T11:51:30.9833522Z 
2026-10-06T11:51:30.9834243Z Turn off this advice by setting config variable advice.detachedHead to false
2026-10-06T11:51:30.9834886Z 
2026-10-06T11:51:30.9835554Z HEAD is now at 23f64f1 Merge c0304b4ae60ca4e4cb0ed0193d4513aa0c640470 into 8fc8f2955d8c956de2c39f505f56c822f75a3405
2026-10-06T11:51:30.9870072Z ##[endgroup]
2026-10-06T11:51:30.9915664Z [command]/usr/bin/git log -1 --format=%H
2026-10-06T11:51:30.9942856Z 23f64f16eea1a54e92ec5c390e7e245148f3ae33
2026-10-06T11:51:30.9952232Z ##[group]Removing auth
2026-10-06T11:51:30.9955984Z [command]/usr/bin/git config --local --name-only --get-regexp core\.sshCommand
2026-10-06T11:51:30.9990032Z [command]/usr/bin/git submodule foreach --recursive sh -c "git config --local --name-only --get-regexp 'core\.sshCommand' && git config --local --unset-all 'core.sshCommand' || :"
2026-10-06T11:51:31.0220937Z [command]/usr/bin/git config --local --name-only --get-regexp http\.https\:\/\/github\.com\/\.extraheader
2026-10-06T11:51:31.0247610Z http.https://github.com/.extraheader
2026-10-06T11:51:31.0254958Z [command]/usr/bin/git config --local --unset-all http.https://github.com/.extraheader
2026-10-06T11:51:31.0289378Z [command]/usr/bin/git submodule foreach --recursive sh -c "git config --local --name-only --get-regexp 'http\.https\:\/\/github\.com\/\.extraheader' && git config --local --unset-all 'http.https://github.com/.extraheader' || :"
2026-10-06T11:51:31.0518569Z [command]/usr/bin/git config --local --name-only --get-regexp ^includeIf\.gitdir:
2026-10-06T11:51:31.0549895Z [command]/usr/bin/git submodule foreach --recursive git config --local --show-origin --name-only --get-regexp remote.origin.url
2026-10-06T11:51:31.0774466Z ##[endgroup]
2026-10-06T11:51:31.0978962Z ##[group]Run mkdir -p services/workflow-engine/ci-logs
2026-10-06T11:51:31.0979538Z [36;1mmkdir -p services/workflow-engine/ci-logs[0m
2026-10-06T11:51:31.0980210Z [36;1mpython3 services/workflow-engine/ci_gate_tests.py 2>&1 | tee services/workflow-engine/ci-logs/gate-tests.txt[0m
2026-10-06T11:51:31.1220300Z shell: /usr/bin/bash --noprofile --norc -e -o pipefail {0}
2026-10-06T11:51:31.1220780Z ##[endgroup]
2026-10-06T11:51:31.2192712Z ............
2026-10-06T11:51:31.2193420Z ----------------------------------------------------------------------
2026-10-06T11:51:31.2194476Z Ran 12 tests in 0.011s
2026-10-06T11:51:31.2194782Z 
2026-10-06T11:51:31.2194906Z OK
2026-10-06T11:51:31.2306714Z ##[group]Run bash services/workflow-engine/prepare-build.sh 2>&1 | tee services/workflow-engine/ci-logs/prepare.txt
2026-10-06T11:51:31.2307668Z [36;1mbash services/workflow-engine/prepare-build.sh 2>&1 | tee services/workflow-engine/ci-logs/prepare.txt[0m
2026-10-06T11:51:31.2371470Z shell: /usr/bin/bash --noprofile --norc -e -o pipefail {0}
2026-10-06T11:51:31.2371869Z ##[endgroup]
2026-10-06T11:51:31.3251363Z Unable to find image 'mirror.gcr.io/library/maven@sha256:fa7aa19829157d299ff05f631b51697a388dcd2f6955e84249ecc652015f217b' locally
2026-10-06T11:51:31.9251513Z mirror.gcr.io/library/maven@sha256:fa7aa19829157d299ff05f631b51697a388dcd2f6955e84249ecc652015f217b: Pulling from library/maven
2026-10-06T11:51:31.9253072Z 20043066d3d5: Pulling fs layer
2026-10-06T11:51:31.9256650Z 077c4ca28173: Pulling fs layer
2026-10-06T11:51:31.9257909Z b88b6ae1b108: Pulling fs layer
2026-10-06T11:51:31.9258866Z 67cf99ea3a75: Pulling fs layer
2026-10-06T11:51:31.9259564Z 02d80376fd82: Pulling fs layer
2026-10-06T11:51:31.9260158Z a48539624cab: Pulling fs layer
2026-10-06T11:51:31.9260729Z 066840a279be: Pulling fs layer
2026-10-06T11:51:31.9261200Z 00ce8eef72b0: Pulling fs layer
2026-10-06T11:51:31.9261680Z a00511e1babb: Pulling fs layer
2026-10-06T11:51:31.9262143Z 8f9d993fddb9: Pulling fs layer
2026-10-06T11:51:31.9262603Z 066840a279be: Waiting
2026-10-06T11:51:31.9263020Z 00ce8eef72b0: Waiting
2026-10-06T11:51:31.9264391Z a00511e1babb: Waiting
2026-10-06T11:51:31.9264834Z 8f9d993fddb9: Waiting
2026-10-06T11:51:31.9265457Z 67cf99ea3a75: Waiting
2026-10-06T11:51:31.9265866Z 02d80376fd82: Waiting
2026-10-06T11:51:31.9266247Z a48539624cab: Waiting
2026-10-06T11:51:32.6222652Z 077c4ca28173: Verifying Checksum
2026-10-06T11:51:32.6224471Z 077c4ca28173: Download complete
2026-10-06T11:51:32.6440528Z 20043066d3d5: Verifying Checksum
2026-10-06T11:51:32.6441142Z 20043066d3d5: Download complete
2026-10-06T11:51:32.9682275Z 02d80376fd82: Verifying Checksum
2026-10-06T11:51:32.9683299Z 02d80376fd82: Download complete
2026-10-06T11:51:33.0011338Z 67cf99ea3a75: Verifying Checksum
2026-10-06T11:51:33.0022259Z 67cf99ea3a75: Download complete
2026-10-06T11:51:33.1205167Z b88b6ae1b108: Download complete
2026-10-06T11:51:33.4564339Z 066840a279be: Verifying Checksum
2026-10-06T11:51:33.4566241Z 066840a279be: Download complete
2026-10-06T11:51:33.4759684Z 00ce8eef72b0: Download complete
2026-10-06T11:51:33.7800631Z a00511e1babb: Verifying Checksum
2026-10-06T11:51:33.7801274Z a00511e1babb: Download complete
2026-10-06T11:51:33.7970608Z 20043066d3d5: Pull complete
2026-10-06T11:51:33.7983772Z 8f9d993fddb9: Verifying Checksum
2026-10-06T11:51:33.7984508Z 8f9d993fddb9: Download complete
2026-10-06T11:51:34.1384842Z a48539624cab: Verifying Checksum
2026-10-06T11:51:34.1385415Z a48539624cab: Download complete
2026-10-06T11:51:37.9455109Z 077c4ca28173: Pull complete
2026-10-06T11:51:39.5958833Z b88b6ae1b108: Pull complete
2026-10-06T11:51:39.6047258Z 67cf99ea3a75: Pull complete
2026-10-06T11:51:39.6141413Z 02d80376fd82: Pull complete
2026-10-06T11:51:40.4714436Z a48539624cab: Pull complete
2026-10-06T11:51:40.5537495Z 066840a279be: Pull complete
2026-10-06T11:51:40.5622178Z 00ce8eef72b0: Pull complete
2026-10-06T11:51:40.5749135Z a00511e1babb: Pull complete
2026-10-06T11:51:40.5822018Z 8f9d993fddb9: Pull complete
2026-10-06T11:51:40.5857066Z Digest: sha256:fa7aa19829157d299ff05f631b51697a388dcd2f6955e84249ecc652015f217b
2026-10-06T11:51:40.5864797Z Status: Downloaded newer image for mirror.gcr.io/library/maven@sha256:fa7aa19829157d299ff05f631b51697a388dcd2f6955e84249ecc652015f217b
2026-10-06T11:51:42.8825772Z [INFO] Scanning for projects...
2026-10-06T11:51:47.6026238Z [INFO] 
2026-10-06T11:51:47.6027040Z [INFO] --------------------< org.weaveos:workflow-engine >---------------------
2026-10-06T11:51:47.6035432Z [INFO] Building WeaveOS controlled workflow engine core 0.3.0-SNAPSHOT
2026-10-06T11:51:47.6036134Z [INFO]   from pom.xml
2026-10-06T11:51:47.6065534Z [INFO] --------------------------------[ jar ]---------------------------------
2026-10-06T11:51:47.6079270Z [INFO] 
2026-10-06T11:51:47.6080390Z [INFO] --- dependency:3.9.0:go-offline (default-cli) @ workflow-engine ---
2026-10-06T11:51:53.9355407Z [INFO] Resolved plugin: maven-compiler-plugin-3.14.1.jar
2026-10-06T11:51:53.9360141Z [INFO] Resolved plugin dependency:
2026-10-06T11:51:54.3803662Z [INFO]       maven-compiler-plugin-3.14.1.jar
2026-10-06T11:51:54.3807324Z [INFO]       asm-9.8.jar
2026-10-06T11:51:54.3808152Z [INFO]       maven-shared-utils-3.4.2.jar
2026-10-06T11:51:54.3809017Z [INFO]       slf4j-api-1.7.36.jar
2026-10-06T11:51:54.3809680Z [INFO]       commons-io-2.11.0.jar
2026-10-06T11:51:54.3810396Z [INFO]       maven-shared-incremental-1.1.jar
2026-10-06T11:51:54.3811134Z [INFO]       plexus-java-1.5.0.jar
2026-10-06T11:51:54.3811785Z [INFO]       qdox-2.2.0.jar
2026-10-06T11:51:54.3812468Z [INFO]       plexus-compiler-api-2.15.0.jar
2026-10-06T11:51:54.3813256Z [INFO]       plexus-compiler-manager-2.15.0.jar
2026-10-06T11:51:54.3825097Z [INFO]       javax.inject-1.jar
2026-10-06T11:51:54.3825749Z [INFO]       plexus-xml-3.0.1.jar
2026-10-06T11:51:54.3826485Z [INFO]       plexus-compiler-javac-2.15.0.jar
2026-10-06T11:51:54.3827287Z [INFO]       plexus-utils-4.0.2.jar
2026-10-06T11:51:54.3828046Z [INFO] Resolved plugin: maven-surefire-plugin-3.5.4.jar
2026-10-06T11:51:54.3828896Z [INFO] Resolved plugin dependency:
2026-10-06T11:51:54.5925163Z [INFO]       maven-surefire-plugin-3.5.4.jar
2026-10-06T11:51:54.5926074Z [INFO]       surefire-api-3.5.4.jar
2026-10-06T11:51:54.5926556Z [INFO]       surefire-logger-api-3.5.4.jar
2026-10-06T11:51:54.5927083Z [INFO]       surefire-shared-utils-3.5.4.jar
2026-10-06T11:51:54.5927645Z [INFO]       surefire-extensions-api-3.5.4.jar
2026-10-06T11:51:54.5928175Z [INFO]       maven-surefire-common-3.5.4.jar
2026-10-06T11:51:54.5928688Z [INFO]       surefire-booter-3.5.4.jar
2026-10-06T11:51:54.5929214Z [INFO]       surefire-extensions-spi-3.5.4.jar
2026-10-06T11:51:54.5930737Z [INFO]       maven-resolver-util-1.4.1.jar
2026-10-06T11:51:54.5931637Z [INFO]       maven-resolver-api-1.4.1.jar
2026-10-06T11:51:54.5932516Z [INFO]       maven-common-artifact-filters-3.4.0.jar
2026-10-06T11:51:54.5933333Z [INFO]       slf4j-api-1.7.36.jar
2026-10-06T11:51:54.5934237Z [INFO]       plexus-java-1.5.0.jar
2026-10-06T11:51:54.5955424Z [INFO]       asm-9.8.jar
2026-10-06T11:51:54.5979635Z [INFO]       qdox-2.2.0.jar
2026-10-06T11:51:54.5982017Z [INFO] Resolved plugin: maven-jar-plugin-3.4.2.jar
2026-10-06T11:51:54.5982916Z [INFO] Resolved plugin dependency:
2026-10-06T11:51:54.8470314Z [INFO]       maven-jar-plugin-3.4.2.jar
2026-10-06T11:51:54.8484736Z [INFO]       file-management-3.1.0.jar
2026-10-06T11:51:54.8497727Z [INFO]       plexus-utils-4.0.1.jar
2026-10-06T11:51:54.8514786Z [INFO]       commons-io-2.16.1.jar
2026-10-06T11:51:54.8515619Z [INFO]       maven-archiver-3.6.2.jar
2026-10-06T11:51:54.8535018Z [INFO]       plexus-interpolation-1.27.jar
2026-10-06T11:51:54.8535775Z [INFO]       plexus-archiver-4.9.2.jar
2026-10-06T11:51:54.8536517Z [INFO]       plexus-io-3.4.2.jar
2026-10-06T11:51:54.8537152Z [INFO]       commons-compress-1.26.1.jar
2026-10-06T11:51:54.8537808Z [INFO]       commons-lang3-3.14.0.jar
2026-10-06T11:51:54.8538449Z [INFO]       commons-codec-1.16.1.jar
2026-10-06T11:51:54.8539075Z [INFO]       snappy-0.4.jar
2026-10-06T11:51:54.8539624Z [INFO]       xz-1.9.jar
2026-10-06T11:51:54.8540158Z [INFO]       zstd-jni-1.5.5-11.jar
2026-10-06T11:51:54.8540916Z [INFO]       javax.inject-1.jar
2026-10-06T11:51:54.8541504Z [INFO]       slf4j-api-1.7.36.jar
2026-10-06T11:51:54.8542183Z [INFO] Resolved plugin: maven-clean-plugin-3.5.0.jar
2026-10-06T11:51:54.8542913Z [INFO] Resolved plugin dependency:
2026-10-06T11:51:54.8543575Z [INFO]       maven-clean-plugin-3.5.0.jar
2026-10-06T11:51:54.8544604Z [INFO]       plexus-utils-4.0.2.jar
2026-10-06T11:51:54.8545323Z [INFO] Resolved plugin: protobuf-maven-plugin-0.6.1.jar
2026-10-06T11:51:54.8546084Z [INFO] Resolved plugin dependency:
2026-10-06T11:51:55.6507740Z [INFO]       protobuf-maven-plugin-0.6.1.jar
2026-10-06T11:51:55.6515601Z [INFO]       maven-plugin-api-3.0.jar
2026-10-06T11:51:55.6516407Z [INFO]       maven-model-3.0.jar
2026-10-06T11:51:55.6516840Z [INFO]       sisu-inject-plexus-1.4.2.jar
2026-10-06T11:51:55.6517191Z [INFO]       sisu-inject-bean-1.4.2.jar
2026-10-06T11:51:55.6517523Z [INFO]       sisu-guice-2.1.7-noaop.jar
2026-10-06T11:51:55.6517872Z [INFO]       maven-plugin-annotations-3.5.2.jar
2026-10-06T11:51:55.6518251Z [INFO]       plexus-utils-3.1.0.jar
2026-10-06T11:51:55.6518562Z [INFO]       plexus-component-annotations-1.7.1.jar
2026-10-06T11:51:55.6518897Z [INFO]       plexus-build-api-0.0.7.jar
2026-10-06T11:51:55.6519185Z [INFO]       maven-core-3.0.jar
2026-10-06T11:51:55.6519442Z [INFO]       maven-settings-3.0.jar
2026-10-06T11:51:55.6519731Z [INFO]       maven-settings-builder-3.0.jar
2026-10-06T11:51:55.6520057Z [INFO]       maven-repository-metadata-3.0.jar
2026-10-06T11:51:55.6520378Z [INFO]       maven-model-builder-3.0.jar
2026-10-06T11:51:55.6520693Z [INFO]       maven-aether-provider-3.0.jar
2026-10-06T11:51:55.6520990Z [INFO]       aether-impl-1.7.jar
2026-10-06T11:51:55.6521251Z [INFO]       aether-spi-1.7.jar
2026-10-06T11:51:55.6521502Z [INFO]       aether-api-1.7.jar
2026-10-06T11:51:55.6521946Z [INFO]       aether-util-1.7.jar
2026-10-06T11:51:55.6522453Z [INFO]       plexus-interpolation-1.14.jar
2026-10-06T11:51:55.6522832Z [INFO]       plexus-classworlds-2.2.3.jar
2026-10-06T11:51:55.6524975Z [INFO]       plexus-sec-dispatcher-1.3.jar
2026-10-06T11:51:55.6525303Z [INFO]       plexus-cipher-1.4.jar
2026-10-06T11:51:55.6525594Z [INFO]       maven-artifact-3.0.jar
2026-10-06T11:51:55.6525873Z [INFO]       maven-compat-3.0.jar
2026-10-06T11:51:55.6526173Z [INFO]       wagon-provider-api-1.0-beta-6.jar
2026-10-06T11:51:55.6526548Z [INFO] Resolved plugin: maven-install-plugin-3.1.4.jar
2026-10-06T11:51:55.6526887Z [INFO] Resolved plugin dependency:
2026-10-06T11:51:55.7500857Z [INFO]       maven-install-plugin-3.1.4.jar
2026-10-06T11:51:55.7501614Z [INFO]       maven-resolver-util-1.9.22.jar
2026-10-06T11:51:55.7503385Z [INFO]       maven-resolver-api-1.9.22.jar
2026-10-06T11:51:55.7504369Z [INFO]       plexus-utils-4.0.1.jar
2026-10-06T11:51:55.7524202Z [INFO]       plexus-xml-3.0.1.jar
2026-10-06T11:51:55.7525342Z [INFO] Resolved plugin: maven-site-plugin-3.12.1.jar
2026-10-06T11:51:55.7527131Z [INFO] Resolved plugin dependency:
2026-10-06T11:52:01.1571559Z [INFO]       maven-site-plugin-3.12.1.jar
2026-10-06T11:52:01.1574807Z [INFO]       maven-reporting-api-3.1.1.jar
2026-10-06T11:52:01.1575430Z [INFO]       maven-reporting-exec-1.6.0.jar
2026-10-06T11:52:01.1575984Z [INFO]       maven-artifact-3.2.5.jar
2026-10-06T11:52:01.1576475Z [INFO]       maven-core-3.2.5.jar
2026-10-06T11:52:01.1576989Z [INFO]       maven-repository-metadata-3.2.5.jar
2026-10-06T11:52:01.1577571Z [INFO]       maven-model-builder-3.2.5.jar
2026-10-06T11:52:01.1578107Z [INFO]       maven-aether-provider-3.2.5.jar
2026-10-06T11:52:01.1578661Z [INFO]       aether-spi-1.0.0.v20140518.jar
2026-10-06T11:52:01.1579193Z [INFO]       aether-impl-1.0.0.v20140518.jar
2026-10-06T11:52:01.1579696Z [INFO]       aether-api-1.0.0.v20140518.jar
2026-10-06T11:52:01.1580230Z [INFO]       org.eclipse.sisu.plexus-0.3.5.jar
2026-10-06T11:52:01.1580794Z [INFO]       javax.annotation-api-1.2.jar
2026-10-06T11:52:01.1581520Z [INFO]       cdi-api-1.2.jar
2026-10-06T11:52:01.1582276Z [INFO]       org.eclipse.sisu.inject-0.3.5.jar
2026-10-06T11:52:01.1582966Z [INFO]       sisu-guice-3.2.3-no_aop.jar
2026-10-06T11:52:01.1583512Z [INFO]       javax.inject-1.jar
2026-10-06T11:52:01.1584235Z [INFO]       aopalliance-1.0.jar
2026-10-06T11:52:01.1584776Z [INFO]       guava-16.0.1.jar
2026-10-06T11:52:01.1585267Z [INFO]       plexus-classworlds-2.5.2.jar
2026-10-06T11:52:01.1585777Z [INFO]       plexus-sec-dispatcher-1.3.jar
2026-10-06T11:52:01.1586444Z [INFO]       plexus-cipher-1.4.jar
2026-10-06T11:52:01.1590604Z [INFO]       maven-model-3.2.5.jar
2026-10-06T11:52:01.1591393Z [INFO]       maven-plugin-api-3.2.5.jar
2026-10-06T11:52:01.1591915Z [INFO]       maven-settings-3.2.5.jar
2026-10-06T11:52:01.1592422Z [INFO]       maven-settings-builder-3.2.5.jar
2026-10-06T11:52:01.1592964Z [INFO]       aether-util-1.0.0.v20140518.jar
2026-10-06T11:52:01.1593536Z [INFO]       maven-shared-utils-3.3.4.jar
2026-10-06T11:52:01.1594420Z [INFO]       commons-io-2.6.jar
2026-10-06T11:52:01.1594991Z [INFO]       maven-archiver-3.5.2.jar
2026-10-06T11:52:01.1595593Z [INFO]       commons-compress-1.20.jar
2026-10-06T11:52:01.1596202Z [INFO]       plexus-interpolation-1.26.jar
2026-10-06T11:52:01.1596796Z [INFO]       plexus-archiver-4.2.7.jar
2026-10-06T11:52:01.1597778Z [INFO]       plexus-io-3.2.0.jar
2026-10-06T11:52:01.1598313Z [INFO]       snappy-0.4.jar
2026-10-06T11:52:01.1598768Z [INFO]       xz-1.9.jar
2026-10-06T11:52:01.1599189Z [INFO]       plexus-i18n-1.0-beta-10.jar
2026-10-06T11:52:01.1599675Z [INFO]       plexus-utils-3.4.2.jar
2026-10-06T11:52:01.1602150Z [INFO]       doxia-sink-api-1.11.1.jar
2026-10-06T11:52:01.1603286Z [INFO]       doxia-logging-api-1.11.1.jar
2026-10-06T11:52:01.1604477Z [INFO]       doxia-core-1.11.1.jar
2026-10-06T11:52:01.1605268Z [INFO]       plexus-container-default-2.1.0.jar
2026-10-06T11:52:01.1606046Z [INFO]       xbean-reflect-3.7.jar
2026-10-06T11:52:01.1606653Z [INFO]       google-collections-1.0.jar
2026-10-06T11:52:01.1607122Z [INFO]       plexus-component-annotations-2.1.1.jar
2026-10-06T11:52:01.1607608Z [INFO]       commons-lang3-3.8.1.jar
2026-10-06T11:52:01.1608242Z [INFO]       commons-text-1.3.jar
2026-10-06T11:52:01.1608643Z [INFO]       httpclient-4.5.13.jar
2026-10-06T11:52:01.1609032Z [INFO]       commons-logging-1.2.jar
2026-10-06T11:52:01.1609757Z [INFO]       commons-codec-1.11.jar
2026-10-06T11:52:01.1615964Z [INFO]       httpcore-4.4.14.jar
2026-10-06T11:52:01.1616489Z [INFO]       doxia-module-xhtml-1.11.1.jar
2026-10-06T11:52:01.1617016Z [INFO]       doxia-module-xhtml5-1.11.1.jar
2026-10-06T11:52:01.1617516Z [INFO]       doxia-module-apt-1.11.1.jar
2026-10-06T11:52:01.1618010Z [INFO]       doxia-module-xdoc-1.11.1.jar
2026-10-06T11:52:01.1618495Z [INFO]       doxia-module-fml-1.11.1.jar
2026-10-06T11:52:01.1618996Z [INFO]       doxia-module-markdown-1.11.1.jar
2026-10-06T11:52:01.1619497Z [INFO]       flexmark-all-0.42.14.jar
2026-10-06T11:52:01.1619943Z [INFO]       flexmark-0.42.14.jar
2026-10-06T11:52:01.1620423Z [INFO]       flexmark-ext-abbreviation-0.42.14.jar
2026-10-06T11:52:01.1620983Z [INFO]       flexmark-ext-admonition-0.42.14.jar
2026-10-06T11:52:01.1621542Z [INFO]       flexmark-ext-anchorlink-0.42.14.jar
2026-10-06T11:52:01.1621914Z [INFO]       flexmark-ext-aside-0.42.14.jar
2026-10-06T11:52:01.1622215Z [INFO]       flexmark-ext-attributes-0.42.14.jar
2026-10-06T11:52:01.1622530Z [INFO]       flexmark-ext-autolink-0.42.14.jar
2026-10-06T11:52:01.1622861Z [INFO]       autolink-0.6.0.jar
2026-10-06T11:52:01.1623197Z [INFO]       flexmark-ext-definition-0.42.14.jar
2026-10-06T11:52:01.1623499Z [INFO]       flexmark-ext-emoji-0.42.14.jar
2026-10-06T11:52:01.1623837Z [INFO]       flexmark-ext-enumerated-reference-0.42.14.jar
2026-10-06T11:52:01.1624733Z [INFO]       flexmark-ext-escaped-character-0.42.14.jar
2026-10-06T11:52:01.1625377Z [INFO]       flexmark-ext-footnotes-0.42.14.jar
2026-10-06T11:52:01.1625982Z [INFO]       flexmark-ext-gfm-issues-0.42.14.jar
2026-10-06T11:52:01.1626605Z [INFO]       flexmark-ext-gfm-strikethrough-0.42.14.jar
2026-10-06T11:52:01.1627234Z [INFO]       flexmark-ext-gfm-tables-0.42.14.jar
2026-10-06T11:52:01.1627848Z [INFO]       flexmark-ext-gfm-tasklist-0.42.14.jar
2026-10-06T11:52:01.1628442Z [INFO]       flexmark-ext-gfm-users-0.42.14.jar
2026-10-06T11:52:01.1629002Z [INFO]       flexmark-ext-gitlab-0.42.14.jar
2026-10-06T11:52:01.1629612Z [INFO]       flexmark-ext-jekyll-front-matter-0.42.14.jar
2026-10-06T11:52:01.1630249Z [INFO]       flexmark-ext-jekyll-tag-0.42.14.jar
2026-10-06T11:52:01.1630827Z [INFO]       flexmark-ext-media-tags-0.42.14.jar
2026-10-06T11:52:01.1631522Z [INFO]       flexmark-ext-macros-0.42.14.jar
2026-10-06T11:52:01.1632288Z [INFO]       flexmark-ext-ins-0.42.14.jar
2026-10-06T11:52:01.1632847Z [INFO]       flexmark-ext-xwiki-macros-0.42.14.jar
2026-10-06T11:52:01.1633444Z [INFO]       flexmark-ext-superscript-0.42.14.jar
2026-10-06T11:52:01.1634248Z [INFO]       flexmark-ext-tables-0.42.14.jar
2026-10-06T11:52:01.1634789Z [INFO]       flexmark-ext-toc-0.42.14.jar
2026-10-06T11:52:01.1635342Z [INFO]       flexmark-ext-typographic-0.42.14.jar
2026-10-06T11:52:01.1635916Z [INFO]       flexmark-ext-wikilink-0.42.14.jar
2026-10-06T11:52:01.1636509Z [INFO]       flexmark-ext-yaml-front-matter-0.42.14.jar
2026-10-06T11:52:01.1637180Z [INFO]       flexmark-ext-youtube-embedded-0.42.14.jar
2026-10-06T11:52:01.1637974Z [INFO]       flexmark-formatter-0.42.14.jar
2026-10-06T11:52:01.1638634Z [INFO]       flexmark-html-parser-0.42.14.jar
2026-10-06T11:52:01.1639298Z [INFO]       jsoup-1.10.2.jar
2026-10-06T11:52:01.1639916Z [INFO]       flexmark-jira-converter-0.42.14.jar
2026-10-06T11:52:01.1640680Z [INFO]       flexmark-profile-pegdown-0.42.14.jar
2026-10-06T11:52:01.1641342Z [INFO]       flexmark-util-0.42.14.jar
2026-10-06T11:52:01.1641968Z [INFO]       flexmark-youtrack-converter-0.42.14.jar
2026-10-06T11:52:01.1642690Z [INFO]       doxia-module-confluence-1.11.1.jar
2026-10-06T11:52:01.1643561Z [INFO]       doxia-module-docbook-simple-1.11.1.jar
2026-10-06T11:52:01.1644605Z [INFO]       doxia-module-twiki-1.11.1.jar
2026-10-06T11:52:01.1645377Z [INFO]       doxia-decoration-model-1.11.1.jar
2026-10-06T11:52:01.1645827Z [INFO]       doxia-site-renderer-1.11.1.jar
2026-10-06T11:52:01.1646126Z [INFO]       doxia-skin-model-1.11.1.jar
2026-10-06T11:52:01.1646411Z [INFO]       plexus-velocity-1.2.jar
2026-10-06T11:52:01.1646675Z [INFO]       velocity-1.7.jar
2026-10-06T11:52:01.1646923Z [INFO]       commons-lang-2.4.jar
2026-10-06T11:52:01.1647179Z [INFO]       velocity-tools-2.0.jar
2026-10-06T11:52:01.1647453Z [INFO]       commons-beanutils-1.7.0.jar
2026-10-06T11:52:01.1647724Z [INFO]       commons-digester-1.8.jar
2026-10-06T11:52:01.1647992Z [INFO]       commons-chain-1.1.jar
2026-10-06T11:52:01.1648237Z [INFO]       dom4j-1.1.jar
2026-10-06T11:52:01.1648451Z [INFO]       oro-2.0.8.jar
2026-10-06T11:52:01.1648694Z [INFO]       commons-collections-3.2.2.jar
2026-10-06T11:52:01.1649000Z [INFO]       doxia-integration-tools-1.11.1.jar
2026-10-06T11:52:01.1649310Z [INFO]       jetty-server-9.4.46.v20220331.jar
2026-10-06T11:52:01.1649599Z [INFO]       javax.servlet-api-3.1.0.jar
2026-10-06T11:52:01.1649886Z [INFO]       jetty-http-9.4.46.v20220331.jar
2026-10-06T11:52:01.1650165Z [INFO]       jetty-io-9.4.46.v20220331.jar
2026-10-06T11:52:01.1650440Z [INFO]       jetty-servlet-9.4.46.v20220331.jar
2026-10-06T11:52:01.1650735Z [INFO]       jetty-security-9.4.46.v20220331.jar
2026-10-06T11:52:01.1651032Z [INFO]       jetty-util-ajax-9.4.46.v20220331.jar
2026-10-06T11:52:01.1651338Z [INFO]       jetty-webapp-9.4.46.v20220331.jar
2026-10-06T11:52:01.1651626Z [INFO]       jetty-xml-9.4.46.v20220331.jar
2026-10-06T11:52:01.1651911Z [INFO]       jetty-util-9.4.46.v20220331.jar
2026-10-06T11:52:01.1652239Z [INFO] Resolved plugin: maven-resources-plugin-3.3.1.jar
2026-10-06T11:52:01.1652565Z [INFO] Resolved plugin dependency:
2026-10-06T11:52:01.3540052Z [INFO]       maven-resources-plugin-3.3.1.jar
2026-10-06T11:52:01.3540511Z [INFO]       plexus-interpolation-1.26.jar
2026-10-06T11:52:01.3555050Z [INFO]       plexus-utils-3.5.1.jar
2026-10-06T11:52:01.3555808Z [INFO]       maven-filtering-3.3.1.jar
2026-10-06T11:52:01.3556474Z [INFO]       javax.inject-1.jar
2026-10-06T11:52:01.3557052Z [INFO]       slf4j-api-1.7.36.jar
2026-10-06T11:52:01.3557651Z [INFO]       plexus-build-api-0.0.7.jar
2026-10-06T11:52:01.3558200Z [INFO]       commons-io-2.11.0.jar
2026-10-06T11:52:01.3558667Z [INFO]       commons-lang3-3.12.0.jar
2026-10-06T11:52:01.3559235Z [INFO] Resolved plugin: maven-deploy-plugin-3.1.4.jar
2026-10-06T11:52:01.3559757Z [INFO] Resolved plugin dependency:
2026-10-06T11:52:01.3563855Z [INFO]       maven-deploy-plugin-3.1.4.jar
2026-10-06T11:52:01.3564665Z [INFO]       plexus-utils-4.0.1.jar
2026-10-06T11:52:01.3567893Z [INFO]       plexus-xml-3.0.1.jar
2026-10-06T11:52:01.3568404Z [INFO]       maven-resolver-util-1.9.22.jar
2026-10-06T11:52:01.3568910Z [INFO]       maven-resolver-api-1.9.22.jar
2026-10-06T11:52:07.1928164Z [INFO] Resolved dependency: flowable-spring-8.0.0.jar
2026-10-06T11:52:07.1929198Z [INFO] Resolved dependency: flowable-engine-8.0.0.jar
2026-10-06T11:52:07.1930341Z [INFO] Resolved dependency: flowable-bpmn-converter-8.0.0.jar
2026-10-06T11:52:07.1931372Z [INFO] Resolved dependency: flowable-bpmn-model-8.0.0.jar
2026-10-06T11:52:07.1932321Z [INFO] Resolved dependency: flowable-process-validation-8.0.0.jar
2026-10-06T11:52:07.1933344Z [INFO] Resolved dependency: flowable-image-generator-8.0.0.jar
2026-10-06T11:52:07.1934555Z [INFO] Resolved dependency: flowable-engine-common-api-8.0.0.jar
2026-10-06T11:52:07.1941184Z [INFO] Resolved dependency: flowable-engine-common-8.0.0.jar
2026-10-06T11:52:07.1942449Z [INFO] Resolved dependency: flowable-variable-service-api-8.0.0.jar
2026-10-06T11:52:07.1943488Z [INFO] Resolved dependency: flowable-event-registry-api-8.0.0.jar
2026-10-06T11:52:07.1944589Z [INFO] Resolved dependency: jackson-databind-3.0.4.jar
2026-10-06T11:52:07.1945402Z [INFO] Resolved dependency: jackson-core-3.0.4.jar
2026-10-06T11:52:07.1946258Z [INFO] Resolved dependency: flowable-variable-service-8.0.0.jar
2026-10-06T11:52:07.1992323Z [INFO] Resolved dependency: flowable-identitylink-service-8.0.0.jar
2026-10-06T11:52:07.1993570Z [INFO] Resolved dependency: flowable-identitylink-service-api-8.0.0.jar
2026-10-06T11:52:07.1995056Z [INFO] Resolved dependency: flowable-entitylink-service-8.0.0.jar
2026-10-06T11:52:07.1996114Z [INFO] Resolved dependency: flowable-entitylink-service-api-8.0.0.jar
2026-10-06T11:52:07.1997133Z [INFO] Resolved dependency: flowable-event-registry-8.0.0.jar
2026-10-06T11:52:07.1998144Z [INFO] Resolved dependency: flowable-event-registry-model-8.0.0.jar
2026-10-06T11:52:07.1999264Z [INFO] Resolved dependency: flowable-event-registry-json-converter-8.0.0.jar
2026-10-06T11:52:07.2000461Z [INFO] Resolved dependency: flowable-eventsubscription-service-api-8.0.0.jar
2026-10-06T11:52:07.2001505Z [INFO] Resolved dependency: commons-io-2.21.0.jar
2026-10-06T11:52:07.2002419Z [INFO] Resolved dependency: java-uuid-generator-5.1.0.jar
2026-10-06T11:52:07.2003494Z [INFO] Resolved dependency: flowable-event-registry-configurator-8.0.0.jar
2026-10-06T11:52:07.2004943Z [INFO] Resolved dependency: flowable-eventsubscription-service-8.0.0.jar
2026-10-06T11:52:07.2006029Z [INFO] Resolved dependency: flowable-task-service-8.0.0.jar
2026-10-06T11:52:07.2007021Z [INFO] Resolved dependency: flowable-task-service-api-8.0.0.jar
2026-10-06T11:52:07.2008005Z [INFO] Resolved dependency: flowable-job-service-8.0.0.jar
2026-10-06T11:52:07.2009040Z [INFO] Resolved dependency: flowable-job-service-api-8.0.0.jar
2026-10-06T11:52:07.2010049Z [INFO] Resolved dependency: flowable-batch-service-8.0.0.jar
2026-10-06T11:52:07.2011142Z [INFO] Resolved dependency: flowable-batch-service-api-8.0.0.jar
2026-10-06T11:52:07.2012209Z [INFO] Resolved dependency: flowable-idm-api-8.0.0.jar
2026-10-06T11:52:07.2013227Z [INFO] Resolved dependency: flowable-idm-engine-8.0.0.jar
2026-10-06T11:52:07.2014470Z [INFO] Resolved dependency: commons-codec-1.19.0.jar
2026-10-06T11:52:07.2015591Z [INFO] Resolved dependency: flowable-idm-engine-configurator-8.0.0.jar
2026-10-06T11:52:07.2016724Z [INFO] Resolved dependency: flowable-cmmn-api-8.0.0.jar
2026-10-06T11:52:07.2017672Z [INFO] Resolved dependency: flowable-cmmn-model-8.0.0.jar
2026-10-06T11:52:07.2018612Z [INFO] Resolved dependency: flowable-dmn-api-8.0.0.jar
2026-10-06T11:52:07.2019529Z [INFO] Resolved dependency: flowable-dmn-model-8.0.0.jar
2026-10-06T11:52:07.2020433Z [INFO] Resolved dependency: flowable-form-model-8.0.0.jar
2026-10-06T11:52:07.2021355Z [INFO] Resolved dependency: flowable-form-api-8.0.0.jar
2026-10-06T11:52:07.2022255Z [INFO] Resolved dependency: jackson-annotations-2.20.jar
2026-10-06T11:52:07.2023475Z [INFO] Resolved dependency: flowable-content-api-8.0.0.jar
2026-10-06T11:52:07.2024723Z [INFO] Resolved dependency: flowable-http-common-8.0.0.jar
2026-10-06T11:52:07.2026285Z [INFO] Resolved dependency: flowable-mail-8.0.0.jar
2026-10-06T11:52:07.2027169Z [INFO] Resolved dependency: angus-mail-2.0.5.jar
2026-10-06T11:52:07.2029932Z [INFO] Resolved dependency: jakarta.activation-api-2.1.4.jar
2026-10-06T11:52:07.2030849Z [INFO] Resolved dependency: jakarta.mail-api-2.1.5.jar
2026-10-06T11:52:07.2031460Z [INFO] Resolved dependency: angus-activation-2.0.3.jar
2026-10-06T11:52:07.2031983Z [INFO] Resolved dependency: mybatis-3.5.19.jar
2026-10-06T11:52:07.2032477Z [INFO] Resolved dependency: spring-beans-7.0.3.jar
2026-10-06T11:52:07.2032976Z [INFO] Resolved dependency: joda-time-2.14.0.jar
2026-10-06T11:52:07.2033516Z [INFO] Resolved dependency: flowable-spring-common-8.0.0.jar
2026-10-06T11:52:07.2034531Z [INFO] Resolved dependency: flowable-job-spring-service-8.0.0.jar
2026-10-06T11:52:07.2035630Z [INFO] Resolved dependency: flowable-event-registry-spring-configurator-8.0.0.jar
2026-10-06T11:52:07.2036578Z [INFO] Resolved dependency: flowable-event-registry-spring-8.0.0.jar
2026-10-06T11:52:07.2037310Z [INFO] Resolved dependency: spring-context-7.0.3.jar
2026-10-06T11:52:07.2037898Z [INFO] Resolved dependency: spring-aop-7.0.3.jar
2026-10-06T11:52:07.2038458Z [INFO] Resolved dependency: spring-core-7.0.3.jar
2026-10-06T11:52:07.2039295Z [INFO] Resolved dependency: commons-logging-1.3.5.jar
2026-10-06T11:52:07.2039666Z [INFO] Resolved dependency: spring-expression-7.0.3.jar
2026-10-06T11:52:07.2040046Z [INFO] Resolved dependency: micrometer-observation-1.16.2.jar
2026-10-06T11:52:07.2040432Z [INFO] Resolved dependency: micrometer-commons-1.16.2.jar
2026-10-06T11:52:07.2040778Z [INFO] Resolved dependency: spring-jdbc-7.0.3.jar
2026-10-06T11:52:07.2041097Z [INFO] Resolved dependency: spring-tx-7.0.3.jar
2026-10-06T11:52:07.2041425Z [INFO] Resolved dependency: commons-lang3-3.19.0.jar
2026-10-06T11:52:07.2041757Z [INFO] Resolved dependency: spring-orm-7.0.3.jar
2026-10-06T11:52:07.2042067Z [INFO] Resolved dependency: slf4j-api-2.0.17.jar
2026-10-06T11:52:07.2042396Z [INFO] Resolved dependency: jcl-over-slf4j-2.0.17.jar
2026-10-06T11:52:07.2042943Z [INFO] Resolved dependency: grpc-protobuf-1.84.0.jar
2026-10-06T11:52:07.2043272Z [INFO] Resolved dependency: grpc-api-1.84.0.jar
2026-10-06T11:52:07.2043587Z [INFO] Resolved dependency: jsr305-3.0.2.jar
2026-10-06T11:52:07.2044216Z [INFO] Resolved dependency: proto-google-common-protos-2.64.1.jar
2026-10-06T11:52:07.2044944Z [INFO] Resolved dependency: grpc-protobuf-lite-1.84.0.jar
2026-10-06T11:52:07.2045520Z [INFO] Resolved dependency: guava-33.6.0-android.jar
2026-10-06T11:52:07.2045863Z [INFO] Resolved dependency: failureaccess-1.0.3.jar
2026-10-06T11:52:07.2046348Z [INFO] Resolved dependency: listenablefuture-9999.0-empty-to-avoid-conflict-with-guava.jar
2026-10-06T11:52:07.2046844Z [INFO] Resolved dependency: jspecify-1.0.0.jar
2026-10-06T11:52:07.2047204Z [INFO] Resolved dependency: error_prone_annotations-2.47.0.jar
2026-10-06T11:52:07.2047585Z [INFO] Resolved dependency: j2objc-annotations-3.1.jar
2026-10-06T11:52:07.2047927Z [INFO] Resolved dependency: protobuf-java-3.25.9.jar
2026-10-06T11:52:07.2048297Z [INFO] Resolved dependency: junit-platform-launcher-6.0.2.jar
2026-10-06T11:52:07.2048693Z [INFO] Resolved dependency: junit-platform-engine-6.0.2.jar
2026-10-06T11:52:07.2049050Z [INFO] Resolved dependency: opentest4j-1.3.0.jar
2026-10-06T11:52:07.2049407Z [INFO] Resolved dependency: junit-platform-commons-6.0.2.jar
2026-10-06T11:52:07.2049774Z [INFO] Resolved dependency: apiguardian-api-1.1.2.jar
2026-10-06T11:52:07.2050128Z [INFO] Resolved dependency: spring-boot-starter-4.0.2.jar
2026-10-06T11:52:07.2050528Z [INFO] Resolved dependency: spring-boot-starter-logging-4.0.2.jar
2026-10-06T11:52:07.2050935Z [INFO] Resolved dependency: logback-classic-1.5.25.jar
2026-10-06T11:52:07.2051276Z [INFO] Resolved dependency: logback-core-1.5.25.jar
2026-10-06T11:52:07.2051778Z [INFO] Resolved dependency: log4j-to-slf4j-2.25.3.jar
2026-10-06T11:52:07.2052109Z [INFO] Resolved dependency: log4j-api-2.25.3.jar
2026-10-06T11:52:07.2052428Z [INFO] Resolved dependency: jul-to-slf4j-2.0.17.jar
2026-10-06T11:52:07.2052803Z [INFO] Resolved dependency: spring-boot-autoconfigure-4.0.2.jar
2026-10-06T11:52:07.2053180Z [INFO] Resolved dependency: spring-boot-4.0.2.jar
2026-10-06T11:52:07.2053557Z [INFO] Resolved dependency: jakarta.annotation-api-3.0.0.jar
2026-10-06T11:52:07.2054163Z [INFO] Resolved dependency: snakeyaml-2.5.jar
2026-10-06T11:52:07.2054497Z [INFO] Resolved dependency: junit-jupiter-6.0.2.jar
2026-10-06T11:52:07.2054845Z [INFO] Resolved dependency: junit-jupiter-api-6.0.2.jar
2026-10-06T11:52:07.2055224Z [INFO] Resolved dependency: junit-jupiter-params-6.0.2.jar
2026-10-06T11:52:07.2055610Z [INFO] Resolved dependency: junit-jupiter-engine-6.0.2.jar
2026-10-06T11:52:07.2055986Z [INFO] Resolved dependency: grpc-netty-shaded-1.84.0.jar
2026-10-06T11:52:07.2056333Z [INFO] Resolved dependency: grpc-util-1.84.0.jar
2026-10-06T11:52:07.2056648Z [INFO] Resolved dependency: grpc-core-1.84.0.jar
2026-10-06T11:52:07.2056956Z [INFO] Resolved dependency: gson-2.13.2.jar
2026-10-06T11:52:07.2057270Z [INFO] Resolved dependency: annotations-4.1.1.4.jar
2026-10-06T11:52:07.2057597Z [INFO] Resolved dependency: grpc-context-1.84.0.jar
2026-10-06T11:52:07.2057917Z [INFO] Resolved dependency: perfmark-api-0.27.0.jar
2026-10-06T11:52:07.2058421Z [INFO] Resolved dependency: animal-sniffer-annotations-1.27.jar
2026-10-06T11:52:07.2058790Z [INFO] Resolved dependency: grpc-stub-1.84.0.jar
2026-10-06T11:52:07.2059102Z [INFO] Resolved dependency: postgresql-42.7.9.jar
2026-10-06T11:52:07.2059425Z [INFO] Resolved dependency: checker-qual-3.52.0.jar
2026-10-06T11:52:07.2059792Z [INFO] ------------------------------------------------------------------------
2026-10-06T11:52:07.2060143Z [INFO] BUILD SUCCESS
2026-10-06T11:52:07.2060428Z [INFO] ------------------------------------------------------------------------
2026-10-06T11:52:07.2060774Z [INFO] Total time:  24.337 s
2026-10-06T11:52:07.2061018Z [INFO] Finished at: 2026-10-06T11:52:07Z
2026-10-06T11:52:07.2061344Z [INFO] ------------------------------------------------------------------------
2026-10-06T11:52:08.3908233Z [INFO] Scanning for projects...
2026-10-06T11:52:08.5192372Z [INFO] 
2026-10-06T11:52:08.5214986Z [INFO] --------------< org.weaveos.proof:test-provider-prefetch >--------------
2026-10-06T11:52:08.5215769Z [INFO] Building test-provider-prefetch 1
2026-10-06T11:52:08.5216314Z [INFO]   from provider-pom.xml
2026-10-06T11:52:08.5216932Z [INFO] --------------------------------[ jar ]---------------------------------
2026-10-06T11:52:08.5233559Z [INFO] 
2026-10-06T11:52:08.5241694Z [INFO] --- dependency:3.9.0:go-offline (default-cli) @ test-provider-prefetch ---
2026-10-06T11:52:09.7035687Z [INFO] Resolved plugin: maven-compiler-plugin-3.13.0.jar
2026-10-06T11:52:09.7064926Z [INFO] Resolved plugin dependency:
2026-10-06T11:52:10.0642834Z [INFO]       maven-compiler-plugin-3.13.0.jar
2026-10-06T11:52:10.0647363Z [INFO]       maven-shared-utils-3.4.2.jar
2026-10-06T11:52:10.0647947Z [INFO]       slf4j-api-1.7.36.jar
2026-10-06T11:52:10.0648420Z [INFO]       commons-io-2.11.0.jar
2026-10-06T11:52:10.0648946Z [INFO]       maven-shared-incremental-1.1.jar
2026-10-06T11:52:10.0649504Z [INFO]       plexus-java-1.2.0.jar
2026-10-06T11:52:10.0660137Z [INFO]       asm-9.6.jar
2026-10-06T11:52:10.0660647Z [INFO]       qdox-2.0.3.jar
2026-10-06T11:52:10.0661180Z [INFO]       plexus-compiler-api-2.15.0.jar
2026-10-06T11:52:10.0661815Z [INFO]       plexus-compiler-manager-2.15.0.jar
2026-10-06T11:52:10.0662357Z [INFO]       javax.inject-1.jar
2026-10-06T11:52:10.0663072Z [INFO]       plexus-xml-3.0.0.jar
2026-10-06T11:52:10.0663573Z [INFO]       plexus-compiler-javac-2.15.0.jar
2026-10-06T11:52:10.0664322Z [INFO]       plexus-utils-4.0.0.jar
2026-10-06T11:52:10.0918743Z [INFO] Resolved plugin: maven-surefire-plugin-3.2.5.jar
2026-10-06T11:52:10.0919627Z [INFO] Resolved plugin dependency:
2026-10-06T11:52:10.7859040Z [INFO]       maven-surefire-plugin-3.2.5.jar
2026-10-06T11:52:10.7860223Z [INFO]       maven-surefire-common-3.2.5.jar
2026-10-06T11:52:10.7864718Z [INFO]       surefire-api-3.2.5.jar
2026-10-06T11:52:10.7865522Z [INFO]       surefire-logger-api-3.2.5.jar
2026-10-06T11:52:10.7866348Z [INFO]       surefire-extensions-api-3.2.5.jar
2026-10-06T11:52:10.7866992Z [INFO]       surefire-booter-3.2.5.jar
2026-10-06T11:52:10.7867700Z [INFO]       surefire-extensions-spi-3.2.5.jar
2026-10-06T11:52:10.7868329Z [INFO]       aether-util-1.0.0.v20140518.jar
2026-10-06T11:52:10.7868915Z [INFO]       aether-api-1.0.0.v20140518.jar
2026-10-06T11:52:10.7869549Z [INFO]       maven-common-artifact-filters-3.1.1.jar
2026-10-06T11:52:10.7870047Z [INFO]       maven-artifact-3.2.5.jar
2026-10-06T11:52:10.7870694Z [INFO]       plexus-utils-4.0.0.jar
2026-10-06T11:52:10.7871330Z [INFO]       maven-core-3.2.5.jar
2026-10-06T11:52:10.7871850Z [INFO]       maven-settings-3.2.5.jar
2026-10-06T11:52:10.7872290Z [INFO]       maven-settings-builder-3.2.5.jar
2026-10-06T11:52:10.7872753Z [INFO]       maven-repository-metadata-3.2.5.jar
2026-10-06T11:52:10.7873220Z [INFO]       maven-model-builder-3.2.5.jar
2026-10-06T11:52:10.7873676Z [INFO]       maven-aether-provider-3.2.5.jar
2026-10-06T11:52:10.7874486Z [INFO]       aether-spi-1.0.0.v20140518.jar
2026-10-06T11:52:10.7874935Z [INFO]       aether-impl-1.0.0.v20140518.jar
2026-10-06T11:52:10.7875639Z [INFO]       org.eclipse.sisu.plexus-0.9.0.M2.jar
2026-10-06T11:52:10.7876094Z [INFO]       javax.annotation-api-1.2.jar
2026-10-06T11:52:10.7883220Z [INFO]       cdi-api-1.2.jar
2026-10-06T11:52:10.7884032Z [INFO]       org.eclipse.sisu.inject-0.9.0.M2.jar
2026-10-06T11:52:10.7884781Z [INFO]       sisu-guice-3.2.3-no_aop.jar
2026-10-06T11:52:10.7885405Z [INFO]       javax.inject-1.jar
2026-10-06T11:52:10.7885974Z [INFO]       aopalliance-1.0.jar
2026-10-06T11:52:10.7886531Z [INFO]       guava-16.0.1.jar
2026-10-06T11:52:10.7887128Z [INFO]       plexus-interpolation-1.21.jar
2026-10-06T11:52:10.7887755Z [INFO]       plexus-classworlds-2.5.2.jar
2026-10-06T11:52:10.7888419Z [INFO]       plexus-component-annotations-1.5.5.jar
2026-10-06T11:52:10.7889067Z [INFO]       plexus-sec-dispatcher-1.3.jar
2026-10-06T11:52:10.7889666Z [INFO]       plexus-cipher-1.4.jar
2026-10-06T11:52:10.7890251Z [INFO]       maven-plugin-api-3.2.5.jar
2026-10-06T11:52:10.7890843Z [INFO]       commons-io-2.15.1.jar
2026-10-06T11:52:10.7891425Z [INFO]       plexus-java-1.2.0.jar
2026-10-06T11:52:10.7891974Z [INFO]       asm-9.6.jar
2026-10-06T11:52:10.7892435Z [INFO]       qdox-2.0.3.jar
2026-10-06T11:52:10.7893018Z [INFO]       surefire-shared-utils-3.2.5.jar
2026-10-06T11:52:10.8076430Z [INFO] Resolved plugin: maven-jar-plugin-3.4.1.jar
2026-10-06T11:52:10.8077420Z [INFO] Resolved plugin dependency:
2026-10-06T11:52:10.8384867Z [INFO]       maven-jar-plugin-3.4.1.jar
2026-10-06T11:52:10.8385981Z [INFO]       file-management-3.1.0.jar
2026-10-06T11:52:10.8386865Z [INFO]       commons-io-2.16.1.jar
2026-10-06T11:52:10.8387603Z [INFO]       maven-archiver-3.6.2.jar
2026-10-06T11:52:10.8388375Z [INFO]       plexus-interpolation-1.27.jar
2026-10-06T11:52:10.8389149Z [INFO]       plexus-utils-4.0.1.jar
2026-10-06T11:52:10.8389870Z [INFO]       plexus-archiver-4.9.2.jar
2026-10-06T11:52:10.8390845Z [INFO]       plexus-io-3.4.2.jar
2026-10-06T11:52:10.8391548Z [INFO]       commons-compress-1.26.1.jar
2026-10-06T11:52:10.8392282Z [INFO]       commons-lang3-3.14.0.jar
2026-10-06T11:52:10.8392977Z [INFO]       commons-codec-1.16.1.jar
2026-10-06T11:52:10.8393680Z [INFO]       snappy-0.4.jar
2026-10-06T11:52:10.8394616Z [INFO]       xz-1.9.jar
2026-10-06T11:52:10.8395242Z [INFO]       zstd-jni-1.5.5-11.jar
2026-10-06T11:52:10.8402194Z [INFO]       javax.inject-1.jar
2026-10-06T11:52:10.8402720Z [INFO]       slf4j-api-1.7.36.jar
2026-10-06T11:52:10.8559538Z [INFO] Resolved plugin: maven-clean-plugin-3.2.0.jar
2026-10-06T11:52:10.8560453Z [INFO] Resolved plugin dependency:
2026-10-06T11:52:10.9416039Z [INFO]       maven-clean-plugin-3.2.0.jar
2026-10-06T11:52:10.9425448Z [INFO]       maven-shared-utils-3.3.4.jar
2026-10-06T11:52:10.9426164Z [INFO]       commons-io-2.6.jar
2026-10-06T11:52:10.9614094Z [INFO] Resolved plugin: maven-install-plugin-3.1.2.jar
2026-10-06T11:52:10.9615039Z [INFO] Resolved plugin dependency:
2026-10-06T11:52:11.0933087Z [INFO]       maven-install-plugin-3.1.2.jar
2026-10-06T11:52:11.0944914Z [INFO]       maven-resolver-util-1.9.18.jar
2026-10-06T11:52:11.0945739Z [INFO]       maven-resolver-api-1.9.18.jar
2026-10-06T11:52:11.0946488Z [INFO]       plexus-utils-4.0.1.jar
2026-10-06T11:52:11.0947163Z [INFO]       plexus-xml-3.0.0.jar
2026-10-06T11:52:11.0947878Z [INFO] Resolved plugin: maven-site-plugin-3.12.1.jar
2026-10-06T11:52:11.0948643Z [INFO] Resolved plugin dependency:
2026-10-06T11:52:11.3451425Z [INFO]       maven-site-plugin-3.12.1.jar
2026-10-06T11:52:11.3452712Z [INFO]       maven-reporting-api-3.1.1.jar
2026-10-06T11:52:11.3453580Z [INFO]       maven-reporting-exec-1.6.0.jar
2026-10-06T11:52:11.3454566Z [INFO]       maven-artifact-3.2.5.jar
2026-10-06T11:52:11.3455238Z [INFO]       maven-core-3.2.5.jar
2026-10-06T11:52:11.3455936Z [INFO]       maven-repository-metadata-3.2.5.jar
2026-10-06T11:52:11.3484624Z [INFO]       maven-model-builder-3.2.5.jar
2026-10-06T11:52:11.3485814Z [INFO]       maven-aether-provider-3.2.5.jar
2026-10-06T11:52:11.3486590Z [INFO]       aether-spi-1.0.0.v20140518.jar
2026-10-06T11:52:11.3503333Z [INFO]       aether-impl-1.0.0.v20140518.jar
2026-10-06T11:52:11.3504428Z [INFO]       aether-api-1.0.0.v20140518.jar
2026-10-06T11:52:11.3505180Z [INFO]       org.eclipse.sisu.plexus-0.3.5.jar
2026-10-06T11:52:11.3505926Z [INFO]       javax.annotation-api-1.2.jar
2026-10-06T11:52:11.3506611Z [INFO]       cdi-api-1.2.jar
2026-10-06T11:52:11.3507256Z [INFO]       org.eclipse.sisu.inject-0.3.5.jar
2026-10-06T11:52:11.3508015Z [INFO]       sisu-guice-3.2.3-no_aop.jar
2026-10-06T11:52:11.3508674Z [INFO]       javax.inject-1.jar
2026-10-06T11:52:11.3509320Z [INFO]       aopalliance-1.0.jar
2026-10-06T11:52:11.3509942Z [INFO]       guava-16.0.1.jar
2026-10-06T11:52:11.3522349Z [INFO]       plexus-classworlds-2.5.2.jar
2026-10-06T11:52:11.3523158Z [INFO]       plexus-sec-dispatcher-1.3.jar
2026-10-06T11:52:11.3528611Z [INFO]       plexus-cipher-1.4.jar
2026-10-06T11:52:11.3529335Z [INFO]       maven-model-3.2.5.jar
2026-10-06T11:52:11.3545360Z [INFO]       maven-plugin-api-3.2.5.jar
2026-10-06T11:52:11.3546109Z [INFO]       maven-settings-3.2.5.jar
2026-10-06T11:52:11.3546805Z [INFO]       maven-settings-builder-3.2.5.jar
2026-10-06T11:52:11.3547589Z [INFO]       aether-util-1.0.0.v20140518.jar
2026-10-06T11:52:11.3548267Z [INFO]       maven-shared-utils-3.3.4.jar
2026-10-06T11:52:11.3548913Z [INFO]       commons-io-2.6.jar
2026-10-06T11:52:11.3549512Z [INFO]       maven-archiver-3.5.2.jar
2026-10-06T11:52:11.3550153Z [INFO]       commons-compress-1.20.jar
2026-10-06T11:52:11.3550812Z [INFO]       plexus-interpolation-1.26.jar
2026-10-06T11:52:11.3551519Z [INFO]       plexus-archiver-4.2.7.jar
2026-10-06T11:52:11.3552205Z [INFO]       plexus-io-3.2.0.jar
2026-10-06T11:52:11.3552865Z [INFO]       snappy-0.4.jar
2026-10-06T11:52:11.3553484Z [INFO]       xz-1.9.jar
2026-10-06T11:52:11.3554362Z [INFO]       plexus-i18n-1.0-beta-10.jar
2026-10-06T11:52:11.3555095Z [INFO]       plexus-utils-3.4.2.jar
2026-10-06T11:52:11.3555793Z [INFO]       doxia-sink-api-1.11.1.jar
2026-10-06T11:52:11.3556524Z [INFO]       doxia-logging-api-1.11.1.jar
2026-10-06T11:52:11.3557221Z [INFO]       doxia-core-1.11.1.jar
2026-10-06T11:52:11.3557923Z [INFO]       plexus-container-default-2.1.0.jar
2026-10-06T11:52:11.3558667Z [INFO]       xbean-reflect-3.7.jar
2026-10-06T11:52:11.3559346Z [INFO]       google-collections-1.0.jar
2026-10-06T11:52:11.3560175Z [INFO]       plexus-component-annotations-2.1.1.jar
2026-10-06T11:52:11.3560957Z [INFO]       commons-lang3-3.8.1.jar
2026-10-06T11:52:11.3561640Z [INFO]       commons-text-1.3.jar
2026-10-06T11:52:11.3562674Z [INFO]       httpclient-4.5.13.jar
2026-10-06T11:52:11.3566049Z [INFO]       commons-logging-1.2.jar
2026-10-06T11:52:11.3566896Z [INFO]       commons-codec-1.11.jar
2026-10-06T11:52:11.3567579Z [INFO]       httpcore-4.4.14.jar
2026-10-06T11:52:11.3568257Z [INFO]       doxia-module-xhtml-1.11.1.jar
2026-10-06T11:52:11.3569098Z [INFO]       doxia-module-xhtml5-1.11.1.jar
2026-10-06T11:52:11.3569855Z [INFO]       doxia-module-apt-1.11.1.jar
2026-10-06T11:52:11.3570588Z [INFO]       doxia-module-xdoc-1.11.1.jar
2026-10-06T11:52:11.3571307Z [INFO]       doxia-module-fml-1.11.1.jar
2026-10-06T11:52:11.3572053Z [INFO]       doxia-module-markdown-1.11.1.jar
2026-10-06T11:52:11.3572888Z [INFO]       flexmark-all-0.42.14.jar
2026-10-06T11:52:11.3573538Z [INFO]       flexmark-0.42.14.jar
2026-10-06T11:52:11.3574480Z [INFO]       flexmark-ext-abbreviation-0.42.14.jar
2026-10-06T11:52:11.3575311Z [INFO]       flexmark-ext-admonition-0.42.14.jar
2026-10-06T11:52:11.3576099Z [INFO]       flexmark-ext-anchorlink-0.42.14.jar
2026-10-06T11:52:11.3576871Z [INFO]       flexmark-ext-aside-0.42.14.jar
2026-10-06T11:52:11.3577614Z [INFO]       flexmark-ext-attributes-0.42.14.jar
2026-10-06T11:52:11.3578356Z [INFO]       flexmark-ext-autolink-0.42.14.jar
2026-10-06T11:52:11.3579043Z [INFO]       autolink-0.6.0.jar
2026-10-06T11:52:11.3579874Z [INFO]       flexmark-ext-definition-0.42.14.jar
2026-10-06T11:52:11.3580652Z [INFO]       flexmark-ext-emoji-0.42.14.jar
2026-10-06T11:52:11.3581693Z [INFO]       flexmark-ext-enumerated-reference-0.42.14.jar
2026-10-06T11:52:11.3582565Z [INFO]       flexmark-ext-escaped-character-0.42.14.jar
2026-10-06T11:52:11.3583337Z [INFO]       flexmark-ext-footnotes-0.42.14.jar
2026-10-06T11:52:11.3584287Z [INFO]       flexmark-ext-gfm-issues-0.42.14.jar
2026-10-06T11:52:11.3585073Z [INFO]       flexmark-ext-gfm-strikethrough-0.42.14.jar
2026-10-06T11:52:11.3585866Z [INFO]       flexmark-ext-gfm-tables-0.42.14.jar
2026-10-06T11:52:11.3586629Z [INFO]       flexmark-ext-gfm-tasklist-0.42.14.jar
2026-10-06T11:52:11.3587412Z [INFO]       flexmark-ext-gfm-users-0.42.14.jar
2026-10-06T11:52:11.3588182Z [INFO]       flexmark-ext-gitlab-0.42.14.jar
2026-10-06T11:52:11.3588993Z [INFO]       flexmark-ext-jekyll-front-matter-0.42.14.jar
2026-10-06T11:52:11.3589826Z [INFO]       flexmark-ext-jekyll-tag-0.42.14.jar
2026-10-06T11:52:11.3590579Z [INFO]       flexmark-ext-media-tags-0.42.14.jar
2026-10-06T11:52:11.3591310Z [INFO]       flexmark-ext-macros-0.42.14.jar
2026-10-06T11:52:11.3592019Z [INFO]       flexmark-ext-ins-0.42.14.jar
2026-10-06T11:52:11.3592731Z [INFO]       flexmark-ext-xwiki-macros-0.42.14.jar
2026-10-06T11:52:11.3593497Z [INFO]       flexmark-ext-superscript-0.42.14.jar
2026-10-06T11:52:11.3594550Z [INFO]       flexmark-ext-tables-0.42.14.jar
2026-10-06T11:52:11.3595369Z [INFO]       flexmark-ext-toc-0.42.14.jar
2026-10-06T11:52:11.3596108Z [INFO]       flexmark-ext-typographic-0.42.14.jar
2026-10-06T11:52:11.3596945Z [INFO]       flexmark-ext-wikilink-0.42.14.jar
2026-10-06T11:52:11.3597864Z [INFO]       flexmark-ext-yaml-front-matter-0.42.14.jar
2026-10-06T11:52:11.3598782Z [INFO]       flexmark-ext-youtube-embedded-0.42.14.jar
2026-10-06T11:52:11.3609294Z [INFO]       flexmark-formatter-0.42.14.jar
2026-10-06T11:52:11.3610103Z [INFO]       flexmark-html-parser-0.42.14.jar
2026-10-06T11:52:11.3610864Z [INFO]       jsoup-1.10.2.jar
2026-10-06T11:52:11.3611686Z [INFO]       flexmark-jira-converter-0.42.14.jar
2026-10-06T11:52:11.3612634Z [INFO]       flexmark-profile-pegdown-0.42.14.jar
2026-10-06T11:52:11.3613503Z [INFO]       flexmark-util-0.42.14.jar
2026-10-06T11:52:11.3614629Z [INFO]       flexmark-youtrack-converter-0.42.14.jar
2026-10-06T11:52:11.3615457Z [INFO]       doxia-module-confluence-1.11.1.jar
2026-10-06T11:52:11.3616255Z [INFO]       doxia-module-docbook-simple-1.11.1.jar
2026-10-06T11:52:11.3617043Z [INFO]       doxia-module-twiki-1.11.1.jar
2026-10-06T11:52:11.3619956Z [INFO]       doxia-decoration-model-1.11.1.jar
2026-10-06T11:52:11.3620730Z [INFO]       doxia-site-renderer-1.11.1.jar
2026-10-06T11:52:11.3621701Z [INFO]       doxia-skin-model-1.11.1.jar
2026-10-06T11:52:11.3622407Z [INFO]       plexus-velocity-1.2.jar
2026-10-06T11:52:11.3623047Z [INFO]       velocity-1.7.jar
2026-10-06T11:52:11.3623638Z [INFO]       commons-lang-2.4.jar
2026-10-06T11:52:11.3624507Z [INFO]       velocity-tools-2.0.jar
2026-10-06T11:52:11.3625166Z [INFO]       commons-beanutils-1.7.0.jar
2026-10-06T11:52:11.3625861Z [INFO]       commons-digester-1.8.jar
2026-10-06T11:52:11.3626538Z [INFO]       commons-chain-1.1.jar
2026-10-06T11:52:11.3627170Z [INFO]       dom4j-1.1.jar
2026-10-06T11:52:11.3627740Z [INFO]       oro-2.0.8.jar
2026-10-06T11:52:11.3628355Z [INFO]       commons-collections-3.2.2.jar
2026-10-06T11:52:11.3629103Z [INFO]       doxia-integration-tools-1.11.1.jar
2026-10-06T11:52:11.3629838Z [INFO]       jetty-server-9.4.46.v20220331.jar
2026-10-06T11:52:11.3630539Z [INFO]       javax.servlet-api-3.1.0.jar
2026-10-06T11:52:11.3631226Z [INFO]       jetty-http-9.4.46.v20220331.jar
2026-10-06T11:52:11.3631923Z [INFO]       jetty-io-9.4.46.v20220331.jar
2026-10-06T11:52:11.3632640Z [INFO]       jetty-servlet-9.4.46.v20220331.jar
2026-10-06T11:52:11.3633378Z [INFO]       jetty-security-9.4.46.v20220331.jar
2026-10-06T11:52:11.3634334Z [INFO]       jetty-util-ajax-9.4.46.v20220331.jar
2026-10-06T11:52:11.3635101Z [INFO]       jetty-webapp-9.4.46.v20220331.jar
2026-10-06T11:52:11.3635801Z [INFO]       jetty-xml-9.4.46.v20220331.jar
2026-10-06T11:52:11.3636699Z [INFO]       jetty-util-9.4.46.v20220331.jar
2026-10-06T11:52:11.3637511Z [INFO] Resolved plugin: maven-resources-plugin-3.3.1.jar
2026-10-06T11:52:11.3638317Z [INFO] Resolved plugin dependency:
2026-10-06T11:52:11.3670246Z [INFO]       maven-resources-plugin-3.3.1.jar
2026-10-06T11:52:11.3671710Z [INFO]       plexus-interpolation-1.26.jar
2026-10-06T11:52:11.3672483Z [INFO]       plexus-utils-3.5.1.jar
2026-10-06T11:52:11.3673208Z [INFO]       maven-filtering-3.3.1.jar
2026-10-06T11:52:11.3674473Z [INFO]       javax.inject-1.jar
2026-10-06T11:52:11.3675542Z [INFO]       slf4j-api-1.7.36.jar
2026-10-06T11:52:11.3676293Z [INFO]       plexus-build-api-0.0.7.jar
2026-10-06T11:52:11.3676977Z [INFO]       commons-io-2.11.0.jar
2026-10-06T11:52:11.3677626Z [INFO]       commons-lang3-3.12.0.jar
2026-10-06T11:52:11.3866991Z [INFO] Resolved plugin: maven-deploy-plugin-3.1.2.jar
2026-10-06T11:52:11.3876216Z [INFO] Resolved plugin dependency:
2026-10-06T11:52:11.4092892Z [INFO]       maven-deploy-plugin-3.1.2.jar
2026-10-06T11:52:11.4093770Z [INFO]       plexus-utils-4.0.1.jar
2026-10-06T11:52:11.4094874Z [INFO]       plexus-xml-3.0.0.jar
2026-10-06T11:52:11.4095663Z [INFO]       maven-resolver-util-1.9.18.jar
2026-10-06T11:52:11.4096439Z [INFO]       maven-resolver-api-1.9.18.jar
2026-10-06T11:52:12.1089480Z [INFO] Resolved dependency: protoc-3.25.9-linux-x86_64.exe
2026-10-06T11:52:12.1090618Z [INFO] Resolved dependency: junit-platform-launcher-1.12.1.jar
2026-10-06T11:52:12.1091564Z [INFO] Resolved dependency: junit-platform-engine-1.12.1.jar
2026-10-06T11:52:12.1092853Z [INFO] Resolved dependency: opentest4j-1.3.0.jar
2026-10-06T11:52:12.1093551Z [INFO] Resolved dependency: junit-platform-commons-1.12.1.jar
2026-10-06T11:52:12.1094531Z [INFO] Resolved dependency: apiguardian-api-1.1.2.jar
2026-10-06T11:52:12.1095852Z [INFO] Resolved dependency: protoc-gen-grpc-java-1.84.0-linux-x86_64.exe
2026-10-06T11:52:12.1097077Z [INFO] Resolved dependency: surefire-junit-platform-3.5.4.jar
2026-10-06T11:52:12.1097728Z [INFO] Resolved dependency: common-java5-3.5.4.jar
2026-10-06T11:52:12.1098310Z [INFO] Resolved dependency: surefire-shared-utils-3.5.4.jar
2026-10-06T11:52:12.1098904Z [INFO] Resolved dependency: surefire-api-3.5.4.jar
2026-10-06T11:52:12.1099561Z [INFO] Resolved dependency: surefire-logger-api-3.5.4.jar
2026-10-06T11:52:12.1101402Z [INFO] ------------------------------------------------------------------------
2026-10-06T11:52:12.1102315Z [INFO] BUILD SUCCESS
2026-10-06T11:52:12.1103054Z [INFO] ------------------------------------------------------------------------
2026-10-06T11:52:12.1114790Z [INFO] Total time:  3.738 s
2026-10-06T11:52:12.1116144Z [INFO] Finished at: 2026-10-06T11:52:12Z
2026-10-06T11:52:12.1117071Z [INFO] ------------------------------------------------------------------------
2026-10-06T11:52:12.1525240Z ##[group]Run bash services/workflow-engine/run-tests.sh clean -Dtest=RootRuntimeConfigurationTest -Dworkflow.reports=ci-logs/runtime-config-reports test 2>&1 | tee services/workflow-engine/ci-logs/runtime-config-tests.txt
2026-10-06T11:52:12.1526895Z [36;1mbash services/workflow-engine/run-tests.sh clean -Dtest=RootRuntimeConfigurationTest -Dworkflow.reports=ci-logs/runtime-config-reports test 2>&1 | tee services/workflow-engine/ci-logs/runtime-config-tests.txt[0m
2026-10-06T11:52:12.1593368Z shell: /usr/bin/bash --noprofile --norc -e -o pipefail {0}
2026-10-06T11:52:12.1593716Z ##[endgroup]
2026-10-06T11:52:12.2163416Z Unable to find image 'postgres@sha256:5a5a84b19854a9ffaa54082c166ff4ec27473a361e496e5ea167f298f2da9722' locally
2026-10-06T11:52:12.3556471Z docker.io/library/postgres@sha256:5a5a84b19854a9ffaa54082c166ff4ec27473a361e496e5ea167f298f2da9722: Pulling from library/postgres
2026-10-06T11:52:12.4236758Z 6b37362b3da7: Pulling fs layer
2026-10-06T11:52:12.4237860Z 646f8088ba62: Pulling fs layer
2026-10-06T11:52:12.4238163Z 61c7e2f79e69: Pulling fs layer
2026-10-06T11:52:12.4238881Z 4640014a8e88: Pulling fs layer
2026-10-06T11:52:12.4239339Z 21e9cf2c46c2: Pulling fs layer
2026-10-06T11:52:12.4240235Z 7ee6b8b2d259: Pulling fs layer
2026-10-06T11:52:12.4241150Z 580a6c126420: Pulling fs layer
2026-10-06T11:52:12.4241744Z 41837be3e54d: Pulling fs layer
2026-10-06T11:52:12.4242192Z bba753ffc208: Pulling fs layer
2026-10-06T11:52:12.4242632Z 0e422c951642: Pulling fs layer
2026-10-06T11:52:12.4243841Z dc5a76842a4c: Pulling fs layer
2026-10-06T11:52:12.4244600Z 5696a7190adf: Pulling fs layer
2026-10-06T11:52:12.4245009Z 3b0757c8de7f: Pulling fs layer
2026-10-06T11:52:12.4245399Z 41837be3e54d: Waiting
2026-10-06T11:52:12.4245781Z bba753ffc208: Waiting
2026-10-06T11:52:12.4245989Z 0e422c951642: Waiting
2026-10-06T11:52:12.4246178Z dc5a76842a4c: Waiting
2026-10-06T11:52:12.4246369Z 5696a7190adf: Waiting
2026-10-06T11:52:12.4246556Z 3b0757c8de7f: Waiting
2026-10-06T11:52:12.4246760Z 21e9cf2c46c2: Waiting
2026-10-06T11:52:12.4246954Z 4640014a8e88: Waiting
2026-10-06T11:52:12.4247166Z 7ee6b8b2d259: Waiting
2026-10-06T11:52:12.4247367Z 580a6c126420: Waiting
2026-10-06T11:52:12.4533222Z 646f8088ba62: Verifying Checksum
2026-10-06T11:52:12.4534659Z 646f8088ba62: Download complete
2026-10-06T11:52:12.4953448Z 61c7e2f79e69: Verifying Checksum
2026-10-06T11:52:12.4957842Z 61c7e2f79e69: Download complete
2026-10-06T11:52:12.4967879Z 4640014a8e88: Verifying Checksum
2026-10-06T11:52:12.4973677Z 4640014a8e88: Download complete
2026-10-06T11:52:12.5396261Z 7ee6b8b2d259: Verifying Checksum
2026-10-06T11:52:12.5397286Z 7ee6b8b2d259: Download complete
2026-10-06T11:52:12.5635782Z 580a6c126420: Verifying Checksum
2026-10-06T11:52:12.5637120Z 580a6c126420: Download complete
2026-10-06T11:52:12.5675514Z 21e9cf2c46c2: Verifying Checksum
2026-10-06T11:52:12.5676360Z 6b37362b3da7: Verifying Checksum
2026-10-06T11:52:12.5677423Z 6b37362b3da7: Download complete
2026-10-06T11:52:12.5677894Z 21e9cf2c46c2: Download complete
2026-10-06T11:52:12.5867221Z 41837be3e54d: Verifying Checksum
2026-10-06T11:52:12.5885615Z 41837be3e54d: Download complete
2026-10-06T11:52:12.5964138Z 0e422c951642: Verifying Checksum
2026-10-06T11:52:12.5965979Z 0e422c951642: Download complete
2026-10-06T11:52:12.6157406Z dc5a76842a4c: Download complete
2026-10-06T11:52:12.6226484Z 5696a7190adf: Verifying Checksum
2026-10-06T11:52:12.6241505Z 5696a7190adf: Download complete
2026-10-06T11:52:12.6589052Z 3b0757c8de7f: Verifying Checksum
2026-10-06T11:52:12.6589707Z 3b0757c8de7f: Download complete
2026-10-06T11:52:13.1603445Z bba753ffc208: Verifying Checksum
2026-10-06T11:52:13.1604269Z bba753ffc208: Download complete
2026-10-06T11:52:13.7024707Z 6b37362b3da7: Pull complete
2026-10-06T11:52:14.3450703Z 646f8088ba62: Pull complete
2026-10-06T11:52:14.5124817Z 61c7e2f79e69: Pull complete
2026-10-06T11:52:14.5507058Z 4640014a8e88: Pull complete
2026-10-06T11:52:14.8527914Z 21e9cf2c46c2: Pull complete
2026-10-06T11:52:14.9229050Z 7ee6b8b2d259: Pull complete
2026-10-06T11:52:14.9330236Z 580a6c126420: Pull complete
2026-10-06T11:52:14.9410721Z 41837be3e54d: Pull complete
2026-10-06T11:52:18.0120326Z bba753ffc208: Pull complete
2026-10-06T11:52:18.0415217Z 0e422c951642: Pull complete
2026-10-06T11:52:18.0499536Z dc5a76842a4c: Pull complete
2026-10-06T11:52:18.0591420Z 5696a7190adf: Pull complete
2026-10-06T11:52:18.0670070Z 3b0757c8de7f: Pull complete
2026-10-06T11:52:18.0704535Z Digest: sha256:5a5a84b19854a9ffaa54082c166ff4ec27473a361e496e5ea167f298f2da9722
2026-10-06T11:52:18.0710788Z Status: Downloaded newer image for postgres@sha256:5a5a84b19854a9ffaa54082c166ff4ec27473a361e496e5ea167f298f2da9722
2026-10-06T11:52:19.4394146Z postgres (PostgreSQL) 18.6 (Debian 18.6-1.pgdg13+2)
2026-10-06T11:52:19.4545598Z fixture published ports={}
2026-10-06T11:52:19.4668273Z fixture network internal=true
2026-10-06T11:52:20.7915784Z [INFO] Scanning for projects...
2026-10-06T11:52:21.0208264Z [INFO] 
2026-10-06T11:52:21.0209005Z [INFO] --------------------< org.weaveos:workflow-engine >---------------------
2026-10-06T11:52:21.0209847Z [INFO] Building WeaveOS controlled workflow engine core 0.3.0-SNAPSHOT
2026-10-06T11:52:21.0210479Z [INFO]   from pom.xml
2026-10-06T11:52:21.0211332Z [INFO] --------------------------------[ jar ]---------------------------------
2026-10-06T11:52:21.5663195Z [INFO] 
2026-10-06T11:52:21.5663810Z [INFO] --- clean:3.5.0:clean (default-clean) @ workflow-engine ---
2026-10-06T11:52:21.6163261Z [INFO] 
2026-10-06T11:52:21.6165105Z [INFO] --- resources:3.3.1:resources (default-resources) @ workflow-engine ---
2026-10-06T11:52:21.7047076Z [INFO] skip non existing resourceDirectory /proof/src/main/resources
2026-10-06T11:52:21.7047931Z [INFO] skip non existing resourceDirectory /proof/src/main/resources
2026-10-06T11:52:21.7052754Z [INFO] 
2026-10-06T11:52:21.7054398Z [INFO] --- compiler:3.14.1:compile (default-compile) @ workflow-engine ---
2026-10-06T11:52:21.8023454Z [INFO] Recompiling the module because of changed source code.
2026-10-06T11:52:21.8079505Z [INFO] Compiling 31 source files with javac [debug parameters release 17] to target/classes
2026-10-06T11:52:24.2672905Z [INFO] 
2026-10-06T11:52:24.2680867Z [INFO] --- resources:3.3.1:testResources (default-testResources) @ workflow-engine ---
2026-10-06T11:52:24.2743232Z [INFO] Copying 6 resources from src/test/resources to target/test-classes
2026-10-06T11:52:24.2782919Z [INFO] 
2026-10-06T11:52:24.2783983Z [INFO] --- compiler:3.14.1:testCompile (default-testCompile) @ workflow-engine ---
2026-10-06T11:52:24.2860268Z [INFO] Recompiling the module because of changed dependency.
2026-10-06T11:52:24.2867517Z [INFO] Compiling 15 source files with javac [debug parameters release 17] to target/test-classes
2026-10-06T11:52:25.6177618Z [INFO] 
2026-10-06T11:52:25.6179404Z [INFO] --- surefire:3.5.4:test (default-test) @ workflow-engine ---
2026-10-06T11:52:25.7307815Z [INFO] Using auto detected provider org.apache.maven.surefire.junitplatform.JUnitPlatformProvider
2026-10-06T11:52:25.7669615Z [INFO] 
2026-10-06T11:52:25.7671201Z [INFO] -------------------------------------------------------
2026-10-06T11:52:25.7671988Z [INFO]  T E S T S
2026-10-06T11:52:25.7672583Z [INFO] -------------------------------------------------------
2026-10-06T11:52:26.5468382Z [INFO] Running org.weaveos.workflow.RootRuntimeConfigurationTest
2026-10-06T11:52:26.7089699Z [INFO] Tests run: 11, Failures: 0, Errors: 0, Skipped: 0, Time elapsed: 0.146 s -- in org.weaveos.workflow.RootRuntimeConfigurationTest
2026-10-06T11:52:26.7285664Z [INFO] 
2026-10-06T11:52:26.7289172Z [INFO] Results:
2026-10-06T11:52:26.7290046Z [INFO] 
2026-10-06T11:52:26.7291056Z [INFO] Tests run: 11, Failures: 0, Errors: 0, Skipped: 0
2026-10-06T11:52:26.7291820Z [INFO] 
2026-10-06T11:52:26.7325333Z [INFO] ------------------------------------------------------------------------
2026-10-06T11:52:26.7331820Z [INFO] BUILD SUCCESS
2026-10-06T11:52:26.7332810Z [INFO] ------------------------------------------------------------------------
2026-10-06T11:52:26.7341993Z [INFO] Total time:  5.961 s
2026-10-06T11:52:26.7342728Z [INFO] Finished at: 2026-10-06T11:52:26Z
2026-10-06T11:52:26.7343555Z [INFO] ------------------------------------------------------------------------
2026-10-06T11:52:26.9960820Z ##[group]Run python3 - <<'PYCODE'
2026-10-06T11:52:26.9961382Z [36;1mpython3 - <<'PYCODE'[0m
2026-10-06T11:52:26.9961772Z [36;1mfrom rpc_ci_gate import _java[0m
2026-10-06T11:52:26.9962411Z [36;1m_java("ci-logs/runtime-config-reports", "org.weaveos.workflow.RootRuntimeConfigurationTest", [[0m
2026-10-06T11:52:26.9963174Z [36;1m    "completeConfigurationUsesBoundedDefaults", "requiredFieldsFailClosed",[0m
2026-10-06T11:52:26.9963870Z [36;1m    "unsafeJdbcTargetsAreRejected", "privateAndLoopbackJdbcTargetsAreAccepted",[0m
2026-10-06T11:52:26.9965096Z [36;1m    "schemaUsesSafeExplicitIdentifier", "bindHostAndPortAreValidated",[0m
2026-10-06T11:52:26.9965877Z [36;1m    "resourceLimitsRejectInvalidOrUnboundedValues", "resourceBoundariesAreAccepted",[0m
2026-10-06T11:52:26.9977950Z [36;1m    "configurationAndErrorsNeverEchoSecrets", "unknownEngineOptionsAreNotSilentlyIgnored",[0m
2026-10-06T11:52:26.9978754Z [36;1m    "parsedConfigurationDoesNotRetainMutableEnvironmentMap",[0m
2026-10-06T11:52:26.9979375Z [36;1m])[0m
2026-10-06T11:52:26.9979571Z [36;1mPYCODE[0m
2026-10-06T11:52:27.0043261Z shell: /usr/bin/bash --noprofile --norc -e -o pipefail {0}
2026-10-06T11:52:27.0043607Z ##[endgroup]
2026-10-06T11:52:27.0518310Z ##[group]Run bash services/workflow-engine/run-tests.sh clean -Dtest=RootStartupCatalogReferenceTest -Dworkflow.reports=ci-logs/catalog-reference-reports test 2>&1 | tee services/workflow-engine/ci-logs/catalog-reference-tests.txt
2026-10-06T11:52:27.0519996Z [36;1mbash services/workflow-engine/run-tests.sh clean -Dtest=RootStartupCatalogReferenceTest -Dworkflow.reports=ci-logs/catalog-reference-reports test 2>&1 | tee services/workflow-engine/ci-logs/catalog-reference-tests.txt[0m
2026-10-06T11:52:27.0582784Z shell: /usr/bin/bash --noprofile --norc -e -o pipefail {0}
2026-10-06T11:52:27.0583116Z ##[endgroup]
2026-10-06T11:52:28.4754223Z postgres (PostgreSQL) 18.6 (Debian 18.6-1.pgdg13+2)
2026-10-06T11:52:28.4905163Z fixture published ports={}
2026-10-06T11:52:28.5025607Z fixture network internal=true
2026-10-06T11:52:29.8105889Z [INFO] Scanning for projects...
2026-10-06T11:52:30.0523690Z [INFO] 
2026-10-06T11:52:30.0525188Z [INFO] --------------------< org.weaveos:workflow-engine >---------------------
2026-10-06T11:52:30.0555841Z [INFO] Building WeaveOS controlled workflow engine core 0.3.0-SNAPSHOT
2026-10-06T11:52:30.0556513Z [INFO]   from pom.xml
2026-10-06T11:52:30.0557052Z [INFO] --------------------------------[ jar ]---------------------------------
2026-10-06T11:52:30.6512149Z [INFO] 
2026-10-06T11:52:30.6513293Z [INFO] --- clean:3.5.0:clean (default-clean) @ workflow-engine ---
2026-10-06T11:52:30.7099170Z [INFO] Deleting /proof/target
2026-10-06T11:52:30.7441204Z [INFO] 
2026-10-06T11:52:30.7448006Z [INFO] --- resources:3.3.1:resources (default-resources) @ workflow-engine ---
2026-10-06T11:52:30.8287752Z [INFO] skip non existing resourceDirectory /proof/src/main/resources
2026-10-06T11:52:30.8289735Z [INFO] skip non existing resourceDirectory /proof/src/main/resources
2026-10-06T11:52:30.8296175Z [INFO] 
2026-10-06T11:52:30.8297464Z [INFO] --- compiler:3.14.1:compile (default-compile) @ workflow-engine ---
2026-10-06T11:52:30.9337223Z [INFO] Recompiling the module because of changed source code.
2026-10-06T11:52:30.9401664Z [INFO] Compiling 31 source files with javac [debug parameters release 17] to target/classes
2026-10-06T11:52:33.4261064Z [INFO] 
2026-10-06T11:52:33.4261921Z [INFO] --- resources:3.3.1:testResources (default-testResources) @ workflow-engine ---
2026-10-06T11:52:33.4336083Z [INFO] Copying 6 resources from src/test/resources to target/test-classes
2026-10-06T11:52:33.4368215Z [INFO] 
2026-10-06T11:52:33.4369361Z [INFO] --- compiler:3.14.1:testCompile (default-testCompile) @ workflow-engine ---
2026-10-06T11:52:33.4451561Z [INFO] Recompiling the module because of changed dependency.
2026-10-06T11:52:33.4460263Z [INFO] Compiling 15 source files with javac [debug parameters release 17] to target/test-classes
2026-10-06T11:52:34.5119390Z [INFO] 
2026-10-06T11:52:34.5121357Z [INFO] --- surefire:3.5.4:test (default-test) @ workflow-engine ---
2026-10-06T11:52:34.6160334Z [INFO] Using auto detected provider org.apache.maven.surefire.junitplatform.JUnitPlatformProvider
2026-10-06T11:52:34.6546842Z [INFO] 
2026-10-06T11:52:34.6547889Z [INFO] -------------------------------------------------------
2026-10-06T11:52:34.6548917Z [INFO]  T E S T S
2026-10-06T11:52:34.6549548Z [INFO] -------------------------------------------------------
2026-10-06T11:52:35.4569013Z [INFO] Running org.weaveos.workflow.RootStartupCatalogReferenceTest
2026-10-06T11:52:37.0873424Z 11:52:37.032 [main] INFO org.flowable.common.engine.impl.async.DefaultAsyncTaskExecutor -- Creating thread pool queue of size 100
2026-10-06T11:52:37.0875685Z 11:52:37.034 [main] INFO org.flowable.common.engine.impl.async.DefaultAsyncTaskExecutor -- Creating thread factory with naming pattern flowable-async-task-invoker-thread-%d
2026-10-06T11:52:37.0877972Z 11:52:37.035 [main] INFO org.flowable.common.engine.impl.async.DefaultAsyncTaskExecutor -- Creating executor service with corePoolSize 8, maxPoolSize 8 and keepAliveTime 5000
2026-10-06T11:52:37.0881162Z 11:52:37.035 [main] INFO org.flowable.common.engine.impl.async.DefaultAsyncTaskExecutor -- Using rejectedExecutionHandler java.util.concurrent.ThreadPoolExecutor$CallerRunsPolicy@2e7157c7
2026-10-06T11:52:37.0883369Z 11:52:37.035 [main] INFO org.flowable.common.engine.impl.async.DefaultAsyncTaskExecutor -- Creating thread pool queue of size 2048
2026-10-06T11:52:37.0885706Z 11:52:37.035 [main] INFO org.flowable.common.engine.impl.async.DefaultAsyncTaskExecutor -- Creating thread factory with naming pattern flowable-async-job-executor-thread-%d
2026-10-06T11:52:37.0888041Z 11:52:37.035 [main] INFO org.flowable.common.engine.impl.async.DefaultAsyncTaskExecutor -- Creating executor service with corePoolSize 8, maxPoolSize 8 and keepAliveTime 5000
2026-10-06T11:52:37.0890587Z 11:52:37.068 [main] INFO org.flowable.common.engine.impl.db.CommonDbSchemaManager -- performing create on common with resource org/flowable/common/db/create/flowable.postgres.create.common.sql
2026-10-06T11:52:37.1836574Z 11:52:37.159 [main] INFO org.flowable.engine.impl.db.ProcessDbSchemaManager -- performing create on engine with resource org/flowable/db/create/flowable.postgres.create.engine.sql
2026-10-06T11:52:37.2816202Z 11:52:37.219 [main] INFO org.flowable.engine.impl.db.ProcessDbSchemaManager -- performing create on history with resource org/flowable/db/create/flowable.postgres.create.history.sql
2026-10-06T11:52:37.2818348Z 11:52:37.240 [main] INFO org.flowable.engine.impl.ProcessEngineImpl -- ProcessEngine default created
2026-10-06T11:52:37.3818719Z 11:52:37.284 [main] INFO org.flowable.engine.impl.cmd.ValidateV5EntitiesCmd -- Total of v5 deployments found: 0
2026-10-06T11:52:37.4987939Z [ERROR] Tests run: 1, Failures: 0, Errors: 1, Skipped: 0, Time elapsed: 2.026 s <<< FAILURE! -- in org.weaveos.workflow.RootStartupCatalogReferenceTest
2026-10-06T11:52:37.4995392Z [ERROR] org.weaveos.workflow.RootStartupCatalogReferenceTest.captureOfficialNativeAndProtocolCatalog -- Time elapsed: 1.993 s <<< ERROR!
2026-10-06T11:52:37.4997789Z org.postgresql.util.PSQLException: 
2026-10-06T11:52:37.4998348Z ERROR: operator is not unique: text || "char"
2026-10-06T11:52:37.4999107Z   Hint: Could not choose a best candidate operator. You might need to add explicit type casts.
2026-10-06T11:52:37.4999571Z   Position: 28
2026-10-06T11:52:37.5000016Z 	at org.postgresql.core.v3.QueryExecutorImpl.receiveErrorResponse(QueryExecutorImpl.java:2846)
2026-10-06T11:52:37.5000704Z 	at org.postgresql.core.v3.QueryExecutorImpl.processResults(QueryExecutorImpl.java:2531)
2026-10-06T11:52:37.5001476Z 	at org.postgresql.core.v3.QueryExecutorImpl.execute(QueryExecutorImpl.java:429)
2026-10-06T11:52:37.5002426Z 	at org.postgresql.jdbc.PgStatement.executeInternal(PgStatement.java:526)
2026-10-06T11:52:37.5002930Z 	at org.postgresql.jdbc.PgStatement.execute(PgStatement.java:436)
2026-10-06T11:52:37.5003514Z 	at org.postgresql.jdbc.PgPreparedStatement.executeWithFlags(PgPreparedStatement.java:196)
2026-10-06T11:52:37.5004735Z 	at org.postgresql.jdbc.PgPreparedStatement.executeQuery(PgPreparedStatement.java:139)
2026-10-06T11:52:37.5006179Z 	at org.weaveos.workflow.RootStartupCatalogReferenceTest.captureOfficialNativeAndProtocolCatalog(RootStartupCatalogReferenceTest.java:34)
2026-10-06T11:52:37.5006806Z 
2026-10-06T11:52:37.5291561Z [INFO] 
2026-10-06T11:52:37.5291975Z [INFO] Results:
2026-10-06T11:52:37.5292198Z [INFO] 
2026-10-06T11:52:37.5298552Z [ERROR] Errors: 
2026-10-06T11:52:37.5300545Z [ERROR]   RootStartupCatalogReferenceTest.captureOfficialNativeAndProtocolCatalog:34 » PSQL ERROR: operator is not unique: text || "char"
2026-10-06T11:52:37.5302336Z   Hint: Could not choose a best candidate operator. You might need to add explicit type casts.
2026-10-06T11:52:37.5303283Z   Position: 28
2026-10-06T11:52:37.5304731Z [INFO] 
2026-10-06T11:52:37.5305183Z [ERROR] Tests run: 1, Failures: 0, Errors: 1, Skipped: 0
2026-10-06T11:52:37.5306134Z [INFO] 
2026-10-06T11:52:37.5331365Z [INFO] ------------------------------------------------------------------------
2026-10-06T11:52:37.5331929Z [INFO] BUILD FAILURE
2026-10-06T11:52:37.5332553Z [INFO] ------------------------------------------------------------------------
2026-10-06T11:52:37.5341253Z [INFO] Total time:  7.743 s
2026-10-06T11:52:37.5351122Z [INFO] Finished at: 2026-10-06T11:52:37Z
2026-10-06T11:52:37.5351819Z [INFO] ------------------------------------------------------------------------
2026-10-06T11:52:37.5353092Z [ERROR] Failed to execute goal org.apache.maven.plugins:maven-surefire-plugin:3.5.4:test (default-test) on project workflow-engine: 
2026-10-06T11:52:37.5354363Z [ERROR] 
2026-10-06T11:52:37.5359390Z [ERROR] See /proof/ci-logs/catalog-reference-reports for the individual test results.
2026-10-06T11:52:37.5360728Z [ERROR] See dump files (if any exist) [date].dump, [date]-jvmRun[N].dump and [date].dumpstream.
2026-10-06T11:52:37.5364652Z [ERROR] -> [Help 1]
2026-10-06T11:52:37.5366541Z [ERROR] 
2026-10-06T11:52:37.5369079Z [ERROR] To see the full stack trace of the errors, re-run Maven with the -e switch.
2026-10-06T11:52:37.5370580Z [ERROR] Re-run Maven using the -X switch to enable full debug logging.
2026-10-06T11:52:37.5371649Z [ERROR] 
2026-10-06T11:52:37.5372566Z [ERROR] For more information about the errors and possible solutions, please read the following articles:
2026-10-06T11:52:37.5374120Z [ERROR] [Help 1] http://cwiki.apache.org/confluence/display/MAVEN/MojoFailureException
2026-10-06T11:52:37.7869084Z ##[error]Process completed with exit code 1.
2026-10-06T11:52:37.8042170Z ##[group]Run actions/upload-artifact@330a01c490aca151604b8cf639adc76d48f6c5d4
2026-10-06T11:52:37.8042593Z with:
2026-10-06T11:52:37.8042803Z   name: workflow-engine-37459190370
2026-10-06T11:52:37.8043655Z   path: services/workflow-engine/target/surefire-reports/
services/workflow-engine/target/envelope-ci-reports/
services/workflow-engine/target/execution-ci-reports/
services/workflow-engine/ci-logs/

2026-10-06T11:52:37.8044761Z   if-no-files-found: warn
2026-10-06T11:52:37.8044987Z   retention-days: 14
2026-10-06T11:52:37.8045195Z   compression-level: 6
2026-10-06T11:52:37.8045407Z   overwrite: false
2026-10-06T11:52:37.8045618Z   include-hidden-files: false
2026-10-06T11:52:37.8045850Z ##[endgroup]
2026-10-06T11:52:37.9721572Z (node:3910) [DEP0040] DeprecationWarning: The `punycode` module is deprecated. Please use a userland alternative instead.
2026-10-06T11:52:37.9722275Z (Use `node --trace-deprecation ...` to show where the warning was created)
2026-10-06T11:52:37.9835813Z Multiple search paths detected. Calculating the least common ancestor of all paths
2026-10-06T11:52:37.9838116Z The least common ancestor is /home/runner/work/WeaveOS/WeaveOS/services/workflow-engine. This will be the root directory of the artifact
2026-10-06T11:52:37.9839293Z With the provided path, there will be 8 files uploaded
2026-10-06T11:52:37.9841039Z Artifact name is valid!
2026-10-06T11:52:37.9842025Z Root directory input is valid!
2026-10-06T11:52:38.2058602Z Beginning upload of artifact content to blob storage
2026-10-06T11:52:38.2378465Z (node:3910) [DEP0169] DeprecationWarning: `url.parse()` behavior is not standardized and prone to errors that have security implications. Use the WHATWG URL API instead. CVEs are not issued for `url.parse()` vulnerabilities.
2026-10-06T11:52:38.2634313Z Uploaded bytes 16060
2026-10-06T11:52:38.2776726Z Finished uploading artifact content to blob storage!
2026-10-06T11:52:38.2777898Z SHA256 digest of uploaded artifact zip is 7c15f4004eae30f4779419ad3493252a8a1b27cdbee379db1f8c4a8424803e27
2026-10-06T11:52:38.2779843Z Finalizing artifact upload
2026-10-06T11:52:38.4843122Z Artifact workflow-engine-37459190370.zip successfully finalized. Artifact ID 11411107883
2026-10-06T11:52:38.4844778Z Artifact workflow-engine-37459190370 has been successfully uploaded! Final size is 16060 bytes. Artifact ID is 11411107883
2026-10-06T11:52:38.4850123Z Artifact download URL: https://github.com/Hubujiu/WeaveOS/actions/runs/37459190370/artifacts/11411107883
2026-10-06T11:52:38.5079265Z Post job cleanup.
2026-10-06T11:52:38.5934228Z [command]/usr/bin/git version
2026-10-06T11:52:38.5978682Z git version 2.55.0
2026-10-06T11:52:38.6018404Z Temporarily overriding HOME='/home/runner/work/_temp/645d6684-99f3-4c6a-b257-471eb85595e5' before making global git config changes
2026-10-06T11:52:38.6020086Z Adding repository directory to the temporary git global config as a safe directory
2026-10-06T11:52:38.6023299Z [command]/usr/bin/git config --global --add safe.directory /home/runner/work/WeaveOS/WeaveOS
2026-10-06T11:52:38.6063474Z [command]/usr/bin/git config --local --name-only --get-regexp core\.sshCommand
2026-10-06T11:52:38.6099126Z [command]/usr/bin/git submodule foreach --recursive sh -c "git config --local --name-only --get-regexp 'core\.sshCommand' && git config --local --unset-all 'core.sshCommand' || :"
2026-10-06T11:52:38.6358704Z [command]/usr/bin/git config --local --name-only --get-regexp http\.https\:\/\/github\.com\/\.extraheader
2026-10-06T11:52:38.6401505Z [command]/usr/bin/git submodule foreach --recursive sh -c "git config --local --name-only --get-regexp 'http\.https\:\/\/github\.com\/\.extraheader' && git config --local --unset-all 'http.https://github.com/.extraheader' || :"
2026-10-06T11:52:38.6657847Z [command]/usr/bin/git config --local --name-only --get-regexp ^includeIf\.gitdir:
2026-10-06T11:52:38.6690493Z [command]/usr/bin/git submodule foreach --recursive git config --local --show-origin --name-only --get-regexp remote.origin.url
2026-10-06T11:52:38.7139341Z Cleaning up orphan processes
2026-10-06T11:52:38.7647134Z ##[warning]Node.js 20 is deprecated. The following actions target Node.js 20 but are being forced to run on Node.js 24: actions/checkout@11d5960a326750d5838078e36cf38b85af677262, actions/upload-artifact@330a01c490aca151604b8cf639adc76d48f6c5d4. For more information see: https://github.blog/changelog/2025-09-19-deprecation-of-node-20-on-github-actions-runners/

