2026-10-06T11:55:34.8488419Z Current runner version: '2.337.0'
2026-10-06T11:55:34.8524943Z ##[group]Runner Image Provisioner
2026-10-06T11:55:34.8526514Z Hosted Compute Agent
2026-10-06T11:55:34.8527716Z Version: 20260901.588
2026-10-06T11:55:34.8528814Z Commit: f88ec8081b781fac6c440065ac7ff9e710ce3d0b
2026-10-06T11:55:34.8530118Z Build Date: 2026-09-01T19:56:44Z
2026-10-06T11:55:34.8531304Z Worker ID: {57df54ce-2c7b-4a2a-ae40-cd2b02a7108b}
2026-10-06T11:55:34.8532569Z Azure Region: eastus
2026-10-06T11:55:34.8533645Z ##[endgroup]
2026-10-06T11:55:34.8536379Z ##[group]Operating System
2026-10-06T11:55:34.8537556Z Ubuntu
2026-10-06T11:55:34.8538504Z 24.04.5
2026-10-06T11:55:34.8539446Z LTS
2026-10-06T11:55:34.8540440Z ##[endgroup]
2026-10-06T11:55:34.8541453Z ##[group]Runner Image
2026-10-06T11:55:34.8542627Z Image: ubuntu-24.04
2026-10-06T11:55:34.8543533Z Version: 20260927.320.1
2026-10-06T11:55:34.8546161Z Included Software: https://github.com/actions/runner-images/blob/ubuntu24/20260927.320/images/ubuntu/Ubuntu2404-Readme.md
2026-10-06T11:55:34.8549025Z Image Release: https://github.com/actions/runner-images/releases/tag/ubuntu24%2F20260927.320
2026-10-06T11:55:34.8550700Z ##[endgroup]
2026-10-06T11:55:34.8552490Z ##[group]GITHUB_TOKEN Permissions
2026-10-06T11:55:34.8555812Z Contents: read
2026-10-06T11:55:34.8556754Z Metadata: read
2026-10-06T11:55:34.8557844Z ##[endgroup]
2026-10-06T11:55:34.8561075Z Secret source: Actions
2026-10-06T11:55:34.8562735Z Cache mode: write
2026-10-06T11:55:34.8563911Z Prepare workflow directory
2026-10-06T11:55:34.9161141Z Prepare all required actions
2026-10-06T11:55:34.9234199Z Getting action download info
2026-10-06T11:55:35.1297454Z Download action repository 'actions/checkout@11d5960a326750d5838078e36cf38b85af677262' (SHA:11d5960a326750d5838078e36cf38b85af677262)
2026-10-06T11:55:35.2464173Z Download action repository 'actions/upload-artifact@330a01c490aca151604b8cf639adc76d48f6c5d4' (SHA:330a01c490aca151604b8cf639adc76d48f6c5d4)
2026-10-06T11:55:35.4888369Z Complete job name: workflow-engine
2026-10-06T11:55:35.5810777Z ##[group]Run actions/checkout@11d5960a326750d5838078e36cf38b85af677262
2026-10-06T11:55:35.5811855Z with:
2026-10-06T11:55:35.5812311Z   persist-credentials: false
2026-10-06T11:55:35.5812831Z   repository: Hubujiu/WeaveOS
2026-10-06T11:55:35.5816813Z   token: ***
2026-10-06T11:55:35.5817257Z   ssh-strict: true
2026-10-06T11:55:35.5817693Z   ssh-user: git
2026-10-06T11:55:35.5818107Z   clean: true
2026-10-06T11:55:35.5818549Z   sparse-checkout-cone-mode: true
2026-10-06T11:55:35.5819075Z   fetch-depth: 1
2026-10-06T11:55:35.5819492Z   fetch-tags: false
2026-10-06T11:55:35.5819926Z   show-progress: true
2026-10-06T11:55:35.5820365Z   lfs: false
2026-10-06T11:55:35.5820770Z   submodules: false
2026-10-06T11:55:35.5821203Z   set-safe-directory: true
2026-10-06T11:55:35.5821703Z   allow-unsafe-pr-checkout: false
2026-10-06T11:55:35.5822485Z ##[endgroup]
2026-10-06T11:55:35.6927542Z Syncing repository: Hubujiu/WeaveOS
2026-10-06T11:55:35.6930288Z ##[group]Getting Git version info
2026-10-06T11:55:35.6931550Z Working directory is '/home/runner/work/WeaveOS/WeaveOS'
2026-10-06T11:55:35.6933169Z [command]/usr/bin/git version
2026-10-06T11:55:35.6962421Z git version 2.55.0
2026-10-06T11:55:35.6987175Z ##[endgroup]
2026-10-06T11:55:35.7004778Z Temporarily overriding HOME='/home/runner/work/_temp/5bba3457-5086-4ed4-a306-6a9198d235ae' before making global git config changes
2026-10-06T11:55:35.7116045Z Adding repository directory to the temporary git global config as a safe directory
2026-10-06T11:55:35.7118960Z [command]/usr/bin/git config --global --add safe.directory /home/runner/work/WeaveOS/WeaveOS
2026-10-06T11:55:35.7123933Z Deleting the contents of '/home/runner/work/WeaveOS/WeaveOS'
2026-10-06T11:55:35.7126461Z ##[group]Initializing the repository
2026-10-06T11:55:35.7127519Z [command]/usr/bin/git init /home/runner/work/WeaveOS/WeaveOS
2026-10-06T11:55:35.7188488Z hint: Using 'master' as the name for the initial branch. This default branch name
2026-10-06T11:55:35.7190493Z hint: will change to "main" in Git 3.0. To configure the initial branch name
2026-10-06T11:55:35.7192816Z hint: to use in all of your new repositories, which will suppress this warning,
2026-10-06T11:55:35.7195807Z hint: call:
2026-10-06T11:55:35.7197148Z hint:
2026-10-06T11:55:35.7198540Z hint: 	git config --global init.defaultBranch <name>
2026-10-06T11:55:35.7199846Z hint:
2026-10-06T11:55:35.7201031Z hint: Names commonly chosen instead of 'master' are 'main', 'trunk' and
2026-10-06T11:55:35.7202778Z hint: 'development'. The just-created branch can be renamed via this command:
2026-10-06T11:55:35.7204158Z hint:
2026-10-06T11:55:35.7204932Z hint: 	git branch -m <name>
2026-10-06T11:55:35.7205998Z hint:
2026-10-06T11:55:35.7207112Z hint: Disable this message with "git config set advice.defaultBranchName false"
2026-10-06T11:55:35.7208662Z Initialized empty Git repository in /home/runner/work/WeaveOS/WeaveOS/.git/
2026-10-06T11:55:35.7211385Z [command]/usr/bin/git remote add origin https://github.com/Hubujiu/WeaveOS
2026-10-06T11:55:35.7264154Z ##[endgroup]
2026-10-06T11:55:35.7265806Z ##[group]Disabling automatic garbage collection
2026-10-06T11:55:35.7269159Z [command]/usr/bin/git config --local gc.auto 0
2026-10-06T11:55:35.7309884Z ##[endgroup]
2026-10-06T11:55:35.7311241Z ##[group]Setting up auth
2026-10-06T11:55:35.7318199Z [command]/usr/bin/git config --local --name-only --get-regexp core\.sshCommand
2026-10-06T11:55:35.7357350Z [command]/usr/bin/git submodule foreach --recursive sh -c "git config --local --name-only --get-regexp 'core\.sshCommand' && git config --local --unset-all 'core.sshCommand' || :"
2026-10-06T11:55:35.7757326Z [command]/usr/bin/git config --local --name-only --get-regexp http\.https\:\/\/github\.com\/\.extraheader
2026-10-06T11:55:35.7807901Z [command]/usr/bin/git submodule foreach --recursive sh -c "git config --local --name-only --get-regexp 'http\.https\:\/\/github\.com\/\.extraheader' && git config --local --unset-all 'http.https://github.com/.extraheader' || :"
2026-10-06T11:55:35.8068029Z [command]/usr/bin/git config --local --name-only --get-regexp ^includeIf\.gitdir:
2026-10-06T11:55:35.8112515Z [command]/usr/bin/git submodule foreach --recursive git config --local --show-origin --name-only --get-regexp remote.origin.url
2026-10-06T11:55:35.8376552Z [command]/usr/bin/git config --local http.https://github.com/.extraheader AUTHORIZATION: basic ***
2026-10-06T11:55:35.8428401Z ##[endgroup]
2026-10-06T11:55:35.8429881Z ##[group]Fetching the repository
2026-10-06T11:55:35.8440434Z [command]/usr/bin/git -c protocol.version=2 fetch --no-tags --prune --no-recurse-submodules --depth=1 origin +94154ef85a51e0bfb22deea4b5c2d4121e14ec0d:refs/remotes/pull/52/merge
2026-10-06T11:55:38.7402684Z From https://github.com/Hubujiu/WeaveOS
2026-10-06T11:55:38.7403527Z  * [new ref]         94154ef85a51e0bfb22deea4b5c2d4121e14ec0d -> pull/52/merge
2026-10-06T11:55:38.7406936Z ##[endgroup]
2026-10-06T11:55:38.7407933Z ##[group]Determining the checkout info
2026-10-06T11:55:38.7409130Z ##[endgroup]
2026-10-06T11:55:38.7415207Z [command]/usr/bin/git sparse-checkout disable
2026-10-06T11:55:38.7472687Z [command]/usr/bin/git config --local --unset-all extensions.worktreeConfig
2026-10-06T11:55:38.7538459Z ##[group]Checking out the ref
2026-10-06T11:55:38.7544299Z [command]/usr/bin/git checkout --progress --force refs/remotes/pull/52/merge
2026-10-06T11:55:39.5468226Z Note: switching to 'refs/remotes/pull/52/merge'.
2026-10-06T11:55:39.5468961Z 
2026-10-06T11:55:39.5469552Z You are in 'detached HEAD' state. You can look around, make experimental
2026-10-06T11:55:39.5470773Z changes and commit them, and you can discard any commits you make in this
2026-10-06T11:55:39.5472009Z state without impacting any branches by switching back to a branch.
2026-10-06T11:55:39.5472848Z 
2026-10-06T11:55:39.5473215Z If you want to create a new branch to retain commits you create, you may
2026-10-06T11:55:39.5473971Z do so (now or later) by using -c with the switch command. Example:
2026-10-06T11:55:39.5474388Z 
2026-10-06T11:55:39.5474635Z   git switch -c <new-branch-name>
2026-10-06T11:55:39.5475567Z 
2026-10-06T11:55:39.5475886Z Or undo this operation with:
2026-10-06T11:55:39.5476162Z 
2026-10-06T11:55:39.5476325Z   git switch -
2026-10-06T11:55:39.5476559Z 
2026-10-06T11:55:39.5476918Z Turn off this advice by setting config variable advice.detachedHead to false
2026-10-06T11:55:39.5477413Z 
2026-10-06T11:55:39.5477960Z HEAD is now at 94154ef Merge 264621d5cd3820bcf3b26a34b1a91844a47721be into 8fc8f2955d8c956de2c39f505f56c822f75a3405
2026-10-06T11:55:39.5511851Z ##[endgroup]
2026-10-06T11:55:39.5560602Z [command]/usr/bin/git log -1 --format=%H
2026-10-06T11:55:39.5591418Z 94154ef85a51e0bfb22deea4b5c2d4121e14ec0d
2026-10-06T11:55:39.5601559Z ##[group]Removing auth
2026-10-06T11:55:39.5606087Z [command]/usr/bin/git config --local --name-only --get-regexp core\.sshCommand
2026-10-06T11:55:39.5647041Z [command]/usr/bin/git submodule foreach --recursive sh -c "git config --local --name-only --get-regexp 'core\.sshCommand' && git config --local --unset-all 'core.sshCommand' || :"
2026-10-06T11:55:39.5891590Z [command]/usr/bin/git config --local --name-only --get-regexp http\.https\:\/\/github\.com\/\.extraheader
2026-10-06T11:55:39.5922239Z http.https://github.com/.extraheader
2026-10-06T11:55:39.5931236Z [command]/usr/bin/git config --local --unset-all http.https://github.com/.extraheader
2026-10-06T11:55:39.5973037Z [command]/usr/bin/git submodule foreach --recursive sh -c "git config --local --name-only --get-regexp 'http\.https\:\/\/github\.com\/\.extraheader' && git config --local --unset-all 'http.https://github.com/.extraheader' || :"
2026-10-06T11:55:39.6213348Z [command]/usr/bin/git config --local --name-only --get-regexp ^includeIf\.gitdir:
2026-10-06T11:55:39.6250959Z [command]/usr/bin/git submodule foreach --recursive git config --local --show-origin --name-only --get-regexp remote.origin.url
2026-10-06T11:55:39.6492271Z ##[endgroup]
2026-10-06T11:55:39.6718315Z ##[group]Run mkdir -p services/workflow-engine/ci-logs
2026-10-06T11:55:39.6718923Z [36;1mmkdir -p services/workflow-engine/ci-logs[0m
2026-10-06T11:55:39.6719597Z [36;1mpython3 services/workflow-engine/ci_gate_tests.py 2>&1 | tee services/workflow-engine/ci-logs/gate-tests.txt[0m
2026-10-06T11:55:39.6968436Z shell: /usr/bin/bash --noprofile --norc -e -o pipefail {0}
2026-10-06T11:55:39.6969037Z ##[endgroup]
2026-10-06T11:55:39.7932885Z ............
2026-10-06T11:55:39.7933532Z ----------------------------------------------------------------------
2026-10-06T11:55:39.7934179Z Ran 12 tests in 0.011s
2026-10-06T11:55:39.7934415Z 
2026-10-06T11:55:39.7934565Z OK
2026-10-06T11:55:39.8072209Z ##[group]Run bash services/workflow-engine/prepare-build.sh 2>&1 | tee services/workflow-engine/ci-logs/prepare.txt
2026-10-06T11:55:39.8073145Z [36;1mbash services/workflow-engine/prepare-build.sh 2>&1 | tee services/workflow-engine/ci-logs/prepare.txt[0m
2026-10-06T11:55:39.8138111Z shell: /usr/bin/bash --noprofile --norc -e -o pipefail {0}
2026-10-06T11:55:39.8138694Z ##[endgroup]
2026-10-06T11:55:39.9015380Z Unable to find image 'mirror.gcr.io/library/maven@sha256:fa7aa19829157d299ff05f631b51697a388dcd2f6955e84249ecc652015f217b' locally
2026-10-06T11:55:40.3966210Z mirror.gcr.io/library/maven@sha256:fa7aa19829157d299ff05f631b51697a388dcd2f6955e84249ecc652015f217b: Pulling from library/maven
2026-10-06T11:55:40.3971001Z 20043066d3d5: Pulling fs layer
2026-10-06T11:55:40.3973082Z 077c4ca28173: Pulling fs layer
2026-10-06T11:55:40.3974381Z b88b6ae1b108: Pulling fs layer
2026-10-06T11:55:40.3975619Z 67cf99ea3a75: Pulling fs layer
2026-10-06T11:55:40.3976912Z 02d80376fd82: Pulling fs layer
2026-10-06T11:55:40.3977771Z a48539624cab: Pulling fs layer
2026-10-06T11:55:40.3978510Z 066840a279be: Pulling fs layer
2026-10-06T11:55:40.3979230Z 00ce8eef72b0: Pulling fs layer
2026-10-06T11:55:40.3979862Z a00511e1babb: Pulling fs layer
2026-10-06T11:55:40.3980564Z 8f9d993fddb9: Pulling fs layer
2026-10-06T11:55:40.3981228Z 066840a279be: Waiting
2026-10-06T11:55:40.3981837Z 00ce8eef72b0: Waiting
2026-10-06T11:55:40.3983057Z a00511e1babb: Waiting
2026-10-06T11:55:40.3983679Z 8f9d993fddb9: Waiting
2026-10-06T11:55:40.3984371Z 67cf99ea3a75: Waiting
2026-10-06T11:55:40.3984956Z 02d80376fd82: Waiting
2026-10-06T11:55:40.9778273Z 077c4ca28173: Verifying Checksum
2026-10-06T11:55:40.9778699Z 077c4ca28173: Download complete
2026-10-06T11:55:41.0221761Z 20043066d3d5: Download complete
2026-10-06T11:55:41.3630007Z 02d80376fd82: Verifying Checksum
2026-10-06T11:55:41.3631109Z 02d80376fd82: Download complete
2026-10-06T11:55:41.4244392Z 67cf99ea3a75: Verifying Checksum
2026-10-06T11:55:41.4249660Z 67cf99ea3a75: Download complete
2026-10-06T11:55:41.9066226Z 066840a279be: Verifying Checksum
2026-10-06T11:55:41.9069214Z 066840a279be: Download complete
2026-10-06T11:55:41.9190925Z a48539624cab: Verifying Checksum
2026-10-06T11:55:41.9191509Z a48539624cab: Download complete
2026-10-06T11:55:42.0780901Z 20043066d3d5: Pull complete
2026-10-06T11:55:42.3016666Z a00511e1babb: Download complete
2026-10-06T11:55:42.3022184Z 00ce8eef72b0: Verifying Checksum
2026-10-06T11:55:42.3023223Z 00ce8eef72b0: Download complete
2026-10-06T11:55:42.4393393Z b88b6ae1b108: Verifying Checksum
2026-10-06T11:55:42.4395190Z b88b6ae1b108: Download complete
2026-10-06T11:55:42.6062869Z 8f9d993fddb9: Verifying Checksum
2026-10-06T11:55:42.6063861Z 8f9d993fddb9: Download complete
2026-10-06T11:55:44.0809189Z 077c4ca28173: Pull complete
2026-10-06T11:55:45.6856472Z b88b6ae1b108: Pull complete
2026-10-06T11:55:45.6942271Z 67cf99ea3a75: Pull complete
2026-10-06T11:55:45.7046923Z 02d80376fd82: Pull complete
2026-10-06T11:55:46.5387347Z a48539624cab: Pull complete
2026-10-06T11:55:46.6232638Z 066840a279be: Pull complete
2026-10-06T11:55:46.6328738Z 00ce8eef72b0: Pull complete
2026-10-06T11:55:46.6495191Z a00511e1babb: Pull complete
2026-10-06T11:55:46.6582275Z 8f9d993fddb9: Pull complete
2026-10-06T11:55:46.6618183Z Digest: sha256:fa7aa19829157d299ff05f631b51697a388dcd2f6955e84249ecc652015f217b
2026-10-06T11:55:46.6623697Z Status: Downloaded newer image for mirror.gcr.io/library/maven@sha256:fa7aa19829157d299ff05f631b51697a388dcd2f6955e84249ecc652015f217b
2026-10-06T11:55:49.0186560Z [INFO] Scanning for projects...
2026-10-06T11:55:52.7038293Z [INFO] 
2026-10-06T11:55:52.7046757Z [INFO] --------------------< org.weaveos:workflow-engine >---------------------
2026-10-06T11:55:52.7047515Z [INFO] Building WeaveOS controlled workflow engine core 0.3.0-SNAPSHOT
2026-10-06T11:55:52.7047906Z [INFO]   from pom.xml
2026-10-06T11:55:52.7048219Z [INFO] --------------------------------[ jar ]---------------------------------
2026-10-06T11:55:52.7080215Z [INFO] 
2026-10-06T11:55:52.7081860Z [INFO] --- dependency:3.9.0:go-offline (default-cli) @ workflow-engine ---
2026-10-06T11:55:57.4856758Z [INFO] Resolved plugin: maven-compiler-plugin-3.14.1.jar
2026-10-06T11:55:57.4876554Z [INFO] Resolved plugin dependency:
2026-10-06T11:55:57.9538164Z [INFO]       maven-compiler-plugin-3.14.1.jar
2026-10-06T11:55:57.9539309Z [INFO]       asm-9.8.jar
2026-10-06T11:55:57.9542710Z [INFO]       maven-shared-utils-3.4.2.jar
2026-10-06T11:55:57.9543262Z [INFO]       slf4j-api-1.7.36.jar
2026-10-06T11:55:57.9543715Z [INFO]       commons-io-2.11.0.jar
2026-10-06T11:55:57.9544582Z [INFO]       maven-shared-incremental-1.1.jar
2026-10-06T11:55:57.9545109Z [INFO]       plexus-java-1.5.0.jar
2026-10-06T11:55:57.9545808Z [INFO]       qdox-2.2.0.jar
2026-10-06T11:55:57.9546241Z [INFO]       plexus-compiler-api-2.15.0.jar
2026-10-06T11:55:57.9546788Z [INFO]       plexus-compiler-manager-2.15.0.jar
2026-10-06T11:55:57.9547309Z [INFO]       javax.inject-1.jar
2026-10-06T11:55:57.9547738Z [INFO]       plexus-xml-3.0.1.jar
2026-10-06T11:55:57.9548260Z [INFO]       plexus-compiler-javac-2.15.0.jar
2026-10-06T11:55:57.9549120Z [INFO]       plexus-utils-4.0.2.jar
2026-10-06T11:55:57.9549985Z [INFO] Resolved plugin: maven-surefire-plugin-3.5.4.jar
2026-10-06T11:55:57.9550800Z [INFO] Resolved plugin dependency:
2026-10-06T11:55:58.2068162Z [INFO]       maven-surefire-plugin-3.5.4.jar
2026-10-06T11:55:58.2068967Z [INFO]       surefire-api-3.5.4.jar
2026-10-06T11:55:58.2070296Z [INFO]       surefire-logger-api-3.5.4.jar
2026-10-06T11:55:58.2076146Z [INFO]       surefire-shared-utils-3.5.4.jar
2026-10-06T11:55:58.2079782Z [INFO]       surefire-extensions-api-3.5.4.jar
2026-10-06T11:55:58.2080671Z [INFO]       maven-surefire-common-3.5.4.jar
2026-10-06T11:55:58.2081468Z [INFO]       surefire-booter-3.5.4.jar
2026-10-06T11:55:58.2082200Z [INFO]       surefire-extensions-spi-3.5.4.jar
2026-10-06T11:55:58.2082881Z [INFO]       maven-resolver-util-1.4.1.jar
2026-10-06T11:55:58.2083494Z [INFO]       maven-resolver-api-1.4.1.jar
2026-10-06T11:55:58.2084177Z [INFO]       maven-common-artifact-filters-3.4.0.jar
2026-10-06T11:55:58.2084791Z [INFO]       slf4j-api-1.7.36.jar
2026-10-06T11:55:58.2085560Z [INFO]       plexus-java-1.5.0.jar
2026-10-06T11:55:58.2088492Z [INFO]       asm-9.8.jar
2026-10-06T11:55:58.2089441Z [INFO]       qdox-2.2.0.jar
2026-10-06T11:55:58.2094518Z [INFO] Resolved plugin: maven-jar-plugin-3.4.2.jar
2026-10-06T11:55:58.2095755Z [INFO] Resolved plugin dependency:
2026-10-06T11:55:58.4215639Z [INFO]       maven-jar-plugin-3.4.2.jar
2026-10-06T11:55:58.4216382Z [INFO]       file-management-3.1.0.jar
2026-10-06T11:55:58.4216832Z [INFO]       plexus-utils-4.0.1.jar
2026-10-06T11:55:58.4217524Z [INFO]       commons-io-2.16.1.jar
2026-10-06T11:55:58.4218121Z [INFO]       maven-archiver-3.6.2.jar
2026-10-06T11:55:58.4218758Z [INFO]       plexus-interpolation-1.27.jar
2026-10-06T11:55:58.4219686Z [INFO]       plexus-archiver-4.9.2.jar
2026-10-06T11:55:58.4220350Z [INFO]       plexus-io-3.4.2.jar
2026-10-06T11:55:58.4223938Z [INFO]       commons-compress-1.26.1.jar
2026-10-06T11:55:58.4224805Z [INFO]       commons-lang3-3.14.0.jar
2026-10-06T11:55:58.4226095Z [INFO]       commons-codec-1.16.1.jar
2026-10-06T11:55:58.4226960Z [INFO]       snappy-0.4.jar
2026-10-06T11:55:58.4227808Z [INFO]       xz-1.9.jar
2026-10-06T11:55:58.4228769Z [INFO]       zstd-jni-1.5.5-11.jar
2026-10-06T11:55:58.4230075Z [INFO]       javax.inject-1.jar
2026-10-06T11:55:58.4231111Z [INFO]       slf4j-api-1.7.36.jar
2026-10-06T11:55:58.4235248Z [INFO] Resolved plugin: maven-clean-plugin-3.5.0.jar
2026-10-06T11:55:58.4236016Z [INFO] Resolved plugin dependency:
2026-10-06T11:55:58.4286710Z [INFO]       maven-clean-plugin-3.5.0.jar
2026-10-06T11:55:58.4287284Z [INFO]       plexus-utils-4.0.2.jar
2026-10-06T11:55:58.4287849Z [INFO] Resolved plugin: protobuf-maven-plugin-0.6.1.jar
2026-10-06T11:55:58.4288401Z [INFO] Resolved plugin dependency:
2026-10-06T11:55:59.2511577Z [INFO]       protobuf-maven-plugin-0.6.1.jar
2026-10-06T11:55:59.2536768Z [INFO]       maven-plugin-api-3.0.jar
2026-10-06T11:55:59.2537847Z [INFO]       maven-model-3.0.jar
2026-10-06T11:55:59.2538756Z [INFO]       sisu-inject-plexus-1.4.2.jar
2026-10-06T11:55:59.2539569Z [INFO]       sisu-inject-bean-1.4.2.jar
2026-10-06T11:55:59.2540282Z [INFO]       sisu-guice-2.1.7-noaop.jar
2026-10-06T11:55:59.2540949Z [INFO]       maven-plugin-annotations-3.5.2.jar
2026-10-06T11:55:59.2541718Z [INFO]       plexus-utils-3.1.0.jar
2026-10-06T11:55:59.2542490Z [INFO]       plexus-component-annotations-1.7.1.jar
2026-10-06T11:55:59.2543280Z [INFO]       plexus-build-api-0.0.7.jar
2026-10-06T11:55:59.2543915Z [INFO]       maven-core-3.0.jar
2026-10-06T11:55:59.2544520Z [INFO]       maven-settings-3.0.jar
2026-10-06T11:55:59.2545188Z [INFO]       maven-settings-builder-3.0.jar
2026-10-06T11:55:59.2546181Z [INFO]       maven-repository-metadata-3.0.jar
2026-10-06T11:55:59.2546937Z [INFO]       maven-model-builder-3.0.jar
2026-10-06T11:55:59.2547710Z [INFO]       maven-aether-provider-3.0.jar
2026-10-06T11:55:59.2548441Z [INFO]       aether-impl-1.7.jar
2026-10-06T11:55:59.2549088Z [INFO]       aether-spi-1.7.jar
2026-10-06T11:55:59.2549688Z [INFO]       aether-api-1.7.jar
2026-10-06T11:55:59.2550285Z [INFO]       aether-util-1.7.jar
2026-10-06T11:55:59.2550920Z [INFO]       plexus-interpolation-1.14.jar
2026-10-06T11:55:59.2551627Z [INFO]       plexus-classworlds-2.2.3.jar
2026-10-06T11:55:59.2552343Z [INFO]       plexus-sec-dispatcher-1.3.jar
2026-10-06T11:55:59.2553394Z [INFO]       plexus-cipher-1.4.jar
2026-10-06T11:55:59.2554037Z [INFO]       maven-artifact-3.0.jar
2026-10-06T11:55:59.2554678Z [INFO]       maven-compat-3.0.jar
2026-10-06T11:55:59.2555588Z [INFO]       wagon-provider-api-1.0-beta-6.jar
2026-10-06T11:55:59.2556379Z [INFO] Resolved plugin: maven-install-plugin-3.1.4.jar
2026-10-06T11:55:59.2557094Z [INFO] Resolved plugin dependency:
2026-10-06T11:55:59.3967239Z [INFO]       maven-install-plugin-3.1.4.jar
2026-10-06T11:55:59.3976917Z [INFO]       maven-resolver-util-1.9.22.jar
2026-10-06T11:55:59.3977744Z [INFO]       maven-resolver-api-1.9.22.jar
2026-10-06T11:55:59.3978835Z [INFO]       plexus-utils-4.0.1.jar
2026-10-06T11:55:59.3979686Z [INFO]       plexus-xml-3.0.1.jar
2026-10-06T11:55:59.3980649Z [INFO] Resolved plugin: maven-site-plugin-3.12.1.jar
2026-10-06T11:55:59.3981616Z [INFO] Resolved plugin dependency:
2026-10-06T11:56:07.7655873Z [INFO]       maven-site-plugin-3.12.1.jar
2026-10-06T11:56:07.7658201Z [INFO]       maven-reporting-api-3.1.1.jar
2026-10-06T11:56:07.7660274Z [INFO]       maven-reporting-exec-1.6.0.jar
2026-10-06T11:56:07.7660800Z [INFO]       maven-artifact-3.2.5.jar
2026-10-06T11:56:07.7661218Z [INFO]       maven-core-3.2.5.jar
2026-10-06T11:56:07.7661711Z [INFO]       maven-repository-metadata-3.2.5.jar
2026-10-06T11:56:07.7662205Z [INFO]       maven-model-builder-3.2.5.jar
2026-10-06T11:56:07.7662678Z [INFO]       maven-aether-provider-3.2.5.jar
2026-10-06T11:56:07.7663195Z [INFO]       aether-spi-1.0.0.v20140518.jar
2026-10-06T11:56:07.7663705Z [INFO]       aether-impl-1.0.0.v20140518.jar
2026-10-06T11:56:07.7664169Z [INFO]       aether-api-1.0.0.v20140518.jar
2026-10-06T11:56:07.7664653Z [INFO]       org.eclipse.sisu.plexus-0.3.5.jar
2026-10-06T11:56:07.7665146Z [INFO]       javax.annotation-api-1.2.jar
2026-10-06T11:56:07.7665789Z [INFO]       cdi-api-1.2.jar
2026-10-06T11:56:07.7666208Z [INFO]       org.eclipse.sisu.inject-0.3.5.jar
2026-10-06T11:56:07.7672213Z [INFO]       sisu-guice-3.2.3-no_aop.jar
2026-10-06T11:56:07.7673007Z [INFO]       javax.inject-1.jar
2026-10-06T11:56:07.7676924Z [INFO]       aopalliance-1.0.jar
2026-10-06T11:56:07.7679780Z [INFO]       guava-16.0.1.jar
2026-10-06T11:56:07.7680298Z [INFO]       plexus-classworlds-2.5.2.jar
2026-10-06T11:56:07.7680851Z [INFO]       plexus-sec-dispatcher-1.3.jar
2026-10-06T11:56:07.7681394Z [INFO]       plexus-cipher-1.4.jar
2026-10-06T11:56:07.7682125Z [INFO]       maven-model-3.2.5.jar
2026-10-06T11:56:07.7682562Z [INFO]       maven-plugin-api-3.2.5.jar
2026-10-06T11:56:07.7683318Z [INFO]       maven-settings-3.2.5.jar
2026-10-06T11:56:07.7683865Z [INFO]       maven-settings-builder-3.2.5.jar
2026-10-06T11:56:07.7684357Z [INFO]       aether-util-1.0.0.v20140518.jar
2026-10-06T11:56:07.7684853Z [INFO]       maven-shared-utils-3.3.4.jar
2026-10-06T11:56:07.7685556Z [INFO]       commons-io-2.6.jar
2026-10-06T11:56:07.7686023Z [INFO]       maven-archiver-3.5.2.jar
2026-10-06T11:56:07.7686513Z [INFO]       commons-compress-1.20.jar
2026-10-06T11:56:07.7687048Z [INFO]       plexus-interpolation-1.26.jar
2026-10-06T11:56:07.7687546Z [INFO]       plexus-archiver-4.2.7.jar
2026-10-06T11:56:07.7688007Z [INFO]       plexus-io-3.2.0.jar
2026-10-06T11:56:07.7688431Z [INFO]       snappy-0.4.jar
2026-10-06T11:56:07.7688807Z [INFO]       xz-1.9.jar
2026-10-06T11:56:07.7689196Z [INFO]       plexus-i18n-1.0-beta-10.jar
2026-10-06T11:56:07.7689664Z [INFO]       plexus-utils-3.4.2.jar
2026-10-06T11:56:07.7706024Z [INFO]       doxia-sink-api-1.11.1.jar
2026-10-06T11:56:07.7706831Z [INFO]       doxia-logging-api-1.11.1.jar
2026-10-06T11:56:07.7716190Z [INFO]       doxia-core-1.11.1.jar
2026-10-06T11:56:07.7725289Z [INFO]       plexus-container-default-2.1.0.jar
2026-10-06T11:56:07.7726317Z [INFO]       xbean-reflect-3.7.jar
2026-10-06T11:56:07.7727026Z [INFO]       google-collections-1.0.jar
2026-10-06T11:56:07.7727899Z [INFO]       plexus-component-annotations-2.1.1.jar
2026-10-06T11:56:07.7728766Z [INFO]       commons-lang3-3.8.1.jar
2026-10-06T11:56:07.7729803Z [INFO]       commons-text-1.3.jar
2026-10-06T11:56:07.7730455Z [INFO]       httpclient-4.5.13.jar
2026-10-06T11:56:07.7736958Z [INFO]       commons-logging-1.2.jar
2026-10-06T11:56:07.7737654Z [INFO]       commons-codec-1.11.jar
2026-10-06T11:56:07.7738352Z [INFO]       httpcore-4.4.14.jar
2026-10-06T11:56:07.7739034Z [INFO]       doxia-module-xhtml-1.11.1.jar
2026-10-06T11:56:07.7739749Z [INFO]       doxia-module-xhtml5-1.11.1.jar
2026-10-06T11:56:07.7740457Z [INFO]       doxia-module-apt-1.11.1.jar
2026-10-06T11:56:07.7741202Z [INFO]       doxia-module-xdoc-1.11.1.jar
2026-10-06T11:56:07.7741907Z [INFO]       doxia-module-fml-1.11.1.jar
2026-10-06T11:56:07.7742656Z [INFO]       doxia-module-markdown-1.11.1.jar
2026-10-06T11:56:07.7743415Z [INFO]       flexmark-all-0.42.14.jar
2026-10-06T11:56:07.7744081Z [INFO]       flexmark-0.42.14.jar
2026-10-06T11:56:07.7744720Z [INFO]       flexmark-ext-abbreviation-0.42.14.jar
2026-10-06T11:56:07.7745757Z [INFO]       flexmark-ext-admonition-0.42.14.jar
2026-10-06T11:56:07.7746515Z [INFO]       flexmark-ext-anchorlink-0.42.14.jar
2026-10-06T11:56:07.7747231Z [INFO]       flexmark-ext-aside-0.42.14.jar
2026-10-06T11:56:07.7747954Z [INFO]       flexmark-ext-attributes-0.42.14.jar
2026-10-06T11:56:07.7748719Z [INFO]       flexmark-ext-autolink-0.42.14.jar
2026-10-06T11:56:07.7749440Z [INFO]       autolink-0.6.0.jar
2026-10-06T11:56:07.7750225Z [INFO]       flexmark-ext-definition-0.42.14.jar
2026-10-06T11:56:07.7750930Z [INFO]       flexmark-ext-emoji-0.42.14.jar
2026-10-06T11:56:07.7751692Z [INFO]       flexmark-ext-enumerated-reference-0.42.14.jar
2026-10-06T11:56:07.7752507Z [INFO]       flexmark-ext-escaped-character-0.42.14.jar
2026-10-06T11:56:07.7753303Z [INFO]       flexmark-ext-footnotes-0.42.14.jar
2026-10-06T11:56:07.7753802Z [INFO]       flexmark-ext-gfm-issues-0.42.14.jar
2026-10-06T11:56:07.7754303Z [INFO]       flexmark-ext-gfm-strikethrough-0.42.14.jar
2026-10-06T11:56:07.7754806Z [INFO]       flexmark-ext-gfm-tables-0.42.14.jar
2026-10-06T11:56:07.7755487Z [INFO]       flexmark-ext-gfm-tasklist-0.42.14.jar
2026-10-06T11:56:07.7756065Z [INFO]       flexmark-ext-gfm-users-0.42.14.jar
2026-10-06T11:56:07.7756519Z [INFO]       flexmark-ext-gitlab-0.42.14.jar
2026-10-06T11:56:07.7757000Z [INFO]       flexmark-ext-jekyll-front-matter-0.42.14.jar
2026-10-06T11:56:07.7757495Z [INFO]       flexmark-ext-jekyll-tag-0.42.14.jar
2026-10-06T11:56:07.7757948Z [INFO]       flexmark-ext-media-tags-0.42.14.jar
2026-10-06T11:56:07.7758526Z [INFO]       flexmark-ext-macros-0.42.14.jar
2026-10-06T11:56:07.7759185Z [INFO]       flexmark-ext-ins-0.42.14.jar
2026-10-06T11:56:07.7759665Z [INFO]       flexmark-ext-xwiki-macros-0.42.14.jar
2026-10-06T11:56:07.7760132Z [INFO]       flexmark-ext-superscript-0.42.14.jar
2026-10-06T11:56:07.7760591Z [INFO]       flexmark-ext-tables-0.42.14.jar
2026-10-06T11:56:07.7761015Z [INFO]       flexmark-ext-toc-0.42.14.jar
2026-10-06T11:56:07.7761455Z [INFO]       flexmark-ext-typographic-0.42.14.jar
2026-10-06T11:56:07.7761908Z [INFO]       flexmark-ext-wikilink-0.42.14.jar
2026-10-06T11:56:07.7762392Z [INFO]       flexmark-ext-yaml-front-matter-0.42.14.jar
2026-10-06T11:56:07.7762891Z [INFO]       flexmark-ext-youtube-embedded-0.42.14.jar
2026-10-06T11:56:07.7763354Z [INFO]       flexmark-formatter-0.42.14.jar
2026-10-06T11:56:07.7763791Z [INFO]       flexmark-html-parser-0.42.14.jar
2026-10-06T11:56:07.7764218Z [INFO]       jsoup-1.10.2.jar
2026-10-06T11:56:07.7764621Z [INFO]       flexmark-jira-converter-0.42.14.jar
2026-10-06T11:56:07.7765079Z [INFO]       flexmark-profile-pegdown-0.42.14.jar
2026-10-06T11:56:07.7765820Z [INFO]       flexmark-util-0.42.14.jar
2026-10-06T11:56:07.7766505Z [INFO]       flexmark-youtrack-converter-0.42.14.jar
2026-10-06T11:56:07.7767086Z [INFO]       doxia-module-confluence-1.11.1.jar
2026-10-06T11:56:07.7767623Z [INFO]       doxia-module-docbook-simple-1.11.1.jar
2026-10-06T11:56:07.7767949Z [INFO]       doxia-module-twiki-1.11.1.jar
2026-10-06T11:56:07.7768244Z [INFO]       doxia-decoration-model-1.11.1.jar
2026-10-06T11:56:07.7768765Z [INFO]       doxia-site-renderer-1.11.1.jar
2026-10-06T11:56:07.7769054Z [INFO]       doxia-skin-model-1.11.1.jar
2026-10-06T11:56:07.7769365Z [INFO]       plexus-velocity-1.2.jar
2026-10-06T11:56:07.7769632Z [INFO]       velocity-1.7.jar
2026-10-06T11:56:07.7769878Z [INFO]       commons-lang-2.4.jar
2026-10-06T11:56:07.7770132Z [INFO]       velocity-tools-2.0.jar
2026-10-06T11:56:07.7770396Z [INFO]       commons-beanutils-1.7.0.jar
2026-10-06T11:56:07.7770676Z [INFO]       commons-digester-1.8.jar
2026-10-06T11:56:07.7770950Z [INFO]       commons-chain-1.1.jar
2026-10-06T11:56:07.7771203Z [INFO]       dom4j-1.1.jar
2026-10-06T11:56:07.7771424Z [INFO]       oro-2.0.8.jar
2026-10-06T11:56:07.7771681Z [INFO]       commons-collections-3.2.2.jar
2026-10-06T11:56:07.7771988Z [INFO]       doxia-integration-tools-1.11.1.jar
2026-10-06T11:56:07.7772301Z [INFO]       jetty-server-9.4.46.v20220331.jar
2026-10-06T11:56:07.7772596Z [INFO]       javax.servlet-api-3.1.0.jar
2026-10-06T11:56:07.7772887Z [INFO]       jetty-http-9.4.46.v20220331.jar
2026-10-06T11:56:07.7773168Z [INFO]       jetty-io-9.4.46.v20220331.jar
2026-10-06T11:56:07.7773453Z [INFO]       jetty-servlet-9.4.46.v20220331.jar
2026-10-06T11:56:07.7773769Z [INFO]       jetty-security-9.4.46.v20220331.jar
2026-10-06T11:56:07.7774081Z [INFO]       jetty-util-ajax-9.4.46.v20220331.jar
2026-10-06T11:56:07.7774414Z [INFO]       jetty-webapp-9.4.46.v20220331.jar
2026-10-06T11:56:07.7774709Z [INFO]       jetty-xml-9.4.46.v20220331.jar
2026-10-06T11:56:07.7774994Z [INFO]       jetty-util-9.4.46.v20220331.jar
2026-10-06T11:56:07.7775535Z [INFO] Resolved plugin: maven-resources-plugin-3.3.1.jar
2026-10-06T11:56:07.7775879Z [INFO] Resolved plugin dependency:
2026-10-06T11:56:07.9206902Z [INFO]       maven-resources-plugin-3.3.1.jar
2026-10-06T11:56:07.9207860Z [INFO]       plexus-interpolation-1.26.jar
2026-10-06T11:56:07.9208640Z [INFO]       plexus-utils-3.5.1.jar
2026-10-06T11:56:07.9209260Z [INFO]       maven-filtering-3.3.1.jar
2026-10-06T11:56:07.9209920Z [INFO]       javax.inject-1.jar
2026-10-06T11:56:07.9210523Z [INFO]       slf4j-api-1.7.36.jar
2026-10-06T11:56:07.9211252Z [INFO]       plexus-build-api-0.0.7.jar
2026-10-06T11:56:07.9216316Z [INFO]       commons-io-2.11.0.jar
2026-10-06T11:56:07.9216835Z [INFO]       commons-lang3-3.12.0.jar
2026-10-06T11:56:07.9217392Z [INFO] Resolved plugin: maven-deploy-plugin-3.1.4.jar
2026-10-06T11:56:07.9217976Z [INFO] Resolved plugin dependency:
2026-10-06T11:56:07.9237481Z [INFO]       maven-deploy-plugin-3.1.4.jar
2026-10-06T11:56:07.9238706Z [INFO]       plexus-utils-4.0.1.jar
2026-10-06T11:56:07.9239467Z [INFO]       plexus-xml-3.0.1.jar
2026-10-06T11:56:07.9239983Z [INFO]       maven-resolver-util-1.9.22.jar
2026-10-06T11:56:07.9240546Z [INFO]       maven-resolver-api-1.9.22.jar
2026-10-06T11:56:11.9810877Z [INFO] Resolved dependency: junit-platform-launcher-6.0.2.jar
2026-10-06T11:56:11.9812235Z [INFO] Resolved dependency: junit-platform-engine-6.0.2.jar
2026-10-06T11:56:11.9813665Z [INFO] Resolved dependency: opentest4j-1.3.0.jar
2026-10-06T11:56:11.9826677Z [INFO] Resolved dependency: junit-platform-commons-6.0.2.jar
2026-10-06T11:56:11.9827631Z [INFO] Resolved dependency: apiguardian-api-1.1.2.jar
2026-10-06T11:56:11.9828749Z [INFO] Resolved dependency: jspecify-1.0.0.jar
2026-10-06T11:56:11.9829665Z [INFO] Resolved dependency: protobuf-java-3.25.9.jar
2026-10-06T11:56:11.9830577Z [INFO] Resolved dependency: flowable-spring-8.0.0.jar
2026-10-06T11:56:11.9831457Z [INFO] Resolved dependency: flowable-engine-8.0.0.jar
2026-10-06T11:56:11.9832455Z [INFO] Resolved dependency: flowable-bpmn-converter-8.0.0.jar
2026-10-06T11:56:11.9882345Z [INFO] Resolved dependency: flowable-bpmn-model-8.0.0.jar
2026-10-06T11:56:11.9883165Z [INFO] Resolved dependency: flowable-process-validation-8.0.0.jar
2026-10-06T11:56:11.9883935Z [INFO] Resolved dependency: flowable-image-generator-8.0.0.jar
2026-10-06T11:56:11.9884693Z [INFO] Resolved dependency: flowable-engine-common-api-8.0.0.jar
2026-10-06T11:56:11.9885707Z [INFO] Resolved dependency: flowable-engine-common-8.0.0.jar
2026-10-06T11:56:11.9886808Z [INFO] Resolved dependency: flowable-variable-service-api-8.0.0.jar
2026-10-06T11:56:11.9887591Z [INFO] Resolved dependency: flowable-event-registry-api-8.0.0.jar
2026-10-06T11:56:11.9888326Z [INFO] Resolved dependency: jackson-databind-3.0.4.jar
2026-10-06T11:56:11.9888938Z [INFO] Resolved dependency: jackson-core-3.0.4.jar
2026-10-06T11:56:11.9889638Z [INFO] Resolved dependency: flowable-variable-service-8.0.0.jar
2026-10-06T11:56:11.9890469Z [INFO] Resolved dependency: flowable-identitylink-service-8.0.0.jar
2026-10-06T11:56:11.9891336Z [INFO] Resolved dependency: flowable-identitylink-service-api-8.0.0.jar
2026-10-06T11:56:11.9892199Z [INFO] Resolved dependency: flowable-entitylink-service-8.0.0.jar
2026-10-06T11:56:11.9893047Z [INFO] Resolved dependency: flowable-entitylink-service-api-8.0.0.jar
2026-10-06T11:56:11.9893862Z [INFO] Resolved dependency: flowable-event-registry-8.0.0.jar
2026-10-06T11:56:11.9894647Z [INFO] Resolved dependency: flowable-event-registry-model-8.0.0.jar
2026-10-06T11:56:11.9895800Z [INFO] Resolved dependency: flowable-event-registry-json-converter-8.0.0.jar
2026-10-06T11:56:11.9896786Z [INFO] Resolved dependency: flowable-eventsubscription-service-api-8.0.0.jar
2026-10-06T11:56:11.9897567Z [INFO] Resolved dependency: commons-io-2.21.0.jar
2026-10-06T11:56:11.9898188Z [INFO] Resolved dependency: java-uuid-generator-5.1.0.jar
2026-10-06T11:56:11.9898988Z [INFO] Resolved dependency: flowable-event-registry-configurator-8.0.0.jar
2026-10-06T11:56:11.9899952Z [INFO] Resolved dependency: flowable-eventsubscription-service-8.0.0.jar
2026-10-06T11:56:11.9900769Z [INFO] Resolved dependency: flowable-task-service-8.0.0.jar
2026-10-06T11:56:11.9901487Z [INFO] Resolved dependency: flowable-task-service-api-8.0.0.jar
2026-10-06T11:56:11.9902221Z [INFO] Resolved dependency: flowable-job-service-8.0.0.jar
2026-10-06T11:56:11.9902939Z [INFO] Resolved dependency: flowable-job-service-api-8.0.0.jar
2026-10-06T11:56:11.9903684Z [INFO] Resolved dependency: flowable-batch-service-8.0.0.jar
2026-10-06T11:56:11.9904443Z [INFO] Resolved dependency: flowable-batch-service-api-8.0.0.jar
2026-10-06T11:56:11.9905153Z [INFO] Resolved dependency: flowable-idm-api-8.0.0.jar
2026-10-06T11:56:11.9906869Z [INFO] Resolved dependency: flowable-idm-engine-8.0.0.jar
2026-10-06T11:56:11.9907564Z [INFO] Resolved dependency: commons-codec-1.19.0.jar
2026-10-06T11:56:11.9908320Z [INFO] Resolved dependency: flowable-idm-engine-configurator-8.0.0.jar
2026-10-06T11:56:11.9909392Z [INFO] Resolved dependency: flowable-cmmn-api-8.0.0.jar
2026-10-06T11:56:11.9910062Z [INFO] Resolved dependency: flowable-cmmn-model-8.0.0.jar
2026-10-06T11:56:11.9910779Z [INFO] Resolved dependency: flowable-dmn-api-8.0.0.jar
2026-10-06T11:56:11.9911426Z [INFO] Resolved dependency: flowable-dmn-model-8.0.0.jar
2026-10-06T11:56:11.9912149Z [INFO] Resolved dependency: flowable-form-model-8.0.0.jar
2026-10-06T11:56:11.9912844Z [INFO] Resolved dependency: flowable-form-api-8.0.0.jar
2026-10-06T11:56:11.9913540Z [INFO] Resolved dependency: jackson-annotations-2.20.jar
2026-10-06T11:56:11.9914196Z [INFO] Resolved dependency: flowable-content-api-8.0.0.jar
2026-10-06T11:56:11.9914887Z [INFO] Resolved dependency: flowable-http-common-8.0.0.jar
2026-10-06T11:56:11.9915769Z [INFO] Resolved dependency: flowable-mail-8.0.0.jar
2026-10-06T11:56:11.9916358Z [INFO] Resolved dependency: angus-mail-2.0.5.jar
2026-10-06T11:56:11.9917061Z [INFO] Resolved dependency: jakarta.activation-api-2.1.4.jar
2026-10-06T11:56:11.9917797Z [INFO] Resolved dependency: jakarta.mail-api-2.1.5.jar
2026-10-06T11:56:11.9918486Z [INFO] Resolved dependency: angus-activation-2.0.3.jar
2026-10-06T11:56:11.9919070Z [INFO] Resolved dependency: mybatis-3.5.19.jar
2026-10-06T11:56:11.9919632Z [INFO] Resolved dependency: spring-beans-7.0.3.jar
2026-10-06T11:56:11.9920210Z [INFO] Resolved dependency: joda-time-2.14.0.jar
2026-10-06T11:56:11.9920850Z [INFO] Resolved dependency: flowable-spring-common-8.0.0.jar
2026-10-06T11:56:11.9921835Z [INFO] Resolved dependency: flowable-job-spring-service-8.0.0.jar
2026-10-06T11:56:11.9922752Z [INFO] Resolved dependency: flowable-event-registry-spring-configurator-8.0.0.jar
2026-10-06T11:56:11.9923654Z [INFO] Resolved dependency: flowable-event-registry-spring-8.0.0.jar
2026-10-06T11:56:11.9924362Z [INFO] Resolved dependency: spring-context-7.0.3.jar
2026-10-06T11:56:11.9924959Z [INFO] Resolved dependency: spring-aop-7.0.3.jar
2026-10-06T11:56:11.9925777Z [INFO] Resolved dependency: spring-core-7.0.3.jar
2026-10-06T11:56:11.9926400Z [INFO] Resolved dependency: commons-logging-1.3.5.jar
2026-10-06T11:56:11.9927046Z [INFO] Resolved dependency: spring-expression-7.0.3.jar
2026-10-06T11:56:11.9927725Z [INFO] Resolved dependency: micrometer-observation-1.16.2.jar
2026-10-06T11:56:11.9928424Z [INFO] Resolved dependency: micrometer-commons-1.16.2.jar
2026-10-06T11:56:11.9929062Z [INFO] Resolved dependency: spring-jdbc-7.0.3.jar
2026-10-06T11:56:11.9929634Z [INFO] Resolved dependency: spring-tx-7.0.3.jar
2026-10-06T11:56:11.9930225Z [INFO] Resolved dependency: commons-lang3-3.19.0.jar
2026-10-06T11:56:11.9930812Z [INFO] Resolved dependency: spring-orm-7.0.3.jar
2026-10-06T11:56:11.9931375Z [INFO] Resolved dependency: slf4j-api-2.0.17.jar
2026-10-06T11:56:11.9931965Z [INFO] Resolved dependency: jcl-over-slf4j-2.0.17.jar
2026-10-06T11:56:11.9932582Z [INFO] Resolved dependency: guava-33.6.0-android.jar
2026-10-06T11:56:11.9933186Z [INFO] Resolved dependency: failureaccess-1.0.3.jar
2026-10-06T11:56:11.9934084Z [INFO] Resolved dependency: listenablefuture-9999.0-empty-to-avoid-conflict-with-guava.jar
2026-10-06T11:56:11.9935060Z [INFO] Resolved dependency: error_prone_annotations-2.47.0.jar
2026-10-06T11:56:11.9936181Z [INFO] Resolved dependency: j2objc-annotations-3.1.jar
2026-10-06T11:56:11.9936815Z [INFO] Resolved dependency: grpc-protobuf-1.84.0.jar
2026-10-06T11:56:11.9937402Z [INFO] Resolved dependency: grpc-api-1.84.0.jar
2026-10-06T11:56:11.9937955Z [INFO] Resolved dependency: jsr305-3.0.2.jar
2026-10-06T11:56:11.9938612Z [INFO] Resolved dependency: proto-google-common-protos-2.64.1.jar
2026-10-06T11:56:11.9939345Z [INFO] Resolved dependency: grpc-protobuf-lite-1.84.0.jar
2026-10-06T11:56:11.9940010Z [INFO] Resolved dependency: grpc-netty-shaded-1.84.0.jar
2026-10-06T11:56:11.9940631Z [INFO] Resolved dependency: grpc-util-1.84.0.jar
2026-10-06T11:56:11.9941204Z [INFO] Resolved dependency: grpc-core-1.84.0.jar
2026-10-06T11:56:11.9941760Z [INFO] Resolved dependency: gson-2.13.2.jar
2026-10-06T11:56:11.9942330Z [INFO] Resolved dependency: annotations-4.1.1.4.jar
2026-10-06T11:56:11.9943157Z [INFO] Resolved dependency: grpc-context-1.84.0.jar
2026-10-06T11:56:11.9943757Z [INFO] Resolved dependency: perfmark-api-0.27.0.jar
2026-10-06T11:56:11.9944442Z [INFO] Resolved dependency: animal-sniffer-annotations-1.27.jar
2026-10-06T11:56:11.9945127Z [INFO] Resolved dependency: postgresql-42.7.9.jar
2026-10-06T11:56:11.9945944Z [INFO] Resolved dependency: checker-qual-3.52.0.jar
2026-10-06T11:56:11.9946496Z [INFO] Resolved dependency: junit-jupiter-6.0.2.jar
2026-10-06T11:56:11.9947128Z [INFO] Resolved dependency: junit-jupiter-api-6.0.2.jar
2026-10-06T11:56:11.9947803Z [INFO] Resolved dependency: junit-jupiter-params-6.0.2.jar
2026-10-06T11:56:11.9948491Z [INFO] Resolved dependency: junit-jupiter-engine-6.0.2.jar
2026-10-06T11:56:11.9949114Z [INFO] Resolved dependency: grpc-stub-1.84.0.jar
2026-10-06T11:56:11.9949733Z [INFO] Resolved dependency: spring-boot-starter-4.0.2.jar
2026-10-06T11:56:11.9950458Z [INFO] Resolved dependency: spring-boot-starter-logging-4.0.2.jar
2026-10-06T11:56:11.9951115Z [INFO] Resolved dependency: logback-classic-1.5.25.jar
2026-10-06T11:56:11.9951482Z [INFO] Resolved dependency: logback-core-1.5.25.jar
2026-10-06T11:56:11.9951827Z [INFO] Resolved dependency: log4j-to-slf4j-2.25.3.jar
2026-10-06T11:56:11.9952162Z [INFO] Resolved dependency: log4j-api-2.25.3.jar
2026-10-06T11:56:11.9952488Z [INFO] Resolved dependency: jul-to-slf4j-2.0.17.jar
2026-10-06T11:56:11.9952868Z [INFO] Resolved dependency: spring-boot-autoconfigure-4.0.2.jar
2026-10-06T11:56:11.9953489Z [INFO] Resolved dependency: spring-boot-4.0.2.jar
2026-10-06T11:56:11.9953871Z [INFO] Resolved dependency: jakarta.annotation-api-3.0.0.jar
2026-10-06T11:56:11.9954231Z [INFO] Resolved dependency: snakeyaml-2.5.jar
2026-10-06T11:56:11.9954602Z [INFO] ------------------------------------------------------------------------
2026-10-06T11:56:11.9954949Z [INFO] BUILD SUCCESS
2026-10-06T11:56:11.9955563Z [INFO] ------------------------------------------------------------------------
2026-10-06T11:56:11.9955972Z [INFO] Total time:  22.990 s
2026-10-06T11:56:11.9956220Z [INFO] Finished at: 2026-10-06T11:56:11Z
2026-10-06T11:56:11.9956559Z [INFO] ------------------------------------------------------------------------
2026-10-06T11:56:13.2415174Z [INFO] Scanning for projects...
2026-10-06T11:56:13.3806436Z [INFO] 
2026-10-06T11:56:13.3812811Z [INFO] --------------< org.weaveos.proof:test-provider-prefetch >--------------
2026-10-06T11:56:13.3836362Z [INFO] Building test-provider-prefetch 1
2026-10-06T11:56:13.3837265Z [INFO]   from provider-pom.xml
2026-10-06T11:56:13.3838152Z [INFO] --------------------------------[ jar ]---------------------------------
2026-10-06T11:56:13.3839100Z [INFO] 
2026-10-06T11:56:13.3839920Z [INFO] --- dependency:3.9.0:go-offline (default-cli) @ test-provider-prefetch ---
2026-10-06T11:56:14.6226604Z [INFO] Resolved plugin: maven-compiler-plugin-3.13.0.jar
2026-10-06T11:56:14.6246161Z [INFO] Resolved plugin dependency:
2026-10-06T11:56:15.0414989Z [INFO]       maven-compiler-plugin-3.13.0.jar
2026-10-06T11:56:15.0416446Z [INFO]       maven-shared-utils-3.4.2.jar
2026-10-06T11:56:15.0417247Z [INFO]       slf4j-api-1.7.36.jar
2026-10-06T11:56:15.0417973Z [INFO]       commons-io-2.11.0.jar
2026-10-06T11:56:15.0418752Z [INFO]       maven-shared-incremental-1.1.jar
2026-10-06T11:56:15.0419554Z [INFO]       plexus-java-1.2.0.jar
2026-10-06T11:56:15.0420261Z [INFO]       asm-9.6.jar
2026-10-06T11:56:15.0420938Z [INFO]       qdox-2.0.3.jar
2026-10-06T11:56:15.0421676Z [INFO]       plexus-compiler-api-2.15.0.jar
2026-10-06T11:56:15.0422525Z [INFO]       plexus-compiler-manager-2.15.0.jar
2026-10-06T11:56:15.0423357Z [INFO]       javax.inject-1.jar
2026-10-06T11:56:15.0424986Z [INFO]       plexus-xml-3.0.0.jar
2026-10-06T11:56:15.0426516Z [INFO]       plexus-compiler-javac-2.15.0.jar
2026-10-06T11:56:15.0427356Z [INFO]       plexus-utils-4.0.0.jar
2026-10-06T11:56:15.0730816Z [INFO] Resolved plugin: maven-surefire-plugin-3.2.5.jar
2026-10-06T11:56:15.0733838Z [INFO] Resolved plugin dependency:
2026-10-06T11:56:15.7548781Z [INFO]       maven-surefire-plugin-3.2.5.jar
2026-10-06T11:56:15.7559278Z [INFO]       maven-surefire-common-3.2.5.jar
2026-10-06T11:56:15.7566045Z [INFO]       surefire-api-3.2.5.jar
2026-10-06T11:56:15.7566547Z [INFO]       surefire-logger-api-3.2.5.jar
2026-10-06T11:56:15.7567088Z [INFO]       surefire-extensions-api-3.2.5.jar
2026-10-06T11:56:15.7567586Z [INFO]       surefire-booter-3.2.5.jar
2026-10-06T11:56:15.7568088Z [INFO]       surefire-extensions-spi-3.2.5.jar
2026-10-06T11:56:15.7568582Z [INFO]       aether-util-1.0.0.v20140518.jar
2026-10-06T11:56:15.7569045Z [INFO]       aether-api-1.0.0.v20140518.jar
2026-10-06T11:56:15.7569569Z [INFO]       maven-common-artifact-filters-3.1.1.jar
2026-10-06T11:56:15.7570096Z [INFO]       maven-artifact-3.2.5.jar
2026-10-06T11:56:15.7570553Z [INFO]       plexus-utils-4.0.0.jar
2026-10-06T11:56:15.7570976Z [INFO]       maven-core-3.2.5.jar
2026-10-06T11:56:15.7571414Z [INFO]       maven-settings-3.2.5.jar
2026-10-06T11:56:15.7571881Z [INFO]       maven-settings-builder-3.2.5.jar
2026-10-06T11:56:15.7572435Z [INFO]       maven-repository-metadata-3.2.5.jar
2026-10-06T11:56:15.7572965Z [INFO]       maven-model-builder-3.2.5.jar
2026-10-06T11:56:15.7573474Z [INFO]       maven-aether-provider-3.2.5.jar
2026-10-06T11:56:15.7573948Z [INFO]       aether-spi-1.0.0.v20140518.jar
2026-10-06T11:56:15.7574430Z [INFO]       aether-impl-1.0.0.v20140518.jar
2026-10-06T11:56:15.7575499Z [INFO]       org.eclipse.sisu.plexus-0.9.0.M2.jar
2026-10-06T11:56:15.7576039Z [INFO]       javax.annotation-api-1.2.jar
2026-10-06T11:56:15.7576500Z [INFO]       cdi-api-1.2.jar
2026-10-06T11:56:15.7576953Z [INFO]       org.eclipse.sisu.inject-0.9.0.M2.jar
2026-10-06T11:56:15.7577457Z [INFO]       sisu-guice-3.2.3-no_aop.jar
2026-10-06T11:56:15.7577877Z [INFO]       javax.inject-1.jar
2026-10-06T11:56:15.7578274Z [INFO]       aopalliance-1.0.jar
2026-10-06T11:56:15.7578655Z [INFO]       guava-16.0.1.jar
2026-10-06T11:56:15.7579064Z [INFO]       plexus-interpolation-1.21.jar
2026-10-06T11:56:15.7579587Z [INFO]       plexus-classworlds-2.5.2.jar
2026-10-06T11:56:15.7580162Z [INFO]       plexus-component-annotations-1.5.5.jar
2026-10-06T11:56:15.7580639Z [INFO]       plexus-sec-dispatcher-1.3.jar
2026-10-06T11:56:15.7580936Z [INFO]       plexus-cipher-1.4.jar
2026-10-06T11:56:15.7581222Z [INFO]       maven-plugin-api-3.2.5.jar
2026-10-06T11:56:15.7581503Z [INFO]       commons-io-2.15.1.jar
2026-10-06T11:56:15.7581774Z [INFO]       plexus-java-1.2.0.jar
2026-10-06T11:56:15.7582037Z [INFO]       asm-9.6.jar
2026-10-06T11:56:15.7582259Z [INFO]       qdox-2.0.3.jar
2026-10-06T11:56:15.7582516Z [INFO]       surefire-shared-utils-3.2.5.jar
2026-10-06T11:56:15.7783975Z [INFO] Resolved plugin: maven-jar-plugin-3.4.1.jar
2026-10-06T11:56:15.7784768Z [INFO] Resolved plugin dependency:
2026-10-06T11:56:15.8100274Z [INFO]       maven-jar-plugin-3.4.1.jar
2026-10-06T11:56:15.8104596Z [INFO]       file-management-3.1.0.jar
2026-10-06T11:56:15.8125551Z [INFO]       commons-io-2.16.1.jar
2026-10-06T11:56:15.8126417Z [INFO]       maven-archiver-3.6.2.jar
2026-10-06T11:56:15.8127125Z [INFO]       plexus-interpolation-1.27.jar
2026-10-06T11:56:15.8127862Z [INFO]       plexus-utils-4.0.1.jar
2026-10-06T11:56:15.8128499Z [INFO]       plexus-archiver-4.9.2.jar
2026-10-06T11:56:15.8129135Z [INFO]       plexus-io-3.4.2.jar
2026-10-06T11:56:15.8129771Z [INFO]       commons-compress-1.26.1.jar
2026-10-06T11:56:15.8130477Z [INFO]       commons-lang3-3.14.0.jar
2026-10-06T11:56:15.8131178Z [INFO]       commons-codec-1.16.1.jar
2026-10-06T11:56:15.8131829Z [INFO]       snappy-0.4.jar
2026-10-06T11:56:15.8132406Z [INFO]       xz-1.9.jar
2026-10-06T11:56:15.8132972Z [INFO]       zstd-jni-1.5.5-11.jar
2026-10-06T11:56:15.8133603Z [INFO]       javax.inject-1.jar
2026-10-06T11:56:15.8134210Z [INFO]       slf4j-api-1.7.36.jar
2026-10-06T11:56:15.8637976Z [INFO] Resolved plugin: maven-clean-plugin-3.2.0.jar
2026-10-06T11:56:15.8638667Z [INFO] Resolved plugin dependency:
2026-10-06T11:56:15.9623600Z [INFO]       maven-clean-plugin-3.2.0.jar
2026-10-06T11:56:15.9624263Z [INFO]       maven-shared-utils-3.3.4.jar
2026-10-06T11:56:15.9624808Z [INFO]       commons-io-2.6.jar
2026-10-06T11:56:15.9825466Z [INFO] Resolved plugin: maven-install-plugin-3.1.2.jar
2026-10-06T11:56:15.9826537Z [INFO] Resolved plugin dependency:
2026-10-06T11:56:16.1494624Z [INFO]       maven-install-plugin-3.1.2.jar
2026-10-06T11:56:16.1501182Z [INFO]       maven-resolver-util-1.9.18.jar
2026-10-06T11:56:16.1506151Z [INFO]       maven-resolver-api-1.9.18.jar
2026-10-06T11:56:16.1510697Z [INFO]       plexus-utils-4.0.1.jar
2026-10-06T11:56:16.1514339Z [INFO]       plexus-xml-3.0.0.jar
2026-10-06T11:56:16.1533478Z [INFO] Resolved plugin: maven-site-plugin-3.12.1.jar
2026-10-06T11:56:16.1534256Z [INFO] Resolved plugin dependency:
2026-10-06T11:56:16.3899388Z [INFO]       maven-site-plugin-3.12.1.jar
2026-10-06T11:56:16.3900734Z [INFO]       maven-reporting-api-3.1.1.jar
2026-10-06T11:56:16.3901515Z [INFO]       maven-reporting-exec-1.6.0.jar
2026-10-06T11:56:16.3902298Z [INFO]       maven-artifact-3.2.5.jar
2026-10-06T11:56:16.3926326Z [INFO]       maven-core-3.2.5.jar
2026-10-06T11:56:16.3937890Z [INFO]       maven-repository-metadata-3.2.5.jar
2026-10-06T11:56:16.3938792Z [INFO]       maven-model-builder-3.2.5.jar
2026-10-06T11:56:16.3957110Z [INFO]       maven-aether-provider-3.2.5.jar
2026-10-06T11:56:16.3957927Z [INFO]       aether-spi-1.0.0.v20140518.jar
2026-10-06T11:56:16.3959061Z [INFO]       aether-impl-1.0.0.v20140518.jar
2026-10-06T11:56:16.3959788Z [INFO]       aether-api-1.0.0.v20140518.jar
2026-10-06T11:56:16.3960528Z [INFO]       org.eclipse.sisu.plexus-0.3.5.jar
2026-10-06T11:56:16.3961284Z [INFO]       javax.annotation-api-1.2.jar
2026-10-06T11:56:16.3961994Z [INFO]       cdi-api-1.2.jar
2026-10-06T11:56:16.3976446Z [INFO]       org.eclipse.sisu.inject-0.3.5.jar
2026-10-06T11:56:16.3977258Z [INFO]       sisu-guice-3.2.3-no_aop.jar
2026-10-06T11:56:16.3977965Z [INFO]       javax.inject-1.jar
2026-10-06T11:56:16.3978628Z [INFO]       aopalliance-1.0.jar
2026-10-06T11:56:16.3995068Z [INFO]       guava-16.0.1.jar
2026-10-06T11:56:16.3996045Z [INFO]       plexus-classworlds-2.5.2.jar
2026-10-06T11:56:16.3996738Z [INFO]       plexus-sec-dispatcher-1.3.jar
2026-10-06T11:56:16.3997402Z [INFO]       plexus-cipher-1.4.jar
2026-10-06T11:56:16.3997976Z [INFO]       maven-model-3.2.5.jar
2026-10-06T11:56:16.3998568Z [INFO]       maven-plugin-api-3.2.5.jar
2026-10-06T11:56:16.3999174Z [INFO]       maven-settings-3.2.5.jar
2026-10-06T11:56:16.3999839Z [INFO]       maven-settings-builder-3.2.5.jar
2026-10-06T11:56:16.4000588Z [INFO]       aether-util-1.0.0.v20140518.jar
2026-10-06T11:56:16.4001309Z [INFO]       maven-shared-utils-3.3.4.jar
2026-10-06T11:56:16.4002031Z [INFO]       commons-io-2.6.jar
2026-10-06T11:56:16.4002694Z [INFO]       maven-archiver-3.5.2.jar
2026-10-06T11:56:16.4003356Z [INFO]       commons-compress-1.20.jar
2026-10-06T11:56:16.4004014Z [INFO]       plexus-interpolation-1.26.jar
2026-10-06T11:56:16.4004711Z [INFO]       plexus-archiver-4.2.7.jar
2026-10-06T11:56:16.4005605Z [INFO]       plexus-io-3.2.0.jar
2026-10-06T11:56:16.4006260Z [INFO]       snappy-0.4.jar
2026-10-06T11:56:16.4006800Z [INFO]       xz-1.9.jar
2026-10-06T11:56:16.4007363Z [INFO]       plexus-i18n-1.0-beta-10.jar
2026-10-06T11:56:16.4008038Z [INFO]       plexus-utils-3.4.2.jar
2026-10-06T11:56:16.4008654Z [INFO]       doxia-sink-api-1.11.1.jar
2026-10-06T11:56:16.4009350Z [INFO]       doxia-logging-api-1.11.1.jar
2026-10-06T11:56:16.4010016Z [INFO]       doxia-core-1.11.1.jar
2026-10-06T11:56:16.4010658Z [INFO]       plexus-container-default-2.1.0.jar
2026-10-06T11:56:16.4011367Z [INFO]       xbean-reflect-3.7.jar
2026-10-06T11:56:16.4012013Z [INFO]       google-collections-1.0.jar
2026-10-06T11:56:16.4012758Z [INFO]       plexus-component-annotations-2.1.1.jar
2026-10-06T11:56:16.4013487Z [INFO]       commons-lang3-3.8.1.jar
2026-10-06T11:56:16.4014093Z [INFO]       commons-text-1.3.jar
2026-10-06T11:56:16.4014654Z [INFO]       httpclient-4.5.13.jar
2026-10-06T11:56:16.4015919Z [INFO]       commons-logging-1.2.jar
2026-10-06T11:56:16.4016632Z [INFO]       commons-codec-1.11.jar
2026-10-06T11:56:16.4017281Z [INFO]       httpcore-4.4.14.jar
2026-10-06T11:56:16.4021125Z [INFO]       doxia-module-xhtml-1.11.1.jar
2026-10-06T11:56:16.4021947Z [INFO]       doxia-module-xhtml5-1.11.1.jar
2026-10-06T11:56:16.4022707Z [INFO]       doxia-module-apt-1.11.1.jar
2026-10-06T11:56:16.4023372Z [INFO]       doxia-module-xdoc-1.11.1.jar
2026-10-06T11:56:16.4024066Z [INFO]       doxia-module-fml-1.11.1.jar
2026-10-06T11:56:16.4024727Z [INFO]       doxia-module-markdown-1.11.1.jar
2026-10-06T11:56:16.4025657Z [INFO]       flexmark-all-0.42.14.jar
2026-10-06T11:56:16.4026300Z [INFO]       flexmark-0.42.14.jar
2026-10-06T11:56:16.4026966Z [INFO]       flexmark-ext-abbreviation-0.42.14.jar
2026-10-06T11:56:16.4027710Z [INFO]       flexmark-ext-admonition-0.42.14.jar
2026-10-06T11:56:16.4028424Z [INFO]       flexmark-ext-anchorlink-0.42.14.jar
2026-10-06T11:56:16.4029148Z [INFO]       flexmark-ext-aside-0.42.14.jar
2026-10-06T11:56:16.4029818Z [INFO]       flexmark-ext-attributes-0.42.14.jar
2026-10-06T11:56:16.4030526Z [INFO]       flexmark-ext-autolink-0.42.14.jar
2026-10-06T11:56:16.4031230Z [INFO]       autolink-0.6.0.jar
2026-10-06T11:56:16.4031911Z [INFO]       flexmark-ext-definition-0.42.14.jar
2026-10-06T11:56:16.4032650Z [INFO]       flexmark-ext-emoji-0.42.14.jar
2026-10-06T11:56:16.4033473Z [INFO]       flexmark-ext-enumerated-reference-0.42.14.jar
2026-10-06T11:56:16.4034745Z [INFO]       flexmark-ext-escaped-character-0.42.14.jar
2026-10-06T11:56:16.4035809Z [INFO]       flexmark-ext-footnotes-0.42.14.jar
2026-10-06T11:56:16.4036545Z [INFO]       flexmark-ext-gfm-issues-0.42.14.jar
2026-10-06T11:56:16.4037289Z [INFO]       flexmark-ext-gfm-strikethrough-0.42.14.jar
2026-10-06T11:56:16.4038061Z [INFO]       flexmark-ext-gfm-tables-0.42.14.jar
2026-10-06T11:56:16.4038786Z [INFO]       flexmark-ext-gfm-tasklist-0.42.14.jar
2026-10-06T11:56:16.4039528Z [INFO]       flexmark-ext-gfm-users-0.42.14.jar
2026-10-06T11:56:16.4040248Z [INFO]       flexmark-ext-gitlab-0.42.14.jar
2026-10-06T11:56:16.4041018Z [INFO]       flexmark-ext-jekyll-front-matter-0.42.14.jar
2026-10-06T11:56:16.4041802Z [INFO]       flexmark-ext-jekyll-tag-0.42.14.jar
2026-10-06T11:56:16.4042522Z [INFO]       flexmark-ext-media-tags-0.42.14.jar
2026-10-06T11:56:16.4043215Z [INFO]       flexmark-ext-macros-0.42.14.jar
2026-10-06T11:56:16.4043953Z [INFO]       flexmark-ext-ins-0.42.14.jar
2026-10-06T11:56:16.4044691Z [INFO]       flexmark-ext-xwiki-macros-0.42.14.jar
2026-10-06T11:56:16.4045687Z [INFO]       flexmark-ext-superscript-0.42.14.jar
2026-10-06T11:56:16.4046415Z [INFO]       flexmark-ext-tables-0.42.14.jar
2026-10-06T11:56:16.4047164Z [INFO]       flexmark-ext-toc-0.42.14.jar
2026-10-06T11:56:16.4047871Z [INFO]       flexmark-ext-typographic-0.42.14.jar
2026-10-06T11:56:16.4048621Z [INFO]       flexmark-ext-wikilink-0.42.14.jar
2026-10-06T11:56:16.4049628Z [INFO]       flexmark-ext-yaml-front-matter-0.42.14.jar
2026-10-06T11:56:16.4071083Z [INFO]       flexmark-ext-youtube-embedded-0.42.14.jar
2026-10-06T11:56:16.4071983Z [INFO]       flexmark-formatter-0.42.14.jar
2026-10-06T11:56:16.4072709Z [INFO]       flexmark-html-parser-0.42.14.jar
2026-10-06T11:56:16.4073385Z [INFO]       jsoup-1.10.2.jar
2026-10-06T11:56:16.4074033Z [INFO]       flexmark-jira-converter-0.42.14.jar
2026-10-06T11:56:16.4074848Z [INFO]       flexmark-profile-pegdown-0.42.14.jar
2026-10-06T11:56:16.4075908Z [INFO]       flexmark-util-0.42.14.jar
2026-10-06T11:56:16.4076674Z [INFO]       flexmark-youtrack-converter-0.42.14.jar
2026-10-06T11:56:16.4077519Z [INFO]       doxia-module-confluence-1.11.1.jar
2026-10-06T11:56:16.4078317Z [INFO]       doxia-module-docbook-simple-1.11.1.jar
2026-10-06T11:56:16.4081376Z [INFO]       doxia-module-twiki-1.11.1.jar
2026-10-06T11:56:16.4082275Z [INFO]       doxia-decoration-model-1.11.1.jar
2026-10-06T11:56:16.4083057Z [INFO]       doxia-site-renderer-1.11.1.jar
2026-10-06T11:56:16.4084198Z [INFO]       doxia-skin-model-1.11.1.jar
2026-10-06T11:56:16.4084951Z [INFO]       plexus-velocity-1.2.jar
2026-10-06T11:56:16.4085846Z [INFO]       velocity-1.7.jar
2026-10-06T11:56:16.4086506Z [INFO]       commons-lang-2.4.jar
2026-10-06T11:56:16.4087143Z [INFO]       velocity-tools-2.0.jar
2026-10-06T11:56:16.4087783Z [INFO]       commons-beanutils-1.7.0.jar
2026-10-06T11:56:16.4088426Z [INFO]       commons-digester-1.8.jar
2026-10-06T11:56:16.4089050Z [INFO]       commons-chain-1.1.jar
2026-10-06T11:56:16.4089653Z [INFO]       dom4j-1.1.jar
2026-10-06T11:56:16.4090190Z [INFO]       oro-2.0.8.jar
2026-10-06T11:56:16.4090782Z [INFO]       commons-collections-3.2.2.jar
2026-10-06T11:56:16.4091495Z [INFO]       doxia-integration-tools-1.11.1.jar
2026-10-06T11:56:16.4092220Z [INFO]       jetty-server-9.4.46.v20220331.jar
2026-10-06T11:56:16.4092901Z [INFO]       javax.servlet-api-3.1.0.jar
2026-10-06T11:56:16.4093561Z [INFO]       jetty-http-9.4.46.v20220331.jar
2026-10-06T11:56:16.4094225Z [INFO]       jetty-io-9.4.46.v20220331.jar
2026-10-06T11:56:16.4094910Z [INFO]       jetty-servlet-9.4.46.v20220331.jar
2026-10-06T11:56:16.4095882Z [INFO]       jetty-security-9.4.46.v20220331.jar
2026-10-06T11:56:16.4096583Z [INFO]       jetty-util-ajax-9.4.46.v20220331.jar
2026-10-06T11:56:16.4097355Z [INFO]       jetty-webapp-9.4.46.v20220331.jar
2026-10-06T11:56:16.4098078Z [INFO]       jetty-xml-9.4.46.v20220331.jar
2026-10-06T11:56:16.4098715Z [INFO]       jetty-util-9.4.46.v20220331.jar
2026-10-06T11:56:16.4099785Z [INFO] Resolved plugin: maven-resources-plugin-3.3.1.jar
2026-10-06T11:56:16.4100587Z [INFO] Resolved plugin dependency:
2026-10-06T11:56:16.4146900Z [INFO]       maven-resources-plugin-3.3.1.jar
2026-10-06T11:56:16.4147971Z [INFO]       plexus-interpolation-1.26.jar
2026-10-06T11:56:16.4148677Z [INFO]       plexus-utils-3.5.1.jar
2026-10-06T11:56:16.4149352Z [INFO]       maven-filtering-3.3.1.jar
2026-10-06T11:56:16.4149965Z [INFO]       javax.inject-1.jar
2026-10-06T11:56:16.4150530Z [INFO]       slf4j-api-1.7.36.jar
2026-10-06T11:56:16.4151157Z [INFO]       plexus-build-api-0.0.7.jar
2026-10-06T11:56:16.4151770Z [INFO]       commons-io-2.11.0.jar
2026-10-06T11:56:16.4152345Z [INFO]       commons-lang3-3.12.0.jar
2026-10-06T11:56:16.4369365Z [INFO] Resolved plugin: maven-deploy-plugin-3.1.2.jar
2026-10-06T11:56:16.4370445Z [INFO] Resolved plugin dependency:
2026-10-06T11:56:16.4646510Z [INFO]       maven-deploy-plugin-3.1.2.jar
2026-10-06T11:56:16.4660304Z [INFO]       plexus-utils-4.0.1.jar
2026-10-06T11:56:16.4661090Z [INFO]       plexus-xml-3.0.0.jar
2026-10-06T11:56:16.4661789Z [INFO]       maven-resolver-util-1.9.18.jar
2026-10-06T11:56:16.4662544Z [INFO]       maven-resolver-api-1.9.18.jar
2026-10-06T11:56:16.9071007Z [INFO] Resolved dependency: surefire-junit-platform-3.5.4.jar
2026-10-06T11:56:16.9073388Z [INFO] Resolved dependency: common-java5-3.5.4.jar
2026-10-06T11:56:16.9086200Z [INFO] Resolved dependency: surefire-shared-utils-3.5.4.jar
2026-10-06T11:56:16.9086981Z [INFO] Resolved dependency: junit-platform-engine-1.12.1.jar
2026-10-06T11:56:16.9087675Z [INFO] Resolved dependency: opentest4j-1.3.0.jar
2026-10-06T11:56:16.9088320Z [INFO] Resolved dependency: junit-platform-commons-1.12.1.jar
2026-10-06T11:56:16.9088990Z [INFO] Resolved dependency: surefire-api-3.5.4.jar
2026-10-06T11:56:16.9089619Z [INFO] Resolved dependency: surefire-logger-api-3.5.4.jar
2026-10-06T11:56:16.9090320Z [INFO] Resolved dependency: junit-platform-launcher-1.12.1.jar
2026-10-06T11:56:16.9091027Z [INFO] Resolved dependency: apiguardian-api-1.1.2.jar
2026-10-06T11:56:16.9091665Z [INFO] Resolved dependency: protoc-3.25.9-linux-x86_64.exe
2026-10-06T11:56:16.9092421Z [INFO] Resolved dependency: protoc-gen-grpc-java-1.84.0-linux-x86_64.exe
2026-10-06T11:56:16.9093239Z [INFO] ------------------------------------------------------------------------
2026-10-06T11:56:16.9093838Z [INFO] BUILD SUCCESS
2026-10-06T11:56:16.9094332Z [INFO] ------------------------------------------------------------------------
2026-10-06T11:56:16.9098120Z [INFO] Total time:  3.686 s
2026-10-06T11:56:16.9122872Z [INFO] Finished at: 2026-10-06T11:56:16Z
2026-10-06T11:56:16.9132720Z [INFO] ------------------------------------------------------------------------
2026-10-06T11:56:16.9464924Z ##[group]Run bash services/workflow-engine/run-tests.sh clean -Dtest=RootRuntimeConfigurationTest -Dworkflow.reports=ci-logs/runtime-config-reports test 2>&1 | tee services/workflow-engine/ci-logs/runtime-config-tests.txt
2026-10-06T11:56:16.9467056Z [36;1mbash services/workflow-engine/run-tests.sh clean -Dtest=RootRuntimeConfigurationTest -Dworkflow.reports=ci-logs/runtime-config-reports test 2>&1 | tee services/workflow-engine/ci-logs/runtime-config-tests.txt[0m
2026-10-06T11:56:16.9534753Z shell: /usr/bin/bash --noprofile --norc -e -o pipefail {0}
2026-10-06T11:56:16.9535346Z ##[endgroup]
2026-10-06T11:56:17.0176947Z Unable to find image 'postgres@sha256:5a5a84b19854a9ffaa54082c166ff4ec27473a361e496e5ea167f298f2da9722' locally
2026-10-06T11:56:17.1585406Z docker.io/library/postgres@sha256:5a5a84b19854a9ffaa54082c166ff4ec27473a361e496e5ea167f298f2da9722: Pulling from library/postgres
2026-10-06T11:56:17.2331128Z 6b37362b3da7: Pulling fs layer
2026-10-06T11:56:17.2332174Z 646f8088ba62: Pulling fs layer
2026-10-06T11:56:17.2332903Z 61c7e2f79e69: Pulling fs layer
2026-10-06T11:56:17.2333590Z 4640014a8e88: Pulling fs layer
2026-10-06T11:56:17.2334266Z 21e9cf2c46c2: Pulling fs layer
2026-10-06T11:56:17.2334933Z 7ee6b8b2d259: Pulling fs layer
2026-10-06T11:56:17.2336020Z 580a6c126420: Pulling fs layer
2026-10-06T11:56:17.2336455Z 41837be3e54d: Pulling fs layer
2026-10-06T11:56:17.2336858Z bba753ffc208: Pulling fs layer
2026-10-06T11:56:17.2337254Z 0e422c951642: Pulling fs layer
2026-10-06T11:56:17.2337653Z dc5a76842a4c: Pulling fs layer
2026-10-06T11:56:17.2338044Z 5696a7190adf: Pulling fs layer
2026-10-06T11:56:17.2338444Z 3b0757c8de7f: Pulling fs layer
2026-10-06T11:56:17.2338839Z 41837be3e54d: Waiting
2026-10-06T11:56:17.2339212Z bba753ffc208: Waiting
2026-10-06T11:56:17.2339576Z 0e422c951642: Waiting
2026-10-06T11:56:17.2339943Z dc5a76842a4c: Waiting
2026-10-06T11:56:17.2340299Z 5696a7190adf: Waiting
2026-10-06T11:56:17.2340654Z 3b0757c8de7f: Waiting
2026-10-06T11:56:17.2341057Z 21e9cf2c46c2: Waiting
2026-10-06T11:56:17.2341417Z 4640014a8e88: Waiting
2026-10-06T11:56:17.2341768Z 7ee6b8b2d259: Waiting
2026-10-06T11:56:17.2342114Z 580a6c126420: Waiting
2026-10-06T11:56:17.3195010Z 646f8088ba62: Verifying Checksum
2026-10-06T11:56:17.3195790Z 646f8088ba62: Download complete
2026-10-06T11:56:17.4876610Z 61c7e2f79e69: Verifying Checksum
2026-10-06T11:56:17.4877320Z 61c7e2f79e69: Download complete
2026-10-06T11:56:17.5049790Z 4640014a8e88: Verifying Checksum
2026-10-06T11:56:17.5050473Z 4640014a8e88: Download complete
2026-10-06T11:56:17.5978794Z 6b37362b3da7: Verifying Checksum
2026-10-06T11:56:17.5979512Z 6b37362b3da7: Download complete
2026-10-06T11:56:17.6758069Z 580a6c126420: Verifying Checksum
2026-10-06T11:56:17.6759205Z 580a6c126420: Download complete
2026-10-06T11:56:17.7014807Z 7ee6b8b2d259: Verifying Checksum
2026-10-06T11:56:17.7015801Z 7ee6b8b2d259: Download complete
2026-10-06T11:56:17.7537436Z 41837be3e54d: Verifying Checksum
2026-10-06T11:56:17.7538020Z 41837be3e54d: Download complete
2026-10-06T11:56:17.7540889Z 21e9cf2c46c2: Verifying Checksum
2026-10-06T11:56:17.7541276Z 21e9cf2c46c2: Download complete
2026-10-06T11:56:17.8269220Z 0e422c951642: Verifying Checksum
2026-10-06T11:56:17.8269770Z 0e422c951642: Download complete
2026-10-06T11:56:17.8316879Z dc5a76842a4c: Verifying Checksum
2026-10-06T11:56:17.8317869Z dc5a76842a4c: Download complete
2026-10-06T11:56:17.8927280Z 5696a7190adf: Verifying Checksum
2026-10-06T11:56:17.8927778Z 5696a7190adf: Download complete
2026-10-06T11:56:17.9081892Z 3b0757c8de7f: Verifying Checksum
2026-10-06T11:56:17.9082494Z 3b0757c8de7f: Download complete
2026-10-06T11:56:18.3538164Z bba753ffc208: Verifying Checksum
2026-10-06T11:56:18.3538677Z bba753ffc208: Download complete
2026-10-06T11:56:18.6759430Z 6b37362b3da7: Pull complete
2026-10-06T11:56:19.3423447Z 646f8088ba62: Pull complete
2026-10-06T11:56:19.5099418Z 61c7e2f79e69: Pull complete
2026-10-06T11:56:19.5434515Z 4640014a8e88: Pull complete
2026-10-06T11:56:19.8323696Z 21e9cf2c46c2: Pull complete
2026-10-06T11:56:19.9070970Z 7ee6b8b2d259: Pull complete
2026-10-06T11:56:19.9151653Z 580a6c126420: Pull complete
2026-10-06T11:56:19.9259339Z 41837be3e54d: Pull complete
2026-10-06T11:56:22.9012804Z bba753ffc208: Pull complete
2026-10-06T11:56:22.9299768Z 0e422c951642: Pull complete
2026-10-06T11:56:22.9422142Z dc5a76842a4c: Pull complete
2026-10-06T11:56:22.9514302Z 5696a7190adf: Pull complete
2026-10-06T11:56:22.9594040Z 3b0757c8de7f: Pull complete
2026-10-06T11:56:22.9630665Z Digest: sha256:5a5a84b19854a9ffaa54082c166ff4ec27473a361e496e5ea167f298f2da9722
2026-10-06T11:56:22.9635730Z Status: Downloaded newer image for postgres@sha256:5a5a84b19854a9ffaa54082c166ff4ec27473a361e496e5ea167f298f2da9722
2026-10-06T11:56:24.3507476Z postgres (PostgreSQL) 18.6 (Debian 18.6-1.pgdg13+2)
2026-10-06T11:56:24.3674065Z fixture published ports={}
2026-10-06T11:56:24.3810946Z fixture network internal=true
2026-10-06T11:56:25.7883895Z [INFO] Scanning for projects...
2026-10-06T11:56:26.0653451Z [INFO] 
2026-10-06T11:56:26.0677620Z [INFO] --------------------< org.weaveos:workflow-engine >---------------------
2026-10-06T11:56:26.0678665Z [INFO] Building WeaveOS controlled workflow engine core 0.3.0-SNAPSHOT
2026-10-06T11:56:26.0679433Z [INFO]   from pom.xml
2026-10-06T11:56:26.0680531Z [INFO] --------------------------------[ jar ]---------------------------------
2026-10-06T11:56:26.7050066Z [INFO] 
2026-10-06T11:56:26.7059785Z [INFO] --- clean:3.5.0:clean (default-clean) @ workflow-engine ---
2026-10-06T11:56:26.7629285Z [INFO] 
2026-10-06T11:56:26.7629949Z [INFO] --- resources:3.3.1:resources (default-resources) @ workflow-engine ---
2026-10-06T11:56:26.8561976Z [INFO] skip non existing resourceDirectory /proof/src/main/resources
2026-10-06T11:56:26.8563217Z [INFO] skip non existing resourceDirectory /proof/src/main/resources
2026-10-06T11:56:26.8577870Z [INFO] 
2026-10-06T11:56:26.8578467Z [INFO] --- compiler:3.14.1:compile (default-compile) @ workflow-engine ---
2026-10-06T11:56:26.9670896Z [INFO] Recompiling the module because of changed source code.
2026-10-06T11:56:26.9760076Z [INFO] Compiling 31 source files with javac [debug parameters release 17] to target/classes
2026-10-06T11:56:29.5901326Z [INFO] 
2026-10-06T11:56:29.5902053Z [INFO] --- resources:3.3.1:testResources (default-testResources) @ workflow-engine ---
2026-10-06T11:56:29.6010069Z [INFO] Copying 6 resources from src/test/resources to target/test-classes
2026-10-06T11:56:29.6045944Z [INFO] 
2026-10-06T11:56:29.6048116Z [INFO] --- compiler:3.14.1:testCompile (default-testCompile) @ workflow-engine ---
2026-10-06T11:56:29.6136147Z [INFO] Recompiling the module because of changed dependency.
2026-10-06T11:56:29.6140727Z [INFO] Compiling 15 source files with javac [debug parameters release 17] to target/test-classes
2026-10-06T11:56:30.9594302Z [INFO] 
2026-10-06T11:56:30.9595474Z [INFO] --- surefire:3.5.4:test (default-test) @ workflow-engine ---
2026-10-06T11:56:31.1059963Z [INFO] Using auto detected provider org.apache.maven.surefire.junitplatform.JUnitPlatformProvider
2026-10-06T11:56:31.1600857Z [INFO] 
2026-10-06T11:56:31.1601358Z [INFO] -------------------------------------------------------
2026-10-06T11:56:31.1601875Z [INFO]  T E S T S
2026-10-06T11:56:31.1602265Z [INFO] -------------------------------------------------------
2026-10-06T11:56:31.9187335Z [INFO] Running org.weaveos.workflow.RootRuntimeConfigurationTest
2026-10-06T11:56:32.0913913Z [INFO] Tests run: 11, Failures: 0, Errors: 0, Skipped: 0, Time elapsed: 0.155 s -- in org.weaveos.workflow.RootRuntimeConfigurationTest
2026-10-06T11:56:32.1183752Z [INFO] 
2026-10-06T11:56:32.1185033Z [INFO] Results:
2026-10-06T11:56:32.1185875Z [INFO] 
2026-10-06T11:56:32.1186633Z [INFO] Tests run: 11, Failures: 0, Errors: 0, Skipped: 0
2026-10-06T11:56:32.1187199Z [INFO] 
2026-10-06T11:56:32.1217803Z [INFO] ------------------------------------------------------------------------
2026-10-06T11:56:32.1218339Z [INFO] BUILD SUCCESS
2026-10-06T11:56:32.1229491Z [INFO] ------------------------------------------------------------------------
2026-10-06T11:56:32.1230288Z [INFO] Total time:  6.354 s
2026-10-06T11:56:32.1237530Z [INFO] Finished at: 2026-10-06T11:56:32Z
2026-10-06T11:56:32.1238184Z [INFO] ------------------------------------------------------------------------
2026-10-06T11:56:32.3822773Z ##[group]Run python3 - <<'PYCODE'
2026-10-06T11:56:32.3823167Z [36;1mpython3 - <<'PYCODE'[0m
2026-10-06T11:56:32.3823476Z [36;1mfrom rpc_ci_gate import _java[0m
2026-10-06T11:56:32.3824089Z [36;1m_java("ci-logs/runtime-config-reports", "org.weaveos.workflow.RootRuntimeConfigurationTest", [[0m
2026-10-06T11:56:32.3824909Z [36;1m    "completeConfigurationUsesBoundedDefaults", "requiredFieldsFailClosed",[0m
2026-10-06T11:56:32.3826199Z [36;1m    "unsafeJdbcTargetsAreRejected", "privateAndLoopbackJdbcTargetsAreAccepted",[0m
2026-10-06T11:56:32.3826935Z [36;1m    "schemaUsesSafeExplicitIdentifier", "bindHostAndPortAreValidated",[0m
2026-10-06T11:56:32.3827689Z [36;1m    "resourceLimitsRejectInvalidOrUnboundedValues", "resourceBoundariesAreAccepted",[0m
2026-10-06T11:56:32.3828555Z [36;1m    "configurationAndErrorsNeverEchoSecrets", "unknownEngineOptionsAreNotSilentlyIgnored",[0m
2026-10-06T11:56:32.3829344Z [36;1m    "parsedConfigurationDoesNotRetainMutableEnvironmentMap",[0m
2026-10-06T11:56:32.3830007Z [36;1m])[0m
2026-10-06T11:56:32.3830226Z [36;1mPYCODE[0m
2026-10-06T11:56:32.3896162Z shell: /usr/bin/bash --noprofile --norc -e -o pipefail {0}
2026-10-06T11:56:32.3896604Z ##[endgroup]
2026-10-06T11:56:32.4386623Z ##[group]Run bash services/workflow-engine/run-tests.sh clean -Dtest=RootStartupCatalogReferenceTest -Dworkflow.reports=ci-logs/catalog-reference-reports test 2>&1 | tee services/workflow-engine/ci-logs/catalog-reference-tests.txt
2026-10-06T11:56:32.4388345Z [36;1mbash services/workflow-engine/run-tests.sh clean -Dtest=RootStartupCatalogReferenceTest -Dworkflow.reports=ci-logs/catalog-reference-reports test 2>&1 | tee services/workflow-engine/ci-logs/catalog-reference-tests.txt[0m
2026-10-06T11:56:32.4452684Z shell: /usr/bin/bash --noprofile --norc -e -o pipefail {0}
2026-10-06T11:56:32.4453064Z ##[endgroup]
2026-10-06T11:56:33.8330782Z postgres (PostgreSQL) 18.6 (Debian 18.6-1.pgdg13+2)
2026-10-06T11:56:33.8477562Z fixture published ports={}
2026-10-06T11:56:33.8599813Z fixture network internal=true
2026-10-06T11:56:35.1841155Z [INFO] Scanning for projects...
2026-10-06T11:56:35.4176174Z [INFO] 
2026-10-06T11:56:35.4183473Z [INFO] --------------------< org.weaveos:workflow-engine >---------------------
2026-10-06T11:56:35.4190752Z [INFO] Building WeaveOS controlled workflow engine core 0.3.0-SNAPSHOT
2026-10-06T11:56:35.4191416Z [INFO]   from pom.xml
2026-10-06T11:56:35.4192430Z [INFO] --------------------------------[ jar ]---------------------------------
2026-10-06T11:56:35.9763578Z [INFO] 
2026-10-06T11:56:35.9770119Z [INFO] --- clean:3.5.0:clean (default-clean) @ workflow-engine ---
2026-10-06T11:56:36.0342584Z [INFO] Deleting /proof/target
2026-10-06T11:56:36.0621637Z [INFO] 
2026-10-06T11:56:36.0628371Z [INFO] --- resources:3.3.1:resources (default-resources) @ workflow-engine ---
2026-10-06T11:56:36.1492656Z [INFO] skip non existing resourceDirectory /proof/src/main/resources
2026-10-06T11:56:36.1502442Z [INFO] skip non existing resourceDirectory /proof/src/main/resources
2026-10-06T11:56:36.1504035Z [INFO] 
2026-10-06T11:56:36.1505136Z [INFO] --- compiler:3.14.1:compile (default-compile) @ workflow-engine ---
2026-10-06T11:56:36.2543942Z [INFO] Recompiling the module because of changed source code.
2026-10-06T11:56:36.2609232Z [INFO] Compiling 31 source files with javac [debug parameters release 17] to target/classes
2026-10-06T11:56:38.7479674Z [INFO] 
2026-10-06T11:56:38.7480396Z [INFO] --- resources:3.3.1:testResources (default-testResources) @ workflow-engine ---
2026-10-06T11:56:38.7557141Z [INFO] Copying 6 resources from src/test/resources to target/test-classes
2026-10-06T11:56:38.7599606Z [INFO] 
2026-10-06T11:56:38.7603500Z [INFO] --- compiler:3.14.1:testCompile (default-testCompile) @ workflow-engine ---
2026-10-06T11:56:38.7691704Z [INFO] Recompiling the module because of changed dependency.
2026-10-06T11:56:38.7701233Z [INFO] Compiling 15 source files with javac [debug parameters release 17] to target/test-classes
2026-10-06T11:56:40.0689749Z [INFO] 
2026-10-06T11:56:40.0691285Z [INFO] --- surefire:3.5.4:test (default-test) @ workflow-engine ---
2026-10-06T11:56:40.1873899Z [INFO] Using auto detected provider org.apache.maven.surefire.junitplatform.JUnitPlatformProvider
2026-10-06T11:56:40.2260625Z [INFO] 
2026-10-06T11:56:40.2267372Z [INFO] -------------------------------------------------------
2026-10-06T11:56:40.2268760Z [INFO]  T E S T S
2026-10-06T11:56:40.2269383Z [INFO] -------------------------------------------------------
2026-10-06T11:56:40.9354765Z [INFO] Running org.weaveos.workflow.RootStartupCatalogReferenceTest
2026-10-06T11:56:42.6775903Z 11:56:42.611 [main] INFO org.flowable.common.engine.impl.async.DefaultAsyncTaskExecutor -- Creating thread pool queue of size 100
2026-10-06T11:56:42.6788478Z 11:56:42.614 [main] INFO org.flowable.common.engine.impl.async.DefaultAsyncTaskExecutor -- Creating thread factory with naming pattern flowable-async-task-invoker-thread-%d
2026-10-06T11:56:42.6799262Z 11:56:42.614 [main] INFO org.flowable.common.engine.impl.async.DefaultAsyncTaskExecutor -- Creating executor service with corePoolSize 8, maxPoolSize 8 and keepAliveTime 5000
2026-10-06T11:56:42.6802484Z 11:56:42.615 [main] INFO org.flowable.common.engine.impl.async.DefaultAsyncTaskExecutor -- Using rejectedExecutionHandler java.util.concurrent.ThreadPoolExecutor$CallerRunsPolicy@748f93bb
2026-10-06T11:56:42.6816799Z 11:56:42.615 [main] INFO org.flowable.common.engine.impl.async.DefaultAsyncTaskExecutor -- Creating thread pool queue of size 2048
2026-10-06T11:56:42.6818314Z 11:56:42.615 [main] INFO org.flowable.common.engine.impl.async.DefaultAsyncTaskExecutor -- Creating thread factory with naming pattern flowable-async-job-executor-thread-%d
2026-10-06T11:56:42.6819717Z 11:56:42.615 [main] INFO org.flowable.common.engine.impl.async.DefaultAsyncTaskExecutor -- Creating executor service with corePoolSize 8, maxPoolSize 8 and keepAliveTime 5000
2026-10-06T11:56:42.6821219Z 11:56:42.651 [main] INFO org.flowable.common.engine.impl.db.CommonDbSchemaManager -- performing create on common with resource org/flowable/common/db/create/flowable.postgres.create.common.sql
2026-10-06T11:56:42.7754621Z 11:56:42.733 [main] INFO org.flowable.engine.impl.db.ProcessDbSchemaManager -- performing create on engine with resource org/flowable/db/create/flowable.postgres.create.engine.sql
2026-10-06T11:56:42.8761846Z 11:56:42.786 [main] INFO org.flowable.engine.impl.db.ProcessDbSchemaManager -- performing create on history with resource org/flowable/db/create/flowable.postgres.create.history.sql
2026-10-06T11:56:42.8779621Z 11:56:42.802 [main] INFO org.flowable.engine.impl.ProcessEngineImpl -- ProcessEngine default created
2026-10-06T11:56:42.8781198Z 11:56:42.857 [main] INFO org.flowable.engine.impl.cmd.ValidateV5EntitiesCmd -- Total of v5 deployments found: 0
2026-10-06T11:56:43.1052835Z [ERROR] Tests run: 1, Failures: 1, Errors: 0, Skipped: 0, Time elapsed: 2.157 s <<< FAILURE! -- in org.weaveos.workflow.RootStartupCatalogReferenceTest
2026-10-06T11:56:43.1066632Z [ERROR] org.weaveos.workflow.RootStartupCatalogReferenceTest.captureOfficialNativeAndProtocolCatalog -- Time elapsed: 2.134 s <<< FAILURE!
2026-10-06T11:56:43.1068218Z org.opentest4j.AssertionFailedError: expected: <0> but was: <2>
2026-10-06T11:56:43.1069252Z 	at org.junit.jupiter.api.AssertionFailureBuilder.build(AssertionFailureBuilder.java:158)
2026-10-06T11:56:43.1070566Z 	at org.junit.jupiter.api.AssertionFailureBuilder.buildAndThrow(AssertionFailureBuilder.java:139)
2026-10-06T11:56:43.1071782Z 	at org.junit.jupiter.api.AssertEquals.failNotEqual(AssertEquals.java:201)
2026-10-06T11:56:43.1072763Z 	at org.junit.jupiter.api.AssertEquals.assertEquals(AssertEquals.java:168)
2026-10-06T11:56:43.1073718Z 	at org.junit.jupiter.api.AssertEquals.assertEquals(AssertEquals.java:163)
2026-10-06T11:56:43.1074643Z 	at org.junit.jupiter.api.Assertions.assertEquals(Assertions.java:662)
2026-10-06T11:56:43.1077688Z 	at org.weaveos.workflow.RootStartupCatalogReferenceTest.captureOfficialNativeAndProtocolCatalog(RootStartupCatalogReferenceTest.java:41)
2026-10-06T11:56:43.1078954Z 
2026-10-06T11:56:43.1277523Z [INFO] 
2026-10-06T11:56:43.1277912Z [INFO] Results:
2026-10-06T11:56:43.1278250Z [INFO] 
2026-10-06T11:56:43.1278616Z [ERROR] Failures: 
2026-10-06T11:56:43.1279602Z [ERROR]   RootStartupCatalogReferenceTest.captureOfficialNativeAndProtocolCatalog:41 expected: <0> but was: <2>
2026-10-06T11:56:43.1280689Z [INFO] 
2026-10-06T11:56:43.1281096Z [ERROR] Tests run: 1, Failures: 1, Errors: 0, Skipped: 0
2026-10-06T11:56:43.1281630Z [INFO] 
2026-10-06T11:56:43.1324068Z [INFO] ------------------------------------------------------------------------
2026-10-06T11:56:43.1325508Z [INFO] BUILD FAILURE
2026-10-06T11:56:43.1326300Z [INFO] ------------------------------------------------------------------------
2026-10-06T11:56:43.1336370Z [INFO] Total time:  7.968 s
2026-10-06T11:56:43.1342914Z [INFO] Finished at: 2026-10-06T11:56:43Z
2026-10-06T11:56:43.1343975Z [INFO] ------------------------------------------------------------------------
2026-10-06T11:56:43.1358812Z [ERROR] Failed to execute goal org.apache.maven.plugins:maven-surefire-plugin:3.5.4:test (default-test) on project workflow-engine: There are test failures.
2026-10-06T11:56:43.1360729Z [ERROR] 
2026-10-06T11:56:43.1361615Z [ERROR] See /proof/ci-logs/catalog-reference-reports for the individual test results.
2026-10-06T11:56:43.1362900Z [ERROR] See dump files (if any exist) [date].dump, [date]-jvmRun[N].dump and [date].dumpstream.
2026-10-06T11:56:43.1371440Z [ERROR] -> [Help 1]
2026-10-06T11:56:43.1373967Z [ERROR] 
2026-10-06T11:56:43.1374796Z [ERROR] To see the full stack trace of the errors, re-run Maven with the -e switch.
2026-10-06T11:56:43.1376461Z [ERROR] Re-run Maven using the -X switch to enable full debug logging.
2026-10-06T11:56:43.1377440Z [ERROR] 
2026-10-06T11:56:43.1378202Z [ERROR] For more information about the errors and possible solutions, please read the following articles:
2026-10-06T11:56:43.1379381Z [ERROR] [Help 1] http://cwiki.apache.org/confluence/display/MAVEN/MojoFailureException
2026-10-06T11:56:43.4034218Z ##[error]Process completed with exit code 1.
2026-10-06T11:56:43.4212047Z ##[group]Run actions/upload-artifact@330a01c490aca151604b8cf639adc76d48f6c5d4
2026-10-06T11:56:43.4212478Z with:
2026-10-06T11:56:43.4212692Z   name: workflow-engine-37459620820
2026-10-06T11:56:43.4213551Z   path: services/workflow-engine/target/surefire-reports/
services/workflow-engine/target/envelope-ci-reports/
services/workflow-engine/target/execution-ci-reports/
services/workflow-engine/ci-logs/

2026-10-06T11:56:43.4214413Z   if-no-files-found: warn
2026-10-06T11:56:43.4214657Z   retention-days: 14
2026-10-06T11:56:43.4214865Z   compression-level: 6
2026-10-06T11:56:43.4215075Z   overwrite: false
2026-10-06T11:56:43.4215585Z   include-hidden-files: false
2026-10-06T11:56:43.4215829Z ##[endgroup]
2026-10-06T11:56:43.5921438Z (node:3898) [DEP0040] DeprecationWarning: The `punycode` module is deprecated. Please use a userland alternative instead.
2026-10-06T11:56:43.5922330Z (Use `node --trace-deprecation ...` to show where the warning was created)
2026-10-06T11:56:43.6031465Z Multiple search paths detected. Calculating the least common ancestor of all paths
2026-10-06T11:56:43.6034946Z The least common ancestor is /home/runner/work/WeaveOS/WeaveOS/services/workflow-engine. This will be the root directory of the artifact
2026-10-06T11:56:43.6036631Z With the provided path, there will be 8 files uploaded
2026-10-06T11:56:43.6041725Z Artifact name is valid!
2026-10-06T11:56:43.6042432Z Root directory input is valid!
2026-10-06T11:56:43.8028897Z Beginning upload of artifact content to blob storage
2026-10-06T11:56:43.8349243Z (node:3898) [DEP0169] DeprecationWarning: `url.parse()` behavior is not standardized and prone to errors that have security implications. Use the WHATWG URL API instead. CVEs are not issued for `url.parse()` vulnerabilities.
2026-10-06T11:56:43.8590145Z Uploaded bytes 15702
2026-10-06T11:56:43.8732403Z Finished uploading artifact content to blob storage!
2026-10-06T11:56:43.8733865Z SHA256 digest of uploaded artifact zip is 6bff033cdc3146c143753ed65853c2fabacef908cca4464de909553da591ea16
2026-10-06T11:56:43.8734865Z Finalizing artifact upload
2026-10-06T11:56:44.0665773Z Artifact workflow-engine-37459620820.zip successfully finalized. Artifact ID 11411261441
2026-10-06T11:56:44.0667129Z Artifact workflow-engine-37459620820 has been successfully uploaded! Final size is 15702 bytes. Artifact ID is 11411261441
2026-10-06T11:56:44.0673319Z Artifact download URL: https://github.com/Hubujiu/WeaveOS/actions/runs/37459620820/artifacts/11411261441
2026-10-06T11:56:44.0904044Z Post job cleanup.
2026-10-06T11:56:44.1769645Z [command]/usr/bin/git version
2026-10-06T11:56:44.1813712Z git version 2.55.0
2026-10-06T11:56:44.1887041Z Temporarily overriding HOME='/home/runner/work/_temp/43fcd483-6b1a-48a8-946e-f53177671720' before making global git config changes
2026-10-06T11:56:44.1888952Z Adding repository directory to the temporary git global config as a safe directory
2026-10-06T11:56:44.1893391Z [command]/usr/bin/git config --global --add safe.directory /home/runner/work/WeaveOS/WeaveOS
2026-10-06T11:56:44.1939156Z [command]/usr/bin/git config --local --name-only --get-regexp core\.sshCommand
2026-10-06T11:56:44.1980949Z [command]/usr/bin/git submodule foreach --recursive sh -c "git config --local --name-only --get-regexp 'core\.sshCommand' && git config --local --unset-all 'core.sshCommand' || :"
2026-10-06T11:56:44.2244500Z [command]/usr/bin/git config --local --name-only --get-regexp http\.https\:\/\/github\.com\/\.extraheader
2026-10-06T11:56:44.2282487Z [command]/usr/bin/git submodule foreach --recursive sh -c "git config --local --name-only --get-regexp 'http\.https\:\/\/github\.com\/\.extraheader' && git config --local --unset-all 'http.https://github.com/.extraheader' || :"
2026-10-06T11:56:44.2550962Z [command]/usr/bin/git config --local --name-only --get-regexp ^includeIf\.gitdir:
2026-10-06T11:56:44.2590612Z [command]/usr/bin/git submodule foreach --recursive git config --local --show-origin --name-only --get-regexp remote.origin.url
2026-10-06T11:56:44.3010232Z Cleaning up orphan processes
2026-10-06T11:56:44.3341742Z ##[warning]Node.js 20 is deprecated. The following actions target Node.js 20 but are being forced to run on Node.js 24: actions/checkout@11d5960a326750d5838078e36cf38b85af677262, actions/upload-artifact@330a01c490aca151604b8cf639adc76d48f6c5d4. For more information see: https://github.blog/changelog/2025-09-19-deprecation-of-node-20-on-github-actions-runners/

