go: downloading golang.org/x/crypto v0.56.0
=== RUN   TestRootWorkflowActionHTTPRealHostPreviewAcceptedAndStatus
=== RUN   TestRootWorkflowActionHTTPRealHostPreviewAcceptedAndStatus/agree
    root_workflow_action_http_test.go:287: failed to connect to `user=agent database=`: /tmp/.s.PGSQL.5432 (/tmp): dial error: dial unix /tmp/.s.PGSQL.5432: socket: operation not permitted
=== RUN   TestRootWorkflowActionHTTPRealHostPreviewAcceptedAndStatus/reject
    root_workflow_action_http_test.go:287: failed to connect to `user=agent database=`: /tmp/.s.PGSQL.5432 (/tmp): dial error: dial unix /tmp/.s.PGSQL.5432: socket: operation not permitted
--- FAIL: TestRootWorkflowActionHTTPRealHostPreviewAcceptedAndStatus (0.00s)
    --- FAIL: TestRootWorkflowActionHTTPRealHostPreviewAcceptedAndStatus/agree (0.00s)
    --- FAIL: TestRootWorkflowActionHTTPRealHostPreviewAcceptedAndStatus/reject (0.00s)
=== RUN   TestRootWorkflowActionHTTPRejectsAuthenticationCSRFAndActorMismatch
    root_workflow_action_http_test.go:330: failed to connect to `user=agent database=`: /tmp/.s.PGSQL.5432 (/tmp): dial error: dial unix /tmp/.s.PGSQL.5432: socket: operation not permitted
--- FAIL: TestRootWorkflowActionHTTPRejectsAuthenticationCSRFAndActorMismatch (0.00s)
=== RUN   TestRootWorkflowActionHTTPClosedBodyAndExactRoutes
    root_workflow_action_http_test.go:353: failed to connect to `user=agent database=`: /tmp/.s.PGSQL.5432 (/tmp): dial error: dial unix /tmp/.s.PGSQL.5432: socket: operation not permitted
--- FAIL: TestRootWorkflowActionHTTPClosedBodyAndExactRoutes (0.00s)
=== RUN   TestRootWorkflowActionHTTPStaleBasisRequiresRefresh
    root_workflow_action_http_test.go:376: failed to connect to `user=agent database=`: /tmp/.s.PGSQL.5432 (/tmp): dial error: dial unix /tmp/.s.PGSQL.5432: socket: operation not permitted
--- FAIL: TestRootWorkflowActionHTTPStaleBasisRequiresRefresh (0.00s)
=== RUN   TestRootWorkflowConfigDisabledByDefault
--- PASS: TestRootWorkflowConfigDisabledByDefault (0.00s)
=== RUN   TestRootWorkflowConfigRequiresExplicitCompleteEnable
    root_workflow_runtime_config_test.go:21: invalid config accepted: map[WEAVEOS_WORKFLOW_ENABLED:yes]
    root_workflow_runtime_config_test.go:21: invalid config accepted: map[WEAVEOS_WORKFLOW_ENABLED:1]
    root_workflow_runtime_config_test.go:21: invalid config accepted: map[WEAVEOS_WORKFLOW_ENABLED:TRUE]
    root_workflow_runtime_config_test.go:21: invalid config accepted: map[WEAVEOS_WORKFLOW_ENABLED:true]
    root_workflow_runtime_config_test.go:21: invalid config accepted: map[WEAVEOS_WORKFLOW_TARGET:flowable:50051]
    root_workflow_runtime_config_test.go:21: invalid config accepted: map[WEAVEOS_WORKFLOW_ENABLED:false WEAVEOS_WORKFLOW_RPC_TIMEOUT_MS:5000]
--- FAIL: TestRootWorkflowConfigRequiresExplicitCompleteEnable (0.00s)
=== RUN   TestRootWorkflowConfigParsesPlaintextInternalTargets
    root_workflow_runtime_config_test.go:29: target "flowable:50051" c={Enabled:false Target: RPCTimeout:0s} e=<nil>
    root_workflow_runtime_config_test.go:29: target "workflow-engine.internal:9090" c={Enabled:false Target: RPCTimeout:0s} e=<nil>
    root_workflow_runtime_config_test.go:29: target "127.0.0.1:50051" c={Enabled:false Target: RPCTimeout:0s} e=<nil>
    root_workflow_runtime_config_test.go:29: target "10.0.0.2:50051" c={Enabled:false Target: RPCTimeout:0s} e=<nil>
    root_workflow_runtime_config_test.go:29: target "[::1]:50051" c={Enabled:false Target: RPCTimeout:0s} e=<nil>
    root_workflow_runtime_config_test.go:29: target "[fd00::2]:50051" c={Enabled:false Target: RPCTimeout:0s} e=<nil>
--- FAIL: TestRootWorkflowConfigParsesPlaintextInternalTargets (0.00s)
=== RUN   TestRootWorkflowConfigRejectsUnsafeTargetSyntax
    root_workflow_runtime_config_test.go:36: bad target accepted "http://flowable:50051"
    root_workflow_runtime_config_test.go:36: bad target accepted "dns:///flowable:50051"
    root_workflow_runtime_config_test.go:36: bad target accepted "user:secret@flowable:50051"
    root_workflow_runtime_config_test.go:36: bad target accepted "flowable:50051/path"
    root_workflow_runtime_config_test.go:36: bad target accepted "flowable:50051?q=1"
    root_workflow_runtime_config_test.go:36: bad target accepted "flowable:50051#x"
    root_workflow_runtime_config_test.go:36: bad target accepted ":50051"
    root_workflow_runtime_config_test.go:36: bad target accepted "flowable:0"
    root_workflow_runtime_config_test.go:36: bad target accepted "flowable:65536"
    root_workflow_runtime_config_test.go:36: bad target accepted "flowable:abc"
    root_workflow_runtime_config_test.go:36: bad target accepted "flowable"
    root_workflow_runtime_config_test.go:36: bad target accepted "0.0.0.0:50051"
    root_workflow_runtime_config_test.go:36: bad target accepted "[::]:50051"
    root_workflow_runtime_config_test.go:36: bad target accepted "8.8.8.8:50051"
    root_workflow_runtime_config_test.go:36: bad target accepted "224.0.0.1:50051"
    root_workflow_runtime_config_test.go:36: bad target accepted "bad host:50051"
    root_workflow_runtime_config_test.go:36: bad target accepted "-bad:50051"
--- FAIL: TestRootWorkflowConfigRejectsUnsafeTargetSyntax (0.00s)
=== RUN   TestRootWorkflowConfigBoundsDeadline
    root_workflow_runtime_config_test.go:43: bad timeout accepted "0"
    root_workflow_runtime_config_test.go:43: bad timeout accepted "-1"
    root_workflow_runtime_config_test.go:43: bad timeout accepted "30001"
    root_workflow_runtime_config_test.go:43: bad timeout accepted "1s"
    root_workflow_runtime_config_test.go:43: bad timeout accepted "1.5"
    root_workflow_runtime_config_test.go:43: bad timeout accepted "99999999999999999999999"
    root_workflow_runtime_config_test.go:49: deadline 1: {Enabled:false Target: RPCTimeout:0s} <nil>
    root_workflow_runtime_config_test.go:49: deadline 30000: {Enabled:false Target: RPCTimeout:0s} <nil>
--- FAIL: TestRootWorkflowConfigBoundsDeadline (0.00s)
=== RUN   TestRootReadConfigWiresWorkflowValidation
    root_workflow_runtime_config_test.go:55: readConfig ignored incomplete workflow configuration
--- FAIL: TestRootReadConfigWiresWorkflowValidation (0.00s)
=== RUN   TestRootWorkflowEnabledCannotSilentlyUseUnconfiguredHandler
    root_workflow_runtime_config_test.go:68: explicit workflow enable silently ignored
--- FAIL: TestRootWorkflowEnabledCannotSilentlyUseUnconfiguredHandler (0.00s)
FAIL
FAIL	github.com/Hubujiu/WeaveOS/services/bff/cmd/bff	0.018s
FAIL
