=== RUN   TestReadAuthenticationConfiguration
--- PASS: TestReadAuthenticationConfiguration (0.00s)
=== RUN   TestCompositionRejectsIncompleteAuthenticationConfig
--- PASS: TestCompositionRejectsIncompleteAuthenticationConfig (0.00s)
=== RUN   TestRootWorkflowConfigDisabledByDefault
--- PASS: TestRootWorkflowConfigDisabledByDefault (0.00s)
=== RUN   TestRootWorkflowConfigRequiresExplicitCompleteEnable
--- PASS: TestRootWorkflowConfigRequiresExplicitCompleteEnable (0.00s)
=== RUN   TestRootWorkflowConfigParsesPlaintextInternalTargets
--- PASS: TestRootWorkflowConfigParsesPlaintextInternalTargets (0.00s)
=== RUN   TestRootWorkflowConfigRejectsUnsafeTargetSyntax
--- PASS: TestRootWorkflowConfigRejectsUnsafeTargetSyntax (0.00s)
=== RUN   TestRootWorkflowConfigBoundsDeadline
--- PASS: TestRootWorkflowConfigBoundsDeadline (0.00s)
=== RUN   TestRootReadConfigWiresWorkflowValidation
--- PASS: TestRootReadConfigWiresWorkflowValidation (0.00s)
=== RUN   TestRootWorkflowEnabledCannotSilentlyUseUnconfiguredHandler
--- PASS: TestRootWorkflowEnabledCannotSilentlyUseUnconfiguredHandler (0.00s)
PASS
ok  	github.com/Hubujiu/WeaveOS/services/bff/cmd/bff	1.018s
