2026-10-06T10:17:07.1726509Z Current runner version: '2.337.0'
2026-10-06T10:17:07.1750677Z ##[group]Runner Image Provisioner
2026-10-06T10:17:07.1751578Z Hosted Compute Agent
2026-10-06T10:17:07.1752181Z Version: 20260901.588
2026-10-06T10:17:07.1752809Z Commit: f88ec8081b781fac6c440065ac7ff9e710ce3d0b
2026-10-06T10:17:07.1753576Z Build Date: 2026-09-01T19:56:44Z
2026-10-06T10:17:07.1754287Z Worker ID: {54ab49d2-e328-44f2-9319-fb2653dac5e6}
2026-10-06T10:17:07.1755349Z Azure Region: westcentralus
2026-10-06T10:17:07.1756062Z ##[endgroup]
2026-10-06T10:17:07.1757552Z ##[group]Operating System
2026-10-06T10:17:07.1758300Z Ubuntu
2026-10-06T10:17:07.1758848Z 24.04.5
2026-10-06T10:17:07.1759334Z LTS
2026-10-06T10:17:07.1759902Z ##[endgroup]
2026-10-06T10:17:07.1760455Z ##[group]Runner Image
2026-10-06T10:17:07.1761094Z Image: ubuntu-24.04
2026-10-06T10:17:07.1761702Z Version: 20260927.320.1
2026-10-06T10:17:07.1762994Z Included Software: https://github.com/actions/runner-images/blob/ubuntu24/20260927.320/images/ubuntu/Ubuntu2404-Readme.md
2026-10-06T10:17:07.1764557Z Image Release: https://github.com/actions/runner-images/releases/tag/ubuntu24%2F20260927.320
2026-10-06T10:17:07.1765883Z ##[endgroup]
2026-10-06T10:17:07.1767042Z ##[group]GITHUB_TOKEN Permissions
2026-10-06T10:17:07.1769034Z Contents: read
2026-10-06T10:17:07.1769662Z Metadata: read
2026-10-06T10:17:07.1770217Z ##[endgroup]
2026-10-06T10:17:07.1773091Z Secret source: Actions
2026-10-06T10:17:07.1774656Z Cache mode: write
2026-10-06T10:17:07.1776249Z Prepare workflow directory
2026-10-06T10:17:07.2232002Z Prepare all required actions
2026-10-06T10:17:07.2288096Z Getting action download info
2026-10-06T10:17:07.5310946Z Download action repository 'actions/checkout@11d5960a326750d5838078e36cf38b85af677262' (SHA:11d5960a326750d5838078e36cf38b85af677262)
2026-10-06T10:17:07.6403623Z Download action repository 'actions/upload-artifact@330a01c490aca151604b8cf639adc76d48f6c5d4' (SHA:330a01c490aca151604b8cf639adc76d48f6c5d4)
2026-10-06T10:17:07.9031901Z Complete job name: workflow-engine
2026-10-06T10:17:07.9893829Z ##[group]Run actions/checkout@11d5960a326750d5838078e36cf38b85af677262
2026-10-06T10:17:07.9895110Z with:
2026-10-06T10:17:07.9895571Z   persist-credentials: false
2026-10-06T10:17:07.9896108Z   repository: Hubujiu/WeaveOS
2026-10-06T10:17:07.9900112Z   token: ***
2026-10-06T10:17:07.9900564Z   ssh-strict: true
2026-10-06T10:17:07.9900990Z   ssh-user: git
2026-10-06T10:17:07.9901411Z   clean: true
2026-10-06T10:17:07.9901849Z   sparse-checkout-cone-mode: true
2026-10-06T10:17:07.9902396Z   fetch-depth: 1
2026-10-06T10:17:07.9902827Z   fetch-tags: false
2026-10-06T10:17:07.9903256Z   show-progress: true
2026-10-06T10:17:07.9903693Z   lfs: false
2026-10-06T10:17:07.9904099Z   submodules: false
2026-10-06T10:17:07.9904538Z   set-safe-directory: true
2026-10-06T10:17:07.9905357Z   allow-unsafe-pr-checkout: false
2026-10-06T10:17:07.9906191Z ##[endgroup]
2026-10-06T10:17:08.0917348Z Syncing repository: Hubujiu/WeaveOS
2026-10-06T10:17:08.0919981Z ##[group]Getting Git version info
2026-10-06T10:17:08.0921205Z Working directory is '/home/runner/work/WeaveOS/WeaveOS'
2026-10-06T10:17:08.0922821Z [command]/usr/bin/git version
2026-10-06T10:17:08.0998500Z git version 2.55.0
2026-10-06T10:17:08.1020616Z ##[endgroup]
2026-10-06T10:17:08.1036546Z Temporarily overriding HOME='/home/runner/work/_temp/7be58113-e29e-4765-866e-1d71adb5fa73' before making global git config changes
2026-10-06T10:17:08.1038882Z Adding repository directory to the temporary git global config as a safe directory
2026-10-06T10:17:08.1042980Z [command]/usr/bin/git config --global --add safe.directory /home/runner/work/WeaveOS/WeaveOS
2026-10-06T10:17:08.1107701Z Deleting the contents of '/home/runner/work/WeaveOS/WeaveOS'
2026-10-06T10:17:08.1126602Z ##[group]Initializing the repository
2026-10-06T10:17:08.1136213Z [command]/usr/bin/git init /home/runner/work/WeaveOS/WeaveOS
2026-10-06T10:17:08.1204268Z hint: Using 'master' as the name for the initial branch. This default branch name
2026-10-06T10:17:08.1208103Z hint: will change to "main" in Git 3.0. To configure the initial branch name
2026-10-06T10:17:08.1210107Z hint: to use in all of your new repositories, which will suppress this warning,
2026-10-06T10:17:08.1211363Z hint: call:
2026-10-06T10:17:08.1212300Z hint:
2026-10-06T10:17:08.1213099Z hint: 	git config --global init.defaultBranch <name>
2026-10-06T10:17:08.1214126Z hint:
2026-10-06T10:17:08.1215464Z hint: Names commonly chosen instead of 'master' are 'main', 'trunk' and
2026-10-06T10:17:08.1217060Z hint: 'development'. The just-created branch can be renamed via this command:
2026-10-06T10:17:08.1218273Z hint:
2026-10-06T10:17:08.1218928Z hint: 	git branch -m <name>
2026-10-06T10:17:08.1219675Z hint:
2026-10-06T10:17:08.1220736Z hint: Disable this message with "git config set advice.defaultBranchName false"
2026-10-06T10:17:08.1222432Z Initialized empty Git repository in /home/runner/work/WeaveOS/WeaveOS/.git/
2026-10-06T10:17:08.1225209Z [command]/usr/bin/git remote add origin https://github.com/Hubujiu/WeaveOS
2026-10-06T10:17:08.1272216Z ##[endgroup]
2026-10-06T10:17:08.1273446Z ##[group]Disabling automatic garbage collection
2026-10-06T10:17:08.1275498Z [command]/usr/bin/git config --local gc.auto 0
2026-10-06T10:17:08.1308895Z ##[endgroup]
2026-10-06T10:17:08.1310029Z ##[group]Setting up auth
2026-10-06T10:17:08.1314819Z [command]/usr/bin/git config --local --name-only --get-regexp core\.sshCommand
2026-10-06T10:17:08.1348894Z [command]/usr/bin/git submodule foreach --recursive sh -c "git config --local --name-only --get-regexp 'core\.sshCommand' && git config --local --unset-all 'core.sshCommand' || :"
2026-10-06T10:17:08.1872634Z [command]/usr/bin/git config --local --name-only --get-regexp http\.https\:\/\/github\.com\/\.extraheader
2026-10-06T10:17:08.1879591Z [command]/usr/bin/git submodule foreach --recursive sh -c "git config --local --name-only --get-regexp 'http\.https\:\/\/github\.com\/\.extraheader' && git config --local --unset-all 'http.https://github.com/.extraheader' || :"
2026-10-06T10:17:08.2072360Z [command]/usr/bin/git config --local --name-only --get-regexp ^includeIf\.gitdir:
2026-10-06T10:17:08.2112446Z [command]/usr/bin/git submodule foreach --recursive git config --local --show-origin --name-only --get-regexp remote.origin.url
2026-10-06T10:17:08.2360458Z [command]/usr/bin/git config --local http.https://github.com/.extraheader AUTHORIZATION: basic ***
2026-10-06T10:17:08.2406036Z ##[endgroup]
2026-10-06T10:17:08.2407641Z ##[group]Fetching the repository
2026-10-06T10:17:08.2417579Z [command]/usr/bin/git -c protocol.version=2 fetch --no-tags --prune --no-recurse-submodules --depth=1 origin +c5bef8a63cfdef7f1b0618354eb5c303b498631a:refs/remotes/pull/52/merge
2026-10-06T10:17:11.7361322Z From https://github.com/Hubujiu/WeaveOS
2026-10-06T10:17:11.7362477Z  * [new ref]         c5bef8a63cfdef7f1b0618354eb5c303b498631a -> pull/52/merge
2026-10-06T10:17:11.7367254Z ##[endgroup]
2026-10-06T10:17:11.7368340Z ##[group]Determining the checkout info
2026-10-06T10:17:11.7370791Z ##[endgroup]
2026-10-06T10:17:11.7379009Z [command]/usr/bin/git sparse-checkout disable
2026-10-06T10:17:11.7434169Z [command]/usr/bin/git config --local --unset-all extensions.worktreeConfig
2026-10-06T10:17:11.7469640Z ##[group]Checking out the ref
2026-10-06T10:17:11.7474000Z [command]/usr/bin/git checkout --progress --force refs/remotes/pull/52/merge
2026-10-06T10:17:12.5296984Z Note: switching to 'refs/remotes/pull/52/merge'.
2026-10-06T10:17:12.5298190Z 
2026-10-06T10:17:12.5299176Z You are in 'detached HEAD' state. You can look around, make experimental
2026-10-06T10:17:12.5300467Z changes and commit them, and you can discard any commits you make in this
2026-10-06T10:17:12.5301628Z state without impacting any branches by switching back to a branch.
2026-10-06T10:17:12.5302375Z 
2026-10-06T10:17:12.5302930Z If you want to create a new branch to retain commits you create, you may
2026-10-06T10:17:12.5304042Z do so (now or later) by using -c with the switch command. Example:
2026-10-06T10:17:12.5304782Z 
2026-10-06T10:17:12.5305566Z   git switch -c <new-branch-name>
2026-10-06T10:17:12.5306580Z 
2026-10-06T10:17:12.5307013Z Or undo this operation with:
2026-10-06T10:17:12.5307534Z 
2026-10-06T10:17:12.5307919Z   git switch -
2026-10-06T10:17:12.5308524Z 
2026-10-06T10:17:12.5309179Z Turn off this advice by setting config variable advice.detachedHead to false
2026-10-06T10:17:12.5309981Z 
2026-10-06T10:17:12.5310885Z HEAD is now at c5bef8a Merge e459ffba9449be1b5a5263bb4ef20378c6e04bb6 into 8fc8f2955d8c956de2c39f505f56c822f75a3405
2026-10-06T10:17:12.5343088Z ##[endgroup]
2026-10-06T10:17:12.5392388Z [command]/usr/bin/git log -1 --format=%H
2026-10-06T10:17:12.5420033Z c5bef8a63cfdef7f1b0618354eb5c303b498631a
2026-10-06T10:17:12.5430061Z ##[group]Removing auth
2026-10-06T10:17:12.5434439Z [command]/usr/bin/git config --local --name-only --get-regexp core\.sshCommand
2026-10-06T10:17:12.5469503Z [command]/usr/bin/git submodule foreach --recursive sh -c "git config --local --name-only --get-regexp 'core\.sshCommand' && git config --local --unset-all 'core.sshCommand' || :"
2026-10-06T10:17:12.5704327Z [command]/usr/bin/git config --local --name-only --get-regexp http\.https\:\/\/github\.com\/\.extraheader
2026-10-06T10:17:12.5733562Z http.https://github.com/.extraheader
2026-10-06T10:17:12.5741419Z [command]/usr/bin/git config --local --unset-all http.https://github.com/.extraheader
2026-10-06T10:17:12.5776480Z [command]/usr/bin/git submodule foreach --recursive sh -c "git config --local --name-only --get-regexp 'http\.https\:\/\/github\.com\/\.extraheader' && git config --local --unset-all 'http.https://github.com/.extraheader' || :"
2026-10-06T10:17:12.6004769Z [command]/usr/bin/git config --local --name-only --get-regexp ^includeIf\.gitdir:
2026-10-06T10:17:12.6037274Z [command]/usr/bin/git submodule foreach --recursive git config --local --show-origin --name-only --get-regexp remote.origin.url
2026-10-06T10:17:12.6261874Z ##[endgroup]
2026-10-06T10:17:12.6472140Z ##[group]Run mkdir -p services/workflow-engine/ci-logs
2026-10-06T10:17:12.6472733Z [36;1mmkdir -p services/workflow-engine/ci-logs[0m
2026-10-06T10:17:12.6473400Z [36;1mpython3 services/workflow-engine/ci_gate_tests.py 2>&1 | tee services/workflow-engine/ci-logs/gate-tests.txt[0m
2026-10-06T10:17:12.6725490Z shell: /usr/bin/bash --noprofile --norc -e -o pipefail {0}
2026-10-06T10:17:12.6726036Z ##[endgroup]
2026-10-06T10:17:12.7452751Z ............
2026-10-06T10:17:12.7453296Z ----------------------------------------------------------------------
2026-10-06T10:17:12.7453925Z Ran 12 tests in 0.010s
2026-10-06T10:17:12.7454163Z 
2026-10-06T10:17:12.7454310Z OK
2026-10-06T10:17:12.7567046Z ##[group]Run bash services/workflow-engine/prepare-build.sh 2>&1 | tee services/workflow-engine/ci-logs/prepare.txt
2026-10-06T10:17:12.7567958Z [36;1mbash services/workflow-engine/prepare-build.sh 2>&1 | tee services/workflow-engine/ci-logs/prepare.txt[0m
2026-10-06T10:17:12.7630201Z shell: /usr/bin/bash --noprofile --norc -e -o pipefail {0}
2026-10-06T10:17:12.7630621Z ##[endgroup]
2026-10-06T10:17:12.8530019Z Unable to find image 'mirror.gcr.io/library/maven@sha256:fa7aa19829157d299ff05f631b51697a388dcd2f6955e84249ecc652015f217b' locally
2026-10-06T10:17:13.9219671Z mirror.gcr.io/library/maven@sha256:fa7aa19829157d299ff05f631b51697a388dcd2f6955e84249ecc652015f217b: Pulling from library/maven
2026-10-06T10:17:13.9220868Z 20043066d3d5: Pulling fs layer
2026-10-06T10:17:13.9221327Z 077c4ca28173: Pulling fs layer
2026-10-06T10:17:13.9221790Z b88b6ae1b108: Pulling fs layer
2026-10-06T10:17:13.9222245Z 67cf99ea3a75: Pulling fs layer
2026-10-06T10:17:13.9222810Z 02d80376fd82: Pulling fs layer
2026-10-06T10:17:13.9223255Z a48539624cab: Pulling fs layer
2026-10-06T10:17:13.9223733Z 066840a279be: Pulling fs layer
2026-10-06T10:17:13.9224173Z 00ce8eef72b0: Pulling fs layer
2026-10-06T10:17:13.9224609Z a00511e1babb: Pulling fs layer
2026-10-06T10:17:13.9225381Z 8f9d993fddb9: Pulling fs layer
2026-10-06T10:17:13.9225833Z 066840a279be: Waiting
2026-10-06T10:17:13.9226282Z 00ce8eef72b0: Waiting
2026-10-06T10:17:13.9227083Z a00511e1babb: Waiting
2026-10-06T10:17:13.9227517Z 8f9d993fddb9: Waiting
2026-10-06T10:17:13.9227912Z 67cf99ea3a75: Waiting
2026-10-06T10:17:13.9228290Z 02d80376fd82: Waiting
2026-10-06T10:17:13.9228729Z a48539624cab: Waiting
2026-10-06T10:17:15.0286361Z 20043066d3d5: Download complete
2026-10-06T10:17:15.4398032Z b88b6ae1b108: Verifying Checksum
2026-10-06T10:17:15.4399167Z b88b6ae1b108: Download complete
2026-10-06T10:17:15.5646176Z 67cf99ea3a75: Verifying Checksum
2026-10-06T10:17:15.5656218Z 67cf99ea3a75: Download complete
2026-10-06T10:17:15.9168772Z 077c4ca28173: Verifying Checksum
2026-10-06T10:17:15.9173665Z 077c4ca28173: Download complete
2026-10-06T10:17:15.9205813Z 02d80376fd82: Download complete
2026-10-06T10:17:16.1672601Z 20043066d3d5: Pull complete
2026-10-06T10:17:16.5407810Z 00ce8eef72b0: Download complete
2026-10-06T10:17:16.9927014Z a00511e1babb: Verifying Checksum
2026-10-06T10:17:16.9928358Z a00511e1babb: Download complete
2026-10-06T10:17:17.3681100Z 066840a279be: Verifying Checksum
2026-10-06T10:17:17.3681850Z 066840a279be: Download complete
2026-10-06T10:17:17.6231624Z 8f9d993fddb9: Verifying Checksum
2026-10-06T10:17:17.6232239Z 8f9d993fddb9: Download complete
2026-10-06T10:17:18.0353707Z a48539624cab: Verifying Checksum
2026-10-06T10:17:18.0354058Z a48539624cab: Download complete
2026-10-06T10:17:20.1828705Z 077c4ca28173: Pull complete
2026-10-06T10:17:21.7785795Z b88b6ae1b108: Pull complete
2026-10-06T10:17:21.7881429Z 67cf99ea3a75: Pull complete
2026-10-06T10:17:21.7989150Z 02d80376fd82: Pull complete
2026-10-06T10:17:22.6530846Z a48539624cab: Pull complete
2026-10-06T10:17:22.7370061Z 066840a279be: Pull complete
2026-10-06T10:17:22.7454686Z 00ce8eef72b0: Pull complete
2026-10-06T10:17:22.7548918Z a00511e1babb: Pull complete
2026-10-06T10:17:22.7638874Z 8f9d993fddb9: Pull complete
2026-10-06T10:17:22.7676615Z Digest: sha256:fa7aa19829157d299ff05f631b51697a388dcd2f6955e84249ecc652015f217b
2026-10-06T10:17:22.7690392Z Status: Downloaded newer image for mirror.gcr.io/library/maven@sha256:fa7aa19829157d299ff05f631b51697a388dcd2f6955e84249ecc652015f217b
2026-10-06T10:17:25.1150702Z [INFO] Scanning for projects...
2026-10-06T10:17:30.7607689Z [INFO] 
2026-10-06T10:17:30.7646827Z [INFO] --------------------< org.weaveos:workflow-engine >---------------------
2026-10-06T10:17:30.7647739Z [INFO] Building WeaveOS controlled workflow engine core 0.3.0-SNAPSHOT
2026-10-06T10:17:30.7648443Z [INFO]   from pom.xml
2026-10-06T10:17:30.7648953Z [INFO] --------------------------------[ jar ]---------------------------------
2026-10-06T10:17:30.7649610Z [INFO] 
2026-10-06T10:17:30.7650928Z [INFO] --- dependency:3.9.0:go-offline (default-cli) @ workflow-engine ---
2026-10-06T10:17:38.0626338Z [INFO] Resolved plugin: maven-compiler-plugin-3.14.1.jar
2026-10-06T10:17:38.0627727Z [INFO] Resolved plugin dependency:
2026-10-06T10:17:38.6616785Z [INFO]       maven-compiler-plugin-3.14.1.jar
2026-10-06T10:17:38.6617459Z [INFO]       asm-9.8.jar
2026-10-06T10:17:38.6617907Z [INFO]       maven-shared-utils-3.4.2.jar
2026-10-06T10:17:38.6618736Z [INFO]       slf4j-api-1.7.36.jar
2026-10-06T10:17:38.6619349Z [INFO]       commons-io-2.11.0.jar
2026-10-06T10:17:38.6620061Z [INFO]       maven-shared-incremental-1.1.jar
2026-10-06T10:17:38.6620759Z [INFO]       plexus-java-1.5.0.jar
2026-10-06T10:17:38.6645585Z [INFO]       qdox-2.2.0.jar
2026-10-06T10:17:38.6675351Z [INFO]       plexus-compiler-api-2.15.0.jar
2026-10-06T10:17:38.6676475Z [INFO]       plexus-compiler-manager-2.15.0.jar
2026-10-06T10:17:38.6677068Z [INFO]       javax.inject-1.jar
2026-10-06T10:17:38.6677568Z [INFO]       plexus-xml-3.0.1.jar
2026-10-06T10:17:38.6678090Z [INFO]       plexus-compiler-javac-2.15.0.jar
2026-10-06T10:17:38.6678653Z [INFO]       plexus-utils-4.0.2.jar
2026-10-06T10:17:38.6679243Z [INFO] Resolved plugin: maven-surefire-plugin-3.5.4.jar
2026-10-06T10:17:38.6679881Z [INFO] Resolved plugin dependency:
2026-10-06T10:17:39.0545788Z [INFO]       maven-surefire-plugin-3.5.4.jar
2026-10-06T10:17:39.0546515Z [INFO]       surefire-api-3.5.4.jar
2026-10-06T10:17:39.0555828Z [INFO]       surefire-logger-api-3.5.4.jar
2026-10-06T10:17:39.0566035Z [INFO]       surefire-shared-utils-3.5.4.jar
2026-10-06T10:17:39.0595937Z [INFO]       surefire-extensions-api-3.5.4.jar
2026-10-06T10:17:39.0605670Z [INFO]       maven-surefire-common-3.5.4.jar
2026-10-06T10:17:39.0635842Z [INFO]       surefire-booter-3.5.4.jar
2026-10-06T10:17:39.0636883Z [INFO]       surefire-extensions-spi-3.5.4.jar
2026-10-06T10:17:39.0637464Z [INFO]       maven-resolver-util-1.4.1.jar
2026-10-06T10:17:39.0638033Z [INFO]       maven-resolver-api-1.4.1.jar
2026-10-06T10:17:39.0638636Z [INFO]       maven-common-artifact-filters-3.4.0.jar
2026-10-06T10:17:39.0639206Z [INFO]       slf4j-api-1.7.36.jar
2026-10-06T10:17:39.0639680Z [INFO]       plexus-java-1.5.0.jar
2026-10-06T10:17:39.0640144Z [INFO]       asm-9.8.jar
2026-10-06T10:17:39.0640536Z [INFO]       qdox-2.2.0.jar
2026-10-06T10:17:39.0641039Z [INFO] Resolved plugin: maven-jar-plugin-3.4.2.jar
2026-10-06T10:17:39.0641637Z [INFO] Resolved plugin dependency:
2026-10-06T10:17:39.3323782Z [INFO]       maven-jar-plugin-3.4.2.jar
2026-10-06T10:17:39.3326265Z [INFO]       file-management-3.1.0.jar
2026-10-06T10:17:39.3327094Z [INFO]       plexus-utils-4.0.1.jar
2026-10-06T10:17:39.3327566Z [INFO]       commons-io-2.16.1.jar
2026-10-06T10:17:39.3328070Z [INFO]       maven-archiver-3.6.2.jar
2026-10-06T10:17:39.3328606Z [INFO]       plexus-interpolation-1.27.jar
2026-10-06T10:17:39.3338357Z [INFO]       plexus-archiver-4.9.2.jar
2026-10-06T10:17:39.3338891Z [INFO]       plexus-io-3.4.2.jar
2026-10-06T10:17:39.3339403Z [INFO]       commons-compress-1.26.1.jar
2026-10-06T10:17:39.3339913Z [INFO]       commons-lang3-3.14.0.jar
2026-10-06T10:17:39.3340392Z [INFO]       commons-codec-1.16.1.jar
2026-10-06T10:17:39.3340858Z [INFO]       snappy-0.4.jar
2026-10-06T10:17:39.3341303Z [INFO]       xz-1.9.jar
2026-10-06T10:17:39.3341688Z [INFO]       zstd-jni-1.5.5-11.jar
2026-10-06T10:17:39.3342136Z [INFO]       javax.inject-1.jar
2026-10-06T10:17:39.3342486Z [INFO]       slf4j-api-1.7.36.jar
2026-10-06T10:17:39.3342828Z [INFO] Resolved plugin: maven-clean-plugin-3.5.0.jar
2026-10-06T10:17:39.3343190Z [INFO] Resolved plugin dependency:
2026-10-06T10:17:39.3368146Z [INFO]       maven-clean-plugin-3.5.0.jar
2026-10-06T10:17:39.3369331Z [INFO]       plexus-utils-4.0.2.jar
2026-10-06T10:17:39.3375742Z [INFO] Resolved plugin: protobuf-maven-plugin-0.6.1.jar
2026-10-06T10:17:39.3376763Z [INFO] Resolved plugin dependency:
2026-10-06T10:17:40.7267933Z [INFO]       protobuf-maven-plugin-0.6.1.jar
2026-10-06T10:17:40.7296175Z [INFO]       maven-plugin-api-3.0.jar
2026-10-06T10:17:40.7296567Z [INFO]       maven-model-3.0.jar
2026-10-06T10:17:40.7296914Z [INFO]       sisu-inject-plexus-1.4.2.jar
2026-10-06T10:17:40.7297297Z [INFO]       sisu-inject-bean-1.4.2.jar
2026-10-06T10:17:40.7297659Z [INFO]       sisu-guice-2.1.7-noaop.jar
2026-10-06T10:17:40.7298047Z [INFO]       maven-plugin-annotations-3.5.2.jar
2026-10-06T10:17:40.7298452Z [INFO]       plexus-utils-3.1.0.jar
2026-10-06T10:17:40.7298856Z [INFO]       plexus-component-annotations-1.7.1.jar
2026-10-06T10:17:40.7299437Z [INFO]       plexus-build-api-0.0.7.jar
2026-10-06T10:17:40.7299988Z [INFO]       maven-core-3.0.jar
2026-10-06T10:17:40.7300559Z [INFO]       maven-settings-3.0.jar
2026-10-06T10:17:40.7301186Z [INFO]       maven-settings-builder-3.0.jar
2026-10-06T10:17:40.7301893Z [INFO]       maven-repository-metadata-3.0.jar
2026-10-06T10:17:40.7302585Z [INFO]       maven-model-builder-3.0.jar
2026-10-06T10:17:40.7303274Z [INFO]       maven-aether-provider-3.0.jar
2026-10-06T10:17:40.7303967Z [INFO]       aether-impl-1.7.jar
2026-10-06T10:17:40.7304524Z [INFO]       aether-spi-1.7.jar
2026-10-06T10:17:40.7305489Z [INFO]       aether-api-1.7.jar
2026-10-06T10:17:40.7306102Z [INFO]       aether-util-1.7.jar
2026-10-06T10:17:40.7306804Z [INFO]       plexus-interpolation-1.14.jar
2026-10-06T10:17:40.7307593Z [INFO]       plexus-classworlds-2.2.3.jar
2026-10-06T10:17:40.7308374Z [INFO]       plexus-sec-dispatcher-1.3.jar
2026-10-06T10:17:40.7309951Z [INFO]       plexus-cipher-1.4.jar
2026-10-06T10:17:40.7310446Z [INFO]       maven-artifact-3.0.jar
2026-10-06T10:17:40.7315585Z [INFO]       maven-compat-3.0.jar
2026-10-06T10:17:40.7316269Z [INFO]       wagon-provider-api-1.0-beta-6.jar
2026-10-06T10:17:40.7316912Z [INFO] Resolved plugin: maven-install-plugin-3.1.4.jar
2026-10-06T10:17:40.7317515Z [INFO] Resolved plugin dependency:
2026-10-06T10:17:40.9086770Z [INFO]       maven-install-plugin-3.1.4.jar
2026-10-06T10:17:40.9087866Z [INFO]       maven-resolver-util-1.9.22.jar
2026-10-06T10:17:40.9088616Z [INFO]       maven-resolver-api-1.9.22.jar
2026-10-06T10:17:40.9089340Z [INFO]       plexus-utils-4.0.1.jar
2026-10-06T10:17:40.9090120Z [INFO]       plexus-xml-3.0.1.jar
2026-10-06T10:17:40.9090948Z [INFO] Resolved plugin: maven-site-plugin-3.12.1.jar
2026-10-06T10:17:40.9091760Z [INFO] Resolved plugin dependency:
2026-10-06T10:17:49.1101341Z [INFO]       maven-site-plugin-3.12.1.jar
2026-10-06T10:17:49.1126143Z [INFO]       maven-reporting-api-3.1.1.jar
2026-10-06T10:17:49.1126931Z [INFO]       maven-reporting-exec-1.6.0.jar
2026-10-06T10:17:49.1127548Z [INFO]       maven-artifact-3.2.5.jar
2026-10-06T10:17:49.1128188Z [INFO]       maven-core-3.2.5.jar
2026-10-06T10:17:49.1128869Z [INFO]       maven-repository-metadata-3.2.5.jar
2026-10-06T10:17:49.1129534Z [INFO]       maven-model-builder-3.2.5.jar
2026-10-06T10:17:49.1130188Z [INFO]       maven-aether-provider-3.2.5.jar
2026-10-06T10:17:49.1130828Z [INFO]       aether-spi-1.0.0.v20140518.jar
2026-10-06T10:17:49.1131498Z [INFO]       aether-impl-1.0.0.v20140518.jar
2026-10-06T10:17:49.1132189Z [INFO]       aether-api-1.0.0.v20140518.jar
2026-10-06T10:17:49.1132862Z [INFO]       org.eclipse.sisu.plexus-0.3.5.jar
2026-10-06T10:17:49.1133512Z [INFO]       javax.annotation-api-1.2.jar
2026-10-06T10:17:49.1134130Z [INFO]       cdi-api-1.2.jar
2026-10-06T10:17:49.1134708Z [INFO]       org.eclipse.sisu.inject-0.3.5.jar
2026-10-06T10:17:49.1135481Z [INFO]       sisu-guice-3.2.3-no_aop.jar
2026-10-06T10:17:49.1135924Z [INFO]       javax.inject-1.jar
2026-10-06T10:17:49.1136330Z [INFO]       aopalliance-1.0.jar
2026-10-06T10:17:49.1136734Z [INFO]       guava-16.0.1.jar
2026-10-06T10:17:49.1137151Z [INFO]       plexus-classworlds-2.5.2.jar
2026-10-06T10:17:49.1137656Z [INFO]       plexus-sec-dispatcher-1.3.jar
2026-10-06T10:17:49.1138128Z [INFO]       plexus-cipher-1.4.jar
2026-10-06T10:17:49.1138538Z [INFO]       maven-model-3.2.5.jar
2026-10-06T10:17:49.1139008Z [INFO]       maven-plugin-api-3.2.5.jar
2026-10-06T10:17:49.1139764Z [INFO]       maven-settings-3.2.5.jar
2026-10-06T10:17:49.1140326Z [INFO]       maven-settings-builder-3.2.5.jar
2026-10-06T10:17:49.1140904Z [INFO]       aether-util-1.0.0.v20140518.jar
2026-10-06T10:17:49.1141462Z [INFO]       maven-shared-utils-3.3.4.jar
2026-10-06T10:17:49.1141992Z [INFO]       commons-io-2.6.jar
2026-10-06T10:17:49.1142458Z [INFO]       maven-archiver-3.5.2.jar
2026-10-06T10:17:49.1142986Z [INFO]       commons-compress-1.20.jar
2026-10-06T10:17:49.1143556Z [INFO]       plexus-interpolation-1.26.jar
2026-10-06T10:17:49.1144092Z [INFO]       plexus-archiver-4.2.7.jar
2026-10-06T10:17:49.1144594Z [INFO]       plexus-io-3.2.0.jar
2026-10-06T10:17:49.1145367Z [INFO]       snappy-0.4.jar
2026-10-06T10:17:49.1145806Z [INFO]       xz-1.9.jar
2026-10-06T10:17:49.1146223Z [INFO]       plexus-i18n-1.0-beta-10.jar
2026-10-06T10:17:49.1146714Z [INFO]       plexus-utils-3.4.2.jar
2026-10-06T10:17:49.1147185Z [INFO]       doxia-sink-api-1.11.1.jar
2026-10-06T10:17:49.1147679Z [INFO]       doxia-logging-api-1.11.1.jar
2026-10-06T10:17:49.1148190Z [INFO]       doxia-core-1.11.1.jar
2026-10-06T10:17:49.1148701Z [INFO]       plexus-container-default-2.1.0.jar
2026-10-06T10:17:49.1149241Z [INFO]       xbean-reflect-3.7.jar
2026-10-06T10:17:49.1149712Z [INFO]       google-collections-1.0.jar
2026-10-06T10:17:49.1150265Z [INFO]       plexus-component-annotations-2.1.1.jar
2026-10-06T10:17:49.1150828Z [INFO]       commons-lang3-3.8.1.jar
2026-10-06T10:17:49.1151612Z [INFO]       commons-text-1.3.jar
2026-10-06T10:17:49.1152033Z [INFO]       httpclient-4.5.13.jar
2026-10-06T10:17:49.1152304Z [INFO]       commons-logging-1.2.jar
2026-10-06T10:17:49.1152594Z [INFO]       commons-codec-1.11.jar
2026-10-06T10:17:49.1152858Z [INFO]       httpcore-4.4.14.jar
2026-10-06T10:17:49.1153133Z [INFO]       doxia-module-xhtml-1.11.1.jar
2026-10-06T10:17:49.1153437Z [INFO]       doxia-module-xhtml5-1.11.1.jar
2026-10-06T10:17:49.1153735Z [INFO]       doxia-module-apt-1.11.1.jar
2026-10-06T10:17:49.1154022Z [INFO]       doxia-module-xdoc-1.11.1.jar
2026-10-06T10:17:49.1154315Z [INFO]       doxia-module-fml-1.11.1.jar
2026-10-06T10:17:49.1154621Z [INFO]       doxia-module-markdown-1.11.1.jar
2026-10-06T10:17:49.1155941Z [INFO]       flexmark-all-0.42.14.jar
2026-10-06T10:17:49.1156501Z [INFO]       flexmark-0.42.14.jar
2026-10-06T10:17:49.1157062Z [INFO]       flexmark-ext-abbreviation-0.42.14.jar
2026-10-06T10:17:49.1157720Z [INFO]       flexmark-ext-admonition-0.42.14.jar
2026-10-06T10:17:49.1158362Z [INFO]       flexmark-ext-anchorlink-0.42.14.jar
2026-10-06T10:17:49.1158963Z [INFO]       flexmark-ext-aside-0.42.14.jar
2026-10-06T10:17:49.1159552Z [INFO]       flexmark-ext-attributes-0.42.14.jar
2026-10-06T10:17:49.1160168Z [INFO]       flexmark-ext-autolink-0.42.14.jar
2026-10-06T10:17:49.1160749Z [INFO]       autolink-0.6.0.jar
2026-10-06T10:17:49.1161342Z [INFO]       flexmark-ext-definition-0.42.14.jar
2026-10-06T10:17:49.1161934Z [INFO]       flexmark-ext-emoji-0.42.14.jar
2026-10-06T10:17:49.1162607Z [INFO]       flexmark-ext-enumerated-reference-0.42.14.jar
2026-10-06T10:17:49.1163369Z [INFO]       flexmark-ext-escaped-character-0.42.14.jar
2026-10-06T10:17:49.1164034Z [INFO]       flexmark-ext-footnotes-0.42.14.jar
2026-10-06T10:17:49.1164660Z [INFO]       flexmark-ext-gfm-issues-0.42.14.jar
2026-10-06T10:17:49.1165617Z [INFO]       flexmark-ext-gfm-strikethrough-0.42.14.jar
2026-10-06T10:17:49.1166308Z [INFO]       flexmark-ext-gfm-tables-0.42.14.jar
2026-10-06T10:17:49.1166971Z [INFO]       flexmark-ext-gfm-tasklist-0.42.14.jar
2026-10-06T10:17:49.1167618Z [INFO]       flexmark-ext-gfm-users-0.42.14.jar
2026-10-06T10:17:49.1168467Z [INFO]       flexmark-ext-gitlab-0.42.14.jar
2026-10-06T10:17:49.1169485Z [INFO]       flexmark-ext-jekyll-front-matter-0.42.14.jar
2026-10-06T10:17:49.1170392Z [INFO]       flexmark-ext-jekyll-tag-0.42.14.jar
2026-10-06T10:17:49.1171224Z [INFO]       flexmark-ext-media-tags-0.42.14.jar
2026-10-06T10:17:49.1172238Z [INFO]       flexmark-ext-macros-0.42.14.jar
2026-10-06T10:17:49.1175852Z [INFO]       flexmark-ext-ins-0.42.14.jar
2026-10-06T10:17:49.1176740Z [INFO]       flexmark-ext-xwiki-macros-0.42.14.jar
2026-10-06T10:17:49.1177567Z [INFO]       flexmark-ext-superscript-0.42.14.jar
2026-10-06T10:17:49.1178355Z [INFO]       flexmark-ext-tables-0.42.14.jar
2026-10-06T10:17:49.1179120Z [INFO]       flexmark-ext-toc-0.42.14.jar
2026-10-06T10:17:49.1179890Z [INFO]       flexmark-ext-typographic-0.42.14.jar
2026-10-06T10:17:49.1180692Z [INFO]       flexmark-ext-wikilink-0.42.14.jar
2026-10-06T10:17:49.1181598Z [INFO]       flexmark-ext-yaml-front-matter-0.42.14.jar
2026-10-06T10:17:49.1182537Z [INFO]       flexmark-ext-youtube-embedded-0.42.14.jar
2026-10-06T10:17:49.1183377Z [INFO]       flexmark-formatter-0.42.14.jar
2026-10-06T10:17:49.1184133Z [INFO]       flexmark-html-parser-0.42.14.jar
2026-10-06T10:17:49.1185079Z [INFO]       jsoup-1.10.2.jar
2026-10-06T10:17:49.1185756Z [INFO]       flexmark-jira-converter-0.42.14.jar
2026-10-06T10:17:49.1186661Z [INFO]       flexmark-profile-pegdown-0.42.14.jar
2026-10-06T10:17:49.1187527Z [INFO]       flexmark-util-0.42.14.jar
2026-10-06T10:17:49.1188348Z [INFO]       flexmark-youtrack-converter-0.42.14.jar
2026-10-06T10:17:49.1189221Z [INFO]       doxia-module-confluence-1.11.1.jar
2026-10-06T10:17:49.1190080Z [INFO]       doxia-module-docbook-simple-1.11.1.jar
2026-10-06T10:17:49.1190940Z [INFO]       doxia-module-twiki-1.11.1.jar
2026-10-06T10:17:49.1191769Z [INFO]       doxia-decoration-model-1.11.1.jar
2026-10-06T10:17:49.1192892Z [INFO]       doxia-site-renderer-1.11.1.jar
2026-10-06T10:17:49.1193714Z [INFO]       doxia-skin-model-1.11.1.jar
2026-10-06T10:17:49.1194499Z [INFO]       plexus-velocity-1.2.jar
2026-10-06T10:17:49.1195638Z [INFO]       velocity-1.7.jar
2026-10-06T10:17:49.1196367Z [INFO]       commons-lang-2.4.jar
2026-10-06T10:17:49.1197121Z [INFO]       velocity-tools-2.0.jar
2026-10-06T10:17:49.1197905Z [INFO]       commons-beanutils-1.7.0.jar
2026-10-06T10:17:49.1198691Z [INFO]       commons-digester-1.8.jar
2026-10-06T10:17:49.1199434Z [INFO]       commons-chain-1.1.jar
2026-10-06T10:17:49.1200137Z [INFO]       dom4j-1.1.jar
2026-10-06T10:17:49.1200734Z [INFO]       oro-2.0.8.jar
2026-10-06T10:17:49.1201434Z [INFO]       commons-collections-3.2.2.jar
2026-10-06T10:17:49.1202253Z [INFO]       doxia-integration-tools-1.11.1.jar
2026-10-06T10:17:49.1203085Z [INFO]       jetty-server-9.4.46.v20220331.jar
2026-10-06T10:17:49.1203838Z [INFO]       javax.servlet-api-3.1.0.jar
2026-10-06T10:17:49.1204576Z [INFO]       jetty-http-9.4.46.v20220331.jar
2026-10-06T10:17:49.1205526Z [INFO]       jetty-io-9.4.46.v20220331.jar
2026-10-06T10:17:49.1206249Z [INFO]       jetty-servlet-9.4.46.v20220331.jar
2026-10-06T10:17:49.1207014Z [INFO]       jetty-security-9.4.46.v20220331.jar
2026-10-06T10:17:49.1207802Z [INFO]       jetty-util-ajax-9.4.46.v20220331.jar
2026-10-06T10:17:49.1208571Z [INFO]       jetty-webapp-9.4.46.v20220331.jar
2026-10-06T10:17:49.1209355Z [INFO]       jetty-xml-9.4.46.v20220331.jar
2026-10-06T10:17:49.1210114Z [INFO]       jetty-util-9.4.46.v20220331.jar
2026-10-06T10:17:49.1210953Z [INFO] Resolved plugin: maven-resources-plugin-3.3.1.jar
2026-10-06T10:17:49.1211748Z [INFO] Resolved plugin dependency:
2026-10-06T10:17:49.3960797Z [INFO]       maven-resources-plugin-3.3.1.jar
2026-10-06T10:17:49.3962150Z [INFO]       plexus-interpolation-1.26.jar
2026-10-06T10:17:49.3962993Z [INFO]       plexus-utils-3.5.1.jar
2026-10-06T10:17:49.3963910Z [INFO]       maven-filtering-3.3.1.jar
2026-10-06T10:17:49.3964755Z [INFO]       javax.inject-1.jar
2026-10-06T10:17:49.3965721Z [INFO]       slf4j-api-1.7.36.jar
2026-10-06T10:17:49.3976095Z [INFO]       plexus-build-api-0.0.7.jar
2026-10-06T10:17:49.3976642Z [INFO]       commons-io-2.11.0.jar
2026-10-06T10:17:49.3977108Z [INFO]       commons-lang3-3.12.0.jar
2026-10-06T10:17:49.3977680Z [INFO] Resolved plugin: maven-deploy-plugin-3.1.4.jar
2026-10-06T10:17:49.3978253Z [INFO] Resolved plugin dependency:
2026-10-06T10:17:49.3991970Z [INFO]       maven-deploy-plugin-3.1.4.jar
2026-10-06T10:17:49.3999849Z [INFO]       plexus-utils-4.0.1.jar
2026-10-06T10:17:49.4001057Z [INFO]       plexus-xml-3.0.1.jar
2026-10-06T10:17:49.4001925Z [INFO]       maven-resolver-util-1.9.22.jar
2026-10-06T10:17:49.4002745Z [INFO]       maven-resolver-api-1.9.22.jar
2026-10-06T10:17:56.3209457Z [INFO] Resolved dependency: flowable-spring-8.0.0.jar
2026-10-06T10:17:56.3210637Z [INFO] Resolved dependency: flowable-engine-8.0.0.jar
2026-10-06T10:17:56.3236054Z [INFO] Resolved dependency: flowable-bpmn-converter-8.0.0.jar
2026-10-06T10:17:56.3237194Z [INFO] Resolved dependency: flowable-bpmn-model-8.0.0.jar
2026-10-06T10:17:56.3238421Z [INFO] Resolved dependency: flowable-process-validation-8.0.0.jar
2026-10-06T10:17:56.3239590Z [INFO] Resolved dependency: flowable-image-generator-8.0.0.jar
2026-10-06T10:17:56.3240578Z [INFO] Resolved dependency: flowable-engine-common-api-8.0.0.jar
2026-10-06T10:17:56.3241650Z [INFO] Resolved dependency: flowable-engine-common-8.0.0.jar
2026-10-06T10:17:56.3242590Z [INFO] Resolved dependency: flowable-variable-service-api-8.0.0.jar
2026-10-06T10:17:56.3243622Z [INFO] Resolved dependency: flowable-event-registry-api-8.0.0.jar
2026-10-06T10:17:56.3244657Z [INFO] Resolved dependency: jackson-databind-3.0.4.jar
2026-10-06T10:17:56.3245832Z [INFO] Resolved dependency: jackson-core-3.0.4.jar
2026-10-06T10:17:56.3246734Z [INFO] Resolved dependency: flowable-variable-service-8.0.0.jar
2026-10-06T10:17:56.3247798Z [INFO] Resolved dependency: flowable-identitylink-service-8.0.0.jar
2026-10-06T10:17:56.3249271Z [INFO] Resolved dependency: flowable-identitylink-service-api-8.0.0.jar
2026-10-06T10:17:56.3250524Z [INFO] Resolved dependency: flowable-entitylink-service-8.0.0.jar
2026-10-06T10:17:56.3251650Z [INFO] Resolved dependency: flowable-entitylink-service-api-8.0.0.jar
2026-10-06T10:17:56.3252757Z [INFO] Resolved dependency: flowable-event-registry-8.0.0.jar
2026-10-06T10:17:56.3253742Z [INFO] Resolved dependency: flowable-event-registry-model-8.0.0.jar
2026-10-06T10:17:56.3254762Z [INFO] Resolved dependency: flowable-event-registry-json-converter-8.0.0.jar
2026-10-06T10:17:56.3256239Z [INFO] Resolved dependency: flowable-eventsubscription-service-api-8.0.0.jar
2026-10-06T10:17:56.3257232Z [INFO] Resolved dependency: commons-io-2.21.0.jar
2026-10-06T10:17:56.3258044Z [INFO] Resolved dependency: java-uuid-generator-5.1.0.jar
2026-10-06T10:17:56.3259124Z [INFO] Resolved dependency: flowable-event-registry-configurator-8.0.0.jar
2026-10-06T10:17:56.3260332Z [INFO] Resolved dependency: flowable-eventsubscription-service-8.0.0.jar
2026-10-06T10:17:56.3261395Z [INFO] Resolved dependency: flowable-task-service-8.0.0.jar
2026-10-06T10:17:56.3262354Z [INFO] Resolved dependency: flowable-task-service-api-8.0.0.jar
2026-10-06T10:17:56.3263308Z [INFO] Resolved dependency: flowable-job-service-8.0.0.jar
2026-10-06T10:17:56.3264275Z [INFO] Resolved dependency: flowable-job-service-api-8.0.0.jar
2026-10-06T10:17:56.3265499Z [INFO] Resolved dependency: flowable-batch-service-8.0.0.jar
2026-10-06T10:17:56.3266489Z [INFO] Resolved dependency: flowable-batch-service-api-8.0.0.jar
2026-10-06T10:17:56.3267456Z [INFO] Resolved dependency: flowable-idm-api-8.0.0.jar
2026-10-06T10:17:56.3268413Z [INFO] Resolved dependency: flowable-idm-engine-8.0.0.jar
2026-10-06T10:17:56.3269368Z [INFO] Resolved dependency: commons-codec-1.19.0.jar
2026-10-06T10:17:56.3270369Z [INFO] Resolved dependency: flowable-idm-engine-configurator-8.0.0.jar
2026-10-06T10:17:56.3271460Z [INFO] Resolved dependency: flowable-cmmn-api-8.0.0.jar
2026-10-06T10:17:56.3272621Z [INFO] Resolved dependency: flowable-cmmn-model-8.0.0.jar
2026-10-06T10:17:56.3273522Z [INFO] Resolved dependency: flowable-dmn-api-8.0.0.jar
2026-10-06T10:17:56.3274455Z [INFO] Resolved dependency: flowable-dmn-model-8.0.0.jar
2026-10-06T10:17:56.3275670Z [INFO] Resolved dependency: flowable-form-model-8.0.0.jar
2026-10-06T10:17:56.3276637Z [INFO] Resolved dependency: flowable-form-api-8.0.0.jar
2026-10-06T10:17:56.3277538Z [INFO] Resolved dependency: jackson-annotations-2.20.jar
2026-10-06T10:17:56.3278717Z [INFO] Resolved dependency: flowable-content-api-8.0.0.jar
2026-10-06T10:17:56.3279680Z [INFO] Resolved dependency: flowable-http-common-8.0.0.jar
2026-10-06T10:17:56.3280521Z [INFO] Resolved dependency: flowable-mail-8.0.0.jar
2026-10-06T10:17:56.3281417Z [INFO] Resolved dependency: angus-mail-2.0.5.jar
2026-10-06T10:17:56.3282372Z [INFO] Resolved dependency: jakarta.activation-api-2.1.4.jar
2026-10-06T10:17:56.3283323Z [INFO] Resolved dependency: jakarta.mail-api-2.1.5.jar
2026-10-06T10:17:56.3284302Z [INFO] Resolved dependency: angus-activation-2.0.3.jar
2026-10-06T10:17:56.3285667Z [INFO] Resolved dependency: mybatis-3.5.19.jar
2026-10-06T10:17:56.3306173Z [INFO] Resolved dependency: spring-beans-7.0.3.jar
2026-10-06T10:17:56.3306790Z [INFO] Resolved dependency: joda-time-2.14.0.jar
2026-10-06T10:17:56.3307236Z [INFO] Resolved dependency: flowable-spring-common-8.0.0.jar
2026-10-06T10:17:56.3307880Z [INFO] Resolved dependency: flowable-job-spring-service-8.0.0.jar
2026-10-06T10:17:56.3308825Z [INFO] Resolved dependency: flowable-event-registry-spring-configurator-8.0.0.jar
2026-10-06T10:17:56.3309429Z [INFO] Resolved dependency: flowable-event-registry-spring-8.0.0.jar
2026-10-06T10:17:56.3309868Z [INFO] Resolved dependency: spring-context-7.0.3.jar
2026-10-06T10:17:56.3310233Z [INFO] Resolved dependency: spring-aop-7.0.3.jar
2026-10-06T10:17:56.3310567Z [INFO] Resolved dependency: spring-core-7.0.3.jar
2026-10-06T10:17:56.3310938Z [INFO] Resolved dependency: commons-logging-1.3.5.jar
2026-10-06T10:17:56.3311541Z [INFO] Resolved dependency: spring-expression-7.0.3.jar
2026-10-06T10:17:56.3311936Z [INFO] Resolved dependency: micrometer-observation-1.16.2.jar
2026-10-06T10:17:56.3312339Z [INFO] Resolved dependency: micrometer-commons-1.16.2.jar
2026-10-06T10:17:56.3312702Z [INFO] Resolved dependency: spring-jdbc-7.0.3.jar
2026-10-06T10:17:56.3313028Z [INFO] Resolved dependency: spring-tx-7.0.3.jar
2026-10-06T10:17:56.3313360Z [INFO] Resolved dependency: commons-lang3-3.19.0.jar
2026-10-06T10:17:56.3313697Z [INFO] Resolved dependency: spring-orm-7.0.3.jar
2026-10-06T10:17:56.3314020Z [INFO] Resolved dependency: slf4j-api-2.0.17.jar
2026-10-06T10:17:56.3314363Z [INFO] Resolved dependency: jcl-over-slf4j-2.0.17.jar
2026-10-06T10:17:56.3314726Z [INFO] Resolved dependency: grpc-protobuf-1.84.0.jar
2026-10-06T10:17:56.3335835Z [INFO] Resolved dependency: grpc-api-1.84.0.jar
2026-10-06T10:17:56.3336421Z [INFO] Resolved dependency: jsr305-3.0.2.jar
2026-10-06T10:17:56.3337109Z [INFO] Resolved dependency: proto-google-common-protos-2.64.1.jar
2026-10-06T10:17:56.3337822Z [INFO] Resolved dependency: guava-33.6.0-android.jar
2026-10-06T10:17:56.3338426Z [INFO] Resolved dependency: failureaccess-1.0.3.jar
2026-10-06T10:17:56.3339331Z [INFO] Resolved dependency: listenablefuture-9999.0-empty-to-avoid-conflict-with-guava.jar
2026-10-06T10:17:56.3340269Z [INFO] Resolved dependency: j2objc-annotations-3.1.jar
2026-10-06T10:17:56.3340927Z [INFO] Resolved dependency: grpc-protobuf-lite-1.84.0.jar
2026-10-06T10:17:56.3341573Z [INFO] Resolved dependency: protobuf-java-3.25.9.jar
2026-10-06T10:17:56.3342253Z [INFO] Resolved dependency: junit-platform-launcher-6.0.2.jar
2026-10-06T10:17:56.3342937Z [INFO] Resolved dependency: junit-platform-engine-6.0.2.jar
2026-10-06T10:17:56.3343587Z [INFO] Resolved dependency: opentest4j-1.3.0.jar
2026-10-06T10:17:56.3344242Z [INFO] Resolved dependency: junit-platform-commons-6.0.2.jar
2026-10-06T10:17:56.3345123Z [INFO] Resolved dependency: apiguardian-api-1.1.2.jar
2026-10-06T10:17:56.3345736Z [INFO] Resolved dependency: jspecify-1.0.0.jar
2026-10-06T10:17:56.3346366Z [INFO] Resolved dependency: spring-boot-starter-4.0.2.jar
2026-10-06T10:17:56.3347148Z [INFO] Resolved dependency: spring-boot-starter-logging-4.0.2.jar
2026-10-06T10:17:56.3347887Z [INFO] Resolved dependency: logback-classic-1.5.25.jar
2026-10-06T10:17:56.3348521Z [INFO] Resolved dependency: logback-core-1.5.25.jar
2026-10-06T10:17:56.3349144Z [INFO] Resolved dependency: log4j-to-slf4j-2.25.3.jar
2026-10-06T10:17:56.3349970Z [INFO] Resolved dependency: log4j-api-2.25.3.jar
2026-10-06T10:17:56.3350568Z [INFO] Resolved dependency: jul-to-slf4j-2.0.17.jar
2026-10-06T10:17:56.3351261Z [INFO] Resolved dependency: spring-boot-autoconfigure-4.0.2.jar
2026-10-06T10:17:56.3351965Z [INFO] Resolved dependency: spring-boot-4.0.2.jar
2026-10-06T10:17:56.3352645Z [INFO] Resolved dependency: jakarta.annotation-api-3.0.0.jar
2026-10-06T10:17:56.3353310Z [INFO] Resolved dependency: snakeyaml-2.5.jar
2026-10-06T10:17:56.3353909Z [INFO] Resolved dependency: junit-jupiter-6.0.2.jar
2026-10-06T10:17:56.3354549Z [INFO] Resolved dependency: junit-jupiter-api-6.0.2.jar
2026-10-06T10:17:56.3355356Z [INFO] Resolved dependency: junit-jupiter-params-6.0.2.jar
2026-10-06T10:17:56.3356060Z [INFO] Resolved dependency: junit-jupiter-engine-6.0.2.jar
2026-10-06T10:17:56.3356748Z [INFO] Resolved dependency: grpc-netty-shaded-1.84.0.jar
2026-10-06T10:17:56.3357373Z [INFO] Resolved dependency: grpc-util-1.84.0.jar
2026-10-06T10:17:56.3357941Z [INFO] Resolved dependency: grpc-core-1.84.0.jar
2026-10-06T10:17:56.3358500Z [INFO] Resolved dependency: gson-2.13.2.jar
2026-10-06T10:17:56.3359070Z [INFO] Resolved dependency: annotations-4.1.1.4.jar
2026-10-06T10:17:56.3359674Z [INFO] Resolved dependency: grpc-context-1.84.0.jar
2026-10-06T10:17:56.3360345Z [INFO] Resolved dependency: error_prone_annotations-2.50.0.jar
2026-10-06T10:17:56.3361008Z [INFO] Resolved dependency: perfmark-api-0.27.0.jar
2026-10-06T10:17:56.3361695Z [INFO] Resolved dependency: animal-sniffer-annotations-1.27.jar
2026-10-06T10:17:56.3362562Z [INFO] Resolved dependency: grpc-stub-1.84.0.jar
2026-10-06T10:17:56.3363172Z [INFO] Resolved dependency: postgresql-42.7.9.jar
2026-10-06T10:17:56.3363774Z [INFO] Resolved dependency: checker-qual-3.52.0.jar
2026-10-06T10:17:56.3364459Z [INFO] ------------------------------------------------------------------------
2026-10-06T10:17:56.3365261Z [INFO] BUILD SUCCESS
2026-10-06T10:17:56.3365761Z [INFO] ------------------------------------------------------------------------
2026-10-06T10:17:56.3366383Z [INFO] Total time:  31.228 s
2026-10-06T10:17:56.3366812Z [INFO] Finished at: 2026-10-06T10:17:56Z
2026-10-06T10:17:56.3367416Z [INFO] ------------------------------------------------------------------------
2026-10-06T10:17:57.5353275Z [INFO] Scanning for projects...
2026-10-06T10:17:57.6755308Z [INFO] 
2026-10-06T10:17:57.6776322Z [INFO] --------------< org.weaveos.proof:test-provider-prefetch >--------------
2026-10-06T10:17:57.6777412Z [INFO] Building test-provider-prefetch 1
2026-10-06T10:17:57.6778216Z [INFO]   from provider-pom.xml
2026-10-06T10:17:57.6778977Z [INFO] --------------------------------[ jar ]---------------------------------
2026-10-06T10:17:57.6779820Z [INFO] 
2026-10-06T10:17:57.6780544Z [INFO] --- dependency:3.9.0:go-offline (default-cli) @ test-provider-prefetch ---
2026-10-06T10:17:58.9376995Z [INFO] Resolved plugin: maven-compiler-plugin-3.13.0.jar
2026-10-06T10:17:58.9377962Z [INFO] Resolved plugin dependency:
2026-10-06T10:17:59.5272232Z [INFO]       maven-compiler-plugin-3.13.0.jar
2026-10-06T10:17:59.5273365Z [INFO]       maven-shared-utils-3.4.2.jar
2026-10-06T10:17:59.5273951Z [INFO]       slf4j-api-1.7.36.jar
2026-10-06T10:17:59.5295840Z [INFO]       commons-io-2.11.0.jar
2026-10-06T10:17:59.5305407Z [INFO]       maven-shared-incremental-1.1.jar
2026-10-06T10:17:59.5306189Z [INFO]       plexus-java-1.2.0.jar
2026-10-06T10:17:59.5306905Z [INFO]       asm-9.6.jar
2026-10-06T10:17:59.5307501Z [INFO]       qdox-2.0.3.jar
2026-10-06T10:17:59.5307850Z [INFO]       plexus-compiler-api-2.15.0.jar
2026-10-06T10:17:59.5308233Z [INFO]       plexus-compiler-manager-2.15.0.jar
2026-10-06T10:17:59.5308550Z [INFO]       javax.inject-1.jar
2026-10-06T10:17:59.5308815Z [INFO]       plexus-xml-3.0.0.jar
2026-10-06T10:17:59.5309113Z [INFO]       plexus-compiler-javac-2.15.0.jar
2026-10-06T10:17:59.5309420Z [INFO]       plexus-utils-4.0.0.jar
2026-10-06T10:17:59.5652633Z [INFO] Resolved plugin: maven-surefire-plugin-3.2.5.jar
2026-10-06T10:17:59.5653279Z [INFO] Resolved plugin dependency:
2026-10-06T10:18:00.5330895Z [INFO]       maven-surefire-plugin-3.2.5.jar
2026-10-06T10:18:00.5332069Z [INFO]       maven-surefire-common-3.2.5.jar
2026-10-06T10:18:00.5333052Z [INFO]       surefire-api-3.2.5.jar
2026-10-06T10:18:00.5333882Z [INFO]       surefire-logger-api-3.2.5.jar
2026-10-06T10:18:00.5334720Z [INFO]       surefire-extensions-api-3.2.5.jar
2026-10-06T10:18:00.5335854Z [INFO]       surefire-booter-3.2.5.jar
2026-10-06T10:18:00.5336674Z [INFO]       surefire-extensions-spi-3.2.5.jar
2026-10-06T10:18:00.5337544Z [INFO]       aether-util-1.0.0.v20140518.jar
2026-10-06T10:18:00.5338357Z [INFO]       aether-api-1.0.0.v20140518.jar
2026-10-06T10:18:00.5339211Z [INFO]       maven-common-artifact-filters-3.1.1.jar
2026-10-06T10:18:00.5345721Z [INFO]       maven-artifact-3.2.5.jar
2026-10-06T10:18:00.5346280Z [INFO]       plexus-utils-4.0.0.jar
2026-10-06T10:18:00.5346781Z [INFO]       maven-core-3.2.5.jar
2026-10-06T10:18:00.5347286Z [INFO]       maven-settings-3.2.5.jar
2026-10-06T10:18:00.5347848Z [INFO]       maven-settings-builder-3.2.5.jar
2026-10-06T10:18:00.5348474Z [INFO]       maven-repository-metadata-3.2.5.jar
2026-10-06T10:18:00.5349101Z [INFO]       maven-model-builder-3.2.5.jar
2026-10-06T10:18:00.5349701Z [INFO]       maven-aether-provider-3.2.5.jar
2026-10-06T10:18:00.5350268Z [INFO]       aether-spi-1.0.0.v20140518.jar
2026-10-06T10:18:00.5350755Z [INFO]       aether-impl-1.0.0.v20140518.jar
2026-10-06T10:18:00.5351305Z [INFO]       org.eclipse.sisu.plexus-0.9.0.M2.jar
2026-10-06T10:18:00.5352165Z [INFO]       javax.annotation-api-1.2.jar
2026-10-06T10:18:00.5352673Z [INFO]       cdi-api-1.2.jar
2026-10-06T10:18:00.5353153Z [INFO]       org.eclipse.sisu.inject-0.9.0.M2.jar
2026-10-06T10:18:00.5353694Z [INFO]       sisu-guice-3.2.3-no_aop.jar
2026-10-06T10:18:00.5354153Z [INFO]       javax.inject-1.jar
2026-10-06T10:18:00.5354572Z [INFO]       aopalliance-1.0.jar
2026-10-06T10:18:00.5355353Z [INFO]       guava-16.0.1.jar
2026-10-06T10:18:00.5355802Z [INFO]       plexus-interpolation-1.21.jar
2026-10-06T10:18:00.5356335Z [INFO]       plexus-classworlds-2.5.2.jar
2026-10-06T10:18:00.5357138Z [INFO]       plexus-component-annotations-1.5.5.jar
2026-10-06T10:18:00.5366405Z [INFO]       plexus-sec-dispatcher-1.3.jar
2026-10-06T10:18:00.5367151Z [INFO]       plexus-cipher-1.4.jar
2026-10-06T10:18:00.5367729Z [INFO]       maven-plugin-api-3.2.5.jar
2026-10-06T10:18:00.5368110Z [INFO]       commons-io-2.15.1.jar
2026-10-06T10:18:00.5368448Z [INFO]       plexus-java-1.2.0.jar
2026-10-06T10:18:00.5368716Z [INFO]       asm-9.6.jar
2026-10-06T10:18:00.5368993Z [INFO]       qdox-2.0.3.jar
2026-10-06T10:18:00.5369280Z [INFO]       surefire-shared-utils-3.2.5.jar
2026-10-06T10:18:00.5771745Z [INFO] Resolved plugin: maven-jar-plugin-3.4.1.jar
2026-10-06T10:18:00.5772359Z [INFO] Resolved plugin dependency:
2026-10-06T10:18:00.6253701Z [INFO]       maven-jar-plugin-3.4.1.jar
2026-10-06T10:18:00.6254677Z [INFO]       file-management-3.1.0.jar
2026-10-06T10:18:00.6255916Z [INFO]       commons-io-2.16.1.jar
2026-10-06T10:18:00.6256792Z [INFO]       maven-archiver-3.6.2.jar
2026-10-06T10:18:00.6264234Z [INFO]       plexus-interpolation-1.27.jar
2026-10-06T10:18:00.6265271Z [INFO]       plexus-utils-4.0.1.jar
2026-10-06T10:18:00.6266110Z [INFO]       plexus-archiver-4.9.2.jar
2026-10-06T10:18:00.6266823Z [INFO]       plexus-io-3.4.2.jar
2026-10-06T10:18:00.6267486Z [INFO]       commons-compress-1.26.1.jar
2026-10-06T10:18:00.6268177Z [INFO]       commons-lang3-3.14.0.jar
2026-10-06T10:18:00.6268876Z [INFO]       commons-codec-1.16.1.jar
2026-10-06T10:18:00.6269546Z [INFO]       snappy-0.4.jar
2026-10-06T10:18:00.6270147Z [INFO]       xz-1.9.jar
2026-10-06T10:18:00.6270756Z [INFO]       zstd-jni-1.5.5-11.jar
2026-10-06T10:18:00.6271391Z [INFO]       javax.inject-1.jar
2026-10-06T10:18:00.6272026Z [INFO]       slf4j-api-1.7.36.jar
2026-10-06T10:18:00.6662360Z [INFO] Resolved plugin: maven-clean-plugin-3.2.0.jar
2026-10-06T10:18:00.6663032Z [INFO] Resolved plugin dependency:
2026-10-06T10:18:00.8367340Z [INFO]       maven-clean-plugin-3.2.0.jar
2026-10-06T10:18:00.8368662Z [INFO]       maven-shared-utils-3.3.4.jar
2026-10-06T10:18:00.8369493Z [INFO]       commons-io-2.6.jar
2026-10-06T10:18:00.8771357Z [INFO] Resolved plugin: maven-install-plugin-3.1.2.jar
2026-10-06T10:18:00.8772150Z [INFO] Resolved plugin dependency:
2026-10-06T10:18:01.1286310Z [INFO]       maven-install-plugin-3.1.2.jar
2026-10-06T10:18:01.1295931Z [INFO]       maven-resolver-util-1.9.18.jar
2026-10-06T10:18:01.1296611Z [INFO]       maven-resolver-api-1.9.18.jar
2026-10-06T10:18:01.1297143Z [INFO]       plexus-utils-4.0.1.jar
2026-10-06T10:18:01.1297643Z [INFO]       plexus-xml-3.0.0.jar
2026-10-06T10:18:01.1298205Z [INFO] Resolved plugin: maven-site-plugin-3.12.1.jar
2026-10-06T10:18:01.1298769Z [INFO] Resolved plugin dependency:
2026-10-06T10:18:01.3772799Z [INFO]       maven-site-plugin-3.12.1.jar
2026-10-06T10:18:01.3805596Z [INFO]       maven-reporting-api-3.1.1.jar
2026-10-06T10:18:01.3806329Z [INFO]       maven-reporting-exec-1.6.0.jar
2026-10-06T10:18:01.3831336Z [INFO]       maven-artifact-3.2.5.jar
2026-10-06T10:18:01.3854688Z [INFO]       maven-core-3.2.5.jar
2026-10-06T10:18:01.3871177Z [INFO]       maven-repository-metadata-3.2.5.jar
2026-10-06T10:18:01.3888521Z [INFO]       maven-model-builder-3.2.5.jar
2026-10-06T10:18:01.3906029Z [INFO]       maven-aether-provider-3.2.5.jar
2026-10-06T10:18:01.3936564Z [INFO]       aether-spi-1.0.0.v20140518.jar
2026-10-06T10:18:01.3966323Z [INFO]       aether-impl-1.0.0.v20140518.jar
2026-10-06T10:18:01.3967602Z [INFO]       aether-api-1.0.0.v20140518.jar
2026-10-06T10:18:01.3968383Z [INFO]       org.eclipse.sisu.plexus-0.3.5.jar
2026-10-06T10:18:01.3971550Z [INFO]       javax.annotation-api-1.2.jar
2026-10-06T10:18:01.3972383Z [INFO]       cdi-api-1.2.jar
2026-10-06T10:18:01.3973104Z [INFO]       org.eclipse.sisu.inject-0.3.5.jar
2026-10-06T10:18:01.3973862Z [INFO]       sisu-guice-3.2.3-no_aop.jar
2026-10-06T10:18:01.3974570Z [INFO]       javax.inject-1.jar
2026-10-06T10:18:01.3975482Z [INFO]       aopalliance-1.0.jar
2026-10-06T10:18:01.3976151Z [INFO]       guava-16.0.1.jar
2026-10-06T10:18:01.3976823Z [INFO]       plexus-classworlds-2.5.2.jar
2026-10-06T10:18:01.3981282Z [INFO]       plexus-sec-dispatcher-1.3.jar
2026-10-06T10:18:01.3982025Z [INFO]       plexus-cipher-1.4.jar
2026-10-06T10:18:01.3982665Z [INFO]       maven-model-3.2.5.jar
2026-10-06T10:18:01.3983289Z [INFO]       maven-plugin-api-3.2.5.jar
2026-10-06T10:18:01.3983945Z [INFO]       maven-settings-3.2.5.jar
2026-10-06T10:18:01.3984629Z [INFO]       maven-settings-builder-3.2.5.jar
2026-10-06T10:18:01.3985638Z [INFO]       aether-util-1.0.0.v20140518.jar
2026-10-06T10:18:01.3986333Z [INFO]       maven-shared-utils-3.3.4.jar
2026-10-06T10:18:01.3987053Z [INFO]       commons-io-2.6.jar
2026-10-06T10:18:01.3987739Z [INFO]       maven-archiver-3.5.2.jar
2026-10-06T10:18:01.3988417Z [INFO]       commons-compress-1.20.jar
2026-10-06T10:18:01.3989092Z [INFO]       plexus-interpolation-1.26.jar
2026-10-06T10:18:01.3989771Z [INFO]       plexus-archiver-4.2.7.jar
2026-10-06T10:18:01.3990423Z [INFO]       plexus-io-3.2.0.jar
2026-10-06T10:18:01.3991018Z [INFO]       snappy-0.4.jar
2026-10-06T10:18:01.3991567Z [INFO]       xz-1.9.jar
2026-10-06T10:18:01.3992112Z [INFO]       plexus-i18n-1.0-beta-10.jar
2026-10-06T10:18:01.3992772Z [INFO]       plexus-utils-3.4.2.jar
2026-10-06T10:18:01.3993194Z [INFO]       doxia-sink-api-1.11.1.jar
2026-10-06T10:18:01.3993590Z [INFO]       doxia-logging-api-1.11.1.jar
2026-10-06T10:18:01.3994004Z [INFO]       doxia-core-1.11.1.jar
2026-10-06T10:18:01.3994406Z [INFO]       plexus-container-default-2.1.0.jar
2026-10-06T10:18:01.3995091Z [INFO]       xbean-reflect-3.7.jar
2026-10-06T10:18:01.3995741Z [INFO]       google-collections-1.0.jar
2026-10-06T10:18:01.3996435Z [INFO]       plexus-component-annotations-2.1.1.jar
2026-10-06T10:18:01.3996999Z [INFO]       commons-lang3-3.8.1.jar
2026-10-06T10:18:01.3997456Z [INFO]       commons-text-1.3.jar
2026-10-06T10:18:01.3997828Z [INFO]       httpclient-4.5.13.jar
2026-10-06T10:18:01.3998310Z [INFO]       commons-logging-1.2.jar
2026-10-06T10:18:01.3998590Z [INFO]       commons-codec-1.11.jar
2026-10-06T10:18:01.3998863Z [INFO]       httpcore-4.4.14.jar
2026-10-06T10:18:01.3999138Z [INFO]       doxia-module-xhtml-1.11.1.jar
2026-10-06T10:18:01.3999440Z [INFO]       doxia-module-xhtml5-1.11.1.jar
2026-10-06T10:18:01.3999734Z [INFO]       doxia-module-apt-1.11.1.jar
2026-10-06T10:18:01.4000020Z [INFO]       doxia-module-xdoc-1.11.1.jar
2026-10-06T10:18:01.4000308Z [INFO]       doxia-module-fml-1.11.1.jar
2026-10-06T10:18:01.4000603Z [INFO]       doxia-module-markdown-1.11.1.jar
2026-10-06T10:18:01.4000904Z [INFO]       flexmark-all-0.42.14.jar
2026-10-06T10:18:01.4001162Z [INFO]       flexmark-0.42.14.jar
2026-10-06T10:18:01.4001444Z [INFO]       flexmark-ext-abbreviation-0.42.14.jar
2026-10-06T10:18:01.4001775Z [INFO]       flexmark-ext-admonition-0.42.14.jar
2026-10-06T10:18:01.4002102Z [INFO]       flexmark-ext-anchorlink-0.42.14.jar
2026-10-06T10:18:01.4002416Z [INFO]       flexmark-ext-aside-0.42.14.jar
2026-10-06T10:18:01.4002757Z [INFO]       flexmark-ext-attributes-0.42.14.jar
2026-10-06T10:18:01.4003071Z [INFO]       flexmark-ext-autolink-0.42.14.jar
2026-10-06T10:18:01.4003359Z [INFO]       autolink-0.6.0.jar
2026-10-06T10:18:01.4003625Z [INFO]       flexmark-ext-definition-0.42.14.jar
2026-10-06T10:18:01.4003933Z [INFO]       flexmark-ext-emoji-0.42.14.jar
2026-10-06T10:18:01.4004288Z [INFO]       flexmark-ext-enumerated-reference-0.42.14.jar
2026-10-06T10:18:01.4005120Z [INFO]       flexmark-ext-escaped-character-0.42.14.jar
2026-10-06T10:18:01.4005513Z [INFO]       flexmark-ext-footnotes-0.42.14.jar
2026-10-06T10:18:01.4005845Z [INFO]       flexmark-ext-gfm-issues-0.42.14.jar
2026-10-06T10:18:01.4006195Z [INFO]       flexmark-ext-gfm-strikethrough-0.42.14.jar
2026-10-06T10:18:01.4006545Z [INFO]       flexmark-ext-gfm-tables-0.42.14.jar
2026-10-06T10:18:01.4006877Z [INFO]       flexmark-ext-gfm-tasklist-0.42.14.jar
2026-10-06T10:18:01.4007211Z [INFO]       flexmark-ext-gfm-users-0.42.14.jar
2026-10-06T10:18:01.4007535Z [INFO]       flexmark-ext-gitlab-0.42.14.jar
2026-10-06T10:18:01.4007887Z [INFO]       flexmark-ext-jekyll-front-matter-0.42.14.jar
2026-10-06T10:18:01.4008252Z [INFO]       flexmark-ext-jekyll-tag-0.42.14.jar
2026-10-06T10:18:01.4008576Z [INFO]       flexmark-ext-media-tags-0.42.14.jar
2026-10-06T10:18:01.4008884Z [INFO]       flexmark-ext-macros-0.42.14.jar
2026-10-06T10:18:01.4009180Z [INFO]       flexmark-ext-ins-0.42.14.jar
2026-10-06T10:18:01.4009494Z [INFO]       flexmark-ext-xwiki-macros-0.42.14.jar
2026-10-06T10:18:01.4009830Z [INFO]       flexmark-ext-superscript-0.42.14.jar
2026-10-06T10:18:01.4010149Z [INFO]       flexmark-ext-tables-0.42.14.jar
2026-10-06T10:18:01.4010444Z [INFO]       flexmark-ext-toc-0.42.14.jar
2026-10-06T10:18:01.4010743Z [INFO]       flexmark-ext-typographic-0.42.14.jar
2026-10-06T10:18:01.4011061Z [INFO]       flexmark-ext-wikilink-0.42.14.jar
2026-10-06T10:18:01.4011414Z [INFO]       flexmark-ext-yaml-front-matter-0.42.14.jar
2026-10-06T10:18:01.4011783Z [INFO]       flexmark-ext-youtube-embedded-0.42.14.jar
2026-10-06T10:18:01.4012112Z [INFO]       flexmark-formatter-0.42.14.jar
2026-10-06T10:18:01.4012420Z [INFO]       flexmark-html-parser-0.42.14.jar
2026-10-06T10:18:01.4012723Z [INFO]       jsoup-1.10.2.jar
2026-10-06T10:18:01.4012998Z [INFO]       flexmark-jira-converter-0.42.14.jar
2026-10-06T10:18:01.4013332Z [INFO]       flexmark-profile-pegdown-0.42.14.jar
2026-10-06T10:18:01.4013644Z [INFO]       flexmark-util-0.42.14.jar
2026-10-06T10:18:01.4013953Z [INFO]       flexmark-youtrack-converter-0.42.14.jar
2026-10-06T10:18:01.4014296Z [INFO]       doxia-module-confluence-1.11.1.jar
2026-10-06T10:18:01.4014627Z [INFO]       doxia-module-docbook-simple-1.11.1.jar
2026-10-06T10:18:01.4015190Z [INFO]       doxia-module-twiki-1.11.1.jar
2026-10-06T10:18:01.4015501Z [INFO]       doxia-decoration-model-1.11.1.jar
2026-10-06T10:18:01.4015809Z [INFO]       doxia-site-renderer-1.11.1.jar
2026-10-06T10:18:01.4016099Z [INFO]       doxia-skin-model-1.11.1.jar
2026-10-06T10:18:01.4016527Z [INFO]       plexus-velocity-1.2.jar
2026-10-06T10:18:01.4016819Z [INFO]       velocity-1.7.jar
2026-10-06T10:18:01.4017070Z [INFO]       commons-lang-2.4.jar
2026-10-06T10:18:01.4017331Z [INFO]       velocity-tools-2.0.jar
2026-10-06T10:18:01.4017602Z [INFO]       commons-beanutils-1.7.0.jar
2026-10-06T10:18:01.4017893Z [INFO]       commons-digester-1.8.jar
2026-10-06T10:18:01.4018161Z [INFO]       commons-chain-1.1.jar
2026-10-06T10:18:01.4018416Z [INFO]       dom4j-1.1.jar
2026-10-06T10:18:01.4018640Z [INFO]       oro-2.0.8.jar
2026-10-06T10:18:01.4018887Z [INFO]       commons-collections-3.2.2.jar
2026-10-06T10:18:01.4019199Z [INFO]       doxia-integration-tools-1.11.1.jar
2026-10-06T10:18:01.4019518Z [INFO]       jetty-server-9.4.46.v20220331.jar
2026-10-06T10:18:01.4019820Z [INFO]       javax.servlet-api-3.1.0.jar
2026-10-06T10:18:01.4020110Z [INFO]       jetty-http-9.4.46.v20220331.jar
2026-10-06T10:18:01.4020398Z [INFO]       jetty-io-9.4.46.v20220331.jar
2026-10-06T10:18:01.4020699Z [INFO]       jetty-servlet-9.4.46.v20220331.jar
2026-10-06T10:18:01.4021006Z [INFO]       jetty-security-9.4.46.v20220331.jar
2026-10-06T10:18:01.4021316Z [INFO]       jetty-util-ajax-9.4.46.v20220331.jar
2026-10-06T10:18:01.4021634Z [INFO]       jetty-webapp-9.4.46.v20220331.jar
2026-10-06T10:18:01.4021929Z [INFO]       jetty-xml-9.4.46.v20220331.jar
2026-10-06T10:18:01.4022214Z [INFO]       jetty-util-9.4.46.v20220331.jar
2026-10-06T10:18:01.4022677Z [INFO] Resolved plugin: maven-resources-plugin-3.3.1.jar
2026-10-06T10:18:01.4023013Z [INFO] Resolved plugin dependency:
2026-10-06T10:18:01.4023294Z [INFO]       maven-resources-plugin-3.3.1.jar
2026-10-06T10:18:01.4023602Z [INFO]       plexus-interpolation-1.26.jar
2026-10-06T10:18:01.4023895Z [INFO]       plexus-utils-3.5.1.jar
2026-10-06T10:18:01.4024177Z [INFO]       maven-filtering-3.3.1.jar
2026-10-06T10:18:01.4024450Z [INFO]       javax.inject-1.jar
2026-10-06T10:18:01.4024698Z [INFO]       slf4j-api-1.7.36.jar
2026-10-06T10:18:01.4025119Z [INFO]       plexus-build-api-0.0.7.jar
2026-10-06T10:18:01.4025391Z [INFO]       commons-io-2.11.0.jar
2026-10-06T10:18:01.4025667Z [INFO]       commons-lang3-3.12.0.jar
2026-10-06T10:18:01.4406262Z [INFO] Resolved plugin: maven-deploy-plugin-3.1.2.jar
2026-10-06T10:18:01.4406977Z [INFO] Resolved plugin dependency:
2026-10-06T10:18:01.4837084Z [INFO]       maven-deploy-plugin-3.1.2.jar
2026-10-06T10:18:01.4838265Z [INFO]       plexus-utils-4.0.1.jar
2026-10-06T10:18:01.4838915Z [INFO]       plexus-xml-3.0.0.jar
2026-10-06T10:18:01.4839549Z [INFO]       maven-resolver-util-1.9.18.jar
2026-10-06T10:18:01.4840283Z [INFO]       maven-resolver-api-1.9.18.jar
2026-10-06T10:18:02.3048110Z [INFO] Resolved dependency: protoc-3.25.9-linux-x86_64.exe
2026-10-06T10:18:02.3061562Z [INFO] Resolved dependency: junit-platform-launcher-1.12.1.jar
2026-10-06T10:18:02.3062775Z [INFO] Resolved dependency: junit-platform-engine-1.12.1.jar
2026-10-06T10:18:02.3063445Z [INFO] Resolved dependency: opentest4j-1.3.0.jar
2026-10-06T10:18:02.3064001Z [INFO] Resolved dependency: junit-platform-commons-1.12.1.jar
2026-10-06T10:18:02.3064528Z [INFO] Resolved dependency: apiguardian-api-1.1.2.jar
2026-10-06T10:18:02.3065531Z [INFO] Resolved dependency: protoc-gen-grpc-java-1.84.0-linux-x86_64.exe
2026-10-06T10:18:02.3066170Z [INFO] Resolved dependency: surefire-junit-platform-3.5.4.jar
2026-10-06T10:18:02.3066691Z [INFO] Resolved dependency: common-java5-3.5.4.jar
2026-10-06T10:18:02.3067221Z [INFO] Resolved dependency: surefire-shared-utils-3.5.4.jar
2026-10-06T10:18:02.3067715Z [INFO] Resolved dependency: surefire-api-3.5.4.jar
2026-10-06T10:18:02.3068202Z [INFO] Resolved dependency: surefire-logger-api-3.5.4.jar
2026-10-06T10:18:02.3068999Z [INFO] ------------------------------------------------------------------------
2026-10-06T10:18:02.3069479Z [INFO] BUILD SUCCESS
2026-10-06T10:18:02.3070228Z [INFO] ------------------------------------------------------------------------
2026-10-06T10:18:02.3071153Z [INFO] Total time:  4.787 s
2026-10-06T10:18:02.3072070Z [INFO] Finished at: 2026-10-06T10:18:02Z
2026-10-06T10:18:02.3072956Z [INFO] ------------------------------------------------------------------------
2026-10-06T10:18:02.3299929Z ##[group]Run bash services/workflow-engine/run-tests.sh clean -Dtest=RootServiceTokenInterceptorTest -Dworkflow.reports=ci-logs/service-token-reports test 2>&1 | tee services/workflow-engine/ci-logs/service-token-tests.txt
2026-10-06T10:18:02.3301599Z [36;1mbash services/workflow-engine/run-tests.sh clean -Dtest=RootServiceTokenInterceptorTest -Dworkflow.reports=ci-logs/service-token-reports test 2>&1 | tee services/workflow-engine/ci-logs/service-token-tests.txt[0m
2026-10-06T10:18:02.3368366Z shell: /usr/bin/bash --noprofile --norc -e -o pipefail {0}
2026-10-06T10:18:02.3368740Z ##[endgroup]
2026-10-06T10:18:02.3947345Z Unable to find image 'postgres@sha256:5a5a84b19854a9ffaa54082c166ff4ec27473a361e496e5ea167f298f2da9722' locally
2026-10-06T10:18:02.8296707Z docker.io/library/postgres@sha256:5a5a84b19854a9ffaa54082c166ff4ec27473a361e496e5ea167f298f2da9722: Pulling from library/postgres
2026-10-06T10:18:03.0103651Z 6b37362b3da7: Pulling fs layer
2026-10-06T10:18:03.0104713Z 646f8088ba62: Pulling fs layer
2026-10-06T10:18:03.0105550Z 61c7e2f79e69: Pulling fs layer
2026-10-06T10:18:03.0106047Z 4640014a8e88: Pulling fs layer
2026-10-06T10:18:03.0106520Z 21e9cf2c46c2: Pulling fs layer
2026-10-06T10:18:03.0107070Z 7ee6b8b2d259: Pulling fs layer
2026-10-06T10:18:03.0107958Z 580a6c126420: Pulling fs layer
2026-10-06T10:18:03.0108439Z 41837be3e54d: Pulling fs layer
2026-10-06T10:18:03.0108866Z bba753ffc208: Pulling fs layer
2026-10-06T10:18:03.0109415Z 0e422c951642: Pulling fs layer
2026-10-06T10:18:03.0109884Z dc5a76842a4c: Pulling fs layer
2026-10-06T10:18:03.0110376Z 5696a7190adf: Pulling fs layer
2026-10-06T10:18:03.0110861Z 3b0757c8de7f: Pulling fs layer
2026-10-06T10:18:03.0111329Z 4640014a8e88: Waiting
2026-10-06T10:18:03.0111760Z 21e9cf2c46c2: Waiting
2026-10-06T10:18:03.0112156Z 7ee6b8b2d259: Waiting
2026-10-06T10:18:03.0112481Z 580a6c126420: Waiting
2026-10-06T10:18:03.0112846Z 41837be3e54d: Waiting
2026-10-06T10:18:03.0113224Z bba753ffc208: Waiting
2026-10-06T10:18:03.0113622Z 0e422c951642: Waiting
2026-10-06T10:18:03.0113984Z dc5a76842a4c: Waiting
2026-10-06T10:18:03.0114224Z 5696a7190adf: Waiting
2026-10-06T10:18:03.0114462Z 3b0757c8de7f: Waiting
2026-10-06T10:18:03.2400860Z 646f8088ba62: Verifying Checksum
2026-10-06T10:18:03.2401527Z 646f8088ba62: Download complete
2026-10-06T10:18:03.4781540Z 61c7e2f79e69: Verifying Checksum
2026-10-06T10:18:03.4782162Z 61c7e2f79e69: Download complete
2026-10-06T10:18:03.5763595Z 4640014a8e88: Verifying Checksum
2026-10-06T10:18:03.5764612Z 4640014a8e88: Download complete
2026-10-06T10:18:03.5787965Z 6b37362b3da7: Verifying Checksum
2026-10-06T10:18:03.5792499Z 6b37362b3da7: Download complete
2026-10-06T10:18:03.7763721Z 580a6c126420: Verifying Checksum
2026-10-06T10:18:03.7765399Z 580a6c126420: Download complete
2026-10-06T10:18:03.9215142Z 7ee6b8b2d259: Verifying Checksum
2026-10-06T10:18:03.9215723Z 7ee6b8b2d259: Download complete
2026-10-06T10:18:03.9350684Z 21e9cf2c46c2: Verifying Checksum
2026-10-06T10:18:03.9351426Z 21e9cf2c46c2: Download complete
2026-10-06T10:18:03.9674116Z 41837be3e54d: Verifying Checksum
2026-10-06T10:18:03.9680664Z 41837be3e54d: Download complete
2026-10-06T10:18:04.1398401Z 0e422c951642: Download complete
2026-10-06T10:18:04.1596185Z dc5a76842a4c: Verifying Checksum
2026-10-06T10:18:04.1596818Z dc5a76842a4c: Download complete
2026-10-06T10:18:04.3424269Z 5696a7190adf: Verifying Checksum
2026-10-06T10:18:04.3424671Z 5696a7190adf: Download complete
2026-10-06T10:18:04.3498611Z 3b0757c8de7f: Verifying Checksum
2026-10-06T10:18:04.3499898Z 3b0757c8de7f: Download complete
2026-10-06T10:18:04.6519510Z 6b37362b3da7: Pull complete
2026-10-06T10:18:04.7478141Z bba753ffc208: Verifying Checksum
2026-10-06T10:18:04.7478511Z bba753ffc208: Download complete
2026-10-06T10:18:05.2817903Z 646f8088ba62: Pull complete
2026-10-06T10:18:05.4513469Z 61c7e2f79e69: Pull complete
2026-10-06T10:18:05.4890807Z 4640014a8e88: Pull complete
2026-10-06T10:18:05.7938902Z 21e9cf2c46c2: Pull complete
2026-10-06T10:18:05.8658604Z 7ee6b8b2d259: Pull complete
2026-10-06T10:18:05.8742024Z 580a6c126420: Pull complete
2026-10-06T10:18:05.8837112Z 41837be3e54d: Pull complete
2026-10-06T10:18:08.9347659Z bba753ffc208: Pull complete
2026-10-06T10:18:08.9647432Z 0e422c951642: Pull complete
2026-10-06T10:18:08.9734754Z dc5a76842a4c: Pull complete
2026-10-06T10:18:08.9824213Z 5696a7190adf: Pull complete
2026-10-06T10:18:08.9906465Z 3b0757c8de7f: Pull complete
2026-10-06T10:18:08.9946801Z Digest: sha256:5a5a84b19854a9ffaa54082c166ff4ec27473a361e496e5ea167f298f2da9722
2026-10-06T10:18:08.9956392Z Status: Downloaded newer image for postgres@sha256:5a5a84b19854a9ffaa54082c166ff4ec27473a361e496e5ea167f298f2da9722
2026-10-06T10:18:10.3781130Z postgres (PostgreSQL) 18.6 (Debian 18.6-1.pgdg13+2)
2026-10-06T10:18:10.3933838Z fixture published ports={}
2026-10-06T10:18:10.4061077Z fixture network internal=true
2026-10-06T10:18:11.7329815Z [INFO] Scanning for projects...
2026-10-06T10:18:11.9805519Z [INFO] 
2026-10-06T10:18:11.9808956Z [INFO] --------------------< org.weaveos:workflow-engine >---------------------
2026-10-06T10:18:11.9825887Z [INFO] Building WeaveOS controlled workflow engine core 0.3.0-SNAPSHOT
2026-10-06T10:18:11.9826786Z [INFO]   from pom.xml
2026-10-06T10:18:11.9827625Z [INFO] --------------------------------[ jar ]---------------------------------
2026-10-06T10:18:12.5745890Z [INFO] 
2026-10-06T10:18:12.5753501Z [INFO] --- clean:3.5.0:clean (default-clean) @ workflow-engine ---
2026-10-06T10:18:12.6296997Z [INFO] 
2026-10-06T10:18:12.6298504Z [INFO] --- resources:3.3.1:resources (default-resources) @ workflow-engine ---
2026-10-06T10:18:12.7263903Z [INFO] skip non existing resourceDirectory /proof/src/main/resources
2026-10-06T10:18:12.7265682Z [INFO] skip non existing resourceDirectory /proof/src/main/resources
2026-10-06T10:18:12.7272236Z [INFO] 
2026-10-06T10:18:12.7275084Z [INFO] --- compiler:3.14.1:compile (default-compile) @ workflow-engine ---
2026-10-06T10:18:12.8296582Z [INFO] Recompiling the module because of changed source code.
2026-10-06T10:18:12.8372900Z [INFO] Compiling 30 source files with javac [debug parameters release 17] to target/classes
2026-10-06T10:18:15.3247765Z [INFO] 
2026-10-06T10:18:15.3248754Z [INFO] --- resources:3.3.1:testResources (default-testResources) @ workflow-engine ---
2026-10-06T10:18:15.3309078Z [INFO] Copying 6 resources from src/test/resources to target/test-classes
2026-10-06T10:18:15.3358176Z [INFO] 
2026-10-06T10:18:15.3359445Z [INFO] --- compiler:3.14.1:testCompile (default-testCompile) @ workflow-engine ---
2026-10-06T10:18:15.3443820Z [INFO] Recompiling the module because of changed dependency.
2026-10-06T10:18:15.3450617Z [INFO] Compiling 13 source files with javac [debug parameters release 17] to target/test-classes
2026-10-06T10:18:16.5822074Z [INFO] 
2026-10-06T10:18:16.5822653Z [INFO] --- surefire:3.5.4:test (default-test) @ workflow-engine ---
2026-10-06T10:18:16.7028395Z [INFO] Using auto detected provider org.apache.maven.surefire.junitplatform.JUnitPlatformProvider
2026-10-06T10:18:16.7422257Z [INFO] 
2026-10-06T10:18:16.7422849Z [INFO] -------------------------------------------------------
2026-10-06T10:18:16.7423540Z [INFO]  T E S T S
2026-10-06T10:18:16.7424008Z [INFO] -------------------------------------------------------
2026-10-06T10:18:17.4627384Z [INFO] Running org.weaveos.workflow.RootServiceTokenInterceptorTest
2026-10-06T10:18:18.0927594Z [INFO] Tests run: 8, Failures: 0, Errors: 0, Skipped: 0, Time elapsed: 0.605 s -- in org.weaveos.workflow.RootServiceTokenInterceptorTest
2026-10-06T10:18:18.4228403Z [INFO] 
2026-10-06T10:18:18.4228799Z [INFO] Results:
2026-10-06T10:18:18.4229141Z [INFO] 
2026-10-06T10:18:18.4246057Z [INFO] Tests run: 8, Failures: 0, Errors: 0, Skipped: 0
2026-10-06T10:18:18.4247352Z [INFO] 
2026-10-06T10:18:18.4260235Z [INFO] ------------------------------------------------------------------------
2026-10-06T10:18:18.4261302Z [INFO] BUILD SUCCESS
2026-10-06T10:18:18.4261845Z [INFO] ------------------------------------------------------------------------
2026-10-06T10:18:18.4287766Z [INFO] Total time:  6.717 s
2026-10-06T10:18:18.4288247Z [INFO] Finished at: 2026-10-06T10:18:18Z
2026-10-06T10:18:18.4288926Z [INFO] ------------------------------------------------------------------------
2026-10-06T10:18:18.6891947Z ##[group]Run python3 - <<'PYCODE'
2026-10-06T10:18:18.6892327Z [36;1mpython3 - <<'PYCODE'[0m
2026-10-06T10:18:18.6892594Z [36;1mfrom rpc_ci_gate import _java[0m
2026-10-06T10:18:18.6893130Z [36;1m_java("ci-logs/service-token-reports", "org.weaveos.workflow.RootServiceTokenInterceptorTest", [[0m
2026-10-06T10:18:18.6893758Z [36;1m    "rejectsInvalidConfiguredTokensWithoutEchoingInput",[0m
2026-10-06T10:18:18.6894234Z [36;1m    "acceptsConfiguredBoundaryTokensAndRedactsIdentity",[0m
2026-10-06T10:18:18.6894672Z [36;1m    "validIdentityInvokesHandlerExactlyOnce",[0m
2026-10-06T10:18:18.6895410Z [36;1m    "missingIdentityIsRejectedBeforeHandler",[0m
2026-10-06T10:18:18.6895798Z [36;1m    "incorrectIdentityIsRejectedBeforeHandler",[0m
2026-10-06T10:18:18.6896242Z [36;1m    "duplicateIdentityIsRejectedEvenWhenOneOrBothAreValid",[0m
2026-10-06T10:18:18.6896674Z [36;1m    "ambiguousBearerFormattingIsRejected",[0m
2026-10-06T10:18:18.6897093Z [36;1m    "badIdentityDoesNotPoisonLaterValidRequest",[0m
2026-10-06T10:18:18.6897602Z [36;1m])[0m
2026-10-06T10:18:18.6897791Z [36;1mPYCODE[0m
2026-10-06T10:18:18.6962434Z shell: /usr/bin/bash --noprofile --norc -e -o pipefail {0}
2026-10-06T10:18:18.6962798Z ##[endgroup]
2026-10-06T10:18:18.7446815Z ##[group]Run bash services/workflow-engine/run-tests.sh clean -Dtest=RootExplicitSchemaTest -Dworkflow.reports=ci-logs/explicit-schema-reports test 2>&1 | tee services/workflow-engine/ci-logs/explicit-schema-tests.txt
2026-10-06T10:18:18.7448446Z [36;1mbash services/workflow-engine/run-tests.sh clean -Dtest=RootExplicitSchemaTest -Dworkflow.reports=ci-logs/explicit-schema-reports test 2>&1 | tee services/workflow-engine/ci-logs/explicit-schema-tests.txt[0m
2026-10-06T10:18:18.7513986Z shell: /usr/bin/bash --noprofile --norc -e -o pipefail {0}
2026-10-06T10:18:18.7514354Z ##[endgroup]
2026-10-06T10:18:20.1522184Z postgres (PostgreSQL) 18.6 (Debian 18.6-1.pgdg13+2)
2026-10-06T10:18:20.1679135Z fixture published ports={}
2026-10-06T10:18:20.1805818Z fixture network internal=true
2026-10-06T10:18:21.5042715Z [INFO] Scanning for projects...
2026-10-06T10:18:21.7378276Z [INFO] 
2026-10-06T10:18:21.7379152Z [INFO] --------------------< org.weaveos:workflow-engine >---------------------
2026-10-06T10:18:21.7380084Z [INFO] Building WeaveOS controlled workflow engine core 0.3.0-SNAPSHOT
2026-10-06T10:18:21.7380760Z [INFO]   from pom.xml
2026-10-06T10:18:21.7406727Z [INFO] --------------------------------[ jar ]---------------------------------
2026-10-06T10:18:22.2712672Z [INFO] 
2026-10-06T10:18:22.2713530Z [INFO] --- clean:3.5.0:clean (default-clean) @ workflow-engine ---
2026-10-06T10:18:22.3280997Z [INFO] Deleting /proof/target
2026-10-06T10:18:22.3667953Z [INFO] 
2026-10-06T10:18:22.3668688Z [INFO] --- resources:3.3.1:resources (default-resources) @ workflow-engine ---
2026-10-06T10:18:22.4542096Z [INFO] skip non existing resourceDirectory /proof/src/main/resources
2026-10-06T10:18:22.4543019Z [INFO] skip non existing resourceDirectory /proof/src/main/resources
2026-10-06T10:18:22.4548019Z [INFO] 
2026-10-06T10:18:22.4548663Z [INFO] --- compiler:3.14.1:compile (default-compile) @ workflow-engine ---
2026-10-06T10:18:22.5617814Z [INFO] Recompiling the module because of changed source code.
2026-10-06T10:18:22.5692775Z [INFO] Compiling 30 source files with javac [debug parameters release 17] to target/classes
2026-10-06T10:18:25.0666060Z [INFO] 
2026-10-06T10:18:25.0667364Z [INFO] --- resources:3.3.1:testResources (default-testResources) @ workflow-engine ---
2026-10-06T10:18:25.0735728Z [INFO] Copying 6 resources from src/test/resources to target/test-classes
2026-10-06T10:18:25.0787805Z [INFO] 
2026-10-06T10:18:25.0795298Z [INFO] --- compiler:3.14.1:testCompile (default-testCompile) @ workflow-engine ---
2026-10-06T10:18:25.0873404Z [INFO] Recompiling the module because of changed dependency.
2026-10-06T10:18:25.0884513Z [INFO] Compiling 13 source files with javac [debug parameters release 17] to target/test-classes
2026-10-06T10:18:26.1965038Z [INFO] 
2026-10-06T10:18:26.1966477Z [INFO] --- surefire:3.5.4:test (default-test) @ workflow-engine ---
2026-10-06T10:18:26.3177434Z [INFO] Using auto detected provider org.apache.maven.surefire.junitplatform.JUnitPlatformProvider
2026-10-06T10:18:26.3570871Z [INFO] 
2026-10-06T10:18:26.3574538Z [INFO] -------------------------------------------------------
2026-10-06T10:18:26.3578719Z [INFO]  T E S T S
2026-10-06T10:18:26.3588576Z [INFO] -------------------------------------------------------
2026-10-06T10:18:27.0980913Z [INFO] Running org.weaveos.workflow.RootExplicitSchemaTest
2026-10-06T10:18:29.0349156Z 10:18:28.968 [main] INFO org.flowable.common.engine.impl.async.DefaultAsyncTaskExecutor -- Creating thread pool queue of size 100
2026-10-06T10:18:29.0351764Z 10:18:28.970 [main] INFO org.flowable.common.engine.impl.async.DefaultAsyncTaskExecutor -- Creating thread factory with naming pattern flowable-async-task-invoker-thread-%d
2026-10-06T10:18:29.0354702Z 10:18:28.971 [main] INFO org.flowable.common.engine.impl.async.DefaultAsyncTaskExecutor -- Creating executor service with corePoolSize 8, maxPoolSize 8 and keepAliveTime 5000
2026-10-06T10:18:29.0358451Z 10:18:28.971 [main] INFO org.flowable.common.engine.impl.async.DefaultAsyncTaskExecutor -- Using rejectedExecutionHandler java.util.concurrent.ThreadPoolExecutor$CallerRunsPolicy@2ead6ba4
2026-10-06T10:18:29.0361158Z 10:18:28.971 [main] INFO org.flowable.common.engine.impl.async.DefaultAsyncTaskExecutor -- Creating thread pool queue of size 2048
2026-10-06T10:18:29.0366604Z 10:18:28.972 [main] INFO org.flowable.common.engine.impl.async.DefaultAsyncTaskExecutor -- Creating thread factory with naming pattern flowable-async-job-executor-thread-%d
2026-10-06T10:18:29.0369252Z 10:18:28.972 [main] INFO org.flowable.common.engine.impl.async.DefaultAsyncTaskExecutor -- Creating executor service with corePoolSize 8, maxPoolSize 8 and keepAliveTime 5000
2026-10-06T10:18:29.0370831Z 10:18:28.997 [main] INFO org.flowable.common.engine.impl.db.CommonDbSchemaManager -- performing create on common with resource org/flowable/common/db/create/flowable.postgres.create.common.sql
2026-10-06T10:18:29.1269449Z 10:18:29.087 [main] INFO org.flowable.engine.impl.db.ProcessDbSchemaManager -- performing create on engine with resource org/flowable/db/create/flowable.postgres.create.engine.sql
2026-10-06T10:18:29.2291056Z 10:18:29.145 [main] INFO org.flowable.engine.impl.db.ProcessDbSchemaManager -- performing create on history with resource org/flowable/db/create/flowable.postgres.create.history.sql
2026-10-06T10:18:29.2297885Z 10:18:29.167 [main] INFO org.flowable.engine.impl.ProcessEngineImpl -- ProcessEngine default created
2026-10-06T10:18:29.2299682Z 10:18:29.212 [main] INFO org.flowable.engine.impl.cmd.ValidateV5EntitiesCmd -- Total of v5 deployments found: 0
2026-10-06T10:18:29.8288745Z 10:18:29.792 [main] INFO org.flowable.common.engine.impl.async.DefaultAsyncTaskExecutor -- Creating thread pool queue of size 100
2026-10-06T10:18:29.8290962Z 10:18:29.792 [main] INFO org.flowable.common.engine.impl.async.DefaultAsyncTaskExecutor -- Creating thread factory with naming pattern flowable-async-task-invoker-thread-%d
2026-10-06T10:18:29.8302514Z 10:18:29.792 [main] INFO org.flowable.common.engine.impl.async.DefaultAsyncTaskExecutor -- Creating executor service with corePoolSize 8, maxPoolSize 8 and keepAliveTime 5000
2026-10-06T10:18:29.8303967Z 10:18:29.792 [main] INFO org.flowable.common.engine.impl.async.DefaultAsyncTaskExecutor -- Using rejectedExecutionHandler java.util.concurrent.ThreadPoolExecutor$CallerRunsPolicy@71aaf151
2026-10-06T10:18:29.8305943Z 10:18:29.792 [main] INFO org.flowable.common.engine.impl.async.DefaultAsyncTaskExecutor -- Creating thread pool queue of size 2048
2026-10-06T10:18:29.8308098Z 10:18:29.792 [main] INFO org.flowable.common.engine.impl.async.DefaultAsyncTaskExecutor -- Creating thread factory with naming pattern flowable-async-job-executor-thread-%d
2026-10-06T10:18:29.8312093Z 10:18:29.792 [main] INFO org.flowable.common.engine.impl.async.DefaultAsyncTaskExecutor -- Creating executor service with corePoolSize 8, maxPoolSize 8 and keepAliveTime 5000
2026-10-06T10:18:29.8314733Z 10:18:29.803 [main] INFO org.flowable.common.engine.impl.db.CommonDbSchemaManager -- performing create on common with resource org/flowable/common/db/create/flowable.postgres.create.common.sql
2026-10-06T10:18:29.9306588Z 10:18:29.877 [main] INFO org.flowable.engine.impl.db.ProcessDbSchemaManager -- performing create on engine with resource org/flowable/db/create/flowable.postgres.create.engine.sql
2026-10-06T10:18:29.9326821Z 10:18:29.927 [main] INFO org.flowable.engine.impl.db.ProcessDbSchemaManager -- performing create on history with resource org/flowable/db/create/flowable.postgres.create.history.sql
2026-10-06T10:18:30.0314216Z 10:18:29.944 [main] INFO org.flowable.engine.impl.ProcessEngineImpl -- ProcessEngine default created
2026-10-06T10:18:30.0316725Z 10:18:29.954 [main] INFO org.flowable.engine.impl.cmd.ValidateV5EntitiesCmd -- Total of v5 deployments found: 0
2026-10-06T10:18:30.1976468Z [ERROR] Tests run: 8, Failures: 7, Errors: 0, Skipped: 0, Time elapsed: 3.082 s <<< FAILURE! -- in org.weaveos.workflow.RootExplicitSchemaTest
2026-10-06T10:18:30.1979039Z [ERROR] org.weaveos.workflow.RootExplicitSchemaTest.engineStartsWithoutAutoCreatingOrUpgrading -- Time elapsed: 0.440 s <<< FAILURE!
2026-10-06T10:18:30.1980741Z org.opentest4j.AssertionFailedError: migration missing act_ge_property ==> expected: <true> but was: <false>
2026-10-06T10:18:30.1982058Z 	at org.junit.jupiter.api.AssertionFailureBuilder.build(AssertionFailureBuilder.java:158)
2026-10-06T10:18:30.1983342Z 	at org.junit.jupiter.api.AssertionFailureBuilder.buildAndThrow(AssertionFailureBuilder.java:139)
2026-10-06T10:18:30.1984437Z 	at org.junit.jupiter.api.AssertTrue.failNotTrue(AssertTrue.java:69)
2026-10-06T10:18:30.1985709Z 	at org.junit.jupiter.api.AssertTrue.assertTrue(AssertTrue.java:41)
2026-10-06T10:18:30.1986644Z 	at org.junit.jupiter.api.Assertions.assertTrue(Assertions.java:228)
2026-10-06T10:18:30.1987807Z 	at org.weaveos.workflow.RootExplicitSchemaTest.requireTable(RootExplicitSchemaTest.java:37)
2026-10-06T10:18:30.1989493Z 	at org.weaveos.workflow.RootExplicitSchemaTest.engineStartsWithoutAutoCreatingOrUpgrading(RootExplicitSchemaTest.java:75)
2026-10-06T10:18:30.1990635Z 
2026-10-06T10:18:30.1991524Z [ERROR] org.weaveos.workflow.RootExplicitSchemaTest.provisionalInstanceCannotCommit -- Time elapsed: 0.053 s <<< FAILURE!
2026-10-06T10:18:30.1993296Z org.opentest4j.AssertionFailedError: migration missing wf_execution_instances ==> expected: <true> but was: <false>
2026-10-06T10:18:30.1994735Z 	at org.junit.jupiter.api.AssertionFailureBuilder.build(AssertionFailureBuilder.java:158)
2026-10-06T10:18:30.1997276Z 	at org.junit.jupiter.api.AssertionFailureBuilder.buildAndThrow(AssertionFailureBuilder.java:139)
2026-10-06T10:18:30.1998437Z 	at org.junit.jupiter.api.AssertTrue.failNotTrue(AssertTrue.java:69)
2026-10-06T10:18:30.1999334Z 	at org.junit.jupiter.api.AssertTrue.assertTrue(AssertTrue.java:41)
2026-10-06T10:18:30.2000263Z 	at org.junit.jupiter.api.Assertions.assertTrue(Assertions.java:228)
2026-10-06T10:18:30.2001334Z 	at org.weaveos.workflow.RootExplicitSchemaTest.requireTable(RootExplicitSchemaTest.java:37)
2026-10-06T10:18:30.2002974Z 	at org.weaveos.workflow.RootExplicitSchemaTest.provisionalInstanceCannotCommit(RootExplicitSchemaTest.java:66)
2026-10-06T10:18:30.2003980Z 
2026-10-06T10:18:30.2005302Z [ERROR] org.weaveos.workflow.RootExplicitSchemaTest.nativeCatalogMatchesOfficialEngineCreatedSchema -- Time elapsed: 1.764 s <<< FAILURE!
2026-10-06T10:18:30.2008986Z org.opentest4j.AssertionFailedError: expected: <[act_evt_log, act_ge_bytearray, act_ge_property, act_hi_actinst, act_hi_attachment, act_hi_comment, act_hi_detail, act_hi_entitylink, act_hi_identitylink, act_hi_procinst, act_hi_taskinst, act_hi_tsk_log, act_hi_varinst, act_procdef_info, act_re_deployment, act_re_model, act_re_procdef, act_ru_actinst, act_ru_deadletter_job, act_ru_entitylink, act_ru_event_subscr, act_ru_execution, act_ru_external_job, act_ru_history_job, act_ru_identitylink, act_ru_job, act_ru_suspended_job, act_ru_task, act_ru_timer_job, act_ru_variable]> but was: <[]>
2026-10-06T10:18:30.2011314Z 	at org.junit.jupiter.api.AssertionFailureBuilder.build(AssertionFailureBuilder.java:158)
2026-10-06T10:18:30.2012029Z 	at org.junit.jupiter.api.AssertionFailureBuilder.buildAndThrow(AssertionFailureBuilder.java:139)
2026-10-06T10:18:30.2012673Z 	at org.junit.jupiter.api.AssertEquals.failNotEqual(AssertEquals.java:201)
2026-10-06T10:18:30.2013227Z 	at org.junit.jupiter.api.AssertEquals.assertEquals(AssertEquals.java:184)
2026-10-06T10:18:30.2013751Z 	at org.junit.jupiter.api.AssertEquals.assertEquals(AssertEquals.java:179)
2026-10-06T10:18:30.2014263Z 	at org.junit.jupiter.api.Assertions.assertEquals(Assertions.java:1188)
2026-10-06T10:18:30.2015757Z 	at org.weaveos.workflow.RootExplicitSchemaTest.nativeCatalogMatchesOfficialEngineCreatedSchema(RootExplicitSchemaTest.java:50)
2026-10-06T10:18:30.2016917Z 
2026-10-06T10:18:30.2017763Z [ERROR] org.weaveos.workflow.RootExplicitSchemaTest.downRefusesToDeleteExistingHistory -- Time elapsed: 0.026 s <<< FAILURE!
2026-10-06T10:18:30.2019627Z org.opentest4j.AssertionFailedError: migration missing act_hi_procinst ==> expected: <true> but was: <false>
2026-10-06T10:18:30.2020379Z 	at org.junit.jupiter.api.AssertionFailureBuilder.build(AssertionFailureBuilder.java:158)
2026-10-06T10:18:30.2021084Z 	at org.junit.jupiter.api.AssertionFailureBuilder.buildAndThrow(AssertionFailureBuilder.java:139)
2026-10-06T10:18:30.2021699Z 	at org.junit.jupiter.api.AssertTrue.failNotTrue(AssertTrue.java:69)
2026-10-06T10:18:30.2022178Z 	at org.junit.jupiter.api.AssertTrue.assertTrue(AssertTrue.java:41)
2026-10-06T10:18:30.2022647Z 	at org.junit.jupiter.api.Assertions.assertTrue(Assertions.java:228)
2026-10-06T10:18:30.2023229Z 	at org.weaveos.workflow.RootExplicitSchemaTest.requireTable(RootExplicitSchemaTest.java:37)
2026-10-06T10:18:30.2024048Z 	at org.weaveos.workflow.RootExplicitSchemaTest.downRefusesToDeleteExistingHistory(RootExplicitSchemaTest.java:73)
2026-10-06T10:18:30.2024569Z 
2026-10-06T10:18:30.2025289Z [ERROR] org.weaveos.workflow.RootExplicitSchemaTest.protocolLedgerCatalogMatchesReviewedContract -- Time elapsed: 0.656 s <<< FAILURE!
2026-10-06T10:18:30.2026381Z org.opentest4j.AssertionFailedError: expected: <[wf_deployments, wf_execution_commands, wf_execution_instances, wf_execution_tasks]> but was: <[]>
2026-10-06T10:18:30.2027223Z 	at org.junit.jupiter.api.AssertionFailureBuilder.build(AssertionFailureBuilder.java:158)
2026-10-06T10:18:30.2027933Z 	at org.junit.jupiter.api.AssertionFailureBuilder.buildAndThrow(AssertionFailureBuilder.java:139)
2026-10-06T10:18:30.2028572Z 	at org.junit.jupiter.api.AssertEquals.failNotEqual(AssertEquals.java:201)
2026-10-06T10:18:30.2029109Z 	at org.junit.jupiter.api.AssertEquals.assertEquals(AssertEquals.java:184)
2026-10-06T10:18:30.2029624Z 	at org.junit.jupiter.api.AssertEquals.assertEquals(AssertEquals.java:179)
2026-10-06T10:18:30.2030132Z 	at org.junit.jupiter.api.Assertions.assertEquals(Assertions.java:1188)
2026-10-06T10:18:30.2030917Z 	at org.weaveos.workflow.RootExplicitSchemaTest.protocolLedgerCatalogMatchesReviewedContract(RootExplicitSchemaTest.java:56)
2026-10-06T10:18:30.2031502Z 
2026-10-06T10:18:30.2031925Z [ERROR] org.weaveos.workflow.RootExplicitSchemaTest.nativeVersionMetadataIsPinned -- Time elapsed: 0.038 s <<< FAILURE!
2026-10-06T10:18:30.2032773Z org.opentest4j.AssertionFailedError: migration missing act_ge_property ==> expected: <true> but was: <false>
2026-10-06T10:18:30.2033482Z 	at org.junit.jupiter.api.AssertionFailureBuilder.build(AssertionFailureBuilder.java:158)
2026-10-06T10:18:30.2034190Z 	at org.junit.jupiter.api.AssertionFailureBuilder.buildAndThrow(AssertionFailureBuilder.java:139)
2026-10-06T10:18:30.2034930Z 	at org.junit.jupiter.api.AssertTrue.failNotTrue(AssertTrue.java:69)
2026-10-06T10:18:30.2035596Z 	at org.junit.jupiter.api.AssertTrue.assertTrue(AssertTrue.java:41)
2026-10-06T10:18:30.2036071Z 	at org.junit.jupiter.api.Assertions.assertTrue(Assertions.java:228)
2026-10-06T10:18:30.2036660Z 	at org.weaveos.workflow.RootExplicitSchemaTest.requireTable(RootExplicitSchemaTest.java:37)
2026-10-06T10:18:30.2037454Z 	at org.weaveos.workflow.RootExplicitSchemaTest.nativeVersionMetadataIsPinned(RootExplicitSchemaTest.java:53)
2026-10-06T10:18:30.2037953Z 
2026-10-06T10:18:30.2038351Z [ERROR] org.weaveos.workflow.RootExplicitSchemaTest.pendingCommandCannotCommit -- Time elapsed: 0.032 s <<< FAILURE!
2026-10-06T10:18:30.2039201Z org.opentest4j.AssertionFailedError: migration missing wf_execution_commands ==> expected: <true> but was: <false>
2026-10-06T10:18:30.2039926Z 	at org.junit.jupiter.api.AssertionFailureBuilder.build(AssertionFailureBuilder.java:158)
2026-10-06T10:18:30.2040616Z 	at org.junit.jupiter.api.AssertionFailureBuilder.buildAndThrow(AssertionFailureBuilder.java:139)
2026-10-06T10:18:30.2041219Z 	at org.junit.jupiter.api.AssertTrue.failNotTrue(AssertTrue.java:69)
2026-10-06T10:18:30.2041692Z 	at org.junit.jupiter.api.AssertTrue.assertTrue(AssertTrue.java:41)
2026-10-06T10:18:30.2042317Z 	at org.junit.jupiter.api.Assertions.assertTrue(Assertions.java:228)
2026-10-06T10:18:30.2043062Z 	at org.weaveos.workflow.RootExplicitSchemaTest.requireTable(RootExplicitSchemaTest.java:37)
2026-10-06T10:18:30.2043838Z 	at org.weaveos.workflow.RootExplicitSchemaTest.pendingCommandCannotCommit(RootExplicitSchemaTest.java:60)
2026-10-06T10:18:30.2044314Z 
2026-10-06T10:18:30.2227915Z [INFO] 
2026-10-06T10:18:30.2228497Z [INFO] Results:
2026-10-06T10:18:30.2228920Z [INFO] 
2026-10-06T10:18:30.2246644Z [ERROR] Failures: 
2026-10-06T10:18:30.2248093Z [ERROR]   RootExplicitSchemaTest.downRefusesToDeleteExistingHistory:73->requireTable:37 migration missing act_hi_procinst ==> expected: <true> but was: <false>
2026-10-06T10:18:30.2250567Z [ERROR]   RootExplicitSchemaTest.engineStartsWithoutAutoCreatingOrUpgrading:75->requireTable:37 migration missing act_ge_property ==> expected: <true> but was: <false>
2026-10-06T10:18:30.2256616Z [ERROR]   RootExplicitSchemaTest.nativeCatalogMatchesOfficialEngineCreatedSchema:50 expected: <[act_evt_log, act_ge_bytearray, act_ge_property, act_hi_actinst, act_hi_attachment, act_hi_comment, act_hi_detail, act_hi_entitylink, act_hi_identitylink, act_hi_procinst, act_hi_taskinst, act_hi_tsk_log, act_hi_varinst, act_procdef_info, act_re_deployment, act_re_model, act_re_procdef, act_ru_actinst, act_ru_deadletter_job, act_ru_entitylink, act_ru_event_subscr, act_ru_execution, act_ru_external_job, act_ru_history_job, act_ru_identitylink, act_ru_job, act_ru_suspended_job, act_ru_task, act_ru_timer_job, act_ru_variable]> but was: <[]>
2026-10-06T10:18:30.2261704Z [ERROR]   RootExplicitSchemaTest.nativeVersionMetadataIsPinned:53->requireTable:37 migration missing act_ge_property ==> expected: <true> but was: <false>
2026-10-06T10:18:30.2263776Z [ERROR]   RootExplicitSchemaTest.pendingCommandCannotCommit:60->requireTable:37 migration missing wf_execution_commands ==> expected: <true> but was: <false>
2026-10-06T10:18:30.2266477Z [ERROR]   RootExplicitSchemaTest.protocolLedgerCatalogMatchesReviewedContract:56 expected: <[wf_deployments, wf_execution_commands, wf_execution_instances, wf_execution_tasks]> but was: <[]>
2026-10-06T10:18:30.2269031Z [ERROR]   RootExplicitSchemaTest.provisionalInstanceCannotCommit:66->requireTable:37 migration missing wf_execution_instances ==> expected: <true> but was: <false>
2026-10-06T10:18:30.2270422Z [INFO] 
2026-10-06T10:18:30.2270842Z [ERROR] Tests run: 8, Failures: 7, Errors: 0, Skipped: 0
2026-10-06T10:18:30.2271379Z [INFO] 
2026-10-06T10:18:30.2285986Z [INFO] ------------------------------------------------------------------------
2026-10-06T10:18:30.2288033Z [INFO] BUILD FAILURE
2026-10-06T10:18:30.2288578Z [INFO] ------------------------------------------------------------------------
2026-10-06T10:18:30.2296596Z [INFO] Total time:  8.744 s
2026-10-06T10:18:30.2306140Z [INFO] Finished at: 2026-10-06T10:18:30Z
2026-10-06T10:18:30.2306810Z [INFO] ------------------------------------------------------------------------
2026-10-06T10:18:30.2313319Z [ERROR] Failed to execute goal org.apache.maven.plugins:maven-surefire-plugin:3.5.4:test (default-test) on project workflow-engine: There are test failures.
2026-10-06T10:18:30.2314566Z [ERROR] 
2026-10-06T10:18:30.2315735Z [ERROR] See /proof/ci-logs/explicit-schema-reports for the individual test results.
2026-10-06T10:18:30.2316864Z [ERROR] See dump files (if any exist) [date].dump, [date]-jvmRun[N].dump and [date].dumpstream.
2026-10-06T10:18:30.2317918Z [ERROR] -> [Help 1]
2026-10-06T10:18:30.2318505Z [ERROR] 
2026-10-06T10:18:30.2319298Z [ERROR] To see the full stack trace of the errors, re-run Maven with the -e switch.
2026-10-06T10:18:30.2320386Z [ERROR] Re-run Maven using the -X switch to enable full debug logging.
2026-10-06T10:18:30.2321252Z [ERROR] 
2026-10-06T10:18:30.2322183Z [ERROR] For more information about the errors and possible solutions, please read the following articles:
2026-10-06T10:18:30.2323645Z [ERROR] [Help 1] http://cwiki.apache.org/confluence/display/MAVEN/MojoFailureException
2026-10-06T10:18:30.4614099Z ##[error]Process completed with exit code 1.
2026-10-06T10:18:30.4785919Z ##[group]Run actions/upload-artifact@330a01c490aca151604b8cf639adc76d48f6c5d4
2026-10-06T10:18:30.4786477Z with:
2026-10-06T10:18:30.4786702Z   name: workflow-engine-37448714975
2026-10-06T10:18:30.4787580Z   path: services/workflow-engine/target/surefire-reports/
services/workflow-engine/target/envelope-ci-reports/
services/workflow-engine/target/execution-ci-reports/
services/workflow-engine/ci-logs/

2026-10-06T10:18:30.4788491Z   if-no-files-found: warn
2026-10-06T10:18:30.4788737Z   retention-days: 14
2026-10-06T10:18:30.4788957Z   compression-level: 6
2026-10-06T10:18:30.4789181Z   overwrite: false
2026-10-06T10:18:30.4789398Z   include-hidden-files: false
2026-10-06T10:18:30.4789752Z ##[endgroup]
2026-10-06T10:18:30.6433912Z (node:4010) [DEP0040] DeprecationWarning: The `punycode` module is deprecated. Please use a userland alternative instead.
2026-10-06T10:18:30.6435524Z (Use `node --trace-deprecation ...` to show where the warning was created)
2026-10-06T10:18:30.6529237Z Multiple search paths detected. Calculating the least common ancestor of all paths
2026-10-06T10:18:30.6532135Z The least common ancestor is /home/runner/work/WeaveOS/WeaveOS/services/workflow-engine. This will be the root directory of the artifact
2026-10-06T10:18:30.6533542Z With the provided path, there will be 8 files uploaded
2026-10-06T10:18:30.6555428Z Artifact name is valid!
2026-10-06T10:18:30.6556056Z Root directory input is valid!
2026-10-06T10:18:30.9644526Z Beginning upload of artifact content to blob storage
2026-10-06T10:18:30.9986609Z (node:4010) [DEP0169] DeprecationWarning: `url.parse()` behavior is not standardized and prone to errors that have security implications. Use the WHATWG URL API instead. CVEs are not issued for `url.parse()` vulnerabilities.
2026-10-06T10:18:31.2532344Z Uploaded bytes 17701
2026-10-06T10:18:31.3110154Z Finished uploading artifact content to blob storage!
2026-10-06T10:18:31.3111408Z SHA256 digest of uploaded artifact zip is 5954d26365f793b658d24d6201591a52499793917a2fcdd868c142b6507bbcab
2026-10-06T10:18:31.3113192Z Finalizing artifact upload
2026-10-06T10:18:31.6098163Z Artifact workflow-engine-37448714975.zip successfully finalized. Artifact ID 11404124173
2026-10-06T10:18:31.6100205Z Artifact workflow-engine-37448714975 has been successfully uploaded! Final size is 17701 bytes. Artifact ID is 11404124173
2026-10-06T10:18:31.6106837Z Artifact download URL: https://github.com/Hubujiu/WeaveOS/actions/runs/37448714975/artifacts/11404124173
2026-10-06T10:18:31.6337039Z Post job cleanup.
2026-10-06T10:18:31.7211059Z [command]/usr/bin/git version
2026-10-06T10:18:31.7256421Z git version 2.55.0
2026-10-06T10:18:31.7297346Z Temporarily overriding HOME='/home/runner/work/_temp/9a4466ab-d22d-4cc1-bb8c-5bee96497d87' before making global git config changes
2026-10-06T10:18:31.7298989Z Adding repository directory to the temporary git global config as a safe directory
2026-10-06T10:18:31.7302983Z [command]/usr/bin/git config --global --add safe.directory /home/runner/work/WeaveOS/WeaveOS
2026-10-06T10:18:31.7346173Z [command]/usr/bin/git config --local --name-only --get-regexp core\.sshCommand
2026-10-06T10:18:31.7390849Z [command]/usr/bin/git submodule foreach --recursive sh -c "git config --local --name-only --get-regexp 'core\.sshCommand' && git config --local --unset-all 'core.sshCommand' || :"
2026-10-06T10:18:31.7645960Z [command]/usr/bin/git config --local --name-only --get-regexp http\.https\:\/\/github\.com\/\.extraheader
2026-10-06T10:18:31.7690049Z [command]/usr/bin/git submodule foreach --recursive sh -c "git config --local --name-only --get-regexp 'http\.https\:\/\/github\.com\/\.extraheader' && git config --local --unset-all 'http.https://github.com/.extraheader' || :"
2026-10-06T10:18:31.7967139Z [command]/usr/bin/git config --local --name-only --get-regexp ^includeIf\.gitdir:
2026-10-06T10:18:31.8014072Z [command]/usr/bin/git submodule foreach --recursive git config --local --show-origin --name-only --get-regexp remote.origin.url
2026-10-06T10:18:31.8425606Z Cleaning up orphan processes
2026-10-06T10:18:31.8838911Z ##[warning]Node.js 20 is deprecated. The following actions target Node.js 20 but are being forced to run on Node.js 24: actions/checkout@11d5960a326750d5838078e36cf38b85af677262, actions/upload-artifact@330a01c490aca151604b8cf639adc76d48f6c5d4. For more information see: https://github.blog/changelog/2025-09-19-deprecation-of-node-20-on-github-actions-runners/
