2026-10-06T10:21:13.9824336Z Current runner version: '2.337.0'
2026-10-06T10:21:13.9839965Z ##[group]Runner Image Provisioner
2026-10-06T10:21:13.9840450Z Hosted Compute Agent
2026-10-06T10:21:13.9840899Z Version: 20260901.588
2026-10-06T10:21:13.9841264Z Commit: f88ec8081b781fac6c440065ac7ff9e710ce3d0b
2026-10-06T10:21:13.9841700Z Build Date: 2026-09-01T19:56:44Z
2026-10-06T10:21:13.9842100Z Worker ID: {1250dcfb-0ac3-4422-bb71-dba6bfcd8032}
2026-10-06T10:21:13.9842521Z Azure Region: centralus
2026-10-06T10:21:13.9843124Z ##[endgroup]
2026-10-06T10:21:13.9843907Z ##[group]Operating System
2026-10-06T10:21:13.9844300Z Ubuntu
2026-10-06T10:21:13.9844615Z 24.04.5
2026-10-06T10:21:13.9844919Z LTS
2026-10-06T10:21:13.9845280Z ##[endgroup]
2026-10-06T10:21:13.9845599Z ##[group]Runner Image
2026-10-06T10:21:13.9845926Z Image: ubuntu-24.04
2026-10-06T10:21:13.9846295Z Version: 20260927.320.1
2026-10-06T10:21:13.9846997Z Included Software: https://github.com/actions/runner-images/blob/ubuntu24/20260927.320/images/ubuntu/Ubuntu2404-Readme.md
2026-10-06T10:21:13.9847903Z Image Release: https://github.com/actions/runner-images/releases/tag/ubuntu24%2F20260927.320
2026-10-06T10:21:13.9848427Z ##[endgroup]
2026-10-06T10:21:13.9849104Z ##[group]GITHUB_TOKEN Permissions
2026-10-06T10:21:13.9850374Z Contents: read
2026-10-06T10:21:13.9850796Z Metadata: read
2026-10-06T10:21:13.9851148Z ##[endgroup]
2026-10-06T10:21:13.9852385Z Secret source: Actions
2026-10-06T10:21:13.9853020Z Cache mode: write
2026-10-06T10:21:13.9853599Z Prepare workflow directory
2026-10-06T10:21:14.0080207Z Prepare all required actions
2026-10-06T10:21:14.0109224Z Getting action download info
2026-10-06T10:21:14.2474618Z Download action repository 'actions/checkout@11d5960a326750d5838078e36cf38b85af677262' (SHA:11d5960a326750d5838078e36cf38b85af677262)
2026-10-06T10:21:14.3485815Z Download action repository 'actions/upload-artifact@330a01c490aca151604b8cf639adc76d48f6c5d4' (SHA:330a01c490aca151604b8cf639adc76d48f6c5d4)
2026-10-06T10:21:14.5668839Z Complete job name: workflow-engine
2026-10-06T10:21:14.6155904Z ##[group]Run actions/checkout@11d5960a326750d5838078e36cf38b85af677262
2026-10-06T10:21:14.6156401Z with:
2026-10-06T10:21:14.6156644Z   persist-credentials: false
2026-10-06T10:21:14.6156928Z   repository: Hubujiu/WeaveOS
2026-10-06T10:21:14.6159063Z   token: ***
2026-10-06T10:21:14.6159293Z   ssh-strict: true
2026-10-06T10:21:14.6159527Z   ssh-user: git
2026-10-06T10:21:14.6159756Z   clean: true
2026-10-06T10:21:14.6159998Z   sparse-checkout-cone-mode: true
2026-10-06T10:21:14.6160285Z   fetch-depth: 1
2026-10-06T10:21:14.6160517Z   fetch-tags: false
2026-10-06T10:21:14.6160760Z   show-progress: true
2026-10-06T10:21:14.6161005Z   lfs: false
2026-10-06T10:21:14.6161231Z   submodules: false
2026-10-06T10:21:14.6161476Z   set-safe-directory: true
2026-10-06T10:21:14.6161755Z   allow-unsafe-pr-checkout: false
2026-10-06T10:21:14.6162099Z ##[endgroup]
2026-10-06T10:21:14.6785125Z Syncing repository: Hubujiu/WeaveOS
2026-10-06T10:21:14.6786885Z ##[group]Getting Git version info
2026-10-06T10:21:14.6787467Z Working directory is '/home/runner/work/WeaveOS/WeaveOS'
2026-10-06T10:21:14.6799677Z [command]/usr/bin/git version
2026-10-06T10:21:14.6906143Z git version 2.55.0
2026-10-06T10:21:14.6919908Z ##[endgroup]
2026-10-06T10:21:14.6930244Z Temporarily overriding HOME='/home/runner/work/_temp/7fab2490-953c-40f7-8eb1-8913af7028ec' before making global git config changes
2026-10-06T10:21:14.6931387Z Adding repository directory to the temporary git global config as a safe directory
2026-10-06T10:21:14.6934185Z [command]/usr/bin/git config --global --add safe.directory /home/runner/work/WeaveOS/WeaveOS
2026-10-06T10:21:14.6977516Z Deleting the contents of '/home/runner/work/WeaveOS/WeaveOS'
2026-10-06T10:21:14.6980315Z ##[group]Initializing the repository
2026-10-06T10:21:14.6983839Z [command]/usr/bin/git init /home/runner/work/WeaveOS/WeaveOS
2026-10-06T10:21:14.7080528Z hint: Using 'master' as the name for the initial branch. This default branch name
2026-10-06T10:21:14.7081782Z hint: will change to "main" in Git 3.0. To configure the initial branch name
2026-10-06T10:21:14.7083208Z hint: to use in all of your new repositories, which will suppress this warning,
2026-10-06T10:21:14.7084317Z hint: call:
2026-10-06T10:21:14.7084701Z hint:
2026-10-06T10:21:14.7085173Z hint: 	git config --global init.defaultBranch <name>
2026-10-06T10:21:14.7085727Z hint:
2026-10-06T10:21:14.7086347Z hint: Names commonly chosen instead of 'master' are 'main', 'trunk' and
2026-10-06T10:21:14.7094646Z hint: 'development'. The just-created branch can be renamed via this command:
2026-10-06T10:21:14.7095465Z hint:
2026-10-06T10:21:14.7096178Z hint: 	git branch -m <name>
2026-10-06T10:21:14.7096736Z hint:
2026-10-06T10:21:14.7097405Z hint: Disable this message with "git config set advice.defaultBranchName false"
2026-10-06T10:21:14.7098446Z Initialized empty Git repository in /home/runner/work/WeaveOS/WeaveOS/.git/
2026-10-06T10:21:14.7100440Z [command]/usr/bin/git remote add origin https://github.com/Hubujiu/WeaveOS
2026-10-06T10:21:14.7141095Z ##[endgroup]
2026-10-06T10:21:14.7141737Z ##[group]Disabling automatic garbage collection
2026-10-06T10:21:14.7144615Z [command]/usr/bin/git config --local gc.auto 0
2026-10-06T10:21:14.7172252Z ##[endgroup]
2026-10-06T10:21:14.7173039Z ##[group]Setting up auth
2026-10-06T10:21:14.7178323Z [command]/usr/bin/git config --local --name-only --get-regexp core\.sshCommand
2026-10-06T10:21:14.7207242Z [command]/usr/bin/git submodule foreach --recursive sh -c "git config --local --name-only --get-regexp 'core\.sshCommand' && git config --local --unset-all 'core.sshCommand' || :"
2026-10-06T10:21:14.7486826Z [command]/usr/bin/git config --local --name-only --get-regexp http\.https\:\/\/github\.com\/\.extraheader
2026-10-06T10:21:14.7568148Z [command]/usr/bin/git submodule foreach --recursive sh -c "git config --local --name-only --get-regexp 'http\.https\:\/\/github\.com\/\.extraheader' && git config --local --unset-all 'http.https://github.com/.extraheader' || :"
2026-10-06T10:21:14.7682017Z [command]/usr/bin/git config --local --name-only --get-regexp ^includeIf\.gitdir:
2026-10-06T10:21:14.7707653Z [command]/usr/bin/git submodule foreach --recursive git config --local --show-origin --name-only --get-regexp remote.origin.url
2026-10-06T10:21:14.7871168Z [command]/usr/bin/git config --local http.https://github.com/.extraheader AUTHORIZATION: basic ***
2026-10-06T10:21:14.7902923Z ##[endgroup]
2026-10-06T10:21:14.7903477Z ##[group]Fetching the repository
2026-10-06T10:21:14.7909002Z [command]/usr/bin/git -c protocol.version=2 fetch --no-tags --prune --no-recurse-submodules --depth=1 origin +3251753d1e7c99023ed508f765b50bac05130973:refs/remotes/pull/52/merge
2026-10-06T10:21:18.1232190Z From https://github.com/Hubujiu/WeaveOS
2026-10-06T10:21:18.1233350Z  * [new ref]         3251753d1e7c99023ed508f765b50bac05130973 -> pull/52/merge
2026-10-06T10:21:18.1235796Z ##[endgroup]
2026-10-06T10:21:18.1236162Z ##[group]Determining the checkout info
2026-10-06T10:21:18.1237994Z ##[endgroup]
2026-10-06T10:21:18.1242324Z [command]/usr/bin/git sparse-checkout disable
2026-10-06T10:21:18.1288066Z [command]/usr/bin/git config --local --unset-all extensions.worktreeConfig
2026-10-06T10:21:18.1316232Z ##[group]Checking out the ref
2026-10-06T10:21:18.1318438Z [command]/usr/bin/git checkout --progress --force refs/remotes/pull/52/merge
2026-10-06T10:21:18.6910650Z Note: switching to 'refs/remotes/pull/52/merge'.
2026-10-06T10:21:18.6911999Z 
2026-10-06T10:21:18.6912199Z You are in 'detached HEAD' state. You can look around, make experimental
2026-10-06T10:21:18.6912653Z changes and commit them, and you can discard any commits you make in this
2026-10-06T10:21:18.6913237Z state without impacting any branches by switching back to a branch.
2026-10-06T10:21:18.6913483Z 
2026-10-06T10:21:18.6913674Z If you want to create a new branch to retain commits you create, you may
2026-10-06T10:21:18.6914078Z do so (now or later) by using -c with the switch command. Example:
2026-10-06T10:21:18.6914291Z 
2026-10-06T10:21:18.6914467Z   git switch -c <new-branch-name>
2026-10-06T10:21:18.6914883Z 
2026-10-06T10:21:18.6914986Z Or undo this operation with:
2026-10-06T10:21:18.6915168Z 
2026-10-06T10:21:18.6915293Z   git switch -
2026-10-06T10:21:18.6933132Z 
2026-10-06T10:21:18.6933519Z Turn off this advice by setting config variable advice.detachedHead to false
2026-10-06T10:21:18.6933783Z 
2026-10-06T10:21:18.6934103Z HEAD is now at 3251753 Merge bac925288659105420b0d90f4e7e85af8661560f into 8fc8f2955d8c956de2c39f505f56c822f75a3405
2026-10-06T10:21:18.6950159Z ##[endgroup]
2026-10-06T10:21:18.6994489Z [command]/usr/bin/git log -1 --format=%H
2026-10-06T10:21:18.7018617Z 3251753d1e7c99023ed508f765b50bac05130973
2026-10-06T10:21:18.7026676Z ##[group]Removing auth
2026-10-06T10:21:18.7029140Z [command]/usr/bin/git config --local --name-only --get-regexp core\.sshCommand
2026-10-06T10:21:18.7056703Z [command]/usr/bin/git submodule foreach --recursive sh -c "git config --local --name-only --get-regexp 'core\.sshCommand' && git config --local --unset-all 'core.sshCommand' || :"
2026-10-06T10:21:18.7230853Z [command]/usr/bin/git config --local --name-only --get-regexp http\.https\:\/\/github\.com\/\.extraheader
2026-10-06T10:21:18.7253796Z http.https://github.com/.extraheader
2026-10-06T10:21:18.7258484Z [command]/usr/bin/git config --local --unset-all http.https://github.com/.extraheader
2026-10-06T10:21:18.7286190Z [command]/usr/bin/git submodule foreach --recursive sh -c "git config --local --name-only --get-regexp 'http\.https\:\/\/github\.com\/\.extraheader' && git config --local --unset-all 'http.https://github.com/.extraheader' || :"
2026-10-06T10:21:18.7457578Z [command]/usr/bin/git config --local --name-only --get-regexp ^includeIf\.gitdir:
2026-10-06T10:21:18.7482226Z [command]/usr/bin/git submodule foreach --recursive git config --local --show-origin --name-only --get-regexp remote.origin.url
2026-10-06T10:21:18.7647968Z ##[endgroup]
2026-10-06T10:21:18.7795673Z ##[group]Run mkdir -p services/workflow-engine/ci-logs
2026-10-06T10:21:18.7795977Z [36;1mmkdir -p services/workflow-engine/ci-logs[0m
2026-10-06T10:21:18.7796297Z [36;1mpython3 services/workflow-engine/ci_gate_tests.py 2>&1 | tee services/workflow-engine/ci-logs/gate-tests.txt[0m
2026-10-06T10:21:18.8007954Z shell: /usr/bin/bash --noprofile --norc -e -o pipefail {0}
2026-10-06T10:21:18.8008164Z ##[endgroup]
2026-10-06T10:21:18.9390524Z ............
2026-10-06T10:21:18.9391303Z ----------------------------------------------------------------------
2026-10-06T10:21:18.9391671Z Ran 12 tests in 0.009s
2026-10-06T10:21:18.9391802Z 
2026-10-06T10:21:18.9391875Z OK
2026-10-06T10:21:18.9468701Z ##[group]Run bash services/workflow-engine/prepare-build.sh 2>&1 | tee services/workflow-engine/ci-logs/prepare.txt
2026-10-06T10:21:18.9469140Z [36;1mbash services/workflow-engine/prepare-build.sh 2>&1 | tee services/workflow-engine/ci-logs/prepare.txt[0m
2026-10-06T10:21:18.9524727Z shell: /usr/bin/bash --noprofile --norc -e -o pipefail {0}
2026-10-06T10:21:18.9524914Z ##[endgroup]
2026-10-06T10:21:19.1246533Z Unable to find image 'mirror.gcr.io/library/maven@sha256:fa7aa19829157d299ff05f631b51697a388dcd2f6955e84249ecc652015f217b' locally
2026-10-06T10:21:19.4818264Z mirror.gcr.io/library/maven@sha256:fa7aa19829157d299ff05f631b51697a388dcd2f6955e84249ecc652015f217b: Pulling from library/maven
2026-10-06T10:21:19.4825975Z 20043066d3d5: Pulling fs layer
2026-10-06T10:21:19.4826440Z 077c4ca28173: Pulling fs layer
2026-10-06T10:21:19.4826584Z b88b6ae1b108: Pulling fs layer
2026-10-06T10:21:19.4826880Z 67cf99ea3a75: Pulling fs layer
2026-10-06T10:21:19.4827134Z 02d80376fd82: Pulling fs layer
2026-10-06T10:21:19.4827423Z a48539624cab: Pulling fs layer
2026-10-06T10:21:19.4827647Z 066840a279be: Pulling fs layer
2026-10-06T10:21:19.4827858Z 00ce8eef72b0: Pulling fs layer
2026-10-06T10:21:19.4828098Z a00511e1babb: Pulling fs layer
2026-10-06T10:21:19.4828336Z 8f9d993fddb9: Pulling fs layer
2026-10-06T10:21:19.4828541Z 02d80376fd82: Waiting
2026-10-06T10:21:19.4828728Z 066840a279be: Waiting
2026-10-06T10:21:19.4829097Z a48539624cab: Waiting
2026-10-06T10:21:19.4829291Z 00ce8eef72b0: Waiting
2026-10-06T10:21:19.4829472Z a00511e1babb: Waiting
2026-10-06T10:21:19.4829678Z 8f9d993fddb9: Waiting
2026-10-06T10:21:19.4829865Z 67cf99ea3a75: Waiting
2026-10-06T10:21:20.0846098Z 20043066d3d5: Verifying Checksum
2026-10-06T10:21:20.0846503Z 20043066d3d5: Download complete
2026-10-06T10:21:20.1340704Z 077c4ca28173: Verifying Checksum
2026-10-06T10:21:20.1340965Z 077c4ca28173: Download complete
2026-10-06T10:21:20.2781485Z 67cf99ea3a75: Verifying Checksum
2026-10-06T10:21:20.2781973Z 67cf99ea3a75: Download complete
2026-10-06T10:21:20.3919152Z 02d80376fd82: Verifying Checksum
2026-10-06T10:21:20.7007340Z 02d80376fd82: Download complete
2026-10-06T10:21:20.7007592Z 20043066d3d5: Pull complete
2026-10-06T10:21:21.2090577Z a48539624cab: Verifying Checksum
2026-10-06T10:21:21.2094360Z a48539624cab: Download complete
2026-10-06T10:21:21.3409111Z 066840a279be: Verifying Checksum
2026-10-06T10:21:21.3409404Z 066840a279be: Download complete
2026-10-06T10:21:21.4038348Z 00ce8eef72b0: Verifying Checksum
2026-10-06T10:21:21.4038615Z 00ce8eef72b0: Download complete
2026-10-06T10:21:21.5132283Z a00511e1babb: Verifying Checksum
2026-10-06T10:21:21.5132523Z a00511e1babb: Download complete
2026-10-06T10:21:21.6257186Z 8f9d993fddb9: Download complete
2026-10-06T10:21:22.1838464Z b88b6ae1b108: Verifying Checksum
2026-10-06T10:21:22.1838681Z b88b6ae1b108: Download complete
2026-10-06T10:21:24.2727374Z 077c4ca28173: Pull complete
2026-10-06T10:21:26.4443696Z b88b6ae1b108: Pull complete
2026-10-06T10:21:26.4546369Z 67cf99ea3a75: Pull complete
2026-10-06T10:21:26.4627195Z 02d80376fd82: Pull complete
2026-10-06T10:21:27.3341179Z a48539624cab: Pull complete
2026-10-06T10:21:27.4296574Z 066840a279be: Pull complete
2026-10-06T10:21:27.4424819Z 00ce8eef72b0: Pull complete
2026-10-06T10:21:27.4488327Z a00511e1babb: Pull complete
2026-10-06T10:21:27.4553352Z 8f9d993fddb9: Pull complete
2026-10-06T10:21:27.4578734Z Digest: sha256:fa7aa19829157d299ff05f631b51697a388dcd2f6955e84249ecc652015f217b
2026-10-06T10:21:27.4584297Z Status: Downloaded newer image for mirror.gcr.io/library/maven@sha256:fa7aa19829157d299ff05f631b51697a388dcd2f6955e84249ecc652015f217b
2026-10-06T10:21:30.0067498Z [INFO] Scanning for projects...
2026-10-06T10:21:33.9943004Z [INFO] 
2026-10-06T10:21:33.9943591Z [INFO] --------------------< org.weaveos:workflow-engine >---------------------
2026-10-06T10:21:33.9944218Z [INFO] Building WeaveOS controlled workflow engine core 0.3.0-SNAPSHOT
2026-10-06T10:21:33.9953553Z [INFO]   from pom.xml
2026-10-06T10:21:33.9954227Z [INFO] --------------------------------[ jar ]---------------------------------
2026-10-06T10:21:33.9971806Z [INFO] 
2026-10-06T10:21:33.9972265Z [INFO] --- dependency:3.9.0:go-offline (default-cli) @ workflow-engine ---
2026-10-06T10:21:39.2889933Z [INFO] Resolved plugin: maven-compiler-plugin-3.14.1.jar
2026-10-06T10:21:39.2890322Z [INFO] Resolved plugin dependency:
2026-10-06T10:21:39.7945998Z [INFO]       maven-compiler-plugin-3.14.1.jar
2026-10-06T10:21:39.7946603Z [INFO]       asm-9.8.jar
2026-10-06T10:21:39.7946947Z [INFO]       maven-shared-utils-3.4.2.jar
2026-10-06T10:21:39.7963701Z [INFO]       slf4j-api-1.7.36.jar
2026-10-06T10:21:39.7963970Z [INFO]       commons-io-2.11.0.jar
2026-10-06T10:21:39.7964243Z [INFO]       maven-shared-incremental-1.1.jar
2026-10-06T10:21:39.7964523Z [INFO]       plexus-java-1.5.0.jar
2026-10-06T10:21:39.7964770Z [INFO]       qdox-2.2.0.jar
2026-10-06T10:21:39.7965015Z [INFO]       plexus-compiler-api-2.15.0.jar
2026-10-06T10:21:39.7965323Z [INFO]       plexus-compiler-manager-2.15.0.jar
2026-10-06T10:21:39.7965593Z [INFO]       javax.inject-1.jar
2026-10-06T10:21:39.7965821Z [INFO]       plexus-xml-3.0.1.jar
2026-10-06T10:21:39.7966071Z [INFO]       plexus-compiler-javac-2.15.0.jar
2026-10-06T10:21:39.7966348Z [INFO]       plexus-utils-4.0.2.jar
2026-10-06T10:21:39.7966630Z [INFO] Resolved plugin: maven-surefire-plugin-3.5.4.jar
2026-10-06T10:21:39.7966932Z [INFO] Resolved plugin dependency:
2026-10-06T10:21:41.1990733Z [INFO]       maven-surefire-plugin-3.5.4.jar
2026-10-06T10:21:41.1996883Z [INFO]       surefire-api-3.5.4.jar
2026-10-06T10:21:41.1997400Z [INFO]       surefire-logger-api-3.5.4.jar
2026-10-06T10:21:41.1997697Z [INFO]       surefire-shared-utils-3.5.4.jar
2026-10-06T10:21:41.2023406Z [INFO]       surefire-extensions-api-3.5.4.jar
2026-10-06T10:21:41.2031021Z [INFO]       maven-surefire-common-3.5.4.jar
2026-10-06T10:21:41.2031526Z [INFO]       surefire-booter-3.5.4.jar
2026-10-06T10:21:41.2031795Z [INFO]       surefire-extensions-spi-3.5.4.jar
2026-10-06T10:21:41.2032095Z [INFO]       maven-resolver-util-1.4.1.jar
2026-10-06T10:21:41.2032351Z [INFO]       maven-resolver-api-1.4.1.jar
2026-10-06T10:21:41.2032632Z [INFO]       maven-common-artifact-filters-3.4.0.jar
2026-10-06T10:21:41.2033048Z [INFO]       slf4j-api-1.7.36.jar
2026-10-06T10:21:41.2033282Z [INFO]       plexus-java-1.5.0.jar
2026-10-06T10:21:41.2033499Z [INFO]       asm-9.8.jar
2026-10-06T10:21:41.2033703Z [INFO]       qdox-2.2.0.jar
2026-10-06T10:21:41.2034211Z [INFO] Resolved plugin: maven-jar-plugin-3.4.2.jar
2026-10-06T10:21:41.2034498Z [INFO] Resolved plugin dependency:
2026-10-06T10:21:41.4048317Z [INFO]       maven-jar-plugin-3.4.2.jar
2026-10-06T10:21:41.4048641Z [INFO]       file-management-3.1.0.jar
2026-10-06T10:21:41.4053419Z [INFO]       plexus-utils-4.0.1.jar
2026-10-06T10:21:41.4054105Z [INFO]       commons-io-2.16.1.jar
2026-10-06T10:21:41.4054391Z [INFO]       maven-archiver-3.6.2.jar
2026-10-06T10:21:41.4054651Z [INFO]       plexus-interpolation-1.27.jar
2026-10-06T10:21:41.4054944Z [INFO]       plexus-archiver-4.9.2.jar
2026-10-06T10:21:41.4055174Z [INFO]       plexus-io-3.4.2.jar
2026-10-06T10:21:41.4055398Z [INFO]       commons-compress-1.26.1.jar
2026-10-06T10:21:41.4055635Z [INFO]       commons-lang3-3.14.0.jar
2026-10-06T10:21:41.4055864Z [INFO]       commons-codec-1.16.1.jar
2026-10-06T10:21:41.4056092Z [INFO]       snappy-0.4.jar
2026-10-06T10:21:41.4056294Z [INFO]       xz-1.9.jar
2026-10-06T10:21:41.4056506Z [INFO]       zstd-jni-1.5.5-11.jar
2026-10-06T10:21:41.4056725Z [INFO]       javax.inject-1.jar
2026-10-06T10:21:41.4056943Z [INFO]       slf4j-api-1.7.36.jar
2026-10-06T10:21:41.4057192Z [INFO] Resolved plugin: maven-clean-plugin-3.5.0.jar
2026-10-06T10:21:41.4076417Z [INFO] Resolved plugin dependency:
2026-10-06T10:21:41.4095823Z [INFO]       maven-clean-plugin-3.5.0.jar
2026-10-06T10:21:41.4096306Z [INFO]       plexus-utils-4.0.2.jar
2026-10-06T10:21:41.4096636Z [INFO] Resolved plugin: protobuf-maven-plugin-0.6.1.jar
2026-10-06T10:21:41.4097205Z [INFO] Resolved plugin dependency:
2026-10-06T10:21:42.4726262Z [INFO]       protobuf-maven-plugin-0.6.1.jar
2026-10-06T10:21:42.4726623Z [INFO]       maven-plugin-api-3.0.jar
2026-10-06T10:21:42.4727374Z [INFO]       maven-model-3.0.jar
2026-10-06T10:21:42.4727860Z [INFO]       sisu-inject-plexus-1.4.2.jar
2026-10-06T10:21:42.4728420Z [INFO]       sisu-inject-bean-1.4.2.jar
2026-10-06T10:21:42.4728975Z [INFO]       sisu-guice-2.1.7-noaop.jar
2026-10-06T10:21:42.4729431Z [INFO]       maven-plugin-annotations-3.5.2.jar
2026-10-06T10:21:42.4729857Z [INFO]       plexus-utils-3.1.0.jar
2026-10-06T10:21:42.4730270Z [INFO]       plexus-component-annotations-1.7.1.jar
2026-10-06T10:21:42.4730752Z [INFO]       plexus-build-api-0.0.7.jar
2026-10-06T10:21:42.4731154Z [INFO]       maven-core-3.0.jar
2026-10-06T10:21:42.4731730Z [INFO]       maven-settings-3.0.jar
2026-10-06T10:21:42.4741873Z [INFO]       maven-settings-builder-3.0.jar
2026-10-06T10:21:42.4742353Z [INFO]       maven-repository-metadata-3.0.jar
2026-10-06T10:21:42.4742942Z [INFO]       maven-model-builder-3.0.jar
2026-10-06T10:21:42.4743418Z [INFO]       maven-aether-provider-3.0.jar
2026-10-06T10:21:42.4743835Z [INFO]       aether-impl-1.7.jar
2026-10-06T10:21:42.4744211Z [INFO]       aether-spi-1.7.jar
2026-10-06T10:21:42.4744578Z [INFO]       aether-api-1.7.jar
2026-10-06T10:21:42.4744943Z [INFO]       aether-util-1.7.jar
2026-10-06T10:21:42.4745364Z [INFO]       plexus-interpolation-1.14.jar
2026-10-06T10:21:42.4746186Z [INFO]       plexus-classworlds-2.2.3.jar
2026-10-06T10:21:42.4748585Z [INFO]       plexus-sec-dispatcher-1.3.jar
2026-10-06T10:21:42.4749014Z [INFO]       plexus-cipher-1.4.jar
2026-10-06T10:21:42.4749410Z [INFO]       maven-artifact-3.0.jar
2026-10-06T10:21:42.4749799Z [INFO]       maven-compat-3.0.jar
2026-10-06T10:21:42.4750200Z [INFO]       wagon-provider-api-1.0-beta-6.jar
2026-10-06T10:21:42.4750660Z [INFO] Resolved plugin: maven-install-plugin-3.1.4.jar
2026-10-06T10:21:42.4751105Z [INFO] Resolved plugin dependency:
2026-10-06T10:21:42.6092633Z [INFO]       maven-install-plugin-3.1.4.jar
2026-10-06T10:21:42.6093085Z [INFO]       maven-resolver-util-1.9.22.jar
2026-10-06T10:21:42.6103511Z [INFO]       maven-resolver-api-1.9.22.jar
2026-10-06T10:21:42.6103910Z [INFO]       plexus-utils-4.0.1.jar
2026-10-06T10:21:42.6104118Z [INFO]       plexus-xml-3.0.1.jar
2026-10-06T10:21:42.6104329Z [INFO] Resolved plugin: maven-site-plugin-3.12.1.jar
2026-10-06T10:21:42.6104515Z [INFO] Resolved plugin dependency:
2026-10-06T10:21:48.9615194Z [INFO]       maven-site-plugin-3.12.1.jar
2026-10-06T10:21:48.9617673Z [INFO]       maven-reporting-api-3.1.1.jar
2026-10-06T10:21:48.9618074Z [INFO]       maven-reporting-exec-1.6.0.jar
2026-10-06T10:21:48.9618542Z [INFO]       maven-artifact-3.2.5.jar
2026-10-06T10:21:48.9618921Z [INFO]       maven-core-3.2.5.jar
2026-10-06T10:21:48.9619310Z [INFO]       maven-repository-metadata-3.2.5.jar
2026-10-06T10:21:48.9619726Z [INFO]       maven-model-builder-3.2.5.jar
2026-10-06T10:21:48.9620105Z [INFO]       maven-aether-provider-3.2.5.jar
2026-10-06T10:21:48.9620543Z [INFO]       aether-spi-1.0.0.v20140518.jar
2026-10-06T10:21:48.9620925Z [INFO]       aether-impl-1.0.0.v20140518.jar
2026-10-06T10:21:48.9621318Z [INFO]       aether-api-1.0.0.v20140518.jar
2026-10-06T10:21:48.9621718Z [INFO]       org.eclipse.sisu.plexus-0.3.5.jar
2026-10-06T10:21:48.9622124Z [INFO]       javax.annotation-api-1.2.jar
2026-10-06T10:21:48.9622505Z [INFO]       cdi-api-1.2.jar
2026-10-06T10:21:48.9623029Z [INFO]       org.eclipse.sisu.inject-0.3.5.jar
2026-10-06T10:21:48.9623435Z [INFO]       sisu-guice-3.2.3-no_aop.jar
2026-10-06T10:21:48.9623805Z [INFO]       javax.inject-1.jar
2026-10-06T10:21:48.9624160Z [INFO]       aopalliance-1.0.jar
2026-10-06T10:21:48.9624529Z [INFO]       guava-16.0.1.jar
2026-10-06T10:21:48.9624887Z [INFO]       plexus-classworlds-2.5.2.jar
2026-10-06T10:21:48.9625284Z [INFO]       plexus-sec-dispatcher-1.3.jar
2026-10-06T10:21:48.9625670Z [INFO]       plexus-cipher-1.4.jar
2026-10-06T10:21:48.9626024Z [INFO]       maven-model-3.2.5.jar
2026-10-06T10:21:48.9626611Z [INFO]       maven-plugin-api-3.2.5.jar
2026-10-06T10:21:48.9633342Z [INFO]       maven-settings-3.2.5.jar
2026-10-06T10:21:48.9633875Z [INFO]       maven-settings-builder-3.2.5.jar
2026-10-06T10:21:48.9634275Z [INFO]       aether-util-1.0.0.v20140518.jar
2026-10-06T10:21:48.9634671Z [INFO]       maven-shared-utils-3.3.4.jar
2026-10-06T10:21:48.9635027Z [INFO]       commons-io-2.6.jar
2026-10-06T10:21:48.9635363Z [INFO]       maven-archiver-3.5.2.jar
2026-10-06T10:21:48.9635707Z [INFO]       commons-compress-1.20.jar
2026-10-06T10:21:48.9636067Z [INFO]       plexus-interpolation-1.26.jar
2026-10-06T10:21:48.9636431Z [INFO]       plexus-archiver-4.2.7.jar
2026-10-06T10:21:48.9636779Z [INFO]       plexus-io-3.2.0.jar
2026-10-06T10:21:48.9637108Z [INFO]       snappy-0.4.jar
2026-10-06T10:21:48.9637423Z [INFO]       xz-1.9.jar
2026-10-06T10:21:48.9637720Z [INFO]       plexus-i18n-1.0-beta-10.jar
2026-10-06T10:21:48.9638056Z [INFO]       plexus-utils-3.4.2.jar
2026-10-06T10:21:48.9638468Z [INFO]       doxia-sink-api-1.11.1.jar
2026-10-06T10:21:48.9638815Z [INFO]       doxia-logging-api-1.11.1.jar
2026-10-06T10:21:48.9639161Z [INFO]       doxia-core-1.11.1.jar
2026-10-06T10:21:48.9639455Z [INFO]       plexus-container-default-2.1.0.jar
2026-10-06T10:21:48.9639804Z [INFO]       xbean-reflect-3.7.jar
2026-10-06T10:21:48.9640127Z [INFO]       google-collections-1.0.jar
2026-10-06T10:21:48.9640486Z [INFO]       plexus-component-annotations-2.1.1.jar
2026-10-06T10:21:48.9641053Z [INFO]       commons-lang3-3.8.1.jar
2026-10-06T10:21:48.9641382Z [INFO]       commons-text-1.3.jar
2026-10-06T10:21:48.9641715Z [INFO]       httpclient-4.5.13.jar
2026-10-06T10:21:48.9642049Z [INFO]       commons-logging-1.2.jar
2026-10-06T10:21:48.9642365Z [INFO]       commons-codec-1.11.jar
2026-10-06T10:21:48.9642693Z [INFO]       httpcore-4.4.14.jar
2026-10-06T10:21:48.9643177Z [INFO]       doxia-module-xhtml-1.11.1.jar
2026-10-06T10:21:48.9643522Z [INFO]       doxia-module-xhtml5-1.11.1.jar
2026-10-06T10:21:48.9643869Z [INFO]       doxia-module-apt-1.11.1.jar
2026-10-06T10:21:48.9644217Z [INFO]       doxia-module-xdoc-1.11.1.jar
2026-10-06T10:21:48.9644573Z [INFO]       doxia-module-fml-1.11.1.jar
2026-10-06T10:21:48.9644956Z [INFO]       doxia-module-markdown-1.11.1.jar
2026-10-06T10:21:48.9645307Z [INFO]       flexmark-all-0.42.14.jar
2026-10-06T10:21:48.9645632Z [INFO]       flexmark-0.42.14.jar
2026-10-06T10:21:48.9645982Z [INFO]       flexmark-ext-abbreviation-0.42.14.jar
2026-10-06T10:21:48.9646379Z [INFO]       flexmark-ext-admonition-0.42.14.jar
2026-10-06T10:21:48.9646763Z [INFO]       flexmark-ext-anchorlink-0.42.14.jar
2026-10-06T10:21:48.9647140Z [INFO]       flexmark-ext-aside-0.42.14.jar
2026-10-06T10:21:48.9647502Z [INFO]       flexmark-ext-attributes-0.42.14.jar
2026-10-06T10:21:48.9647870Z [INFO]       flexmark-ext-autolink-0.42.14.jar
2026-10-06T10:21:48.9648273Z [INFO]       autolink-0.6.0.jar
2026-10-06T10:21:48.9648786Z [INFO]       flexmark-ext-definition-0.42.14.jar
2026-10-06T10:21:48.9649161Z [INFO]       flexmark-ext-emoji-0.42.14.jar
2026-10-06T10:21:48.9649555Z [INFO]       flexmark-ext-enumerated-reference-0.42.14.jar
2026-10-06T10:21:48.9650004Z [INFO]       flexmark-ext-escaped-character-0.42.14.jar
2026-10-06T10:21:48.9650402Z [INFO]       flexmark-ext-footnotes-0.42.14.jar
2026-10-06T10:21:48.9650785Z [INFO]       flexmark-ext-gfm-issues-0.42.14.jar
2026-10-06T10:21:48.9651166Z [INFO]       flexmark-ext-gfm-strikethrough-0.42.14.jar
2026-10-06T10:21:48.9651552Z [INFO]       flexmark-ext-gfm-tables-0.42.14.jar
2026-10-06T10:21:48.9651928Z [INFO]       flexmark-ext-gfm-tasklist-0.42.14.jar
2026-10-06T10:21:48.9652308Z [INFO]       flexmark-ext-gfm-users-0.42.14.jar
2026-10-06T10:21:48.9652677Z [INFO]       flexmark-ext-gitlab-0.42.14.jar
2026-10-06T10:21:48.9653215Z [INFO]       flexmark-ext-jekyll-front-matter-0.42.14.jar
2026-10-06T10:21:48.9653617Z [INFO]       flexmark-ext-jekyll-tag-0.42.14.jar
2026-10-06T10:21:48.9654004Z [INFO]       flexmark-ext-media-tags-0.42.14.jar
2026-10-06T10:21:48.9654624Z [INFO]       flexmark-ext-macros-0.42.14.jar
2026-10-06T10:21:48.9654981Z [INFO]       flexmark-ext-ins-0.42.14.jar
2026-10-06T10:21:48.9655342Z [INFO]       flexmark-ext-xwiki-macros-0.42.14.jar
2026-10-06T10:21:48.9655728Z [INFO]       flexmark-ext-superscript-0.42.14.jar
2026-10-06T10:21:48.9656103Z [INFO]       flexmark-ext-tables-0.42.14.jar
2026-10-06T10:21:48.9656448Z [INFO]       flexmark-ext-toc-0.42.14.jar
2026-10-06T10:21:48.9656806Z [INFO]       flexmark-ext-typographic-0.42.14.jar
2026-10-06T10:21:48.9657253Z [INFO]       flexmark-ext-wikilink-0.42.14.jar
2026-10-06T10:21:48.9657583Z [INFO]       flexmark-ext-yaml-front-matter-0.42.14.jar
2026-10-06T10:21:48.9657873Z [INFO]       flexmark-ext-youtube-embedded-0.42.14.jar
2026-10-06T10:21:48.9658147Z [INFO]       flexmark-formatter-0.42.14.jar
2026-10-06T10:21:48.9658411Z [INFO]       flexmark-html-parser-0.42.14.jar
2026-10-06T10:21:48.9658666Z [INFO]       jsoup-1.10.2.jar
2026-10-06T10:21:48.9658919Z [INFO]       flexmark-jira-converter-0.42.14.jar
2026-10-06T10:21:48.9659190Z [INFO]       flexmark-profile-pegdown-0.42.14.jar
2026-10-06T10:21:48.9659457Z [INFO]       flexmark-util-0.42.14.jar
2026-10-06T10:21:48.9659720Z [INFO]       flexmark-youtrack-converter-0.42.14.jar
2026-10-06T10:21:48.9659996Z [INFO]       doxia-module-confluence-1.11.1.jar
2026-10-06T10:21:48.9660271Z [INFO]       doxia-module-docbook-simple-1.11.1.jar
2026-10-06T10:21:48.9660566Z [INFO]       doxia-module-twiki-1.11.1.jar
2026-10-06T10:21:48.9660957Z [INFO]       doxia-decoration-model-1.11.1.jar
2026-10-06T10:21:48.9661221Z [INFO]       doxia-site-renderer-1.11.1.jar
2026-10-06T10:21:48.9661475Z [INFO]       doxia-skin-model-1.11.1.jar
2026-10-06T10:21:48.9661729Z [INFO]       plexus-velocity-1.2.jar
2026-10-06T10:21:48.9661972Z [INFO]       velocity-1.7.jar
2026-10-06T10:21:48.9662204Z [INFO]       commons-lang-2.4.jar
2026-10-06T10:21:48.9662440Z [INFO]       velocity-tools-2.0.jar
2026-10-06T10:21:48.9662684Z [INFO]       commons-beanutils-1.7.0.jar
2026-10-06T10:21:48.9663105Z [INFO]       commons-digester-1.8.jar
2026-10-06T10:21:48.9663417Z [INFO]       commons-chain-1.1.jar
2026-10-06T10:21:48.9663626Z [INFO]       dom4j-1.1.jar
2026-10-06T10:21:48.9663811Z [INFO]       oro-2.0.8.jar
2026-10-06T10:21:48.9664024Z [INFO]       commons-collections-3.2.2.jar
2026-10-06T10:21:48.9664282Z [INFO]       doxia-integration-tools-1.11.1.jar
2026-10-06T10:21:48.9664450Z [INFO]       jetty-server-9.4.46.v20220331.jar
2026-10-06T10:21:48.9664613Z [INFO]       javax.servlet-api-3.1.0.jar
2026-10-06T10:21:48.9664767Z [INFO]       jetty-http-9.4.46.v20220331.jar
2026-10-06T10:21:48.9664918Z [INFO]       jetty-io-9.4.46.v20220331.jar
2026-10-06T10:21:48.9665072Z [INFO]       jetty-servlet-9.4.46.v20220331.jar
2026-10-06T10:21:48.9665247Z [INFO]       jetty-security-9.4.46.v20220331.jar
2026-10-06T10:21:48.9665412Z [INFO]       jetty-util-ajax-9.4.46.v20220331.jar
2026-10-06T10:21:48.9665576Z [INFO]       jetty-webapp-9.4.46.v20220331.jar
2026-10-06T10:21:48.9665736Z [INFO]       jetty-xml-9.4.46.v20220331.jar
2026-10-06T10:21:48.9665887Z [INFO]       jetty-util-9.4.46.v20220331.jar
2026-10-06T10:21:48.9666065Z [INFO] Resolved plugin: maven-resources-plugin-3.3.1.jar
2026-10-06T10:21:48.9666241Z [INFO] Resolved plugin dependency:
2026-10-06T10:21:49.1771903Z [INFO]       maven-resources-plugin-3.3.1.jar
2026-10-06T10:21:49.1772906Z [INFO]       plexus-interpolation-1.26.jar
2026-10-06T10:21:49.1776236Z [INFO]       plexus-utils-3.5.1.jar
2026-10-06T10:21:49.1776676Z [INFO]       maven-filtering-3.3.1.jar
2026-10-06T10:21:49.1777095Z [INFO]       javax.inject-1.jar
2026-10-06T10:21:49.1777484Z [INFO]       slf4j-api-1.7.36.jar
2026-10-06T10:21:49.1777878Z [INFO]       plexus-build-api-0.0.7.jar
2026-10-06T10:21:49.1778288Z [INFO]       commons-io-2.11.0.jar
2026-10-06T10:21:49.1778684Z [INFO]       commons-lang3-3.12.0.jar
2026-10-06T10:21:49.1779131Z [INFO] Resolved plugin: maven-deploy-plugin-3.1.4.jar
2026-10-06T10:21:49.1779572Z [INFO] Resolved plugin dependency:
2026-10-06T10:21:49.1789766Z [INFO]       maven-deploy-plugin-3.1.4.jar
2026-10-06T10:21:49.1790060Z [INFO]       plexus-utils-4.0.1.jar
2026-10-06T10:21:49.1790302Z [INFO]       plexus-xml-3.0.1.jar
2026-10-06T10:21:49.1790550Z [INFO]       maven-resolver-util-1.9.22.jar
2026-10-06T10:21:49.1790822Z [INFO]       maven-resolver-api-1.9.22.jar
2026-10-06T10:21:55.1492280Z [INFO] Resolved dependency: flowable-spring-8.0.0.jar
2026-10-06T10:21:55.1492722Z [INFO] Resolved dependency: flowable-engine-8.0.0.jar
2026-10-06T10:21:55.1493171Z [INFO] Resolved dependency: flowable-bpmn-converter-8.0.0.jar
2026-10-06T10:21:55.1493511Z [INFO] Resolved dependency: flowable-bpmn-model-8.0.0.jar
2026-10-06T10:21:55.1493861Z [INFO] Resolved dependency: flowable-process-validation-8.0.0.jar
2026-10-06T10:21:55.1494229Z [INFO] Resolved dependency: flowable-image-generator-8.0.0.jar
2026-10-06T10:21:55.1513735Z [INFO] Resolved dependency: flowable-engine-common-api-8.0.0.jar
2026-10-06T10:21:55.1514072Z [INFO] Resolved dependency: flowable-engine-common-8.0.0.jar
2026-10-06T10:21:55.1514310Z [INFO] Resolved dependency: flowable-variable-service-api-8.0.0.jar
2026-10-06T10:21:55.1514551Z [INFO] Resolved dependency: flowable-event-registry-api-8.0.0.jar
2026-10-06T10:21:55.1514767Z [INFO] Resolved dependency: jackson-databind-3.0.4.jar
2026-10-06T10:21:55.1514960Z [INFO] Resolved dependency: jackson-core-3.0.4.jar
2026-10-06T10:21:55.1515163Z [INFO] Resolved dependency: flowable-variable-service-8.0.0.jar
2026-10-06T10:21:55.1515610Z [INFO] Resolved dependency: flowable-identitylink-service-8.0.0.jar
2026-10-06T10:21:55.1515854Z [INFO] Resolved dependency: flowable-identitylink-service-api-8.0.0.jar
2026-10-06T10:21:55.1516102Z [INFO] Resolved dependency: flowable-entitylink-service-8.0.0.jar
2026-10-06T10:21:55.1516341Z [INFO] Resolved dependency: flowable-entitylink-service-api-8.0.0.jar
2026-10-06T10:21:55.1516575Z [INFO] Resolved dependency: flowable-event-registry-8.0.0.jar
2026-10-06T10:21:55.1516802Z [INFO] Resolved dependency: flowable-event-registry-model-8.0.0.jar
2026-10-06T10:21:55.1517056Z [INFO] Resolved dependency: flowable-event-registry-json-converter-8.0.0.jar
2026-10-06T10:21:55.1517336Z [INFO] Resolved dependency: flowable-eventsubscription-service-api-8.0.0.jar
2026-10-06T10:21:55.1517567Z [INFO] Resolved dependency: commons-io-2.21.0.jar
2026-10-06T10:21:55.1517762Z [INFO] Resolved dependency: java-uuid-generator-5.1.0.jar
2026-10-06T10:21:55.1517996Z [INFO] Resolved dependency: flowable-event-registry-configurator-8.0.0.jar
2026-10-06T10:21:55.1518267Z [INFO] Resolved dependency: flowable-eventsubscription-service-8.0.0.jar
2026-10-06T10:21:55.1518505Z [INFO] Resolved dependency: flowable-task-service-8.0.0.jar
2026-10-06T10:21:55.1518723Z [INFO] Resolved dependency: flowable-task-service-api-8.0.0.jar
2026-10-06T10:21:55.1518938Z [INFO] Resolved dependency: flowable-job-service-8.0.0.jar
2026-10-06T10:21:55.1519152Z [INFO] Resolved dependency: flowable-job-service-api-8.0.0.jar
2026-10-06T10:21:55.1519378Z [INFO] Resolved dependency: flowable-batch-service-8.0.0.jar
2026-10-06T10:21:55.1519603Z [INFO] Resolved dependency: flowable-batch-service-api-8.0.0.jar
2026-10-06T10:21:55.1519812Z [INFO] Resolved dependency: flowable-idm-api-8.0.0.jar
2026-10-06T10:21:55.1520009Z [INFO] Resolved dependency: flowable-idm-engine-8.0.0.jar
2026-10-06T10:21:55.1520203Z [INFO] Resolved dependency: commons-codec-1.19.0.jar
2026-10-06T10:21:55.1520419Z [INFO] Resolved dependency: flowable-idm-engine-configurator-8.0.0.jar
2026-10-06T10:21:55.1520646Z [INFO] Resolved dependency: flowable-cmmn-api-8.0.0.jar
2026-10-06T10:21:55.1520841Z [INFO] Resolved dependency: flowable-cmmn-model-8.0.0.jar
2026-10-06T10:21:55.1521036Z [INFO] Resolved dependency: flowable-dmn-api-8.0.0.jar
2026-10-06T10:21:55.1521344Z [INFO] Resolved dependency: flowable-dmn-model-8.0.0.jar
2026-10-06T10:21:55.1521647Z [INFO] Resolved dependency: flowable-form-model-8.0.0.jar
2026-10-06T10:21:55.1522062Z [INFO] Resolved dependency: flowable-form-api-8.0.0.jar
2026-10-06T10:21:55.1524542Z [INFO] Resolved dependency: jackson-annotations-2.20.jar
2026-10-06T10:21:55.1524948Z [INFO] Resolved dependency: flowable-content-api-8.0.0.jar
2026-10-06T10:21:55.1525292Z [INFO] Resolved dependency: flowable-http-common-8.0.0.jar
2026-10-06T10:21:55.1525602Z [INFO] Resolved dependency: flowable-mail-8.0.0.jar
2026-10-06T10:21:55.1525896Z [INFO] Resolved dependency: angus-mail-2.0.5.jar
2026-10-06T10:21:55.1526212Z [INFO] Resolved dependency: jakarta.activation-api-2.1.4.jar
2026-10-06T10:21:55.1526536Z [INFO] Resolved dependency: jakarta.mail-api-2.1.5.jar
2026-10-06T10:21:55.1547055Z [INFO] Resolved dependency: angus-activation-2.0.3.jar
2026-10-06T10:21:55.1547355Z [INFO] Resolved dependency: mybatis-3.5.19.jar
2026-10-06T10:21:55.1547547Z [INFO] Resolved dependency: spring-beans-7.0.3.jar
2026-10-06T10:21:55.1547729Z [INFO] Resolved dependency: joda-time-2.14.0.jar
2026-10-06T10:21:55.1547932Z [INFO] Resolved dependency: flowable-spring-common-8.0.0.jar
2026-10-06T10:21:55.1548174Z [INFO] Resolved dependency: flowable-job-spring-service-8.0.0.jar
2026-10-06T10:21:55.1548452Z [INFO] Resolved dependency: flowable-event-registry-spring-configurator-8.0.0.jar
2026-10-06T10:21:55.1548731Z [INFO] Resolved dependency: flowable-event-registry-spring-8.0.0.jar
2026-10-06T10:21:55.1548957Z [INFO] Resolved dependency: spring-context-7.0.3.jar
2026-10-06T10:21:55.1549143Z [INFO] Resolved dependency: spring-aop-7.0.3.jar
2026-10-06T10:21:55.1549487Z [INFO] Resolved dependency: spring-core-7.0.3.jar
2026-10-06T10:21:55.1549675Z [INFO] Resolved dependency: commons-logging-1.3.5.jar
2026-10-06T10:21:55.1549873Z [INFO] Resolved dependency: spring-expression-7.0.3.jar
2026-10-06T10:21:55.1550081Z [INFO] Resolved dependency: micrometer-observation-1.16.2.jar
2026-10-06T10:21:55.1550295Z [INFO] Resolved dependency: micrometer-commons-1.16.2.jar
2026-10-06T10:21:55.1550486Z [INFO] Resolved dependency: spring-jdbc-7.0.3.jar
2026-10-06T10:21:55.1550662Z [INFO] Resolved dependency: spring-tx-7.0.3.jar
2026-10-06T10:21:55.1550849Z [INFO] Resolved dependency: commons-lang3-3.19.0.jar
2026-10-06T10:21:55.1551026Z [INFO] Resolved dependency: spring-orm-7.0.3.jar
2026-10-06T10:21:55.1551200Z [INFO] Resolved dependency: slf4j-api-2.0.17.jar
2026-10-06T10:21:55.1551381Z [INFO] Resolved dependency: jcl-over-slf4j-2.0.17.jar
2026-10-06T10:21:55.1551569Z [INFO] Resolved dependency: grpc-protobuf-1.84.0.jar
2026-10-06T10:21:55.1551749Z [INFO] Resolved dependency: grpc-api-1.84.0.jar
2026-10-06T10:21:55.1551919Z [INFO] Resolved dependency: jsr305-3.0.2.jar
2026-10-06T10:21:55.1552117Z [INFO] Resolved dependency: proto-google-common-protos-2.64.1.jar
2026-10-06T10:21:55.1552328Z [INFO] Resolved dependency: guava-33.6.0-android.jar
2026-10-06T10:21:55.1552516Z [INFO] Resolved dependency: failureaccess-1.0.3.jar
2026-10-06T10:21:55.1552939Z [INFO] Resolved dependency: listenablefuture-9999.0-empty-to-avoid-conflict-with-guava.jar
2026-10-06T10:21:55.1553380Z [INFO] Resolved dependency: j2objc-annotations-3.1.jar
2026-10-06T10:21:55.1553692Z [INFO] Resolved dependency: grpc-protobuf-lite-1.84.0.jar
2026-10-06T10:21:55.1553998Z [INFO] Resolved dependency: protobuf-java-3.25.9.jar
2026-10-06T10:21:55.1554316Z [INFO] Resolved dependency: junit-platform-launcher-6.0.2.jar
2026-10-06T10:21:55.1554656Z [INFO] Resolved dependency: junit-platform-engine-6.0.2.jar
2026-10-06T10:21:55.1554960Z [INFO] Resolved dependency: opentest4j-1.3.0.jar
2026-10-06T10:21:55.1555266Z [INFO] Resolved dependency: junit-platform-commons-6.0.2.jar
2026-10-06T10:21:55.1555489Z [INFO] Resolved dependency: apiguardian-api-1.1.2.jar
2026-10-06T10:21:55.1555667Z [INFO] Resolved dependency: jspecify-1.0.0.jar
2026-10-06T10:21:55.1555853Z [INFO] Resolved dependency: spring-boot-starter-4.0.2.jar
2026-10-06T10:21:55.1556073Z [INFO] Resolved dependency: spring-boot-starter-logging-4.0.2.jar
2026-10-06T10:21:55.1556289Z [INFO] Resolved dependency: logback-classic-1.5.25.jar
2026-10-06T10:21:55.1556475Z [INFO] Resolved dependency: logback-core-1.5.25.jar
2026-10-06T10:21:55.1556763Z [INFO] Resolved dependency: log4j-to-slf4j-2.25.3.jar
2026-10-06T10:21:55.1556942Z [INFO] Resolved dependency: log4j-api-2.25.3.jar
2026-10-06T10:21:55.1557117Z [INFO] Resolved dependency: jul-to-slf4j-2.0.17.jar
2026-10-06T10:21:55.1557324Z [INFO] Resolved dependency: spring-boot-autoconfigure-4.0.2.jar
2026-10-06T10:21:55.1557528Z [INFO] Resolved dependency: spring-boot-4.0.2.jar
2026-10-06T10:21:55.1557725Z [INFO] Resolved dependency: jakarta.annotation-api-3.0.0.jar
2026-10-06T10:21:55.1557920Z [INFO] Resolved dependency: snakeyaml-2.5.jar
2026-10-06T10:21:55.1558096Z [INFO] Resolved dependency: junit-jupiter-6.0.2.jar
2026-10-06T10:21:55.1558285Z [INFO] Resolved dependency: junit-jupiter-api-6.0.2.jar
2026-10-06T10:21:55.1558486Z [INFO] Resolved dependency: junit-jupiter-params-6.0.2.jar
2026-10-06T10:21:55.1558689Z [INFO] Resolved dependency: junit-jupiter-engine-6.0.2.jar
2026-10-06T10:21:55.1558889Z [INFO] Resolved dependency: grpc-netty-shaded-1.84.0.jar
2026-10-06T10:21:55.1559076Z [INFO] Resolved dependency: grpc-util-1.84.0.jar
2026-10-06T10:21:55.1559251Z [INFO] Resolved dependency: grpc-core-1.84.0.jar
2026-10-06T10:21:55.1559417Z [INFO] Resolved dependency: gson-2.13.2.jar
2026-10-06T10:21:55.1559587Z [INFO] Resolved dependency: annotations-4.1.1.4.jar
2026-10-06T10:21:55.1559765Z [INFO] Resolved dependency: grpc-context-1.84.0.jar
2026-10-06T10:21:55.1559964Z [INFO] Resolved dependency: error_prone_annotations-2.50.0.jar
2026-10-06T10:21:55.1560242Z [INFO] Resolved dependency: perfmark-api-0.27.0.jar
2026-10-06T10:21:55.1560444Z [INFO] Resolved dependency: animal-sniffer-annotations-1.27.jar
2026-10-06T10:21:55.1560645Z [INFO] Resolved dependency: grpc-stub-1.84.0.jar
2026-10-06T10:21:55.1560817Z [INFO] Resolved dependency: postgresql-42.7.9.jar
2026-10-06T10:21:55.1560998Z [INFO] Resolved dependency: checker-qual-3.52.0.jar
2026-10-06T10:21:55.1561206Z [INFO] ------------------------------------------------------------------------
2026-10-06T10:21:55.1561396Z [INFO] BUILD SUCCESS
2026-10-06T10:21:55.1561561Z [INFO] ------------------------------------------------------------------------
2026-10-06T10:21:55.1561757Z [INFO] Total time:  25.154 s
2026-10-06T10:21:55.1561896Z [INFO] Finished at: 2026-10-06T10:21:55Z
2026-10-06T10:21:55.1562080Z [INFO] ------------------------------------------------------------------------
2026-10-06T10:21:55.8527312Z [INFO] Scanning for projects...
2026-10-06T10:21:55.9346710Z [INFO] 
2026-10-06T10:21:55.9373840Z [INFO] --------------< org.weaveos.proof:test-provider-prefetch >--------------
2026-10-06T10:21:55.9374394Z [INFO] Building test-provider-prefetch 1
2026-10-06T10:21:55.9374837Z [INFO]   from provider-pom.xml
2026-10-06T10:21:55.9375263Z [INFO] --------------------------------[ jar ]---------------------------------
2026-10-06T10:21:55.9375727Z [INFO] 
2026-10-06T10:21:55.9376127Z [INFO] --- dependency:3.9.0:go-offline (default-cli) @ test-provider-prefetch ---
2026-10-06T10:21:56.6789681Z [INFO] Resolved plugin: maven-compiler-plugin-3.13.0.jar
2026-10-06T10:21:56.6790077Z [INFO] Resolved plugin dependency:
2026-10-06T10:21:57.1407650Z [INFO]       maven-compiler-plugin-3.13.0.jar
2026-10-06T10:21:57.1408005Z [INFO]       maven-shared-utils-3.4.2.jar
2026-10-06T10:21:57.1425133Z [INFO]       slf4j-api-1.7.36.jar
2026-10-06T10:21:57.1425407Z [INFO]       commons-io-2.11.0.jar
2026-10-06T10:21:57.1425669Z [INFO]       maven-shared-incremental-1.1.jar
2026-10-06T10:21:57.1425937Z [INFO]       plexus-java-1.2.0.jar
2026-10-06T10:21:57.1426203Z [INFO]       asm-9.6.jar
2026-10-06T10:21:57.1426411Z [INFO]       qdox-2.0.3.jar
2026-10-06T10:21:57.1426644Z [INFO]       plexus-compiler-api-2.15.0.jar
2026-10-06T10:21:57.1426921Z [INFO]       plexus-compiler-manager-2.15.0.jar
2026-10-06T10:21:57.1427191Z [INFO]       javax.inject-1.jar
2026-10-06T10:21:57.1427418Z [INFO]       plexus-xml-3.0.0.jar
2026-10-06T10:21:57.1427664Z [INFO]       plexus-compiler-javac-2.15.0.jar
2026-10-06T10:21:57.1427921Z [INFO]       plexus-utils-4.0.0.jar
2026-10-06T10:21:57.1720737Z [INFO] Resolved plugin: maven-surefire-plugin-3.2.5.jar
2026-10-06T10:21:57.1721027Z [INFO] Resolved plugin dependency:
2026-10-06T10:21:57.8581891Z [INFO]       maven-surefire-plugin-3.2.5.jar
2026-10-06T10:21:57.8593273Z [INFO]       maven-surefire-common-3.2.5.jar
2026-10-06T10:21:57.8600677Z [INFO]       surefire-api-3.2.5.jar
2026-10-06T10:21:57.8601016Z [INFO]       surefire-logger-api-3.2.5.jar
2026-10-06T10:21:57.8601304Z [INFO]       surefire-extensions-api-3.2.5.jar
2026-10-06T10:21:57.8601598Z [INFO]       surefire-booter-3.2.5.jar
2026-10-06T10:21:57.8601848Z [INFO]       surefire-extensions-spi-3.2.5.jar
2026-10-06T10:21:57.8602055Z [INFO]       aether-util-1.0.0.v20140518.jar
2026-10-06T10:21:57.8602217Z [INFO]       aether-api-1.0.0.v20140518.jar
2026-10-06T10:21:57.8602400Z [INFO]       maven-common-artifact-filters-3.1.1.jar
2026-10-06T10:21:57.8602580Z [INFO]       maven-artifact-3.2.5.jar
2026-10-06T10:21:57.8602732Z [INFO]       plexus-utils-4.0.0.jar
2026-10-06T10:21:57.8603070Z [INFO]       maven-core-3.2.5.jar
2026-10-06T10:21:57.8603232Z [INFO]       maven-settings-3.2.5.jar
2026-10-06T10:21:57.8603393Z [INFO]       maven-settings-builder-3.2.5.jar
2026-10-06T10:21:57.8603571Z [INFO]       maven-repository-metadata-3.2.5.jar
2026-10-06T10:21:57.8603745Z [INFO]       maven-model-builder-3.2.5.jar
2026-10-06T10:21:57.8603910Z [INFO]       maven-aether-provider-3.2.5.jar
2026-10-06T10:21:57.8604074Z [INFO]       aether-spi-1.0.0.v20140518.jar
2026-10-06T10:21:57.8604424Z [INFO]       aether-impl-1.0.0.v20140518.jar
2026-10-06T10:21:57.8604594Z [INFO]       org.eclipse.sisu.plexus-0.9.0.M2.jar
2026-10-06T10:21:57.8604774Z [INFO]       javax.annotation-api-1.2.jar
2026-10-06T10:21:57.8604934Z [INFO]       cdi-api-1.2.jar
2026-10-06T10:21:57.8605092Z [INFO]       org.eclipse.sisu.inject-0.9.0.M2.jar
2026-10-06T10:21:57.8605263Z [INFO]       sisu-guice-3.2.3-no_aop.jar
2026-10-06T10:21:57.8605418Z [INFO]       javax.inject-1.jar
2026-10-06T10:21:57.8605560Z [INFO]       aopalliance-1.0.jar
2026-10-06T10:21:57.8605702Z [INFO]       guava-16.0.1.jar
2026-10-06T10:21:57.8605850Z [INFO]       plexus-interpolation-1.21.jar
2026-10-06T10:21:57.8606013Z [INFO]       plexus-classworlds-2.5.2.jar
2026-10-06T10:21:57.8606191Z [INFO]       plexus-component-annotations-1.5.5.jar
2026-10-06T10:21:57.8606373Z [INFO]       plexus-sec-dispatcher-1.3.jar
2026-10-06T10:21:57.8606532Z [INFO]       plexus-cipher-1.4.jar
2026-10-06T10:21:57.8606686Z [INFO]       maven-plugin-api-3.2.5.jar
2026-10-06T10:21:57.8606844Z [INFO]       commons-io-2.15.1.jar
2026-10-06T10:21:57.8606992Z [INFO]       plexus-java-1.2.0.jar
2026-10-06T10:21:57.8607129Z [INFO]       asm-9.6.jar
2026-10-06T10:21:57.8607256Z [INFO]       qdox-2.0.3.jar
2026-10-06T10:21:57.8607400Z [INFO]       surefire-shared-utils-3.2.5.jar
2026-10-06T10:21:57.8863008Z [INFO] Resolved plugin: maven-jar-plugin-3.4.1.jar
2026-10-06T10:21:57.8863626Z [INFO] Resolved plugin dependency:
2026-10-06T10:21:57.9181820Z [INFO]       maven-jar-plugin-3.4.1.jar
2026-10-06T10:21:57.9203490Z [INFO]       file-management-3.1.0.jar
2026-10-06T10:21:57.9203776Z [INFO]       commons-io-2.16.1.jar
2026-10-06T10:21:57.9204032Z [INFO]       maven-archiver-3.6.2.jar
2026-10-06T10:21:57.9204308Z [INFO]       plexus-interpolation-1.27.jar
2026-10-06T10:21:57.9204579Z [INFO]       plexus-utils-4.0.1.jar
2026-10-06T10:21:57.9204837Z [INFO]       plexus-archiver-4.9.2.jar
2026-10-06T10:21:57.9205089Z [INFO]       plexus-io-3.4.2.jar
2026-10-06T10:21:57.9205406Z [INFO]       commons-compress-1.26.1.jar
2026-10-06T10:21:57.9205659Z [INFO]       commons-lang3-3.14.0.jar
2026-10-06T10:21:57.9205906Z [INFO]       commons-codec-1.16.1.jar
2026-10-06T10:21:57.9206151Z [INFO]       snappy-0.4.jar
2026-10-06T10:21:57.9206362Z [INFO]       xz-1.9.jar
2026-10-06T10:21:57.9206567Z [INFO]       zstd-jni-1.5.5-11.jar
2026-10-06T10:21:57.9206799Z [INFO]       javax.inject-1.jar
2026-10-06T10:21:57.9207028Z [INFO]       slf4j-api-1.7.36.jar
2026-10-06T10:21:57.9425499Z [INFO] Resolved plugin: maven-clean-plugin-3.2.0.jar
2026-10-06T10:21:57.9425997Z [INFO] Resolved plugin dependency:
2026-10-06T10:21:58.0478119Z [INFO]       maven-clean-plugin-3.2.0.jar
2026-10-06T10:21:58.0478932Z [INFO]       maven-shared-utils-3.3.4.jar
2026-10-06T10:21:58.0479379Z [INFO]       commons-io-2.6.jar
2026-10-06T10:21:58.0764383Z [INFO] Resolved plugin: maven-install-plugin-3.1.2.jar
2026-10-06T10:21:58.0764595Z [INFO] Resolved plugin dependency:
2026-10-06T10:21:58.2473886Z [INFO]       maven-install-plugin-3.1.2.jar
2026-10-06T10:21:58.2474263Z [INFO]       maven-resolver-util-1.9.18.jar
2026-10-06T10:21:58.2474542Z [INFO]       maven-resolver-api-1.9.18.jar
2026-10-06T10:21:58.2474804Z [INFO]       plexus-utils-4.0.1.jar
2026-10-06T10:21:58.2475038Z [INFO]       plexus-xml-3.0.0.jar
2026-10-06T10:21:58.2475299Z [INFO] Resolved plugin: maven-site-plugin-3.12.1.jar
2026-10-06T10:21:58.2475586Z [INFO] Resolved plugin dependency:
2026-10-06T10:21:58.3943948Z [INFO]       maven-site-plugin-3.12.1.jar
2026-10-06T10:21:58.3955219Z [INFO]       maven-reporting-api-3.1.1.jar
2026-10-06T10:21:58.3973771Z [INFO]       maven-reporting-exec-1.6.0.jar
2026-10-06T10:21:58.3974227Z [INFO]       maven-artifact-3.2.5.jar
2026-10-06T10:21:58.3974604Z [INFO]       maven-core-3.2.5.jar
2026-10-06T10:21:58.3974992Z [INFO]       maven-repository-metadata-3.2.5.jar
2026-10-06T10:21:58.3975411Z [INFO]       maven-model-builder-3.2.5.jar
2026-10-06T10:21:58.3975806Z [INFO]       maven-aether-provider-3.2.5.jar
2026-10-06T10:21:58.3976524Z [INFO]       aether-spi-1.0.0.v20140518.jar
2026-10-06T10:21:58.3976916Z [INFO]       aether-impl-1.0.0.v20140518.jar
2026-10-06T10:21:58.3977301Z [INFO]       aether-api-1.0.0.v20140518.jar
2026-10-06T10:21:58.3977715Z [INFO]       org.eclipse.sisu.plexus-0.3.5.jar
2026-10-06T10:21:58.3978125Z [INFO]       javax.annotation-api-1.2.jar
2026-10-06T10:21:58.3978514Z [INFO]       cdi-api-1.2.jar
2026-10-06T10:21:58.3978888Z [INFO]       org.eclipse.sisu.inject-0.3.5.jar
2026-10-06T10:21:58.3979283Z [INFO]       sisu-guice-3.2.3-no_aop.jar
2026-10-06T10:21:58.3979666Z [INFO]       javax.inject-1.jar
2026-10-06T10:21:58.3980021Z [INFO]       aopalliance-1.0.jar
2026-10-06T10:21:58.3980371Z [INFO]       guava-16.0.1.jar
2026-10-06T10:21:58.3980814Z [INFO]       plexus-classworlds-2.5.2.jar
2026-10-06T10:21:58.3981214Z [INFO]       plexus-sec-dispatcher-1.3.jar
2026-10-06T10:21:58.3981599Z [INFO]       plexus-cipher-1.4.jar
2026-10-06T10:21:58.3981944Z [INFO]       maven-model-3.2.5.jar
2026-10-06T10:21:58.3982377Z [INFO]       maven-plugin-api-3.2.5.jar
2026-10-06T10:21:58.3982751Z [INFO]       maven-settings-3.2.5.jar
2026-10-06T10:21:58.3983286Z [INFO]       maven-settings-builder-3.2.5.jar
2026-10-06T10:21:58.3983684Z [INFO]       aether-util-1.0.0.v20140518.jar
2026-10-06T10:21:58.3984071Z [INFO]       maven-shared-utils-3.3.4.jar
2026-10-06T10:21:58.3984437Z [INFO]       commons-io-2.6.jar
2026-10-06T10:21:58.3984791Z [INFO]       maven-archiver-3.5.2.jar
2026-10-06T10:21:58.3985165Z [INFO]       commons-compress-1.20.jar
2026-10-06T10:21:58.3985567Z [INFO]       plexus-interpolation-1.26.jar
2026-10-06T10:21:58.3985960Z [INFO]       plexus-archiver-4.2.7.jar
2026-10-06T10:21:58.3986326Z [INFO]       plexus-io-3.2.0.jar
2026-10-06T10:21:58.3988666Z [INFO]       snappy-0.4.jar
2026-10-06T10:21:58.3989022Z [INFO]       xz-1.9.jar
2026-10-06T10:21:58.3989350Z [INFO]       plexus-i18n-1.0-beta-10.jar
2026-10-06T10:21:58.3989727Z [INFO]       plexus-utils-3.4.2.jar
2026-10-06T10:21:58.3990102Z [INFO]       doxia-sink-api-1.11.1.jar
2026-10-06T10:21:58.3990478Z [INFO]       doxia-logging-api-1.11.1.jar
2026-10-06T10:21:58.3990859Z [INFO]       doxia-core-1.11.1.jar
2026-10-06T10:21:58.3991248Z [INFO]       plexus-container-default-2.1.0.jar
2026-10-06T10:21:58.3991641Z [INFO]       xbean-reflect-3.7.jar
2026-10-06T10:21:58.3992006Z [INFO]       google-collections-1.0.jar
2026-10-06T10:21:58.3992407Z [INFO]       plexus-component-annotations-2.1.1.jar
2026-10-06T10:21:58.3992959Z [INFO]       commons-lang3-3.8.1.jar
2026-10-06T10:21:58.3993686Z [INFO]       commons-text-1.3.jar
2026-10-06T10:21:58.3994053Z [INFO]       httpclient-4.5.13.jar
2026-10-06T10:21:58.3994411Z [INFO]       commons-logging-1.2.jar
2026-10-06T10:21:58.3994773Z [INFO]       commons-codec-1.11.jar
2026-10-06T10:21:58.3995114Z [INFO]       httpcore-4.4.14.jar
2026-10-06T10:21:58.3995461Z [INFO]       doxia-module-xhtml-1.11.1.jar
2026-10-06T10:21:58.3995844Z [INFO]       doxia-module-xhtml5-1.11.1.jar
2026-10-06T10:21:58.3996237Z [INFO]       doxia-module-apt-1.11.1.jar
2026-10-06T10:21:58.3996627Z [INFO]       doxia-module-xdoc-1.11.1.jar
2026-10-06T10:21:58.3997012Z [INFO]       doxia-module-fml-1.11.1.jar
2026-10-06T10:21:58.3997404Z [INFO]       doxia-module-markdown-1.11.1.jar
2026-10-06T10:21:58.3997784Z [INFO]       flexmark-all-0.42.14.jar
2026-10-06T10:21:58.3998143Z [INFO]       flexmark-0.42.14.jar
2026-10-06T10:21:58.3998519Z [INFO]       flexmark-ext-abbreviation-0.42.14.jar
2026-10-06T10:21:58.3998941Z [INFO]       flexmark-ext-admonition-0.42.14.jar
2026-10-06T10:21:58.3999347Z [INFO]       flexmark-ext-anchorlink-0.42.14.jar
2026-10-06T10:21:58.3999756Z [INFO]       flexmark-ext-aside-0.42.14.jar
2026-10-06T10:21:58.4000159Z [INFO]       flexmark-ext-attributes-0.42.14.jar
2026-10-06T10:21:58.4000565Z [INFO]       flexmark-ext-autolink-0.42.14.jar
2026-10-06T10:21:58.4000946Z [INFO]       autolink-0.6.0.jar
2026-10-06T10:21:58.4001319Z [INFO]       flexmark-ext-definition-0.42.14.jar
2026-10-06T10:21:58.4001892Z [INFO]       flexmark-ext-emoji-0.42.14.jar
2026-10-06T10:21:58.4002322Z [INFO]       flexmark-ext-enumerated-reference-0.42.14.jar
2026-10-06T10:21:58.4002934Z [INFO]       flexmark-ext-escaped-character-0.42.14.jar
2026-10-06T10:21:58.4003358Z [INFO]       flexmark-ext-footnotes-0.42.14.jar
2026-10-06T10:21:58.4003767Z [INFO]       flexmark-ext-gfm-issues-0.42.14.jar
2026-10-06T10:21:58.4004200Z [INFO]       flexmark-ext-gfm-strikethrough-0.42.14.jar
2026-10-06T10:21:58.4004627Z [INFO]       flexmark-ext-gfm-tables-0.42.14.jar
2026-10-06T10:21:58.4005048Z [INFO]       flexmark-ext-gfm-tasklist-0.42.14.jar
2026-10-06T10:21:58.4005462Z [INFO]       flexmark-ext-gfm-users-0.42.14.jar
2026-10-06T10:21:58.4005873Z [INFO]       flexmark-ext-gitlab-0.42.14.jar
2026-10-06T10:21:58.4006300Z [INFO]       flexmark-ext-jekyll-front-matter-0.42.14.jar
2026-10-06T10:21:58.4006738Z [INFO]       flexmark-ext-jekyll-tag-0.42.14.jar
2026-10-06T10:21:58.4007140Z [INFO]       flexmark-ext-media-tags-0.42.14.jar
2026-10-06T10:21:58.4007535Z [INFO]       flexmark-ext-macros-0.42.14.jar
2026-10-06T10:21:58.4007913Z [INFO]       flexmark-ext-ins-0.42.14.jar
2026-10-06T10:21:58.4008295Z [INFO]       flexmark-ext-xwiki-macros-0.42.14.jar
2026-10-06T10:21:58.4008704Z [INFO]       flexmark-ext-superscript-0.42.14.jar
2026-10-06T10:21:58.4015955Z [INFO]       flexmark-ext-tables-0.42.14.jar
2026-10-06T10:21:58.4017890Z [INFO]       flexmark-ext-toc-0.42.14.jar
2026-10-06T10:21:58.4018370Z [INFO]       flexmark-ext-typographic-0.42.14.jar
2026-10-06T10:21:58.4018803Z [INFO]       flexmark-ext-wikilink-0.42.14.jar
2026-10-06T10:21:58.4019905Z [INFO]       flexmark-ext-yaml-front-matter-0.42.14.jar
2026-10-06T10:21:58.4020362Z [INFO]       flexmark-ext-youtube-embedded-0.42.14.jar
2026-10-06T10:21:58.4020765Z [INFO]       flexmark-formatter-0.42.14.jar
2026-10-06T10:21:58.4021154Z [INFO]       flexmark-html-parser-0.42.14.jar
2026-10-06T10:21:58.4021539Z [INFO]       jsoup-1.10.2.jar
2026-10-06T10:21:58.4024596Z [INFO]       flexmark-jira-converter-0.42.14.jar
2026-10-06T10:21:58.4025045Z [INFO]       flexmark-profile-pegdown-0.42.14.jar
2026-10-06T10:21:58.4025435Z [INFO]       flexmark-util-0.42.14.jar
2026-10-06T10:21:58.4025817Z [INFO]       flexmark-youtrack-converter-0.42.14.jar
2026-10-06T10:21:58.4026221Z [INFO]       doxia-module-confluence-1.11.1.jar
2026-10-06T10:21:58.4026625Z [INFO]       doxia-module-docbook-simple-1.11.1.jar
2026-10-06T10:21:58.4027016Z [INFO]       doxia-module-twiki-1.11.1.jar
2026-10-06T10:21:58.4027378Z [INFO]       doxia-decoration-model-1.11.1.jar
2026-10-06T10:21:58.4027900Z [INFO]       doxia-site-renderer-1.11.1.jar
2026-10-06T10:21:58.4028261Z [INFO]       doxia-skin-model-1.11.1.jar
2026-10-06T10:21:58.4028621Z [INFO]       plexus-velocity-1.2.jar
2026-10-06T10:21:58.4028966Z [INFO]       velocity-1.7.jar
2026-10-06T10:21:58.4029296Z [INFO]       commons-lang-2.4.jar
2026-10-06T10:21:58.4029644Z [INFO]       velocity-tools-2.0.jar
2026-10-06T10:21:58.4029990Z [INFO]       commons-beanutils-1.7.0.jar
2026-10-06T10:21:58.4030352Z [INFO]       commons-digester-1.8.jar
2026-10-06T10:21:58.4030705Z [INFO]       commons-chain-1.1.jar
2026-10-06T10:21:58.4031037Z [INFO]       dom4j-1.1.jar
2026-10-06T10:21:58.4031343Z [INFO]       oro-2.0.8.jar
2026-10-06T10:21:58.4031675Z [INFO]       commons-collections-3.2.2.jar
2026-10-06T10:21:58.4032052Z [INFO]       doxia-integration-tools-1.11.1.jar
2026-10-06T10:21:58.4032447Z [INFO]       jetty-server-9.4.46.v20220331.jar
2026-10-06T10:21:58.4032948Z [INFO]       javax.servlet-api-3.1.0.jar
2026-10-06T10:21:58.4033351Z [INFO]       jetty-http-9.4.46.v20220331.jar
2026-10-06T10:21:58.4033700Z [INFO]       jetty-io-9.4.46.v20220331.jar
2026-10-06T10:21:58.4034048Z [INFO]       jetty-servlet-9.4.46.v20220331.jar
2026-10-06T10:21:58.4034421Z [INFO]       jetty-security-9.4.46.v20220331.jar
2026-10-06T10:21:58.4034717Z [INFO]       jetty-util-ajax-9.4.46.v20220331.jar
2026-10-06T10:21:58.4034993Z [INFO]       jetty-webapp-9.4.46.v20220331.jar
2026-10-06T10:21:58.4035376Z [INFO]       jetty-xml-9.4.46.v20220331.jar
2026-10-06T10:21:58.4035635Z [INFO]       jetty-util-9.4.46.v20220331.jar
2026-10-06T10:21:58.4035920Z [INFO] Resolved plugin: maven-resources-plugin-3.3.1.jar
2026-10-06T10:21:58.4036205Z [INFO] Resolved plugin dependency:
2026-10-06T10:21:58.4036467Z [INFO]       maven-resources-plugin-3.3.1.jar
2026-10-06T10:21:58.4036735Z [INFO]       plexus-interpolation-1.26.jar
2026-10-06T10:21:58.4036995Z [INFO]       plexus-utils-3.5.1.jar
2026-10-06T10:21:58.4037291Z [INFO]       maven-filtering-3.3.1.jar
2026-10-06T10:21:58.4037546Z [INFO]       javax.inject-1.jar
2026-10-06T10:21:58.4037787Z [INFO]       slf4j-api-1.7.36.jar
2026-10-06T10:21:58.4038036Z [INFO]       plexus-build-api-0.0.7.jar
2026-10-06T10:21:58.4038285Z [INFO]       commons-io-2.11.0.jar
2026-10-06T10:21:58.4038530Z [INFO]       commons-lang3-3.12.0.jar
2026-10-06T10:21:58.4354729Z [INFO] Resolved plugin: maven-deploy-plugin-3.1.2.jar
2026-10-06T10:21:58.4355476Z [INFO] Resolved plugin dependency:
2026-10-06T10:21:58.4628874Z [INFO]       maven-deploy-plugin-3.1.2.jar
2026-10-06T10:21:58.4629629Z [INFO]       plexus-utils-4.0.1.jar
2026-10-06T10:21:58.4630009Z [INFO]       plexus-xml-3.0.0.jar
2026-10-06T10:21:58.4630373Z [INFO]       maven-resolver-util-1.9.18.jar
2026-10-06T10:21:58.4630761Z [INFO]       maven-resolver-api-1.9.18.jar
2026-10-06T10:21:58.8725750Z [INFO] Resolved dependency: surefire-junit-platform-3.5.4.jar
2026-10-06T10:21:58.8726197Z [INFO] Resolved dependency: common-java5-3.5.4.jar
2026-10-06T10:21:58.8726569Z [INFO] Resolved dependency: surefire-shared-utils-3.5.4.jar
2026-10-06T10:21:58.8726934Z [INFO] Resolved dependency: junit-platform-engine-1.12.1.jar
2026-10-06T10:21:58.8727271Z [INFO] Resolved dependency: opentest4j-1.3.0.jar
2026-10-06T10:21:58.8727610Z [INFO] Resolved dependency: junit-platform-commons-1.12.1.jar
2026-10-06T10:21:58.8732353Z [INFO] Resolved dependency: surefire-api-3.5.4.jar
2026-10-06T10:21:58.8733848Z [INFO] Resolved dependency: surefire-logger-api-3.5.4.jar
2026-10-06T10:21:58.8753695Z [INFO] Resolved dependency: protoc-gen-grpc-java-1.84.0-linux-x86_64.exe
2026-10-06T10:21:58.8754195Z [INFO] Resolved dependency: protoc-3.25.9-linux-x86_64.exe
2026-10-06T10:21:58.8754659Z [INFO] Resolved dependency: junit-platform-launcher-1.12.1.jar
2026-10-06T10:21:58.8755151Z [INFO] Resolved dependency: apiguardian-api-1.1.2.jar
2026-10-06T10:21:58.8755603Z [INFO] ------------------------------------------------------------------------
2026-10-06T10:21:58.8755977Z [INFO] BUILD SUCCESS
2026-10-06T10:21:58.8756508Z [INFO] ------------------------------------------------------------------------
2026-10-06T10:21:58.8756891Z [INFO] Total time:  3.032 s
2026-10-06T10:21:58.8757168Z [INFO] Finished at: 2026-10-06T10:21:58Z
2026-10-06T10:21:58.8757518Z [INFO] ------------------------------------------------------------------------
2026-10-06T10:21:58.9039269Z ##[group]Run bash services/workflow-engine/run-tests.sh clean -Dtest=RootServiceTokenInterceptorTest -Dworkflow.reports=ci-logs/service-token-reports test 2>&1 | tee services/workflow-engine/ci-logs/service-token-tests.txt
2026-10-06T10:21:58.9040117Z [36;1mbash services/workflow-engine/run-tests.sh clean -Dtest=RootServiceTokenInterceptorTest -Dworkflow.reports=ci-logs/service-token-reports test 2>&1 | tee services/workflow-engine/ci-logs/service-token-tests.txt[0m
2026-10-06T10:21:58.9095852Z shell: /usr/bin/bash --noprofile --norc -e -o pipefail {0}
2026-10-06T10:21:58.9096037Z ##[endgroup]
2026-10-06T10:21:58.9673359Z Unable to find image 'postgres@sha256:5a5a84b19854a9ffaa54082c166ff4ec27473a361e496e5ea167f298f2da9722' locally
2026-10-06T10:21:59.3476620Z docker.io/library/postgres@sha256:5a5a84b19854a9ffaa54082c166ff4ec27473a361e496e5ea167f298f2da9722: Pulling from library/postgres
2026-10-06T10:21:59.4998907Z 6b37362b3da7: Pulling fs layer
2026-10-06T10:21:59.4999270Z 646f8088ba62: Pulling fs layer
2026-10-06T10:21:59.4999501Z 61c7e2f79e69: Pulling fs layer
2026-10-06T10:21:59.4999728Z 4640014a8e88: Pulling fs layer
2026-10-06T10:21:59.5000069Z 21e9cf2c46c2: Pulling fs layer
2026-10-06T10:21:59.5000202Z 7ee6b8b2d259: Pulling fs layer
2026-10-06T10:21:59.5000345Z 580a6c126420: Pulling fs layer
2026-10-06T10:21:59.5000556Z 41837be3e54d: Pulling fs layer
2026-10-06T10:21:59.5000754Z bba753ffc208: Pulling fs layer
2026-10-06T10:21:59.5000964Z 0e422c951642: Pulling fs layer
2026-10-06T10:21:59.5001182Z dc5a76842a4c: Pulling fs layer
2026-10-06T10:21:59.5001391Z 5696a7190adf: Pulling fs layer
2026-10-06T10:21:59.5001522Z 3b0757c8de7f: Pulling fs layer
2026-10-06T10:21:59.5001711Z 41837be3e54d: Waiting
2026-10-06T10:21:59.5001907Z dc5a76842a4c: Waiting
2026-10-06T10:21:59.5002094Z 5696a7190adf: Waiting
2026-10-06T10:21:59.5002240Z 3b0757c8de7f: Waiting
2026-10-06T10:21:59.5002352Z 4640014a8e88: Waiting
2026-10-06T10:21:59.5002467Z 21e9cf2c46c2: Waiting
2026-10-06T10:21:59.5002584Z 580a6c126420: Waiting
2026-10-06T10:21:59.5002698Z bba753ffc208: Waiting
2026-10-06T10:21:59.5003082Z 7ee6b8b2d259: Waiting
2026-10-06T10:21:59.6230613Z 646f8088ba62: Verifying Checksum
2026-10-06T10:21:59.6231055Z 646f8088ba62: Download complete
2026-10-06T10:21:59.7673398Z 61c7e2f79e69: Verifying Checksum
2026-10-06T10:21:59.7673977Z 61c7e2f79e69: Download complete
2026-10-06T10:21:59.8309146Z 4640014a8e88: Verifying Checksum
2026-10-06T10:21:59.8309541Z 4640014a8e88: Download complete
2026-10-06T10:21:59.8467844Z 6b37362b3da7: Verifying Checksum
2026-10-06T10:21:59.8468176Z 6b37362b3da7: Download complete
2026-10-06T10:21:59.9958408Z 580a6c126420: Verifying Checksum
2026-10-06T10:21:59.9958773Z 580a6c126420: Download complete
2026-10-06T10:22:00.0131038Z 21e9cf2c46c2: Verifying Checksum
2026-10-06T10:22:00.0131318Z 21e9cf2c46c2: Download complete
2026-10-06T10:22:00.0540908Z 7ee6b8b2d259: Verifying Checksum
2026-10-06T10:22:00.0542181Z 7ee6b8b2d259: Download complete
2026-10-06T10:22:00.1162324Z 41837be3e54d: Download complete
2026-10-06T10:22:00.1767792Z 0e422c951642: Verifying Checksum
2026-10-06T10:22:00.1768547Z 0e422c951642: Download complete
2026-10-06T10:22:00.2437510Z dc5a76842a4c: Verifying Checksum
2026-10-06T10:22:00.2437812Z dc5a76842a4c: Download complete
2026-10-06T10:22:00.2895784Z 5696a7190adf: Verifying Checksum
2026-10-06T10:22:00.2896349Z 5696a7190adf: Download complete
2026-10-06T10:22:00.3727196Z 3b0757c8de7f: Verifying Checksum
2026-10-06T10:22:00.3729103Z 3b0757c8de7f: Download complete
2026-10-06T10:22:00.4805680Z 6b37362b3da7: Pull complete
2026-10-06T10:22:00.5587512Z bba753ffc208: Verifying Checksum
2026-10-06T10:22:00.5587714Z bba753ffc208: Download complete
2026-10-06T10:22:02.4263494Z 646f8088ba62: Pull complete
2026-10-06T10:22:02.6142007Z 61c7e2f79e69: Pull complete
2026-10-06T10:22:02.6574271Z 4640014a8e88: Pull complete
2026-10-06T10:22:02.9565464Z 21e9cf2c46c2: Pull complete
2026-10-06T10:22:03.0156318Z 7ee6b8b2d259: Pull complete
2026-10-06T10:22:03.0209899Z 580a6c126420: Pull complete
2026-10-06T10:22:03.0270155Z 41837be3e54d: Pull complete
2026-10-06T10:22:06.2296445Z bba753ffc208: Pull complete
2026-10-06T10:22:06.2412711Z 0e422c951642: Pull complete
2026-10-06T10:22:06.2474755Z dc5a76842a4c: Pull complete
2026-10-06T10:22:06.2544664Z 5696a7190adf: Pull complete
2026-10-06T10:22:06.2601644Z 3b0757c8de7f: Pull complete
2026-10-06T10:22:06.2632041Z Digest: sha256:5a5a84b19854a9ffaa54082c166ff4ec27473a361e496e5ea167f298f2da9722
2026-10-06T10:22:06.2637278Z Status: Downloaded newer image for postgres@sha256:5a5a84b19854a9ffaa54082c166ff4ec27473a361e496e5ea167f298f2da9722
2026-10-06T10:22:07.5405266Z postgres (PostgreSQL) 18.6 (Debian 18.6-1.pgdg13+2)
2026-10-06T10:22:07.5511757Z fixture published ports={}
2026-10-06T10:22:07.5591797Z fixture network internal=true
2026-10-06T10:22:08.3485112Z [INFO] Scanning for projects...
2026-10-06T10:22:08.4956941Z [INFO] 
2026-10-06T10:22:08.4957345Z [INFO] --------------------< org.weaveos:workflow-engine >---------------------
2026-10-06T10:22:08.4957823Z [INFO] Building WeaveOS controlled workflow engine core 0.3.0-SNAPSHOT
2026-10-06T10:22:08.4958154Z [INFO]   from pom.xml
2026-10-06T10:22:08.4958776Z [INFO] --------------------------------[ jar ]---------------------------------
2026-10-06T10:22:08.7968354Z [INFO] 
2026-10-06T10:22:08.7972375Z [INFO] --- clean:3.5.0:clean (default-clean) @ workflow-engine ---
2026-10-06T10:22:08.8285606Z [INFO] 
2026-10-06T10:22:08.8286392Z [INFO] --- resources:3.3.1:resources (default-resources) @ workflow-engine ---
2026-10-06T10:22:08.8922161Z [INFO] skip non existing resourceDirectory /proof/src/main/resources
2026-10-06T10:22:08.8922618Z [INFO] skip non existing resourceDirectory /proof/src/main/resources
2026-10-06T10:22:08.8925836Z [INFO] 
2026-10-06T10:22:08.8927241Z [INFO] --- compiler:3.14.1:compile (default-compile) @ workflow-engine ---
2026-10-06T10:22:08.9609280Z [INFO] Recompiling the module because of changed source code.
2026-10-06T10:22:08.9659694Z [INFO] Compiling 30 source files with javac [debug parameters release 17] to target/classes
2026-10-06T10:22:10.3007763Z [INFO] 
2026-10-06T10:22:10.3008383Z [INFO] --- resources:3.3.1:testResources (default-testResources) @ workflow-engine ---
2026-10-06T10:22:10.3058236Z [INFO] Copying 6 resources from src/test/resources to target/test-classes
2026-10-06T10:22:10.3095174Z [INFO] 
2026-10-06T10:22:10.3096005Z [INFO] --- compiler:3.14.1:testCompile (default-testCompile) @ workflow-engine ---
2026-10-06T10:22:10.3151044Z [INFO] Recompiling the module because of changed dependency.
2026-10-06T10:22:10.3157163Z [INFO] Compiling 13 source files with javac [debug parameters release 17] to target/test-classes
2026-10-06T10:22:10.9555751Z [INFO] 
2026-10-06T10:22:10.9556102Z [INFO] --- surefire:3.5.4:test (default-test) @ workflow-engine ---
2026-10-06T10:22:11.0301512Z [INFO] Using auto detected provider org.apache.maven.surefire.junitplatform.JUnitPlatformProvider
2026-10-06T10:22:11.0544471Z [INFO] 
2026-10-06T10:22:11.0545061Z [INFO] -------------------------------------------------------
2026-10-06T10:22:11.0545720Z [INFO]  T E S T S
2026-10-06T10:22:11.0546138Z [INFO] -------------------------------------------------------
2026-10-06T10:22:11.4976992Z [INFO] Running org.weaveos.workflow.RootServiceTokenInterceptorTest
2026-10-06T10:22:11.8855388Z [INFO] Tests run: 8, Failures: 0, Errors: 0, Skipped: 0, Time elapsed: 0.379 s -- in org.weaveos.workflow.RootServiceTokenInterceptorTest
2026-10-06T10:22:12.2097781Z [INFO] 
2026-10-06T10:22:12.2097975Z [INFO] Results:
2026-10-06T10:22:12.2098161Z [INFO] 
2026-10-06T10:22:12.2098316Z [INFO] Tests run: 8, Failures: 0, Errors: 0, Skipped: 0
2026-10-06T10:22:12.2098494Z [INFO] 
2026-10-06T10:22:12.2162517Z [INFO] ------------------------------------------------------------------------
2026-10-06T10:22:12.2163006Z [INFO] BUILD SUCCESS
2026-10-06T10:22:12.2163281Z [INFO] ------------------------------------------------------------------------
2026-10-06T10:22:12.2168815Z [INFO] Total time:  3.881 s
2026-10-06T10:22:12.2173834Z [INFO] Finished at: 2026-10-06T10:22:12Z
2026-10-06T10:22:12.2174201Z [INFO] ------------------------------------------------------------------------
2026-10-06T10:22:12.4430121Z ##[group]Run python3 - <<'PYCODE'
2026-10-06T10:22:12.4430334Z [36;1mpython3 - <<'PYCODE'[0m
2026-10-06T10:22:12.4430480Z [36;1mfrom rpc_ci_gate import _java[0m
2026-10-06T10:22:12.4430769Z [36;1m_java("ci-logs/service-token-reports", "org.weaveos.workflow.RootServiceTokenInterceptorTest", [[0m
2026-10-06T10:22:12.4431112Z [36;1m    "rejectsInvalidConfiguredTokensWithoutEchoingInput",[0m
2026-10-06T10:22:12.4431368Z [36;1m    "acceptsConfiguredBoundaryTokensAndRedactsIdentity",[0m
2026-10-06T10:22:12.4431604Z [36;1m    "validIdentityInvokesHandlerExactlyOnce",[0m
2026-10-06T10:22:12.4431810Z [36;1m    "missingIdentityIsRejectedBeforeHandler",[0m
2026-10-06T10:22:12.4432021Z [36;1m    "incorrectIdentityIsRejectedBeforeHandler",[0m
2026-10-06T10:22:12.4432262Z [36;1m    "duplicateIdentityIsRejectedEvenWhenOneOrBothAreValid",[0m
2026-10-06T10:22:12.4432496Z [36;1m    "ambiguousBearerFormattingIsRejected",[0m
2026-10-06T10:22:12.4432726Z [36;1m    "badIdentityDoesNotPoisonLaterValidRequest",[0m
2026-10-06T10:22:12.4433416Z [36;1m])[0m
2026-10-06T10:22:12.4433524Z [36;1mPYCODE[0m
2026-10-06T10:22:12.4486910Z shell: /usr/bin/bash --noprofile --norc -e -o pipefail {0}
2026-10-06T10:22:12.4487102Z ##[endgroup]
2026-10-06T10:22:12.4816795Z ##[group]Run bash services/workflow-engine/run-tests.sh clean -Dtest=RootExplicitSchemaTest -Dworkflow.reports=ci-logs/explicit-schema-reports test 2>&1 | tee services/workflow-engine/ci-logs/explicit-schema-tests.txt
2026-10-06T10:22:12.4817598Z [36;1mbash services/workflow-engine/run-tests.sh clean -Dtest=RootExplicitSchemaTest -Dworkflow.reports=ci-logs/explicit-schema-reports test 2>&1 | tee services/workflow-engine/ci-logs/explicit-schema-tests.txt[0m
2026-10-06T10:22:12.4864554Z shell: /usr/bin/bash --noprofile --norc -e -o pipefail {0}
2026-10-06T10:22:12.4864737Z ##[endgroup]
2026-10-06T10:22:13.7686506Z postgres (PostgreSQL) 18.6 (Debian 18.6-1.pgdg13+2)
2026-10-06T10:22:13.7794174Z fixture published ports={}
2026-10-06T10:22:13.7879311Z fixture network internal=true
2026-10-06T10:22:14.5956563Z [INFO] Scanning for projects...
2026-10-06T10:22:14.7325201Z [INFO] 
2026-10-06T10:22:14.7325963Z [INFO] --------------------< org.weaveos:workflow-engine >---------------------
2026-10-06T10:22:14.7326419Z [INFO] Building WeaveOS controlled workflow engine core 0.3.0-SNAPSHOT
2026-10-06T10:22:14.7326745Z [INFO]   from pom.xml
2026-10-06T10:22:14.7327022Z [INFO] --------------------------------[ jar ]---------------------------------
2026-10-06T10:22:15.0422081Z [INFO] 
2026-10-06T10:22:15.0422438Z [INFO] --- clean:3.5.0:clean (default-clean) @ workflow-engine ---
2026-10-06T10:22:15.0760674Z [INFO] Deleting /proof/target
2026-10-06T10:22:15.1068871Z [INFO] 
2026-10-06T10:22:15.1069381Z [INFO] --- resources:3.3.1:resources (default-resources) @ workflow-engine ---
2026-10-06T10:22:15.1592323Z [INFO] skip non existing resourceDirectory /proof/src/main/resources
2026-10-06T10:22:15.1593172Z [INFO] skip non existing resourceDirectory /proof/src/main/resources
2026-10-06T10:22:15.1593572Z [INFO] 
2026-10-06T10:22:15.1594055Z [INFO] --- compiler:3.14.1:compile (default-compile) @ workflow-engine ---
2026-10-06T10:22:15.2184034Z [INFO] Recompiling the module because of changed source code.
2026-10-06T10:22:15.2215796Z [INFO] Compiling 30 source files with javac [debug parameters release 17] to target/classes
2026-10-06T10:22:16.6202112Z [INFO] 
2026-10-06T10:22:16.6202526Z [INFO] --- resources:3.3.1:testResources (default-testResources) @ workflow-engine ---
2026-10-06T10:22:16.6262324Z [INFO] Copying 6 resources from src/test/resources to target/test-classes
2026-10-06T10:22:16.6285181Z [INFO] 
2026-10-06T10:22:16.6285531Z [INFO] --- compiler:3.14.1:testCompile (default-testCompile) @ workflow-engine ---
2026-10-06T10:22:16.6343051Z [INFO] Recompiling the module because of changed dependency.
2026-10-06T10:22:16.6347117Z [INFO] Compiling 13 source files with javac [debug parameters release 17] to target/test-classes
2026-10-06T10:22:17.2016673Z [INFO] 
2026-10-06T10:22:17.2017024Z [INFO] --- surefire:3.5.4:test (default-test) @ workflow-engine ---
2026-10-06T10:22:17.2702569Z [INFO] Using auto detected provider org.apache.maven.surefire.junitplatform.JUnitPlatformProvider
2026-10-06T10:22:17.2915589Z [INFO] 
2026-10-06T10:22:17.2916201Z [INFO] -------------------------------------------------------
2026-10-06T10:22:17.2916728Z [INFO]  T E S T S
2026-10-06T10:22:17.2916995Z [INFO] -------------------------------------------------------
2026-10-06T10:22:17.7110135Z [INFO] Running org.weaveos.workflow.RootExplicitSchemaTest
2026-10-06T10:22:18.9403606Z 10:22:18.848 [main] INFO org.flowable.common.engine.impl.async.DefaultAsyncTaskExecutor -- Creating thread pool queue of size 100
2026-10-06T10:22:18.9404422Z 10:22:18.849 [main] INFO org.flowable.common.engine.impl.async.DefaultAsyncTaskExecutor -- Creating thread factory with naming pattern flowable-async-task-invoker-thread-%d
2026-10-06T10:22:18.9405143Z 10:22:18.850 [main] INFO org.flowable.common.engine.impl.async.DefaultAsyncTaskExecutor -- Creating executor service with corePoolSize 8, maxPoolSize 8 and keepAliveTime 5000
2026-10-06T10:22:18.9417808Z 10:22:18.850 [main] INFO org.flowable.common.engine.impl.async.DefaultAsyncTaskExecutor -- Using rejectedExecutionHandler java.util.concurrent.ThreadPoolExecutor$CallerRunsPolicy@2ead6ba4
2026-10-06T10:22:18.9418458Z 10:22:18.850 [main] INFO org.flowable.common.engine.impl.async.DefaultAsyncTaskExecutor -- Creating thread pool queue of size 2048
2026-10-06T10:22:18.9419033Z 10:22:18.850 [main] INFO org.flowable.common.engine.impl.async.DefaultAsyncTaskExecutor -- Creating thread factory with naming pattern flowable-async-job-executor-thread-%d
2026-10-06T10:22:18.9419679Z 10:22:18.850 [main] INFO org.flowable.common.engine.impl.async.DefaultAsyncTaskExecutor -- Creating executor service with corePoolSize 8, maxPoolSize 8 and keepAliveTime 5000
2026-10-06T10:22:18.9420351Z 10:22:18.867 [main] INFO org.flowable.common.engine.impl.db.CommonDbSchemaManager -- performing create on common with resource org/flowable/common/db/create/flowable.postgres.create.common.sql
2026-10-06T10:22:18.9421034Z 10:22:18.914 [main] INFO org.flowable.engine.impl.db.ProcessDbSchemaManager -- performing create on engine with resource org/flowable/db/create/flowable.postgres.create.engine.sql
2026-10-06T10:22:19.0387693Z 10:22:18.950 [main] INFO org.flowable.engine.impl.db.ProcessDbSchemaManager -- performing create on history with resource org/flowable/db/create/flowable.postgres.create.history.sql
2026-10-06T10:22:19.0388668Z 10:22:18.960 [main] INFO org.flowable.engine.impl.ProcessEngineImpl -- ProcessEngine default created
2026-10-06T10:22:19.0389331Z 10:22:18.983 [main] INFO org.flowable.engine.impl.cmd.ValidateV5EntitiesCmd -- Total of v5 deployments found: 0
2026-10-06T10:22:19.4394147Z 10:22:19.342 [main] INFO org.flowable.common.engine.impl.async.DefaultAsyncTaskExecutor -- Creating thread pool queue of size 100
2026-10-06T10:22:19.4395166Z 10:22:19.342 [main] INFO org.flowable.common.engine.impl.async.DefaultAsyncTaskExecutor -- Creating thread factory with naming pattern flowable-async-task-invoker-thread-%d
2026-10-06T10:22:19.4402482Z 10:22:19.342 [main] INFO org.flowable.common.engine.impl.async.DefaultAsyncTaskExecutor -- Creating executor service with corePoolSize 8, maxPoolSize 8 and keepAliveTime 5000
2026-10-06T10:22:19.4404581Z 10:22:19.342 [main] INFO org.flowable.common.engine.impl.async.DefaultAsyncTaskExecutor -- Using rejectedExecutionHandler java.util.concurrent.ThreadPoolExecutor$CallerRunsPolicy@5a058be5
2026-10-06T10:22:19.4405613Z 10:22:19.342 [main] INFO org.flowable.common.engine.impl.async.DefaultAsyncTaskExecutor -- Creating thread pool queue of size 2048
2026-10-06T10:22:19.4406587Z 10:22:19.342 [main] INFO org.flowable.common.engine.impl.async.DefaultAsyncTaskExecutor -- Creating thread factory with naming pattern flowable-async-job-executor-thread-%d
2026-10-06T10:22:19.4407690Z 10:22:19.342 [main] INFO org.flowable.common.engine.impl.async.DefaultAsyncTaskExecutor -- Creating executor service with corePoolSize 8, maxPoolSize 8 and keepAliveTime 5000
2026-10-06T10:22:19.4408975Z 10:22:19.352 [main] INFO org.flowable.common.engine.impl.db.CommonDbSchemaManager -- performing create on common with resource org/flowable/common/db/create/flowable.postgres.create.common.sql
2026-10-06T10:22:19.4415555Z 10:22:19.399 [main] INFO org.flowable.engine.impl.db.ProcessDbSchemaManager -- performing create on engine with resource org/flowable/db/create/flowable.postgres.create.engine.sql
2026-10-06T10:22:19.4418034Z 10:22:19.433 [main] INFO org.flowable.engine.impl.db.ProcessDbSchemaManager -- performing create on history with resource org/flowable/db/create/flowable.postgres.create.history.sql
2026-10-06T10:22:19.5343407Z 10:22:19.443 [main] INFO org.flowable.engine.impl.ProcessEngineImpl -- ProcessEngine default created
2026-10-06T10:22:19.5344250Z 10:22:19.450 [main] INFO org.flowable.engine.impl.cmd.ValidateV5EntitiesCmd -- Total of v5 deployments found: 0
2026-10-06T10:22:19.5846095Z [ERROR] Tests run: 8, Failures: 7, Errors: 0, Skipped: 0, Time elapsed: 1.867 s <<< FAILURE! -- in org.weaveos.workflow.RootExplicitSchemaTest
2026-10-06T10:22:19.5847334Z [ERROR] org.weaveos.workflow.RootExplicitSchemaTest.engineStartsWithoutAutoCreatingOrUpgrading -- Time elapsed: 0.296 s <<< FAILURE!
2026-10-06T10:22:19.5848149Z org.opentest4j.AssertionFailedError: migration missing act_ge_property ==> expected: <true> but was: <false>
2026-10-06T10:22:19.5848799Z 	at org.junit.jupiter.api.AssertionFailureBuilder.build(AssertionFailureBuilder.java:158)
2026-10-06T10:22:19.5849255Z 	at org.junit.jupiter.api.AssertionFailureBuilder.buildAndThrow(AssertionFailureBuilder.java:139)
2026-10-06T10:22:19.5849580Z 	at org.junit.jupiter.api.AssertTrue.failNotTrue(AssertTrue.java:69)
2026-10-06T10:22:19.5849839Z 	at org.junit.jupiter.api.AssertTrue.assertTrue(AssertTrue.java:41)
2026-10-06T10:22:19.5850092Z 	at org.junit.jupiter.api.Assertions.assertTrue(Assertions.java:228)
2026-10-06T10:22:19.5850415Z 	at org.weaveos.workflow.RootExplicitSchemaTest.requireTable(RootExplicitSchemaTest.java:37)
2026-10-06T10:22:19.5850867Z 	at org.weaveos.workflow.RootExplicitSchemaTest.engineStartsWithoutAutoCreatingOrUpgrading(RootExplicitSchemaTest.java:75)
2026-10-06T10:22:19.5851158Z 
2026-10-06T10:22:19.5851385Z [ERROR] org.weaveos.workflow.RootExplicitSchemaTest.provisionalInstanceCannotCommit -- Time elapsed: 0.042 s <<< FAILURE!
2026-10-06T10:22:19.5851839Z org.opentest4j.AssertionFailedError: migration missing wf_execution_instances ==> expected: <true> but was: <false>
2026-10-06T10:22:19.5852219Z 	at org.junit.jupiter.api.AssertionFailureBuilder.build(AssertionFailureBuilder.java:158)
2026-10-06T10:22:19.5852583Z 	at org.junit.jupiter.api.AssertionFailureBuilder.buildAndThrow(AssertionFailureBuilder.java:139)
2026-10-06T10:22:19.5853175Z 	at org.junit.jupiter.api.AssertTrue.failNotTrue(AssertTrue.java:69)
2026-10-06T10:22:19.5853562Z 	at org.junit.jupiter.api.AssertTrue.assertTrue(AssertTrue.java:41)
2026-10-06T10:22:19.5853946Z 	at org.junit.jupiter.api.Assertions.assertTrue(Assertions.java:228)
2026-10-06T10:22:19.5854409Z 	at org.weaveos.workflow.RootExplicitSchemaTest.requireTable(RootExplicitSchemaTest.java:37)
2026-10-06T10:22:19.5855062Z 	at org.weaveos.workflow.RootExplicitSchemaTest.provisionalInstanceCannotCommit(RootExplicitSchemaTest.java:66)
2026-10-06T10:22:19.5855494Z 
2026-10-06T10:22:19.5855930Z [ERROR] org.weaveos.workflow.RootExplicitSchemaTest.nativeCatalogMatchesOfficialEngineCreatedSchema -- Time elapsed: 1.023 s <<< FAILURE!
2026-10-06T10:22:19.5857950Z org.opentest4j.AssertionFailedError: expected: <[act_evt_log, act_ge_bytearray, act_ge_property, act_hi_actinst, act_hi_attachment, act_hi_comment, act_hi_detail, act_hi_entitylink, act_hi_identitylink, act_hi_procinst, act_hi_taskinst, act_hi_tsk_log, act_hi_varinst, act_procdef_info, act_re_deployment, act_re_model, act_re_procdef, act_ru_actinst, act_ru_deadletter_job, act_ru_entitylink, act_ru_event_subscr, act_ru_execution, act_ru_external_job, act_ru_history_job, act_ru_identitylink, act_ru_job, act_ru_suspended_job, act_ru_task, act_ru_timer_job, act_ru_variable]> but was: <[]>
2026-10-06T10:22:19.5859824Z 	at org.junit.jupiter.api.AssertionFailureBuilder.build(AssertionFailureBuilder.java:158)
2026-10-06T10:22:19.5860401Z 	at org.junit.jupiter.api.AssertionFailureBuilder.buildAndThrow(AssertionFailureBuilder.java:139)
2026-10-06T10:22:19.5860925Z 	at org.junit.jupiter.api.AssertEquals.failNotEqual(AssertEquals.java:201)
2026-10-06T10:22:19.5861390Z 	at org.junit.jupiter.api.AssertEquals.assertEquals(AssertEquals.java:184)
2026-10-06T10:22:19.5861855Z 	at org.junit.jupiter.api.AssertEquals.assertEquals(AssertEquals.java:179)
2026-10-06T10:22:19.5862314Z 	at org.junit.jupiter.api.Assertions.assertEquals(Assertions.java:1188)
2026-10-06T10:22:19.5863217Z 	at org.weaveos.workflow.RootExplicitSchemaTest.nativeCatalogMatchesOfficialEngineCreatedSchema(RootExplicitSchemaTest.java:50)
2026-10-06T10:22:19.5863719Z 
2026-10-06T10:22:19.5864339Z [ERROR] org.weaveos.workflow.RootExplicitSchemaTest.downRefusesToDeleteExistingHistory -- Time elapsed: 0.017 s <<< FAILURE!
2026-10-06T10:22:19.5865201Z org.opentest4j.AssertionFailedError: migration missing act_hi_procinst ==> expected: <true> but was: <false>
2026-10-06T10:22:19.5865844Z 	at org.junit.jupiter.api.AssertionFailureBuilder.build(AssertionFailureBuilder.java:158)
2026-10-06T10:22:19.5866517Z 	at org.junit.jupiter.api.AssertionFailureBuilder.buildAndThrow(AssertionFailureBuilder.java:139)
2026-10-06T10:22:19.5867059Z 	at org.junit.jupiter.api.AssertTrue.failNotTrue(AssertTrue.java:69)
2026-10-06T10:22:19.5867484Z 	at org.junit.jupiter.api.AssertTrue.assertTrue(AssertTrue.java:41)
2026-10-06T10:22:19.5867906Z 	at org.junit.jupiter.api.Assertions.assertTrue(Assertions.java:228)
2026-10-06T10:22:19.5868441Z 	at org.weaveos.workflow.RootExplicitSchemaTest.requireTable(RootExplicitSchemaTest.java:37)
2026-10-06T10:22:19.5869170Z 	at org.weaveos.workflow.RootExplicitSchemaTest.downRefusesToDeleteExistingHistory(RootExplicitSchemaTest.java:73)
2026-10-06T10:22:19.5869631Z 
2026-10-06T10:22:19.5870078Z [ERROR] org.weaveos.workflow.RootExplicitSchemaTest.protocolLedgerCatalogMatchesReviewedContract -- Time elapsed: 0.408 s <<< FAILURE!
2026-10-06T10:22:19.5871007Z org.opentest4j.AssertionFailedError: expected: <[wf_deployments, wf_execution_commands, wf_execution_instances, wf_execution_tasks]> but was: <[]>
2026-10-06T10:22:19.5871729Z 	at org.junit.jupiter.api.AssertionFailureBuilder.build(AssertionFailureBuilder.java:158)
2026-10-06T10:22:19.5872338Z 	at org.junit.jupiter.api.AssertionFailureBuilder.buildAndThrow(AssertionFailureBuilder.java:139)
2026-10-06T10:22:19.5873054Z 	at org.junit.jupiter.api.AssertEquals.failNotEqual(AssertEquals.java:201)
2026-10-06T10:22:19.5873343Z 	at org.junit.jupiter.api.AssertEquals.assertEquals(AssertEquals.java:184)
2026-10-06T10:22:19.5873623Z 	at org.junit.jupiter.api.AssertEquals.assertEquals(AssertEquals.java:179)
2026-10-06T10:22:19.5873898Z 	at org.junit.jupiter.api.Assertions.assertEquals(Assertions.java:1188)
2026-10-06T10:22:19.5874316Z 	at org.weaveos.workflow.RootExplicitSchemaTest.protocolLedgerCatalogMatchesReviewedContract(RootExplicitSchemaTest.java:56)
2026-10-06T10:22:19.5874612Z 
2026-10-06T10:22:19.5874836Z [ERROR] org.weaveos.workflow.RootExplicitSchemaTest.nativeVersionMetadataIsPinned -- Time elapsed: 0.017 s <<< FAILURE!
2026-10-06T10:22:19.5875278Z org.opentest4j.AssertionFailedError: migration missing act_ge_property ==> expected: <true> but was: <false>
2026-10-06T10:22:19.5875654Z 	at org.junit.jupiter.api.AssertionFailureBuilder.build(AssertionFailureBuilder.java:158)
2026-10-06T10:22:19.5876023Z 	at org.junit.jupiter.api.AssertionFailureBuilder.buildAndThrow(AssertionFailureBuilder.java:139)
2026-10-06T10:22:19.5876347Z 	at org.junit.jupiter.api.AssertTrue.failNotTrue(AssertTrue.java:69)
2026-10-06T10:22:19.5876608Z 	at org.junit.jupiter.api.AssertTrue.assertTrue(AssertTrue.java:41)
2026-10-06T10:22:19.5876865Z 	at org.junit.jupiter.api.Assertions.assertTrue(Assertions.java:228)
2026-10-06T10:22:19.5877174Z 	at org.weaveos.workflow.RootExplicitSchemaTest.requireTable(RootExplicitSchemaTest.java:37)
2026-10-06T10:22:19.5877583Z 	at org.weaveos.workflow.RootExplicitSchemaTest.nativeVersionMetadataIsPinned(RootExplicitSchemaTest.java:53)
2026-10-06T10:22:19.5877833Z 
2026-10-06T10:22:19.5878049Z [ERROR] org.weaveos.workflow.RootExplicitSchemaTest.pendingCommandCannotCommit -- Time elapsed: 0.016 s <<< FAILURE!
2026-10-06T10:22:19.5878489Z org.opentest4j.AssertionFailedError: migration missing wf_execution_commands ==> expected: <true> but was: <false>
2026-10-06T10:22:19.5878865Z 	at org.junit.jupiter.api.AssertionFailureBuilder.build(AssertionFailureBuilder.java:158)
2026-10-06T10:22:19.5879228Z 	at org.junit.jupiter.api.AssertionFailureBuilder.buildAndThrow(AssertionFailureBuilder.java:139)
2026-10-06T10:22:19.5879552Z 	at org.junit.jupiter.api.AssertTrue.failNotTrue(AssertTrue.java:69)
2026-10-06T10:22:19.5879807Z 	at org.junit.jupiter.api.AssertTrue.assertTrue(AssertTrue.java:41)
2026-10-06T10:22:19.5880228Z 	at org.junit.jupiter.api.Assertions.assertTrue(Assertions.java:228)
2026-10-06T10:22:19.5880614Z 	at org.weaveos.workflow.RootExplicitSchemaTest.requireTable(RootExplicitSchemaTest.java:37)
2026-10-06T10:22:19.5881016Z 	at org.weaveos.workflow.RootExplicitSchemaTest.pendingCommandCannotCommit(RootExplicitSchemaTest.java:60)
2026-10-06T10:22:19.5881258Z 
2026-10-06T10:22:19.6042400Z [INFO] 
2026-10-06T10:22:19.6042526Z [INFO] Results:
2026-10-06T10:22:19.6042640Z [INFO] 
2026-10-06T10:22:19.6045893Z [ERROR] Failures: 
2026-10-06T10:22:19.6047041Z [ERROR]   RootExplicitSchemaTest.downRefusesToDeleteExistingHistory:73->requireTable:37 migration missing act_hi_procinst ==> expected: <true> but was: <false>
2026-10-06T10:22:19.6048150Z [ERROR]   RootExplicitSchemaTest.engineStartsWithoutAutoCreatingOrUpgrading:75->requireTable:37 migration missing act_ge_property ==> expected: <true> but was: <false>
2026-10-06T10:22:19.6050553Z [ERROR]   RootExplicitSchemaTest.nativeCatalogMatchesOfficialEngineCreatedSchema:50 expected: <[act_evt_log, act_ge_bytearray, act_ge_property, act_hi_actinst, act_hi_attachment, act_hi_comment, act_hi_detail, act_hi_entitylink, act_hi_identitylink, act_hi_procinst, act_hi_taskinst, act_hi_tsk_log, act_hi_varinst, act_procdef_info, act_re_deployment, act_re_model, act_re_procdef, act_ru_actinst, act_ru_deadletter_job, act_ru_entitylink, act_ru_event_subscr, act_ru_execution, act_ru_external_job, act_ru_history_job, act_ru_identitylink, act_ru_job, act_ru_suspended_job, act_ru_task, act_ru_timer_job, act_ru_variable]> but was: <[]>
2026-10-06T10:22:19.6053065Z [ERROR]   RootExplicitSchemaTest.nativeVersionMetadataIsPinned:53->requireTable:37 migration missing act_ge_property ==> expected: <true> but was: <false>
2026-10-06T10:22:19.6054297Z [ERROR]   RootExplicitSchemaTest.pendingCommandCannotCommit:60->requireTable:37 migration missing wf_execution_commands ==> expected: <true> but was: <false>
2026-10-06T10:22:19.6055405Z [ERROR]   RootExplicitSchemaTest.protocolLedgerCatalogMatchesReviewedContract:56 expected: <[wf_deployments, wf_execution_commands, wf_execution_instances, wf_execution_tasks]> but was: <[]>
2026-10-06T10:22:19.6056563Z [ERROR]   RootExplicitSchemaTest.provisionalInstanceCannotCommit:66->requireTable:37 migration missing wf_execution_instances ==> expected: <true> but was: <false>
2026-10-06T10:22:19.6057175Z [INFO] 
2026-10-06T10:22:19.6057381Z [ERROR] Tests run: 8, Failures: 7, Errors: 0, Skipped: 0
2026-10-06T10:22:19.6057631Z [INFO] 
2026-10-06T10:22:19.6077018Z [INFO] ------------------------------------------------------------------------
2026-10-06T10:22:19.6077350Z [INFO] BUILD FAILURE
2026-10-06T10:22:19.6077613Z [INFO] ------------------------------------------------------------------------
2026-10-06T10:22:19.6083731Z [INFO] Total time:  5.023 s
2026-10-06T10:22:19.6085521Z [INFO] Finished at: 2026-10-06T10:22:19Z
2026-10-06T10:22:19.6086154Z [INFO] ------------------------------------------------------------------------
2026-10-06T10:22:19.6098421Z [ERROR] Failed to execute goal org.apache.maven.plugins:maven-surefire-plugin:3.5.4:test (default-test) on project workflow-engine: There are test failures.
2026-10-06T10:22:19.6099081Z [ERROR] 
2026-10-06T10:22:19.6100032Z [ERROR] See /proof/ci-logs/explicit-schema-reports for the individual test results.
2026-10-06T10:22:19.6101237Z [ERROR] See dump files (if any exist) [date].dump, [date]-jvmRun[N].dump and [date].dumpstream.
2026-10-06T10:22:19.6101604Z [ERROR] -> [Help 1]
2026-10-06T10:22:19.6101774Z [ERROR] 
2026-10-06T10:22:19.6102059Z [ERROR] To see the full stack trace of the errors, re-run Maven with the -e switch.
2026-10-06T10:22:19.6102403Z [ERROR] Re-run Maven using the -X switch to enable full debug logging.
2026-10-06T10:22:19.6102593Z [ERROR] 
2026-10-06T10:22:19.6102965Z [ERROR] For more information about the errors and possible solutions, please read the following articles:
2026-10-06T10:22:19.6103536Z [ERROR] [Help 1] http://cwiki.apache.org/confluence/display/MAVEN/MojoFailureException
2026-10-06T10:22:19.8244189Z ##[error]Process completed with exit code 1.
2026-10-06T10:22:19.8333322Z ##[group]Run actions/upload-artifact@330a01c490aca151604b8cf639adc76d48f6c5d4
2026-10-06T10:22:19.8333557Z with:
2026-10-06T10:22:19.8333680Z   name: workflow-engine-37449168750
2026-10-06T10:22:19.8334137Z   path: services/workflow-engine/target/surefire-reports/
services/workflow-engine/target/envelope-ci-reports/
services/workflow-engine/target/execution-ci-reports/
services/workflow-engine/ci-logs/

2026-10-06T10:22:19.8334583Z   if-no-files-found: warn
2026-10-06T10:22:19.8334712Z   retention-days: 14
2026-10-06T10:22:19.8334834Z   compression-level: 6
2026-10-06T10:22:19.8334952Z   overwrite: false
2026-10-06T10:22:19.8335070Z   include-hidden-files: false
2026-10-06T10:22:19.8335201Z ##[endgroup]
2026-10-06T10:22:19.9358147Z (node:3745) [DEP0040] DeprecationWarning: The `punycode` module is deprecated. Please use a userland alternative instead.
2026-10-06T10:22:19.9358562Z (Use `node --trace-deprecation ...` to show where the warning was created)
2026-10-06T10:22:19.9415094Z Multiple search paths detected. Calculating the least common ancestor of all paths
2026-10-06T10:22:19.9416332Z The least common ancestor is /home/runner/work/WeaveOS/WeaveOS/services/workflow-engine. This will be the root directory of the artifact
2026-10-06T10:22:19.9416937Z With the provided path, there will be 8 files uploaded
2026-10-06T10:22:19.9417457Z Artifact name is valid!
2026-10-06T10:22:19.9417745Z Root directory input is valid!
2026-10-06T10:22:20.2024846Z Beginning upload of artifact content to blob storage
2026-10-06T10:22:20.2205608Z (node:3745) [DEP0169] DeprecationWarning: `url.parse()` behavior is not standardized and prone to errors that have security implications. Use the WHATWG URL API instead. CVEs are not issued for `url.parse()` vulnerabilities.
2026-10-06T10:22:20.4408376Z Uploaded bytes 17685
2026-10-06T10:22:20.4784442Z Finished uploading artifact content to blob storage!
2026-10-06T10:22:20.4784967Z SHA256 digest of uploaded artifact zip is 0453479884788ead0acb73e5336c91b32526ca37f840db870a01497856ee3c69
2026-10-06T10:22:20.4786335Z Finalizing artifact upload
2026-10-06T10:22:20.7006704Z Artifact workflow-engine-37449168750.zip successfully finalized. Artifact ID 11405355935
2026-10-06T10:22:20.7007381Z Artifact workflow-engine-37449168750 has been successfully uploaded! Final size is 17685 bytes. Artifact ID is 11405355935
2026-10-06T10:22:20.7011159Z Artifact download URL: https://github.com/Hubujiu/WeaveOS/actions/runs/37449168750/artifacts/11405355935
2026-10-06T10:22:20.7169908Z Post job cleanup.
2026-10-06T10:22:20.7693282Z [command]/usr/bin/git version
2026-10-06T10:22:20.7710470Z git version 2.55.0
2026-10-06T10:22:20.7733230Z Temporarily overriding HOME='/home/runner/work/_temp/ee6a0377-0542-4c02-ae89-f465de941571' before making global git config changes
2026-10-06T10:22:20.7733878Z Adding repository directory to the temporary git global config as a safe directory
2026-10-06T10:22:20.7736752Z [command]/usr/bin/git config --global --add safe.directory /home/runner/work/WeaveOS/WeaveOS
2026-10-06T10:22:20.7766491Z [command]/usr/bin/git config --local --name-only --get-regexp core\.sshCommand
2026-10-06T10:22:20.7790420Z [command]/usr/bin/git submodule foreach --recursive sh -c "git config --local --name-only --get-regexp 'core\.sshCommand' && git config --local --unset-all 'core.sshCommand' || :"
2026-10-06T10:22:20.7979984Z [command]/usr/bin/git config --local --name-only --get-regexp http\.https\:\/\/github\.com\/\.extraheader
2026-10-06T10:22:20.8007123Z [command]/usr/bin/git submodule foreach --recursive sh -c "git config --local --name-only --get-regexp 'http\.https\:\/\/github\.com\/\.extraheader' && git config --local --unset-all 'http.https://github.com/.extraheader' || :"
2026-10-06T10:22:20.8197400Z [command]/usr/bin/git config --local --name-only --get-regexp ^includeIf\.gitdir:
2026-10-06T10:22:20.8227778Z [command]/usr/bin/git submodule foreach --recursive git config --local --show-origin --name-only --get-regexp remote.origin.url
2026-10-06T10:22:20.8516376Z Cleaning up orphan processes
2026-10-06T10:22:20.8842524Z ##[warning]Node.js 20 is deprecated. The following actions target Node.js 20 but are being forced to run on Node.js 24: actions/checkout@11d5960a326750d5838078e36cf38b85af677262, actions/upload-artifact@330a01c490aca151604b8cf639adc76d48f6c5d4. For more information see: https://github.blog/changelog/2025-09-19-deprecation-of-node-20-on-github-actions-runners/
