FFFFFFF
======================================================================
FAIL: test_duplicate_case_rejected (__main__.RootFormalRuntimeGateTest.test_duplicate_case_rejected)
----------------------------------------------------------------------
Traceback (most recent call last):
  File "/workspace/scratch/75c2273f6a80/WeaveOS-worktrees/V030-041/services/workflow-engine/formal_runtime_gate_tests.py", line 53, in test_duplicate_case_rejected
    with self.assertRaises(gate.GateError): self.check()
         ^^^^^^^^^^^^^^^^^^^^^^^^^^^^^^^^^
AssertionError: GateError not raised

======================================================================
FAIL: test_each_missing_case_rejected (__main__.RootFormalRuntimeGateTest.test_each_missing_case_rejected)
----------------------------------------------------------------------
Traceback (most recent call last):
  File "/workspace/scratch/75c2273f6a80/WeaveOS-worktrees/V030-041/services/workflow-engine/formal_runtime_gate_tests.py", line 39, in test_each_missing_case_rejected
    with self.assertRaises(gate.GateError): self.check()
         ^^^^^^^^^^^^^^^^^^^^^^^^^^^^^^^^^
AssertionError: GateError not raised

======================================================================
FAIL: test_exact_scenarios_and_action_variants (__main__.RootFormalRuntimeGateTest.test_exact_scenarios_and_action_variants)
----------------------------------------------------------------------
Traceback (most recent call last):
  File "/workspace/scratch/75c2273f6a80/WeaveOS-worktrees/V030-041/services/workflow-engine/formal_runtime_gate_tests.py", line 34, in test_exact_scenarios_and_action_variants
    self.assertEqual(5, self.check())
AssertionError: 5 != None

======================================================================
FAIL: test_failure_and_skip_rejected (__main__.RootFormalRuntimeGateTest.test_failure_and_skip_rejected)
----------------------------------------------------------------------
Traceback (most recent call last):
  File "/workspace/scratch/75c2273f6a80/WeaveOS-worktrees/V030-041/services/workflow-engine/formal_runtime_gate_tests.py", line 47, in test_failure_and_skip_rejected
    with self.assertRaises(gate.GateError): self.check()
         ^^^^^^^^^^^^^^^^^^^^^^^^^^^^^^^^^
AssertionError: GateError not raised

======================================================================
FAIL: test_incomplete_package_rejected (__main__.RootFormalRuntimeGateTest.test_incomplete_package_rejected)
----------------------------------------------------------------------
Traceback (most recent call last):
  File "/workspace/scratch/75c2273f6a80/WeaveOS-worktrees/V030-041/services/workflow-engine/formal_runtime_gate_tests.py", line 60, in test_incomplete_package_rejected
    with self.assertRaises(gate.GateError): self.check()
         ^^^^^^^^^^^^^^^^^^^^^^^^^^^^^^^^^
AssertionError: GateError not raised

======================================================================
FAIL: test_unexpected_subcase_rejected (__main__.RootFormalRuntimeGateTest.test_unexpected_subcase_rejected)
----------------------------------------------------------------------
Traceback (most recent call last):
  File "/workspace/scratch/75c2273f6a80/WeaveOS-worktrees/V030-041/services/workflow-engine/formal_runtime_gate_tests.py", line 57, in test_unexpected_subcase_rejected
    with self.assertRaises(gate.GateError): self.check()
         ^^^^^^^^^^^^^^^^^^^^^^^^^^^^^^^^^
AssertionError: GateError not raised

======================================================================
FAIL: test_wrong_package_rejected (__main__.RootFormalRuntimeGateTest.test_wrong_package_rejected)
----------------------------------------------------------------------
Traceback (most recent call last):
  File "/workspace/scratch/75c2273f6a80/WeaveOS-worktrees/V030-041/services/workflow-engine/formal_runtime_gate_tests.py", line 50, in test_wrong_package_rejected
    with self.assertRaises(gate.GateError): self.check()
         ^^^^^^^^^^^^^^^^^^^^^^^^^^^^^^^^^
AssertionError: GateError not raised

----------------------------------------------------------------------
Ran 7 tests in 0.003s

FAILED (failures=7)
