2026-10-06T11:59:41.8458620Z Current runner version: '2.337.0'
2026-10-06T11:59:41.8476213Z ##[group]Runner Image Provisioner
2026-10-06T11:59:41.8477010Z Hosted Compute Agent
2026-10-06T11:59:41.8477494Z Version: 20260901.588
2026-10-06T11:59:41.8478021Z Commit: f88ec8081b781fac6c440065ac7ff9e710ce3d0b
2026-10-06T11:59:41.8478630Z Build Date: 2026-09-01T19:56:44Z
2026-10-06T11:59:41.8479195Z Worker ID: {4d526b28-3210-4784-9072-ed0356bee8e3}
2026-10-06T11:59:41.8479783Z Azure Region: centralus
2026-10-06T11:59:41.8480463Z ##[endgroup]
2026-10-06T11:59:41.8481513Z ##[group]Operating System
2026-10-06T11:59:41.8482103Z Ubuntu
2026-10-06T11:59:41.8482557Z 24.04.5
2026-10-06T11:59:41.8483019Z LTS
2026-10-06T11:59:41.8483442Z ##[endgroup]
2026-10-06T11:59:41.8483880Z ##[group]Runner Image
2026-10-06T11:59:41.8484376Z Image: ubuntu-24.04
2026-10-06T11:59:41.8484855Z Version: 20260927.320.1
2026-10-06T11:59:41.8485871Z Included Software: https://github.com/actions/runner-images/blob/ubuntu24/20260927.320/images/ubuntu/Ubuntu2404-Readme.md
2026-10-06T11:59:41.8487085Z Image Release: https://github.com/actions/runner-images/releases/tag/ubuntu24%2F20260927.320
2026-10-06T11:59:41.8487875Z ##[endgroup]
2026-10-06T11:59:41.8488766Z ##[group]GITHUB_TOKEN Permissions
2026-10-06T11:59:41.8490513Z Contents: read
2026-10-06T11:59:41.8491007Z Metadata: read
2026-10-06T11:59:41.8491478Z ##[endgroup]
2026-10-06T11:59:41.8493068Z Secret source: Actions
2026-10-06T11:59:41.8493852Z Cache mode: write
2026-10-06T11:59:41.8494399Z Prepare workflow directory
2026-10-06T11:59:41.8854049Z Prepare all required actions
2026-10-06T11:59:41.8895737Z Getting action download info
2026-10-06T11:59:42.1440470Z Download action repository 'actions/checkout@11d5960a326750d5838078e36cf38b85af677262' (SHA:11d5960a326750d5838078e36cf38b85af677262)
2026-10-06T11:59:42.5461559Z Download action repository 'actions/setup-go@924ae3a1cded613372ab5595356fb5720e22ba16' (SHA:924ae3a1cded613372ab5595356fb5720e22ba16)
2026-10-06T11:59:43.1576695Z Download action repository 'actions/upload-artifact@330a01c490aca151604b8cf639adc76d48f6c5d4' (SHA:330a01c490aca151604b8cf639adc76d48f6c5d4)
2026-10-06T11:59:43.4065727Z Complete job name: execution-rpc
2026-10-06T11:59:43.4705300Z ##[group]Run actions/checkout@11d5960a326750d5838078e36cf38b85af677262
2026-10-06T11:59:43.4706117Z with:
2026-10-06T11:59:43.4706535Z   persist-credentials: false
2026-10-06T11:59:43.4707104Z   repository: Hubujiu/WeaveOS
2026-10-06T11:59:43.4710452Z   token: ***
2026-10-06T11:59:43.4711077Z   ssh-strict: true
2026-10-06T11:59:43.4711498Z   ssh-user: git
2026-10-06T11:59:43.4711887Z   clean: true
2026-10-06T11:59:43.4712344Z   sparse-checkout-cone-mode: true
2026-10-06T11:59:43.4712886Z   fetch-depth: 1
2026-10-06T11:59:43.4713311Z   fetch-tags: false
2026-10-06T11:59:43.4713730Z   show-progress: true
2026-10-06T11:59:43.4714127Z   lfs: false
2026-10-06T11:59:43.4714854Z   submodules: false
2026-10-06T11:59:43.4715287Z   set-safe-directory: true
2026-10-06T11:59:43.4715781Z   allow-unsafe-pr-checkout: false
2026-10-06T11:59:43.4716573Z ##[endgroup]
2026-10-06T11:59:43.5598502Z Syncing repository: Hubujiu/WeaveOS
2026-10-06T11:59:43.5601009Z ##[group]Getting Git version info
2026-10-06T11:59:43.5602155Z Working directory is '/home/runner/work/WeaveOS/WeaveOS'
2026-10-06T11:59:43.5603493Z [command]/usr/bin/git version
2026-10-06T11:59:43.5628706Z git version 2.55.0
2026-10-06T11:59:43.5645591Z ##[endgroup]
2026-10-06T11:59:43.5656663Z Temporarily overriding HOME='/home/runner/work/_temp/003b04b1-d8d5-499c-8185-49c5130befb9' before making global git config changes
2026-10-06T11:59:43.5658371Z Adding repository directory to the temporary git global config as a safe directory
2026-10-06T11:59:43.5660772Z [command]/usr/bin/git config --global --add safe.directory /home/runner/work/WeaveOS/WeaveOS
2026-10-06T11:59:43.5699870Z Deleting the contents of '/home/runner/work/WeaveOS/WeaveOS'
2026-10-06T11:59:43.5703901Z ##[group]Initializing the repository
2026-10-06T11:59:43.5707840Z [command]/usr/bin/git init /home/runner/work/WeaveOS/WeaveOS
2026-10-06T11:59:43.5778738Z hint: Using 'master' as the name for the initial branch. This default branch name
2026-10-06T11:59:43.5780072Z hint: will change to "main" in Git 3.0. To configure the initial branch name
2026-10-06T11:59:43.5781397Z hint: to use in all of your new repositories, which will suppress this warning,
2026-10-06T11:59:43.5782593Z hint: call:
2026-10-06T11:59:43.5783148Z hint:
2026-10-06T11:59:43.5783856Z hint: 	git config --global init.defaultBranch <name>
2026-10-06T11:59:43.5784653Z hint:
2026-10-06T11:59:43.5785403Z hint: Names commonly chosen instead of 'master' are 'main', 'trunk' and
2026-10-06T11:59:43.5786581Z hint: 'development'. The just-created branch can be renamed via this command:
2026-10-06T11:59:43.5787507Z hint:
2026-10-06T11:59:43.5788073Z hint: 	git branch -m <name>
2026-10-06T11:59:43.5788732Z hint:
2026-10-06T11:59:43.5789575Z hint: Disable this message with "git config set advice.defaultBranchName false"
2026-10-06T11:59:43.5794074Z Initialized empty Git repository in /home/runner/work/WeaveOS/WeaveOS/.git/
2026-10-06T11:59:43.5801125Z [command]/usr/bin/git remote add origin https://github.com/Hubujiu/WeaveOS
2026-10-06T11:59:43.5836783Z ##[endgroup]
2026-10-06T11:59:43.5837934Z ##[group]Disabling automatic garbage collection
2026-10-06T11:59:43.5839254Z [command]/usr/bin/git config --local gc.auto 0
2026-10-06T11:59:43.5863597Z ##[endgroup]
2026-10-06T11:59:43.5864888Z ##[group]Setting up auth
2026-10-06T11:59:43.5869701Z [command]/usr/bin/git config --local --name-only --get-regexp core\.sshCommand
2026-10-06T11:59:43.5893552Z [command]/usr/bin/git submodule foreach --recursive sh -c "git config --local --name-only --get-regexp 'core\.sshCommand' && git config --local --unset-all 'core.sshCommand' || :"
2026-10-06T11:59:43.6178237Z [command]/usr/bin/git config --local --name-only --get-regexp http\.https\:\/\/github\.com\/\.extraheader
2026-10-06T11:59:43.6206708Z [command]/usr/bin/git submodule foreach --recursive sh -c "git config --local --name-only --get-regexp 'http\.https\:\/\/github\.com\/\.extraheader' && git config --local --unset-all 'http.https://github.com/.extraheader' || :"
2026-10-06T11:59:43.6383426Z [command]/usr/bin/git config --local --name-only --get-regexp ^includeIf\.gitdir:
2026-10-06T11:59:43.6411126Z [command]/usr/bin/git submodule foreach --recursive git config --local --show-origin --name-only --get-regexp remote.origin.url
2026-10-06T11:59:43.6568725Z [command]/usr/bin/git config --local http.https://github.com/.extraheader AUTHORIZATION: basic ***
2026-10-06T11:59:43.6597042Z ##[endgroup]
2026-10-06T11:59:43.6597905Z ##[group]Fetching the repository
2026-10-06T11:59:43.6605402Z [command]/usr/bin/git -c protocol.version=2 fetch --no-tags --prune --no-recurse-submodules --depth=1 origin +f988b7b952f0998d0f06e80eb2fba33c4a283a2d:refs/remotes/pull/52/merge
2026-10-06T11:59:47.4476603Z From https://github.com/Hubujiu/WeaveOS
2026-10-06T11:59:47.4479043Z  * [new ref]         f988b7b952f0998d0f06e80eb2fba33c4a283a2d -> pull/52/merge
2026-10-06T11:59:47.4486501Z ##[endgroup]
2026-10-06T11:59:47.4488682Z ##[group]Determining the checkout info
2026-10-06T11:59:47.4490991Z ##[endgroup]
2026-10-06T11:59:47.4492953Z [command]/usr/bin/git sparse-checkout disable
2026-10-06T11:59:47.4532229Z [command]/usr/bin/git config --local --unset-all extensions.worktreeConfig
2026-10-06T11:59:47.4560155Z ##[group]Checking out the ref
2026-10-06T11:59:47.4562568Z [command]/usr/bin/git checkout --progress --force refs/remotes/pull/52/merge
2026-10-06T11:59:48.1686510Z Note: switching to 'refs/remotes/pull/52/merge'.
2026-10-06T11:59:48.1691184Z 
2026-10-06T11:59:48.1691642Z You are in 'detached HEAD' state. You can look around, make experimental
2026-10-06T11:59:48.1692555Z changes and commit them, and you can discard any commits you make in this
2026-10-06T11:59:48.1693203Z state without impacting any branches by switching back to a branch.
2026-10-06T11:59:48.1693531Z 
2026-10-06T11:59:48.1693810Z If you want to create a new branch to retain commits you create, you may
2026-10-06T11:59:48.1694647Z do so (now or later) by using -c with the switch command. Example:
2026-10-06T11:59:48.1694924Z 
2026-10-06T11:59:48.1695094Z   git switch -c <new-branch-name>
2026-10-06T11:59:48.1695329Z 
2026-10-06T11:59:48.1695563Z Or undo this operation with:
2026-10-06T11:59:48.1695750Z 
2026-10-06T11:59:48.1695904Z   git switch -
2026-10-06T11:59:48.1696077Z 
2026-10-06T11:59:48.1696398Z Turn off this advice by setting config variable advice.detachedHead to false
2026-10-06T11:59:48.1696663Z 
2026-10-06T11:59:48.1697052Z HEAD is now at f988b7b Merge 6319d21e66586076a43e51913416825072eb3307 into 8fc8f2955d8c956de2c39f505f56c822f75a3405
2026-10-06T11:59:48.1712183Z ##[endgroup]
2026-10-06T11:59:48.1747588Z [command]/usr/bin/git log -1 --format=%H
2026-10-06T11:59:48.1767377Z f988b7b952f0998d0f06e80eb2fba33c4a283a2d
2026-10-06T11:59:48.1773958Z ##[group]Removing auth
2026-10-06T11:59:48.1776563Z [command]/usr/bin/git config --local --name-only --get-regexp core\.sshCommand
2026-10-06T11:59:48.1799272Z [command]/usr/bin/git submodule foreach --recursive sh -c "git config --local --name-only --get-regexp 'core\.sshCommand' && git config --local --unset-all 'core.sshCommand' || :"
2026-10-06T11:59:48.1962400Z [command]/usr/bin/git config --local --name-only --get-regexp http\.https\:\/\/github\.com\/\.extraheader
2026-10-06T11:59:48.1981744Z http.https://github.com/.extraheader
2026-10-06T11:59:48.1985383Z [command]/usr/bin/git config --local --unset-all http.https://github.com/.extraheader
2026-10-06T11:59:48.2010102Z [command]/usr/bin/git submodule foreach --recursive sh -c "git config --local --name-only --get-regexp 'http\.https\:\/\/github\.com\/\.extraheader' && git config --local --unset-all 'http.https://github.com/.extraheader' || :"
2026-10-06T11:59:48.2166171Z [command]/usr/bin/git config --local --name-only --get-regexp ^includeIf\.gitdir:
2026-10-06T11:59:48.2187507Z [command]/usr/bin/git submodule foreach --recursive git config --local --show-origin --name-only --get-regexp remote.origin.url
2026-10-06T11:59:48.2343155Z ##[endgroup]
2026-10-06T11:59:48.2555870Z ##[group]Run actions/setup-go@924ae3a1cded613372ab5595356fb5720e22ba16
2026-10-06T11:59:48.2556325Z with:
2026-10-06T11:59:48.2556648Z   go-version-file: .go-version
2026-10-06T11:59:48.2557003Z   cache: false
2026-10-06T11:59:48.2557309Z   check-latest: false
2026-10-06T11:59:48.2559399Z   token: ***
2026-10-06T11:59:48.2559693Z ##[endgroup]
2026-10-06T11:59:48.3554831Z Setup go version spec 1.27.1
2026-10-06T11:59:48.3564735Z Attempting to download 1.27.1...
2026-10-06T11:59:49.0989264Z matching 1.27.1...
2026-10-06T11:59:49.1012778Z Acquiring 1.27.1 from https://github.com/actions/go-versions/releases/download/1.27.1-33583469715/go-1.27.1-linux-x64.tar.gz
2026-10-06T11:59:49.5476176Z Extracting Go...
2026-10-06T11:59:49.5556109Z [command]/usr/bin/tar xz --warning=no-unknown-keyword --overwrite -C /home/runner/work/_temp/b46ca982-371e-4dc5-8d58-ed638eeeddcc -f /home/runner/work/_temp/d5b2c64f-fe8d-4c74-bd7d-9a2a46b4cedc
2026-10-06T11:59:51.0117720Z Successfully extracted go to /home/runner/work/_temp/b46ca982-371e-4dc5-8d58-ed638eeeddcc
2026-10-06T11:59:51.0118524Z Adding to the cache ...
2026-10-06T11:59:56.7841596Z Successfully cached go to /opt/hostedtoolcache/go/1.27.1/x64
2026-10-06T11:59:56.7842389Z Added go to the path
2026-10-06T11:59:56.7849757Z Successfully set up Go version 1.27.1
2026-10-06T11:59:56.8017257Z go version go1.27.1 linux/amd64
2026-10-06T11:59:56.8017574Z 
2026-10-06T11:59:56.8017990Z ##[group]go env
2026-10-06T11:59:57.5081205Z AR='ar'
2026-10-06T11:59:57.5081685Z CC='gcc'
2026-10-06T11:59:57.5082051Z CGO_CFLAGS='-O2 -g'
2026-10-06T11:59:57.5082342Z CGO_CPPFLAGS=''
2026-10-06T11:59:57.5082590Z CGO_CXXFLAGS='-O2 -g'
2026-10-06T11:59:57.5082911Z CGO_ENABLED='1'
2026-10-06T11:59:57.5083168Z CGO_FFLAGS='-O2 -g'
2026-10-06T11:59:57.5083423Z CGO_LDFLAGS='-O2 -g'
2026-10-06T11:59:57.5083674Z CXX='g++'
2026-10-06T11:59:57.5083922Z GCCGO='gccgo'
2026-10-06T11:59:57.5084183Z GO111MODULE=''
2026-10-06T11:59:57.5084441Z GOAMD64='v1'
2026-10-06T11:59:57.5085037Z GOARCH='amd64'
2026-10-06T11:59:57.5085316Z GOAUTH='netrc'
2026-10-06T11:59:57.5085759Z GOBIN='/home/runner/go/bin'
2026-10-06T11:59:57.5086147Z GOCACHE='/home/runner/.cache/go-build'
2026-10-06T11:59:57.5086473Z GOCACHEPROG=''
2026-10-06T11:59:57.5086739Z GODEBUG=''
2026-10-06T11:59:57.5087030Z GOENV='/home/runner/.config/go/env'
2026-10-06T11:59:57.5087336Z GOEXE=''
2026-10-06T11:59:57.5087604Z GOEXPERIMENT=''
2026-10-06T11:59:57.5087943Z GOFIPS140='off'
2026-10-06T11:59:57.5088166Z GOFLAGS=''
2026-10-06T11:59:57.5088824Z GOGCCFLAGS='-fPIC -m64 -pthread -Wl,--no-gc-sections -fmessage-length=0 -ffile-prefix-map=/tmp/go-build3929537417=/tmp/go-build -gno-record-gcc-switches'
2026-10-06T11:59:57.5089411Z GOHOSTARCH='amd64'
2026-10-06T11:59:57.5089697Z GOHOSTOS='linux'
2026-10-06T11:59:57.5089953Z GOINSECURE=''
2026-10-06T11:59:57.5090345Z GOMOD='/dev/null'
2026-10-06T11:59:57.5090760Z GOMODCACHE='/home/runner/go/pkg/mod'
2026-10-06T11:59:57.5091053Z GONOPROXY=''
2026-10-06T11:59:57.5091374Z GONOSUMDB=''
2026-10-06T11:59:57.5091628Z GOOS='linux'
2026-10-06T11:59:57.5091874Z GOPACKAGESDRIVER=''
2026-10-06T11:59:57.5092154Z GOPATH='/home/runner/go'
2026-10-06T11:59:57.5092454Z GOPRIVATE=''
2026-10-06T11:59:57.5092769Z GOPROXY='https://proxy.golang.org,direct'
2026-10-06T11:59:57.5093130Z GOROOT='/opt/hostedtoolcache/go/1.27.1/x64'
2026-10-06T11:59:57.5093451Z GOSUMDB='sum.golang.org'
2026-10-06T11:59:57.5093724Z GOTELEMETRY='local'
2026-10-06T11:59:57.5094086Z GOTELEMETRYDIR='/home/runner/.config/go/telemetry'
2026-10-06T11:59:57.5094420Z GOTMPDIR=''
2026-10-06T11:59:57.5094685Z GOTOOLCHAIN='local'
2026-10-06T11:59:57.5095020Z GOTOOLDIR='/opt/hostedtoolcache/go/1.27.1/x64/pkg/tool/linux_amd64'
2026-10-06T11:59:57.5095382Z GOVCS=''
2026-10-06T11:59:57.5095635Z GOVERSION='go1.27.1'
2026-10-06T11:59:57.5095906Z GOWORK=''
2026-10-06T11:59:57.5096163Z PKG_CONFIG='pkg-config'
2026-10-06T11:59:57.5096335Z 
2026-10-06T11:59:57.5096865Z ##[endgroup]
2026-10-06T11:59:57.5225159Z ##[group]Run mkdir -p services/workflow-engine/execution-rpc-ci-logs
2026-10-06T11:59:57.5225747Z [36;1mmkdir -p services/workflow-engine/execution-rpc-ci-logs[0m
2026-10-06T11:59:57.5226373Z [36;1mpython3 services/workflow-engine/execution_rpc_ci_gate_tests.py 2>&1 | tee services/workflow-engine/execution-rpc-ci-logs/gate-tests.txt[0m
2026-10-06T11:59:57.5387686Z shell: /usr/bin/bash --noprofile --norc -e -o pipefail {0}
2026-10-06T11:59:57.5388156Z env:
2026-10-06T11:59:57.5388395Z   GOTOOLCHAIN: local
2026-10-06T11:59:57.5388708Z ##[endgroup]
2026-10-06T11:59:57.6111728Z ................
2026-10-06T11:59:57.6112198Z ----------------------------------------------------------------------
2026-10-06T11:59:57.6112587Z Ran 16 tests in 0.020s
2026-10-06T11:59:57.6112735Z 
2026-10-06T11:59:57.6112870Z OK
2026-10-06T11:59:57.6330704Z ##[group]Run bash services/workflow-engine/prepare-build.sh 2>&1 | tee services/workflow-engine/execution-rpc-ci-logs/prepare.txt
2026-10-06T11:59:57.6331457Z [36;1mbash services/workflow-engine/prepare-build.sh 2>&1 | tee services/workflow-engine/execution-rpc-ci-logs/prepare.txt[0m
2026-10-06T11:59:57.6361768Z shell: /usr/bin/bash --noprofile --norc -e -o pipefail {0}
2026-10-06T11:59:57.6362107Z env:
2026-10-06T11:59:57.6362410Z   GOTOOLCHAIN: local
2026-10-06T11:59:57.6362720Z ##[endgroup]
2026-10-06T11:59:57.7120398Z Unable to find image 'mirror.gcr.io/library/maven@sha256:fa7aa19829157d299ff05f631b51697a388dcd2f6955e84249ecc652015f217b' locally
2026-10-06T11:59:58.1406283Z mirror.gcr.io/library/maven@sha256:fa7aa19829157d299ff05f631b51697a388dcd2f6955e84249ecc652015f217b: Pulling from library/maven
2026-10-06T11:59:58.1421281Z 20043066d3d5: Pulling fs layer
2026-10-06T11:59:58.1421766Z 077c4ca28173: Pulling fs layer
2026-10-06T11:59:58.1422452Z b88b6ae1b108: Pulling fs layer
2026-10-06T11:59:58.1422907Z 67cf99ea3a75: Pulling fs layer
2026-10-06T11:59:58.1423342Z 02d80376fd82: Pulling fs layer
2026-10-06T11:59:58.1423831Z a48539624cab: Pulling fs layer
2026-10-06T11:59:58.1424215Z 066840a279be: Pulling fs layer
2026-10-06T11:59:58.1424917Z 00ce8eef72b0: Pulling fs layer
2026-10-06T11:59:58.1425355Z a00511e1babb: Pulling fs layer
2026-10-06T11:59:58.1425772Z 8f9d993fddb9: Pulling fs layer
2026-10-06T11:59:58.1426181Z 67cf99ea3a75: Waiting
2026-10-06T11:59:58.1426543Z 02d80376fd82: Waiting
2026-10-06T11:59:58.1426921Z a48539624cab: Waiting
2026-10-06T11:59:58.1427298Z 066840a279be: Waiting
2026-10-06T11:59:58.1427698Z 00ce8eef72b0: Waiting
2026-10-06T11:59:58.1428099Z a00511e1babb: Waiting
2026-10-06T11:59:58.1428449Z 8f9d993fddb9: Waiting
2026-10-06T11:59:58.7273093Z 077c4ca28173: Verifying Checksum
2026-10-06T11:59:58.7273466Z 077c4ca28173: Download complete
2026-10-06T11:59:58.7450149Z 20043066d3d5: Verifying Checksum
2026-10-06T11:59:58.7450811Z 20043066d3d5: Download complete
2026-10-06T11:59:58.8834478Z 67cf99ea3a75: Download complete
2026-10-06T11:59:58.8968139Z 02d80376fd82: Download complete
2026-10-06T11:59:59.7333006Z a48539624cab: Verifying Checksum
2026-10-06T11:59:59.7334553Z a48539624cab: Download complete
2026-10-06T11:59:59.8146642Z 066840a279be: Verifying Checksum
2026-10-06T11:59:59.8147458Z 066840a279be: Download complete
2026-10-06T11:59:59.8602870Z b88b6ae1b108: Verifying Checksum
2026-10-06T11:59:59.8603296Z b88b6ae1b108: Download complete
2026-10-06T11:59:59.9254452Z 00ce8eef72b0: Verifying Checksum
2026-10-06T11:59:59.9254842Z 00ce8eef72b0: Download complete
2026-10-06T11:59:59.9647334Z 20043066d3d5: Pull complete
2026-10-06T12:00:00.0016668Z a00511e1babb: Verifying Checksum
2026-10-06T12:00:00.0017039Z a00511e1babb: Download complete
2026-10-06T12:00:00.1036035Z 8f9d993fddb9: Verifying Checksum
2026-10-06T12:00:00.1036486Z 8f9d993fddb9: Download complete
2026-10-06T12:00:08.9364282Z 077c4ca28173: Pull complete
2026-10-06T12:00:11.4395612Z b88b6ae1b108: Pull complete
2026-10-06T12:00:11.4496207Z 67cf99ea3a75: Pull complete
2026-10-06T12:00:11.4594588Z 02d80376fd82: Pull complete
2026-10-06T12:00:12.4279130Z a48539624cab: Pull complete
2026-10-06T12:00:12.5635366Z 066840a279be: Pull complete
2026-10-06T12:00:12.5740711Z 00ce8eef72b0: Pull complete
2026-10-06T12:00:12.5815894Z a00511e1babb: Pull complete
2026-10-06T12:00:12.5903061Z 8f9d993fddb9: Pull complete
2026-10-06T12:00:12.5942532Z Digest: sha256:fa7aa19829157d299ff05f631b51697a388dcd2f6955e84249ecc652015f217b
2026-10-06T12:00:12.5948176Z Status: Downloaded newer image for mirror.gcr.io/library/maven@sha256:fa7aa19829157d299ff05f631b51697a388dcd2f6955e84249ecc652015f217b
2026-10-06T12:00:15.5402288Z [INFO] Scanning for projects...
2026-10-06T12:00:20.2057306Z [INFO] 
2026-10-06T12:00:20.2061590Z [INFO] --------------------< org.weaveos:workflow-engine >---------------------
2026-10-06T12:00:20.2062470Z [INFO] Building WeaveOS controlled workflow engine core 0.3.0-SNAPSHOT
2026-10-06T12:00:20.2063546Z [INFO]   from pom.xml
2026-10-06T12:00:20.2064128Z [INFO] --------------------------------[ jar ]---------------------------------
2026-10-06T12:00:20.2093367Z [INFO] 
2026-10-06T12:00:20.2096782Z [INFO] --- dependency:3.9.0:go-offline (default-cli) @ workflow-engine ---
2026-10-06T12:00:26.5531545Z [INFO] Resolved plugin: maven-compiler-plugin-3.14.1.jar
2026-10-06T12:00:26.5541354Z [INFO] Resolved plugin dependency:
2026-10-06T12:00:27.3961056Z [INFO]       maven-compiler-plugin-3.14.1.jar
2026-10-06T12:00:27.3961564Z [INFO]       asm-9.8.jar
2026-10-06T12:00:27.3962121Z [INFO]       maven-shared-utils-3.4.2.jar
2026-10-06T12:00:27.3962762Z [INFO]       slf4j-api-1.7.36.jar
2026-10-06T12:00:27.3973428Z [INFO]       commons-io-2.11.0.jar
2026-10-06T12:00:27.3975918Z [INFO]       maven-shared-incremental-1.1.jar
2026-10-06T12:00:27.3976591Z [INFO]       plexus-java-1.5.0.jar
2026-10-06T12:00:27.3977225Z [INFO]       qdox-2.2.0.jar
2026-10-06T12:00:27.3977702Z [INFO]       plexus-compiler-api-2.15.0.jar
2026-10-06T12:00:27.3978240Z [INFO]       plexus-compiler-manager-2.15.0.jar
2026-10-06T12:00:27.3978712Z [INFO]       javax.inject-1.jar
2026-10-06T12:00:27.3979126Z [INFO]       plexus-xml-3.0.1.jar
2026-10-06T12:00:27.3979867Z [INFO]       plexus-compiler-javac-2.15.0.jar
2026-10-06T12:00:27.3980839Z [INFO]       plexus-utils-4.0.2.jar
2026-10-06T12:00:27.3981346Z [INFO] Resolved plugin: maven-surefire-plugin-3.5.4.jar
2026-10-06T12:00:27.3981799Z [INFO] Resolved plugin dependency:
2026-10-06T12:00:27.7636120Z [INFO]       maven-surefire-plugin-3.5.4.jar
2026-10-06T12:00:27.7637092Z [INFO]       surefire-api-3.5.4.jar
2026-10-06T12:00:27.7637694Z [INFO]       surefire-logger-api-3.5.4.jar
2026-10-06T12:00:27.7638285Z [INFO]       surefire-shared-utils-3.5.4.jar
2026-10-06T12:00:27.7638853Z [INFO]       surefire-extensions-api-3.5.4.jar
2026-10-06T12:00:27.7639380Z [INFO]       maven-surefire-common-3.5.4.jar
2026-10-06T12:00:27.7639866Z [INFO]       surefire-booter-3.5.4.jar
2026-10-06T12:00:27.7640518Z [INFO]       surefire-extensions-spi-3.5.4.jar
2026-10-06T12:00:27.7641143Z [INFO]       maven-resolver-util-1.4.1.jar
2026-10-06T12:00:27.7643418Z [INFO]       maven-resolver-api-1.4.1.jar
2026-10-06T12:00:27.7644507Z [INFO]       maven-common-artifact-filters-3.4.0.jar
2026-10-06T12:00:27.7644953Z [INFO]       slf4j-api-1.7.36.jar
2026-10-06T12:00:27.7661439Z [INFO]       plexus-java-1.5.0.jar
2026-10-06T12:00:27.7661995Z [INFO]       asm-9.8.jar
2026-10-06T12:00:27.7662488Z [INFO]       qdox-2.2.0.jar
2026-10-06T12:00:27.7663067Z [INFO] Resolved plugin: maven-jar-plugin-3.4.2.jar
2026-10-06T12:00:27.7663636Z [INFO] Resolved plugin dependency:
2026-10-06T12:00:28.1146755Z [INFO]       maven-jar-plugin-3.4.2.jar
2026-10-06T12:00:28.1147489Z [INFO]       file-management-3.1.0.jar
2026-10-06T12:00:28.1148034Z [INFO]       plexus-utils-4.0.1.jar
2026-10-06T12:00:28.1151281Z [INFO]       commons-io-2.16.1.jar
2026-10-06T12:00:28.1151776Z [INFO]       maven-archiver-3.6.2.jar
2026-10-06T12:00:28.1152260Z [INFO]       plexus-interpolation-1.27.jar
2026-10-06T12:00:28.1152731Z [INFO]       plexus-archiver-4.9.2.jar
2026-10-06T12:00:28.1153150Z [INFO]       plexus-io-3.4.2.jar
2026-10-06T12:00:28.1153711Z [INFO]       commons-compress-1.26.1.jar
2026-10-06T12:00:28.1154295Z [INFO]       commons-lang3-3.14.0.jar
2026-10-06T12:00:28.1155038Z [INFO]       commons-codec-1.16.1.jar
2026-10-06T12:00:28.1155461Z [INFO]       snappy-0.4.jar
2026-10-06T12:00:28.1155785Z [INFO]       xz-1.9.jar
2026-10-06T12:00:28.1156096Z [INFO]       zstd-jni-1.5.5-11.jar
2026-10-06T12:00:28.1156452Z [INFO]       javax.inject-1.jar
2026-10-06T12:00:28.1156790Z [INFO]       slf4j-api-1.7.36.jar
2026-10-06T12:00:28.1157202Z [INFO] Resolved plugin: maven-clean-plugin-3.5.0.jar
2026-10-06T12:00:28.1157631Z [INFO] Resolved plugin dependency:
2026-10-06T12:00:28.1201394Z [INFO]       maven-clean-plugin-3.5.0.jar
2026-10-06T12:00:28.1205750Z [INFO]       plexus-utils-4.0.2.jar
2026-10-06T12:00:28.1207622Z [INFO] Resolved plugin: protobuf-maven-plugin-0.6.1.jar
2026-10-06T12:00:28.1208401Z [INFO] Resolved plugin dependency:
2026-10-06T12:00:29.2887810Z [INFO]       protobuf-maven-plugin-0.6.1.jar
2026-10-06T12:00:29.2888503Z [INFO]       maven-plugin-api-3.0.jar
2026-10-06T12:00:29.2892005Z [INFO]       maven-model-3.0.jar
2026-10-06T12:00:29.2892453Z [INFO]       sisu-inject-plexus-1.4.2.jar
2026-10-06T12:00:29.2892864Z [INFO]       sisu-inject-bean-1.4.2.jar
2026-10-06T12:00:29.2893208Z [INFO]       sisu-guice-2.1.7-noaop.jar
2026-10-06T12:00:29.2893574Z [INFO]       maven-plugin-annotations-3.5.2.jar
2026-10-06T12:00:29.2893946Z [INFO]       plexus-utils-3.1.0.jar
2026-10-06T12:00:29.2894356Z [INFO]       plexus-component-annotations-1.7.1.jar
2026-10-06T12:00:29.2894762Z [INFO]       plexus-build-api-0.0.7.jar
2026-10-06T12:00:29.2895077Z [INFO]       maven-core-3.0.jar
2026-10-06T12:00:29.2895364Z [INFO]       maven-settings-3.0.jar
2026-10-06T12:00:29.2895708Z [INFO]       maven-settings-builder-3.0.jar
2026-10-06T12:00:29.2896122Z [INFO]       maven-repository-metadata-3.0.jar
2026-10-06T12:00:29.2896503Z [INFO]       maven-model-builder-3.0.jar
2026-10-06T12:00:29.2896893Z [INFO]       maven-aether-provider-3.0.jar
2026-10-06T12:00:29.2898215Z [INFO]       aether-impl-1.7.jar
2026-10-06T12:00:29.2898781Z [INFO]       aether-spi-1.7.jar
2026-10-06T12:00:29.2899086Z [INFO]       aether-api-1.7.jar
2026-10-06T12:00:29.2916020Z [INFO]       aether-util-1.7.jar
2026-10-06T12:00:29.2916435Z [INFO]       plexus-interpolation-1.14.jar
2026-10-06T12:00:29.2916791Z [INFO]       plexus-classworlds-2.2.3.jar
2026-10-06T12:00:29.2917146Z [INFO]       plexus-sec-dispatcher-1.3.jar
2026-10-06T12:00:29.2917477Z [INFO]       plexus-cipher-1.4.jar
2026-10-06T12:00:29.2917795Z [INFO]       maven-artifact-3.0.jar
2026-10-06T12:00:29.2918120Z [INFO]       maven-compat-3.0.jar
2026-10-06T12:00:29.2918495Z [INFO]       wagon-provider-api-1.0-beta-6.jar
2026-10-06T12:00:29.2918952Z [INFO] Resolved plugin: maven-install-plugin-3.1.4.jar
2026-10-06T12:00:29.2919378Z [INFO] Resolved plugin dependency:
2026-10-06T12:00:29.6633609Z [INFO]       maven-install-plugin-3.1.4.jar
2026-10-06T12:00:29.6658183Z [INFO]       maven-resolver-util-1.9.22.jar
2026-10-06T12:00:29.6658472Z [INFO]       maven-resolver-api-1.9.22.jar
2026-10-06T12:00:29.6658741Z [INFO]       plexus-utils-4.0.1.jar
2026-10-06T12:00:29.6658968Z [INFO]       plexus-xml-3.0.1.jar
2026-10-06T12:00:29.6659235Z [INFO] Resolved plugin: maven-site-plugin-3.12.1.jar
2026-10-06T12:00:29.6659504Z [INFO] Resolved plugin dependency:
2026-10-06T12:00:42.7496172Z [INFO]       maven-site-plugin-3.12.1.jar
2026-10-06T12:00:42.7506226Z [INFO]       maven-reporting-api-3.1.1.jar
2026-10-06T12:00:42.7506908Z [INFO]       maven-reporting-exec-1.6.0.jar
2026-10-06T12:00:42.7507298Z [INFO]       maven-artifact-3.2.5.jar
2026-10-06T12:00:42.7507661Z [INFO]       maven-core-3.2.5.jar
2026-10-06T12:00:42.7507910Z [INFO]       maven-repository-metadata-3.2.5.jar
2026-10-06T12:00:42.7508170Z [INFO]       maven-model-builder-3.2.5.jar
2026-10-06T12:00:42.7508459Z [INFO]       maven-aether-provider-3.2.5.jar
2026-10-06T12:00:42.7508719Z [INFO]       aether-spi-1.0.0.v20140518.jar
2026-10-06T12:00:42.7508967Z [INFO]       aether-impl-1.0.0.v20140518.jar
2026-10-06T12:00:42.7509219Z [INFO]       aether-api-1.0.0.v20140518.jar
2026-10-06T12:00:42.7509472Z [INFO]       org.eclipse.sisu.plexus-0.3.5.jar
2026-10-06T12:00:42.7509731Z [INFO]       javax.annotation-api-1.2.jar
2026-10-06T12:00:42.7509970Z [INFO]       cdi-api-1.2.jar
2026-10-06T12:00:42.7510200Z [INFO]       org.eclipse.sisu.inject-0.3.5.jar
2026-10-06T12:00:42.7510733Z [INFO]       sisu-guice-3.2.3-no_aop.jar
2026-10-06T12:00:42.7511050Z [INFO]       javax.inject-1.jar
2026-10-06T12:00:42.7511367Z [INFO]       aopalliance-1.0.jar
2026-10-06T12:00:42.7511707Z [INFO]       guava-16.0.1.jar
2026-10-06T12:00:42.7512047Z [INFO]       plexus-classworlds-2.5.2.jar
2026-10-06T12:00:42.7512451Z [INFO]       plexus-sec-dispatcher-1.3.jar
2026-10-06T12:00:42.7512843Z [INFO]       plexus-cipher-1.4.jar
2026-10-06T12:00:42.7513490Z [INFO]       maven-model-3.2.5.jar
2026-10-06T12:00:42.7513877Z [INFO]       maven-plugin-api-3.2.5.jar
2026-10-06T12:00:42.7514273Z [INFO]       maven-settings-3.2.5.jar
2026-10-06T12:00:42.7514676Z [INFO]       maven-settings-builder-3.2.5.jar
2026-10-06T12:00:42.7515104Z [INFO]       aether-util-1.0.0.v20140518.jar
2026-10-06T12:00:42.7515504Z [INFO]       maven-shared-utils-3.3.4.jar
2026-10-06T12:00:42.7515885Z [INFO]       commons-io-2.6.jar
2026-10-06T12:00:42.7516229Z [INFO]       maven-archiver-3.5.2.jar
2026-10-06T12:00:42.7516602Z [INFO]       commons-compress-1.20.jar
2026-10-06T12:00:42.7517001Z [INFO]       plexus-interpolation-1.26.jar
2026-10-06T12:00:42.7517393Z [INFO]       plexus-archiver-4.2.7.jar
2026-10-06T12:00:42.7517752Z [INFO]       plexus-io-3.2.0.jar
2026-10-06T12:00:42.7518082Z [INFO]       snappy-0.4.jar
2026-10-06T12:00:42.7518383Z [INFO]       xz-1.9.jar
2026-10-06T12:00:42.7518708Z [INFO]       plexus-i18n-1.0-beta-10.jar
2026-10-06T12:00:42.7519088Z [INFO]       plexus-utils-3.4.2.jar
2026-10-06T12:00:42.7551206Z [INFO]       doxia-sink-api-1.11.1.jar
2026-10-06T12:00:42.7561402Z [INFO]       doxia-logging-api-1.11.1.jar
2026-10-06T12:00:42.7571407Z [INFO]       doxia-core-1.11.1.jar
2026-10-06T12:00:42.7572214Z [INFO]       plexus-container-default-2.1.0.jar
2026-10-06T12:00:42.7572712Z [INFO]       xbean-reflect-3.7.jar
2026-10-06T12:00:42.7573159Z [INFO]       google-collections-1.0.jar
2026-10-06T12:00:42.7573714Z [INFO]       plexus-component-annotations-2.1.1.jar
2026-10-06T12:00:42.7574225Z [INFO]       commons-lang3-3.8.1.jar
2026-10-06T12:00:42.7574666Z [INFO]       commons-text-1.3.jar
2026-10-06T12:00:42.7575369Z [INFO]       httpclient-4.5.13.jar
2026-10-06T12:00:42.7576148Z [INFO]       commons-logging-1.2.jar
2026-10-06T12:00:42.7576720Z [INFO]       commons-codec-1.11.jar
2026-10-06T12:00:42.7577084Z [INFO]       httpcore-4.4.14.jar
2026-10-06T12:00:42.7577449Z [INFO]       doxia-module-xhtml-1.11.1.jar
2026-10-06T12:00:42.7577859Z [INFO]       doxia-module-xhtml5-1.11.1.jar
2026-10-06T12:00:42.7578261Z [INFO]       doxia-module-apt-1.11.1.jar
2026-10-06T12:00:42.7578639Z [INFO]       doxia-module-xdoc-1.11.1.jar
2026-10-06T12:00:42.7579004Z [INFO]       doxia-module-fml-1.11.1.jar
2026-10-06T12:00:42.7579395Z [INFO]       doxia-module-markdown-1.11.1.jar
2026-10-06T12:00:42.7579779Z [INFO]       flexmark-all-0.42.14.jar
2026-10-06T12:00:42.7580115Z [INFO]       flexmark-0.42.14.jar
2026-10-06T12:00:42.7580592Z [INFO]       flexmark-ext-abbreviation-0.42.14.jar
2026-10-06T12:00:42.7581020Z [INFO]       flexmark-ext-admonition-0.42.14.jar
2026-10-06T12:00:42.7581453Z [INFO]       flexmark-ext-anchorlink-0.42.14.jar
2026-10-06T12:00:42.7581860Z [INFO]       flexmark-ext-aside-0.42.14.jar
2026-10-06T12:00:42.7582262Z [INFO]       flexmark-ext-attributes-0.42.14.jar
2026-10-06T12:00:42.7582687Z [INFO]       flexmark-ext-autolink-0.42.14.jar
2026-10-06T12:00:42.7583083Z [INFO]       autolink-0.6.0.jar
2026-10-06T12:00:42.7583613Z [INFO]       flexmark-ext-definition-0.42.14.jar
2026-10-06T12:00:42.7584014Z [INFO]       flexmark-ext-emoji-0.42.14.jar
2026-10-06T12:00:42.7584502Z [INFO]       flexmark-ext-enumerated-reference-0.42.14.jar
2026-10-06T12:00:42.7585015Z [INFO]       flexmark-ext-escaped-character-0.42.14.jar
2026-10-06T12:00:42.7585475Z [INFO]       flexmark-ext-footnotes-0.42.14.jar
2026-10-06T12:00:42.7585901Z [INFO]       flexmark-ext-gfm-issues-0.42.14.jar
2026-10-06T12:00:42.7586357Z [INFO]       flexmark-ext-gfm-strikethrough-0.42.14.jar
2026-10-06T12:00:42.7586811Z [INFO]       flexmark-ext-gfm-tables-0.42.14.jar
2026-10-06T12:00:42.7587247Z [INFO]       flexmark-ext-gfm-tasklist-0.42.14.jar
2026-10-06T12:00:42.7587680Z [INFO]       flexmark-ext-gfm-users-0.42.14.jar
2026-10-06T12:00:42.7588104Z [INFO]       flexmark-ext-gitlab-0.42.14.jar
2026-10-06T12:00:42.7588546Z [INFO]       flexmark-ext-jekyll-front-matter-0.42.14.jar
2026-10-06T12:00:42.7588999Z [INFO]       flexmark-ext-jekyll-tag-0.42.14.jar
2026-10-06T12:00:42.7589616Z [INFO]       flexmark-ext-media-tags-0.42.14.jar
2026-10-06T12:00:42.7590193Z [INFO]       flexmark-ext-macros-0.42.14.jar
2026-10-06T12:00:42.7590726Z [INFO]       flexmark-ext-ins-0.42.14.jar
2026-10-06T12:00:42.7591153Z [INFO]       flexmark-ext-xwiki-macros-0.42.14.jar
2026-10-06T12:00:42.7591607Z [INFO]       flexmark-ext-superscript-0.42.14.jar
2026-10-06T12:00:42.7592028Z [INFO]       flexmark-ext-tables-0.42.14.jar
2026-10-06T12:00:42.7592429Z [INFO]       flexmark-ext-toc-0.42.14.jar
2026-10-06T12:00:42.7592834Z [INFO]       flexmark-ext-typographic-0.42.14.jar
2026-10-06T12:00:42.7593263Z [INFO]       flexmark-ext-wikilink-0.42.14.jar
2026-10-06T12:00:42.7593727Z [INFO]       flexmark-ext-yaml-front-matter-0.42.14.jar
2026-10-06T12:00:42.7594217Z [INFO]       flexmark-ext-youtube-embedded-0.42.14.jar
2026-10-06T12:00:42.7594651Z [INFO]       flexmark-formatter-0.42.14.jar
2026-10-06T12:00:42.7595055Z [INFO]       flexmark-html-parser-0.42.14.jar
2026-10-06T12:00:42.7595435Z [INFO]       jsoup-1.10.2.jar
2026-10-06T12:00:42.7595801Z [INFO]       flexmark-jira-converter-0.42.14.jar
2026-10-06T12:00:42.7596237Z [INFO]       flexmark-profile-pegdown-0.42.14.jar
2026-10-06T12:00:42.7596667Z [INFO]       flexmark-util-0.42.14.jar
2026-10-06T12:00:42.7597185Z [INFO]       flexmark-youtrack-converter-0.42.14.jar
2026-10-06T12:00:42.7597622Z [INFO]       doxia-module-confluence-1.11.1.jar
2026-10-06T12:00:42.7598064Z [INFO]       doxia-module-docbook-simple-1.11.1.jar
2026-10-06T12:00:42.7598494Z [INFO]       doxia-module-twiki-1.11.1.jar
2026-10-06T12:00:42.7598905Z [INFO]       doxia-decoration-model-1.11.1.jar
2026-10-06T12:00:42.7599324Z [INFO]       doxia-site-renderer-1.11.1.jar
2026-10-06T12:00:42.7599710Z [INFO]       doxia-skin-model-1.11.1.jar
2026-10-06T12:00:42.7600087Z [INFO]       plexus-velocity-1.2.jar
2026-10-06T12:00:42.7600556Z [INFO]       velocity-1.7.jar
2026-10-06T12:00:42.7600888Z [INFO]       commons-lang-2.4.jar
2026-10-06T12:00:42.7601233Z [INFO]       velocity-tools-2.0.jar
2026-10-06T12:00:42.7601598Z [INFO]       commons-beanutils-1.7.0.jar
2026-10-06T12:00:42.7601977Z [INFO]       commons-digester-1.8.jar
2026-10-06T12:00:42.7602330Z [INFO]       commons-chain-1.1.jar
2026-10-06T12:00:42.7602771Z [INFO]       dom4j-1.1.jar
2026-10-06T12:00:42.7603173Z [INFO]       oro-2.0.8.jar
2026-10-06T12:00:42.7603748Z [INFO]       commons-collections-3.2.2.jar
2026-10-06T12:00:42.7604285Z [INFO]       doxia-integration-tools-1.11.1.jar
2026-10-06T12:00:42.7604839Z [INFO]       jetty-server-9.4.46.v20220331.jar
2026-10-06T12:00:42.7605354Z [INFO]       javax.servlet-api-3.1.0.jar
2026-10-06T12:00:42.7605843Z [INFO]       jetty-http-9.4.46.v20220331.jar
2026-10-06T12:00:42.7606354Z [INFO]       jetty-io-9.4.46.v20220331.jar
2026-10-06T12:00:42.7606880Z [INFO]       jetty-servlet-9.4.46.v20220331.jar
2026-10-06T12:00:42.7607390Z [INFO]       jetty-security-9.4.46.v20220331.jar
2026-10-06T12:00:42.7607972Z [INFO]       jetty-util-ajax-9.4.46.v20220331.jar
2026-10-06T12:00:42.7608528Z [INFO]       jetty-webapp-9.4.46.v20220331.jar
2026-10-06T12:00:42.7609032Z [INFO]       jetty-xml-9.4.46.v20220331.jar
2026-10-06T12:00:42.7609537Z [INFO]       jetty-util-9.4.46.v20220331.jar
2026-10-06T12:00:42.7610070Z [INFO] Resolved plugin: maven-resources-plugin-3.3.1.jar
2026-10-06T12:00:42.7610769Z [INFO] Resolved plugin dependency:
2026-10-06T12:00:43.0911016Z [INFO]       maven-resources-plugin-3.3.1.jar
2026-10-06T12:00:43.0911566Z [INFO]       plexus-interpolation-1.26.jar
2026-10-06T12:00:43.0911892Z [INFO]       plexus-utils-3.5.1.jar
2026-10-06T12:00:43.0912196Z [INFO]       maven-filtering-3.3.1.jar
2026-10-06T12:00:43.0912543Z [INFO]       javax.inject-1.jar
2026-10-06T12:00:43.0931171Z [INFO]       slf4j-api-1.7.36.jar
2026-10-06T12:00:43.0932144Z [INFO]       plexus-build-api-0.0.7.jar
2026-10-06T12:00:43.0932791Z [INFO]       commons-io-2.11.0.jar
2026-10-06T12:00:43.0933402Z [INFO]       commons-lang3-3.12.0.jar
2026-10-06T12:00:43.0934153Z [INFO] Resolved plugin: maven-deploy-plugin-3.1.4.jar
2026-10-06T12:00:43.0935047Z [INFO] Resolved plugin dependency:
2026-10-06T12:00:43.0935727Z [INFO]       maven-deploy-plugin-3.1.4.jar
2026-10-06T12:00:43.0936380Z [INFO]       plexus-utils-4.0.1.jar
2026-10-06T12:00:43.0936943Z [INFO]       plexus-xml-3.0.1.jar
2026-10-06T12:00:43.0937649Z [INFO]       maven-resolver-util-1.9.22.jar
2026-10-06T12:00:43.0938300Z [INFO]       maven-resolver-api-1.9.22.jar
2026-10-06T12:00:52.9747410Z [INFO] Resolved dependency: junit-jupiter-6.0.2.jar
2026-10-06T12:00:52.9748476Z [INFO] Resolved dependency: junit-jupiter-api-6.0.2.jar
2026-10-06T12:00:52.9761183Z [INFO] Resolved dependency: opentest4j-1.3.0.jar
2026-10-06T12:00:52.9762169Z [INFO] Resolved dependency: junit-platform-commons-6.0.2.jar
2026-10-06T12:00:52.9762988Z [INFO] Resolved dependency: junit-jupiter-params-6.0.2.jar
2026-10-06T12:00:52.9763867Z [INFO] Resolved dependency: junit-jupiter-engine-6.0.2.jar
2026-10-06T12:00:52.9764599Z [INFO] Resolved dependency: spring-boot-starter-4.0.2.jar
2026-10-06T12:00:52.9765426Z [INFO] Resolved dependency: spring-boot-starter-logging-4.0.2.jar
2026-10-06T12:00:52.9766170Z [INFO] Resolved dependency: logback-classic-1.5.25.jar
2026-10-06T12:00:52.9766825Z [INFO] Resolved dependency: logback-core-1.5.25.jar
2026-10-06T12:00:52.9767828Z [INFO] Resolved dependency: log4j-to-slf4j-2.25.3.jar
2026-10-06T12:00:52.9768574Z [INFO] Resolved dependency: log4j-api-2.25.3.jar
2026-10-06T12:00:52.9769171Z [INFO] Resolved dependency: jul-to-slf4j-2.0.17.jar
2026-10-06T12:00:52.9769801Z [INFO] Resolved dependency: spring-boot-autoconfigure-4.0.2.jar
2026-10-06T12:00:52.9770675Z [INFO] Resolved dependency: spring-boot-4.0.2.jar
2026-10-06T12:00:52.9771449Z [INFO] Resolved dependency: jakarta.annotation-api-3.0.0.jar
2026-10-06T12:00:52.9772270Z [INFO] Resolved dependency: snakeyaml-2.5.jar
2026-10-06T12:00:52.9772965Z [INFO] Resolved dependency: grpc-stub-1.84.0.jar
2026-10-06T12:00:52.9773699Z [INFO] Resolved dependency: grpc-api-1.84.0.jar
2026-10-06T12:00:52.9774532Z [INFO] Resolved dependency: animal-sniffer-annotations-1.27.jar
2026-10-06T12:00:52.9775394Z [INFO] Resolved dependency: error_prone_annotations-2.50.0.jar
2026-10-06T12:00:52.9776150Z [INFO] Resolved dependency: postgresql-42.7.9.jar
2026-10-06T12:00:52.9776967Z [INFO] Resolved dependency: checker-qual-3.52.0.jar
2026-10-06T12:00:52.9777842Z [INFO] Resolved dependency: grpc-protobuf-1.84.0.jar
2026-10-06T12:00:52.9778679Z [INFO] Resolved dependency: jsr305-3.0.2.jar
2026-10-06T12:00:52.9779649Z [INFO] Resolved dependency: proto-google-common-protos-2.64.1.jar
2026-10-06T12:00:52.9780651Z [INFO] Resolved dependency: grpc-protobuf-lite-1.84.0.jar
2026-10-06T12:00:52.9781484Z [INFO] Resolved dependency: junit-platform-launcher-6.0.2.jar
2026-10-06T12:00:52.9782322Z [INFO] Resolved dependency: junit-platform-engine-6.0.2.jar
2026-10-06T12:00:52.9783099Z [INFO] Resolved dependency: apiguardian-api-1.1.2.jar
2026-10-06T12:00:52.9783831Z [INFO] Resolved dependency: jspecify-1.0.0.jar
2026-10-06T12:00:52.9784554Z [INFO] Resolved dependency: protobuf-java-3.25.9.jar
2026-10-06T12:00:52.9785276Z [INFO] Resolved dependency: guava-33.6.0-android.jar
2026-10-06T12:00:52.9786037Z [INFO] Resolved dependency: failureaccess-1.0.3.jar
2026-10-06T12:00:52.9787037Z [INFO] Resolved dependency: listenablefuture-9999.0-empty-to-avoid-conflict-with-guava.jar
2026-10-06T12:00:52.9788023Z [INFO] Resolved dependency: j2objc-annotations-3.1.jar
2026-10-06T12:00:52.9788783Z [INFO] Resolved dependency: flowable-spring-8.0.0.jar
2026-10-06T12:00:52.9789485Z [INFO] Resolved dependency: flowable-engine-8.0.0.jar
2026-10-06T12:00:52.9790422Z [INFO] Resolved dependency: flowable-bpmn-converter-8.0.0.jar
2026-10-06T12:00:52.9791257Z [INFO] Resolved dependency: flowable-bpmn-model-8.0.0.jar
2026-10-06T12:00:52.9792102Z [INFO] Resolved dependency: flowable-process-validation-8.0.0.jar
2026-10-06T12:00:52.9792997Z [INFO] Resolved dependency: flowable-image-generator-8.0.0.jar
2026-10-06T12:00:52.9793861Z [INFO] Resolved dependency: flowable-engine-common-api-8.0.0.jar
2026-10-06T12:00:52.9794956Z [INFO] Resolved dependency: flowable-engine-common-8.0.0.jar
2026-10-06T12:00:52.9795796Z [INFO] Resolved dependency: flowable-variable-service-api-8.0.0.jar
2026-10-06T12:00:52.9796699Z [INFO] Resolved dependency: flowable-event-registry-api-8.0.0.jar
2026-10-06T12:00:52.9802568Z [INFO] Resolved dependency: jackson-databind-3.0.4.jar
2026-10-06T12:00:52.9803164Z [INFO] Resolved dependency: jackson-core-3.0.4.jar
2026-10-06T12:00:52.9803805Z [INFO] Resolved dependency: flowable-variable-service-8.0.0.jar
2026-10-06T12:00:52.9804637Z [INFO] Resolved dependency: flowable-identitylink-service-8.0.0.jar
2026-10-06T12:00:52.9805437Z [INFO] Resolved dependency: flowable-identitylink-service-api-8.0.0.jar
2026-10-06T12:00:52.9806245Z [INFO] Resolved dependency: flowable-entitylink-service-8.0.0.jar
2026-10-06T12:00:52.9807007Z [INFO] Resolved dependency: flowable-entitylink-service-api-8.0.0.jar
2026-10-06T12:00:52.9807813Z [INFO] Resolved dependency: flowable-event-registry-8.0.0.jar
2026-10-06T12:00:52.9808616Z [INFO] Resolved dependency: flowable-event-registry-model-8.0.0.jar
2026-10-06T12:00:52.9809521Z [INFO] Resolved dependency: flowable-event-registry-json-converter-8.0.0.jar
2026-10-06T12:00:52.9810571Z [INFO] Resolved dependency: flowable-eventsubscription-service-api-8.0.0.jar
2026-10-06T12:00:52.9811577Z [INFO] Resolved dependency: commons-io-2.21.0.jar
2026-10-06T12:00:52.9812218Z [INFO] Resolved dependency: java-uuid-generator-5.1.0.jar
2026-10-06T12:00:52.9812952Z [INFO] Resolved dependency: flowable-event-registry-configurator-8.0.0.jar
2026-10-06T12:00:52.9813764Z [INFO] Resolved dependency: flowable-eventsubscription-service-8.0.0.jar
2026-10-06T12:00:52.9814453Z [INFO] Resolved dependency: flowable-task-service-8.0.0.jar
2026-10-06T12:00:52.9815091Z [INFO] Resolved dependency: flowable-task-service-api-8.0.0.jar
2026-10-06T12:00:52.9815715Z [INFO] Resolved dependency: flowable-job-service-8.0.0.jar
2026-10-06T12:00:52.9816364Z [INFO] Resolved dependency: flowable-job-service-api-8.0.0.jar
2026-10-06T12:00:52.9817015Z [INFO] Resolved dependency: flowable-batch-service-8.0.0.jar
2026-10-06T12:00:52.9817701Z [INFO] Resolved dependency: flowable-batch-service-api-8.0.0.jar
2026-10-06T12:00:52.9818309Z [INFO] Resolved dependency: flowable-idm-api-8.0.0.jar
2026-10-06T12:00:52.9818880Z [INFO] Resolved dependency: flowable-idm-engine-8.0.0.jar
2026-10-06T12:00:52.9819432Z [INFO] Resolved dependency: commons-codec-1.19.0.jar
2026-10-06T12:00:52.9820061Z [INFO] Resolved dependency: flowable-idm-engine-configurator-8.0.0.jar
2026-10-06T12:00:52.9820834Z [INFO] Resolved dependency: flowable-cmmn-api-8.0.0.jar
2026-10-06T12:00:52.9821406Z [INFO] Resolved dependency: flowable-cmmn-model-8.0.0.jar
2026-10-06T12:00:52.9821974Z [INFO] Resolved dependency: flowable-dmn-api-8.0.0.jar
2026-10-06T12:00:52.9822547Z [INFO] Resolved dependency: flowable-dmn-model-8.0.0.jar
2026-10-06T12:00:52.9823117Z [INFO] Resolved dependency: flowable-form-model-8.0.0.jar
2026-10-06T12:00:52.9823713Z [INFO] Resolved dependency: flowable-form-api-8.0.0.jar
2026-10-06T12:00:52.9824303Z [INFO] Resolved dependency: jackson-annotations-2.20.jar
2026-10-06T12:00:52.9824918Z [INFO] Resolved dependency: flowable-content-api-8.0.0.jar
2026-10-06T12:00:52.9825531Z [INFO] Resolved dependency: flowable-http-common-8.0.0.jar
2026-10-06T12:00:52.9826129Z [INFO] Resolved dependency: flowable-mail-8.0.0.jar
2026-10-06T12:00:52.9826726Z [INFO] Resolved dependency: angus-mail-2.0.5.jar
2026-10-06T12:00:52.9827356Z [INFO] Resolved dependency: jakarta.activation-api-2.1.4.jar
2026-10-06T12:00:52.9827951Z [INFO] Resolved dependency: jakarta.mail-api-2.1.5.jar
2026-10-06T12:00:52.9828523Z [INFO] Resolved dependency: angus-activation-2.0.3.jar
2026-10-06T12:00:52.9829057Z [INFO] Resolved dependency: mybatis-3.5.19.jar
2026-10-06T12:00:52.9829576Z [INFO] Resolved dependency: spring-beans-7.0.3.jar
2026-10-06T12:00:52.9830163Z [INFO] Resolved dependency: joda-time-2.14.0.jar
2026-10-06T12:00:52.9831046Z [INFO] Resolved dependency: flowable-spring-common-8.0.0.jar
2026-10-06T12:00:52.9831891Z [INFO] Resolved dependency: flowable-job-spring-service-8.0.0.jar
2026-10-06T12:00:52.9832717Z [INFO] Resolved dependency: flowable-event-registry-spring-configurator-8.0.0.jar
2026-10-06T12:00:52.9833560Z [INFO] Resolved dependency: flowable-event-registry-spring-8.0.0.jar
2026-10-06T12:00:52.9834214Z [INFO] Resolved dependency: spring-context-7.0.3.jar
2026-10-06T12:00:52.9834746Z [INFO] Resolved dependency: spring-aop-7.0.3.jar
2026-10-06T12:00:52.9835268Z [INFO] Resolved dependency: spring-core-7.0.3.jar
2026-10-06T12:00:52.9835813Z [INFO] Resolved dependency: commons-logging-1.3.5.jar
2026-10-06T12:00:52.9836384Z [INFO] Resolved dependency: spring-expression-7.0.3.jar
2026-10-06T12:00:52.9837001Z [INFO] Resolved dependency: micrometer-observation-1.16.2.jar
2026-10-06T12:00:52.9837740Z [INFO] Resolved dependency: micrometer-commons-1.16.2.jar
2026-10-06T12:00:52.9838307Z [INFO] Resolved dependency: spring-jdbc-7.0.3.jar
2026-10-06T12:00:52.9838872Z [INFO] Resolved dependency: spring-tx-7.0.3.jar
2026-10-06T12:00:52.9839402Z [INFO] Resolved dependency: commons-lang3-3.19.0.jar
2026-10-06T12:00:52.9839980Z [INFO] Resolved dependency: spring-orm-7.0.3.jar
2026-10-06T12:00:52.9840639Z [INFO] Resolved dependency: slf4j-api-2.0.17.jar
2026-10-06T12:00:52.9841353Z [INFO] Resolved dependency: jcl-over-slf4j-2.0.17.jar
2026-10-06T12:00:52.9841932Z [INFO] Resolved dependency: grpc-netty-shaded-1.84.0.jar
2026-10-06T12:00:52.9842475Z [INFO] Resolved dependency: grpc-util-1.84.0.jar
2026-10-06T12:00:52.9842975Z [INFO] Resolved dependency: grpc-core-1.84.0.jar
2026-10-06T12:00:52.9843520Z [INFO] Resolved dependency: gson-2.13.2.jar
2026-10-06T12:00:52.9844031Z [INFO] Resolved dependency: annotations-4.1.1.4.jar
2026-10-06T12:00:52.9844569Z [INFO] Resolved dependency: grpc-context-1.84.0.jar
2026-10-06T12:00:52.9845107Z [INFO] Resolved dependency: perfmark-api-0.27.0.jar
2026-10-06T12:00:52.9845720Z [INFO] ------------------------------------------------------------------------
2026-10-06T12:00:52.9846271Z [INFO] BUILD SUCCESS
2026-10-06T12:00:52.9846739Z [INFO] ------------------------------------------------------------------------
2026-10-06T12:00:52.9847303Z [INFO] Total time:  37.453 s
2026-10-06T12:00:52.9847739Z [INFO] Finished at: 2026-10-06T12:00:52Z
2026-10-06T12:00:52.9848280Z [INFO] ------------------------------------------------------------------------
2026-10-06T12:00:53.9321307Z [INFO] Scanning for projects...
2026-10-06T12:00:54.0241167Z [INFO] 
2026-10-06T12:00:54.0269761Z [INFO] --------------< org.weaveos.proof:test-provider-prefetch >--------------
2026-10-06T12:00:54.0280145Z [INFO] Building test-provider-prefetch 1
2026-10-06T12:00:54.0289150Z [INFO]   from provider-pom.xml
2026-10-06T12:00:54.0311303Z [INFO] --------------------------------[ jar ]---------------------------------
2026-10-06T12:00:54.0311814Z [INFO] 
2026-10-06T12:00:54.0312243Z [INFO] --- dependency:3.9.0:go-offline (default-cli) @ test-provider-prefetch ---
2026-10-06T12:00:54.9585397Z [INFO] Resolved plugin: maven-compiler-plugin-3.13.0.jar
2026-10-06T12:00:54.9601282Z [INFO] Resolved plugin dependency:
2026-10-06T12:00:55.4861880Z [INFO]       maven-compiler-plugin-3.13.0.jar
2026-10-06T12:00:55.4881404Z [INFO]       maven-shared-utils-3.4.2.jar
2026-10-06T12:00:55.4882530Z [INFO]       slf4j-api-1.7.36.jar
2026-10-06T12:00:55.4882971Z [INFO]       commons-io-2.11.0.jar
2026-10-06T12:00:55.4883371Z [INFO]       maven-shared-incremental-1.1.jar
2026-10-06T12:00:55.4883777Z [INFO]       plexus-java-1.2.0.jar
2026-10-06T12:00:55.4884114Z [INFO]       asm-9.6.jar
2026-10-06T12:00:55.4884421Z [INFO]       qdox-2.0.3.jar
2026-10-06T12:00:55.4884777Z [INFO]       plexus-compiler-api-2.15.0.jar
2026-10-06T12:00:55.4885197Z [INFO]       plexus-compiler-manager-2.15.0.jar
2026-10-06T12:00:55.4885599Z [INFO]       javax.inject-1.jar
2026-10-06T12:00:55.4885937Z [INFO]       plexus-xml-3.0.0.jar
2026-10-06T12:00:55.4886332Z [INFO]       plexus-compiler-javac-2.15.0.jar
2026-10-06T12:00:55.4887286Z [INFO]       plexus-utils-4.0.0.jar
2026-10-06T12:00:55.5760185Z [INFO] Resolved plugin: maven-surefire-plugin-3.2.5.jar
2026-10-06T12:00:55.5760821Z [INFO] Resolved plugin dependency:
2026-10-06T12:00:56.7725383Z [INFO]       maven-surefire-plugin-3.2.5.jar
2026-10-06T12:00:56.7726161Z [INFO]       maven-surefire-common-3.2.5.jar
2026-10-06T12:00:56.7726781Z [INFO]       surefire-api-3.2.5.jar
2026-10-06T12:00:56.7727305Z [INFO]       surefire-logger-api-3.2.5.jar
2026-10-06T12:00:56.7727831Z [INFO]       surefire-extensions-api-3.2.5.jar
2026-10-06T12:00:56.7728351Z [INFO]       surefire-booter-3.2.5.jar
2026-10-06T12:00:56.7728863Z [INFO]       surefire-extensions-spi-3.2.5.jar
2026-10-06T12:00:56.7732513Z [INFO]       aether-util-1.0.0.v20140518.jar
2026-10-06T12:00:56.7733074Z [INFO]       aether-api-1.0.0.v20140518.jar
2026-10-06T12:00:56.7733713Z [INFO]       maven-common-artifact-filters-3.1.1.jar
2026-10-06T12:00:56.7734279Z [INFO]       maven-artifact-3.2.5.jar
2026-10-06T12:00:56.7734814Z [INFO]       plexus-utils-4.0.0.jar
2026-10-06T12:00:56.7735331Z [INFO]       maven-core-3.2.5.jar
2026-10-06T12:00:56.7735796Z [INFO]       maven-settings-3.2.5.jar
2026-10-06T12:00:56.7736303Z [INFO]       maven-settings-builder-3.2.5.jar
2026-10-06T12:00:56.7737143Z [INFO]       maven-repository-metadata-3.2.5.jar
2026-10-06T12:00:56.7737675Z [INFO]       maven-model-builder-3.2.5.jar
2026-10-06T12:00:56.7738204Z [INFO]       maven-aether-provider-3.2.5.jar
2026-10-06T12:00:56.7738729Z [INFO]       aether-spi-1.0.0.v20140518.jar
2026-10-06T12:00:56.7739237Z [INFO]       aether-impl-1.0.0.v20140518.jar
2026-10-06T12:00:56.7739766Z [INFO]       org.eclipse.sisu.plexus-0.9.0.M2.jar
2026-10-06T12:00:56.7740469Z [INFO]       javax.annotation-api-1.2.jar
2026-10-06T12:00:56.7740993Z [INFO]       cdi-api-1.2.jar
2026-10-06T12:00:56.7741477Z [INFO]       org.eclipse.sisu.inject-0.9.0.M2.jar
2026-10-06T12:00:56.7742002Z [INFO]       sisu-guice-3.2.3-no_aop.jar
2026-10-06T12:00:56.7742511Z [INFO]       javax.inject-1.jar
2026-10-06T12:00:56.7742989Z [INFO]       aopalliance-1.0.jar
2026-10-06T12:00:56.7743426Z [INFO]       guava-16.0.1.jar
2026-10-06T12:00:56.7743870Z [INFO]       plexus-interpolation-1.21.jar
2026-10-06T12:00:56.7744351Z [INFO]       plexus-classworlds-2.5.2.jar
2026-10-06T12:00:56.7744861Z [INFO]       plexus-component-annotations-1.5.5.jar
2026-10-06T12:00:56.7745361Z [INFO]       plexus-sec-dispatcher-1.3.jar
2026-10-06T12:00:56.7745715Z [INFO]       plexus-cipher-1.4.jar
2026-10-06T12:00:56.7746036Z [INFO]       maven-plugin-api-3.2.5.jar
2026-10-06T12:00:56.7746349Z [INFO]       commons-io-2.15.1.jar
2026-10-06T12:00:56.7746655Z [INFO]       plexus-java-1.2.0.jar
2026-10-06T12:00:56.7746945Z [INFO]       asm-9.6.jar
2026-10-06T12:00:56.7747265Z [INFO]       qdox-2.0.3.jar
2026-10-06T12:00:56.7747567Z [INFO]       surefire-shared-utils-3.2.5.jar
2026-10-06T12:00:56.8207704Z [INFO] Resolved plugin: maven-jar-plugin-3.4.1.jar
2026-10-06T12:00:56.8208021Z [INFO] Resolved plugin dependency:
2026-10-06T12:00:56.8701398Z [INFO]       maven-jar-plugin-3.4.1.jar
2026-10-06T12:00:56.8731306Z [INFO]       file-management-3.1.0.jar
2026-10-06T12:00:56.8740937Z [INFO]       commons-io-2.16.1.jar
2026-10-06T12:00:56.8741259Z [INFO]       maven-archiver-3.6.2.jar
2026-10-06T12:00:56.8741740Z [INFO]       plexus-interpolation-1.27.jar
2026-10-06T12:00:56.8742067Z [INFO]       plexus-utils-4.0.1.jar
2026-10-06T12:00:56.8742333Z [INFO]       plexus-archiver-4.9.2.jar
2026-10-06T12:00:56.8742607Z [INFO]       plexus-io-3.4.2.jar
2026-10-06T12:00:56.8742892Z [INFO]       commons-compress-1.26.1.jar
2026-10-06T12:00:56.8743479Z [INFO]       commons-lang3-3.14.0.jar
2026-10-06T12:00:56.8743971Z [INFO]       commons-codec-1.16.1.jar
2026-10-06T12:00:56.8744279Z [INFO]       snappy-0.4.jar
2026-10-06T12:00:56.8744548Z [INFO]       xz-1.9.jar
2026-10-06T12:00:56.8744809Z [INFO]       zstd-jni-1.5.5-11.jar
2026-10-06T12:00:56.8745084Z [INFO]       javax.inject-1.jar
2026-10-06T12:00:56.8745394Z [INFO]       slf4j-api-1.7.36.jar
2026-10-06T12:00:56.9051586Z [INFO] Resolved plugin: maven-clean-plugin-3.2.0.jar
2026-10-06T12:00:56.9052548Z [INFO] Resolved plugin dependency:
2026-10-06T12:00:57.0420064Z [INFO]       maven-clean-plugin-3.2.0.jar
2026-10-06T12:00:57.0420784Z [INFO]       maven-shared-utils-3.3.4.jar
2026-10-06T12:00:57.0421772Z [INFO]       commons-io-2.6.jar
2026-10-06T12:00:57.0753889Z [INFO] Resolved plugin: maven-install-plugin-3.1.2.jar
2026-10-06T12:00:57.0754361Z [INFO] Resolved plugin dependency:
2026-10-06T12:00:57.2781172Z [INFO]       maven-install-plugin-3.1.2.jar
2026-10-06T12:00:57.2791276Z [INFO]       maven-resolver-util-1.9.18.jar
2026-10-06T12:00:57.2820967Z [INFO]       maven-resolver-api-1.9.18.jar
2026-10-06T12:00:57.2821401Z [INFO]       plexus-utils-4.0.1.jar
2026-10-06T12:00:57.2821767Z [INFO]       plexus-xml-3.0.0.jar
2026-10-06T12:00:57.2822190Z [INFO] Resolved plugin: maven-site-plugin-3.12.1.jar
2026-10-06T12:00:57.2822620Z [INFO] Resolved plugin dependency:
2026-10-06T12:00:57.4763029Z [INFO]       maven-site-plugin-3.12.1.jar
2026-10-06T12:00:57.4763981Z [INFO]       maven-reporting-api-3.1.1.jar
2026-10-06T12:00:57.4764510Z [INFO]       maven-reporting-exec-1.6.0.jar
2026-10-06T12:00:57.4791042Z [INFO]       maven-artifact-3.2.5.jar
2026-10-06T12:00:57.4807644Z [INFO]       maven-core-3.2.5.jar
2026-10-06T12:00:57.4808291Z [INFO]       maven-repository-metadata-3.2.5.jar
2026-10-06T12:00:57.4808845Z [INFO]       maven-model-builder-3.2.5.jar
2026-10-06T12:00:57.4809427Z [INFO]       maven-aether-provider-3.2.5.jar
2026-10-06T12:00:57.4809939Z [INFO]       aether-spi-1.0.0.v20140518.jar
2026-10-06T12:00:57.4810638Z [INFO]       aether-impl-1.0.0.v20140518.jar
2026-10-06T12:00:57.4811229Z [INFO]       aether-api-1.0.0.v20140518.jar
2026-10-06T12:00:57.4811822Z [INFO]       org.eclipse.sisu.plexus-0.3.5.jar
2026-10-06T12:00:57.4812403Z [INFO]       javax.annotation-api-1.2.jar
2026-10-06T12:00:57.4812898Z [INFO]       cdi-api-1.2.jar
2026-10-06T12:00:57.4813368Z [INFO]       org.eclipse.sisu.inject-0.3.5.jar
2026-10-06T12:00:57.4813874Z [INFO]       sisu-guice-3.2.3-no_aop.jar
2026-10-06T12:00:57.4814336Z [INFO]       javax.inject-1.jar
2026-10-06T12:00:57.4814781Z [INFO]       aopalliance-1.0.jar
2026-10-06T12:00:57.4815227Z [INFO]       guava-16.0.1.jar
2026-10-06T12:00:57.4815685Z [INFO]       plexus-classworlds-2.5.2.jar
2026-10-06T12:00:57.4816190Z [INFO]       plexus-sec-dispatcher-1.3.jar
2026-10-06T12:00:57.4816673Z [INFO]       plexus-cipher-1.4.jar
2026-10-06T12:00:57.4817119Z [INFO]       maven-model-3.2.5.jar
2026-10-06T12:00:57.4817562Z [INFO]       maven-plugin-api-3.2.5.jar
2026-10-06T12:00:57.4818007Z [INFO]       maven-settings-3.2.5.jar
2026-10-06T12:00:57.4818467Z [INFO]       maven-settings-builder-3.2.5.jar
2026-10-06T12:00:57.4818960Z [INFO]       aether-util-1.0.0.v20140518.jar
2026-10-06T12:00:57.4823123Z [INFO]       maven-shared-utils-3.3.4.jar
2026-10-06T12:00:57.4823740Z [INFO]       commons-io-2.6.jar
2026-10-06T12:00:57.4824257Z [INFO]       maven-archiver-3.5.2.jar
2026-10-06T12:00:57.4824761Z [INFO]       commons-compress-1.20.jar
2026-10-06T12:00:57.4825223Z [INFO]       plexus-interpolation-1.26.jar
2026-10-06T12:00:57.4825696Z [INFO]       plexus-archiver-4.2.7.jar
2026-10-06T12:00:57.4826142Z [INFO]       plexus-io-3.2.0.jar
2026-10-06T12:00:57.4826575Z [INFO]       snappy-0.4.jar
2026-10-06T12:00:57.4826969Z [INFO]       xz-1.9.jar
2026-10-06T12:00:57.4827370Z [INFO]       plexus-i18n-1.0-beta-10.jar
2026-10-06T12:00:57.4827808Z [INFO]       plexus-utils-3.4.2.jar
2026-10-06T12:00:57.4828234Z [INFO]       doxia-sink-api-1.11.1.jar
2026-10-06T12:00:57.4828675Z [INFO]       doxia-logging-api-1.11.1.jar
2026-10-06T12:00:57.4829115Z [INFO]       doxia-core-1.11.1.jar
2026-10-06T12:00:57.4829567Z [INFO]       plexus-container-default-2.1.0.jar
2026-10-06T12:00:57.4830032Z [INFO]       xbean-reflect-3.7.jar
2026-10-06T12:00:57.4830625Z [INFO]       google-collections-1.0.jar
2026-10-06T12:00:57.4831102Z [INFO]       plexus-component-annotations-2.1.1.jar
2026-10-06T12:00:57.4831861Z [INFO]       commons-lang3-3.8.1.jar
2026-10-06T12:00:57.4832275Z [INFO]       commons-text-1.3.jar
2026-10-06T12:00:57.4832676Z [INFO]       httpclient-4.5.13.jar
2026-10-06T12:00:57.4833078Z [INFO]       commons-logging-1.2.jar
2026-10-06T12:00:57.4833506Z [INFO]       commons-codec-1.11.jar
2026-10-06T12:00:57.4833911Z [INFO]       httpcore-4.4.14.jar
2026-10-06T12:00:57.4834319Z [INFO]       doxia-module-xhtml-1.11.1.jar
2026-10-06T12:00:57.4834774Z [INFO]       doxia-module-xhtml5-1.11.1.jar
2026-10-06T12:00:57.4835237Z [INFO]       doxia-module-apt-1.11.1.jar
2026-10-06T12:00:57.4835671Z [INFO]       doxia-module-xdoc-1.11.1.jar
2026-10-06T12:00:57.4836140Z [INFO]       doxia-module-fml-1.11.1.jar
2026-10-06T12:00:57.4836652Z [INFO]       doxia-module-markdown-1.11.1.jar
2026-10-06T12:00:57.4837161Z [INFO]       flexmark-all-0.42.14.jar
2026-10-06T12:00:57.4837620Z [INFO]       flexmark-0.42.14.jar
2026-10-06T12:00:57.4838120Z [INFO]       flexmark-ext-abbreviation-0.42.14.jar
2026-10-06T12:00:57.4838687Z [INFO]       flexmark-ext-admonition-0.42.14.jar
2026-10-06T12:00:57.4839233Z [INFO]       flexmark-ext-anchorlink-0.42.14.jar
2026-10-06T12:00:57.4839745Z [INFO]       flexmark-ext-aside-0.42.14.jar
2026-10-06T12:00:57.4840405Z [INFO]       flexmark-ext-attributes-0.42.14.jar
2026-10-06T12:00:57.4841150Z [INFO]       flexmark-ext-autolink-0.42.14.jar
2026-10-06T12:00:57.4841671Z [INFO]       autolink-0.6.0.jar
2026-10-06T12:00:57.4842156Z [INFO]       flexmark-ext-definition-0.42.14.jar
2026-10-06T12:00:57.4842684Z [INFO]       flexmark-ext-emoji-0.42.14.jar
2026-10-06T12:00:57.4843275Z [INFO]       flexmark-ext-enumerated-reference-0.42.14.jar
2026-10-06T12:00:57.4843920Z [INFO]       flexmark-ext-escaped-character-0.42.14.jar
2026-10-06T12:00:57.4844516Z [INFO]       flexmark-ext-footnotes-0.42.14.jar
2026-10-06T12:00:57.4845065Z [INFO]       flexmark-ext-gfm-issues-0.42.14.jar
2026-10-06T12:00:57.4845655Z [INFO]       flexmark-ext-gfm-strikethrough-0.42.14.jar
2026-10-06T12:00:57.4846253Z [INFO]       flexmark-ext-gfm-tables-0.42.14.jar
2026-10-06T12:00:57.4846805Z [INFO]       flexmark-ext-gfm-tasklist-0.42.14.jar
2026-10-06T12:00:57.4847358Z [INFO]       flexmark-ext-gfm-users-0.42.14.jar
2026-10-06T12:00:57.4847861Z [INFO]       flexmark-ext-gitlab-0.42.14.jar
2026-10-06T12:00:57.4848430Z [INFO]       flexmark-ext-jekyll-front-matter-0.42.14.jar
2026-10-06T12:00:57.4851131Z [INFO]       flexmark-ext-jekyll-tag-0.42.14.jar
2026-10-06T12:00:57.4851781Z [INFO]       flexmark-ext-media-tags-0.42.14.jar
2026-10-06T12:00:57.4852322Z [INFO]       flexmark-ext-macros-0.42.14.jar
2026-10-06T12:00:57.4852830Z [INFO]       flexmark-ext-ins-0.42.14.jar
2026-10-06T12:00:57.4853352Z [INFO]       flexmark-ext-xwiki-macros-0.42.14.jar
2026-10-06T12:00:57.4853900Z [INFO]       flexmark-ext-superscript-0.42.14.jar
2026-10-06T12:00:57.4854445Z [INFO]       flexmark-ext-tables-0.42.14.jar
2026-10-06T12:00:57.4854939Z [INFO]       flexmark-ext-toc-0.42.14.jar
2026-10-06T12:00:57.4855455Z [INFO]       flexmark-ext-typographic-0.42.14.jar
2026-10-06T12:00:57.4856014Z [INFO]       flexmark-ext-wikilink-0.42.14.jar
2026-10-06T12:00:57.4856575Z [INFO]       flexmark-ext-yaml-front-matter-0.42.14.jar
2026-10-06T12:00:57.4857164Z [INFO]       flexmark-ext-youtube-embedded-0.42.14.jar
2026-10-06T12:00:57.4860026Z [INFO]       flexmark-formatter-0.42.14.jar
2026-10-06T12:00:57.4860892Z [INFO]       flexmark-html-parser-0.42.14.jar
2026-10-06T12:00:57.4861383Z [INFO]       jsoup-1.10.2.jar
2026-10-06T12:00:57.4861850Z [INFO]       flexmark-jira-converter-0.42.14.jar
2026-10-06T12:00:57.4862377Z [INFO]       flexmark-profile-pegdown-0.42.14.jar
2026-10-06T12:00:57.4862869Z [INFO]       flexmark-util-0.42.14.jar
2026-10-06T12:00:57.4863369Z [INFO]       flexmark-youtrack-converter-0.42.14.jar
2026-10-06T12:00:57.4863909Z [INFO]       doxia-module-confluence-1.11.1.jar
2026-10-06T12:00:57.4864459Z [INFO]       doxia-module-docbook-simple-1.11.1.jar
2026-10-06T12:00:57.4864962Z [INFO]       doxia-module-twiki-1.11.1.jar
2026-10-06T12:00:57.4865709Z [INFO]       doxia-decoration-model-1.11.1.jar
2026-10-06T12:00:57.4866281Z [INFO]       doxia-site-renderer-1.11.1.jar
2026-10-06T12:00:57.4866763Z [INFO]       doxia-skin-model-1.11.1.jar
2026-10-06T12:00:57.4867237Z [INFO]       plexus-velocity-1.2.jar
2026-10-06T12:00:57.4867736Z [INFO]       velocity-1.7.jar
2026-10-06T12:00:57.4868167Z [INFO]       commons-lang-2.4.jar
2026-10-06T12:00:57.4868612Z [INFO]       velocity-tools-2.0.jar
2026-10-06T12:00:57.4869075Z [INFO]       commons-beanutils-1.7.0.jar
2026-10-06T12:00:57.4869554Z [INFO]       commons-digester-1.8.jar
2026-10-06T12:00:57.4870004Z [INFO]       commons-chain-1.1.jar
2026-10-06T12:00:57.4870591Z [INFO]       dom4j-1.1.jar
2026-10-06T12:00:57.4870991Z [INFO]       oro-2.0.8.jar
2026-10-06T12:00:57.4871429Z [INFO]       commons-collections-3.2.2.jar
2026-10-06T12:00:57.4871946Z [INFO]       doxia-integration-tools-1.11.1.jar
2026-10-06T12:00:57.4872456Z [INFO]       jetty-server-9.4.46.v20220331.jar
2026-10-06T12:00:57.4872957Z [INFO]       javax.servlet-api-3.1.0.jar
2026-10-06T12:00:57.4873446Z [INFO]       jetty-http-9.4.46.v20220331.jar
2026-10-06T12:00:57.4873991Z [INFO]       jetty-io-9.4.46.v20220331.jar
2026-10-06T12:00:57.4874486Z [INFO]       jetty-servlet-9.4.46.v20220331.jar
2026-10-06T12:00:57.4875153Z [INFO]       jetty-security-9.4.46.v20220331.jar
2026-10-06T12:00:57.4875661Z [INFO]       jetty-util-ajax-9.4.46.v20220331.jar
2026-10-06T12:00:57.4876165Z [INFO]       jetty-webapp-9.4.46.v20220331.jar
2026-10-06T12:00:57.4876631Z [INFO]       jetty-xml-9.4.46.v20220331.jar
2026-10-06T12:00:57.4877102Z [INFO]       jetty-util-9.4.46.v20220331.jar
2026-10-06T12:00:57.4877650Z [INFO] Resolved plugin: maven-resources-plugin-3.3.1.jar
2026-10-06T12:00:57.4878155Z [INFO] Resolved plugin dependency:
2026-10-06T12:00:57.4895803Z [INFO]       maven-resources-plugin-3.3.1.jar
2026-10-06T12:00:57.4905901Z [INFO]       plexus-interpolation-1.26.jar
2026-10-06T12:00:57.4906502Z [INFO]       plexus-utils-3.5.1.jar
2026-10-06T12:00:57.4907013Z [INFO]       maven-filtering-3.3.1.jar
2026-10-06T12:00:57.4907493Z [INFO]       javax.inject-1.jar
2026-10-06T12:00:57.4907943Z [INFO]       slf4j-api-1.7.36.jar
2026-10-06T12:00:57.4908421Z [INFO]       plexus-build-api-0.0.7.jar
2026-10-06T12:00:57.4908901Z [INFO]       commons-io-2.11.0.jar
2026-10-06T12:00:57.4909365Z [INFO]       commons-lang3-3.12.0.jar
2026-10-06T12:00:57.5233847Z [INFO] Resolved plugin: maven-deploy-plugin-3.1.2.jar
2026-10-06T12:00:57.5234636Z [INFO] Resolved plugin dependency:
2026-10-06T12:00:57.5548733Z [INFO]       maven-deploy-plugin-3.1.2.jar
2026-10-06T12:00:57.5549545Z [INFO]       plexus-utils-4.0.1.jar
2026-10-06T12:00:57.5550037Z [INFO]       plexus-xml-3.0.0.jar
2026-10-06T12:00:57.5550699Z [INFO]       maven-resolver-util-1.9.18.jar
2026-10-06T12:00:57.5551230Z [INFO]       maven-resolver-api-1.9.18.jar
2026-10-06T12:00:58.3457783Z [INFO] Resolved dependency: protoc-gen-grpc-java-1.84.0-linux-x86_64.exe
2026-10-06T12:00:58.3458281Z [INFO] Resolved dependency: protoc-3.25.9-linux-x86_64.exe
2026-10-06T12:00:58.3458621Z [INFO] Resolved dependency: surefire-junit-platform-3.5.4.jar
2026-10-06T12:00:58.3458942Z [INFO] Resolved dependency: common-java5-3.5.4.jar
2026-10-06T12:00:58.3459244Z [INFO] Resolved dependency: surefire-shared-utils-3.5.4.jar
2026-10-06T12:00:58.3459578Z [INFO] Resolved dependency: junit-platform-engine-1.12.1.jar
2026-10-06T12:00:58.3461582Z [INFO] Resolved dependency: opentest4j-1.3.0.jar
2026-10-06T12:00:58.3462068Z [INFO] Resolved dependency: junit-platform-commons-1.12.1.jar
2026-10-06T12:00:58.3462621Z [INFO] Resolved dependency: surefire-api-3.5.4.jar
2026-10-06T12:00:58.3463164Z [INFO] Resolved dependency: surefire-logger-api-3.5.4.jar
2026-10-06T12:00:58.3463737Z [INFO] Resolved dependency: junit-platform-launcher-1.12.1.jar
2026-10-06T12:00:58.3464334Z [INFO] Resolved dependency: apiguardian-api-1.1.2.jar
2026-10-06T12:00:58.3469212Z [INFO] ------------------------------------------------------------------------
2026-10-06T12:00:58.3469849Z [INFO] BUILD SUCCESS
2026-10-06T12:00:58.3471081Z [INFO] ------------------------------------------------------------------------
2026-10-06T12:00:58.3482314Z [INFO] Total time:  4.429 s
2026-10-06T12:00:58.3486305Z [INFO] Finished at: 2026-10-06T12:00:58Z
2026-10-06T12:00:58.3489497Z [INFO] ------------------------------------------------------------------------
2026-10-06T12:00:58.3628537Z ##[group]Run bash services/workflow-engine/generate-proto.sh 2>&1 | tee services/workflow-engine/execution-rpc-ci-logs/regenerate.txt
2026-10-06T12:00:58.3629231Z [36;1mbash services/workflow-engine/generate-proto.sh 2>&1 | tee services/workflow-engine/execution-rpc-ci-logs/regenerate.txt[0m
2026-10-06T12:00:58.3668077Z shell: /usr/bin/bash --noprofile --norc -e -o pipefail {0}
2026-10-06T12:00:58.3668375Z env:
2026-10-06T12:00:58.3668554Z   GOTOOLCHAIN: local
2026-10-06T12:00:58.3668742Z ##[endgroup]
2026-10-06T12:00:58.4595496Z go: downloading google.golang.org/protobuf v1.36.12
2026-10-06T12:01:06.4383682Z go: downloading google.golang.org/grpc/cmd/protoc-gen-go-grpc v1.6.2
2026-10-06T12:01:06.7101806Z go: downloading google.golang.org/protobuf v1.36.11
2026-10-06T12:01:09.0874605Z protoc-gen-go v1.36.12
2026-10-06T12:01:09.0896557Z protoc-gen-go-grpc 1.6.2
2026-10-06T12:01:09.9935434Z [INFO] Scanning for projects...
2026-10-06T12:01:10.1969750Z [INFO] 
2026-10-06T12:01:10.1970811Z [INFO] --------------------< org.weaveos:workflow-engine >---------------------
2026-10-06T12:01:10.1971589Z [INFO] Building WeaveOS controlled workflow engine core 0.3.0-SNAPSHOT
2026-10-06T12:01:10.1975339Z [INFO]   from pom.xml
2026-10-06T12:01:10.1975887Z [INFO] --------------------------------[ jar ]---------------------------------
2026-10-06T12:01:10.5514558Z [INFO] ------------------------------------------------------------------------
2026-10-06T12:01:10.5540995Z [INFO] BUILD FAILURE
2026-10-06T12:01:10.5552694Z [INFO] ------------------------------------------------------------------------
2026-10-06T12:01:10.5553240Z [INFO] Total time:  0.570 s
2026-10-06T12:01:10.5553537Z [INFO] Finished at: 2026-10-06T12:01:10Z
2026-10-06T12:01:10.5553946Z [INFO] ------------------------------------------------------------------------
2026-10-06T12:01:10.5554683Z [ERROR] Failed to execute goal on project workflow-engine: Could not resolve dependencies for project org.weaveos:workflow-engine:jar:0.3.0-SNAPSHOT
2026-10-06T12:01:10.5555288Z [ERROR] dependency: com.google.errorprone:error_prone_annotations:jar:2.47.0 (compile)
2026-10-06T12:01:10.5556348Z [ERROR] 	Cannot access central-mirror (https://repo.maven.apache.org/maven2) in offline mode and the artifact com.google.errorprone:error_prone_annotations:jar:2.47.0 has not been downloaded from it before.
2026-10-06T12:01:10.5557006Z [ERROR] -> [Help 1]
2026-10-06T12:01:10.5557185Z [ERROR] 
2026-10-06T12:01:10.5557456Z [ERROR] To see the full stack trace of the errors, re-run Maven with the -e switch.
2026-10-06T12:01:10.5557837Z [ERROR] Re-run Maven using the -X switch to enable full debug logging.
2026-10-06T12:01:10.5558119Z [ERROR] 
2026-10-06T12:01:10.5558444Z [ERROR] For more information about the errors and possible solutions, please read the following articles:
2026-10-06T12:01:10.5558966Z [ERROR] [Help 1] http://cwiki.apache.org/confluence/display/MAVEN/DependencyResolutionException
2026-10-06T12:01:10.5725466Z ##[error]Process completed with exit code 1.
2026-10-06T12:01:10.5821353Z ##[group]Run actions/upload-artifact@330a01c490aca151604b8cf639adc76d48f6c5d4
2026-10-06T12:01:10.5821680Z with:
2026-10-06T12:01:10.5821866Z   name: execution-rpc-37460080807
2026-10-06T12:01:10.5822279Z   path: services/workflow-engine/target/execution-rpc-ci-reports/
services/workflow-engine/execution-rpc-ci-logs/

2026-10-06T12:01:10.5822701Z   if-no-files-found: warn
2026-10-06T12:01:10.5822898Z   retention-days: 14
2026-10-06T12:01:10.5823084Z   compression-level: 6
2026-10-06T12:01:10.5823265Z   overwrite: false
2026-10-06T12:01:10.5823446Z   include-hidden-files: false
2026-10-06T12:01:10.5823638Z env:
2026-10-06T12:01:10.5823795Z   GOTOOLCHAIN: local
2026-10-06T12:01:10.5823969Z ##[endgroup]
2026-10-06T12:01:10.7175824Z (node:3894) [DEP0040] DeprecationWarning: The `punycode` module is deprecated. Please use a userland alternative instead.
2026-10-06T12:01:10.7176725Z (Use `node --trace-deprecation ...` to show where the warning was created)
2026-10-06T12:01:10.7226798Z Multiple search paths detected. Calculating the least common ancestor of all paths
2026-10-06T12:01:10.7229030Z The least common ancestor is /home/runner/work/WeaveOS/WeaveOS/services/workflow-engine. This will be the root directory of the artifact
2026-10-06T12:01:10.7230067Z With the provided path, there will be 3 files uploaded
2026-10-06T12:01:10.7232897Z Artifact name is valid!
2026-10-06T12:01:10.7233258Z Root directory input is valid!
2026-10-06T12:01:10.9840114Z Beginning upload of artifact content to blob storage
2026-10-06T12:01:11.0014259Z (node:3894) [DEP0169] DeprecationWarning: `url.parse()` behavior is not standardized and prone to errors that have security implications. Use the WHATWG URL API instead. CVEs are not issued for `url.parse()` vulnerabilities.
2026-10-06T12:01:11.1463398Z Uploaded bytes 5026
2026-10-06T12:01:11.1892125Z Finished uploading artifact content to blob storage!
2026-10-06T12:01:11.1892896Z SHA256 digest of uploaded artifact zip is a8ce8d9fc7213b515ade55b075fc223ad429252dc2edc63134002c3eaf3d9591
2026-10-06T12:01:11.1894246Z Finalizing artifact upload
2026-10-06T12:01:11.4109070Z Artifact execution-rpc-37460080807.zip successfully finalized. Artifact ID 11412451015
2026-10-06T12:01:11.4109765Z Artifact execution-rpc-37460080807 has been successfully uploaded! Final size is 5026 bytes. Artifact ID is 11412451015
2026-10-06T12:01:11.4113800Z Artifact download URL: https://github.com/Hubujiu/WeaveOS/actions/runs/37460080807/artifacts/11412451015
2026-10-06T12:01:11.4247165Z Post job cleanup.
2026-10-06T12:01:11.4924456Z [command]/usr/bin/git version
2026-10-06T12:01:11.4955995Z git version 2.55.0
2026-10-06T12:01:11.4982594Z Temporarily overriding HOME='/home/runner/work/_temp/9f6b576e-d362-46eb-8915-deec59d3017a' before making global git config changes
2026-10-06T12:01:11.4983543Z Adding repository directory to the temporary git global config as a safe directory
2026-10-06T12:01:11.4987169Z [command]/usr/bin/git config --global --add safe.directory /home/runner/work/WeaveOS/WeaveOS
2026-10-06T12:01:11.5016894Z [command]/usr/bin/git config --local --name-only --get-regexp core\.sshCommand
2026-10-06T12:01:11.5044148Z [command]/usr/bin/git submodule foreach --recursive sh -c "git config --local --name-only --get-regexp 'core\.sshCommand' && git config --local --unset-all 'core.sshCommand' || :"
2026-10-06T12:01:11.5223992Z [command]/usr/bin/git config --local --name-only --get-regexp http\.https\:\/\/github\.com\/\.extraheader
2026-10-06T12:01:11.5247610Z [command]/usr/bin/git submodule foreach --recursive sh -c "git config --local --name-only --get-regexp 'http\.https\:\/\/github\.com\/\.extraheader' && git config --local --unset-all 'http.https://github.com/.extraheader' || :"
2026-10-06T12:01:11.5458629Z [command]/usr/bin/git config --local --name-only --get-regexp ^includeIf\.gitdir:
2026-10-06T12:01:11.5481924Z [command]/usr/bin/git submodule foreach --recursive git config --local --show-origin --name-only --get-regexp remote.origin.url
2026-10-06T12:01:11.5748593Z Cleaning up orphan processes
2026-10-06T12:01:11.6018698Z ##[warning]Node.js 20 is deprecated. The following actions target Node.js 20 but are being forced to run on Node.js 24: actions/checkout@11d5960a326750d5838078e36cf38b85af677262, actions/upload-artifact@330a01c490aca151604b8cf639adc76d48f6c5d4. For more information see: https://github.blog/changelog/2025-09-19-deprecation-of-node-20-on-github-actions-runners/

