✖ product acceptance shares a workflow-specific PR group with isolated non-PR runs (1.657706ms)
✖ product cancellation is enabled only for pull-request replacement runs (0.700259ms)
✔ product concurrency keeps the existing full verification stages unconditional (0.402168ms)
ℹ tests 3
ℹ suites 0
ℹ pass 1
ℹ fail 2
ℹ cancelled 0
ℹ skipped 0
ℹ todo 0
ℹ duration_ms 99.907287

✖ failing tests:

test at tests/governance/root-product-concurrency.test.mjs:8:1
✖ product acceptance shares a workflow-specific PR group with isolated non-PR runs (1.657706ms)
  AssertionError [ERR_ASSERTION]: missing top-level product concurrency policy
      at TestContext.<anonymous> (file:///workspace/scratch/75c2273f6a80/WeaveOS-worktrees/V030-041/tests/governance/root-product-concurrency.test.mjs:9:10)
      at Test.runInAsyncScope (node:async_hooks:227:14)
      at Test.run (node:internal/test_runner/test:1382:25)
      at Test.start (node:internal/test_runner/test:1242:17)
      at startSubtestAfterBootstrap (node:internal/test_runner/harness:387:17) {
    generatedMessage: false,
    code: 'ERR_ASSERTION',
    actual: '',
    expected: true,
    operator: '==',
    diff: 'simple'
  }

test at tests/governance/root-product-concurrency.test.mjs:14:1
✖ product cancellation is enabled only for pull-request replacement runs (0.700259ms)
  AssertionError [ERR_ASSERTION]: Expected values to be strictly equal:
  + actual - expected
  
  + undefined
  - "${{ github.event_name == 'pull_request' }}"
  
      at TestContext.<anonymous> (file:///workspace/scratch/75c2273f6a80/WeaveOS-worktrees/V030-041/tests/governance/root-product-concurrency.test.mjs:15:10)
      at Test.runInAsyncScope (node:async_hooks:227:14)
      at Test.run (node:internal/test_runner/test:1382:25)
      at Test.processPendingSubtests (node:internal/test_runner/test:960:18)
      at Test.postRun (node:internal/test_runner/test:1522:19)
      at Test.run (node:internal/test_runner/test:1447:12)
      at async startSubtestAfterBootstrap (node:internal/test_runner/harness:387:3) {
    generatedMessage: true,
    code: 'ERR_ASSERTION',
    actual: undefined,
    expected: "${{ github.event_name == 'pull_request' }}",
    operator: 'strictEqual',
    diff: 'simple'
  }
