✔ B2 CI: fixture creates a private dedicated socket database with no network/ports (4.644782ms)
✔ B2 CI: an existing state file is never overwritten (1.469181ms)
✔ B2 CI: partial startup failure is nonzero and removes only its own fixture (1.463252ms)
✔ B2 CI: successful cleanup removes its container/data/socket/state and is idempotent (1.343161ms)
✔ B2 CI: cleanup refuses wrongOwner (2.669736ms)
✔ B2 CI: cleanup refuses wrongNetwork (1.14423ms)
✔ B2 CI: cleanup refuses wrongMount (0.948664ms)
✔ B2 CI: cleanup failure is not swallowed and retains recoverable state (0.76669ms)
✔ B2 CI: cleanup refuses an outside root without any Docker action (0.738697ms)
✔ B2 CI: cleanup refuses symlink state and never touches its target (0.855954ms)
✔ B2 CI: bootstrap exports the dedicated URL and always-cleanup accepts the actual state (1.174505ms)
✔ B2 CI: bootstrap rejects unknown commands instead of silently succeeding (0.140132ms)
✔ B2 CI: Go job supplies the fixture before race tests with unconditional owned cleanup (0.321626ms)
✔ B2 CI: acceptance gives nested Go the dedicated URL and matching socket mount (2.591918ms)
✔ B2 CI: acceptance failure cleans B2 and preserves original product stop-only lifecycle (5.636561ms)
✔ B5a frozen HTTP routes, method sets and live Web Session are explicit (2.38136ms)
✔ B5a DTOs use exact closed fields and finite menu grants (0.389609ms)
✔ B5a six public error codes retain frozen HTTP status (0.442679ms)
✔ B5a new migrations have exact reviewed compatibility hashes and runtime role pin (1.288057ms)
✔ B5a.9: fixture preserves the exact approved PR21 legacy PLAN bytes (2.061337ms)
✔ B5a.9: a valid canonical task without an auxiliary document still passes (85.197516ms)
✔ B5a.9: exact registered and referenced PR21 auxiliary PLAN passes discovery (75.664633ms)
✔ B5a.9: known auxiliary path rejects replaced contents (65.083637ms)
✔ B5a.9: known auxiliary path rejects one-byte addition (98.745086ms)
✔ B5a.9: known auxiliary path rejects forged task metadata (71.751863ms)
✔ B5a.9: known auxiliary path rejects a complete second task (67.698686ms)
✔ B5a.9: auxiliary compatibility rejects missing canonical task (60.270225ms)
✔ B5a.9: auxiliary compatibility rejects missing canonical metadata (65.185072ms)
✔ B5a.9: auxiliary compatibility rejects duplicate canonical metadata (78.431543ms)
✔ B5a.9: auxiliary compatibility rejects invalid canonical JSON (62.999932ms)
✔ B5a.9: auxiliary compatibility rejects other task identity (68.691646ms)
✔ B5a.9: auxiliary compatibility rejects missing canonical owner (65.811663ms)
✔ B5a.9: auxiliary compatibility rejects wrong branch identity (71.946864ms)
✔ B5a.9: auxiliary compatibility rejects wrong worktree identity (63.95336ms)
✔ B5a.9: auxiliary compatibility rejects invalid canonical scope (66.0207ms)
✔ B5a.9: auxiliary compatibility rejects empty canonical scope (58.609285ms)
✔ B5a.9: auxiliary compatibility rejects unregistered auxiliary scope (63.471506ms)
✔ B5a.9: auxiliary compatibility rejects a scope path that merely shares the prefix (64.97894ms)
✔ B5a.9: auxiliary compatibility rejects missing canonical reference (60.367013ms)
✔ B5a.9: auxiliary compatibility rejects a reference to a different PLAN (59.328002ms)
✔ B5a.9: auxiliary compatibility rejects incomplete ready canonical task (58.069669ms)
✔ B5a.9: auxiliary compatibility rejects a prematurely accepted canonical task (57.750461ms)
✔ B5a.9: legacy exception does not admit similar or malformed name V010-021-PLAN.md (62.155546ms)
✔ B5a.9: legacy exception does not admit similar or malformed name V030-020-PLAN.md (54.14139ms)
✔ B5a.9: legacy exception does not admit similar or malformed name V020-020-PLAN.md (63.297573ms)
✔ B5a.9: legacy exception does not admit similar or malformed name V999-020-PLAN.md (62.871008ms)
✔ B5a.9: legacy exception does not admit similar or malformed name V010-20-PLAN.md (64.622396ms)
✔ B5a.9: legacy exception does not admit similar or malformed name V010-0020-PLAN.md (59.643088ms)
✔ B5a.9: legacy exception does not admit similar or malformed name v010-020-PLAN.md (58.379557ms)
✔ B5a.9: legacy exception does not admit similar or malformed name V010-020-plan.md (75.284344ms)
✔ B5a.9: legacy exception does not admit similar or malformed name V010-020-PLAN-copy.md (71.047929ms)
✔ B5a.9: legacy exception does not admit similar or malformed name V010-020-PLAN.md.md (56.633033ms)
✔ B5a.9: an approved auxiliary does not conceal an additional fake task document (57.230696ms)
✔ B5a.9: auxiliary filename and content remain unsuitable as a canonical task (0.799539ms)
✔ B5a.9: auxiliary compatibility cannot supply cleanup completion or a fake task identity (1.837718ms)
✔ FND-03: CI runs real Go validation and browser tests (1.44204ms)
✔ FND-03: product acceptance and artifacts are explicit, not fake deploys (0.325552ms)
✔ FND-04: web entry is real React with no fabricated login UI (0.524373ms)
✔ FND-05: CI retains a source bundle without bundling local credentials (0.249657ms)
✔ FND-05: RED replay metadata pins the real pre-implementation source (0.521929ms)
✔ release: all mandatory evidence present is structurally ready (5.310719ms)
✔ release: a missing or empty matrix is not a pass (0.271901ms)
✔ release: pending, skipped, failed and blocked are never passed (0.291911ms)
✔ release: missing evidence, owner or duplicate IDs are rejected (0.141394ms)
✔ remote cleanup: matching accepted remote branch can be removed (2.666822ms)
✔ remote cleanup: no remote branch remains a successful idempotent state (0.612215ms)
✔ remote cleanup: refuse unmerged (0.33721ms)
✔ remote cleanup: refuse unfinished document (0.188885ms)
✔ remote cleanup: refuse new remote commit (0.170748ms)
✔ remote cleanup: refuse unverified squash (0.315978ms)
✔ remote cleanup: refuse offline snapshot (0.17202ms)
✔ local cleanup: removed remote does not erase valid local identity (0.172871ms)
✔ local cleanup: matching refs retain identity (0.233243ms)
✔ local cleanup: divergent refs cannot hide new work (0.798177ms)
✔ Root V036: one reviewed evidence migration follows recovery hot19 (5.778576ms)
✔ Root V036: every older migration identity and source remains unchanged (3.337947ms)
✔ Root V036: only reviewed append-only evidence roles are admitted (0.828152ms)
✔ Root V036: encrypted backup fixture includes evidence migration and original wire vectors (0.40353ms)
✔ Root V036: legacy fixture resets enumerate evidence dependencies without CASCADE (0.656352ms)
✔ Root V033: hot18 has one exact reviewed registration after publication migrations (2.68514ms)
✔ Root V033: all previous migration identities remain unchanged (0.465845ms)
✔ Root V033: reviewed least-privilege role source is accepted exactly (0.58198ms)
✔ Root V033: role policy still rejects unreviewed extra privileges (0.559996ms)
✔ Root V035: exactly one reviewed recovery migration follows hot18 (1.694222ms)
✔ Root V035: every prior migration identity and actual source is preserved (1.93125ms)
✔ Root V035: reviewed scheduler-only role source is admitted exactly (0.394076ms)
✔ Root V035: accepted payload and identity cannot gain unreviewed mutation grants (0.382098ms)
✔ Root R03: every approved migration is registered once with its actual source digest (3.203994ms)
✔ Root R03: prior reviewed migration registrations retain their exact paths and hashes (1.05822ms)
✔ Root R03: the new cold audit registration precedes all dependent hot registrations (0.264169ms)
✔ Root V037: exactly reviewed action migration follows immutable evidence (1.731438ms)
✔ Root V037: all earlier migration bytes and installed roles remain unchanged (1.619168ms)
✔ Root V037: backup retains pending operation receipt and new guarded schema (0.334255ms)
✔ FND-02: parse a valid task and retain identity (1.761193ms)
✔ FND-02: malformed or duplicate metadata is rejected (0.309118ms)
✔ FND-02: a ready task with incomplete acceptance is invalid (0.282377ms)
✔ FND-02: no checkboxes is not proof of completion (0.216998ms)
✔ FND-02: mismatched branch, worktree and unsafe paths are rejected (0.265831ms)
✔ FND-02: accepted cannot be asserted before remote verification (0.165911ms)
✔ FND-02: complete remote main document + merged PR permits cleanup despite squash ancestry (0.369799ms)
✔ FND-02: refuse cleanup for offline snapshot (0.326474ms)
✔ FND-02: refuse cleanup for missing remote document (0.267885ms)
✔ FND-02: refuse cleanup for unfinished document (0.279543ms)
✔ FND-02: refuse cleanup for wrong task identity (0.157308ms)
✔ FND-02: refuse cleanup for unmerged PR (0.143577ms)
✔ FND-02: refuse cleanup for wrong merge base (0.095104ms)
✔ FND-02: refuse cleanup for different repository (0.0724ms)
✔ FND-02: refuse cleanup for other task branch (0.140883ms)
✔ FND-02: refuse cleanup for post-merge commit (0.115285ms)
✔ FND-02: refuse cleanup for dirty worktree (2.014996ms)
✔ FND-02: refuse cleanup for squash not in remote main (0.130026ms)
✔ FND-02: acceptance remains true after the task branch/worktree were cleaned (3.683098ms)
✔ FND-02: local completion without a merged PR is not accepted (0.229277ms)
✔ B0: V010 and V030 metadata and mixed approved dependencies remain valid (2.965003ms)
✔ B0: malformed/injected ID is rejected without throwing #0 (0.401106ms)
✔ B0: malformed/injected ID is rejected without throwing #1 (0.265261ms)
✔ B0: malformed/injected ID is rejected without throwing #2 (0.28478ms)
✔ B0: malformed/injected ID is rejected without throwing #3 (0.44288ms)
✔ B0: malformed/injected ID is rejected without throwing #4 (0.196427ms)
✔ B0: malformed/injected ID is rejected without throwing #5 (0.134894ms)
✔ B0: malformed/injected ID is rejected without throwing #6 (0.527147ms)
✔ B0: malformed/injected ID is rejected without throwing #7 (0.2255ms)
✔ B0: malformed/injected ID is rejected without throwing #8 (0.379944ms)
✔ B0: malformed/injected ID is rejected without throwing #9 (0.145119ms)
✔ B0: malformed/injected ID is rejected without throwing #10 (0.09947ms)
✔ B0: malformed/injected ID is rejected without throwing #11 (0.127112ms)
✔ B0: malformed/injected ID is rejected without throwing #12 (0.080551ms)
✔ B0: malformed/injected ID is rejected without throwing #13 (0.084748ms)
✔ B0: malformed/injected ID is rejected without throwing #14 (0.179852ms)
✔ B0: malformed/injected ID is rejected without throwing #15 (0.104408ms)
✔ B0: malformed/injected ID is rejected without throwing #16 (0.107433ms)
✔ B0: malformed/injected ID is rejected without throwing #17 (0.250669ms)
✔ B0: malformed/injected ID is rejected without throwing #18 (0.11276ms)
✔ B0: malformed/injected ID is rejected without throwing #19 (0.111508ms)
✔ B0: malformed/injected ID is rejected without throwing #20 (0.082685ms)
✔ B0: malformed/injected ID is rejected without throwing #21 (0.084749ms)
✔ B0: malformed/injected ID is rejected without throwing #22 (0.070978ms)
✔ B0: malformed/injected ID is rejected without throwing #23 (0.069245ms)
✔ B0: malformed/injected ID is rejected without throwing #24 (0.067352ms)
✔ B0: malformed/injected ID is rejected without throwing #25 (0.065509ms)
✔ B0: same task number in another version cannot satisfy branch/worktree identity (0.271761ms)
✔ B0: V030 retains unsafe-path, incomplete, no-PR and premature-acceptance guards (0.362748ms)
✔ B0: complete matching V030 permits the same acceptance/cleanup decisions as V010 (1.070539ms)
✔ B0: V030 acceptance and cleanup reject offline (0.288195ms)
✔ B0: V030 acceptance and cleanup reject unfinished (0.229127ms)
✔ B0: V030 acceptance and cleanup reject other version (0.180102ms)
✔ B0: V030 acceptance and cleanup reject unmerged (0.357701ms)
✔ B0: V030 acceptance and cleanup reject wrong base (0.168976ms)
✔ B0: V030 acceptance and cleanup reject wrong repository (0.321446ms)
✔ B0: V030 acceptance and cleanup reject wrong version PR (0.147764ms)
✔ B0: V030 cleanup still rejects dirty, changed-tip and unverified squash states (0.237549ms)
✔ B0: task discovery validates V030 documents instead of silently skipping them (98.293489ms)
✔ B0: discovered same-number metadata from another version is rejected (69.369572ms)
✔ B0: malformed and unsupported version-task filenames cannot disappear from discovery (209.410054ms)
✔ B0: real Git diff verifies a valid V030 PR and an unchanged V010 PR rule (186.122888ms)
✔ B0: V030 PR scope rejects an unrelated changed path (86.118042ms)
✔ B0: a V010 PR cannot consume a same-number V030 task document (97.689901ms)
✔ B0: V030 branch syntax remains exact and cannot contain malformed slug or injection (353.695469ms)
✔ B0: V030 CLI passes ID parsing then uses exact remote task path in start dry-run (485.229595ms)
✔ B0: V030 ready task still cannot be restarted (384.294688ms)
✔ B0: malformed/injected CLI IDs stop before any Git/gh execution (1170.844395ms)
✔ B0: remote helper recognizes V030 while retaining exact-head conditional deletion (543.120895ms)
✔ B0: remote helper never deletes an unmerged or other-version task (479.350678ms)
✔ maintenance is a nondefault one-shot profile in runtime and installed config (2.437655ms)
✔ hourly cron invokes the same single-run operation as manual maintenance (0.398282ms)
✔ receiver rejects unreviewed profile/command/restart and topology mutations (0.602982ms)
✔ ordinary release cannot silently upgrade the installed resident maintenance topology (0.417271ms)
✔ one-shot orchestration records success without raw output (2.881305ms)
✔ one-shot orchestration records failure without raw output (0.603372ms)
✔ memory probe samples the four resident containers, not the exited task (25.809779ms)
✔ Q18 accepts declared compatible expansion but rejects history rewrite, missing approval and stale releases (1.449341ms)
✔ Q18 deployment only changes approved runtime config and exact images, retaining private volumes and origin (1.922967ms)
✔ approved config cannot include other host compose files, weaken service confinement or join external networks (0.717164ms)
✔ public Nginx rendering preserves API boundary and creates fixed HTTPS redirect (0.627549ms)
✔ promotion validates and backs up before migration and records only a healthy deployment (1.371153ms)
✔ backup failure never migrates; activation or health failure restores prior app/config without Down (0.490371ms)
✔ main delivery runs verification and acceptance before a serialized secret-scoped deployment (0.296419ms)
✔ compatibility registry uses explicit digest records, rejects ambiguous duplicate approvals (0.276999ms)
✔ transport rejects undeclared content, checksum tampering, secret paths, invalid image identities and oversized payloads (1.961245ms)
✔ framed receiver verifies every byte and rejects truncated, appended and corrupt images (6.104138ms)
✔ four kinds are stored by explicit natural day and only safe fields survive (19.239797ms)
✔ retention dry-run selects only approved kinds and inclusive natural-day cutoff (2.545478ms)
✔ symlinked category and destination file cannot escape the log root (0.973622ms)
✔ Q20 actual cleanup removes only days older than the approved inclusive 30-day window (3.628675ms)
✔ Q20 rejects nonapproved destructive parameters and preflights all paths before deleting (4.588396ms)
✔ Q20 installed policy accepts exactly confirmed deletion parameters and schedules bounded daily cleanup (0.837636ms)
✔ Q20 cleanup is daily and shares the collection lock (0.207294ms)
✔ FR06 common rules render local and public explicit environments (3.211775ms)
✔ FR06 explicit parameters reject config injection and invalid HSTS scope (0.810615ms)
✔ certificate task logs fixed outcomes without persisting raw command secrets (3.912826ms)
✔ collector records access stdout and application stderr, advances window, and excludes raw text (21.981031ms)
✔ approved explicit config connects operation records and collector is scheduled without deletion (1.075226ms)
✔ collector and Q20 cleanup are scheduled with the same overlap protection (0.37697ms)
✔ failed docker collection does not advance cursor or publish raw diagnostics (0.769804ms)
✔ unexpected HTTP method cannot stall collection or persist arbitrary method text (1.15078ms)
✔ Q25 cold audit migration precedes hot migration: infra/acceptance/run.mjs (1.345945ms)
✔ Q25 cold audit migration precedes hot migration: infra/runtime/run.mjs (0.224951ms)
✔ Q25 cold audit migration precedes hot migration: .github/workflows/ci.yml (0.18499ms)
✔ Q25 cold audit migration precedes hot migration: infra/server/deploy/receive.mjs (0.402208ms)
✔ acceptance component count derives from the actual Playwright report (0.466024ms)
✔ Q25 personnel API regression is included in the real HTTPS entrypoint (0.320595ms)
✔ Q25 pinned role upgrade is executed with real PostgreSQL by the product workflow (0.282477ms)
✔ Q25 compatibility manifest records each new reviewed immutable migration (0.941353ms)
✔ GOV-01..04: valid repository passes without mutation (5.528588ms)
✔ GOV-01: missing file fails with its path (2.240868ms)
✔ GOV-01: whitespace-only required file is not valid (3.041999ms)
✔ GOV-02: deleting each hard-rule marker fails (3.187489ms)
✔ GOV-03: malformed JSON is reported, not thrown (1.638617ms)
✔ GOV-03: incorrect version and project fail (2.153175ms)
✔ GOV-03: impossible calendar date fails (1.409772ms)
✔ GOV-03: empty sources and non-object registry fail (1.5745ms)
✔ GOV-03: duplicate keys and page IDs fail (2.843368ms)
✔ GOV-03: external or mismatched source URLs fail (1.428419ms)
✔ GOV-03: missing metadata and malformed page ID fail (1.669524ms)
✔ GOV-03: unknown, duplicate and empty route references fail (1.748023ms)
✔ GOV-03: mandatory routes and always/product anchors cannot disappear (1.729905ms)
✔ GOV-04: nested instruction override fails (1.037398ms)
✔ GOV-04: generated/dependency directories are ignored (0.900862ms)
✔ GOV-01: nonexistent root reports errors (0.427877ms)
✔ CLI: valid repository exits zero (64.80368ms)
✔ CLI: invalid repository exits one and explains failure (72.922043ms)
✔ public HTTPS exposes only edge ports and preserves private data, images and input (3.52541ms)
✔ public access rejects untrusted TLS while default deployment stays private (0.572265ms)
✔ HTTP redirects all paths to the fixed HTTPS origin without trusting Host (0.341957ms)
✔ public TLS preserves same-origin API, non-cacheable auth and trusted proxy boundary (0.417341ms)
✔ existing loopback health and DNS-01 renewal still work independently of public DNS (0.577312ms)
✔ API actual TAP report counts every passed case (1.468881ms)
✔ API failed, skipped, truncated and contradictory reports cannot publish success (0.473576ms)
✔ browser counts come from the successful complete JSON report (0.35059ms)
✔ browser failure, flakiness, skips and empty reports cannot publish success (0.200723ms)
✔ real API/browser reports drive the published counts: infra/acceptance/run.mjs (0.35778ms)
✔ real API/browser reports drive the published counts: infra/runtime/run.mjs (0.21149ms)
✔ product acceptance shares a workflow-specific PR group with isolated non-PR runs (1.111019ms)
✔ product cancellation is enabled only for pull-request replacement runs (0.304571ms)
✔ product concurrency keeps the existing full verification stages unconditional (0.457512ms)
✔ ACME runner fixes operations, passes credentials only in environment and reports sanitized failure (3.338206ms)
✔ certificate activation verifies system trust before file replacement and validates Nginx before reload (44.743063ms)
✔ domain health verifies hostname with default trust while reaching only the SSH loopback endpoint (0.448097ms)
✔ domain health fixes IPv4 so Node never requests an all-address lookup result (0.190528ms)
▶ provided CSV is data only and maps exactly one credential pair without executing fields
  ✔ BOM, quoted headers and CRLF are supported (0.540337ms)
  ✔ missing, multiple and non-data values fail closed (0.302157ms)
  ✔ dotenv admits only the required names and never evaluates shell (0.446905ms)
✔ provided CSV is data only and maps exactly one credential pair without executing fields (1.886402ms)
▶ Q16 public-trust domain config keeps the SSH listener and schedules automatic renewal
  ✔ domain origin with loopback only (0.245772ms)
  ✔ renew twice daily without self-signed trust (0.339584ms)
✔ Q16 public-trust domain config keeps the SSH listener and schedules automatic renewal (1.27659ms)
▶ Q16 validates the actual certificate host, private key and remaining lifetime before replacement
  ✔ matching actual identity and key are accepted (0.806029ms)
  ✔ unrelated certificate is rejected (0.354506ms)
  ✔ mismatched private key is rejected (0.590573ms)
  ✔ expired certificate is rejected (0.265382ms)
✔ Q16 validates the actual certificate host, private key and remaining lifetime before replacement (158.988673ms)
✔ Q16 a failed Nginx validation restores both previous files and reloads the previous certificate (0.775062ms)
✔ Q16 explicitly uses Let's Encrypt DNSPod DNS-01 for the confirmed domain and no public listener (0.202356ms)
✔ Q15 server exposes only loopback HTTPS and preserves internal data network (0.265771ms)
✔ private Bootstrap credentials preserve the accepted seed JSON password field and exclude test fixtures (0.219031ms)
✔ operational schedules retain TLS verification, prevent overlap, and invoke only runtime tools (0.209957ms)
✔ server maintenance addresses only the authorized deployment and does not run test/build commands (0.43004ms)
✔ finished services restart automatically and have finite resource and log budgets (0.229487ms)
✔ deployment refuses every existing directory, including apparently empty ones (0.296719ms)
ℹ tests 259
ℹ suites 0
ℹ pass 259
ℹ fail 0
ℹ cancelled 0
ℹ skipped 0
ℹ todo 0
ℹ duration_ms 4462.555586
