=== RUN   TestRootQueueClaimUsesBoundedDueIndexAtTwentyThousandRows
    root_queue_plan_test.go:47: isolated migrated PostgreSQL required
--- FAIL: TestRootQueueClaimUsesBoundedDueIndexAtTwentyThousandRows (0.00s)
=== RUN   TestRootRunRejectsInvalidWorker
--- PASS: TestRootRunRejectsInvalidWorker (0.00s)
=== RUN   TestRootRunRejectsNilContext
--- PASS: TestRootRunRejectsNilContext (0.00s)
=== RUN   TestRootLoopCancelledBeforeFirstClaim
--- PASS: TestRootLoopCancelledBeforeFirstClaim (0.00s)
=== RUN   TestRootLoopDrainsWorkWithoutIdleSleep
--- PASS: TestRootLoopDrainsWorkWithoutIdleSleep (0.00s)
=== RUN   TestRootLoopIdleUsesBoundedCancellableWait
--- PASS: TestRootLoopIdleUsesBoundedCancellableWait (0.00s)
=== RUN   TestRootLoopErrorBacksOffEvenWhenWorkClaimed
--- PASS: TestRootLoopErrorBacksOffEvenWhenWorkClaimed (0.00s)
=== RUN   TestRootLoopCancellationAfterDispatchSkipsWaitAndNewClaim
--- PASS: TestRootLoopCancellationAfterDispatchSkipsWaitAndNewClaim (0.00s)
=== RUN   TestRootLoopRejectsIncompleteSeams
--- PASS: TestRootLoopRejectsIncompleteSeams (0.00s)
FAIL
FAIL	github.com/Hubujiu/WeaveOS/services/bff/internal/workflowexecution	0.033s
FAIL
