
Thanks for using JUnit! Support its development at https://junit.org/sponsoring

╷
├─ JUnit Platform Suite ✔
├─ JUnit Jupiter ✔
│  └─ RootRuntimeConfigurationTest ✔
│     ├─ unsafeJdbcTargetsAreRejected() ✔
│     ├─ resourceLimitsRejectInvalidOrUnboundedValues() ✔
│     ├─ schemaUsesSafeExplicitIdentifier() ✔
│     ├─ privateAndLoopbackJdbcTargetsAreAccepted() ✔
│     ├─ requiredFieldsFailClosed() ✔
│     ├─ bindHostAndPortAreValidated() ✔
│     ├─ completeConfigurationUsesBoundedDefaults() ✔
│     ├─ unknownEngineOptionsAreNotSilentlyIgnored() ✔
│     ├─ parsedConfigurationDoesNotRetainMutableEnvironmentMap() ✔
│     ├─ configurationAndErrorsNeverEchoSecrets() ✔
│     └─ resourceBoundariesAreAccepted() ✔
└─ JUnit Vintage ✔

Test run finished after 128 ms
[         4 containers found      ]
[         0 containers skipped    ]
[         4 containers started    ]
[         0 containers aborted    ]
[         4 containers successful ]
[         0 containers failed     ]
[        11 tests found           ]
[         0 tests skipped         ]
[        11 tests started         ]
[         0 tests aborted         ]
[        11 tests successful      ]
[         0 tests failed          ]

