
Thanks for using JUnit! Support its development at https://junit.org/sponsoring

╷
├─ JUnit Platform Suite ✔
├─ JUnit Jupiter ✔
│  └─ RootRuntimeConfigurationTest ✔
│     ├─ unsafeJdbcTargetsAreRejected() ✘ Expected java.lang.IllegalArgumentException to be thrown, but nothing was thrown.
│     ├─ resourceLimitsRejectInvalidOrUnboundedValues() ✘ Expected java.lang.IllegalArgumentException to be thrown, but nothing was thrown.
│     ├─ schemaUsesSafeExplicitIdentifier() ✘ expected: <app_flow> but was: <null>
│     ├─ privateAndLoopbackJdbcTargetsAreAccepted() ✘ expected: <jdbc:postgresql://engine-db.internal:5432/flowable> but was: <null>
│     ├─ requiredFieldsFailClosed() ✘ Expected java.lang.IllegalArgumentException to be thrown, but nothing was thrown.
│     ├─ bindHostAndPortAreValidated() ✘ expected: <127.0.0.1> but was: <null>
│     ├─ completeConfigurationUsesBoundedDefaults() ✘ expected: <jdbc:postgresql://engine-db:5432/flowable> but was: <null>
│     ├─ unknownEngineOptionsAreNotSilentlyIgnored() ✘ Expected java.lang.IllegalArgumentException to be thrown, but nothing was thrown.
│     ├─ parsedConfigurationDoesNotRetainMutableEnvironmentMap() ✘ expected: <jdbc:postgresql://engine-db:5432/flowable> but was: <null>
│     ├─ configurationAndErrorsNeverEchoSecrets() ✘ expected: <[REDACTED workflow runtime configuration]> but was: <org.weaveos.workflow.RuntimeConfiguration@79145d5a>
│     └─ resourceBoundariesAreAccepted() ✘ expected: <16> but was: <0>
└─ JUnit Vintage ✔

Failures (11):
  JUnit Jupiter:RootRuntimeConfigurationTest:unsafeJdbcTargetsAreRejected()
    MethodSource [className = 'org.weaveos.workflow.RootRuntimeConfigurationTest', methodName = 'unsafeJdbcTargetsAreRejected', methodParameterTypes = '']
    => org.opentest4j.AssertionFailedError: Expected java.lang.IllegalArgumentException to be thrown, but nothing was thrown.
       org.junit.jupiter.api.AssertionFailureBuilder.build(AssertionFailureBuilder.java:159)
       org.junit.jupiter.api.AssertThrows.assertThrows(AssertThrows.java:74)
       org.junit.jupiter.api.AssertThrows.assertThrows(AssertThrows.java:35)
       org.junit.jupiter.api.Assertions.assertThrows(Assertions.java:3223)
       org.weaveos.workflow.RootRuntimeConfigurationTest.invalid(RootRuntimeConfigurationTest.java:14)
       org.weaveos.workflow.RootRuntimeConfigurationTest.unsafeJdbcTargetsAreRejected(RootRuntimeConfigurationTest.java:25)
  JUnit Jupiter:RootRuntimeConfigurationTest:resourceLimitsRejectInvalidOrUnboundedValues()
    MethodSource [className = 'org.weaveos.workflow.RootRuntimeConfigurationTest', methodName = 'resourceLimitsRejectInvalidOrUnboundedValues', methodParameterTypes = '']
    => org.opentest4j.AssertionFailedError: Expected java.lang.IllegalArgumentException to be thrown, but nothing was thrown.
       org.junit.jupiter.api.AssertionFailureBuilder.build(AssertionFailureBuilder.java:159)
       org.junit.jupiter.api.AssertThrows.assertThrows(AssertThrows.java:74)
       org.junit.jupiter.api.AssertThrows.assertThrows(AssertThrows.java:35)
       org.junit.jupiter.api.Assertions.assertThrows(Assertions.java:3223)
       org.weaveos.workflow.RootRuntimeConfigurationTest.invalid(RootRuntimeConfigurationTest.java:14)
       org.weaveos.workflow.RootRuntimeConfigurationTest.resourceLimitsRejectInvalidOrUnboundedValues(RootRuntimeConfigurationTest.java:42)
  JUnit Jupiter:RootRuntimeConfigurationTest:schemaUsesSafeExplicitIdentifier()
    MethodSource [className = 'org.weaveos.workflow.RootRuntimeConfigurationTest', methodName = 'schemaUsesSafeExplicitIdentifier', methodParameterTypes = '']
    => org.opentest4j.AssertionFailedError: expected: <app_flow> but was: <null>
       org.junit.jupiter.api.AssertionFailureBuilder.build(AssertionFailureBuilder.java:158)
       org.junit.jupiter.api.AssertionFailureBuilder.buildAndThrow(AssertionFailureBuilder.java:139)
       org.junit.jupiter.api.AssertEquals.failNotEqual(AssertEquals.java:201)
       org.junit.jupiter.api.AssertEquals.assertEquals(AssertEquals.java:184)
       org.junit.jupiter.api.AssertEquals.assertEquals(AssertEquals.java:179)
       org.junit.jupiter.api.Assertions.assertEquals(Assertions.java:1188)
       org.weaveos.workflow.RootRuntimeConfigurationTest.schemaUsesSafeExplicitIdentifier(RootRuntimeConfigurationTest.java:31)
  JUnit Jupiter:RootRuntimeConfigurationTest:privateAndLoopbackJdbcTargetsAreAccepted()
    MethodSource [className = 'org.weaveos.workflow.RootRuntimeConfigurationTest', methodName = 'privateAndLoopbackJdbcTargetsAreAccepted', methodParameterTypes = '']
    => org.opentest4j.AssertionFailedError: expected: <jdbc:postgresql://engine-db.internal:5432/flowable> but was: <null>
       org.junit.jupiter.api.AssertionFailureBuilder.build(AssertionFailureBuilder.java:158)
       org.junit.jupiter.api.AssertionFailureBuilder.buildAndThrow(AssertionFailureBuilder.java:139)
       org.junit.jupiter.api.AssertEquals.failNotEqual(AssertEquals.java:201)
       org.junit.jupiter.api.AssertEquals.assertEquals(AssertEquals.java:184)
       org.junit.jupiter.api.AssertEquals.assertEquals(AssertEquals.java:179)
       org.junit.jupiter.api.Assertions.assertEquals(Assertions.java:1188)
       org.weaveos.workflow.RootRuntimeConfigurationTest.privateAndLoopbackJdbcTargetsAreAccepted(RootRuntimeConfigurationTest.java:28)
  JUnit Jupiter:RootRuntimeConfigurationTest:requiredFieldsFailClosed()
    MethodSource [className = 'org.weaveos.workflow.RootRuntimeConfigurationTest', methodName = 'requiredFieldsFailClosed', methodParameterTypes = '']
    => org.opentest4j.AssertionFailedError: Expected java.lang.IllegalArgumentException to be thrown, but nothing was thrown.
       org.junit.jupiter.api.AssertionFailureBuilder.build(AssertionFailureBuilder.java:159)
       org.junit.jupiter.api.AssertThrows.assertThrows(AssertThrows.java:74)
       org.junit.jupiter.api.AssertThrows.assertThrows(AssertThrows.java:35)
       org.junit.jupiter.api.Assertions.assertThrows(Assertions.java:3223)
       org.weaveos.workflow.RootRuntimeConfigurationTest.invalid(RootRuntimeConfigurationTest.java:14)
       org.weaveos.workflow.RootRuntimeConfigurationTest.requiredFieldsFailClosed(RootRuntimeConfigurationTest.java:19)
  JUnit Jupiter:RootRuntimeConfigurationTest:bindHostAndPortAreValidated()
    MethodSource [className = 'org.weaveos.workflow.RootRuntimeConfigurationTest', methodName = 'bindHostAndPortAreValidated', methodParameterTypes = '']
    => org.opentest4j.AssertionFailedError: expected: <127.0.0.1> but was: <null>
       org.junit.jupiter.api.AssertionFailureBuilder.build(AssertionFailureBuilder.java:158)
       org.junit.jupiter.api.AssertionFailureBuilder.buildAndThrow(AssertionFailureBuilder.java:139)
       org.junit.jupiter.api.AssertEquals.failNotEqual(AssertEquals.java:201)
       org.junit.jupiter.api.AssertEquals.assertEquals(AssertEquals.java:184)
       org.junit.jupiter.api.AssertEquals.assertEquals(AssertEquals.java:179)
       org.junit.jupiter.api.Assertions.assertEquals(Assertions.java:1188)
       org.weaveos.workflow.RootRuntimeConfigurationTest.bindHostAndPortAreValidated(RootRuntimeConfigurationTest.java:35)
  JUnit Jupiter:RootRuntimeConfigurationTest:completeConfigurationUsesBoundedDefaults()
    MethodSource [className = 'org.weaveos.workflow.RootRuntimeConfigurationTest', methodName = 'completeConfigurationUsesBoundedDefaults', methodParameterTypes = '']
    => org.opentest4j.AssertionFailedError: expected: <jdbc:postgresql://engine-db:5432/flowable> but was: <null>
       org.junit.jupiter.api.AssertionFailureBuilder.build(AssertionFailureBuilder.java:158)
       org.junit.jupiter.api.AssertionFailureBuilder.buildAndThrow(AssertionFailureBuilder.java:139)
       org.junit.jupiter.api.AssertEquals.failNotEqual(AssertEquals.java:201)
       org.junit.jupiter.api.AssertEquals.assertEquals(AssertEquals.java:184)
       org.junit.jupiter.api.AssertEquals.assertEquals(AssertEquals.java:179)
       org.junit.jupiter.api.Assertions.assertEquals(Assertions.java:1188)
       org.weaveos.workflow.RootRuntimeConfigurationTest.completeConfigurationUsesBoundedDefaults(RootRuntimeConfigurationTest.java:16)
  JUnit Jupiter:RootRuntimeConfigurationTest:unknownEngineOptionsAreNotSilentlyIgnored()
    MethodSource [className = 'org.weaveos.workflow.RootRuntimeConfigurationTest', methodName = 'unknownEngineOptionsAreNotSilentlyIgnored', methodParameterTypes = '']
    => org.opentest4j.AssertionFailedError: Expected java.lang.IllegalArgumentException to be thrown, but nothing was thrown.
       org.junit.jupiter.api.AssertionFailureBuilder.build(AssertionFailureBuilder.java:159)
       org.junit.jupiter.api.AssertThrows.assertThrows(AssertThrows.java:74)
       org.junit.jupiter.api.AssertThrows.assertThrows(AssertThrows.java:35)
       org.junit.jupiter.api.Assertions.assertThrows(Assertions.java:3223)
       org.weaveos.workflow.RootRuntimeConfigurationTest.invalid(RootRuntimeConfigurationTest.java:14)
       org.weaveos.workflow.RootRuntimeConfigurationTest.unknownEngineOptionsAreNotSilentlyIgnored(RootRuntimeConfigurationTest.java:54)
  JUnit Jupiter:RootRuntimeConfigurationTest:parsedConfigurationDoesNotRetainMutableEnvironmentMap()
    MethodSource [className = 'org.weaveos.workflow.RootRuntimeConfigurationTest', methodName = 'parsedConfigurationDoesNotRetainMutableEnvironmentMap', methodParameterTypes = '']
    => org.opentest4j.AssertionFailedError: expected: <jdbc:postgresql://engine-db:5432/flowable> but was: <null>
       org.junit.jupiter.api.AssertionFailureBuilder.build(AssertionFailureBuilder.java:158)
       org.junit.jupiter.api.AssertionFailureBuilder.buildAndThrow(AssertionFailureBuilder.java:139)
       org.junit.jupiter.api.AssertEquals.failNotEqual(AssertEquals.java:201)
       org.junit.jupiter.api.AssertEquals.assertEquals(AssertEquals.java:184)
       org.junit.jupiter.api.AssertEquals.assertEquals(AssertEquals.java:179)
       org.junit.jupiter.api.Assertions.assertEquals(Assertions.java:1188)
       org.weaveos.workflow.RootRuntimeConfigurationTest.parsedConfigurationDoesNotRetainMutableEnvironmentMap(RootRuntimeConfigurationTest.java:57)
  JUnit Jupiter:RootRuntimeConfigurationTest:configurationAndErrorsNeverEchoSecrets()
    MethodSource [className = 'org.weaveos.workflow.RootRuntimeConfigurationTest', methodName = 'configurationAndErrorsNeverEchoSecrets', methodParameterTypes = '']
    => org.opentest4j.AssertionFailedError: expected: <[REDACTED workflow runtime configuration]> but was: <org.weaveos.workflow.RuntimeConfiguration@79145d5a>
       org.junit.jupiter.api.AssertionFailureBuilder.build(AssertionFailureBuilder.java:158)
       org.junit.jupiter.api.AssertionFailureBuilder.buildAndThrow(AssertionFailureBuilder.java:139)
       org.junit.jupiter.api.AssertEquals.failNotEqual(AssertEquals.java:201)
       org.junit.jupiter.api.AssertEquals.assertEquals(AssertEquals.java:184)
       org.junit.jupiter.api.AssertEquals.assertEquals(AssertEquals.java:179)
       org.junit.jupiter.api.Assertions.assertEquals(Assertions.java:1188)
       org.weaveos.workflow.RootRuntimeConfigurationTest.configurationAndErrorsNeverEchoSecrets(RootRuntimeConfigurationTest.java:50)
  JUnit Jupiter:RootRuntimeConfigurationTest:resourceBoundariesAreAccepted()
    MethodSource [className = 'org.weaveos.workflow.RootRuntimeConfigurationTest', methodName = 'resourceBoundariesAreAccepted', methodParameterTypes = '']
    => org.opentest4j.AssertionFailedError: expected: <16> but was: <0>
       org.junit.jupiter.api.AssertionFailureBuilder.build(AssertionFailureBuilder.java:158)
       org.junit.jupiter.api.AssertionFailureBuilder.buildAndThrow(AssertionFailureBuilder.java:139)
       org.junit.jupiter.api.AssertEquals.failNotEqual(AssertEquals.java:201)
       org.junit.jupiter.api.AssertEquals.assertEquals(AssertEquals.java:152)
       org.junit.jupiter.api.AssertEquals.assertEquals(AssertEquals.java:147)
       org.junit.jupiter.api.Assertions.assertEquals(Assertions.java:558)
       org.weaveos.workflow.RootRuntimeConfigurationTest.resourceBoundariesAreAccepted(RootRuntimeConfigurationTest.java:46)

Test run finished after 101 ms
[         4 containers found      ]
[         0 containers skipped    ]
[         4 containers started    ]
[         0 containers aborted    ]
[         4 containers successful ]
[         0 containers failed     ]
[        11 tests found           ]
[         0 tests skipped         ]
[        11 tests started         ]
[         0 tests aborted         ]
[         0 tests successful      ]
[        11 tests failed          ]

