
Thanks for using JUnit! Support its development at https://junit.org/sponsoring

╷
├─ JUnit Platform Suite ✔
├─ JUnit Jupiter ✔
│  └─ RootRuntimeLoggingTest ✔
│     ├─ verboseLibraryMessagesAreNotEnabledByDefault() ✘ expected: <true> but was: <false>
│     ├─ repeatedInitializationDoesNotSilenceOrDuplicateWarnings() ✘ expected: <1> but was: <0>
│     ├─ julLibraryFailuresUseTheSameSafeBoundary() ✘ free-form library payload escaped: private_business_and_token_marker_41 ==> expected: <false> but was: <true>
│     └─ slf4jLibraryFailuresKeepSignalWithoutPayloadOrStack() ✘ expected: <true> but was: <false>
└─ JUnit Vintage ✔

Failures (4):
  JUnit Jupiter:RootRuntimeLoggingTest:verboseLibraryMessagesAreNotEnabledByDefault()
    MethodSource [className = 'org.weaveos.workflow.RootRuntimeLoggingTest', methodName = 'verboseLibraryMessagesAreNotEnabledByDefault', methodParameterTypes = '']
    => org.opentest4j.AssertionFailedError: expected: <true> but was: <false>
       org.junit.jupiter.api.AssertionFailureBuilder.build(AssertionFailureBuilder.java:158)
       org.junit.jupiter.api.AssertionFailureBuilder.buildAndThrow(AssertionFailureBuilder.java:139)
       org.junit.jupiter.api.AssertTrue.failNotTrue(AssertTrue.java:69)
       org.junit.jupiter.api.AssertTrue.assertTrue(AssertTrue.java:41)
       org.junit.jupiter.api.AssertTrue.assertTrue(AssertTrue.java:35)
       org.junit.jupiter.api.Assertions.assertTrue(Assertions.java:195)
       org.weaveos.workflow.RootRuntimeLoggingTest.verboseLibraryMessagesAreNotEnabledByDefault(RootRuntimeLoggingTest.java:50)
  JUnit Jupiter:RootRuntimeLoggingTest:repeatedInitializationDoesNotSilenceOrDuplicateWarnings()
    MethodSource [className = 'org.weaveos.workflow.RootRuntimeLoggingTest', methodName = 'repeatedInitializationDoesNotSilenceOrDuplicateWarnings', methodParameterTypes = '']
    => org.opentest4j.AssertionFailedError: expected: <1> but was: <0>
       org.junit.jupiter.api.AssertionFailureBuilder.build(AssertionFailureBuilder.java:158)
       org.junit.jupiter.api.AssertionFailureBuilder.buildAndThrow(AssertionFailureBuilder.java:139)
       org.junit.jupiter.api.AssertEquals.failNotEqual(AssertEquals.java:201)
       org.junit.jupiter.api.AssertEquals.assertEquals(AssertEquals.java:152)
       org.junit.jupiter.api.AssertEquals.assertEquals(AssertEquals.java:147)
       org.junit.jupiter.api.Assertions.assertEquals(Assertions.java:558)
       org.weaveos.workflow.RootRuntimeLoggingTest.repeatedInitializationDoesNotSilenceOrDuplicateWarnings(RootRuntimeLoggingTest.java:54)
  JUnit Jupiter:RootRuntimeLoggingTest:julLibraryFailuresUseTheSameSafeBoundary()
    MethodSource [className = 'org.weaveos.workflow.RootRuntimeLoggingTest', methodName = 'julLibraryFailuresUseTheSameSafeBoundary', methodParameterTypes = '']
    => org.opentest4j.AssertionFailedError: free-form library payload escaped: private_business_and_token_marker_41 ==> expected: <false> but was: <true>
       org.junit.jupiter.api.AssertionFailureBuilder.build(AssertionFailureBuilder.java:158)
       org.junit.jupiter.api.AssertionFailureBuilder.buildAndThrow(AssertionFailureBuilder.java:139)
       org.junit.jupiter.api.AssertFalse.failNotFalse(AssertFalse.java:69)
       org.junit.jupiter.api.AssertFalse.assertFalse(AssertFalse.java:41)
       org.junit.jupiter.api.Assertions.assertFalse(Assertions.java:255)
       org.weaveos.workflow.RootRuntimeLoggingTest.noPayload(RootRuntimeLoggingTest.java:37)
       org.weaveos.workflow.RootRuntimeLoggingTest.julLibraryFailuresUseTheSameSafeBoundary(RootRuntimeLoggingTest.java:44)
  JUnit Jupiter:RootRuntimeLoggingTest:slf4jLibraryFailuresKeepSignalWithoutPayloadOrStack()
    MethodSource [className = 'org.weaveos.workflow.RootRuntimeLoggingTest', methodName = 'slf4jLibraryFailuresKeepSignalWithoutPayloadOrStack', methodParameterTypes = '']
    => org.opentest4j.AssertionFailedError: expected: <true> but was: <false>
       org.junit.jupiter.api.AssertionFailureBuilder.build(AssertionFailureBuilder.java:158)
       org.junit.jupiter.api.AssertionFailureBuilder.buildAndThrow(AssertionFailureBuilder.java:139)
       org.junit.jupiter.api.AssertTrue.failNotTrue(AssertTrue.java:69)
       org.junit.jupiter.api.AssertTrue.assertTrue(AssertTrue.java:41)
       org.junit.jupiter.api.AssertTrue.assertTrue(AssertTrue.java:35)
       org.junit.jupiter.api.Assertions.assertTrue(Assertions.java:195)
       org.weaveos.workflow.RootRuntimeLoggingTest.slf4jLibraryFailuresKeepSignalWithoutPayloadOrStack(RootRuntimeLoggingTest.java:41)

Test run finished after 454 ms
[         4 containers found      ]
[         0 containers skipped    ]
[         4 containers started    ]
[         0 containers aborted    ]
[         4 containers successful ]
[         0 containers failed     ]
[         4 tests found           ]
[         0 tests skipped         ]
[         4 tests started         ]
[         0 tests aborted         ]
[         0 tests successful      ]
[         4 tests failed          ]

