2026-10-06T11:15:27.1694832Z Current runner version: '2.337.0'
2026-10-06T11:15:27.1713308Z ##[group]Runner Image Provisioner
2026-10-06T11:15:27.1713933Z Hosted Compute Agent
2026-10-06T11:15:27.1714320Z Version: 20260901.588
2026-10-06T11:15:27.1714807Z Commit: f88ec8081b781fac6c440065ac7ff9e710ce3d0b
2026-10-06T11:15:27.1715309Z Build Date: 2026-09-01T19:56:44Z
2026-10-06T11:15:27.1715824Z Worker ID: {ad97bc34-4fd5-4026-bbc7-dfeab9d91875}
2026-10-06T11:15:27.1716314Z Azure Region: centralus
2026-10-06T11:15:27.1716700Z ##[endgroup]
2026-10-06T11:15:27.1717690Z ##[group]Operating System
2026-10-06T11:15:27.1718106Z Ubuntu
2026-10-06T11:15:27.1718460Z 24.04.5
2026-10-06T11:15:27.1718821Z LTS
2026-10-06T11:15:27.1719929Z ##[endgroup]
2026-10-06T11:15:27.1720441Z ##[group]Runner Image
2026-10-06T11:15:27.1720995Z Image: ubuntu-24.04
2026-10-06T11:15:27.1721520Z Version: 20260927.320.1
2026-10-06T11:15:27.1722805Z Included Software: https://github.com/actions/runner-images/blob/ubuntu24/20260927.320/images/ubuntu/Ubuntu2404-Readme.md
2026-10-06T11:15:27.1724350Z Image Release: https://github.com/actions/runner-images/releases/tag/ubuntu24%2F20260927.320
2026-10-06T11:15:27.1725308Z ##[endgroup]
2026-10-06T11:15:27.1726417Z ##[group]GITHUB_TOKEN Permissions
2026-10-06T11:15:27.1728728Z Contents: read
2026-10-06T11:15:27.1729587Z Metadata: read
2026-10-06T11:15:27.1730152Z ##[endgroup]
2026-10-06T11:15:27.1732039Z Secret source: Actions
2026-10-06T11:15:27.1732937Z Cache mode: write
2026-10-06T11:15:27.1733965Z Prepare workflow directory
2026-10-06T11:15:27.2011198Z Prepare all required actions
2026-10-06T11:15:27.2051299Z Getting action download info
2026-10-06T11:15:27.4640351Z Download action repository 'actions/checkout@11d5960a326750d5838078e36cf38b85af677262' (SHA:11d5960a326750d5838078e36cf38b85af677262)
2026-10-06T11:15:27.6344058Z Download action repository 'actions/setup-go@924ae3a1cded613372ab5595356fb5720e22ba16' (SHA:924ae3a1cded613372ab5595356fb5720e22ba16)
2026-10-06T11:15:28.2403681Z Download action repository 'actions/upload-artifact@330a01c490aca151604b8cf639adc76d48f6c5d4' (SHA:330a01c490aca151604b8cf639adc76d48f6c5d4)
2026-10-06T11:15:28.8747199Z Complete job name: workflow-schema-cli
2026-10-06T11:15:28.9471176Z ##[group]Run actions/checkout@11d5960a326750d5838078e36cf38b85af677262
2026-10-06T11:15:28.9472629Z with:
2026-10-06T11:15:28.9473457Z   persist-credentials: false
2026-10-06T11:15:28.9474430Z   repository: Hubujiu/WeaveOS
2026-10-06T11:15:28.9481715Z   token: ***
2026-10-06T11:15:28.9482534Z   ssh-strict: true
2026-10-06T11:15:28.9483366Z   ssh-user: git
2026-10-06T11:15:28.9484149Z   clean: true
2026-10-06T11:15:28.9485000Z   sparse-checkout-cone-mode: true
2026-10-06T11:15:28.9485964Z   fetch-depth: 1
2026-10-06T11:15:28.9486764Z   fetch-tags: false
2026-10-06T11:15:28.9487595Z   show-progress: true
2026-10-06T11:15:28.9488410Z   lfs: false
2026-10-06T11:15:28.9489549Z   submodules: false
2026-10-06T11:15:28.9490393Z   set-safe-directory: true
2026-10-06T11:15:28.9491330Z   allow-unsafe-pr-checkout: false
2026-10-06T11:15:28.9492592Z ##[endgroup]
2026-10-06T11:15:29.0310278Z Syncing repository: Hubujiu/WeaveOS
2026-10-06T11:15:29.0312905Z ##[group]Getting Git version info
2026-10-06T11:15:29.0314852Z Working directory is '/home/runner/work/WeaveOS/WeaveOS'
2026-10-06T11:15:29.0316686Z [command]/usr/bin/git version
2026-10-06T11:15:29.0366372Z git version 2.55.0
2026-10-06T11:15:29.0387753Z ##[endgroup]
2026-10-06T11:15:29.0400017Z Temporarily overriding HOME='/home/runner/work/_temp/c3b2183c-28f9-4b58-8207-600ce3f5a599' before making global git config changes
2026-10-06T11:15:29.0402938Z Adding repository directory to the temporary git global config as a safe directory
2026-10-06T11:15:29.0405302Z [command]/usr/bin/git config --global --add safe.directory /home/runner/work/WeaveOS/WeaveOS
2026-10-06T11:15:29.0991364Z Deleting the contents of '/home/runner/work/WeaveOS/WeaveOS'
2026-10-06T11:15:29.0996403Z ##[group]Initializing the repository
2026-10-06T11:15:29.0999849Z [command]/usr/bin/git init /home/runner/work/WeaveOS/WeaveOS
2026-10-06T11:15:29.1794495Z hint: Using 'master' as the name for the initial branch. This default branch name
2026-10-06T11:15:29.1796551Z hint: will change to "main" in Git 3.0. To configure the initial branch name
2026-10-06T11:15:29.1798225Z hint: to use in all of your new repositories, which will suppress this warning,
2026-10-06T11:15:29.1799678Z hint: call:
2026-10-06T11:15:29.1803881Z hint:
2026-10-06T11:15:29.1805186Z hint: 	git config --global init.defaultBranch <name>
2026-10-06T11:15:29.1806545Z hint:
2026-10-06T11:15:29.1807682Z hint: Names commonly chosen instead of 'master' are 'main', 'trunk' and
2026-10-06T11:15:29.1809683Z hint: 'development'. The just-created branch can be renamed via this command:
2026-10-06T11:15:29.1811186Z hint:
2026-10-06T11:15:29.1812244Z hint: 	git branch -m <name>
2026-10-06T11:15:29.1813046Z hint:
2026-10-06T11:15:29.1814095Z hint: Disable this message with "git config set advice.defaultBranchName false"
2026-10-06T11:15:29.1815556Z Initialized empty Git repository in /home/runner/work/WeaveOS/WeaveOS/.git/
2026-10-06T11:15:29.1818801Z [command]/usr/bin/git remote add origin https://github.com/Hubujiu/WeaveOS
2026-10-06T11:15:29.1937852Z ##[endgroup]
2026-10-06T11:15:29.1940036Z ##[group]Disabling automatic garbage collection
2026-10-06T11:15:29.1941836Z [command]/usr/bin/git config --local gc.auto 0
2026-10-06T11:15:29.1988055Z ##[endgroup]
2026-10-06T11:15:29.1996769Z ##[group]Setting up auth
2026-10-06T11:15:29.1997896Z [command]/usr/bin/git config --local --name-only --get-regexp core\.sshCommand
2026-10-06T11:15:29.2025101Z [command]/usr/bin/git submodule foreach --recursive sh -c "git config --local --name-only --get-regexp 'core\.sshCommand' && git config --local --unset-all 'core.sshCommand' || :"
2026-10-06T11:15:29.2310096Z [command]/usr/bin/git config --local --name-only --get-regexp http\.https\:\/\/github\.com\/\.extraheader
2026-10-06T11:15:29.2333111Z [command]/usr/bin/git submodule foreach --recursive sh -c "git config --local --name-only --get-regexp 'http\.https\:\/\/github\.com\/\.extraheader' && git config --local --unset-all 'http.https://github.com/.extraheader' || :"
2026-10-06T11:15:29.2483233Z [command]/usr/bin/git config --local --name-only --get-regexp ^includeIf\.gitdir:
2026-10-06T11:15:29.2505819Z [command]/usr/bin/git submodule foreach --recursive git config --local --show-origin --name-only --get-regexp remote.origin.url
2026-10-06T11:15:29.2656770Z [command]/usr/bin/git config --local http.https://github.com/.extraheader AUTHORIZATION: basic ***
2026-10-06T11:15:29.3586744Z ##[endgroup]
2026-10-06T11:15:29.3589294Z ##[group]Fetching the repository
2026-10-06T11:15:29.3597211Z [command]/usr/bin/git -c protocol.version=2 fetch --no-tags --prune --no-recurse-submodules --depth=1 origin +31d0220fad93851cb6685017b8222f1a10b00042:refs/remotes/pull/52/merge
2026-10-06T11:15:32.9620367Z From https://github.com/Hubujiu/WeaveOS
2026-10-06T11:15:32.9620997Z  * [new ref]         31d0220fad93851cb6685017b8222f1a10b00042 -> pull/52/merge
2026-10-06T11:15:32.9623295Z ##[endgroup]
2026-10-06T11:15:32.9623936Z ##[group]Determining the checkout info
2026-10-06T11:15:32.9626212Z ##[endgroup]
2026-10-06T11:15:32.9632032Z [command]/usr/bin/git sparse-checkout disable
2026-10-06T11:15:32.9682732Z [command]/usr/bin/git config --local --unset-all extensions.worktreeConfig
2026-10-06T11:15:32.9734610Z ##[group]Checking out the ref
2026-10-06T11:15:32.9737723Z [command]/usr/bin/git checkout --progress --force refs/remotes/pull/52/merge
2026-10-06T11:15:33.5967217Z Note: switching to 'refs/remotes/pull/52/merge'.
2026-10-06T11:15:33.5967621Z 
2026-10-06T11:15:33.5967890Z You are in 'detached HEAD' state. You can look around, make experimental
2026-10-06T11:15:33.5968501Z changes and commit them, and you can discard any commits you make in this
2026-10-06T11:15:33.5969504Z state without impacting any branches by switching back to a branch.
2026-10-06T11:15:33.5969725Z 
2026-10-06T11:15:33.5969962Z If you want to create a new branch to retain commits you create, you may
2026-10-06T11:15:33.5970650Z do so (now or later) by using -c with the switch command. Example:
2026-10-06T11:15:33.5970861Z 
2026-10-06T11:15:33.5970978Z   git switch -c <new-branch-name>
2026-10-06T11:15:33.5971157Z 
2026-10-06T11:15:33.5971251Z Or undo this operation with:
2026-10-06T11:15:33.5971439Z 
2026-10-06T11:15:33.5971521Z   git switch -
2026-10-06T11:15:33.5971678Z 
2026-10-06T11:15:33.5971873Z Turn off this advice by setting config variable advice.detachedHead to false
2026-10-06T11:15:33.5972099Z 
2026-10-06T11:15:33.5972403Z HEAD is now at 31d0220 Merge 29b809d3c96515c1dea52b0e6855fe3d24eddd22 into 8fc8f2955d8c956de2c39f505f56c822f75a3405
2026-10-06T11:15:33.5993825Z ##[endgroup]
2026-10-06T11:15:33.6031317Z [command]/usr/bin/git log -1 --format=%H
2026-10-06T11:15:33.6050053Z 31d0220fad93851cb6685017b8222f1a10b00042
2026-10-06T11:15:33.6057495Z ##[group]Removing auth
2026-10-06T11:15:33.6060083Z [command]/usr/bin/git config --local --name-only --get-regexp core\.sshCommand
2026-10-06T11:15:33.6083078Z [command]/usr/bin/git submodule foreach --recursive sh -c "git config --local --name-only --get-regexp 'core\.sshCommand' && git config --local --unset-all 'core.sshCommand' || :"
2026-10-06T11:15:33.6240614Z [command]/usr/bin/git config --local --name-only --get-regexp http\.https\:\/\/github\.com\/\.extraheader
2026-10-06T11:15:33.6258197Z http.https://github.com/.extraheader
2026-10-06T11:15:33.6263105Z [command]/usr/bin/git config --local --unset-all http.https://github.com/.extraheader
2026-10-06T11:15:33.6286571Z [command]/usr/bin/git submodule foreach --recursive sh -c "git config --local --name-only --get-regexp 'http\.https\:\/\/github\.com\/\.extraheader' && git config --local --unset-all 'http.https://github.com/.extraheader' || :"
2026-10-06T11:15:33.6435590Z [command]/usr/bin/git config --local --name-only --get-regexp ^includeIf\.gitdir:
2026-10-06T11:15:33.6454580Z [command]/usr/bin/git submodule foreach --recursive git config --local --show-origin --name-only --get-regexp remote.origin.url
2026-10-06T11:15:33.6603521Z ##[endgroup]
2026-10-06T11:15:33.6795694Z ##[group]Run actions/setup-go@924ae3a1cded613372ab5595356fb5720e22ba16
2026-10-06T11:15:33.6796023Z with:
2026-10-06T11:15:33.6796265Z   go-version-file: .go-version
2026-10-06T11:15:33.6796511Z   cache: false
2026-10-06T11:15:33.6796791Z   check-latest: false
2026-10-06T11:15:33.6798636Z   token: ***
2026-10-06T11:15:33.6799034Z ##[endgroup]
2026-10-06T11:15:33.7723708Z Setup go version spec 1.27.1
2026-10-06T11:15:33.7731381Z Attempting to download 1.27.1...
2026-10-06T11:15:34.4725492Z matching 1.27.1...
2026-10-06T11:15:34.4763304Z Acquiring 1.27.1 from https://github.com/actions/go-versions/releases/download/1.27.1-33583469715/go-1.27.1-linux-x64.tar.gz
2026-10-06T11:15:34.9988798Z Extracting Go...
2026-10-06T11:15:35.0066657Z [command]/usr/bin/tar xz --warning=no-unknown-keyword --overwrite -C /home/runner/work/_temp/3438b293-a327-42b0-b52b-da8317799c8c -f /home/runner/work/_temp/2ce1f632-2eea-4760-affb-c56910069ec2
2026-10-06T11:15:36.3181616Z Successfully extracted go to /home/runner/work/_temp/3438b293-a327-42b0-b52b-da8317799c8c
2026-10-06T11:15:36.3182047Z Adding to the cache ...
2026-10-06T11:15:41.9492119Z Successfully cached go to /opt/hostedtoolcache/go/1.27.1/x64
2026-10-06T11:15:41.9492565Z Added go to the path
2026-10-06T11:15:41.9494731Z Successfully set up Go version 1.27.1
2026-10-06T11:15:41.9664886Z go version go1.27.1 linux/amd64
2026-10-06T11:15:41.9665102Z 
2026-10-06T11:15:41.9665406Z ##[group]go env
2026-10-06T11:15:42.5831977Z AR='ar'
2026-10-06T11:15:42.5836424Z CC='gcc'
2026-10-06T11:15:42.5837067Z CGO_CFLAGS='-O2 -g'
2026-10-06T11:15:42.5837512Z CGO_CPPFLAGS=''
2026-10-06T11:15:42.5838168Z CGO_CXXFLAGS='-O2 -g'
2026-10-06T11:15:42.5838785Z CGO_ENABLED='1'
2026-10-06T11:15:42.5839481Z CGO_FFLAGS='-O2 -g'
2026-10-06T11:15:42.5840503Z CGO_LDFLAGS='-O2 -g'
2026-10-06T11:15:42.5840935Z CXX='g++'
2026-10-06T11:15:42.5841338Z GCCGO='gccgo'
2026-10-06T11:15:42.5841635Z GO111MODULE=''
2026-10-06T11:15:42.5842224Z GOAMD64='v1'
2026-10-06T11:15:42.5842515Z GOARCH='amd64'
2026-10-06T11:15:42.5842828Z GOAUTH='netrc'
2026-10-06T11:15:42.5843175Z GOBIN='/home/runner/go/bin'
2026-10-06T11:15:42.5843527Z GOCACHE='/home/runner/.cache/go-build'
2026-10-06T11:15:42.5844316Z GOCACHEPROG=''
2026-10-06T11:15:42.5844643Z GODEBUG=''
2026-10-06T11:15:42.5844998Z GOENV='/home/runner/.config/go/env'
2026-10-06T11:15:42.5845347Z GOEXE=''
2026-10-06T11:15:42.5845614Z GOEXPERIMENT=''
2026-10-06T11:15:42.5845881Z GOFIPS140='off'
2026-10-06T11:15:42.5846172Z GOFLAGS=''
2026-10-06T11:15:42.5846941Z GOGCCFLAGS='-fPIC -m64 -pthread -Wl,--no-gc-sections -fmessage-length=0 -ffile-prefix-map=/tmp/go-build845424018=/tmp/go-build -gno-record-gcc-switches'
2026-10-06T11:15:42.5847659Z GOHOSTARCH='amd64'
2026-10-06T11:15:42.5848007Z GOHOSTOS='linux'
2026-10-06T11:15:42.5848297Z GOINSECURE=''
2026-10-06T11:15:42.5848627Z GOMOD='/dev/null'
2026-10-06T11:15:42.5849412Z GOMODCACHE='/home/runner/go/pkg/mod'
2026-10-06T11:15:42.5849757Z GONOPROXY=''
2026-10-06T11:15:42.5850040Z GONOSUMDB=''
2026-10-06T11:15:42.5850305Z GOOS='linux'
2026-10-06T11:15:42.5850580Z GOPACKAGESDRIVER=''
2026-10-06T11:15:42.5850891Z GOPATH='/home/runner/go'
2026-10-06T11:15:42.5851165Z GOPRIVATE=''
2026-10-06T11:15:42.5851520Z GOPROXY='https://proxy.golang.org,direct'
2026-10-06T11:15:42.5851920Z GOROOT='/opt/hostedtoolcache/go/1.27.1/x64'
2026-10-06T11:15:42.5852321Z GOSUMDB='sum.golang.org'
2026-10-06T11:15:42.5852633Z GOTELEMETRY='local'
2026-10-06T11:15:42.5852951Z GOTELEMETRYDIR='/home/runner/.config/go/telemetry'
2026-10-06T11:15:42.5853348Z GOTMPDIR=''
2026-10-06T11:15:42.5853614Z GOTOOLCHAIN='local'
2026-10-06T11:15:42.5854015Z GOTOOLDIR='/opt/hostedtoolcache/go/1.27.1/x64/pkg/tool/linux_amd64'
2026-10-06T11:15:42.5854483Z GOVCS=''
2026-10-06T11:15:42.5854745Z GOVERSION='go1.27.1'
2026-10-06T11:15:42.5855034Z GOWORK=''
2026-10-06T11:15:42.5855312Z PKG_CONFIG='pkg-config'
2026-10-06T11:15:42.5855516Z 
2026-10-06T11:15:42.5856045Z ##[endgroup]
2026-10-06T11:15:42.6005185Z ##[group]Run CGO_ENABLED=0 go install github.com/pressly/goose/v3/cmd/goose@v3.28.0
2026-10-06T11:15:42.6005752Z [36;1mCGO_ENABLED=0 go install github.com/pressly/goose/v3/cmd/goose@v3.28.0[0m
2026-10-06T11:15:42.6168344Z shell: /usr/bin/bash --noprofile --norc -e -o pipefail {0}
2026-10-06T11:15:42.6168667Z env:
2026-10-06T11:15:42.6169322Z   GOTOOLCHAIN: local
2026-10-06T11:15:42.6169580Z ##[endgroup]
2026-10-06T11:15:42.7051631Z go: downloading github.com/pressly/goose/v3 v3.28.0
2026-10-06T11:15:43.0471143Z go: downloading github.com/ClickHouse/clickhouse-go/v2 v2.48.0
2026-10-06T11:15:43.0481271Z go: downloading github.com/joho/godotenv v1.5.1
2026-10-06T11:15:43.0482219Z go: downloading github.com/go-sql-driver/mysql v1.10.0
2026-10-06T11:15:43.0483172Z go: downloading github.com/jackc/pgx/v5 v5.10.0
2026-10-06T11:15:43.2299166Z go: downloading github.com/mfridman/xflag v0.1.0
2026-10-06T11:15:43.2356129Z go: downloading github.com/microsoft/go-mssqldb v1.11.0
2026-10-06T11:15:43.3171127Z go: downloading github.com/tursodatabase/libsql-client-go v0.0.0-20260528064733-9d5d30a29a60
2026-10-06T11:15:43.3554253Z go: downloading github.com/vertica/vertica-sql-go v1.3.8
2026-10-06T11:15:43.4180478Z go: downloading github.com/ydb-platform/ydb-go-sdk/v3 v3.151.1
2026-10-06T11:15:43.4180905Z go: downloading github.com/ziutek/mymysql v1.5.4
2026-10-06T11:15:43.4619920Z go: downloading modernc.org/sqlite v1.57.0
2026-10-06T11:15:43.5201999Z go: downloading filippo.io/edwards25519 v1.2.0
2026-10-06T11:15:43.5624910Z go: downloading github.com/ClickHouse/ch-go v0.74.0
2026-10-06T11:15:43.6567762Z go: downloading github.com/andybalholm/brotli v1.2.3
2026-10-06T11:15:43.7179903Z go: downloading go.opentelemetry.io/otel/trace v1.46.0
2026-10-06T11:15:43.7221359Z go: downloading github.com/sethvargo/go-retry v0.4.0
2026-10-06T11:15:43.7972292Z go: downloading go.uber.org/multierr v1.11.0
2026-10-06T11:15:43.8215266Z go: downloading github.com/golang-sql/civil v0.0.0-20220223132316-b832511892a9
2026-10-06T11:15:43.8296433Z go: downloading go.opentelemetry.io/otel v1.46.0
2026-10-06T11:15:43.9234168Z go: downloading github.com/golang-sql/sqlexp v0.1.0
2026-10-06T11:15:43.9460736Z go: downloading github.com/google/uuid v1.6.0
2026-10-06T11:15:44.0474149Z go: downloading github.com/shopspring/decimal v1.4.0
2026-10-06T11:15:44.0732762Z go: downloading golang.org/x/text v0.41.0
2026-10-06T11:15:44.1483070Z go: downloading github.com/Azure/azure-sdk-for-go/sdk/azcore v1.23.1
2026-10-06T11:15:44.2894911Z go: downloading github.com/Azure/azure-sdk-for-go/sdk/azidentity v1.14.1
2026-10-06T11:15:44.3098666Z go: downloading github.com/ydb-platform/ydb-go-genproto v0.0.0-20260810123728-f0c151ab31b9
2026-10-06T11:15:44.4493950Z go: downloading google.golang.org/grpc v1.83.2
2026-10-06T11:15:44.5476730Z go: downloading github.com/paulmach/orb v0.13.0
2026-10-06T11:15:44.7188483Z go: downloading github.com/go-faster/city v1.0.1
2026-10-06T11:15:44.7367169Z go: downloading github.com/go-faster/errors v0.8.0
2026-10-06T11:15:44.7367622Z go: downloading github.com/klauspost/compress v1.19.2
2026-10-06T11:15:44.8460759Z go: downloading github.com/pierrec/lz4/v4 v4.1.29
2026-10-06T11:15:44.8986855Z go: downloading github.com/segmentio/asm v1.2.1
2026-10-06T11:15:45.1979725Z go: downloading github.com/jackc/pgpassfile v1.0.0
2026-10-06T11:15:45.4034788Z go: downloading github.com/jackc/pgservicefile v0.0.0-20240606120523-5a60cdf6a761
2026-10-06T11:15:45.4191770Z go: downloading github.com/jackc/puddle/v2 v2.2.2
2026-10-06T11:15:45.5140522Z go: downloading github.com/mfridman/interpolate v0.0.2
2026-10-06T11:15:45.5480270Z go: downloading golang.org/x/sync v0.22.0
2026-10-06T11:15:45.5581768Z go: downloading golang.org/x/crypto v0.55.0
2026-10-06T11:15:45.7086534Z go: downloading github.com/coder/websocket v1.8.15
2026-10-06T11:15:45.8137788Z go: downloading github.com/elastic/go-sysinfo v1.15.5
2026-10-06T11:15:45.8435871Z go: downloading github.com/Azure/azure-sdk-for-go/sdk/internal v1.12.0
2026-10-06T11:15:45.8480307Z go: downloading github.com/AzureAD/microsoft-authentication-library-for-go v1.9.0
2026-10-06T11:15:45.9719190Z go: downloading google.golang.org/protobuf v1.36.12
2026-10-06T11:15:46.2319940Z go: downloading github.com/golang-jwt/jwt/v4 v4.5.2
2026-10-06T11:15:46.2336635Z go: downloading github.com/jonboulle/clockwork v0.5.0
2026-10-06T11:15:46.2336974Z go: downloading golang.org/x/net v0.58.0
2026-10-06T11:15:46.2345095Z go: downloading golang.org/x/sys v0.47.0
2026-10-06T11:15:46.4811473Z go: downloading modernc.org/libc v1.75.6
2026-10-06T11:15:46.5113740Z go: downloading github.com/pkg/browser v0.0.0-20240102092130-5ac0b6a4141c
2026-10-06T11:15:46.5114332Z go: downloading github.com/kylelemons/godebug v1.1.0
2026-10-06T11:15:46.6181710Z go: downloading google.golang.org/genproto/googleapis/rpc v0.0.0-20260831171406-18b4a7587f8a
2026-10-06T11:15:46.6648498Z go: downloading github.com/cespare/xxhash/v2 v2.3.0
2026-10-06T11:15:46.7299341Z go: downloading github.com/antlr4-go/antlr/v4 v4.13.1
2026-10-06T11:15:46.7776864Z go: downloading github.com/prometheus/procfs v0.22.0
2026-10-06T11:15:46.8798291Z go: downloading github.com/golang-jwt/jwt/v5 v5.3.1
2026-10-06T11:15:46.9586285Z go: downloading golang.org/x/exp v0.0.0-20260824195058-e88cd73687aa
2026-10-06T11:15:47.4985229Z go: downloading modernc.org/memory v1.12.1
2026-10-06T11:15:47.4985679Z go: downloading github.com/dustin/go-humanize v1.0.1
2026-10-06T11:15:47.5043156Z go: downloading modernc.org/mathutil v1.7.1
2026-10-06T11:15:47.6585954Z go: downloading github.com/remyoudompheng/bigfft v0.0.0-20230129092748-24d4a6f8daec
2026-10-06T11:16:27.3248162Z ##[group]Run mkdir -p services/workflow-engine/schema-cli-reports
2026-10-06T11:16:27.3248514Z [36;1mmkdir -p services/workflow-engine/schema-cli-reports[0m
2026-10-06T11:16:27.3249294Z [36;1mWEAVEOS_SCHEMA_TEST_GOOSE="$(go env GOPATH)/bin/goose" bash services/workflow-engine/run-schema-cli-tests.sh 2>&1 | tee services/workflow-engine/schema-cli-reports/run.log[0m
2026-10-06T11:16:27.3284140Z shell: /usr/bin/bash --noprofile --norc -e -o pipefail {0}
2026-10-06T11:16:27.3284559Z env:
2026-10-06T11:16:27.3284716Z   GOTOOLCHAIN: local
2026-10-06T11:16:27.3284877Z ##[endgroup]
2026-10-06T11:16:45.1630460Z isolated_network_without_published_ports
2026-10-06T11:16:45.4125421Z 2026/10/06 11:16:45 OK   00001_flowable8.sql (70.78ms)
2026-10-06T11:16:45.4125891Z 2026/10/06 11:16:45 goose: successfully migrated database to version: 1
2026-10-06T11:16:45.6675574Z explicit_goose_up_installs_native_and_ledger_schema
2026-10-06T11:16:45.8253843Z 2026/10/06 11:16:45 goose: no migrations to run. current version: 1
2026-10-06T11:16:45.9900113Z repeated_up_keeps_version_and_history
2026-10-06T11:16:46.2871354Z failed_up_rolls_back_ddl_and_version
2026-10-06T11:16:46.5661233Z down_refuses_history_deletion
2026-10-06T11:16:46.6199405Z CREATE ROLE
2026-10-06T11:16:46.6200157Z REVOKE
2026-10-06T11:16:46.6203217Z GRANT
2026-10-06T11:16:46.6219240Z GRANT
2026-10-06T11:16:46.6221039Z GRANT
2026-10-06T11:16:46.6221229Z GRANT
2026-10-06T11:16:46.6221858Z GRANT
2026-10-06T11:16:46.6222944Z GRANT
2026-10-06T11:16:46.6224275Z GRANT
2026-10-06T11:16:46.6224726Z GRANT
2026-10-06T11:16:46.6224975Z GRANT
2026-10-06T11:16:46.6225509Z GRANT
2026-10-06T11:16:46.6227296Z GRANT
2026-10-06T11:16:46.6227489Z GRANT
2026-10-06T11:16:46.6227910Z GRANT
2026-10-06T11:16:46.6228197Z GRANT
2026-10-06T11:16:46.6228741Z GRANT
2026-10-06T11:16:46.6229207Z GRANT
2026-10-06T11:16:46.6229477Z GRANT
2026-10-06T11:16:46.6230710Z GRANT
2026-10-06T11:16:46.6230999Z GRANT
2026-10-06T11:16:46.6231936Z GRANT
2026-10-06T11:16:46.6232751Z GRANT
2026-10-06T11:16:46.6233567Z GRANT
2026-10-06T11:16:46.6234750Z GRANT
2026-10-06T11:16:46.6235203Z GRANT
2026-10-06T11:16:46.6235754Z GRANT
2026-10-06T11:16:46.6236139Z GRANT
2026-10-06T11:16:46.6236556Z GRANT
2026-10-06T11:16:46.6237099Z GRANT
2026-10-06T11:16:46.6237535Z GRANT
2026-10-06T11:16:46.6238307Z GRANT
2026-10-06T11:16:46.6238558Z GRANT
2026-10-06T11:16:46.6239397Z GRANT
2026-10-06T11:16:46.6239901Z GRANT
2026-10-06T11:16:46.6249204Z GRANT
2026-10-06T11:16:46.6251253Z GRANT
2026-10-06T11:16:46.6251474Z GRANT
2026-10-06T11:16:46.6254579Z GRANT
2026-10-06T11:16:46.6254798Z GRANT
2026-10-06T11:16:46.6257055Z GRANT
2026-10-06T11:16:46.6257698Z GRANT
2026-10-06T11:16:46.6865215Z runtime_can_use_authorized_native_and_ledger_operations
2026-10-06T11:16:47.1012952Z runtime_ddl_and_truncate_are_denied
2026-10-06T11:16:47.3330120Z runtime_cannot_delete_or_rewrite_protocol_identity
2026-10-06T11:16:47.3488107Z ROOT_SCHEMA_CLI: 8 actual cases passed
2026-10-06T11:16:47.4980579Z ##[group]Run actions/upload-artifact@330a01c490aca151604b8cf639adc76d48f6c5d4
2026-10-06T11:16:47.4981048Z with:
2026-10-06T11:16:47.4981289Z   name: workflow-schema-cli-37455186868
2026-10-06T11:16:47.4981609Z   path: services/workflow-engine/schema-cli-reports/
2026-10-06T11:16:47.4981903Z   if-no-files-found: warn
2026-10-06T11:16:47.4982168Z   retention-days: 14
2026-10-06T11:16:47.4982446Z   compression-level: 6
2026-10-06T11:16:47.4982681Z   overwrite: false
2026-10-06T11:16:47.4982907Z   include-hidden-files: false
2026-10-06T11:16:47.4983179Z env:
2026-10-06T11:16:47.4983396Z   GOTOOLCHAIN: local
2026-10-06T11:16:47.4983676Z ##[endgroup]
2026-10-06T11:16:47.6180319Z (node:8267) [DEP0040] DeprecationWarning: The `punycode` module is deprecated. Please use a userland alternative instead.
2026-10-06T11:16:47.6181082Z (Use `node --trace-deprecation ...` to show where the warning was created)
2026-10-06T11:16:47.6227124Z With the provided path, there will be 2 files uploaded
2026-10-06T11:16:47.6232083Z Artifact name is valid!
2026-10-06T11:16:47.6232762Z Root directory input is valid!
2026-10-06T11:16:47.8987396Z Beginning upload of artifact content to blob storage
2026-10-06T11:16:47.9136895Z (node:8267) [DEP0169] DeprecationWarning: `url.parse()` behavior is not standardized and prone to errors that have security implications. Use the WHATWG URL API instead. CVEs are not issued for `url.parse()` vulnerabilities.
2026-10-06T11:16:48.0571573Z Uploaded bytes 793
2026-10-06T11:16:48.0953158Z Finished uploading artifact content to blob storage!
2026-10-06T11:16:48.0954232Z SHA256 digest of uploaded artifact zip is bef3d2217f098d17c7c34db403b865cd57aabed862831909073db9567a523655
2026-10-06T11:16:48.0954754Z Finalizing artifact upload
2026-10-06T11:16:48.3539275Z Artifact workflow-schema-cli-37455186868.zip successfully finalized. Artifact ID 11408672842
2026-10-06T11:16:48.3539858Z Artifact workflow-schema-cli-37455186868 has been successfully uploaded! Final size is 793 bytes. Artifact ID is 11408672842
2026-10-06T11:16:48.3545032Z Artifact download URL: https://github.com/Hubujiu/WeaveOS/actions/runs/37455186868/artifacts/11408672842
2026-10-06T11:16:48.3661635Z Post job cleanup.
2026-10-06T11:16:48.4631097Z Post job cleanup.
2026-10-06T11:16:48.5273760Z [command]/usr/bin/git version
2026-10-06T11:16:48.5302099Z git version 2.55.0
2026-10-06T11:16:48.5326096Z Temporarily overriding HOME='/home/runner/work/_temp/80f270c9-ca36-4b2f-b8ae-54d9bcb188c3' before making global git config changes
2026-10-06T11:16:48.5327046Z Adding repository directory to the temporary git global config as a safe directory
2026-10-06T11:16:48.5329131Z [command]/usr/bin/git config --global --add safe.directory /home/runner/work/WeaveOS/WeaveOS
2026-10-06T11:16:48.5357161Z [command]/usr/bin/git config --local --name-only --get-regexp core\.sshCommand
2026-10-06T11:16:48.5379954Z [command]/usr/bin/git submodule foreach --recursive sh -c "git config --local --name-only --get-regexp 'core\.sshCommand' && git config --local --unset-all 'core.sshCommand' || :"
2026-10-06T11:16:48.5581227Z [command]/usr/bin/git config --local --name-only --get-regexp http\.https\:\/\/github\.com\/\.extraheader
2026-10-06T11:16:48.5612632Z [command]/usr/bin/git submodule foreach --recursive sh -c "git config --local --name-only --get-regexp 'http\.https\:\/\/github\.com\/\.extraheader' && git config --local --unset-all 'http.https://github.com/.extraheader' || :"
2026-10-06T11:16:48.5849489Z [command]/usr/bin/git config --local --name-only --get-regexp ^includeIf\.gitdir:
2026-10-06T11:16:48.5880856Z [command]/usr/bin/git submodule foreach --recursive git config --local --show-origin --name-only --get-regexp remote.origin.url
2026-10-06T11:16:48.6198776Z Cleaning up orphan processes
2026-10-06T11:16:48.6414613Z ##[warning]Node.js 20 is deprecated. The following actions target Node.js 20 but are being forced to run on Node.js 24: actions/checkout@11d5960a326750d5838078e36cf38b85af677262, actions/upload-artifact@330a01c490aca151604b8cf639adc76d48f6c5d4. For more information see: https://github.blog/changelog/2025-09-19-deprecation-of-node-20-on-github-actions-runners/
