2026-10-06T10:00:22.1130922Z Current runner version: '2.337.0'
2026-10-06T10:00:22.1149977Z ##[group]Runner Image Provisioner
2026-10-06T10:00:22.1150604Z Hosted Compute Agent
2026-10-06T10:00:22.1151000Z Version: 20260901.588
2026-10-06T10:00:22.1151422Z Commit: f88ec8081b781fac6c440065ac7ff9e710ce3d0b
2026-10-06T10:00:22.1151902Z Build Date: 2026-09-01T19:56:44Z
2026-10-06T10:00:22.1152307Z Worker ID: {03b2a139-7d47-437e-b74d-b2f5c7dce39a}
2026-10-06T10:00:22.1152776Z Azure Region: westus3
2026-10-06T10:00:22.1153161Z ##[endgroup]
2026-10-06T10:00:22.1154021Z ##[group]Operating System
2026-10-06T10:00:22.1154392Z Ubuntu
2026-10-06T10:00:22.1154714Z 24.04.5
2026-10-06T10:00:22.1155072Z LTS
2026-10-06T10:00:22.1155422Z ##[endgroup]
2026-10-06T10:00:22.1155759Z ##[group]Runner Image
2026-10-06T10:00:22.1156332Z Image: ubuntu-24.04
2026-10-06T10:00:22.1156712Z Version: 20260927.320.1
2026-10-06T10:00:22.1157558Z Included Software: https://github.com/actions/runner-images/blob/ubuntu24/20260927.320/images/ubuntu/Ubuntu2404-Readme.md
2026-10-06T10:00:22.1158473Z Image Release: https://github.com/actions/runner-images/releases/tag/ubuntu24%2F20260927.320
2026-10-06T10:00:22.1159163Z ##[endgroup]
2026-10-06T10:00:22.1159808Z ##[group]GITHUB_TOKEN Permissions
2026-10-06T10:00:22.1161138Z Contents: read
2026-10-06T10:00:22.1161486Z Metadata: read
2026-10-06T10:00:22.1161881Z ##[endgroup]
2026-10-06T10:00:22.1163201Z Secret source: Actions
2026-10-06T10:00:22.1163857Z Cache mode: write
2026-10-06T10:00:22.1164463Z Prepare workflow directory
2026-10-06T10:00:22.1412078Z Prepare all required actions
2026-10-06T10:00:22.1456443Z Getting action download info
2026-10-06T10:00:22.4862145Z Download action repository 'actions/checkout@11d5960a326750d5838078e36cf38b85af677262' (SHA:11d5960a326750d5838078e36cf38b85af677262)
2026-10-06T10:00:22.5793631Z Download action repository 'actions/upload-artifact@330a01c490aca151604b8cf639adc76d48f6c5d4' (SHA:330a01c490aca151604b8cf639adc76d48f6c5d4)
2026-10-06T10:00:22.7697199Z Complete job name: workflow-engine
2026-10-06T10:00:22.8244505Z ##[group]Run actions/checkout@11d5960a326750d5838078e36cf38b85af677262
2026-10-06T10:00:22.8245010Z with:
2026-10-06T10:00:22.8245257Z   persist-credentials: false
2026-10-06T10:00:22.8245542Z   repository: Hubujiu/WeaveOS
2026-10-06T10:00:22.8247751Z   token: ***
2026-10-06T10:00:22.8247983Z   ssh-strict: true
2026-10-06T10:00:22.8248223Z   ssh-user: git
2026-10-06T10:00:22.8248455Z   clean: true
2026-10-06T10:00:22.8248960Z   sparse-checkout-cone-mode: true
2026-10-06T10:00:22.8249247Z   fetch-depth: 1
2026-10-06T10:00:22.8249483Z   fetch-tags: false
2026-10-06T10:00:22.8249725Z   show-progress: true
2026-10-06T10:00:22.8249969Z   lfs: false
2026-10-06T10:00:22.8250197Z   submodules: false
2026-10-06T10:00:22.8250443Z   set-safe-directory: true
2026-10-06T10:00:22.8250729Z   allow-unsafe-pr-checkout: false
2026-10-06T10:00:22.8251097Z ##[endgroup]
2026-10-06T10:00:22.8929554Z Syncing repository: Hubujiu/WeaveOS
2026-10-06T10:00:22.8931186Z ##[group]Getting Git version info
2026-10-06T10:00:22.8931873Z Working directory is '/home/runner/work/WeaveOS/WeaveOS'
2026-10-06T10:00:22.8932720Z [command]/usr/bin/git version
2026-10-06T10:00:22.9009810Z git version 2.55.0
2026-10-06T10:00:22.9022899Z ##[endgroup]
2026-10-06T10:00:22.9033503Z Temporarily overriding HOME='/home/runner/work/_temp/9ae909eb-8d18-4b34-9f5f-2003efe42590' before making global git config changes
2026-10-06T10:00:22.9034774Z Adding repository directory to the temporary git global config as a safe directory
2026-10-06T10:00:22.9036959Z [command]/usr/bin/git config --global --add safe.directory /home/runner/work/WeaveOS/WeaveOS
2026-10-06T10:00:22.9122172Z Deleting the contents of '/home/runner/work/WeaveOS/WeaveOS'
2026-10-06T10:00:22.9130531Z ##[group]Initializing the repository
2026-10-06T10:00:22.9139467Z [command]/usr/bin/git init /home/runner/work/WeaveOS/WeaveOS
2026-10-06T10:00:22.9237911Z hint: Using 'master' as the name for the initial branch. This default branch name
2026-10-06T10:00:22.9239158Z hint: will change to "main" in Git 3.0. To configure the initial branch name
2026-10-06T10:00:22.9240509Z hint: to use in all of your new repositories, which will suppress this warning,
2026-10-06T10:00:22.9241302Z hint: call:
2026-10-06T10:00:22.9241787Z hint:
2026-10-06T10:00:22.9242366Z hint: 	git config --global init.defaultBranch <name>
2026-10-06T10:00:22.9243043Z hint:
2026-10-06T10:00:22.9243678Z hint: Names commonly chosen instead of 'master' are 'main', 'trunk' and
2026-10-06T10:00:22.9244625Z hint: 'development'. The just-created branch can be renamed via this command:
2026-10-06T10:00:22.9245398Z hint:
2026-10-06T10:00:22.9245877Z hint: 	git branch -m <name>
2026-10-06T10:00:22.9246541Z hint:
2026-10-06T10:00:22.9247356Z hint: Disable this message with "git config set advice.defaultBranchName false"
2026-10-06T10:00:22.9248463Z Initialized empty Git repository in /home/runner/work/WeaveOS/WeaveOS/.git/
2026-10-06T10:00:22.9251193Z [command]/usr/bin/git remote add origin https://github.com/Hubujiu/WeaveOS
2026-10-06T10:00:22.9298071Z ##[endgroup]
2026-10-06T10:00:22.9299864Z ##[group]Disabling automatic garbage collection
2026-10-06T10:00:22.9305753Z [command]/usr/bin/git config --local gc.auto 0
2026-10-06T10:00:22.9334893Z ##[endgroup]
2026-10-06T10:00:22.9335312Z ##[group]Setting up auth
2026-10-06T10:00:22.9342433Z [command]/usr/bin/git config --local --name-only --get-regexp core\.sshCommand
2026-10-06T10:00:22.9372420Z [command]/usr/bin/git submodule foreach --recursive sh -c "git config --local --name-only --get-regexp 'core\.sshCommand' && git config --local --unset-all 'core.sshCommand' || :"
2026-10-06T10:00:22.9682452Z [command]/usr/bin/git config --local --name-only --get-regexp http\.https\:\/\/github\.com\/\.extraheader
2026-10-06T10:00:22.9711437Z [command]/usr/bin/git submodule foreach --recursive sh -c "git config --local --name-only --get-regexp 'http\.https\:\/\/github\.com\/\.extraheader' && git config --local --unset-all 'http.https://github.com/.extraheader' || :"
2026-10-06T10:00:22.9884126Z [command]/usr/bin/git config --local --name-only --get-regexp ^includeIf\.gitdir:
2026-10-06T10:00:22.9912838Z [command]/usr/bin/git submodule foreach --recursive git config --local --show-origin --name-only --get-regexp remote.origin.url
2026-10-06T10:00:23.0089733Z [command]/usr/bin/git config --local http.https://github.com/.extraheader AUTHORIZATION: basic ***
2026-10-06T10:00:23.0123335Z ##[endgroup]
2026-10-06T10:00:23.0186487Z ##[group]Fetching the repository
2026-10-06T10:00:23.0187665Z [command]/usr/bin/git -c protocol.version=2 fetch --no-tags --prune --no-recurse-submodules --depth=1 origin +cccb70a6e2e34aa6c81c1341d6b1b2141ca4949a:refs/remotes/pull/52/merge
2026-10-06T10:00:27.2181477Z From https://github.com/Hubujiu/WeaveOS
2026-10-06T10:00:27.2182821Z  * [new ref]         cccb70a6e2e34aa6c81c1341d6b1b2141ca4949a -> pull/52/merge
2026-10-06T10:00:27.2185399Z ##[endgroup]
2026-10-06T10:00:27.2185769Z ##[group]Determining the checkout info
2026-10-06T10:00:27.2186153Z ##[endgroup]
2026-10-06T10:00:27.2186446Z [command]/usr/bin/git sparse-checkout disable
2026-10-06T10:00:27.2232067Z [command]/usr/bin/git config --local --unset-all extensions.worktreeConfig
2026-10-06T10:00:27.2285595Z ##[group]Checking out the ref
2026-10-06T10:00:27.2288283Z [command]/usr/bin/git checkout --progress --force refs/remotes/pull/52/merge
2026-10-06T10:00:27.8450467Z Note: switching to 'refs/remotes/pull/52/merge'.
2026-10-06T10:00:27.8450822Z 
2026-10-06T10:00:27.8451039Z You are in 'detached HEAD' state. You can look around, make experimental
2026-10-06T10:00:27.8451421Z changes and commit them, and you can discard any commits you make in this
2026-10-06T10:00:27.8451783Z state without impacting any branches by switching back to a branch.
2026-10-06T10:00:27.8452002Z 
2026-10-06T10:00:27.8452199Z If you want to create a new branch to retain commits you create, you may
2026-10-06T10:00:27.8452537Z do so (now or later) by using -c with the switch command. Example:
2026-10-06T10:00:27.8452721Z 
2026-10-06T10:00:27.8452896Z   git switch -c <new-branch-name>
2026-10-06T10:00:27.8453319Z 
2026-10-06T10:00:27.8453414Z Or undo this operation with:
2026-10-06T10:00:27.8453527Z 
2026-10-06T10:00:27.8453603Z   git switch -
2026-10-06T10:00:27.8453743Z 
2026-10-06T10:00:27.8453982Z Turn off this advice by setting config variable advice.detachedHead to false
2026-10-06T10:00:27.8454241Z 
2026-10-06T10:00:27.8454527Z HEAD is now at cccb70a Merge 30b95da71958a1676412e6edf4ee71c486de7889 into 8fc8f2955d8c956de2c39f505f56c822f75a3405
2026-10-06T10:00:27.8491093Z ##[endgroup]
2026-10-06T10:00:27.8535044Z [command]/usr/bin/git log -1 --format=%H
2026-10-06T10:00:27.8561086Z cccb70a6e2e34aa6c81c1341d6b1b2141ca4949a
2026-10-06T10:00:27.8569363Z ##[group]Removing auth
2026-10-06T10:00:27.8572225Z [command]/usr/bin/git config --local --name-only --get-regexp core\.sshCommand
2026-10-06T10:00:27.8602957Z [command]/usr/bin/git submodule foreach --recursive sh -c "git config --local --name-only --get-regexp 'core\.sshCommand' && git config --local --unset-all 'core.sshCommand' || :"
2026-10-06T10:00:27.8793902Z [command]/usr/bin/git config --local --name-only --get-regexp http\.https\:\/\/github\.com\/\.extraheader
2026-10-06T10:00:27.8819987Z http.https://github.com/.extraheader
2026-10-06T10:00:27.8825700Z [command]/usr/bin/git config --local --unset-all http.https://github.com/.extraheader
2026-10-06T10:00:27.8856725Z [command]/usr/bin/git submodule foreach --recursive sh -c "git config --local --name-only --get-regexp 'http\.https\:\/\/github\.com\/\.extraheader' && git config --local --unset-all 'http.https://github.com/.extraheader' || :"
2026-10-06T10:00:27.9044659Z [command]/usr/bin/git config --local --name-only --get-regexp ^includeIf\.gitdir:
2026-10-06T10:00:27.9073070Z [command]/usr/bin/git submodule foreach --recursive git config --local --show-origin --name-only --get-regexp remote.origin.url
2026-10-06T10:00:27.9258126Z ##[endgroup]
2026-10-06T10:00:27.9427192Z ##[group]Run mkdir -p services/workflow-engine/ci-logs
2026-10-06T10:00:27.9427560Z [36;1mmkdir -p services/workflow-engine/ci-logs[0m
2026-10-06T10:00:27.9427943Z [36;1mpython3 services/workflow-engine/ci_gate_tests.py 2>&1 | tee services/workflow-engine/ci-logs/gate-tests.txt[0m
2026-10-06T10:00:27.9672899Z shell: /usr/bin/bash --noprofile --norc -e -o pipefail {0}
2026-10-06T10:00:27.9673212Z ##[endgroup]
2026-10-06T10:00:28.0230852Z ............
2026-10-06T10:00:28.0231313Z ----------------------------------------------------------------------
2026-10-06T10:00:28.0231773Z Ran 12 tests in 0.008s
2026-10-06T10:00:28.0231926Z 
2026-10-06T10:00:28.0232014Z OK
2026-10-06T10:00:28.0341146Z ##[group]Run bash services/workflow-engine/prepare-build.sh 2>&1 | tee services/workflow-engine/ci-logs/prepare.txt
2026-10-06T10:00:28.0341672Z [36;1mbash services/workflow-engine/prepare-build.sh 2>&1 | tee services/workflow-engine/ci-logs/prepare.txt[0m
2026-10-06T10:00:28.0398803Z shell: /usr/bin/bash --noprofile --norc -e -o pipefail {0}
2026-10-06T10:00:28.0399153Z ##[endgroup]
2026-10-06T10:00:28.1380304Z Unable to find image 'mirror.gcr.io/library/maven@sha256:fa7aa19829157d299ff05f631b51697a388dcd2f6955e84249ecc652015f217b' locally
2026-10-06T10:00:28.8825082Z mirror.gcr.io/library/maven@sha256:fa7aa19829157d299ff05f631b51697a388dcd2f6955e84249ecc652015f217b: Pulling from library/maven
2026-10-06T10:00:28.8832217Z 20043066d3d5: Pulling fs layer
2026-10-06T10:00:28.8832880Z 077c4ca28173: Pulling fs layer
2026-10-06T10:00:28.8834190Z b88b6ae1b108: Pulling fs layer
2026-10-06T10:00:28.8834571Z 67cf99ea3a75: Pulling fs layer
2026-10-06T10:00:28.8834975Z 02d80376fd82: Pulling fs layer
2026-10-06T10:00:28.8835283Z a48539624cab: Pulling fs layer
2026-10-06T10:00:28.8835551Z 066840a279be: Pulling fs layer
2026-10-06T10:00:28.8836148Z 00ce8eef72b0: Pulling fs layer
2026-10-06T10:00:28.8836394Z a00511e1babb: Pulling fs layer
2026-10-06T10:00:28.8836688Z 8f9d993fddb9: Pulling fs layer
2026-10-06T10:00:28.8836919Z 67cf99ea3a75: Waiting
2026-10-06T10:00:28.8837154Z 02d80376fd82: Waiting
2026-10-06T10:00:28.8837755Z a48539624cab: Waiting
2026-10-06T10:00:28.8838086Z 066840a279be: Waiting
2026-10-06T10:00:28.8841287Z 00ce8eef72b0: Waiting
2026-10-06T10:00:28.8841977Z a00511e1babb: Waiting
2026-10-06T10:00:28.8842494Z 8f9d993fddb9: Waiting
2026-10-06T10:00:29.7251532Z 20043066d3d5: Verifying Checksum
2026-10-06T10:00:29.7251873Z 20043066d3d5: Download complete
2026-10-06T10:00:30.3033977Z 67cf99ea3a75: Verifying Checksum
2026-10-06T10:00:30.3034517Z 67cf99ea3a75: Download complete
2026-10-06T10:00:30.3619265Z 20043066d3d5: Pull complete
2026-10-06T10:00:30.8873766Z 02d80376fd82: Download complete
2026-10-06T10:00:30.9366693Z 077c4ca28173: Verifying Checksum
2026-10-06T10:00:30.9367296Z 077c4ca28173: Download complete
2026-10-06T10:00:31.9942737Z 066840a279be: Verifying Checksum
2026-10-06T10:00:31.9943215Z 066840a279be: Download complete
2026-10-06T10:00:32.5500215Z 00ce8eef72b0: Verifying Checksum
2026-10-06T10:00:32.5500822Z 00ce8eef72b0: Download complete
2026-10-06T10:00:32.6321632Z a48539624cab: Verifying Checksum
2026-10-06T10:00:32.6322001Z a48539624cab: Download complete
2026-10-06T10:00:33.1910507Z a00511e1babb: Verifying Checksum
2026-10-06T10:00:33.1910761Z a00511e1babb: Download complete
2026-10-06T10:00:33.1922304Z 8f9d993fddb9: Verifying Checksum
2026-10-06T10:00:33.1922552Z 8f9d993fddb9: Download complete
2026-10-06T10:00:36.8319798Z b88b6ae1b108: Verifying Checksum
2026-10-06T10:00:36.8320078Z b88b6ae1b108: Download complete
2026-10-06T10:00:38.8151740Z 077c4ca28173: Pull complete
2026-10-06T10:00:41.1936152Z b88b6ae1b108: Pull complete
2026-10-06T10:00:41.2004429Z 67cf99ea3a75: Pull complete
2026-10-06T10:00:41.2107988Z 02d80376fd82: Pull complete
2026-10-06T10:00:42.1696160Z a48539624cab: Pull complete
2026-10-06T10:00:42.2791715Z 066840a279be: Pull complete
2026-10-06T10:00:42.2901850Z 00ce8eef72b0: Pull complete
2026-10-06T10:00:42.2974941Z a00511e1babb: Pull complete
2026-10-06T10:00:42.3042874Z 8f9d993fddb9: Pull complete
2026-10-06T10:00:42.3078323Z Digest: sha256:fa7aa19829157d299ff05f631b51697a388dcd2f6955e84249ecc652015f217b
2026-10-06T10:00:42.3086017Z Status: Downloaded newer image for mirror.gcr.io/library/maven@sha256:fa7aa19829157d299ff05f631b51697a388dcd2f6955e84249ecc652015f217b
2026-10-06T10:00:45.0329671Z [INFO] Scanning for projects...
2026-10-06T10:00:49.1979664Z [INFO] 
2026-10-06T10:00:49.1980411Z [INFO] --------------------< org.weaveos:workflow-engine >---------------------
2026-10-06T10:00:49.1989560Z [INFO] Building WeaveOS controlled workflow engine core 0.3.0-SNAPSHOT
2026-10-06T10:00:49.1990028Z [INFO]   from pom.xml
2026-10-06T10:00:49.1991909Z [INFO] --------------------------------[ jar ]---------------------------------
2026-10-06T10:00:49.2025804Z [INFO] 
2026-10-06T10:00:49.2029184Z [INFO] --- dependency:3.9.0:go-offline (default-cli) @ workflow-engine ---
2026-10-06T10:00:54.5099883Z [INFO] Resolved plugin: maven-compiler-plugin-3.14.1.jar
2026-10-06T10:00:54.5129293Z [INFO] Resolved plugin dependency:
2026-10-06T10:00:54.9561225Z [INFO]       maven-compiler-plugin-3.14.1.jar
2026-10-06T10:00:54.9561566Z [INFO]       asm-9.8.jar
2026-10-06T10:00:54.9577113Z [INFO]       maven-shared-utils-3.4.2.jar
2026-10-06T10:00:54.9577370Z [INFO]       slf4j-api-1.7.36.jar
2026-10-06T10:00:54.9583996Z [INFO]       commons-io-2.11.0.jar
2026-10-06T10:00:54.9584543Z [INFO]       maven-shared-incremental-1.1.jar
2026-10-06T10:00:54.9584971Z [INFO]       plexus-java-1.5.0.jar
2026-10-06T10:00:54.9585351Z [INFO]       qdox-2.2.0.jar
2026-10-06T10:00:54.9585729Z [INFO]       plexus-compiler-api-2.15.0.jar
2026-10-06T10:00:54.9589329Z [INFO]       plexus-compiler-manager-2.15.0.jar
2026-10-06T10:00:54.9589821Z [INFO]       javax.inject-1.jar
2026-10-06T10:00:54.9590217Z [INFO]       plexus-xml-3.0.1.jar
2026-10-06T10:00:54.9590616Z [INFO]       plexus-compiler-javac-2.15.0.jar
2026-10-06T10:00:54.9591015Z [INFO]       plexus-utils-4.0.2.jar
2026-10-06T10:00:54.9591428Z [INFO] Resolved plugin: maven-surefire-plugin-3.5.4.jar
2026-10-06T10:00:54.9591861Z [INFO] Resolved plugin dependency:
2026-10-06T10:00:55.2378779Z [INFO]       maven-surefire-plugin-3.5.4.jar
2026-10-06T10:00:55.2379986Z [INFO]       surefire-api-3.5.4.jar
2026-10-06T10:00:55.2380481Z [INFO]       surefire-logger-api-3.5.4.jar
2026-10-06T10:00:55.2380959Z [INFO]       surefire-shared-utils-3.5.4.jar
2026-10-06T10:00:55.2381397Z [INFO]       surefire-extensions-api-3.5.4.jar
2026-10-06T10:00:55.2381825Z [INFO]       maven-surefire-common-3.5.4.jar
2026-10-06T10:00:55.2382218Z [INFO]       surefire-booter-3.5.4.jar
2026-10-06T10:00:55.2382612Z [INFO]       surefire-extensions-spi-3.5.4.jar
2026-10-06T10:00:55.2383064Z [INFO]       maven-resolver-util-1.4.1.jar
2026-10-06T10:00:55.2383478Z [INFO]       maven-resolver-api-1.4.1.jar
2026-10-06T10:00:55.2388853Z [INFO]       maven-common-artifact-filters-3.4.0.jar
2026-10-06T10:00:55.2389538Z [INFO]       slf4j-api-1.7.36.jar
2026-10-06T10:00:55.2389955Z [INFO]       plexus-java-1.5.0.jar
2026-10-06T10:00:55.2390332Z [INFO]       asm-9.8.jar
2026-10-06T10:00:55.2390671Z [INFO]       qdox-2.2.0.jar
2026-10-06T10:00:55.2392311Z [INFO] Resolved plugin: maven-jar-plugin-3.4.2.jar
2026-10-06T10:00:55.2392751Z [INFO] Resolved plugin dependency:
2026-10-06T10:00:55.4397450Z [INFO]       maven-jar-plugin-3.4.2.jar
2026-10-06T10:00:55.4398049Z [INFO]       file-management-3.1.0.jar
2026-10-06T10:00:55.4419648Z [INFO]       plexus-utils-4.0.1.jar
2026-10-06T10:00:55.4420068Z [INFO]       commons-io-2.16.1.jar
2026-10-06T10:00:55.4420650Z [INFO]       maven-archiver-3.6.2.jar
2026-10-06T10:00:55.4429530Z [INFO]       plexus-interpolation-1.27.jar
2026-10-06T10:00:55.4430034Z [INFO]       plexus-archiver-4.9.2.jar
2026-10-06T10:00:55.4430423Z [INFO]       plexus-io-3.4.2.jar
2026-10-06T10:00:55.4430820Z [INFO]       commons-compress-1.26.1.jar
2026-10-06T10:00:55.4431218Z [INFO]       commons-lang3-3.14.0.jar
2026-10-06T10:00:55.4431597Z [INFO]       commons-codec-1.16.1.jar
2026-10-06T10:00:55.4431975Z [INFO]       snappy-0.4.jar
2026-10-06T10:00:55.4432319Z [INFO]       xz-1.9.jar
2026-10-06T10:00:55.4432668Z [INFO]       zstd-jni-1.5.5-11.jar
2026-10-06T10:00:55.4433028Z [INFO]       javax.inject-1.jar
2026-10-06T10:00:55.4433382Z [INFO]       slf4j-api-1.7.36.jar
2026-10-06T10:00:55.4433784Z [INFO] Resolved plugin: maven-clean-plugin-3.5.0.jar
2026-10-06T10:00:55.4434225Z [INFO] Resolved plugin dependency:
2026-10-06T10:00:55.4434632Z [INFO]       maven-clean-plugin-3.5.0.jar
2026-10-06T10:00:55.4435017Z [INFO]       plexus-utils-4.0.2.jar
2026-10-06T10:00:55.4435431Z [INFO] Resolved plugin: protobuf-maven-plugin-0.6.1.jar
2026-10-06T10:00:55.4436125Z [INFO] Resolved plugin dependency:
2026-10-06T10:00:56.4802227Z [INFO]       protobuf-maven-plugin-0.6.1.jar
2026-10-06T10:00:56.4806141Z [INFO]       maven-plugin-api-3.0.jar
2026-10-06T10:00:56.4806442Z [INFO]       maven-model-3.0.jar
2026-10-06T10:00:56.4806760Z [INFO]       sisu-inject-plexus-1.4.2.jar
2026-10-06T10:00:56.4807029Z [INFO]       sisu-inject-bean-1.4.2.jar
2026-10-06T10:00:56.4807283Z [INFO]       sisu-guice-2.1.7-noaop.jar
2026-10-06T10:00:56.4807588Z [INFO]       maven-plugin-annotations-3.5.2.jar
2026-10-06T10:00:56.4807866Z [INFO]       plexus-utils-3.1.0.jar
2026-10-06T10:00:56.4808144Z [INFO]       plexus-component-annotations-1.7.1.jar
2026-10-06T10:00:56.4808439Z [INFO]       plexus-build-api-0.0.7.jar
2026-10-06T10:00:56.4808827Z [INFO]       maven-core-3.0.jar
2026-10-06T10:00:56.4809057Z [INFO]       maven-settings-3.0.jar
2026-10-06T10:00:56.4809300Z [INFO]       maven-settings-builder-3.0.jar
2026-10-06T10:00:56.4809588Z [INFO]       maven-repository-metadata-3.0.jar
2026-10-06T10:00:56.4809880Z [INFO]       maven-model-builder-3.0.jar
2026-10-06T10:00:56.4810141Z [INFO]       maven-aether-provider-3.0.jar
2026-10-06T10:00:56.4811021Z [INFO]       aether-impl-1.7.jar
2026-10-06T10:00:56.4811265Z [INFO]       aether-spi-1.7.jar
2026-10-06T10:00:56.4811487Z [INFO]       aether-api-1.7.jar
2026-10-06T10:00:56.4811706Z [INFO]       aether-util-1.7.jar
2026-10-06T10:00:56.4811953Z [INFO]       plexus-interpolation-1.14.jar
2026-10-06T10:00:56.4812531Z [INFO]       plexus-classworlds-2.2.3.jar
2026-10-06T10:00:56.4812803Z [INFO]       plexus-sec-dispatcher-1.3.jar
2026-10-06T10:00:56.4813064Z [INFO]       plexus-cipher-1.4.jar
2026-10-06T10:00:56.4813305Z [INFO]       maven-artifact-3.0.jar
2026-10-06T10:00:56.4816829Z [INFO]       maven-compat-3.0.jar
2026-10-06T10:00:56.4817097Z [INFO]       wagon-provider-api-1.0-beta-6.jar
2026-10-06T10:00:56.4817385Z [INFO] Resolved plugin: maven-install-plugin-3.1.4.jar
2026-10-06T10:00:56.4817657Z [INFO] Resolved plugin dependency:
2026-10-06T10:00:56.6746390Z [INFO]       maven-install-plugin-3.1.4.jar
2026-10-06T10:00:56.6746943Z [INFO]       maven-resolver-util-1.9.22.jar
2026-10-06T10:00:56.6747296Z [INFO]       maven-resolver-api-1.9.22.jar
2026-10-06T10:00:56.6747545Z [INFO]       plexus-utils-4.0.1.jar
2026-10-06T10:00:56.6747777Z [INFO]       plexus-xml-3.0.1.jar
2026-10-06T10:00:56.6748026Z [INFO] Resolved plugin: maven-site-plugin-3.12.1.jar
2026-10-06T10:00:56.6748211Z [INFO] Resolved plugin dependency:
2026-10-06T10:01:05.3579723Z [INFO]       maven-site-plugin-3.12.1.jar
2026-10-06T10:01:05.3580095Z [INFO]       maven-reporting-api-3.1.1.jar
2026-10-06T10:01:05.3580382Z [INFO]       maven-reporting-exec-1.6.0.jar
2026-10-06T10:01:05.3580657Z [INFO]       maven-artifact-3.2.5.jar
2026-10-06T10:01:05.3580908Z [INFO]       maven-core-3.2.5.jar
2026-10-06T10:01:05.3581182Z [INFO]       maven-repository-metadata-3.2.5.jar
2026-10-06T10:01:05.3581462Z [INFO]       maven-model-builder-3.2.5.jar
2026-10-06T10:01:05.3581723Z [INFO]       maven-aether-provider-3.2.5.jar
2026-10-06T10:01:05.3582214Z [INFO]       aether-spi-1.0.0.v20140518.jar
2026-10-06T10:01:05.3582537Z [INFO]       aether-impl-1.0.0.v20140518.jar
2026-10-06T10:01:05.3582904Z [INFO]       aether-api-1.0.0.v20140518.jar
2026-10-06T10:01:05.3605562Z [INFO]       org.eclipse.sisu.plexus-0.3.5.jar
2026-10-06T10:01:05.3607144Z [INFO]       javax.annotation-api-1.2.jar
2026-10-06T10:01:05.3607643Z [INFO]       cdi-api-1.2.jar
2026-10-06T10:01:05.3607980Z [INFO]       org.eclipse.sisu.inject-0.3.5.jar
2026-10-06T10:01:05.3608338Z [INFO]       sisu-guice-3.2.3-no_aop.jar
2026-10-06T10:01:05.3608787Z [INFO]       javax.inject-1.jar
2026-10-06T10:01:05.3609072Z [INFO]       aopalliance-1.0.jar
2026-10-06T10:01:05.3609357Z [INFO]       guava-16.0.1.jar
2026-10-06T10:01:05.3609692Z [INFO]       plexus-classworlds-2.5.2.jar
2026-10-06T10:01:05.3610026Z [INFO]       plexus-sec-dispatcher-1.3.jar
2026-10-06T10:01:05.3610365Z [INFO]       plexus-cipher-1.4.jar
2026-10-06T10:01:05.3610585Z [INFO]       maven-model-3.2.5.jar
2026-10-06T10:01:05.3611058Z [INFO]       maven-plugin-api-3.2.5.jar
2026-10-06T10:01:05.3611298Z [INFO]       maven-settings-3.2.5.jar
2026-10-06T10:01:05.3611534Z [INFO]       maven-settings-builder-3.2.5.jar
2026-10-06T10:01:05.3611734Z [INFO]       aether-util-1.0.0.v20140518.jar
2026-10-06T10:01:05.3611927Z [INFO]       maven-shared-utils-3.3.4.jar
2026-10-06T10:01:05.3612081Z [INFO]       commons-io-2.6.jar
2026-10-06T10:01:05.3612230Z [INFO]       maven-archiver-3.5.2.jar
2026-10-06T10:01:05.3612381Z [INFO]       commons-compress-1.20.jar
2026-10-06T10:01:05.3612545Z [INFO]       plexus-interpolation-1.26.jar
2026-10-06T10:01:05.3612703Z [INFO]       plexus-archiver-4.2.7.jar
2026-10-06T10:01:05.3612918Z [INFO]       plexus-io-3.2.0.jar
2026-10-06T10:01:05.3613132Z [INFO]       snappy-0.4.jar
2026-10-06T10:01:05.3613324Z [INFO]       xz-1.9.jar
2026-10-06T10:01:05.3613522Z [INFO]       plexus-i18n-1.0-beta-10.jar
2026-10-06T10:01:05.3613758Z [INFO]       plexus-utils-3.4.2.jar
2026-10-06T10:01:05.3615247Z [INFO]       doxia-sink-api-1.11.1.jar
2026-10-06T10:01:05.3615455Z [INFO]       doxia-logging-api-1.11.1.jar
2026-10-06T10:01:05.3615664Z [INFO]       doxia-core-1.11.1.jar
2026-10-06T10:01:05.3617026Z [INFO]       plexus-container-default-2.1.0.jar
2026-10-06T10:01:05.3617196Z [INFO]       xbean-reflect-3.7.jar
2026-10-06T10:01:05.3617341Z [INFO]       google-collections-1.0.jar
2026-10-06T10:01:05.3617535Z [INFO]       plexus-component-annotations-2.1.1.jar
2026-10-06T10:01:05.3619427Z [INFO]       commons-lang3-3.8.1.jar
2026-10-06T10:01:05.3620595Z [INFO]       commons-text-1.3.jar
2026-10-06T10:01:05.3621033Z [INFO]       httpclient-4.5.13.jar
2026-10-06T10:01:05.3621249Z [INFO]       commons-logging-1.2.jar
2026-10-06T10:01:05.3621922Z [INFO]       commons-codec-1.11.jar
2026-10-06T10:01:05.3622702Z [INFO]       httpcore-4.4.14.jar
2026-10-06T10:01:05.3622947Z [INFO]       doxia-module-xhtml-1.11.1.jar
2026-10-06T10:01:05.3623211Z [INFO]       doxia-module-xhtml5-1.11.1.jar
2026-10-06T10:01:05.3624498Z [INFO]       doxia-module-apt-1.11.1.jar
2026-10-06T10:01:05.3624758Z [INFO]       doxia-module-xdoc-1.11.1.jar
2026-10-06T10:01:05.3625082Z [INFO]       doxia-module-fml-1.11.1.jar
2026-10-06T10:01:05.3625349Z [INFO]       doxia-module-markdown-1.11.1.jar
2026-10-06T10:01:05.3625595Z [INFO]       flexmark-all-0.42.14.jar
2026-10-06T10:01:05.3627125Z [INFO]       flexmark-0.42.14.jar
2026-10-06T10:01:05.3627390Z [INFO]       flexmark-ext-abbreviation-0.42.14.jar
2026-10-06T10:01:05.3636028Z [INFO]       flexmark-ext-admonition-0.42.14.jar
2026-10-06T10:01:05.3636345Z [INFO]       flexmark-ext-anchorlink-0.42.14.jar
2026-10-06T10:01:05.3636598Z [INFO]       flexmark-ext-aside-0.42.14.jar
2026-10-06T10:01:05.3636852Z [INFO]       flexmark-ext-attributes-0.42.14.jar
2026-10-06T10:01:05.3637125Z [INFO]       flexmark-ext-autolink-0.42.14.jar
2026-10-06T10:01:05.3637409Z [INFO]       autolink-0.6.0.jar
2026-10-06T10:01:05.3637829Z [INFO]       flexmark-ext-definition-0.42.14.jar
2026-10-06T10:01:05.3638121Z [INFO]       flexmark-ext-emoji-0.42.14.jar
2026-10-06T10:01:05.3638432Z [INFO]       flexmark-ext-enumerated-reference-0.42.14.jar
2026-10-06T10:01:05.3639063Z [INFO]       flexmark-ext-escaped-character-0.42.14.jar
2026-10-06T10:01:05.3639352Z [INFO]       flexmark-ext-footnotes-0.42.14.jar
2026-10-06T10:01:05.3639638Z [INFO]       flexmark-ext-gfm-issues-0.42.14.jar
2026-10-06T10:01:05.3639950Z [INFO]       flexmark-ext-gfm-strikethrough-0.42.14.jar
2026-10-06T10:01:05.3640258Z [INFO]       flexmark-ext-gfm-tables-0.42.14.jar
2026-10-06T10:01:05.3640562Z [INFO]       flexmark-ext-gfm-tasklist-0.42.14.jar
2026-10-06T10:01:05.3640851Z [INFO]       flexmark-ext-gfm-users-0.42.14.jar
2026-10-06T10:01:05.3641135Z [INFO]       flexmark-ext-gitlab-0.42.14.jar
2026-10-06T10:01:05.3641448Z [INFO]       flexmark-ext-jekyll-front-matter-0.42.14.jar
2026-10-06T10:01:05.3641777Z [INFO]       flexmark-ext-jekyll-tag-0.42.14.jar
2026-10-06T10:01:05.3642040Z [INFO]       flexmark-ext-media-tags-0.42.14.jar
2026-10-06T10:01:05.3642704Z [INFO]       flexmark-ext-macros-0.42.14.jar
2026-10-06T10:01:05.3642968Z [INFO]       flexmark-ext-ins-0.42.14.jar
2026-10-06T10:01:05.3643246Z [INFO]       flexmark-ext-xwiki-macros-0.42.14.jar
2026-10-06T10:01:05.3643544Z [INFO]       flexmark-ext-superscript-0.42.14.jar
2026-10-06T10:01:05.3643831Z [INFO]       flexmark-ext-tables-0.42.14.jar
2026-10-06T10:01:05.3644096Z [INFO]       flexmark-ext-toc-0.42.14.jar
2026-10-06T10:01:05.3644374Z [INFO]       flexmark-ext-typographic-0.42.14.jar
2026-10-06T10:01:05.3644665Z [INFO]       flexmark-ext-wikilink-0.42.14.jar
2026-10-06T10:01:05.3644976Z [INFO]       flexmark-ext-yaml-front-matter-0.42.14.jar
2026-10-06T10:01:05.3645301Z [INFO]       flexmark-ext-youtube-embedded-0.42.14.jar
2026-10-06T10:01:05.3645602Z [INFO]       flexmark-formatter-0.42.14.jar
2026-10-06T10:01:05.3645886Z [INFO]       flexmark-html-parser-0.42.14.jar
2026-10-06T10:01:05.3646155Z [INFO]       jsoup-1.10.2.jar
2026-10-06T10:01:05.3646405Z [INFO]       flexmark-jira-converter-0.42.14.jar
2026-10-06T10:01:05.3646706Z [INFO]       flexmark-profile-pegdown-0.42.14.jar
2026-10-06T10:01:05.3646990Z [INFO]       flexmark-util-0.42.14.jar
2026-10-06T10:01:05.3647273Z [INFO]       flexmark-youtrack-converter-0.42.14.jar
2026-10-06T10:01:05.3647589Z [INFO]       doxia-module-confluence-1.11.1.jar
2026-10-06T10:01:05.3647882Z [INFO]       doxia-module-docbook-simple-1.11.1.jar
2026-10-06T10:01:05.3648168Z [INFO]       doxia-module-twiki-1.11.1.jar
2026-10-06T10:01:05.3648730Z [INFO]       doxia-decoration-model-1.11.1.jar
2026-10-06T10:01:05.3649008Z [INFO]       doxia-site-renderer-1.11.1.jar
2026-10-06T10:01:05.3649265Z [INFO]       doxia-skin-model-1.11.1.jar
2026-10-06T10:01:05.3649520Z [INFO]       plexus-velocity-1.2.jar
2026-10-06T10:01:05.3649760Z [INFO]       velocity-1.7.jar
2026-10-06T10:01:05.3649981Z [INFO]       commons-lang-2.4.jar
2026-10-06T10:01:05.3650214Z [INFO]       velocity-tools-2.0.jar
2026-10-06T10:01:05.3650457Z [INFO]       commons-beanutils-1.7.0.jar
2026-10-06T10:01:05.3650710Z [INFO]       commons-digester-1.8.jar
2026-10-06T10:01:05.3650954Z [INFO]       commons-chain-1.1.jar
2026-10-06T10:01:05.3651192Z [INFO]       dom4j-1.1.jar
2026-10-06T10:01:05.3651398Z [INFO]       oro-2.0.8.jar
2026-10-06T10:01:05.3651626Z [INFO]       commons-collections-3.2.2.jar
2026-10-06T10:01:05.3651950Z [INFO]       doxia-integration-tools-1.11.1.jar
2026-10-06T10:01:05.3652239Z [INFO]       jetty-server-9.4.46.v20220331.jar
2026-10-06T10:01:05.3652500Z [INFO]       javax.servlet-api-3.1.0.jar
2026-10-06T10:01:05.3652738Z [INFO]       jetty-http-9.4.46.v20220331.jar
2026-10-06T10:01:05.3652981Z [INFO]       jetty-io-9.4.46.v20220331.jar
2026-10-06T10:01:05.3653203Z [INFO]       jetty-servlet-9.4.46.v20220331.jar
2026-10-06T10:01:05.3653439Z [INFO]       jetty-security-9.4.46.v20220331.jar
2026-10-06T10:01:05.3653692Z [INFO]       jetty-util-ajax-9.4.46.v20220331.jar
2026-10-06T10:01:05.3653950Z [INFO]       jetty-webapp-9.4.46.v20220331.jar
2026-10-06T10:01:05.3654205Z [INFO]       jetty-xml-9.4.46.v20220331.jar
2026-10-06T10:01:05.3654453Z [INFO]       jetty-util-9.4.46.v20220331.jar
2026-10-06T10:01:05.3654751Z [INFO] Resolved plugin: maven-resources-plugin-3.3.1.jar
2026-10-06T10:01:05.3655046Z [INFO] Resolved plugin dependency:
2026-10-06T10:01:05.5929991Z [INFO]       maven-resources-plugin-3.3.1.jar
2026-10-06T10:01:05.5930382Z [INFO]       plexus-interpolation-1.26.jar
2026-10-06T10:01:05.5930658Z [INFO]       plexus-utils-3.5.1.jar
2026-10-06T10:01:05.5930948Z [INFO]       maven-filtering-3.3.1.jar
2026-10-06T10:01:05.5931199Z [INFO]       javax.inject-1.jar
2026-10-06T10:01:05.5931432Z [INFO]       slf4j-api-1.7.36.jar
2026-10-06T10:01:05.5931673Z [INFO]       plexus-build-api-0.0.7.jar
2026-10-06T10:01:05.5931923Z [INFO]       commons-io-2.11.0.jar
2026-10-06T10:01:05.5932202Z [INFO]       commons-lang3-3.12.0.jar
2026-10-06T10:01:05.5936350Z [INFO] Resolved plugin: maven-deploy-plugin-3.1.4.jar
2026-10-06T10:01:05.5936707Z [INFO] Resolved plugin dependency:
2026-10-06T10:01:05.5945210Z [INFO]       maven-deploy-plugin-3.1.4.jar
2026-10-06T10:01:05.5945710Z [INFO]       plexus-utils-4.0.1.jar
2026-10-06T10:01:05.5946028Z [INFO]       plexus-xml-3.0.1.jar
2026-10-06T10:01:05.5946359Z [INFO]       maven-resolver-util-1.9.22.jar
2026-10-06T10:01:05.5946719Z [INFO]       maven-resolver-api-1.9.22.jar
2026-10-06T10:01:12.7944746Z [INFO] Resolved dependency: flowable-spring-8.0.0.jar
2026-10-06T10:01:12.7945405Z [INFO] Resolved dependency: flowable-engine-8.0.0.jar
2026-10-06T10:01:12.7945757Z [INFO] Resolved dependency: flowable-bpmn-converter-8.0.0.jar
2026-10-06T10:01:12.7946123Z [INFO] Resolved dependency: flowable-bpmn-model-8.0.0.jar
2026-10-06T10:01:12.7946480Z [INFO] Resolved dependency: flowable-process-validation-8.0.0.jar
2026-10-06T10:01:12.7946856Z [INFO] Resolved dependency: flowable-image-generator-8.0.0.jar
2026-10-06T10:01:12.7947245Z [INFO] Resolved dependency: flowable-engine-common-api-8.0.0.jar
2026-10-06T10:01:12.7947659Z [INFO] Resolved dependency: flowable-engine-common-8.0.0.jar
2026-10-06T10:01:12.7948058Z [INFO] Resolved dependency: flowable-variable-service-api-8.0.0.jar
2026-10-06T10:01:12.7948460Z [INFO] Resolved dependency: flowable-event-registry-api-8.0.0.jar
2026-10-06T10:01:12.7948961Z [INFO] Resolved dependency: jackson-databind-3.0.4.jar
2026-10-06T10:01:12.7949281Z [INFO] Resolved dependency: jackson-core-3.0.4.jar
2026-10-06T10:01:12.7949638Z [INFO] Resolved dependency: flowable-variable-service-8.0.0.jar
2026-10-06T10:01:12.7950242Z [INFO] Resolved dependency: flowable-identitylink-service-8.0.0.jar
2026-10-06T10:01:12.7950874Z [INFO] Resolved dependency: flowable-identitylink-service-api-8.0.0.jar
2026-10-06T10:01:12.7951291Z [INFO] Resolved dependency: flowable-entitylink-service-8.0.0.jar
2026-10-06T10:01:12.7959980Z [INFO] Resolved dependency: flowable-entitylink-service-api-8.0.0.jar
2026-10-06T10:01:12.7960633Z [INFO] Resolved dependency: flowable-event-registry-8.0.0.jar
2026-10-06T10:01:12.7961189Z [INFO] Resolved dependency: flowable-event-registry-model-8.0.0.jar
2026-10-06T10:01:12.7961794Z [INFO] Resolved dependency: flowable-event-registry-json-converter-8.0.0.jar
2026-10-06T10:01:12.7962438Z [INFO] Resolved dependency: flowable-eventsubscription-service-api-8.0.0.jar
2026-10-06T10:01:12.7962992Z [INFO] Resolved dependency: commons-io-2.21.0.jar
2026-10-06T10:01:12.7963491Z [INFO] Resolved dependency: java-uuid-generator-5.1.0.jar
2026-10-06T10:01:12.7964037Z [INFO] Resolved dependency: flowable-event-registry-configurator-8.0.0.jar
2026-10-06T10:01:12.7964663Z [INFO] Resolved dependency: flowable-eventsubscription-service-8.0.0.jar
2026-10-06T10:01:12.7965187Z [INFO] Resolved dependency: flowable-task-service-8.0.0.jar
2026-10-06T10:01:12.7965673Z [INFO] Resolved dependency: flowable-task-service-api-8.0.0.jar
2026-10-06T10:01:12.7966185Z [INFO] Resolved dependency: flowable-job-service-8.0.0.jar
2026-10-06T10:01:12.7966694Z [INFO] Resolved dependency: flowable-job-service-api-8.0.0.jar
2026-10-06T10:01:12.7967222Z [INFO] Resolved dependency: flowable-batch-service-8.0.0.jar
2026-10-06T10:01:12.7967743Z [INFO] Resolved dependency: flowable-batch-service-api-8.0.0.jar
2026-10-06T10:01:12.7968238Z [INFO] Resolved dependency: flowable-idm-api-8.0.0.jar
2026-10-06T10:01:12.7968869Z [INFO] Resolved dependency: flowable-idm-engine-8.0.0.jar
2026-10-06T10:01:12.7969351Z [INFO] Resolved dependency: commons-codec-1.19.0.jar
2026-10-06T10:01:12.7969866Z [INFO] Resolved dependency: flowable-idm-engine-configurator-8.0.0.jar
2026-10-06T10:01:12.7970401Z [INFO] Resolved dependency: flowable-cmmn-api-8.0.0.jar
2026-10-06T10:01:12.7970865Z [INFO] Resolved dependency: flowable-cmmn-model-8.0.0.jar
2026-10-06T10:01:12.7971342Z [INFO] Resolved dependency: flowable-dmn-api-8.0.0.jar
2026-10-06T10:01:12.7971828Z [INFO] Resolved dependency: flowable-dmn-model-8.0.0.jar
2026-10-06T10:01:12.7972292Z [INFO] Resolved dependency: flowable-form-model-8.0.0.jar
2026-10-06T10:01:12.7972758Z [INFO] Resolved dependency: flowable-form-api-8.0.0.jar
2026-10-06T10:01:12.7973451Z [INFO] Resolved dependency: jackson-annotations-2.20.jar
2026-10-06T10:01:12.7973952Z [INFO] Resolved dependency: flowable-content-api-8.0.0.jar
2026-10-06T10:01:12.7974443Z [INFO] Resolved dependency: flowable-http-common-8.0.0.jar
2026-10-06T10:01:12.7974911Z [INFO] Resolved dependency: flowable-mail-8.0.0.jar
2026-10-06T10:01:12.7975341Z [INFO] Resolved dependency: angus-mail-2.0.5.jar
2026-10-06T10:01:12.7975810Z [INFO] Resolved dependency: jakarta.activation-api-2.1.4.jar
2026-10-06T10:01:12.7976291Z [INFO] Resolved dependency: jakarta.mail-api-2.1.5.jar
2026-10-06T10:01:12.7976766Z [INFO] Resolved dependency: angus-activation-2.0.3.jar
2026-10-06T10:01:12.7977201Z [INFO] Resolved dependency: mybatis-3.5.19.jar
2026-10-06T10:01:12.7977627Z [INFO] Resolved dependency: spring-beans-7.0.3.jar
2026-10-06T10:01:12.7978059Z [INFO] Resolved dependency: joda-time-2.14.0.jar
2026-10-06T10:01:12.7978534Z [INFO] Resolved dependency: flowable-spring-common-8.0.0.jar
2026-10-06T10:01:12.7979221Z [INFO] Resolved dependency: flowable-job-spring-service-8.0.0.jar
2026-10-06T10:01:12.7979831Z [INFO] Resolved dependency: flowable-event-registry-spring-configurator-8.0.0.jar
2026-10-06T10:01:12.7980442Z [INFO] Resolved dependency: flowable-event-registry-spring-8.0.0.jar
2026-10-06T10:01:12.7980962Z [INFO] Resolved dependency: spring-context-7.0.3.jar
2026-10-06T10:01:12.7981407Z [INFO] Resolved dependency: spring-aop-7.0.3.jar
2026-10-06T10:01:12.7982071Z [INFO] Resolved dependency: spring-core-7.0.3.jar
2026-10-06T10:01:12.8003041Z [INFO] Resolved dependency: commons-logging-1.3.5.jar
2026-10-06T10:01:12.8003514Z [INFO] Resolved dependency: spring-expression-7.0.3.jar
2026-10-06T10:01:12.8003977Z [INFO] Resolved dependency: micrometer-observation-1.16.2.jar
2026-10-06T10:01:12.8004438Z [INFO] Resolved dependency: micrometer-commons-1.16.2.jar
2026-10-06T10:01:12.8004859Z [INFO] Resolved dependency: spring-jdbc-7.0.3.jar
2026-10-06T10:01:12.8005266Z [INFO] Resolved dependency: spring-tx-7.0.3.jar
2026-10-06T10:01:12.8005693Z [INFO] Resolved dependency: commons-lang3-3.19.0.jar
2026-10-06T10:01:12.8006100Z [INFO] Resolved dependency: spring-orm-7.0.3.jar
2026-10-06T10:01:12.8006496Z [INFO] Resolved dependency: slf4j-api-2.0.17.jar
2026-10-06T10:01:12.8006928Z [INFO] Resolved dependency: jcl-over-slf4j-2.0.17.jar
2026-10-06T10:01:12.8007381Z [INFO] Resolved dependency: grpc-protobuf-1.84.0.jar
2026-10-06T10:01:12.8007801Z [INFO] Resolved dependency: grpc-api-1.84.0.jar
2026-10-06T10:01:12.8008203Z [INFO] Resolved dependency: jsr305-3.0.2.jar
2026-10-06T10:01:12.8008835Z [INFO] Resolved dependency: proto-google-common-protos-2.64.1.jar
2026-10-06T10:01:12.8009351Z [INFO] Resolved dependency: guava-33.6.0-android.jar
2026-10-06T10:01:12.8009798Z [INFO] Resolved dependency: failureaccess-1.0.3.jar
2026-10-06T10:01:12.8010381Z [INFO] Resolved dependency: listenablefuture-9999.0-empty-to-avoid-conflict-with-guava.jar
2026-10-06T10:01:12.8011000Z [INFO] Resolved dependency: j2objc-annotations-3.1.jar
2026-10-06T10:01:12.8011486Z [INFO] Resolved dependency: grpc-protobuf-lite-1.84.0.jar
2026-10-06T10:01:12.8012103Z [INFO] Resolved dependency: protobuf-java-3.25.9.jar
2026-10-06T10:01:12.8012643Z [INFO] Resolved dependency: junit-platform-launcher-6.0.2.jar
2026-10-06T10:01:12.8012997Z [INFO] Resolved dependency: junit-platform-engine-6.0.2.jar
2026-10-06T10:01:12.8013211Z [INFO] Resolved dependency: opentest4j-1.3.0.jar
2026-10-06T10:01:12.8013428Z [INFO] Resolved dependency: junit-platform-commons-6.0.2.jar
2026-10-06T10:01:12.8013656Z [INFO] Resolved dependency: apiguardian-api-1.1.2.jar
2026-10-06T10:01:12.8013849Z [INFO] Resolved dependency: jspecify-1.0.0.jar
2026-10-06T10:01:12.8014046Z [INFO] Resolved dependency: spring-boot-starter-4.0.2.jar
2026-10-06T10:01:12.8014276Z [INFO] Resolved dependency: spring-boot-starter-logging-4.0.2.jar
2026-10-06T10:01:12.8014507Z [INFO] Resolved dependency: logback-classic-1.5.25.jar
2026-10-06T10:01:12.8014702Z [INFO] Resolved dependency: logback-core-1.5.25.jar
2026-10-06T10:01:12.8015081Z [INFO] Resolved dependency: log4j-to-slf4j-2.25.3.jar
2026-10-06T10:01:12.8015269Z [INFO] Resolved dependency: log4j-api-2.25.3.jar
2026-10-06T10:01:12.8015454Z [INFO] Resolved dependency: jul-to-slf4j-2.0.17.jar
2026-10-06T10:01:12.8015667Z [INFO] Resolved dependency: spring-boot-autoconfigure-4.0.2.jar
2026-10-06T10:01:12.8015908Z [INFO] Resolved dependency: spring-boot-4.0.2.jar
2026-10-06T10:01:12.8016113Z [INFO] Resolved dependency: jakarta.annotation-api-3.0.0.jar
2026-10-06T10:01:12.8016313Z [INFO] Resolved dependency: snakeyaml-2.5.jar
2026-10-06T10:01:12.8016495Z [INFO] Resolved dependency: junit-jupiter-6.0.2.jar
2026-10-06T10:01:12.8016693Z [INFO] Resolved dependency: junit-jupiter-api-6.0.2.jar
2026-10-06T10:01:12.8016905Z [INFO] Resolved dependency: junit-jupiter-params-6.0.2.jar
2026-10-06T10:01:12.8017120Z [INFO] Resolved dependency: junit-jupiter-engine-6.0.2.jar
2026-10-06T10:01:12.8017330Z [INFO] Resolved dependency: grpc-netty-shaded-1.84.0.jar
2026-10-06T10:01:12.8017533Z [INFO] Resolved dependency: grpc-util-1.84.0.jar
2026-10-06T10:01:12.8017712Z [INFO] Resolved dependency: grpc-core-1.84.0.jar
2026-10-06T10:01:12.8017883Z [INFO] Resolved dependency: gson-2.13.2.jar
2026-10-06T10:01:12.8018060Z [INFO] Resolved dependency: annotations-4.1.1.4.jar
2026-10-06T10:01:12.8018249Z [INFO] Resolved dependency: grpc-context-1.84.0.jar
2026-10-06T10:01:12.8018453Z [INFO] Resolved dependency: error_prone_annotations-2.50.0.jar
2026-10-06T10:01:12.8018919Z [INFO] Resolved dependency: perfmark-api-0.27.0.jar
2026-10-06T10:01:12.8019238Z [INFO] Resolved dependency: animal-sniffer-annotations-1.27.jar
2026-10-06T10:01:12.8019609Z [INFO] Resolved dependency: grpc-stub-1.84.0.jar
2026-10-06T10:01:12.8019899Z [INFO] Resolved dependency: postgresql-42.7.9.jar
2026-10-06T10:01:12.8020197Z [INFO] Resolved dependency: checker-qual-3.52.0.jar
2026-10-06T10:01:12.8020528Z [INFO] ------------------------------------------------------------------------
2026-10-06T10:01:12.8020829Z [INFO] BUILD SUCCESS
2026-10-06T10:01:12.8021080Z [INFO] ------------------------------------------------------------------------
2026-10-06T10:01:12.8021373Z [INFO] Total time:  27.778 s
2026-10-06T10:01:12.8021589Z [INFO] Finished at: 2026-10-06T10:01:12Z
2026-10-06T10:01:12.8021871Z [INFO] ------------------------------------------------------------------------
2026-10-06T10:01:13.6118335Z [INFO] Scanning for projects...
2026-10-06T10:01:13.7029474Z [INFO] 
2026-10-06T10:01:13.7029946Z [INFO] --------------< org.weaveos.proof:test-provider-prefetch >--------------
2026-10-06T10:01:13.7059157Z [INFO] Building test-provider-prefetch 1
2026-10-06T10:01:13.7059489Z [INFO]   from provider-pom.xml
2026-10-06T10:01:13.7059947Z [INFO] --------------------------------[ jar ]---------------------------------
2026-10-06T10:01:13.7060322Z [INFO] 
2026-10-06T10:01:13.7060634Z [INFO] --- dependency:3.9.0:go-offline (default-cli) @ test-provider-prefetch ---
2026-10-06T10:01:14.5120092Z [INFO] Resolved plugin: maven-compiler-plugin-3.13.0.jar
2026-10-06T10:01:14.5120926Z [INFO] Resolved plugin dependency:
2026-10-06T10:01:14.9957381Z [INFO]       maven-compiler-plugin-3.13.0.jar
2026-10-06T10:01:14.9957728Z [INFO]       maven-shared-utils-3.4.2.jar
2026-10-06T10:01:14.9957978Z [INFO]       slf4j-api-1.7.36.jar
2026-10-06T10:01:14.9958212Z [INFO]       commons-io-2.11.0.jar
2026-10-06T10:01:14.9958465Z [INFO]       maven-shared-incremental-1.1.jar
2026-10-06T10:01:14.9980419Z [INFO]       plexus-java-1.2.0.jar
2026-10-06T10:01:14.9982163Z [INFO]       asm-9.6.jar
2026-10-06T10:01:14.9982584Z [INFO]       qdox-2.0.3.jar
2026-10-06T10:01:14.9982960Z [INFO]       plexus-compiler-api-2.15.0.jar
2026-10-06T10:01:14.9983398Z [INFO]       plexus-compiler-manager-2.15.0.jar
2026-10-06T10:01:14.9983812Z [INFO]       javax.inject-1.jar
2026-10-06T10:01:14.9984172Z [INFO]       plexus-xml-3.0.0.jar
2026-10-06T10:01:14.9984559Z [INFO]       plexus-compiler-javac-2.15.0.jar
2026-10-06T10:01:14.9984970Z [INFO]       plexus-utils-4.0.0.jar
2026-10-06T10:01:15.0398347Z [INFO] Resolved plugin: maven-surefire-plugin-3.2.5.jar
2026-10-06T10:01:15.0398858Z [INFO] Resolved plugin dependency:
2026-10-06T10:01:15.9487437Z [INFO]       maven-surefire-plugin-3.2.5.jar
2026-10-06T10:01:15.9487824Z [INFO]       maven-surefire-common-3.2.5.jar
2026-10-06T10:01:15.9488108Z [INFO]       surefire-api-3.2.5.jar
2026-10-06T10:01:15.9488318Z [INFO]       surefire-logger-api-3.2.5.jar
2026-10-06T10:01:15.9488493Z [INFO]       surefire-extensions-api-3.2.5.jar
2026-10-06T10:01:15.9488912Z [INFO]       surefire-booter-3.2.5.jar
2026-10-06T10:01:15.9489199Z [INFO]       surefire-extensions-spi-3.2.5.jar
2026-10-06T10:01:15.9489484Z [INFO]       aether-util-1.0.0.v20140518.jar
2026-10-06T10:01:15.9489739Z [INFO]       aether-api-1.0.0.v20140518.jar
2026-10-06T10:01:15.9490027Z [INFO]       maven-common-artifact-filters-3.1.1.jar
2026-10-06T10:01:15.9495271Z [INFO]       maven-artifact-3.2.5.jar
2026-10-06T10:01:15.9495550Z [INFO]       plexus-utils-4.0.0.jar
2026-10-06T10:01:15.9495796Z [INFO]       maven-core-3.2.5.jar
2026-10-06T10:01:15.9496023Z [INFO]       maven-settings-3.2.5.jar
2026-10-06T10:01:15.9496381Z [INFO]       maven-settings-builder-3.2.5.jar
2026-10-06T10:01:15.9496661Z [INFO]       maven-repository-metadata-3.2.5.jar
2026-10-06T10:01:15.9496936Z [INFO]       maven-model-builder-3.2.5.jar
2026-10-06T10:01:15.9497195Z [INFO]       maven-aether-provider-3.2.5.jar
2026-10-06T10:01:15.9497454Z [INFO]       aether-spi-1.0.0.v20140518.jar
2026-10-06T10:01:15.9497927Z [INFO]       aether-impl-1.0.0.v20140518.jar
2026-10-06T10:01:15.9498193Z [INFO]       org.eclipse.sisu.plexus-0.9.0.M2.jar
2026-10-06T10:01:15.9498431Z [INFO]       javax.annotation-api-1.2.jar
2026-10-06T10:01:15.9498777Z [INFO]       cdi-api-1.2.jar
2026-10-06T10:01:15.9499012Z [INFO]       org.eclipse.sisu.inject-0.9.0.M2.jar
2026-10-06T10:01:15.9499193Z [INFO]       sisu-guice-3.2.3-no_aop.jar
2026-10-06T10:01:15.9499347Z [INFO]       javax.inject-1.jar
2026-10-06T10:01:15.9499490Z [INFO]       aopalliance-1.0.jar
2026-10-06T10:01:15.9499636Z [INFO]       guava-16.0.1.jar
2026-10-06T10:01:15.9499786Z [INFO]       plexus-interpolation-1.21.jar
2026-10-06T10:01:15.9499952Z [INFO]       plexus-classworlds-2.5.2.jar
2026-10-06T10:01:15.9500132Z [INFO]       plexus-component-annotations-1.5.5.jar
2026-10-06T10:01:15.9500320Z [INFO]       plexus-sec-dispatcher-1.3.jar
2026-10-06T10:01:15.9500485Z [INFO]       plexus-cipher-1.4.jar
2026-10-06T10:01:15.9500636Z [INFO]       maven-plugin-api-3.2.5.jar
2026-10-06T10:01:15.9500793Z [INFO]       commons-io-2.15.1.jar
2026-10-06T10:01:15.9500939Z [INFO]       plexus-java-1.2.0.jar
2026-10-06T10:01:15.9501080Z [INFO]       asm-9.6.jar
2026-10-06T10:01:15.9501208Z [INFO]       qdox-2.0.3.jar
2026-10-06T10:01:15.9502504Z [INFO]       surefire-shared-utils-3.2.5.jar
2026-10-06T10:01:15.9812836Z [INFO] Resolved plugin: maven-jar-plugin-3.4.1.jar
2026-10-06T10:01:15.9813458Z [INFO] Resolved plugin dependency:
2026-10-06T10:01:16.0189884Z [INFO]       maven-jar-plugin-3.4.1.jar
2026-10-06T10:01:16.0219735Z [INFO]       file-management-3.1.0.jar
2026-10-06T10:01:16.0220079Z [INFO]       commons-io-2.16.1.jar
2026-10-06T10:01:16.0220294Z [INFO]       maven-archiver-3.6.2.jar
2026-10-06T10:01:16.0220478Z [INFO]       plexus-interpolation-1.27.jar
2026-10-06T10:01:16.0220656Z [INFO]       plexus-utils-4.0.1.jar
2026-10-06T10:01:16.0220819Z [INFO]       plexus-archiver-4.9.2.jar
2026-10-06T10:01:16.0220978Z [INFO]       plexus-io-3.4.2.jar
2026-10-06T10:01:16.0221140Z [INFO]       commons-compress-1.26.1.jar
2026-10-06T10:01:16.0221303Z [INFO]       commons-lang3-3.14.0.jar
2026-10-06T10:01:16.0221456Z [INFO]       commons-codec-1.16.1.jar
2026-10-06T10:01:16.0221609Z [INFO]       snappy-0.4.jar
2026-10-06T10:01:16.0221749Z [INFO]       xz-1.9.jar
2026-10-06T10:01:16.0221885Z [INFO]       zstd-jni-1.5.5-11.jar
2026-10-06T10:01:16.0222033Z [INFO]       javax.inject-1.jar
2026-10-06T10:01:16.0222180Z [INFO]       slf4j-api-1.7.36.jar
2026-10-06T10:01:16.0613961Z [INFO] Resolved plugin: maven-clean-plugin-3.2.0.jar
2026-10-06T10:01:16.0614859Z [INFO] Resolved plugin dependency:
2026-10-06T10:01:16.1980612Z [INFO]       maven-clean-plugin-3.2.0.jar
2026-10-06T10:01:16.1981500Z [INFO]       maven-shared-utils-3.3.4.jar
2026-10-06T10:01:16.1981955Z [INFO]       commons-io-2.6.jar
2026-10-06T10:01:16.2235067Z [INFO] Resolved plugin: maven-install-plugin-3.1.2.jar
2026-10-06T10:01:16.2235437Z [INFO] Resolved plugin dependency:
2026-10-06T10:01:16.3964705Z [INFO]       maven-install-plugin-3.1.2.jar
2026-10-06T10:01:16.3965463Z [INFO]       maven-resolver-util-1.9.18.jar
2026-10-06T10:01:16.3966009Z [INFO]       maven-resolver-api-1.9.18.jar
2026-10-06T10:01:16.3966466Z [INFO]       plexus-utils-4.0.1.jar
2026-10-06T10:01:16.3966881Z [INFO]       plexus-xml-3.0.0.jar
2026-10-06T10:01:16.3967411Z [INFO] Resolved plugin: maven-site-plugin-3.12.1.jar
2026-10-06T10:01:16.3967912Z [INFO] Resolved plugin dependency:
2026-10-06T10:01:16.5559558Z [INFO]       maven-site-plugin-3.12.1.jar
2026-10-06T10:01:16.5560189Z [INFO]       maven-reporting-api-3.1.1.jar
2026-10-06T10:01:16.5560698Z [INFO]       maven-reporting-exec-1.6.0.jar
2026-10-06T10:01:16.5561219Z [INFO]       maven-artifact-3.2.5.jar
2026-10-06T10:01:16.5561665Z [INFO]       maven-core-3.2.5.jar
2026-10-06T10:01:16.5562067Z [INFO]       maven-repository-metadata-3.2.5.jar
2026-10-06T10:01:16.5562498Z [INFO]       maven-model-builder-3.2.5.jar
2026-10-06T10:01:16.5581016Z [INFO]       maven-aether-provider-3.2.5.jar
2026-10-06T10:01:16.5590522Z [INFO]       aether-spi-1.0.0.v20140518.jar
2026-10-06T10:01:16.5591043Z [INFO]       aether-impl-1.0.0.v20140518.jar
2026-10-06T10:01:16.5591636Z [INFO]       aether-api-1.0.0.v20140518.jar
2026-10-06T10:01:16.5592113Z [INFO]       org.eclipse.sisu.plexus-0.3.5.jar
2026-10-06T10:01:16.5592601Z [INFO]       javax.annotation-api-1.2.jar
2026-10-06T10:01:16.5593029Z [INFO]       cdi-api-1.2.jar
2026-10-06T10:01:16.5593442Z [INFO]       org.eclipse.sisu.inject-0.3.5.jar
2026-10-06T10:01:16.5593879Z [INFO]       sisu-guice-3.2.3-no_aop.jar
2026-10-06T10:01:16.5594322Z [INFO]       javax.inject-1.jar
2026-10-06T10:01:16.5609009Z [INFO]       aopalliance-1.0.jar
2026-10-06T10:01:16.5609549Z [INFO]       guava-16.0.1.jar
2026-10-06T10:01:16.5609934Z [INFO]       plexus-classworlds-2.5.2.jar
2026-10-06T10:01:16.5610353Z [INFO]       plexus-sec-dispatcher-1.3.jar
2026-10-06T10:01:16.5610758Z [INFO]       plexus-cipher-1.4.jar
2026-10-06T10:01:16.5611134Z [INFO]       maven-model-3.2.5.jar
2026-10-06T10:01:16.5611549Z [INFO]       maven-plugin-api-3.2.5.jar
2026-10-06T10:01:16.5611948Z [INFO]       maven-settings-3.2.5.jar
2026-10-06T10:01:16.5612352Z [INFO]       maven-settings-builder-3.2.5.jar
2026-10-06T10:01:16.5612765Z [INFO]       aether-util-1.0.0.v20140518.jar
2026-10-06T10:01:16.5613172Z [INFO]       maven-shared-utils-3.3.4.jar
2026-10-06T10:01:16.5613567Z [INFO]       commons-io-2.6.jar
2026-10-06T10:01:16.5613941Z [INFO]       maven-archiver-3.5.2.jar
2026-10-06T10:01:16.5614336Z [INFO]       commons-compress-1.20.jar
2026-10-06T10:01:16.5614754Z [INFO]       plexus-interpolation-1.26.jar
2026-10-06T10:01:16.5615161Z [INFO]       plexus-archiver-4.2.7.jar
2026-10-06T10:01:16.5615543Z [INFO]       plexus-io-3.2.0.jar
2026-10-06T10:01:16.5615914Z [INFO]       snappy-0.4.jar
2026-10-06T10:01:16.5616256Z [INFO]       xz-1.9.jar
2026-10-06T10:01:16.5616618Z [INFO]       plexus-i18n-1.0-beta-10.jar
2026-10-06T10:01:16.5617024Z [INFO]       plexus-utils-3.4.2.jar
2026-10-06T10:01:16.5617425Z [INFO]       doxia-sink-api-1.11.1.jar
2026-10-06T10:01:16.5617818Z [INFO]       doxia-logging-api-1.11.1.jar
2026-10-06T10:01:16.5618216Z [INFO]       doxia-core-1.11.1.jar
2026-10-06T10:01:16.5618754Z [INFO]       plexus-container-default-2.1.0.jar
2026-10-06T10:01:16.5619170Z [INFO]       xbean-reflect-3.7.jar
2026-10-06T10:01:16.5619555Z [INFO]       google-collections-1.0.jar
2026-10-06T10:01:16.5619990Z [INFO]       plexus-component-annotations-2.1.1.jar
2026-10-06T10:01:16.5620417Z [INFO]       commons-lang3-3.8.1.jar
2026-10-06T10:01:16.5621122Z [INFO]       commons-text-1.3.jar
2026-10-06T10:01:16.5621513Z [INFO]       httpclient-4.5.13.jar
2026-10-06T10:01:16.5621891Z [INFO]       commons-logging-1.2.jar
2026-10-06T10:01:16.5622283Z [INFO]       commons-codec-1.11.jar
2026-10-06T10:01:16.5622655Z [INFO]       httpcore-4.4.14.jar
2026-10-06T10:01:16.5623036Z [INFO]       doxia-module-xhtml-1.11.1.jar
2026-10-06T10:01:16.5623444Z [INFO]       doxia-module-xhtml5-1.11.1.jar
2026-10-06T10:01:16.5623861Z [INFO]       doxia-module-apt-1.11.1.jar
2026-10-06T10:01:16.5624263Z [INFO]       doxia-module-xdoc-1.11.1.jar
2026-10-06T10:01:16.5624672Z [INFO]       doxia-module-fml-1.11.1.jar
2026-10-06T10:01:16.5625096Z [INFO]       doxia-module-markdown-1.11.1.jar
2026-10-06T10:01:16.5625514Z [INFO]       flexmark-all-0.42.14.jar
2026-10-06T10:01:16.5625931Z [INFO]       flexmark-0.42.14.jar
2026-10-06T10:01:16.5626373Z [INFO]       flexmark-ext-abbreviation-0.42.14.jar
2026-10-06T10:01:16.5626863Z [INFO]       flexmark-ext-admonition-0.42.14.jar
2026-10-06T10:01:16.5627311Z [INFO]       flexmark-ext-anchorlink-0.42.14.jar
2026-10-06T10:01:16.5627729Z [INFO]       flexmark-ext-aside-0.42.14.jar
2026-10-06T10:01:16.5628147Z [INFO]       flexmark-ext-attributes-0.42.14.jar
2026-10-06T10:01:16.5630592Z [INFO]       flexmark-ext-autolink-0.42.14.jar
2026-10-06T10:01:16.5631018Z [INFO]       autolink-0.6.0.jar
2026-10-06T10:01:16.5631404Z [INFO]       flexmark-ext-definition-0.42.14.jar
2026-10-06T10:01:16.5632324Z [INFO]       flexmark-ext-emoji-0.42.14.jar
2026-10-06T10:01:16.5632805Z [INFO]       flexmark-ext-enumerated-reference-0.42.14.jar
2026-10-06T10:01:16.5633296Z [INFO]       flexmark-ext-escaped-character-0.42.14.jar
2026-10-06T10:01:16.5633745Z [INFO]       flexmark-ext-footnotes-0.42.14.jar
2026-10-06T10:01:16.5634179Z [INFO]       flexmark-ext-gfm-issues-0.42.14.jar
2026-10-06T10:01:16.5634630Z [INFO]       flexmark-ext-gfm-strikethrough-0.42.14.jar
2026-10-06T10:01:16.5635078Z [INFO]       flexmark-ext-gfm-tables-0.42.14.jar
2026-10-06T10:01:16.5635522Z [INFO]       flexmark-ext-gfm-tasklist-0.42.14.jar
2026-10-06T10:01:16.5635949Z [INFO]       flexmark-ext-gfm-users-0.42.14.jar
2026-10-06T10:01:16.5636362Z [INFO]       flexmark-ext-gitlab-0.42.14.jar
2026-10-06T10:01:16.5636800Z [INFO]       flexmark-ext-jekyll-front-matter-0.42.14.jar
2026-10-06T10:01:16.5637250Z [INFO]       flexmark-ext-jekyll-tag-0.42.14.jar
2026-10-06T10:01:16.5637669Z [INFO]       flexmark-ext-media-tags-0.42.14.jar
2026-10-06T10:01:16.5638094Z [INFO]       flexmark-ext-macros-0.42.14.jar
2026-10-06T10:01:16.5638557Z [INFO]       flexmark-ext-ins-0.42.14.jar
2026-10-06T10:01:16.5639103Z [INFO]       flexmark-ext-xwiki-macros-0.42.14.jar
2026-10-06T10:01:16.5639535Z [INFO]       flexmark-ext-superscript-0.42.14.jar
2026-10-06T10:01:16.5639960Z [INFO]       flexmark-ext-tables-0.42.14.jar
2026-10-06T10:01:16.5640357Z [INFO]       flexmark-ext-toc-0.42.14.jar
2026-10-06T10:01:16.5640766Z [INFO]       flexmark-ext-typographic-0.42.14.jar
2026-10-06T10:01:16.5641199Z [INFO]       flexmark-ext-wikilink-0.42.14.jar
2026-10-06T10:01:16.5641641Z [INFO]       flexmark-ext-yaml-front-matter-0.42.14.jar
2026-10-06T10:01:16.5642108Z [INFO]       flexmark-ext-youtube-embedded-0.42.14.jar
2026-10-06T10:01:16.5642536Z [INFO]       flexmark-formatter-0.42.14.jar
2026-10-06T10:01:16.5642946Z [INFO]       flexmark-html-parser-0.42.14.jar
2026-10-06T10:01:16.5643332Z [INFO]       jsoup-1.10.2.jar
2026-10-06T10:01:16.5643705Z [INFO]       flexmark-jira-converter-0.42.14.jar
2026-10-06T10:01:16.5644136Z [INFO]       flexmark-profile-pegdown-0.42.14.jar
2026-10-06T10:01:16.5644543Z [INFO]       flexmark-util-0.42.14.jar
2026-10-06T10:01:16.5644949Z [INFO]       flexmark-youtrack-converter-0.42.14.jar
2026-10-06T10:01:16.5645378Z [INFO]       doxia-module-confluence-1.11.1.jar
2026-10-06T10:01:16.5645802Z [INFO]       doxia-module-docbook-simple-1.11.1.jar
2026-10-06T10:01:16.5646222Z [INFO]       doxia-module-twiki-1.11.1.jar
2026-10-06T10:01:16.5646625Z [INFO]       doxia-decoration-model-1.11.1.jar
2026-10-06T10:01:16.5647284Z [INFO]       doxia-site-renderer-1.11.1.jar
2026-10-06T10:01:16.5647672Z [INFO]       doxia-skin-model-1.11.1.jar
2026-10-06T10:01:16.5648058Z [INFO]       plexus-velocity-1.2.jar
2026-10-06T10:01:16.5648426Z [INFO]       velocity-1.7.jar
2026-10-06T10:01:16.5649029Z [INFO]       commons-lang-2.4.jar
2026-10-06T10:01:16.5649386Z [INFO]       velocity-tools-2.0.jar
2026-10-06T10:01:16.5649754Z [INFO]       commons-beanutils-1.7.0.jar
2026-10-06T10:01:16.5650142Z [INFO]       commons-digester-1.8.jar
2026-10-06T10:01:16.5650508Z [INFO]       commons-chain-1.1.jar
2026-10-06T10:01:16.5650868Z [INFO]       dom4j-1.1.jar
2026-10-06T10:01:16.5651197Z [INFO]       oro-2.0.8.jar
2026-10-06T10:01:16.5651550Z [INFO]       commons-collections-3.2.2.jar
2026-10-06T10:01:16.5651956Z [INFO]       doxia-integration-tools-1.11.1.jar
2026-10-06T10:01:16.5652356Z [INFO]       jetty-server-9.4.46.v20220331.jar
2026-10-06T10:01:16.5652750Z [INFO]       javax.servlet-api-3.1.0.jar
2026-10-06T10:01:16.5653144Z [INFO]       jetty-http-9.4.46.v20220331.jar
2026-10-06T10:01:16.5653529Z [INFO]       jetty-io-9.4.46.v20220331.jar
2026-10-06T10:01:16.5653917Z [INFO]       jetty-servlet-9.4.46.v20220331.jar
2026-10-06T10:01:16.5654326Z [INFO]       jetty-security-9.4.46.v20220331.jar
2026-10-06T10:01:16.5654732Z [INFO]       jetty-util-ajax-9.4.46.v20220331.jar
2026-10-06T10:01:16.5655132Z [INFO]       jetty-webapp-9.4.46.v20220331.jar
2026-10-06T10:01:16.5655759Z [INFO]       jetty-xml-9.4.46.v20220331.jar
2026-10-06T10:01:16.5656140Z [INFO]       jetty-util-9.4.46.v20220331.jar
2026-10-06T10:01:16.5656564Z [INFO] Resolved plugin: maven-resources-plugin-3.3.1.jar
2026-10-06T10:01:16.5656992Z [INFO] Resolved plugin dependency:
2026-10-06T10:01:16.5706967Z [INFO]       maven-resources-plugin-3.3.1.jar
2026-10-06T10:01:16.5711083Z [INFO]       plexus-interpolation-1.26.jar
2026-10-06T10:01:16.5711657Z [INFO]       plexus-utils-3.5.1.jar
2026-10-06T10:01:16.5712099Z [INFO]       maven-filtering-3.3.1.jar
2026-10-06T10:01:16.5712519Z [INFO]       javax.inject-1.jar
2026-10-06T10:01:16.5712878Z [INFO]       slf4j-api-1.7.36.jar
2026-10-06T10:01:16.5713864Z [INFO]       plexus-build-api-0.0.7.jar
2026-10-06T10:01:16.5714248Z [INFO]       commons-io-2.11.0.jar
2026-10-06T10:01:16.5714620Z [INFO]       commons-lang3-3.12.0.jar
2026-10-06T10:01:16.5987669Z [INFO] Resolved plugin: maven-deploy-plugin-3.1.2.jar
2026-10-06T10:01:16.5988429Z [INFO] Resolved plugin dependency:
2026-10-06T10:01:16.6284084Z [INFO]       maven-deploy-plugin-3.1.2.jar
2026-10-06T10:01:16.6284870Z [INFO]       plexus-utils-4.0.1.jar
2026-10-06T10:01:16.6285384Z [INFO]       plexus-xml-3.0.0.jar
2026-10-06T10:01:16.6285821Z [INFO]       maven-resolver-util-1.9.18.jar
2026-10-06T10:01:16.6286269Z [INFO]       maven-resolver-api-1.9.18.jar
2026-10-06T10:01:17.1576458Z [INFO] Resolved dependency: protoc-3.25.9-linux-x86_64.exe
2026-10-06T10:01:17.1576955Z [INFO] Resolved dependency: junit-platform-launcher-1.12.1.jar
2026-10-06T10:01:17.1577368Z [INFO] Resolved dependency: junit-platform-engine-1.12.1.jar
2026-10-06T10:01:17.1577726Z [INFO] Resolved dependency: opentest4j-1.3.0.jar
2026-10-06T10:01:17.1578074Z [INFO] Resolved dependency: junit-platform-commons-1.12.1.jar
2026-10-06T10:01:17.1578431Z [INFO] Resolved dependency: apiguardian-api-1.1.2.jar
2026-10-06T10:01:17.1579011Z [INFO] Resolved dependency: protoc-gen-grpc-java-1.84.0-linux-x86_64.exe
2026-10-06T10:01:17.1579421Z [INFO] Resolved dependency: surefire-junit-platform-3.5.4.jar
2026-10-06T10:01:17.1579781Z [INFO] Resolved dependency: common-java5-3.5.4.jar
2026-10-06T10:01:17.1580100Z [INFO] Resolved dependency: surefire-shared-utils-3.5.4.jar
2026-10-06T10:01:17.1580413Z [INFO] Resolved dependency: surefire-api-3.5.4.jar
2026-10-06T10:01:17.1580724Z [INFO] Resolved dependency: surefire-logger-api-3.5.4.jar
2026-10-06T10:01:17.1598383Z [INFO] ------------------------------------------------------------------------
2026-10-06T10:01:17.1598793Z [INFO] BUILD SUCCESS
2026-10-06T10:01:17.1599201Z [INFO] ------------------------------------------------------------------------
2026-10-06T10:01:17.1599471Z [INFO] Total time:  3.559 s
2026-10-06T10:01:17.1599617Z [INFO] Finished at: 2026-10-06T10:01:17Z
2026-10-06T10:01:17.1599809Z [INFO] ------------------------------------------------------------------------
2026-10-06T10:01:17.1940239Z ##[group]Run bash services/workflow-engine/run-tests.sh clean -Dtest=RootServiceTokenInterceptorTest -Dworkflow.reports=ci-logs/service-token-reports test 2>&1 | tee services/workflow-engine/ci-logs/service-token-tests.txt
2026-10-06T10:01:17.1942480Z [36;1mbash services/workflow-engine/run-tests.sh clean -Dtest=RootServiceTokenInterceptorTest -Dworkflow.reports=ci-logs/service-token-reports test 2>&1 | tee services/workflow-engine/ci-logs/service-token-tests.txt[0m
2026-10-06T10:01:17.2001217Z shell: /usr/bin/bash --noprofile --norc -e -o pipefail {0}
2026-10-06T10:01:17.2001422Z ##[endgroup]
2026-10-06T10:01:17.2769753Z Unable to find image 'postgres@sha256:5a5a84b19854a9ffaa54082c166ff4ec27473a361e496e5ea167f298f2da9722' locally
2026-10-06T10:01:17.8280051Z docker.io/library/postgres@sha256:5a5a84b19854a9ffaa54082c166ff4ec27473a361e496e5ea167f298f2da9722: Pulling from library/postgres
2026-10-06T10:01:18.1176451Z 6b37362b3da7: Pulling fs layer
2026-10-06T10:01:18.1177119Z 646f8088ba62: Pulling fs layer
2026-10-06T10:01:18.1177556Z 61c7e2f79e69: Pulling fs layer
2026-10-06T10:01:18.1177795Z 4640014a8e88: Pulling fs layer
2026-10-06T10:01:18.1178261Z 21e9cf2c46c2: Pulling fs layer
2026-10-06T10:01:18.1178544Z 7ee6b8b2d259: Pulling fs layer
2026-10-06T10:01:18.1179033Z 580a6c126420: Pulling fs layer
2026-10-06T10:01:18.1179171Z 41837be3e54d: Pulling fs layer
2026-10-06T10:01:18.1179313Z bba753ffc208: Pulling fs layer
2026-10-06T10:01:18.1179451Z 0e422c951642: Pulling fs layer
2026-10-06T10:01:18.1179657Z dc5a76842a4c: Pulling fs layer
2026-10-06T10:01:18.1179852Z 5696a7190adf: Pulling fs layer
2026-10-06T10:01:18.1180025Z 3b0757c8de7f: Pulling fs layer
2026-10-06T10:01:18.1180250Z 41837be3e54d: Waiting
2026-10-06T10:01:18.1180463Z 4640014a8e88: Waiting
2026-10-06T10:01:18.1180652Z bba753ffc208: Waiting
2026-10-06T10:01:18.1180846Z 21e9cf2c46c2: Waiting
2026-10-06T10:01:18.1181043Z 7ee6b8b2d259: Waiting
2026-10-06T10:01:18.1181239Z 580a6c126420: Waiting
2026-10-06T10:01:18.1181457Z 0e422c951642: Waiting
2026-10-06T10:01:18.1181643Z dc5a76842a4c: Waiting
2026-10-06T10:01:18.1181825Z 3b0757c8de7f: Waiting
2026-10-06T10:01:18.1182012Z 5696a7190adf: Waiting
2026-10-06T10:01:18.3022865Z 646f8088ba62: Verifying Checksum
2026-10-06T10:01:18.3227210Z 61c7e2f79e69: Verifying Checksum
2026-10-06T10:01:18.3227552Z 61c7e2f79e69: Download complete
2026-10-06T10:01:18.4472286Z 6b37362b3da7: Verifying Checksum
2026-10-06T10:01:18.4472630Z 6b37362b3da7: Download complete
2026-10-06T10:01:18.5177470Z 4640014a8e88: Verifying Checksum
2026-10-06T10:01:18.5180317Z 4640014a8e88: Download complete
2026-10-06T10:01:18.5192088Z 21e9cf2c46c2: Verifying Checksum
2026-10-06T10:01:18.5192957Z 21e9cf2c46c2: Download complete
2026-10-06T10:01:18.6480931Z 7ee6b8b2d259: Verifying Checksum
2026-10-06T10:01:18.6481339Z 7ee6b8b2d259: Download complete
2026-10-06T10:01:18.6914422Z 41837be3e54d: Verifying Checksum
2026-10-06T10:01:18.6915021Z 41837be3e54d: Download complete
2026-10-06T10:01:18.6917880Z 580a6c126420: Verifying Checksum
2026-10-06T10:01:18.6918321Z 580a6c126420: Download complete
2026-10-06T10:01:18.8691022Z dc5a76842a4c: Verifying Checksum
2026-10-06T10:01:18.8692066Z dc5a76842a4c: Download complete
2026-10-06T10:01:18.8709792Z 0e422c951642: Verifying Checksum
2026-10-06T10:01:18.8710139Z 0e422c951642: Download complete
2026-10-06T10:01:19.0574057Z 5696a7190adf: Download complete
2026-10-06T10:01:19.0587794Z 3b0757c8de7f: Download complete
2026-10-06T10:01:19.1111039Z bba753ffc208: Verifying Checksum
2026-10-06T10:01:19.1111371Z bba753ffc208: Download complete
2026-10-06T10:01:19.1439359Z 6b37362b3da7: Pull complete
2026-10-06T10:01:21.3647341Z 646f8088ba62: Pull complete
2026-10-06T10:01:21.5652106Z 61c7e2f79e69: Pull complete
2026-10-06T10:01:21.6247486Z 4640014a8e88: Pull complete
2026-10-06T10:01:21.9669185Z 21e9cf2c46c2: Pull complete
2026-10-06T10:01:22.0468860Z 7ee6b8b2d259: Pull complete
2026-10-06T10:01:22.0528968Z 580a6c126420: Pull complete
2026-10-06T10:01:22.0604628Z 41837be3e54d: Pull complete
2026-10-06T10:01:25.6284056Z bba753ffc208: Pull complete
2026-10-06T10:01:25.6380467Z 0e422c951642: Pull complete
2026-10-06T10:01:25.6465119Z dc5a76842a4c: Pull complete
2026-10-06T10:01:25.6544071Z 5696a7190adf: Pull complete
2026-10-06T10:01:25.6610034Z 3b0757c8de7f: Pull complete
2026-10-06T10:01:25.6638824Z Digest: sha256:5a5a84b19854a9ffaa54082c166ff4ec27473a361e496e5ea167f298f2da9722
2026-10-06T10:01:25.6643758Z Status: Downloaded newer image for postgres@sha256:5a5a84b19854a9ffaa54082c166ff4ec27473a361e496e5ea167f298f2da9722
2026-10-06T10:01:27.0169165Z postgres (PostgreSQL) 18.6 (Debian 18.6-1.pgdg13+2)
2026-10-06T10:01:27.0300599Z fixture published ports={}
2026-10-06T10:01:27.0401430Z fixture network internal=true
2026-10-06T10:01:28.0123768Z [INFO] Scanning for projects...
2026-10-06T10:01:28.1734974Z [INFO] 
2026-10-06T10:01:28.1735385Z [INFO] --------------------< org.weaveos:workflow-engine >---------------------
2026-10-06T10:01:28.1735874Z [INFO] Building WeaveOS controlled workflow engine core 0.3.0-SNAPSHOT
2026-10-06T10:01:28.1736306Z [INFO]   from pom.xml
2026-10-06T10:01:28.1743465Z [INFO] --------------------------------[ jar ]---------------------------------
2026-10-06T10:01:28.5541890Z [INFO] 
2026-10-06T10:01:28.5542292Z [INFO] --- clean:3.5.0:clean (default-clean) @ workflow-engine ---
2026-10-06T10:01:28.5956213Z [INFO] 
2026-10-06T10:01:28.5957308Z [INFO] --- resources:3.3.1:resources (default-resources) @ workflow-engine ---
2026-10-06T10:01:28.6698754Z [INFO] skip non existing resourceDirectory /proof/src/main/resources
2026-10-06T10:01:28.6699831Z [INFO] skip non existing resourceDirectory /proof/src/main/resources
2026-10-06T10:01:28.6706242Z [INFO] 
2026-10-06T10:01:28.6707041Z [INFO] --- compiler:3.14.1:compile (default-compile) @ workflow-engine ---
2026-10-06T10:01:28.7405891Z [INFO] Recompiling the module because of changed source code.
2026-10-06T10:01:28.7453697Z [INFO] Compiling 30 source files with javac [debug parameters release 17] to target/classes
2026-10-06T10:01:30.3383886Z [INFO] 
2026-10-06T10:01:30.3385075Z [INFO] --- resources:3.3.1:testResources (default-testResources) @ workflow-engine ---
2026-10-06T10:01:30.3437692Z [INFO] Copying 6 resources from src/test/resources to target/test-classes
2026-10-06T10:01:30.3481532Z [INFO] 
2026-10-06T10:01:30.3481910Z [INFO] --- compiler:3.14.1:testCompile (default-testCompile) @ workflow-engine ---
2026-10-06T10:01:30.3544757Z [INFO] Recompiling the module because of changed dependency.
2026-10-06T10:01:30.3548412Z [INFO] Compiling 12 source files with javac [debug parameters release 17] to target/test-classes
2026-10-06T10:01:30.9756760Z [INFO] 
2026-10-06T10:01:30.9757724Z [INFO] --- surefire:3.5.4:test (default-test) @ workflow-engine ---
2026-10-06T10:01:31.0603297Z [INFO] Using auto detected provider org.apache.maven.surefire.junitplatform.JUnitPlatformProvider
2026-10-06T10:01:31.0853824Z [INFO] 
2026-10-06T10:01:31.0854698Z [INFO] -------------------------------------------------------
2026-10-06T10:01:31.0855246Z [INFO]  T E S T S
2026-10-06T10:01:31.0855477Z [INFO] -------------------------------------------------------
2026-10-06T10:01:31.5520902Z [INFO] Running org.weaveos.workflow.RootServiceTokenInterceptorTest
2026-10-06T10:01:31.9880574Z [ERROR] Tests run: 8, Failures: 7, Errors: 0, Skipped: 0, Time elapsed: 0.426 s <<< FAILURE! -- in org.weaveos.workflow.RootServiceTokenInterceptorTest
2026-10-06T10:01:31.9882256Z [ERROR] org.weaveos.workflow.RootServiceTokenInterceptorTest.badIdentityDoesNotPoisonLaterValidRequest -- Time elapsed: 0.338 s <<< FAILURE!
2026-10-06T10:01:31.9908437Z org.opentest4j.AssertionFailedError: Expected io.grpc.StatusRuntimeException to be thrown, but nothing was thrown.
2026-10-06T10:01:31.9909654Z 	at org.junit.jupiter.api.AssertionFailureBuilder.build(AssertionFailureBuilder.java:159)
2026-10-06T10:01:31.9910316Z 	at org.junit.jupiter.api.AssertThrows.assertThrows(AssertThrows.java:74)
2026-10-06T10:01:31.9910840Z 	at org.junit.jupiter.api.AssertThrows.assertThrows(AssertThrows.java:35)
2026-10-06T10:01:31.9911680Z 	at org.junit.jupiter.api.Assertions.assertThrows(Assertions.java:3223)
2026-10-06T10:01:31.9912307Z 	at org.weaveos.workflow.RootServiceTokenInterceptorTest.reject(RootServiceTokenInterceptorTest.java:44)
2026-10-06T10:01:31.9913269Z 	at org.weaveos.workflow.RootServiceTokenInterceptorTest.badIdentityDoesNotPoisonLaterValidRequest(RootServiceTokenInterceptorTest.java:72)
2026-10-06T10:01:31.9913871Z 
2026-10-06T10:01:31.9914368Z [ERROR] org.weaveos.workflow.RootServiceTokenInterceptorTest.missingIdentityIsRejectedBeforeHandler -- Time elapsed: 0.012 s <<< FAILURE!
2026-10-06T10:01:31.9915295Z org.opentest4j.AssertionFailedError: Expected io.grpc.StatusRuntimeException to be thrown, but nothing was thrown.
2026-10-06T10:01:31.9915995Z 	at org.junit.jupiter.api.AssertionFailureBuilder.build(AssertionFailureBuilder.java:159)
2026-10-06T10:01:31.9916552Z 	at org.junit.jupiter.api.AssertThrows.assertThrows(AssertThrows.java:74)
2026-10-06T10:01:31.9917052Z 	at org.junit.jupiter.api.AssertThrows.assertThrows(AssertThrows.java:35)
2026-10-06T10:01:31.9917539Z 	at org.junit.jupiter.api.Assertions.assertThrows(Assertions.java:3223)
2026-10-06T10:01:31.9918492Z 	at org.weaveos.workflow.RootServiceTokenInterceptorTest.reject(RootServiceTokenInterceptorTest.java:44)
2026-10-06T10:01:31.9919540Z 	at org.weaveos.workflow.RootServiceTokenInterceptorTest.missingIdentityIsRejectedBeforeHandler(RootServiceTokenInterceptorTest.java:64)
2026-10-06T10:01:31.9920141Z 
2026-10-06T10:01:31.9920705Z [ERROR] org.weaveos.workflow.RootServiceTokenInterceptorTest.acceptsConfiguredBoundaryTokensAndRedactsIdentity -- Time elapsed: 0.003 s <<< FAILURE!
2026-10-06T10:01:31.9921780Z org.opentest4j.AssertionFailedError: expected: <[REDACTED service identity]> but was: <org.weaveos.workflow.ServiceTokenInterceptor@29006752>
2026-10-06T10:01:31.9922559Z 	at org.junit.jupiter.api.AssertionFailureBuilder.build(AssertionFailureBuilder.java:158)
2026-10-06T10:01:31.9923239Z 	at org.junit.jupiter.api.AssertionFailureBuilder.buildAndThrow(AssertionFailureBuilder.java:139)
2026-10-06T10:01:31.9923841Z 	at org.junit.jupiter.api.AssertEquals.failNotEqual(AssertEquals.java:201)
2026-10-06T10:01:31.9924344Z 	at org.junit.jupiter.api.AssertEquals.assertEquals(AssertEquals.java:184)
2026-10-06T10:01:31.9924834Z 	at org.junit.jupiter.api.AssertEquals.assertEquals(AssertEquals.java:179)
2026-10-06T10:01:31.9925308Z 	at org.junit.jupiter.api.Assertions.assertEquals(Assertions.java:1188)
2026-10-06T10:01:31.9926174Z 	at org.weaveos.workflow.RootServiceTokenInterceptorTest.acceptsConfiguredBoundaryTokensAndRedactsIdentity(RootServiceTokenInterceptorTest.java:60)
2026-10-06T10:01:31.9926850Z 
2026-10-06T10:01:31.9927441Z [ERROR] org.weaveos.workflow.RootServiceTokenInterceptorTest.duplicateIdentityIsRejectedEvenWhenOneOrBothAreValid -- Time elapsed: 0.011 s <<< FAILURE!
2026-10-06T10:01:31.9928447Z org.opentest4j.AssertionFailedError: Expected io.grpc.StatusRuntimeException to be thrown, but nothing was thrown.
2026-10-06T10:01:31.9929281Z 	at org.junit.jupiter.api.AssertionFailureBuilder.build(AssertionFailureBuilder.java:159)
2026-10-06T10:01:31.9929856Z 	at org.junit.jupiter.api.AssertThrows.assertThrows(AssertThrows.java:74)
2026-10-06T10:01:31.9930355Z 	at org.junit.jupiter.api.AssertThrows.assertThrows(AssertThrows.java:35)
2026-10-06T10:01:31.9930846Z 	at org.junit.jupiter.api.Assertions.assertThrows(Assertions.java:3223)
2026-10-06T10:01:31.9931479Z 	at org.weaveos.workflow.RootServiceTokenInterceptorTest.reject(RootServiceTokenInterceptorTest.java:44)
2026-10-06T10:01:31.9932502Z 	at org.weaveos.workflow.RootServiceTokenInterceptorTest.duplicateIdentityIsRejectedEvenWhenOneOrBothAreValid(RootServiceTokenInterceptorTest.java:67)
2026-10-06T10:01:31.9933194Z 
2026-10-06T10:01:31.9933706Z [ERROR] org.weaveos.workflow.RootServiceTokenInterceptorTest.incorrectIdentityIsRejectedBeforeHandler -- Time elapsed: 0.010 s <<< FAILURE!
2026-10-06T10:01:31.9934806Z org.opentest4j.AssertionFailedError: Expected io.grpc.StatusRuntimeException to be thrown, but nothing was thrown.
2026-10-06T10:01:31.9935494Z 	at org.junit.jupiter.api.AssertionFailureBuilder.build(AssertionFailureBuilder.java:159)
2026-10-06T10:01:31.9936061Z 	at org.junit.jupiter.api.AssertThrows.assertThrows(AssertThrows.java:74)
2026-10-06T10:01:31.9936558Z 	at org.junit.jupiter.api.AssertThrows.assertThrows(AssertThrows.java:35)
2026-10-06T10:01:31.9937039Z 	at org.junit.jupiter.api.Assertions.assertThrows(Assertions.java:3223)
2026-10-06T10:01:31.9937688Z 	at org.weaveos.workflow.RootServiceTokenInterceptorTest.reject(RootServiceTokenInterceptorTest.java:44)
2026-10-06T10:01:31.9938779Z 	at org.weaveos.workflow.RootServiceTokenInterceptorTest.incorrectIdentityIsRejectedBeforeHandler(RootServiceTokenInterceptorTest.java:65)
2026-10-06T10:01:31.9939392Z 
2026-10-06T10:01:31.9939955Z [ERROR] org.weaveos.workflow.RootServiceTokenInterceptorTest.rejectsInvalidConfiguredTokensWithoutEchoingInput -- Time elapsed: 0.002 s <<< FAILURE!
2026-10-06T10:01:31.9940970Z org.opentest4j.AssertionFailedError: Expected java.lang.IllegalArgumentException to be thrown, but nothing was thrown.
2026-10-06T10:01:31.9941690Z 	at org.junit.jupiter.api.AssertionFailureBuilder.build(AssertionFailureBuilder.java:159)
2026-10-06T10:01:31.9942387Z 	at org.junit.jupiter.api.AssertThrows.assertThrows(AssertThrows.java:74)
2026-10-06T10:01:31.9942875Z 	at org.junit.jupiter.api.AssertThrows.assertThrows(AssertThrows.java:35)
2026-10-06T10:01:31.9943349Z 	at org.junit.jupiter.api.Assertions.assertThrows(Assertions.java:3223)
2026-10-06T10:01:31.9944229Z 	at org.weaveos.workflow.RootServiceTokenInterceptorTest.rejectsInvalidConfiguredTokensWithoutEchoingInput(RootServiceTokenInterceptorTest.java:52)
2026-10-06T10:01:31.9944901Z 
2026-10-06T10:01:31.9945393Z [ERROR] org.weaveos.workflow.RootServiceTokenInterceptorTest.ambiguousBearerFormattingIsRejected -- Time elapsed: 0.009 s <<< FAILURE!
2026-10-06T10:01:31.9946320Z org.opentest4j.AssertionFailedError: Expected io.grpc.StatusRuntimeException to be thrown, but nothing was thrown.
2026-10-06T10:01:31.9947026Z 	at org.junit.jupiter.api.AssertionFailureBuilder.build(AssertionFailureBuilder.java:159)
2026-10-06T10:01:31.9947609Z 	at org.junit.jupiter.api.AssertThrows.assertThrows(AssertThrows.java:74)
2026-10-06T10:01:31.9948111Z 	at org.junit.jupiter.api.AssertThrows.assertThrows(AssertThrows.java:35)
2026-10-06T10:01:31.9948735Z 	at org.junit.jupiter.api.Assertions.assertThrows(Assertions.java:3223)
2026-10-06T10:01:31.9949371Z 	at org.weaveos.workflow.RootServiceTokenInterceptorTest.reject(RootServiceTokenInterceptorTest.java:44)
2026-10-06T10:01:31.9950311Z 	at org.weaveos.workflow.RootServiceTokenInterceptorTest.ambiguousBearerFormattingIsRejected(RootServiceTokenInterceptorTest.java:70)
2026-10-06T10:01:31.9950892Z 
2026-10-06T10:01:32.3144636Z [INFO] 
2026-10-06T10:01:32.3144901Z [INFO] Results:
2026-10-06T10:01:32.3145189Z [INFO] 
2026-10-06T10:01:32.3145397Z [ERROR] Failures: 
2026-10-06T10:01:32.3147800Z [ERROR]   RootServiceTokenInterceptorTest.acceptsConfiguredBoundaryTokensAndRedactsIdentity:60 expected: <[REDACTED service identity]> but was: <org.weaveos.workflow.ServiceTokenInterceptor@29006752>
2026-10-06T10:01:32.3149402Z [ERROR]   RootServiceTokenInterceptorTest.ambiguousBearerFormattingIsRejected:70->reject:44 Expected io.grpc.StatusRuntimeException to be thrown, but nothing was thrown.
2026-10-06T10:01:32.3150753Z [ERROR]   RootServiceTokenInterceptorTest.badIdentityDoesNotPoisonLaterValidRequest:72->reject:44 Expected io.grpc.StatusRuntimeException to be thrown, but nothing was thrown.
2026-10-06T10:01:32.3152123Z [ERROR]   RootServiceTokenInterceptorTest.duplicateIdentityIsRejectedEvenWhenOneOrBothAreValid:67->reject:44 Expected io.grpc.StatusRuntimeException to be thrown, but nothing was thrown.
2026-10-06T10:01:32.3153457Z [ERROR]   RootServiceTokenInterceptorTest.incorrectIdentityIsRejectedBeforeHandler:65->reject:44 Expected io.grpc.StatusRuntimeException to be thrown, but nothing was thrown.
2026-10-06T10:01:32.3155016Z [ERROR]   RootServiceTokenInterceptorTest.missingIdentityIsRejectedBeforeHandler:64->reject:44 Expected io.grpc.StatusRuntimeException to be thrown, but nothing was thrown.
2026-10-06T10:01:32.3156224Z [ERROR]   RootServiceTokenInterceptorTest.rejectsInvalidConfiguredTokensWithoutEchoingInput:52 Expected java.lang.IllegalArgumentException to be thrown, but nothing was thrown.
2026-10-06T10:01:32.3156795Z [INFO] 
2026-10-06T10:01:32.3157191Z [ERROR] Tests run: 8, Failures: 7, Errors: 0, Skipped: 0
2026-10-06T10:01:32.3157502Z [INFO] 
2026-10-06T10:01:32.3173893Z [INFO] ------------------------------------------------------------------------
2026-10-06T10:01:32.3174377Z [INFO] BUILD FAILURE
2026-10-06T10:01:32.3175126Z [INFO] ------------------------------------------------------------------------
2026-10-06T10:01:32.3182508Z [INFO] Total time:  4.320 s
2026-10-06T10:01:32.3184433Z [INFO] Finished at: 2026-10-06T10:01:32Z
2026-10-06T10:01:32.3184946Z [INFO] ------------------------------------------------------------------------
2026-10-06T10:01:32.3191718Z [ERROR] Failed to execute goal org.apache.maven.plugins:maven-surefire-plugin:3.5.4:test (default-test) on project workflow-engine: There are test failures.
2026-10-06T10:01:32.3192529Z [ERROR] 
2026-10-06T10:01:32.3192975Z [ERROR] See /proof/ci-logs/service-token-reports for the individual test results.
2026-10-06T10:01:32.3193509Z [ERROR] See dump files (if any exist) [date].dump, [date]-jvmRun[N].dump and [date].dumpstream.
2026-10-06T10:01:32.3193882Z [ERROR] -> [Help 1]
2026-10-06T10:01:32.3194064Z [ERROR] 
2026-10-06T10:01:32.3194344Z [ERROR] To see the full stack trace of the errors, re-run Maven with the -e switch.
2026-10-06T10:01:32.3194783Z [ERROR] Re-run Maven using the -X switch to enable full debug logging.
2026-10-06T10:01:32.3195090Z [ERROR] 
2026-10-06T10:01:32.3195442Z [ERROR] For more information about the errors and possible solutions, please read the following articles:
2026-10-06T10:01:32.3196026Z [ERROR] [Help 1] http://cwiki.apache.org/confluence/display/MAVEN/MojoFailureException
2026-10-06T10:01:32.6018104Z ##[error]Process completed with exit code 1.
2026-10-06T10:01:32.6130209Z ##[group]Run actions/upload-artifact@330a01c490aca151604b8cf639adc76d48f6c5d4
2026-10-06T10:01:32.6130459Z with:
2026-10-06T10:01:32.6130590Z   name: workflow-engine-37446835584
2026-10-06T10:01:32.6131060Z   path: services/workflow-engine/target/surefire-reports/
services/workflow-engine/target/envelope-ci-reports/
services/workflow-engine/target/execution-ci-reports/
services/workflow-engine/ci-logs/

2026-10-06T10:01:32.6131516Z   if-no-files-found: warn
2026-10-06T10:01:32.6131648Z   retention-days: 14
2026-10-06T10:01:32.6131773Z   compression-level: 6
2026-10-06T10:01:32.6131897Z   overwrite: false
2026-10-06T10:01:32.6132026Z   include-hidden-files: false
2026-10-06T10:01:32.6132169Z ##[endgroup]
2026-10-06T10:01:32.7273088Z (node:3112) [DEP0040] DeprecationWarning: The `punycode` module is deprecated. Please use a userland alternative instead.
2026-10-06T10:01:32.7273604Z (Use `node --trace-deprecation ...` to show where the warning was created)
2026-10-06T10:01:32.7327451Z Multiple search paths detected. Calculating the least common ancestor of all paths
2026-10-06T10:01:32.7329566Z The least common ancestor is /home/runner/work/WeaveOS/WeaveOS/services/workflow-engine. This will be the root directory of the artifact
2026-10-06T10:01:32.7330295Z With the provided path, there will be 5 files uploaded
2026-10-06T10:01:32.7333628Z Artifact name is valid!
2026-10-06T10:01:32.7334252Z Root directory input is valid!
2026-10-06T10:01:33.0912738Z Beginning upload of artifact content to blob storage
2026-10-06T10:01:33.1079843Z (node:3112) [DEP0169] DeprecationWarning: `url.parse()` behavior is not standardized and prone to errors that have security implications. Use the WHATWG URL API instead. CVEs are not issued for `url.parse()` vulnerabilities.
2026-10-06T10:01:33.3159359Z Uploaded bytes 11437
2026-10-06T10:01:33.3716236Z Finished uploading artifact content to blob storage!
2026-10-06T10:01:33.3716827Z SHA256 digest of uploaded artifact zip is 649f6edac9b5758a1ed2a340b5de6a62d63d00bd50efc28246d87e9f7331c12c
2026-10-06T10:01:33.3718302Z Finalizing artifact upload
2026-10-06T10:01:33.6222399Z Artifact workflow-engine-37446835584.zip successfully finalized. Artifact ID 11403771935
2026-10-06T10:01:33.6222948Z Artifact workflow-engine-37446835584 has been successfully uploaded! Final size is 11437 bytes. Artifact ID is 11403771935
2026-10-06T10:01:33.6227979Z Artifact download URL: https://github.com/Hubujiu/WeaveOS/actions/runs/37446835584/artifacts/11403771935
2026-10-06T10:01:33.6391255Z Post job cleanup.
2026-10-06T10:01:33.6943497Z [command]/usr/bin/git version
2026-10-06T10:01:33.6975947Z git version 2.55.0
2026-10-06T10:01:33.7000990Z Temporarily overriding HOME='/home/runner/work/_temp/60a501af-14d9-4122-9aea-a29ca5b7a6cc' before making global git config changes
2026-10-06T10:01:33.7001794Z Adding repository directory to the temporary git global config as a safe directory
2026-10-06T10:01:33.7004740Z [command]/usr/bin/git config --global --add safe.directory /home/runner/work/WeaveOS/WeaveOS
2026-10-06T10:01:33.7036937Z [command]/usr/bin/git config --local --name-only --get-regexp core\.sshCommand
2026-10-06T10:01:33.7065302Z [command]/usr/bin/git submodule foreach --recursive sh -c "git config --local --name-only --get-regexp 'core\.sshCommand' && git config --local --unset-all 'core.sshCommand' || :"
2026-10-06T10:01:33.7281469Z [command]/usr/bin/git config --local --name-only --get-regexp http\.https\:\/\/github\.com\/\.extraheader
2026-10-06T10:01:33.7311416Z [command]/usr/bin/git submodule foreach --recursive sh -c "git config --local --name-only --get-regexp 'http\.https\:\/\/github\.com\/\.extraheader' && git config --local --unset-all 'http.https://github.com/.extraheader' || :"
2026-10-06T10:01:33.7525262Z [command]/usr/bin/git config --local --name-only --get-regexp ^includeIf\.gitdir:
2026-10-06T10:01:33.7558398Z [command]/usr/bin/git submodule foreach --recursive git config --local --show-origin --name-only --get-regexp remote.origin.url
2026-10-06T10:01:33.7872063Z Cleaning up orphan processes
2026-10-06T10:01:33.8159465Z ##[warning]Node.js 20 is deprecated. The following actions target Node.js 20 but are being forced to run on Node.js 24: actions/checkout@11d5960a326750d5838078e36cf38b85af677262, actions/upload-artifact@330a01c490aca151604b8cf639adc76d48f6c5d4. For more information see: https://github.blog/changelog/2025-09-19-deprecation-of-node-20-on-github-actions-runners/
