=== RUN   TestRootWorkflowActionHTTPRealHostPreviewAcceptedAndStatus
=== RUN   TestRootWorkflowActionHTTPRealHostPreviewAcceptedAndStatus/agree
    root_workflow_action_http_test.go:287: failed to connect to `user=agent database=`: /tmp/.s.PGSQL.5432 (/tmp): dial error: dial unix /tmp/.s.PGSQL.5432: socket: operation not permitted
=== RUN   TestRootWorkflowActionHTTPRealHostPreviewAcceptedAndStatus/reject
    root_workflow_action_http_test.go:287: failed to connect to `user=agent database=`: /tmp/.s.PGSQL.5432 (/tmp): dial error: dial unix /tmp/.s.PGSQL.5432: socket: operation not permitted
--- FAIL: TestRootWorkflowActionHTTPRealHostPreviewAcceptedAndStatus (0.00s)
    --- FAIL: TestRootWorkflowActionHTTPRealHostPreviewAcceptedAndStatus/agree (0.00s)
    --- FAIL: TestRootWorkflowActionHTTPRealHostPreviewAcceptedAndStatus/reject (0.00s)
=== RUN   TestRootWorkflowActionHTTPRejectsAuthenticationCSRFAndActorMismatch
    root_workflow_action_http_test.go:330: failed to connect to `user=agent database=`: /tmp/.s.PGSQL.5432 (/tmp): dial error: dial unix /tmp/.s.PGSQL.5432: socket: operation not permitted
--- FAIL: TestRootWorkflowActionHTTPRejectsAuthenticationCSRFAndActorMismatch (0.00s)
=== RUN   TestRootWorkflowActionHTTPClosedBodyAndExactRoutes
    root_workflow_action_http_test.go:353: failed to connect to `user=agent database=`: /tmp/.s.PGSQL.5432 (/tmp): dial error: dial unix /tmp/.s.PGSQL.5432: socket: operation not permitted
--- FAIL: TestRootWorkflowActionHTTPClosedBodyAndExactRoutes (0.00s)
=== RUN   TestRootWorkflowActionHTTPStaleBasisRequiresRefresh
    root_workflow_action_http_test.go:376: failed to connect to `user=agent database=`: /tmp/.s.PGSQL.5432 (/tmp): dial error: dial unix /tmp/.s.PGSQL.5432: socket: operation not permitted
--- FAIL: TestRootWorkflowActionHTTPStaleBasisRequiresRefresh (0.00s)
=== RUN   TestRootWorkflowIdentityRequiredWhenEnabled
--- PASS: TestRootWorkflowIdentityRequiredWhenEnabled (0.00s)
=== RUN   TestRootWorkflowIdentityRejectedWhenDisabled
--- PASS: TestRootWorkflowIdentityRejectedWhenDisabled (0.00s)
=== RUN   TestRootWorkflowIdentityValidatesWithoutEchoingInvalidValues
--- PASS: TestRootWorkflowIdentityValidatesWithoutEchoingInvalidValues (0.00s)
=== RUN   TestRootWorkflowIdentityActuallyFeedsExistingRpcInterceptor
--- PASS: TestRootWorkflowIdentityActuallyFeedsExistingRpcInterceptor (0.00s)
=== RUN   TestRootWorkflowIdentityConfigurationRemainsRedacted
--- PASS: TestRootWorkflowIdentityConfigurationRemainsRedacted (0.00s)
=== RUN   TestRootWorkflowConfigDisabledByDefault
--- PASS: TestRootWorkflowConfigDisabledByDefault (0.00s)
=== RUN   TestRootWorkflowConfigRequiresExplicitCompleteEnable
--- PASS: TestRootWorkflowConfigRequiresExplicitCompleteEnable (0.00s)
=== RUN   TestRootWorkflowConfigParsesPlaintextInternalTargets
--- PASS: TestRootWorkflowConfigParsesPlaintextInternalTargets (0.00s)
=== RUN   TestRootWorkflowConfigRejectsUnsafeTargetSyntax
--- PASS: TestRootWorkflowConfigRejectsUnsafeTargetSyntax (0.00s)
=== RUN   TestRootWorkflowConfigBoundsDeadline
--- PASS: TestRootWorkflowConfigBoundsDeadline (0.00s)
=== RUN   TestRootReadConfigWiresWorkflowValidation
--- PASS: TestRootReadConfigWiresWorkflowValidation (0.00s)
=== RUN   TestRootWorkflowEnabledCannotSilentlyUseUnconfiguredHandler
--- PASS: TestRootWorkflowEnabledCannotSilentlyUseUnconfiguredHandler (0.00s)
FAIL
FAIL	github.com/Hubujiu/WeaveOS/services/bff/cmd/bff	0.021s
FAIL
