=== RUN   TestRootWorkflowIdentityRequiredWhenEnabled
    root_workflow_identity_config_test.go:19: enabled runtime accepted without service identity
--- FAIL: TestRootWorkflowIdentityRequiredWhenEnabled (0.00s)
=== RUN   TestRootWorkflowIdentityRejectedWhenDisabled
    root_workflow_identity_config_test.go:28: disabled mode ignored a remaining service token
--- FAIL: TestRootWorkflowIdentityRejectedWhenDisabled (0.00s)
=== RUN   TestRootWorkflowIdentityValidatesWithoutEchoingInvalidValues
    root_workflow_identity_config_test.go:36: malformed service identity accepted
    root_workflow_identity_config_test.go:36: malformed service identity accepted
    root_workflow_identity_config_test.go:36: malformed service identity accepted
    root_workflow_identity_config_test.go:36: malformed service identity accepted
    root_workflow_identity_config_test.go:36: malformed service identity accepted
    root_workflow_identity_config_test.go:36: malformed service identity accepted
--- FAIL: TestRootWorkflowIdentityValidatesWithoutEchoingInvalidValues (0.00s)
=== RUN   TestRootWorkflowIdentityActuallyFeedsExistingRpcInterceptor
    root_workflow_identity_config_test.go:52: parsed enabled configuration lacks actual identity
--- FAIL: TestRootWorkflowIdentityActuallyFeedsExistingRpcInterceptor (0.00s)
=== RUN   TestRootWorkflowIdentityConfigurationRemainsRedacted
    root_workflow_identity_config_test.go:76: identity not retained
--- FAIL: TestRootWorkflowIdentityConfigurationRemainsRedacted (0.00s)
FAIL
FAIL	github.com/Hubujiu/WeaveOS/services/bff/cmd/bff	0.019s
FAIL
