✔ ADR14 reference candidates bind field action record and live authority (2.448738ms)
✔ ADR14 draft write minimum and history safe displays are explicit (0.285583ms)
✔ frozen record draft runtime and history methods are exact and actor guarded (1.07051ms)
✔ frozen record payloads and confirmations contain precise allowed values (0.371169ms)
✔ runtime and history expose only frozen safe DTO and record errors (0.737935ms)
✔ frozen application definition methods expose actual complete DTOs (2.840734ms)
✔ application candidate registers exact frozen incremental migration hashes (1.63769ms)
✔ frozen structure errors have stable status and recoverability (0.157996ms)
✔ appendix A exposes minimal owner-only member candidates and actual group labels (0.281995ms)
✔ appendix B marks optional negative actor constraint on every application method (0.422146ms)
✔ all shared OpenAPI references resolve (12.090219ms)
✔ appendix A.5 exposes minimal real department candidates (0.338043ms)
✔ API-CI-01: validator version is pinned in the frozen workspace lock (2.128282ms)
✔ API-CI-02: PR CI executes contract tests and 3.2.1 lint (0.306481ms)
✔ API-01: contract is OpenAPI 3.2.1 with the five authentication routes (1.549461ms)
✔ API-02: public writes and protected Cookie security match ADR-001/002 (3.256712ms)
✔ API-10: login delivers separate host cookies and protected writes require CSRF header (1.040363ms)
✔ API-03: creation, current session, logout and reset have precise statuses (0.263866ms)
✔ API-04: JSON envelope has exact required keys and no arbitrary top-level data (0.269325ms)
✔ API-05: registration and login require account/password; registration requires invitation (0.260469ms)
✔ API-06: published error table preserves accepted ADR mapping (0.737401ms)
✔ API-07: account rule preserves case and rejects internal ordinary spaces after trimming (0.270559ms)
✔ API-08: every declared response carries a server-issued request ID (3.854936ms)
✔ API-09: Alice and alice are distinct registrations and login lookups (0.610636ms)
✔ Q13: registration schema accepts only printable ASCII with four classes (1.773647ms)
✔ approved account length applies after ordinary-space trimming, not to raw input (2.005893ms)
✔ Q25 definition response accepts optional explicit empty templateIds and integer version (46.540494ms)
✔ Q25 response validator resolves pagination query without ignoring declared constraints (0.934517ms)
✔ Q25 invalid definition response integer, UUID and length fail independently (6.300516ms)
✔ Q25 template DTO optional relation array is registered in the executable contract (6.77361ms)
✔ Q25 all personnel operations are typed, Cookie protected and fail closed (1.37979ms)
✔ Q25 page pagination exception is explicit, bounded, and filtered server-side (0.344915ms)
✔ Q25 versions and explicit sets cannot mutate Root or directory ownership (0.70641ms)
✔ Q25 stable conflict/missing errors and invitation qualification are registered (0.499911ms)
✔ Q36 response oracle enforces draft capacity and payload bounds instead of ignoring extensions (51.216324ms)
✔ Q36 query responses retain paging and publish a session-owned opaque baseline (1.641906ms)
✔ Q36 both query views declare grouped AND/OR, field types and global bounds (0.611117ms)
✔ Q36 query changes, expiry and busy are distinguishable without repurposing old errors (0.217132ms)
✔ Q36 object checks remain and an exact draft version can be acknowledged on submission (0.209911ms)
✔ Q36 persistent personal drafts have explicit limits, conflict protection and no expiry (0.326941ms)
✔ Q36 approved POST searches carry object filters with route-local raw-body bounds and CSRF (4.037596ms)
✔ Q36 literal POST search response is not mistaken for a memberId route (34.473408ms)
✔ Q36 legacy GET has no complex filter/sort; draft raw wrapper budget exceeds canonical payload (0.779857ms)
✔ ADR008 personal table preset routes and three independent conflict codes (1.080946ms)
✔ ADR008 preset DTOs isolate ownership and freeze independent capacities (0.810527ms)
✔ Root V037: exact preview/action/status routes use existing Session and CSRF (2.812346ms)
✔ Root V037: exact closed action body and separate pending/final result shapes (0.84168ms)
✔ Root V037: stale task/basis and oversized real evidence have public safe conflicts (0.341853ms)
✔ V045 lifecycle endpoints retain Session and POST CSRF with private cache policy (1.853008ms)
✔ V045 withdrawal and return bodies are disjoint closed shapes with server task authority (0.417978ms)
✔ V045 lifecycle preview exposes masked record and bounded server targets (0.153123ms)
✔ Root publication HTTP separates durable acceptance from confirmed state (3.331725ms)
✔ Root publication request is closed and never accepts engine XML or receipt (0.429843ms)
✔ Root publication result exposes explicit pending unknown and terminal meanings (0.359114ms)
✔ V046 summary search preserves session CSRF and no-store closed endpoint (1.36999ms)
✔ V046 search body only exposes bounded pagination and opaque context (0.237915ms)
✔ V046 summary projection contains no engine or private record payload (0.392434ms)
ℹ tests 57
ℹ suites 0
ℹ pass 57
ℹ fail 0
ℹ cancelled 0
ℹ skipped 0
ℹ todo 0
ℹ duration_ms 557.148362
