✔ B2 CI: fixture creates a private dedicated socket database with no network/ports (5.362347ms)
✔ B2 CI: an existing state file is never overwritten (2.879181ms)
✔ B2 CI: partial startup failure is nonzero and removes only its own fixture (2.077898ms)
✔ B2 CI: successful cleanup removes its container/data/socket/state and is idempotent (1.794793ms)
✔ B2 CI: cleanup refuses wrongOwner (2.482355ms)
✔ B2 CI: cleanup refuses wrongNetwork (2.607352ms)
✔ B2 CI: cleanup refuses wrongMount (0.767113ms)
✔ B2 CI: cleanup failure is not swallowed and retains recoverable state (0.912891ms)
✔ B2 CI: cleanup refuses an outside root without any Docker action (0.890657ms)
✔ B2 CI: cleanup refuses symlink state and never touches its target (4.066959ms)
✔ B2 CI: bootstrap exports the dedicated URL and always-cleanup accepts the actual state (1.585648ms)
✔ B2 CI: bootstrap rejects unknown commands instead of silently succeeding (0.167845ms)
✔ B2 CI: Go job supplies the fixture before race tests with unconditional owned cleanup (0.335768ms)
✔ B2 CI: acceptance gives nested Go the dedicated URL and matching socket mount (3.354785ms)
✔ B2 CI: acceptance failure cleans B2 and preserves original product stop-only lifecycle (1.955623ms)
✔ B5a frozen HTTP routes, method sets and live Web Session are explicit (2.14352ms)
✔ B5a DTOs use exact closed fields and finite menu grants (0.270059ms)
✔ B5a six public error codes retain frozen HTTP status (0.892339ms)
✔ B5a new migrations have exact reviewed compatibility hashes and runtime role pin (1.096285ms)
✔ B5a.9: fixture preserves the exact approved PR21 legacy PLAN bytes (5.51155ms)
✔ B5a.9: a valid canonical task without an auxiliary document still passes (63.472459ms)
✔ B5a.9: exact registered and referenced PR21 auxiliary PLAN passes discovery (56.325693ms)
✔ B5a.9: known auxiliary path rejects replaced contents (85.646592ms)
✔ B5a.9: known auxiliary path rejects one-byte addition (67.768343ms)
✔ B5a.9: known auxiliary path rejects forged task metadata (78.773652ms)
✔ B5a.9: known auxiliary path rejects a complete second task (59.902258ms)
✔ B5a.9: auxiliary compatibility rejects missing canonical task (89.395802ms)
✔ B5a.9: auxiliary compatibility rejects missing canonical metadata (60.95089ms)
✔ B5a.9: auxiliary compatibility rejects duplicate canonical metadata (65.72358ms)
✔ B5a.9: auxiliary compatibility rejects invalid canonical JSON (51.342345ms)
✔ B5a.9: auxiliary compatibility rejects other task identity (62.164249ms)
✔ B5a.9: auxiliary compatibility rejects missing canonical owner (49.324298ms)
✔ B5a.9: auxiliary compatibility rejects wrong branch identity (93.630485ms)
✔ B5a.9: auxiliary compatibility rejects wrong worktree identity (54.288217ms)
✔ B5a.9: auxiliary compatibility rejects invalid canonical scope (81.7129ms)
✔ B5a.9: auxiliary compatibility rejects empty canonical scope (67.483765ms)
✔ B5a.9: auxiliary compatibility rejects unregistered auxiliary scope (55.670182ms)
✔ B5a.9: auxiliary compatibility rejects a scope path that merely shares the prefix (90.894428ms)
✔ B5a.9: auxiliary compatibility rejects missing canonical reference (95.851235ms)
✔ B5a.9: auxiliary compatibility rejects a reference to a different PLAN (87.260704ms)
✔ B5a.9: auxiliary compatibility rejects incomplete ready canonical task (55.320944ms)
✔ B5a.9: auxiliary compatibility rejects a prematurely accepted canonical task (68.558662ms)
✔ B5a.9: legacy exception does not admit similar or malformed name V010-021-PLAN.md (56.594069ms)
✔ B5a.9: legacy exception does not admit similar or malformed name V030-020-PLAN.md (71.112227ms)
✔ B5a.9: legacy exception does not admit similar or malformed name V020-020-PLAN.md (81.05215ms)
✔ B5a.9: legacy exception does not admit similar or malformed name V999-020-PLAN.md (64.742519ms)
✔ B5a.9: legacy exception does not admit similar or malformed name V010-20-PLAN.md (53.244826ms)
✔ B5a.9: legacy exception does not admit similar or malformed name V010-0020-PLAN.md (56.401397ms)
✔ B5a.9: legacy exception does not admit similar or malformed name v010-020-PLAN.md (80.182148ms)
✔ B5a.9: legacy exception does not admit similar or malformed name V010-020-plan.md (58.898068ms)
✔ B5a.9: legacy exception does not admit similar or malformed name V010-020-PLAN-copy.md (52.801024ms)
✔ B5a.9: legacy exception does not admit similar or malformed name V010-020-PLAN.md.md (98.460973ms)
✔ B5a.9: an approved auxiliary does not conceal an additional fake task document (72.994428ms)
✔ B5a.9: auxiliary filename and content remain unsuitable as a canonical task (1.331171ms)
✔ B5a.9: auxiliary compatibility cannot supply cleanup completion or a fake task identity (7.843829ms)
✔ FND-03: CI runs real Go validation and browser tests (1.142021ms)
✔ FND-03: product acceptance and artifacts are explicit, not fake deploys (0.379557ms)
✔ FND-04: web entry is real React with no fabricated login UI (1.655083ms)
✔ FND-05: CI retains a source bundle without bundling local credentials (0.353243ms)
✔ FND-05: RED replay metadata pins the real pre-implementation source (0.368511ms)
✔ release: all mandatory evidence present is structurally ready (1.764642ms)
✔ release: a missing or empty matrix is not a pass (0.339204ms)
✔ release: pending, skipped, failed and blocked are never passed (0.244615ms)
✔ release: missing evidence, owner or duplicate IDs are rejected (0.149755ms)
✔ remote cleanup: matching accepted remote branch can be removed (2.065518ms)
✔ remote cleanup: no remote branch remains a successful idempotent state (0.325329ms)
✔ remote cleanup: refuse unmerged (0.293063ms)
✔ remote cleanup: refuse unfinished document (0.297766ms)
✔ remote cleanup: refuse new remote commit (0.227182ms)
✔ remote cleanup: refuse unverified squash (0.145456ms)
✔ remote cleanup: refuse offline snapshot (0.168713ms)
✔ local cleanup: removed remote does not erase valid local identity (0.132202ms)
✔ local cleanup: matching refs retain identity (0.200382ms)
✔ local cleanup: divergent refs cannot hide new work (0.323378ms)
✔ Root V036: one reviewed evidence migration follows recovery hot19 (3.236844ms)
✔ Root V036: every older migration identity and source remains unchanged (3.044616ms)
✔ Root V036: only reviewed append-only evidence roles are admitted (1.385694ms)
✔ Root V036: encrypted backup fixture includes evidence migration and original wire vectors (1.738079ms)
✔ Root V036: legacy fixture resets enumerate evidence dependencies without CASCADE (0.600713ms)
✔ Root V033: hot18 has one exact reviewed registration after publication migrations (2.324949ms)
✔ Root V033: all previous migration identities remain unchanged (0.556266ms)
✔ Root V033: reviewed least-privilege role source is accepted exactly (0.517224ms)
✔ Root V033: role policy still rejects unreviewed extra privileges (0.453691ms)
✔ Root V035: exactly one reviewed recovery migration follows hot18 (3.173851ms)
✔ Root V035: every prior migration identity and actual source is preserved (2.595415ms)
✔ Root V035: reviewed scheduler-only role source is admitted exactly (0.904751ms)
✔ Root V035: accepted payload and identity cannot gain unreviewed mutation grants (0.679187ms)
✔ Root R03: every approved migration is registered once with its actual source digest (3.389639ms)
✔ Root R03: prior reviewed migration registrations retain their exact paths and hashes (1.486557ms)
✔ Root R03: the new cold audit registration precedes all dependent hot registrations (0.2616ms)
✔ V043 task Save is a bounded session-authenticated PATCH with confirmed record response (1.496394ms)
✔ V043 node Save body has no client-controlled actor or task permissions (0.180379ms)
✔ V043 preview documents visible editable intersection as bounded UUIDs (0.227953ms)
✔ Root V037: exactly reviewed action migration follows immutable evidence (1.806743ms)
✔ Root V037: all earlier migration bytes and installed roles remain unchanged (2.027463ms)
✔ Root V037: backup retains pending operation receipt and new guarded schema (0.330031ms)
✔ FND-02: parse a valid task and retain identity (3.737832ms)
✔ FND-02: malformed or duplicate metadata is rejected (0.470183ms)
✔ FND-02: a ready task with incomplete acceptance is invalid (0.605108ms)
✔ FND-02: no checkboxes is not proof of completion (0.301165ms)
✔ FND-02: mismatched branch, worktree and unsafe paths are rejected (0.327883ms)
✔ FND-02: accepted cannot be asserted before remote verification (0.145701ms)
✔ FND-02: complete remote main document + merged PR permits cleanup despite squash ancestry (0.530311ms)
✔ FND-02: refuse cleanup for offline snapshot (0.226929ms)
✔ FND-02: refuse cleanup for missing remote document (0.347795ms)
✔ FND-02: refuse cleanup for unfinished document (0.375621ms)
✔ FND-02: refuse cleanup for wrong task identity (0.59152ms)
✔ FND-02: refuse cleanup for unmerged PR (0.131286ms)
✔ FND-02: refuse cleanup for wrong merge base (0.081606ms)
✔ FND-02: refuse cleanup for different repository (0.068999ms)
✔ FND-02: refuse cleanup for other task branch (0.412831ms)
✔ FND-02: refuse cleanup for post-merge commit (0.122297ms)
✔ FND-02: refuse cleanup for dirty worktree (0.205763ms)
✔ FND-02: refuse cleanup for squash not in remote main (0.324288ms)
✔ FND-02: acceptance remains true after the task branch/worktree were cleaned (0.631456ms)
✔ FND-02: local completion without a merged PR is not accepted (0.203541ms)
✔ B0: V010 and V030 metadata and mixed approved dependencies remain valid (4.000281ms)
✔ B0: malformed/injected ID is rejected without throwing #0 (2.501792ms)
✔ B0: malformed/injected ID is rejected without throwing #1 (0.27711ms)
✔ B0: malformed/injected ID is rejected without throwing #2 (0.282479ms)
✔ B0: malformed/injected ID is rejected without throwing #3 (0.176007ms)
✔ B0: malformed/injected ID is rejected without throwing #4 (0.097895ms)
✔ B0: malformed/injected ID is rejected without throwing #5 (0.45015ms)
✔ B0: malformed/injected ID is rejected without throwing #6 (0.153933ms)
✔ B0: malformed/injected ID is rejected without throwing #7 (0.127872ms)
✔ B0: malformed/injected ID is rejected without throwing #8 (0.22564ms)
✔ B0: malformed/injected ID is rejected without throwing #9 (0.100995ms)
✔ B0: malformed/injected ID is rejected without throwing #10 (0.069028ms)
✔ B0: malformed/injected ID is rejected without throwing #11 (0.208194ms)
✔ B0: malformed/injected ID is rejected without throwing #12 (0.087646ms)
✔ B0: malformed/injected ID is rejected without throwing #13 (0.064939ms)
✔ B0: malformed/injected ID is rejected without throwing #14 (0.051406ms)
✔ B0: malformed/injected ID is rejected without throwing #15 (0.053382ms)
✔ B0: malformed/injected ID is rejected without throwing #16 (0.047738ms)
✔ B0: malformed/injected ID is rejected without throwing #17 (0.090466ms)
✔ B0: malformed/injected ID is rejected without throwing #18 (0.050508ms)
✔ B0: malformed/injected ID is rejected without throwing #19 (0.068428ms)
✔ B0: malformed/injected ID is rejected without throwing #20 (0.057448ms)
✔ B0: malformed/injected ID is rejected without throwing #21 (0.04676ms)
✔ B0: malformed/injected ID is rejected without throwing #22 (0.094138ms)
✔ B0: malformed/injected ID is rejected without throwing #23 (0.048788ms)
✔ B0: malformed/injected ID is rejected without throwing #24 (0.800783ms)
✔ B0: malformed/injected ID is rejected without throwing #25 (0.156571ms)
✔ B0: same task number in another version cannot satisfy branch/worktree identity (0.335862ms)
✔ B0: V030 retains unsafe-path, incomplete, no-PR and premature-acceptance guards (0.596749ms)
✔ B0: complete matching V030 permits the same acceptance/cleanup decisions as V010 (1.233829ms)
✔ B0: V030 acceptance and cleanup reject offline (0.230649ms)
✔ B0: V030 acceptance and cleanup reject unfinished (0.134224ms)
✔ B0: V030 acceptance and cleanup reject other version (0.190132ms)
✔ B0: V030 acceptance and cleanup reject unmerged (0.191667ms)
✔ B0: V030 acceptance and cleanup reject wrong base (0.091422ms)
✔ B0: V030 acceptance and cleanup reject wrong repository (0.199965ms)
✔ B0: V030 acceptance and cleanup reject wrong version PR (0.229908ms)
✔ B0: V030 cleanup still rejects dirty, changed-tip and unverified squash states (0.222851ms)
✔ B0: task discovery validates V030 documents instead of silently skipping them (55.467108ms)
✔ B0: discovered same-number metadata from another version is rejected (62.276844ms)
✔ B0: malformed and unsupported version-task filenames cannot disappear from discovery (181.920287ms)
✔ B0: real Git diff verifies a valid V030 PR and an unchanged V010 PR rule (232.572828ms)
✔ B0: V030 PR scope rejects an unrelated changed path (139.698701ms)
✔ B0: a V010 PR cannot consume a same-number V030 task document (113.679388ms)
✔ B0: V030 branch syntax remains exact and cannot contain malformed slug or injection (419.06465ms)
✔ B0: V030 CLI passes ID parsing then uses exact remote task path in start dry-run (560.658246ms)
✔ B0: V030 ready task still cannot be restarted (360.132728ms)
✔ B0: malformed/injected CLI IDs stop before any Git/gh execution (1054.690917ms)
✔ B0: remote helper recognizes V030 while retaining exact-head conditional deletion (429.11444ms)
✔ B0: remote helper never deletes an unmerged or other-version task (352.663439ms)
✔ maintenance is a nondefault one-shot profile in runtime and installed config (7.578348ms)
✔ hourly cron invokes the same single-run operation as manual maintenance (0.497149ms)
✔ receiver rejects unreviewed profile/command/restart and topology mutations (0.837128ms)
✔ ordinary release cannot silently upgrade the installed resident maintenance topology (0.676591ms)
✔ one-shot orchestration records success without raw output (3.206896ms)
✔ one-shot orchestration records failure without raw output (0.747162ms)
✔ memory probe samples the four resident containers, not the exited task (55.208998ms)
✔ Q18 accepts declared compatible expansion but rejects history rewrite, missing approval and stale releases (2.597263ms)
✔ Q18 deployment only changes approved runtime config and exact images, retaining private volumes and origin (6.969848ms)
✔ approved config cannot include other host compose files, weaken service confinement or join external networks (1.495787ms)
✔ public Nginx rendering preserves API boundary and creates fixed HTTPS redirect (0.759323ms)
✔ promotion validates and backs up before migration and records only a healthy deployment (0.545479ms)
✔ backup failure never migrates; activation or health failure restores prior app/config without Down (1.020739ms)
✔ main delivery runs verification and acceptance before a serialized secret-scoped deployment (0.758815ms)
✔ compatibility registry uses explicit digest records, rejects ambiguous duplicate approvals (0.453887ms)
✔ transport rejects undeclared content, checksum tampering, secret paths, invalid image identities and oversized payloads (4.738233ms)
✔ framed receiver verifies every byte and rejects truncated, appended and corrupt images (12.159091ms)
✔ four kinds are stored by explicit natural day and only safe fields survive (70.03076ms)
✔ retention dry-run selects only approved kinds and inclusive natural-day cutoff (3.226021ms)
✔ symlinked category and destination file cannot escape the log root (2.223784ms)
✔ Q20 actual cleanup removes only days older than the approved inclusive 30-day window (10.858842ms)
✔ Q20 rejects nonapproved destructive parameters and preflights all paths before deleting (1.424605ms)
✔ Q20 installed policy accepts exactly confirmed deletion parameters and schedules bounded daily cleanup (1.228656ms)
✔ Q20 cleanup is daily and shares the collection lock (0.247807ms)
✔ FR06 common rules render local and public explicit environments (2.969823ms)
✔ FR06 explicit parameters reject config injection and invalid HSTS scope (0.705137ms)
✔ certificate task logs fixed outcomes without persisting raw command secrets (1.768572ms)
✔ collector records access stdout and application stderr, advances window, and excludes raw text (33.077998ms)
✔ approved explicit config connects operation records and collector is scheduled without deletion (3.794425ms)
✔ collector and Q20 cleanup are scheduled with the same overlap protection (0.5912ms)
✔ failed docker collection does not advance cursor or publish raw diagnostics (2.093182ms)
✔ unexpected HTTP method cannot stall collection or persist arbitrary method text (2.154127ms)
✔ Q25 cold audit migration precedes hot migration: infra/acceptance/run.mjs (1.420537ms)
✔ Q25 cold audit migration precedes hot migration: infra/runtime/run.mjs (1.226485ms)
✔ Q25 cold audit migration precedes hot migration: .github/workflows/ci.yml (0.21848ms)
✔ Q25 cold audit migration precedes hot migration: infra/server/deploy/receive.mjs (0.263035ms)
✔ acceptance component count derives from the actual Playwright report (0.589321ms)
✔ Q25 personnel API regression is included in the real HTTPS entrypoint (0.780873ms)
✔ Q25 pinned role upgrade is executed with real PostgreSQL by the product workflow (0.568641ms)
✔ Q25 compatibility manifest records each new reviewed immutable migration (2.645308ms)
✔ GOV-01..04: valid repository passes without mutation (7.425714ms)
✔ GOV-01: missing file fails with its path (2.567003ms)
✔ GOV-01: whitespace-only required file is not valid (3.696086ms)
✔ GOV-02: deleting each hard-rule marker fails (8.878832ms)
✔ GOV-03: malformed JSON is reported, not thrown (2.911211ms)
✔ GOV-03: incorrect version and project fail (2.884199ms)
✔ GOV-03: impossible calendar date fails (1.606775ms)
✔ GOV-03: empty sources and non-object registry fail (2.950043ms)
✔ GOV-03: duplicate keys and page IDs fail (2.874541ms)
✔ GOV-03: external or mismatched source URLs fail (1.586753ms)
✔ GOV-03: missing metadata and malformed page ID fail (1.593411ms)
✔ GOV-03: unknown, duplicate and empty route references fail (2.31ms)
✔ GOV-03: mandatory routes and always/product anchors cannot disappear (1.356127ms)
✔ GOV-04: nested instruction override fails (1.070998ms)
✔ GOV-04: generated/dependency directories are ignored (1.549066ms)
✔ GOV-01: nonexistent root reports errors (0.636112ms)
✔ CLI: valid repository exits zero (65.398224ms)
✔ CLI: invalid repository exits one and explains failure (67.032738ms)
✔ public HTTPS exposes only edge ports and preserves private data, images and input (2.744051ms)
✔ public access rejects untrusted TLS while default deployment stays private (13.37888ms)
✔ HTTP redirects all paths to the fixed HTTPS origin without trusting Host (0.583986ms)
✔ public TLS preserves same-origin API, non-cacheable auth and trusted proxy boundary (1.07095ms)
✔ existing loopback health and DNS-01 renewal still work independently of public DNS (0.573634ms)
✔ API actual TAP report counts every passed case (1.227191ms)
✔ API failed, skipped, truncated and contradictory reports cannot publish success (0.768684ms)
✔ browser counts come from the successful complete JSON report (1.811493ms)
✔ browser failure, flakiness, skips and empty reports cannot publish success (0.390108ms)
✔ real API/browser reports drive the published counts: infra/acceptance/run.mjs (0.53787ms)
✔ real API/browser reports drive the published counts: infra/runtime/run.mjs (0.199934ms)
✔ product acceptance shares a workflow-specific PR group with isolated non-PR runs (1.093225ms)
✔ product cancellation is enabled only for pull-request replacement runs (0.213825ms)
✔ product concurrency keeps the existing full verification stages unconditional (0.431913ms)
✔ ACME runner fixes operations, passes credentials only in environment and reports sanitized failure (3.771732ms)
✔ certificate activation verifies system trust before file replacement and validates Nginx before reload (152.117623ms)
✔ domain health verifies hostname with default trust while reaching only the SSH loopback endpoint (0.443849ms)
✔ domain health fixes IPv4 so Node never requests an all-address lookup result (0.238905ms)
▶ provided CSV is data only and maps exactly one credential pair without executing fields
  ✔ BOM, quoted headers and CRLF are supported (0.640971ms)
  ✔ missing, multiple and non-data values fail closed (0.464417ms)
  ✔ dotenv admits only the required names and never evaluates shell (18.071465ms)
✔ provided CSV is data only and maps exactly one credential pair without executing fields (22.314042ms)
▶ Q16 public-trust domain config keeps the SSH listener and schedules automatic renewal
  ✔ domain origin with loopback only (0.365262ms)
  ✔ renew twice daily without self-signed trust (0.363291ms)
✔ Q16 public-trust domain config keeps the SSH listener and schedules automatic renewal (1.617233ms)
▶ Q16 validates the actual certificate host, private key and remaining lifetime before replacement
  ✔ matching actual identity and key are accepted (0.965059ms)
  ✔ unrelated certificate is rejected (0.436264ms)
  ✔ mismatched private key is rejected (0.75414ms)
  ✔ expired certificate is rejected (0.331522ms)
✔ Q16 validates the actual certificate host, private key and remaining lifetime before replacement (183.745018ms)
✔ Q16 a failed Nginx validation restores both previous files and reloads the previous certificate (0.825353ms)
✔ Q16 explicitly uses Let's Encrypt DNSPod DNS-01 for the confirmed domain and no public listener (0.378276ms)
✔ Q15 server exposes only loopback HTTPS and preserves internal data network (0.332495ms)
✔ private Bootstrap credentials preserve the accepted seed JSON password field and exclude test fixtures (0.297241ms)
✔ operational schedules retain TLS verification, prevent overlap, and invoke only runtime tools (0.27244ms)
✔ server maintenance addresses only the authorized deployment and does not run test/build commands (0.47907ms)
✔ finished services restart automatically and have finite resource and log budgets (0.235757ms)
✔ deployment refuses every existing directory, including apparently empty ones (0.47387ms)
ℹ tests 262
ℹ suites 0
ℹ pass 262
ℹ fail 0
ℹ cancelled 0
ℹ skipped 0
ℹ todo 0
ℹ duration_ms 4618.110379
