(node:10) ExperimentalWarning: stripTypeScriptTypes is an experimental feature and might change at any time
(Use `node --trace-warnings ...` to show where the warning was created)
✔ create receipt transport classifies unconfirmed: 201 empty JSON (6.155415ms)
✔ create receipt transport classifies unconfirmed: 201 JSON null (0.570551ms)
✔ create receipt transport classifies unconfirmed: 201 error envelope (0.496961ms)
✔ create receipt transport classifies unconfirmed: 201 missing data (0.371557ms)
✔ create receipt transport classifies unconfirmed: 200 valid application body (0.554307ms)
✔ create receipt entity requires a valid owned initial application: 201 malformed application (0.967625ms)
✔ create receipt entity requires a valid owned initial application: 201 wrong owner (0.439367ms)
✔ create receipt entity requires a valid owned initial application: 201 invalid application UUID (0.382984ms)
✔ create receipt entity requires a valid owned initial application: 201 wrong initial revision (0.356815ms)
✔ create receipt accepts the exact successful 201 owned initial application (0.527957ms)
✔ B2 CI: fixture creates a private dedicated socket database with no network/ports (4.609148ms)
✔ B2 CI: an existing state file is never overwritten (1.435705ms)
✔ B2 CI: partial startup failure is nonzero and removes only its own fixture (1.22257ms)
✔ B2 CI: successful cleanup removes its container/data/socket/state and is idempotent (1.292163ms)
✔ B2 CI: cleanup refuses wrongOwner (2.585648ms)
✔ B2 CI: cleanup refuses wrongNetwork (1.627157ms)
✔ B2 CI: cleanup refuses wrongMount (0.783294ms)
✔ B2 CI: cleanup failure is not swallowed and retains recoverable state (0.672ms)
✔ B2 CI: cleanup refuses an outside root without any Docker action (0.800218ms)
✔ B2 CI: cleanup refuses symlink state and never touches its target (0.8488ms)
✔ B2 CI: bootstrap exports the dedicated URL and always-cleanup accepts the actual state (1.227818ms)
✔ B2 CI: bootstrap rejects unknown commands instead of silently succeeding (0.205853ms)
✔ B2 CI: Go job supplies the fixture before race tests with unconditional owned cleanup (0.338709ms)
✔ B2 CI: acceptance gives nested Go the dedicated URL and matching socket mount (2.977635ms)
✔ B2 CI: acceptance failure cleans B2 and preserves original product stop-only lifecycle (1.519547ms)
✔ B5a frozen HTTP routes, method sets and live Web Session are explicit (2.427475ms)
✔ B5a DTOs use exact closed fields and finite menu grants (0.335474ms)
✔ B5a six public error codes retain frozen HTTP status (0.403394ms)
✔ B5a new migrations have exact reviewed compatibility hashes and runtime role pin (1.327956ms)
✔ B5a.9: fixture preserves the exact approved PR21 legacy PLAN bytes (2.071811ms)
✔ B5a.9: a valid canonical task without an auxiliary document still passes (99.572433ms)
✔ B5a.9: exact registered and referenced PR21 auxiliary PLAN passes discovery (148.276257ms)
✔ B5a.9: known auxiliary path rejects replaced contents (108.90941ms)
✔ B5a.9: known auxiliary path rejects one-byte addition (96.239421ms)
✔ B5a.9: known auxiliary path rejects forged task metadata (92.671213ms)
✔ B5a.9: known auxiliary path rejects a complete second task (138.077213ms)
✔ B5a.9: auxiliary compatibility rejects missing canonical task (89.726451ms)
✔ B5a.9: auxiliary compatibility rejects missing canonical metadata (81.627195ms)
✔ B5a.9: auxiliary compatibility rejects duplicate canonical metadata (83.74898ms)
✔ B5a.9: auxiliary compatibility rejects invalid canonical JSON (83.657284ms)
✔ B5a.9: auxiliary compatibility rejects other task identity (76.294556ms)
✔ B5a.9: auxiliary compatibility rejects missing canonical owner (64.547513ms)
✔ B5a.9: auxiliary compatibility rejects wrong branch identity (66.960021ms)
✔ B5a.9: auxiliary compatibility rejects wrong worktree identity (62.718589ms)
✔ B5a.9: auxiliary compatibility rejects invalid canonical scope (65.582286ms)
✔ B5a.9: auxiliary compatibility rejects empty canonical scope (56.429568ms)
✔ B5a.9: auxiliary compatibility rejects unregistered auxiliary scope (54.51584ms)
✔ B5a.9: auxiliary compatibility rejects a scope path that merely shares the prefix (60.517389ms)
✔ B5a.9: auxiliary compatibility rejects missing canonical reference (56.426764ms)
✔ B5a.9: auxiliary compatibility rejects a reference to a different PLAN (61.501338ms)
✔ B5a.9: auxiliary compatibility rejects incomplete ready canonical task (59.806561ms)
✔ B5a.9: auxiliary compatibility rejects a prematurely accepted canonical task (56.059574ms)
✔ B5a.9: legacy exception does not admit similar or malformed name V010-021-PLAN.md (74.965614ms)
✔ B5a.9: legacy exception does not admit similar or malformed name V030-020-PLAN.md (60.171629ms)
✔ B5a.9: legacy exception does not admit similar or malformed name V020-020-PLAN.md (63.044389ms)
✔ B5a.9: legacy exception does not admit similar or malformed name V999-020-PLAN.md (69.739163ms)
✔ B5a.9: legacy exception does not admit similar or malformed name V010-20-PLAN.md (72.192386ms)
✔ B5a.9: legacy exception does not admit similar or malformed name V010-0020-PLAN.md (56.319546ms)
✔ B5a.9: legacy exception does not admit similar or malformed name v010-020-PLAN.md (72.221123ms)
✔ B5a.9: legacy exception does not admit similar or malformed name V010-020-plan.md (68.596915ms)
✔ B5a.9: legacy exception does not admit similar or malformed name V010-020-PLAN-copy.md (55.011475ms)
✔ B5a.9: legacy exception does not admit similar or malformed name V010-020-PLAN.md.md (56.087325ms)
✔ B5a.9: an approved auxiliary does not conceal an additional fake task document (64.2428ms)
✔ B5a.9: auxiliary filename and content remain unsuitable as a canonical task (0.718438ms)
✔ B5a.9: auxiliary compatibility cannot supply cleanup completion or a fake task identity (1.91502ms)
✔ FND-03: CI runs real Go validation and browser tests (1.751779ms)
✔ FND-03: product acceptance and artifacts are explicit, not fake deploys (0.443383ms)
✔ FND-04: web entry is real React with no fabricated login UI (0.396564ms)
✔ FND-05: CI retains a source bundle without bundling local credentials (0.310578ms)
✔ FND-05: RED replay metadata pins the real pre-implementation source (0.61804ms)
✔ release: all mandatory evidence present is structurally ready (1.716558ms)
✔ release: a missing or empty matrix is not a pass (0.253143ms)
✔ release: pending, skipped, failed and blocked are never passed (0.239683ms)
✔ release: missing evidence, owner or duplicate IDs are rejected (0.2034ms)
✔ remote cleanup: matching accepted remote branch can be removed (2.208392ms)
✔ remote cleanup: no remote branch remains a successful idempotent state (0.41399ms)
✔ remote cleanup: refuse unmerged (0.234426ms)
✔ remote cleanup: refuse unfinished document (0.173115ms)
✔ remote cleanup: refuse new remote commit (0.215808ms)
✔ remote cleanup: refuse unverified squash (0.325289ms)
✔ remote cleanup: refuse offline snapshot (0.133356ms)
✔ local cleanup: removed remote does not erase valid local identity (0.113968ms)
✔ local cleanup: matching refs retain identity (0.165464ms)
✔ local cleanup: divergent refs cannot hide new work (0.183129ms)
✔ Root V036: one reviewed evidence migration follows recovery hot19 (2.926199ms)
✔ Root V036: every older migration identity and source remains unchanged (1.689618ms)
✔ Root V036: only reviewed append-only evidence roles are admitted (0.787179ms)
✔ Root V036: encrypted backup fixture includes evidence migration and original wire vectors (1.781644ms)
✔ Root V036: legacy fixture resets enumerate evidence dependencies without CASCADE (0.6717ms)
✔ Root V033: hot18 has one exact reviewed registration after publication migrations (1.972154ms)
✔ Root V033: all previous migration identities remain unchanged (0.396634ms)
✔ Root V033: reviewed least-privilege role source is accepted exactly (0.602097ms)
✔ Root V033: role policy still rejects unreviewed extra privileges (0.404255ms)
✔ Root V035: exactly one reviewed recovery migration follows hot18 (2.673998ms)
✔ Root V035: every prior migration identity and actual source is preserved (1.698782ms)
✔ Root V035: reviewed scheduler-only role source is admitted exactly (0.596649ms)
✔ Root V035: accepted payload and identity cannot gain unreviewed mutation grants (0.535068ms)
✔ Root R03: every approved migration is registered once with its actual source digest (1.827071ms)
✔ Root R03: prior reviewed migration registrations retain their exact paths and hashes (0.623038ms)
✔ Root R03: the new cold audit registration precedes all dependent hot registrations (0.134818ms)
✔ V043 task Save is a bounded session-authenticated PATCH with confirmed record response (1.754494ms)
✔ V043 node Save body has no client-controlled actor or task permissions (0.337197ms)
✔ V043 preview documents visible editable intersection as bounded UUIDs (0.132865ms)
✔ Root V037: exactly reviewed action migration follows immutable evidence (2.386714ms)
✔ Root V037: all earlier migration bytes and installed roles remain unchanged (2.583765ms)
✔ FND-02: parse a valid task and retain identity (2.46483ms)
✔ FND-02: malformed or duplicate metadata is rejected (0.799257ms)
✔ FND-02: a ready task with incomplete acceptance is invalid (0.389664ms)
✔ FND-02: no checkboxes is not proof of completion (0.283157ms)
✔ FND-02: mismatched branch, worktree and unsafe paths are rejected (0.494979ms)
✔ FND-02: accepted cannot be asserted before remote verification (0.436884ms)
✔ FND-02: complete remote main document + merged PR permits cleanup despite squash ancestry (0.514257ms)
✔ FND-02: refuse cleanup for offline snapshot (0.32565ms)
✔ FND-02: refuse cleanup for missing remote document (0.436623ms)
✔ FND-02: refuse cleanup for unfinished document (0.509771ms)
✔ FND-02: refuse cleanup for wrong task identity (0.294434ms)
✔ FND-02: refuse cleanup for unmerged PR (0.19746ms)
✔ FND-02: refuse cleanup for wrong merge base (0.137843ms)
✔ FND-02: refuse cleanup for different repository (0.123822ms)
✔ FND-02: refuse cleanup for other task branch (0.339349ms)
✔ FND-02: refuse cleanup for post-merge commit (0.586915ms)
✔ FND-02: refuse cleanup for dirty worktree (0.126226ms)
✔ FND-02: refuse cleanup for squash not in remote main (0.112185ms)
✔ FND-02: acceptance remains true after the task branch/worktree were cleaned (0.601235ms)
✔ FND-02: local completion without a merged PR is not accepted (0.214616ms)
✔ B0: V010 and V030 metadata and mixed approved dependencies remain valid (5.238234ms)
✔ B0: malformed/injected ID is rejected without throwing #0 (1.084297ms)
✔ B0: malformed/injected ID is rejected without throwing #1 (0.217119ms)
✔ B0: malformed/injected ID is rejected without throwing #2 (0.177501ms)
✔ B0: malformed/injected ID is rejected without throwing #3 (2.392453ms)
✔ B0: malformed/injected ID is rejected without throwing #4 (0.168529ms)
✔ B0: malformed/injected ID is rejected without throwing #5 (0.13588ms)
✔ B0: malformed/injected ID is rejected without throwing #6 (0.162649ms)
✔ B0: malformed/injected ID is rejected without throwing #7 (0.14284ms)
✔ B0: malformed/injected ID is rejected without throwing #8 (0.297238ms)
✔ B0: malformed/injected ID is rejected without throwing #9 (0.144443ms)
✔ B0: malformed/injected ID is rejected without throwing #10 (0.12215ms)
✔ B0: malformed/injected ID is rejected without throwing #11 (0.10191ms)
✔ B0: malformed/injected ID is rejected without throwing #12 (0.122129ms)
✔ B0: malformed/injected ID is rejected without throwing #13 (0.090904ms)
✔ B0: malformed/injected ID is rejected without throwing #14 (0.099757ms)
✔ B0: malformed/injected ID is rejected without throwing #15 (0.095241ms)
✔ B0: malformed/injected ID is rejected without throwing #16 (0.091355ms)
✔ B0: malformed/injected ID is rejected without throwing #17 (0.082922ms)
✔ B0: malformed/injected ID is rejected without throwing #18 (0.084595ms)
✔ B0: malformed/injected ID is rejected without throwing #19 (0.085757ms)
✔ B0: malformed/injected ID is rejected without throwing #20 (0.086998ms)
✔ B0: malformed/injected ID is rejected without throwing #21 (0.106397ms)
✔ B0: malformed/injected ID is rejected without throwing #22 (0.089672ms)
✔ B0: malformed/injected ID is rejected without throwing #23 (0.102311ms)
✔ B0: malformed/injected ID is rejected without throwing #24 (0.178603ms)
✔ B0: malformed/injected ID is rejected without throwing #25 (0.152955ms)
✔ B0: same task number in another version cannot satisfy branch/worktree identity (0.358498ms)
✔ B0: V030 retains unsafe-path, incomplete, no-PR and premature-acceptance guards (0.375984ms)
✔ B0: complete matching V030 permits the same acceptance/cleanup decisions as V010 (0.841109ms)
✔ B0: V030 acceptance and cleanup reject offline (0.306302ms)
✔ B0: V030 acceptance and cleanup reject unfinished (0.175729ms)
✔ B0: V030 acceptance and cleanup reject other version (0.162249ms)
✔ B0: V030 acceptance and cleanup reject unmerged (0.151623ms)
✔ B0: V030 acceptance and cleanup reject wrong base (0.134067ms)
✔ B0: V030 acceptance and cleanup reject wrong repository (0.209909ms)
✔ B0: V030 acceptance and cleanup reject wrong version PR (0.151032ms)
✔ B0: V030 cleanup still rejects dirty, changed-tip and unverified squash states (0.327953ms)
✔ B0: task discovery validates V030 documents instead of silently skipping them (82.193249ms)
✔ B0: discovered same-number metadata from another version is rejected (88.635425ms)
✔ B0: malformed and unsupported version-task filenames cannot disappear from discovery (320.145471ms)
✔ B0: real Git diff verifies a valid V030 PR and an unchanged V010 PR rule (228.844302ms)
✔ B0: V030 PR scope rejects an unrelated changed path (87.122467ms)
✔ B0: a V010 PR cannot consume a same-number V030 task document (86.094764ms)
✔ B0: V030 branch syntax remains exact and cannot contain malformed slug or injection (338.744095ms)
✔ B0: V030 CLI passes ID parsing then uses exact remote task path in start dry-run (485.310399ms)
✔ B0: V030 ready task still cannot be restarted (376.838303ms)
✔ B0: malformed/injected CLI IDs stop before any Git/gh execution (1167.744794ms)
✔ B0: remote helper recognizes V030 while retaining exact-head conditional deletion (490.709039ms)
✔ B0: remote helper never deletes an unmerged or other-version task (425.867754ms)
✔ maintenance is a nondefault one-shot profile in runtime and installed config (2.860372ms)
✔ hourly cron invokes the same single-run operation as manual maintenance (0.409723ms)
✔ receiver rejects unreviewed profile/command/restart and topology mutations (0.708373ms)
✔ ordinary release cannot silently upgrade the installed resident maintenance topology (0.394641ms)
✔ one-shot orchestration records success without raw output (4.485375ms)
✔ one-shot orchestration records failure without raw output (0.712168ms)
✔ memory probe samples the four resident containers, not the exited task (50.617189ms)
✔ Q18 accepts declared compatible expansion but rejects history rewrite, missing approval and stale releases (1.482322ms)
✔ Q18 deployment only changes approved runtime config and exact images, retaining private volumes and origin (1.97569ms)
✔ approved config cannot include other host compose files, weaken service confinement or join external networks (0.839436ms)
✔ public Nginx rendering preserves API boundary and creates fixed HTTPS redirect (0.460307ms)
✔ promotion validates and backs up before migration and records only a healthy deployment (1.246496ms)
✔ backup failure never migrates; activation or health failure restores prior app/config without Down (0.469531ms)
✔ main delivery runs verification and acceptance before a serialized secret-scoped deployment (0.440398ms)
✔ compatibility registry uses explicit digest records, rejects ambiguous duplicate approvals (0.223669ms)
✔ transport rejects undeclared content, checksum tampering, secret paths, invalid image identities and oversized payloads (6.936054ms)
✔ framed receiver verifies every byte and rejects truncated, appended and corrupt images (7.302043ms)
✔ V059 independent routing: prose (3.646469ms)
✔ V059 independent routing: compiler (0.27808ms)
✔ V059 independent routing: codec tests (0.283588ms)
✔ V059 independent routing: web (0.246963ms)
✔ V059 independent routing: web assets (0.27163ms)
✔ V059 independent routing: browser tests (0.186945ms)
✔ V059 independent routing: mixed (0.173425ms)
✔ V059 independent routing: doc and go (0.134848ms)
✔ V059 independent routing: executable docs (0.316026ms)
✔ V059 independent routing: instructions (0.294254ms)
✔ V059 independent routing: root instructions (0.122961ms)
✔ V059 independent routing: HTTP (0.418386ms)
✔ V059 independent routing: session (0.132254ms)
✔ V059 independent routing: contracts (0.079487ms)
✔ V059 independent routing: migration (0.635075ms)
✔ V059 independent routing: web configuration (0.08172ms)
✔ V059 independent routing: package (0.058897ms)
✔ V059 independent routing: workflow (0.057194ms)
✔ V059 independent routing: router (0.059007ms)
✔ V059 independent routing: unknown (0.046088ms)
✔ V059 independent routing: empty (0.063824ms)
✔ V059 independent routing: malformed (0.058577ms)
✔ V059 independent routing: path traversal (0.065086ms)
✔ V059 independent routing: linebreak (0.098626ms)
✔ V059 independent routing: many paths (6.623634ms)
✔ V059 real Git includes every PR commit, not only last documentation commit (93.381493ms)
✔ V059 real Git uses PR merge base, not unrelated base-side changes (101.128862ms)
✔ V059 real Git rename cannot conceal removed backend file behind docs extension (79.809898ms)
✔ V059 real Git deletion, spaces and actual merge candidate are handled (127.188868ms)
✔ V059 main target, manual, forced release, missing refs, symlink and unbound candidate run full (103.115649ms)
✔ V059 exact source metadata rejects symlinks even with prose names (43.423074ms)
✔ V059 deleted backend source keeps its affected checks selected (42.918603ms)
✔ V059 real CLI publishes reusable outputs and refuses a stale candidate (213.717751ms)
✔ V059 selected exact successes accepted ci {"backend":false,"browser":false,"product":false} (4.242207ms)
✔ V059 selected exact successes accepted ci {"backend":true,"browser":false,"product":false} (0.253984ms)
✔ V059 selected exact successes accepted ci {"backend":false,"browser":true,"product":true} (0.201217ms)
✔ V059 selected exact successes accepted ci {"backend":true,"browser":true,"product":true} (0.159615ms)
✔ V059 selected exact successes accepted product {"backend":false,"browser":false,"product":false} (0.123632ms)
✔ V059 selected exact successes accepted product {"backend":true,"browser":false,"product":false} (0.145915ms)
✔ V059 selected exact successes accepted product {"backend":false,"browser":true,"product":true} (0.19745ms)
✔ V059 selected exact successes accepted product {"backend":true,"browser":true,"product":true} (0.159555ms)
✔ V059 rejects ci/preflight failure (0.361713ms)
✔ V059 rejects ci/preflight cancelled (0.194567ms)
✔ V059 rejects ci/preflight skipped (0.134769ms)
✔ V059 rejects ci/preflight undefined (0.075902ms)
✔ V059 rejects ci/governance failure (0.148579ms)
✔ V059 rejects ci/governance cancelled (0.071215ms)
✔ V059 rejects ci/governance skipped (0.057495ms)
✔ V059 rejects ci/governance undefined (0.058776ms)
✔ V059 rejects ci/go failure (0.058647ms)
✔ V059 rejects ci/go cancelled (0.057895ms)
✔ V059 rejects ci/go skipped (0.063524ms)
✔ V059 rejects ci/go undefined (0.213665ms)
✔ V059 rejects ci/browser failure (0.131774ms)
✔ V059 rejects ci/browser cancelled (0.13577ms)
✔ V059 rejects ci/browser skipped (0.083613ms)
✔ V059 rejects ci/browser undefined (0.099086ms)
✔ V059 rejects ci/workflow-engine failure (0.092136ms)
✔ V059 rejects ci/workflow-engine cancelled (0.057575ms)
✔ V059 rejects ci/workflow-engine skipped (0.078776ms)
✔ V059 rejects ci/workflow-engine undefined (0.102111ms)
✔ V059 rejects ci/workflow-rpc failure (0.063012ms)
✔ V059 rejects ci/workflow-rpc cancelled (0.063895ms)
✔ V059 rejects ci/workflow-rpc skipped (0.056003ms)
✔ V059 rejects ci/workflow-rpc undefined (0.053899ms)
✔ V059 rejects ci/execution-rpc failure (0.054941ms)
✔ V059 rejects ci/execution-rpc cancelled (0.085586ms)
✔ V059 rejects ci/execution-rpc skipped (0.095411ms)
✔ V059 rejects ci/execution-rpc undefined (0.084785ms)
✔ V059 rejects ci/workflow-recovery failure (0.061991ms)
✔ V059 rejects ci/workflow-recovery cancelled (0.083934ms)
✔ V059 rejects ci/workflow-recovery skipped (1.979665ms)
✔ V059 rejects ci/workflow-recovery undefined (0.168929ms)
✔ V059 rejects ci/workflow-actions failure (0.145254ms)
✔ V059 rejects ci/workflow-actions cancelled (0.063304ms)
✔ V059 rejects ci/workflow-actions skipped (0.050915ms)
✔ V059 rejects ci/workflow-actions undefined (0.10167ms)
✔ V059 rejects ci/workflow-formal-runtime failure (0.100528ms)
✔ V059 rejects ci/workflow-formal-runtime cancelled (0.086398ms)
✔ V059 rejects ci/workflow-formal-runtime skipped (0.050584ms)
✔ V059 rejects ci/workflow-formal-runtime undefined (0.044215ms)
✔ V059 rejects ci/workflow-schema-cli failure (0.043655ms)
✔ V059 rejects ci/workflow-schema-cli cancelled (0.042492ms)
✔ V059 rejects ci/workflow-schema-cli skipped (0.041091ms)
✔ V059 rejects ci/workflow-schema-cli undefined (0.050585ms)
✔ V059 rejects ci/workflow-backup failure (0.045327ms)
✔ V059 rejects ci/workflow-backup cancelled (0.058226ms)
✔ V059 rejects ci/workflow-backup skipped (0.043103ms)
✔ V059 rejects ci/workflow-backup undefined (0.040199ms)
✔ V059 rejects product/preflight failure (0.037705ms)
✔ V059 rejects product/preflight cancelled (0.032698ms)
✔ V059 rejects product/preflight skipped (0.032348ms)
✔ V059 rejects product/preflight undefined (0.030645ms)
✔ V059 rejects product/components failure (0.040379ms)
✔ V059 rejects product/components cancelled (0.040369ms)
✔ V059 rejects product/components skipped (0.038326ms)
✔ V059 rejects product/components undefined (0.084905ms)
✔ V059 rejects product/component-coverage failure (0.05436ms)
✔ V059 rejects product/component-coverage cancelled (0.043204ms)
✔ V059 rejects product/component-coverage skipped (0.041852ms)
✔ V059 rejects product/component-coverage undefined (0.065557ms)
✔ V059 rejects product/product failure (0.112395ms)
✔ V059 rejects product/product cancelled (0.148579ms)
✔ V059 rejects product/product skipped (0.113427ms)
✔ V059 rejects product/product undefined (0.112636ms)
✔ V059 malformed, stale or failed unselected results cannot pass (0.200115ms)
✔ V059 malformed, stale or failed unselected results cannot pass (0.075401ms)
✔ V059 malformed, stale or failed unselected results cannot pass (0.160466ms)
✔ V059 malformed, stale or failed unselected results cannot pass (0.079026ms)
✔ V059 malformed, stale or failed unselected results cannot pass (0.077254ms)
✔ V059 malformed, stale or failed unselected results cannot pass (0.077334ms)
✔ V059 malformed, stale or failed unselected results cannot pass (0.065736ms)
✔ V059 unknown workflow kind is refused (0.060389ms)
✔ PRD V049: file loader verifies four actual report bundles (3.691246ms)
✔ PRD V049: missing report.json cannot become acceptance (0.815631ms)
✔ PRD V049: missing baseline.json cannot become acceptance (0.547667ms)
✔ PRD V049: missing metadata.json cannot become acceptance (0.718759ms)
✔ PRD V049: every shard must discover the same full identity set (2.827734ms)
✔ PRD V049: an errored secondary discovery cannot be ignored (0.792527ms)
✔ PRD V049: corrupt JSON is a hard failure (0.573955ms)
✔ PRD V049: a passed summary alone never substitutes for actual reports (0.565703ms)
✔ PRD V049: same candidate and all four distinct shards produce actual component stats (3.047057ms)
✔ PRD V049: refuse stale baseline (0.422682ms)
✔ PRD V049: refuse stale shard (0.201436ms)
✔ PRD V049: refuse missing fourth shard (0.226223ms)
✔ PRD V049: refuse duplicate shard slot with otherwise distinct cases (0.256638ms)
✔ PRD V049: refuse wrong total (0.147427ms)
✔ PRD V049: refuse out of range shard (0.252151ms)
✔ PRD V049: refuse unbound source (0.199073ms)
✔ PRD V049: refuse failure in a report (0.762533ms)
✔ PRD V049: refuse missing identity behind correct total (0.892875ms)
✔ four kinds are stored by explicit natural day and only safe fields survive (41.688761ms)
✔ retention dry-run selects only approved kinds and inclusive natural-day cutoff (3.347439ms)
✔ symlinked category and destination file cannot escape the log root (2.004652ms)
✔ Q20 actual cleanup removes only days older than the approved inclusive 30-day window (5.903674ms)
✔ Q20 rejects nonapproved destructive parameters and preflights all paths before deleting (1.546408ms)
✔ Q20 installed policy accepts exactly confirmed deletion parameters and schedules bounded daily cleanup (6.596645ms)
✔ Q20 cleanup is daily and shares the collection lock (0.350256ms)
✔ PRD V049: container Go cache binds only module and build dependencies (2.032733ms)
✔ PRD V049: container pnpm store has one precise public dependency mount (0.189008ms)
✔ PRD V049: reject ambiguous cache root "" (0.229678ms)
✔ PRD V049: reject ambiguous cache root "." (0.092116ms)
✔ PRD V049: reject ambiguous cache root "/tmp/cache,readonly" (0.082612ms)
✔ PRD V049: reject ambiguous cache root "/tmp/cache\nother" (0.081289ms)
✔ PRD V049: no cache layout exists for database (0.109922ms)
✔ PRD V049: no cache layout exists for redis (0.066959ms)
✔ PRD V049: no cache layout exists for runtime (0.118425ms)
✔ PRD V049: no cache layout exists for settings (0.197901ms)
✔ PRD V049: no cache layout exists for results (0.08878ms)
✔ V058: all active Go builders and security scans use the reviewed patch (3.310845ms)
✔ FR06 common rules render local and public explicit environments (1.471677ms)
✔ FR06 explicit parameters reject config injection and invalid HSTS scope (0.414741ms)
✔ certificate task logs fixed outcomes without persisting raw command secrets (1.906948ms)
✔ collector records access stdout and application stderr, advances window, and excludes raw text (30.195457ms)
✔ approved explicit config connects operation records and collector is scheduled without deletion (1.102123ms)
✔ collector and Q20 cleanup are scheduled with the same overlap protection (0.37375ms)
✔ failed docker collection does not advance cursor or publish raw diagnostics (0.667203ms)
✔ unexpected HTTP method cannot stall collection or persist arbitrary method text (0.866746ms)
✔ large comparative experiments require the explicit Go cost build constraint (1.146268ms)
✔ comparative performance remains runnable in a separate manual workflow (1.059821ms)
✔ Q25 cold audit migration precedes hot migration: infra/acceptance/run.mjs (1.205275ms)
✔ Q25 cold audit migration precedes hot migration: infra/runtime/run.mjs (0.245582ms)
✔ Q25 cold audit migration precedes hot migration: .github/workflows/ci.yml (0.131974ms)
✔ Q25 cold audit migration precedes hot migration: infra/server/deploy/receive.mjs (0.178633ms)
✔ acceptance component count derives from the actual Playwright report (0.49594ms)
✔ Q25 personnel API regression is included in the real HTTPS entrypoint (0.218912ms)
✔ Q25 pinned role upgrade is executed with real PostgreSQL by the product workflow (0.227185ms)
✔ Q25 compatibility manifest records each new reviewed immutable migration (0.843812ms)
✔ GOV-01..04: valid repository passes without mutation (5.265744ms)
✔ GOV-01: missing file fails with its path (1.855973ms)
✔ GOV-01: whitespace-only required file is not valid (2.232207ms)
✔ GOV-02: deleting each hard-rule marker fails (2.623233ms)
✔ GOV-03: malformed JSON is reported, not thrown (1.402765ms)
✔ GOV-03: incorrect version and project fail (1.732651ms)
✔ GOV-03: impossible calendar date fails (1.091548ms)
✔ GOV-03: empty sources and non-object registry fail (1.288828ms)
✔ GOV-03: duplicate keys and page IDs fail (1.483024ms)
✔ GOV-03: external or mismatched source URLs fail (1.396367ms)
✔ GOV-03: missing metadata and malformed page ID fail (1.338591ms)
✔ GOV-03: unknown, duplicate and empty route references fail (1.539848ms)
✔ GOV-03: mandatory routes and always/product anchors cannot disappear (1.911154ms)
✔ GOV-04: nested instruction override fails (1.077627ms)
✔ GOV-04: generated/dependency directories are ignored (0.895159ms)
✔ GOV-01: nonexistent root reports errors (0.433248ms)
✔ CLI: valid repository exits zero (99.146397ms)
✔ CLI: invalid repository exits one and explains failure (91.121816ms)
✔ PRD V049: all required checks run in the declared cheap-first order (4.150722ms)
✔ PRD V049: policy-tests failure prevents every later check (2.474494ms)
✔ PRD V049: repository failure prevents every later check (0.181827ms)
✔ PRD V049: tasks failure prevents every later check (0.151042ms)
✔ PRD V049: format failure prevents every later check (0.243178ms)
✔ PRD V049: contract-tests failure prevents every later check (0.2035ms)
✔ PRD V049: contract-lint failure prevents every later check (0.193214ms)
✔ PRD V049: secrets failure prevents every later check (0.193144ms)
✔ PRD V049: tool errors and indeterminate execution fail closed without exposing output (10.272337ms)
✔ PRD V049: tool errors and indeterminate execution fail closed without exposing output (0.360611ms)
✔ PRD V049: tool errors and indeterminate execution fail closed without exposing output (0.181116ms)
✔ PRD V049: tool errors and indeterminate execution fail closed without exposing output (0.130943ms)
✔ PRD V049: gofmt exit zero with changed files is a format failure (4.740991ms)
✔ public HTTPS exposes only edge ports and preserves private data, images and input (2.618726ms)
✔ public access rejects untrusted TLS while default deployment stays private (0.637229ms)
✔ HTTP redirects all paths to the fixed HTTPS origin without trusting Host (0.316696ms)
✔ public TLS preserves same-origin API, non-cacheable auth and trusted proxy boundary (0.464825ms)
✔ existing loopback health and DNS-01 renewal still work independently of public DNS (0.618911ms)
✔ API actual TAP report counts every passed case (1.740463ms)
✔ API failed, skipped, truncated and contradictory reports cannot publish success (0.441701ms)
✔ browser counts come from the successful complete JSON report (0.269536ms)
✔ browser failure, flakiness, skips and empty reports cannot publish success (0.215207ms)
✔ runner declares report parsing and output destinations: infra/acceptance/run.mjs (0.433128ms)
✔ runner declares report parsing and output destinations: infra/runtime/run.mjs (0.23747ms)
✔ product acceptance shares a workflow-specific PR group with isolated non-PR runs (1.154431ms)
✔ product cancellation is enabled only for pull-request replacement runs (0.287002ms)
✔ product concurrency keeps the existing full verification stages unconditional (0.397936ms)
✔ ACME runner fixes operations, passes credentials only in environment and reports sanitized failure (4.500318ms)
✔ certificate activation verifies system trust before file replacement and validates Nginx before reload (57.986901ms)
✔ domain health verifies hostname with default trust while reaching only the SSH loopback endpoint (0.350937ms)
✔ domain health fixes IPv4 so Node never requests an all-address lookup result (0.240774ms)
▶ provided CSV is data only and maps exactly one credential pair without executing fields
  ✔ BOM, quoted headers and CRLF are supported (0.61122ms)
  ✔ missing, multiple and non-data values fail closed (0.390485ms)
  ✔ dotenv admits only the required names and never evaluates shell (0.461189ms)
✔ provided CSV is data only and maps exactly one credential pair without executing fields (2.072843ms)
▶ Q16 public-trust domain config keeps the SSH listener and schedules automatic renewal
  ✔ domain origin with loopback only (0.795662ms)
  ✔ renew twice daily without self-signed trust (0.489101ms)
✔ Q16 public-trust domain config keeps the SSH listener and schedules automatic renewal (2.151508ms)
▶ Q16 validates the actual certificate host, private key and remaining lifetime before replacement
  ✔ matching actual identity and key are accepted (0.931592ms)
  ✔ unrelated certificate is rejected (0.466086ms)
  ✔ mismatched private key is rejected (0.564391ms)
  ✔ expired certificate is rejected (0.330617ms)
✔ Q16 validates the actual certificate host, private key and remaining lifetime before replacement (117.927746ms)
✔ Q16 a failed Nginx validation restores both previous files and reloads the previous certificate (0.812917ms)
✔ Q16 explicitly uses Let's Encrypt DNSPod DNS-01 for the confirmed domain and no public listener (0.222618ms)
✔ Q15 server exposes only loopback HTTPS and preserves internal data network (0.353971ms)
✔ private Bootstrap credentials preserve the accepted seed JSON password field and exclude test fixtures (0.18982ms)
✔ operational schedules retain TLS verification, prevent overlap, and invoke only runtime tools (0.243188ms)
✔ server maintenance addresses only the authorized deployment and does not run test/build commands (0.385157ms)
✔ finished services restart automatically and have finite resource and log budgets (0.304909ms)
✔ deployment refuses every existing directory, including apparently empty ones (0.289146ms)
✔ PRD V049: actual disjoint union matches all projects, full titles and files (2.073073ms)
✔ PRD V049: original permitted capability skip may become a real pass (0.269667ms)
✔ PRD V049: reject missing (0.420699ms)
✔ PRD V049: reject duplicate across shards (0.50912ms)
✔ PRD V049: reject wrong project (0.305169ms)
✔ PRD V049: reject title whitespace changed (0.268796ms)
✔ PRD V049: reject file changed (0.536329ms)
✔ PRD V049: reject new skipped case (0.259452ms)
✔ PRD V049: reject retry hides initial failure (0.309366ms)
✔ PRD V049: reject failed result with green summary (0.450323ms)
✔ PRD V049: reject not executed (0.224029ms)
✔ PRD V049: reject worker error (0.738668ms)
✔ PRD V049: reject contradictory stats (0.146176ms)
✔ PRD V049: reject flaky summary (0.996968ms)
✔ PRD V049: reject empty shards (0.21766ms)
✔ PRD V049: reject empty or duplicate baseline instead of deriving expectations from results (0.273402ms)
✔ PRD V049: skip allowance must identify an actual baseline case (0.136731ms)
✔ PRD V049: a failed discovery report cannot define a smaller passing baseline (0.147708ms)
ℹ tests 447
ℹ suites 0
ℹ pass 447
ℹ fail 0
ℹ cancelled 0
ℹ skipped 0
ℹ todo 0
ℹ duration_ms 4597.762606
