✔ ADR14 reference candidates bind field action record and live authority (1.436593ms)
✔ ADR14 draft write minimum and history safe displays are explicit (0.28452ms)
✔ frozen record draft runtime and history methods are exact and actor guarded (0.287786ms)
✔ frozen record payloads and confirmations contain precise allowed values (0.221915ms)
✔ runtime and history expose only frozen safe DTO and record errors (0.193543ms)
✔ frozen application definition methods expose actual complete DTOs (3.142202ms)
✔ application candidate registers exact frozen incremental migration hashes (1.277081ms)
✔ frozen structure errors have stable status and recoverability (0.190137ms)
✔ appendix A exposes minimal owner-only member candidates and actual group labels (0.273454ms)
✔ appendix B marks optional negative actor constraint on every application method (0.412864ms)
✔ all shared OpenAPI references resolve (6.476656ms)
✔ appendix A.5 exposes minimal real department candidates (0.220344ms)
✔ API-CI-01: validator version is pinned in the frozen workspace lock (0.943998ms)
✔ API-CI-02: PR CI executes contract tests and 3.2.1 lint (0.142906ms)
✔ API-01: contract is OpenAPI 3.2.1 with the five authentication routes (1.273717ms)
✔ API-02: public writes and protected Cookie security match ADR-001/002 (1.094576ms)
✔ API-10: login delivers separate host cookies and protected writes require CSRF header (0.400275ms)
✔ API-03: creation, current session, logout and reset have precise statuses (0.245321ms)
✔ API-04: JSON envelope has exact required keys and no arbitrary top-level data (0.229988ms)
✔ API-05: registration and login require account/password; registration requires invitation (0.265111ms)
✔ API-06: published error table preserves accepted ADR mapping (0.420877ms)
✔ API-07: account rule preserves case and rejects internal ordinary spaces after trimming (0.163628ms)
✔ API-08: every declared response carries a server-issued request ID (2.681616ms)
✔ API-09: Alice and alice are distinct registrations and login lookups (0.307115ms)
✔ Q13: registration schema accepts only printable ASCII with four classes (1.278074ms)
✔ approved account length applies after ordinary-space trimming, not to raw input (0.414056ms)
✔ Q25 definition response accepts optional explicit empty templateIds and integer version (5.090709ms)
✔ Q25 response validator resolves pagination query without ignoring declared constraints (0.961454ms)
✔ Q25 invalid definition response integer, UUID and length fail independently (3.409617ms)
✔ Q25 template DTO optional relation array is registered in the executable contract (6.586532ms)
✔ Q25 all personnel operations are typed, Cookie protected and fail closed (0.988735ms)
✔ Q25 page pagination exception is explicit, bounded, and filtered server-side (0.183337ms)
✔ Q25 versions and explicit sets cannot mutate Root or directory ownership (0.624305ms)
✔ Q25 stable conflict/missing errors and invitation qualification are registered (0.261175ms)
✔ Q36 response oracle enforces draft capacity and payload bounds instead of ignoring extensions (15.010834ms)
✔ Q36 query responses retain paging and publish a session-owned opaque baseline (5.752381ms)
✔ Q36 both query views declare grouped AND/OR, field types and global bounds (0.464863ms)
✔ Q36 query changes, expiry and busy are distinguishable without repurposing old errors (0.194234ms)
✔ Q36 object checks remain and an exact draft version can be acknowledged on submission (0.149186ms)
✔ Q36 persistent personal drafts have explicit limits, conflict protection and no expiry (0.189406ms)
✔ Q36 approved POST searches carry object filters with route-local raw-body bounds and CSRF (1.775576ms)
✔ Q36 literal POST search response is not mistaken for a memberId route (4.891628ms)
✔ Q36 legacy GET has no complex filter/sort; draft raw wrapper budget exceeds canonical payload (0.300845ms)
✔ ADR008 personal table preset routes and three independent conflict codes (0.934514ms)
✔ ADR008 preset DTOs isolate ownership and freeze independent capacities (0.723464ms)
✔ Root V037: exact preview/action/status routes use existing Session and CSRF (1.804299ms)
✔ Root V037: exact closed action body and separate pending/final result shapes (0.397791ms)
✔ Root V037: stale task/basis and oversized real evidence have public safe conflicts (0.173052ms)
✔ Root publication HTTP separates durable acceptance from confirmed state (3.267914ms)
✔ Root publication request is closed and never accepts engine XML or receipt (0.22502ms)
✔ Root publication result exposes explicit pending unknown and terminal meanings (0.246223ms)
✔ V043 task Save is a bounded session-authenticated PATCH with confirmed record response (1.250191ms)
✔ V043 node Save body has no client-controlled actor or task permissions (0.169125ms)
✔ V043 preview documents visible editable intersection as bounded UUIDs (0.116806ms)
ℹ tests 54
ℹ suites 0
ℹ pass 54
ℹ fail 0
ℹ cancelled 0
ℹ skipped 0
ℹ todo 0
ℹ duration_ms 241.23027
