✔ ADR14 reference candidates bind field action record and live authority (1.620781ms)
✔ ADR14 draft write minimum and history safe displays are explicit (0.180403ms)
✔ frozen record draft runtime and history methods are exact and actor guarded (0.258031ms)
✔ frozen record payloads and confirmations contain precise allowed values (0.208035ms)
✔ runtime and history expose only frozen safe DTO and record errors (0.195055ms)
✔ frozen application definition methods expose actual complete DTOs (1.974867ms)
✔ application candidate registers exact frozen incremental migration hashes (1.185453ms)
✔ frozen structure errors have stable status and recoverability (0.201595ms)
✔ appendix A exposes minimal owner-only member candidates and actual group labels (0.268946ms)
✔ appendix B marks optional negative actor constraint on every application method (0.487027ms)
✔ all shared OpenAPI references resolve (7.565824ms)
✔ appendix A.5 exposes minimal real department candidates (0.410952ms)
✔ API-CI-01: validator version is pinned in the frozen workspace lock (1.981637ms)
✔ API-CI-02: PR CI executes contract tests and 3.2.1 lint (0.1787ms)
✔ API-01: contract is OpenAPI 3.2.1 with the five authentication routes (1.07103ms)
✔ API-02: public writes and protected Cookie security match ADR-001/002 (0.717115ms)
✔ API-10: login delivers separate host cookies and protected writes require CSRF header (0.361206ms)
✔ API-03: creation, current session, logout and reset have precise statuses (0.176156ms)
✔ API-04: JSON envelope has exact required keys and no arbitrary top-level data (0.137057ms)
✔ API-05: registration and login require account/password; registration requires invitation (0.137708ms)
✔ API-06: published error table preserves accepted ADR mapping (0.315207ms)
✔ API-07: account rule preserves case and rejects internal ordinary spaces after trimming (0.187844ms)
✔ API-08: every declared response carries a server-issued request ID (3.528837ms)
✔ API-09: Alice and alice are distinct registrations and login lookups (0.215676ms)
✔ Q13: registration schema accepts only printable ASCII with four classes (1.336291ms)
✔ approved account length applies after ordinary-space trimming, not to raw input (0.350931ms)
✔ Q25 definition response accepts optional explicit empty templateIds and integer version (5.232815ms)
✔ Q25 response validator resolves pagination query without ignoring declared constraints (0.792859ms)
✔ Q25 invalid definition response integer, UUID and length fail independently (3.698564ms)
✔ Q25 template DTO optional relation array is registered in the executable contract (4.730865ms)
✔ Q25 all personnel operations are typed, Cookie protected and fail closed (1.656175ms)
✔ Q25 page pagination exception is explicit, bounded, and filtered server-side (0.182936ms)
✔ Q25 versions and explicit sets cannot mutate Root or directory ownership (0.888033ms)
✔ Q25 stable conflict/missing errors and invitation qualification are registered (0.283079ms)
✔ Q36 response oracle enforces draft capacity and payload bounds instead of ignoring extensions (12.984559ms)
✔ Q36 query responses retain paging and publish a session-owned opaque baseline (1.355971ms)
✔ Q36 both query views declare grouped AND/OR, field types and global bounds (0.346113ms)
✔ Q36 query changes, expiry and busy are distinguishable without repurposing old errors (0.150248ms)
✔ Q36 object checks remain and an exact draft version can be acknowledged on submission (0.139921ms)
✔ Q36 persistent personal drafts have explicit limits, conflict protection and no expiry (0.23114ms)
✔ Q36 approved POST searches carry object filters with route-local raw-body bounds and CSRF (4.192922ms)
✔ Q36 literal POST search response is not mistaken for a memberId route (4.130267ms)
✔ Q36 legacy GET has no complex filter/sort; draft raw wrapper budget exceeds canonical payload (0.342658ms)
✔ ADR008 personal table preset routes and three independent conflict codes (0.93241ms)
✔ ADR008 preset DTOs isolate ownership and freeze independent capacities (0.930097ms)
✔ Root V037: exact preview/action/status routes use existing Session and CSRF (1.813193ms)
✖ Root V037: exact closed action body and separate pending/final result shapes (1.22941ms)
✔ Root V037: stale task/basis and oversized real evidence have public safe conflicts (0.15885ms)
✔ Root publication HTTP separates durable acceptance from confirmed state (1.909187ms)
✔ Root publication request is closed and never accepts engine XML or receipt (0.227234ms)
✔ Root publication result exposes explicit pending unknown and terminal meanings (0.270609ms)
ℹ tests 51
ℹ suites 0
ℹ pass 50
ℹ fail 1
ℹ cancelled 0
ℹ skipped 0
ℹ todo 0
ℹ duration_ms 258.135867

✖ failing tests:

test at contracts/workflow-actions.contract.test.mjs:20:1
✖ Root V037: exact closed action body and separate pending/final result shapes (1.22941ms)
  AssertionError [ERR_ASSERTION]: Expected values to be strictly deep-equal:
  + actual - expected
  
    [
      'basisToken',
      'task',
      'record',
      'fields',
  +   'editableFieldIds'
    ]
  
      at TestContext.<anonymous> (file:///workspace/scratch/75c2273f6a80/WeaveOS-worktrees/V030-043/contracts/workflow-actions.contract.test.mjs:26:9)
      at Test.runInAsyncScope (node:async_hooks:227:14)
      at Test.run (node:internal/test_runner/test:1382:25)
      at Test.processPendingSubtests (node:internal/test_runner/test:960:18)
      at Test.postRun (node:internal/test_runner/test:1522:19)
      at Test.run (node:internal/test_runner/test:1447:12)
      at async startSubtestAfterBootstrap (node:internal/test_runner/harness:387:3) {
    generatedMessage: true,
    code: 'ERR_ASSERTION',
    actual: [ 'basisToken', 'task', 'record', 'fields', 'editableFieldIds' ],
    expected: [ 'basisToken', 'task', 'record', 'fields' ],
    operator: 'deepStrictEqual',
    diff: 'simple'
  }
