✔ B2 CI: fixture creates a private dedicated socket database with no network/ports (6.853251ms)
✔ B2 CI: an existing state file is never overwritten (0.927694ms)
✔ B2 CI: partial startup failure is nonzero and removes only its own fixture (1.00693ms)
✔ B2 CI: successful cleanup removes its container/data/socket/state and is idempotent (0.729129ms)
✔ B2 CI: cleanup refuses wrongOwner (3.878452ms)
✔ B2 CI: cleanup refuses wrongNetwork (0.600249ms)
✔ B2 CI: cleanup refuses wrongMount (3.267687ms)
✔ B2 CI: cleanup failure is not swallowed and retains recoverable state (0.504397ms)
✔ B2 CI: cleanup refuses an outside root without any Docker action (0.51344ms)
✔ B2 CI: cleanup refuses symlink state and never touches its target (0.6483ms)
✔ B2 CI: bootstrap exports the dedicated URL and always-cleanup accepts the actual state (0.841296ms)
✔ B2 CI: bootstrap rejects unknown commands instead of silently succeeding (0.102893ms)
✔ B2 CI: Go job supplies the fixture before race tests with unconditional owned cleanup (0.227867ms)
✔ B2 CI: acceptance gives nested Go the dedicated URL and matching socket mount (2.414685ms)
✔ B2 CI: acceptance failure cleans B2 and preserves original product stop-only lifecycle (0.93192ms)
✔ B5a frozen HTTP routes, method sets and live Web Session are explicit (1.77622ms)
✔ B5a DTOs use exact closed fields and finite menu grants (0.328186ms)
✔ B5a six public error codes retain frozen HTTP status (0.338862ms)
✔ B5a new migrations have exact reviewed compatibility hashes and runtime role pin (0.860044ms)
✔ B5a.9: fixture preserves the exact approved PR21 legacy PLAN bytes (1.760217ms)
✔ B5a.9: a valid canonical task without an auxiliary document still passes (47.821158ms)
✔ B5a.9: exact registered and referenced PR21 auxiliary PLAN passes discovery (52.766139ms)
✔ B5a.9: known auxiliary path rejects replaced contents (44.336524ms)
✔ B5a.9: known auxiliary path rejects one-byte addition (49.615154ms)
✔ B5a.9: known auxiliary path rejects forged task metadata (38.681871ms)
✔ B5a.9: known auxiliary path rejects a complete second task (48.299851ms)
✔ B5a.9: auxiliary compatibility rejects missing canonical task (40.505421ms)
✔ B5a.9: auxiliary compatibility rejects missing canonical metadata (45.266711ms)
✔ B5a.9: auxiliary compatibility rejects duplicate canonical metadata (39.702552ms)
✔ B5a.9: auxiliary compatibility rejects invalid canonical JSON (52.038246ms)
✔ B5a.9: auxiliary compatibility rejects other task identity (41.363131ms)
✔ B5a.9: auxiliary compatibility rejects missing canonical owner (40.212137ms)
✔ B5a.9: auxiliary compatibility rejects wrong branch identity (48.015531ms)
✔ B5a.9: auxiliary compatibility rejects wrong worktree identity (41.228031ms)
✔ B5a.9: auxiliary compatibility rejects invalid canonical scope (43.307644ms)
✔ B5a.9: auxiliary compatibility rejects empty canonical scope (37.105379ms)
✔ B5a.9: auxiliary compatibility rejects unregistered auxiliary scope (43.920896ms)
✔ B5a.9: auxiliary compatibility rejects a scope path that merely shares the prefix (40.531602ms)
✔ B5a.9: auxiliary compatibility rejects missing canonical reference (40.361117ms)
✔ B5a.9: auxiliary compatibility rejects a reference to a different PLAN (39.655982ms)
✔ B5a.9: auxiliary compatibility rejects incomplete ready canonical task (44.418656ms)
✔ B5a.9: auxiliary compatibility rejects a prematurely accepted canonical task (36.614949ms)
✔ B5a.9: legacy exception does not admit similar or malformed name V010-021-PLAN.md (43.139641ms)
✔ B5a.9: legacy exception does not admit similar or malformed name V030-020-PLAN.md (37.126036ms)
✔ B5a.9: legacy exception does not admit similar or malformed name V020-020-PLAN.md (34.882033ms)
✔ B5a.9: legacy exception does not admit similar or malformed name V999-020-PLAN.md (38.839925ms)
✔ B5a.9: legacy exception does not admit similar or malformed name V010-20-PLAN.md (41.18056ms)
✔ B5a.9: legacy exception does not admit similar or malformed name V010-0020-PLAN.md (44.740872ms)
✔ B5a.9: legacy exception does not admit similar or malformed name v010-020-PLAN.md (41.29869ms)
✔ B5a.9: legacy exception does not admit similar or malformed name V010-020-plan.md (37.526999ms)
✔ B5a.9: legacy exception does not admit similar or malformed name V010-020-PLAN-copy.md (44.149943ms)
✔ B5a.9: legacy exception does not admit similar or malformed name V010-020-PLAN.md.md (40.476688ms)
✔ B5a.9: an approved auxiliary does not conceal an additional fake task document (33.07734ms)
✔ B5a.9: auxiliary filename and content remain unsuitable as a canonical task (0.582493ms)
✔ B5a.9: auxiliary compatibility cannot supply cleanup completion or a fake task identity (1.861978ms)
✔ FND-03: CI runs real Go validation and browser tests (0.904128ms)
✔ FND-03: product acceptance and artifacts are explicit, not fake deploys (0.223ms)
✔ FND-04: web entry is real React with no fabricated login UI (0.235649ms)
✔ FND-05: CI retains a source bundle without bundling local credentials (0.234677ms)
✔ FND-05: RED replay metadata pins the real pre-implementation source (0.357309ms)
✔ release: all mandatory evidence present is structurally ready (1.591587ms)
✔ release: a missing or empty matrix is not a pass (0.205364ms)
✔ release: pending, skipped, failed and blocked are never passed (0.252754ms)
✔ release: missing evidence, owner or duplicate IDs are rejected (0.198354ms)
✔ remote cleanup: matching accepted remote branch can be removed (1.815739ms)
✔ remote cleanup: no remote branch remains a successful idempotent state (0.963146ms)
✔ remote cleanup: refuse unmerged (0.211984ms)
✔ remote cleanup: refuse unfinished document (0.132576ms)
✔ remote cleanup: refuse new remote commit (0.128941ms)
✔ remote cleanup: refuse unverified squash (0.132245ms)
✔ remote cleanup: refuse offline snapshot (0.105326ms)
✔ local cleanup: removed remote does not erase valid local identity (0.102152ms)
✔ local cleanup: matching refs retain identity (0.169962ms)
✔ local cleanup: divergent refs cannot hide new work (0.175079ms)
✔ Root R03: every approved migration is registered once with its actual source digest (2.088001ms)
✔ Root R03: prior reviewed migration registrations retain their exact paths and hashes (0.856649ms)
✔ Root R03: the new cold audit registration precedes all dependent hot registrations (0.233095ms)
✔ FND-02: parse a valid task and retain identity (2.727358ms)
✔ FND-02: malformed or duplicate metadata is rejected (0.374013ms)
✔ FND-02: a ready task with incomplete acceptance is invalid (0.291031ms)
✔ FND-02: no checkboxes is not proof of completion (0.186065ms)
✔ FND-02: mismatched branch, worktree and unsafe paths are rejected (0.273796ms)
✔ FND-02: accepted cannot be asserted before remote verification (0.193867ms)
✔ FND-02: complete remote main document + merged PR permits cleanup despite squash ancestry (0.347474ms)
✔ FND-02: refuse cleanup for offline snapshot (0.191654ms)
✔ FND-02: refuse cleanup for missing remote document (0.155039ms)
✔ FND-02: refuse cleanup for unfinished document (0.217051ms)
✔ FND-02: refuse cleanup for wrong task identity (0.154809ms)
✔ FND-02: refuse cleanup for unmerged PR (0.17613ms)
✔ FND-02: refuse cleanup for wrong merge base (3.375217ms)
✔ FND-02: refuse cleanup for different repository (0.124404ms)
✔ FND-02: refuse cleanup for other task branch (0.143943ms)
✔ FND-02: refuse cleanup for post-merge commit (1.127129ms)
✔ FND-02: refuse cleanup for dirty worktree (0.118596ms)
✔ FND-02: refuse cleanup for squash not in remote main (0.099277ms)
✔ FND-02: acceptance remains true after the task branch/worktree were cleaned (0.48681ms)
✔ FND-02: local completion without a merged PR is not accepted (0.174719ms)
✔ B0: V010 and V030 metadata and mixed approved dependencies remain valid (2.242029ms)
✔ B0: malformed/injected ID is rejected without throwing #0 (0.778883ms)
✔ B0: malformed/injected ID is rejected without throwing #1 (0.905691ms)
✔ B0: malformed/injected ID is rejected without throwing #2 (0.134099ms)
✔ B0: malformed/injected ID is rejected without throwing #3 (0.127889ms)
✔ B0: malformed/injected ID is rejected without throwing #4 (0.118135ms)
✔ B0: malformed/injected ID is rejected without throwing #5 (0.091756ms)
✔ B0: malformed/injected ID is rejected without throwing #6 (0.409576ms)
✔ B0: malformed/injected ID is rejected without throwing #7 (0.122662ms)
✔ B0: malformed/injected ID is rejected without throwing #8 (0.289409ms)
✔ B0: malformed/injected ID is rejected without throwing #9 (0.114119ms)
✔ B0: malformed/injected ID is rejected without throwing #10 (0.06104ms)
✔ B0: malformed/injected ID is rejected without throwing #11 (0.043745ms)
✔ B0: malformed/injected ID is rejected without throwing #12 (0.070644ms)
✔ B0: malformed/injected ID is rejected without throwing #13 (0.046539ms)
✔ B0: malformed/injected ID is rejected without throwing #14 (0.043755ms)
✔ B0: malformed/injected ID is rejected without throwing #15 (0.036094ms)
✔ B0: malformed/injected ID is rejected without throwing #16 (0.034881ms)
✔ B0: malformed/injected ID is rejected without throwing #17 (0.034461ms)
✔ B0: malformed/injected ID is rejected without throwing #18 (0.038657ms)
✔ B0: malformed/injected ID is rejected without throwing #19 (0.032858ms)
✔ B0: malformed/injected ID is rejected without throwing #20 (0.034641ms)
✔ B0: malformed/injected ID is rejected without throwing #21 (0.036024ms)
✔ B0: malformed/injected ID is rejected without throwing #22 (0.035964ms)
✔ B0: malformed/injected ID is rejected without throwing #23 (0.034671ms)
✔ B0: malformed/injected ID is rejected without throwing #24 (0.032318ms)
✔ B0: malformed/injected ID is rejected without throwing #25 (0.032568ms)
✔ B0: same task number in another version cannot satisfy branch/worktree identity (0.156051ms)
✔ B0: V030 retains unsafe-path, incomplete, no-PR and premature-acceptance guards (0.242749ms)
✔ B0: complete matching V030 permits the same acceptance/cleanup decisions as V010 (0.66189ms)
✔ B0: V030 acceptance and cleanup reject offline (0.22334ms)
✔ B0: V030 acceptance and cleanup reject unfinished (0.126227ms)
✔ B0: V030 acceptance and cleanup reject other version (0.102662ms)
✔ B0: V030 acceptance and cleanup reject unmerged (0.220967ms)
✔ B0: V030 acceptance and cleanup reject wrong base (0.117273ms)
✔ B0: V030 acceptance and cleanup reject wrong repository (0.089853ms)
✔ B0: V030 acceptance and cleanup reject wrong version PR (0.073989ms)
✔ B0: V030 cleanup still rejects dirty, changed-tip and unverified squash states (0.202791ms)
✔ B0: task discovery validates V030 documents instead of silently skipping them (49.87957ms)
✔ B0: discovered same-number metadata from another version is rejected (44.251397ms)
✔ B0: malformed and unsupported version-task filenames cannot disappear from discovery (126.130516ms)
✔ B0: real Git diff verifies a valid V030 PR and an unchanged V010 PR rule (135.038098ms)
✔ B0: V030 PR scope rejects an unrelated changed path (65.165502ms)
✔ B0: a V010 PR cannot consume a same-number V030 task document (57.810978ms)
✔ B0: V030 branch syntax remains exact and cannot contain malformed slug or injection (239.318882ms)
✔ B0: V030 CLI passes ID parsing then uses exact remote task path in start dry-run (313.932982ms)
✔ B0: V030 ready task still cannot be restarted (201.752015ms)
✔ B0: malformed/injected CLI IDs stop before any Git/gh execution (661.781042ms)
✔ B0: remote helper recognizes V030 while retaining exact-head conditional deletion (289.639874ms)
✔ B0: remote helper never deletes an unmerged or other-version task (244.883914ms)
✔ maintenance is a nondefault one-shot profile in runtime and installed config (1.797571ms)
✔ hourly cron invokes the same single-run operation as manual maintenance (0.278442ms)
✔ receiver rejects unreviewed profile/command/restart and topology mutations (0.636432ms)
✔ ordinary release cannot silently upgrade the installed resident maintenance topology (0.362266ms)
✔ one-shot orchestration records success without raw output (3.105167ms)
✔ one-shot orchestration records failure without raw output (0.508252ms)
✔ memory probe samples the four resident containers, not the exited task (41.647732ms)
✔ Q18 accepts declared compatible expansion but rejects history rewrite, missing approval and stale releases (2.600089ms)
✔ Q18 deployment only changes approved runtime config and exact images, retaining private volumes and origin (3.045544ms)
✔ approved config cannot include other host compose files, weaken service confinement or join external networks (0.831181ms)
✔ public Nginx rendering preserves API boundary and creates fixed HTTPS redirect (0.499489ms)
✔ promotion validates and backs up before migration and records only a healthy deployment (0.328987ms)
✔ backup failure never migrates; activation or health failure restores prior app/config without Down (0.500932ms)
✔ main delivery runs verification and acceptance before a serialized secret-scoped deployment (0.382587ms)
✔ compatibility registry uses explicit digest records, rejects ambiguous duplicate approvals (0.282007ms)
✔ transport rejects undeclared content, checksum tampering, secret paths, invalid image identities and oversized payloads (2.09394ms)
✔ framed receiver verifies every byte and rejects truncated, appended and corrupt images (5.759667ms)
✔ four kinds are stored by explicit natural day and only safe fields survive (21.515035ms)
✔ retention dry-run selects only approved kinds and inclusive natural-day cutoff (2.347186ms)
✔ symlinked category and destination file cannot escape the log root (0.925781ms)
✔ Q20 actual cleanup removes only days older than the approved inclusive 30-day window (4.129103ms)
✔ Q20 rejects nonapproved destructive parameters and preflights all paths before deleting (0.961213ms)
✔ Q20 installed policy accepts exactly confirmed deletion parameters and schedules bounded daily cleanup (0.921775ms)
✔ Q20 cleanup is daily and shares the collection lock (0.195078ms)
✔ FR06 common rules render local and public explicit environments (1.350941ms)
✔ FR06 explicit parameters reject config injection and invalid HSTS scope (0.348116ms)
✔ certificate task logs fixed outcomes without persisting raw command secrets (1.620289ms)
✔ collector records access stdout and application stderr, advances window, and excludes raw text (15.664533ms)
✔ approved explicit config connects operation records and collector is scheduled without deletion (0.772574ms)
✔ collector and Q20 cleanup are scheduled with the same overlap protection (0.233716ms)
✔ failed docker collection does not advance cursor or publish raw diagnostics (1.123373ms)
✔ unexpected HTTP method cannot stall collection or persist arbitrary method text (0.625166ms)
✔ Q25 cold audit migration precedes hot migration: infra/acceptance/run.mjs (0.832483ms)
✔ Q25 cold audit migration precedes hot migration: infra/runtime/run.mjs (0.134509ms)
✔ Q25 cold audit migration precedes hot migration: .github/workflows/ci.yml (0.127419ms)
✔ Q25 cold audit migration precedes hot migration: infra/server/deploy/receive.mjs (0.092697ms)
✔ acceptance component count derives from the actual Playwright report (0.269259ms)
✔ Q25 personnel API regression is included in the real HTTPS entrypoint (0.164103ms)
✔ Q25 pinned role upgrade is executed with real PostgreSQL by the product workflow (0.165926ms)
✔ Q25 compatibility manifest records each new reviewed immutable migration (0.643473ms)
✔ GOV-01..04: valid repository passes without mutation (3.645097ms)
✔ GOV-01: missing file fails with its path (1.673558ms)
✔ GOV-01: whitespace-only required file is not valid (1.950268ms)
✔ GOV-02: deleting each hard-rule marker fails (3.364852ms)
✔ GOV-03: malformed JSON is reported, not thrown (1.51978ms)
✔ GOV-03: incorrect version and project fail (1.485199ms)
✔ GOV-03: impossible calendar date fails (0.967662ms)
✔ GOV-03: empty sources and non-object registry fail (1.008763ms)
✔ GOV-03: duplicate keys and page IDs fail (1.031608ms)
✔ GOV-03: external or mismatched source URLs fail (1.230582ms)
✔ GOV-03: missing metadata and malformed page ID fail (1.115051ms)
✔ GOV-03: unknown, duplicate and empty route references fail (1.587821ms)
✔ GOV-03: mandatory routes and always/product anchors cannot disappear (1.170663ms)
✔ GOV-04: nested instruction override fails (0.829879ms)
✔ GOV-04: generated/dependency directories are ignored (0.829888ms)
✔ GOV-01: nonexistent root reports errors (0.410868ms)
✔ CLI: valid repository exits zero (34.386996ms)
✔ CLI: invalid repository exits one and explains failure (34.328563ms)
✔ public HTTPS exposes only edge ports and preserves private data, images and input (5.727521ms)
✔ public access rejects untrusted TLS while default deployment stays private (0.442064ms)
✔ HTTP redirects all paths to the fixed HTTPS origin without trusting Host (0.347455ms)
✔ public TLS preserves same-origin API, non-cacheable auth and trusted proxy boundary (0.237932ms)
✔ existing loopback health and DNS-01 renewal still work independently of public DNS (0.382386ms)
✔ API actual TAP report counts every passed case (1.037307ms)
✔ API failed, skipped, truncated and contradictory reports cannot publish success (0.47266ms)
✔ browser counts come from the successful complete JSON report (0.962826ms)
✔ browser failure, flakiness, skips and empty reports cannot publish success (0.251662ms)
✔ real API/browser reports drive the published counts: infra/acceptance/run.mjs (0.375626ms)
✔ real API/browser reports drive the published counts: infra/runtime/run.mjs (0.158985ms)
✔ ACME runner fixes operations, passes credentials only in environment and reports sanitized failure (2.373074ms)
✔ certificate activation verifies system trust before file replacement and validates Nginx before reload (54.527735ms)
✔ domain health verifies hostname with default trust while reaching only the SSH loopback endpoint (0.307686ms)
✔ domain health fixes IPv4 so Node never requests an all-address lookup result (0.163772ms)
▶ provided CSV is data only and maps exactly one credential pair without executing fields
  ✔ BOM, quoted headers and CRLF are supported (0.41882ms)
  ✔ missing, multiple and non-data values fail closed (0.381495ms)
  ✔ dotenv admits only the required names and never evaluates shell (0.287055ms)
✔ provided CSV is data only and maps exactly one credential pair without executing fields (1.698986ms)
▶ Q16 public-trust domain config keeps the SSH listener and schedules automatic renewal
  ✔ domain origin with loopback only (0.393983ms)
  ✔ renew twice daily without self-signed trust (0.353143ms)
✔ Q16 public-trust domain config keeps the SSH listener and schedules automatic renewal (1.95205ms)
▶ Q16 validates the actual certificate host, private key and remaining lifetime before replacement
  ✔ matching actual identity and key are accepted (1.113158ms)
  ✔ unrelated certificate is rejected (0.454924ms)
  ✔ mismatched private key is rejected (0.589864ms)
  ✔ expired certificate is rejected (0.898981ms)
✔ Q16 validates the actual certificate host, private key and remaining lifetime before replacement (79.235371ms)
✔ Q16 a failed Nginx validation restores both previous files and reloads the previous certificate (0.981944ms)
✔ Q16 explicitly uses Let's Encrypt DNSPod DNS-01 for the confirmed domain and no public listener (0.272674ms)
✔ Q15 server exposes only loopback HTTPS and preserves internal data network (0.3444ms)
✔ private Bootstrap credentials preserve the accepted seed JSON password field and exclude test fixtures (0.231032ms)
✔ operational schedules retain TLS verification, prevent overlap, and invoke only runtime tools (0.336899ms)
✔ server maintenance addresses only the authorized deployment and does not run test/build commands (0.488764ms)
✔ finished services restart automatically and have finite resource and log budgets (0.374485ms)
✔ deployment refuses every existing directory, including apparently empty ones (0.5408ms)
ℹ tests 240
ℹ suites 0
ℹ pass 240
ℹ fail 0
ℹ cancelled 0
ℹ skipped 0
ℹ todo 0
ℹ duration_ms 2735.645529
