fixture network internal=true
fixture published ports={}
[INFO] Scanning for projects...
[INFO] 
[INFO] --------------------< org.weaveos:workflow-engine >---------------------
[INFO] Building WeaveOS controlled workflow engine core 0.3.0-SNAPSHOT
[INFO]   from pom.xml
[INFO] --------------------------------[ jar ]---------------------------------
[INFO] 
[INFO] --- resources:3.3.1:resources (default-resources) @ workflow-engine ---
[INFO] skip non existing resourceDirectory /proof/src/main/resources
[INFO] skip non existing resourceDirectory /proof/src/main/resources
[INFO] 
[INFO] --- compiler:3.14.1:compile (default-compile) @ workflow-engine ---
[INFO] Nothing to compile - all classes are up to date.
[INFO] 
[INFO] --- resources:3.3.1:testResources (default-testResources) @ workflow-engine ---
[INFO] Copying 6 resources from src/test/resources to target/test-classes
[INFO] 
[INFO] --- compiler:3.14.1:testCompile (default-testCompile) @ workflow-engine ---
[INFO] Nothing to compile - all classes are up to date.
[INFO] 
[INFO] --- dependency:3.9.0:build-classpath (default-cli) @ workflow-engine ---
[INFO] Skipped writing classpath file '/proof/.work/rpc-classpath'.  No changes found.
[INFO] ------------------------------------------------------------------------
[INFO] BUILD SUCCESS
[INFO] ------------------------------------------------------------------------
[INFO] Total time:  1.107 s
[INFO] Finished at: 2026-10-05T10:19:55Z
[INFO] ------------------------------------------------------------------------
fixture published ports={}
{"Time":"2026-10-05T10:19:59.524168422Z","Action":"start","Package":"github.com/Hubujiu/WeaveOS/services/bff/internal/workflowrpc"}
{"Time":"2026-10-05T10:19:59.541489642Z","Action":"run","Package":"github.com/Hubujiu/WeaveOS/services/bff/internal/workflowrpc","Test":"TestRootGoJavaPostgresExecutionLifecycleInterop"}
{"Time":"2026-10-05T10:19:59.54152199Z","Action":"output","Package":"github.com/Hubujiu/WeaveOS/services/bff/internal/workflowrpc","Test":"TestRootGoJavaPostgresExecutionLifecycleInterop","Output":"=== RUN   TestRootGoJavaPostgresExecutionLifecycleInterop\n","OutputType":"frame"}
{"Time":"2026-10-05T10:20:00.451082332Z","Action":"output","Package":"github.com/Hubujiu/WeaveOS/services/bff/internal/workflowrpc","Test":"TestRootGoJavaPostgresExecutionLifecycleInterop","Output":"    execution_interop_root_test.go:129: isolated deployment/start/replay/5 approvals/lookups elapsed=908.548113ms\n"}
{"Time":"2026-10-05T10:20:00.451601431Z","Action":"output","Package":"github.com/Hubujiu/WeaveOS/services/bff/internal/workflowrpc","Test":"TestRootGoJavaPostgresExecutionLifecycleInterop","Output":"--- PASS: TestRootGoJavaPostgresExecutionLifecycleInterop (0.91s)\n","OutputType":"frame"}
{"Time":"2026-10-05T10:20:00.451606238Z","Action":"pass","Package":"github.com/Hubujiu/WeaveOS/services/bff/internal/workflowrpc","Test":"TestRootGoJavaPostgresExecutionLifecycleInterop","Elapsed":0.91}
{"Time":"2026-10-05T10:20:00.451618466Z","Action":"run","Package":"github.com/Hubujiu/WeaveOS/services/bff/internal/workflowrpc","Test":"TestRootGoJavaPostgresExecutionCancellationInterop"}
{"Time":"2026-10-05T10:20:00.451620299Z","Action":"output","Package":"github.com/Hubujiu/WeaveOS/services/bff/internal/workflowrpc","Test":"TestRootGoJavaPostgresExecutionCancellationInterop","Output":"=== RUN   TestRootGoJavaPostgresExecutionCancellationInterop\n","OutputType":"frame"}
{"Time":"2026-10-05T10:20:00.510634866Z","Action":"output","Package":"github.com/Hubujiu/WeaveOS/services/bff/internal/workflowrpc","Test":"TestRootGoJavaPostgresExecutionCancellationInterop","Output":"--- PASS: TestRootGoJavaPostgresExecutionCancellationInterop (0.06s)\n","OutputType":"frame"}
{"Time":"2026-10-05T10:20:00.510680955Z","Action":"pass","Package":"github.com/Hubujiu/WeaveOS/services/bff/internal/workflowrpc","Test":"TestRootGoJavaPostgresExecutionCancellationInterop","Elapsed":0.06}
{"Time":"2026-10-05T10:20:00.510688015Z","Action":"run","Package":"github.com/Hubujiu/WeaveOS/services/bff/internal/workflowrpc","Test":"TestRootGoJavaPostgresExecutionReturnAndWithdrawInterop"}
{"Time":"2026-10-05T10:20:00.510689718Z","Action":"output","Package":"github.com/Hubujiu/WeaveOS/services/bff/internal/workflowrpc","Test":"TestRootGoJavaPostgresExecutionReturnAndWithdrawInterop","Output":"=== RUN   TestRootGoJavaPostgresExecutionReturnAndWithdrawInterop\n","OutputType":"frame"}
{"Time":"2026-10-05T10:20:00.771765578Z","Action":"output","Package":"github.com/Hubujiu/WeaveOS/services/bff/internal/workflowrpc","Test":"TestRootGoJavaPostgresExecutionReturnAndWithdrawInterop","Output":"--- PASS: TestRootGoJavaPostgresExecutionReturnAndWithdrawInterop (0.26s)\n","OutputType":"frame"}
{"Time":"2026-10-05T10:20:00.771799248Z","Action":"pass","Package":"github.com/Hubujiu/WeaveOS/services/bff/internal/workflowrpc","Test":"TestRootGoJavaPostgresExecutionReturnAndWithdrawInterop","Elapsed":0.26}
{"Time":"2026-10-05T10:20:00.771811035Z","Action":"output","Package":"github.com/Hubujiu/WeaveOS/services/bff/internal/workflowrpc","Output":"PASS\n","OutputType":"frame"}
{"Time":"2026-10-05T10:20:00.775370005Z","Action":"pass","Package":"github.com/Hubujiu/WeaveOS/services/bff/internal/workflowrpc","Elapsed":1.251}
10:19:58.868 [main] INFO org.flowable.common.engine.impl.async.DefaultAsyncTaskExecutor -- Creating thread pool queue of size 100
10:19:58.871 [main] INFO org.flowable.common.engine.impl.async.DefaultAsyncTaskExecutor -- Creating thread factory with naming pattern flowable-async-task-invoker-thread-%d
10:19:58.872 [main] INFO org.flowable.common.engine.impl.async.DefaultAsyncTaskExecutor -- Creating executor service with corePoolSize 8, maxPoolSize 8 and keepAliveTime 5000
10:19:58.873 [main] INFO org.flowable.common.engine.impl.async.DefaultAsyncTaskExecutor -- Using rejectedExecutionHandler java.util.concurrent.ThreadPoolExecutor$CallerRunsPolicy@15dd5ac2
10:19:58.873 [main] INFO org.flowable.common.engine.impl.async.DefaultAsyncTaskExecutor -- Creating thread pool queue of size 2048
10:19:58.873 [main] INFO org.flowable.common.engine.impl.async.DefaultAsyncTaskExecutor -- Creating thread factory with naming pattern flowable-async-job-executor-thread-%d
10:19:58.873 [main] INFO org.flowable.common.engine.impl.async.DefaultAsyncTaskExecutor -- Creating executor service with corePoolSize 8, maxPoolSize 8 and keepAliveTime 5000
10:19:58.917 [main] INFO org.flowable.common.engine.impl.db.CommonDbSchemaManager -- performing create on common with resource org/flowable/common/db/create/flowable.postgres.create.common.sql
10:19:58.982 [main] INFO org.flowable.engine.impl.db.ProcessDbSchemaManager -- performing create on engine with resource org/flowable/db/create/flowable.postgres.create.engine.sql
10:19:59.024 [main] INFO org.flowable.engine.impl.db.ProcessDbSchemaManager -- performing create on history with resource org/flowable/db/create/flowable.postgres.create.history.sql
10:19:59.038 [main] INFO org.flowable.engine.impl.ProcessEngineImpl -- ProcessEngine default created
10:19:59.072 [main] INFO org.flowable.engine.impl.cmd.ValidateV5EntitiesCmd -- Total of v5 deployments found: 0
