postgres (PostgreSQL) 18.6 (Debian 18.6-1.pgdg13+2)
fixture published ports={}
fixture network internal=true
[INFO] Scanning for projects...
[INFO] 
[INFO] --------------------< org.weaveos:workflow-engine >---------------------
[INFO] Building WeaveOS controlled workflow engine core 0.3.0-SNAPSHOT
[INFO]   from pom.xml
[INFO] --------------------------------[ jar ]---------------------------------
[INFO] 
[INFO] --- clean:3.5.0:clean (default-clean) @ workflow-engine ---
[INFO] Deleting /proof/target
[INFO] 
[INFO] --- resources:3.3.1:resources (default-resources) @ workflow-engine ---
[INFO] skip non existing resourceDirectory /proof/src/main/resources
[INFO] skip non existing resourceDirectory /proof/src/main/resources
[INFO] 
[INFO] --- compiler:3.14.1:compile (default-compile) @ workflow-engine ---
[INFO] Recompiling the module because of changed source code.
[INFO] Compiling 29 source files with javac [debug parameters release 17] to target/classes
[INFO] 
[INFO] --- resources:3.3.1:testResources (default-testResources) @ workflow-engine ---
[INFO] Copying 6 resources from src/test/resources to target/test-classes
[INFO] 
[INFO] --- compiler:3.14.1:testCompile (default-testCompile) @ workflow-engine ---
[INFO] Recompiling the module because of changed dependency.
[INFO] Compiling 8 source files with javac [debug parameters release 17] to target/test-classes
[INFO] 
[INFO] --- surefire:3.5.4:test (default-test) @ workflow-engine ---
[INFO] Using auto detected provider org.apache.maven.surefire.junitplatform.JUnitPlatformProvider
[INFO] 
[INFO] -------------------------------------------------------
[INFO]  T E S T S
[INFO] -------------------------------------------------------
[INFO] Running org.weaveos.workflow.RootExecutionGrpcIT
10:19:02.368 [main] INFO org.flowable.common.engine.impl.async.DefaultAsyncTaskExecutor -- Creating thread pool queue of size 100
10:19:02.370 [main] INFO org.flowable.common.engine.impl.async.DefaultAsyncTaskExecutor -- Creating thread factory with naming pattern flowable-async-task-invoker-thread-%d
10:19:02.370 [main] INFO org.flowable.common.engine.impl.async.DefaultAsyncTaskExecutor -- Creating executor service with corePoolSize 8, maxPoolSize 8 and keepAliveTime 5000
10:19:02.370 [main] INFO org.flowable.common.engine.impl.async.DefaultAsyncTaskExecutor -- Using rejectedExecutionHandler java.util.concurrent.ThreadPoolExecutor$CallerRunsPolicy@79aee22a
10:19:02.371 [main] INFO org.flowable.common.engine.impl.async.DefaultAsyncTaskExecutor -- Creating thread pool queue of size 2048
10:19:02.371 [main] INFO org.flowable.common.engine.impl.async.DefaultAsyncTaskExecutor -- Creating thread factory with naming pattern flowable-async-job-executor-thread-%d
10:19:02.371 [main] INFO org.flowable.common.engine.impl.async.DefaultAsyncTaskExecutor -- Creating executor service with corePoolSize 8, maxPoolSize 8 and keepAliveTime 5000
10:19:02.401 [main] INFO org.flowable.common.engine.impl.db.CommonDbSchemaManager -- performing create on common with resource org/flowable/common/db/create/flowable.postgres.create.common.sql
10:19:02.463 [main] INFO org.flowable.engine.impl.db.ProcessDbSchemaManager -- performing create on engine with resource org/flowable/db/create/flowable.postgres.create.engine.sql
10:19:02.502 [main] INFO org.flowable.engine.impl.db.ProcessDbSchemaManager -- performing create on history with resource org/flowable/db/create/flowable.postgres.create.history.sql
10:19:02.514 [main] INFO org.flowable.engine.impl.ProcessEngineImpl -- ProcessEngine default created
10:19:02.555 [main] INFO org.flowable.engine.impl.cmd.ValidateV5EntitiesCmd -- Total of v5 deployments found: 0
10:19:03.501 [main] INFO org.flowable.common.engine.impl.async.DefaultAsyncTaskExecutor -- Creating thread pool queue of size 100
10:19:03.502 [main] INFO org.flowable.common.engine.impl.async.DefaultAsyncTaskExecutor -- Creating thread factory with naming pattern flowable-async-task-invoker-thread-%d
10:19:03.502 [main] INFO org.flowable.common.engine.impl.async.DefaultAsyncTaskExecutor -- Creating executor service with corePoolSize 8, maxPoolSize 8 and keepAliveTime 5000
10:19:03.502 [main] INFO org.flowable.common.engine.impl.async.DefaultAsyncTaskExecutor -- Using rejectedExecutionHandler java.util.concurrent.ThreadPoolExecutor$CallerRunsPolicy@3a209918
10:19:03.502 [main] INFO org.flowable.common.engine.impl.async.DefaultAsyncTaskExecutor -- Creating thread pool queue of size 2048
10:19:03.502 [main] INFO org.flowable.common.engine.impl.async.DefaultAsyncTaskExecutor -- Creating thread factory with naming pattern flowable-async-job-executor-thread-%d
10:19:03.502 [main] INFO org.flowable.common.engine.impl.async.DefaultAsyncTaskExecutor -- Creating executor service with corePoolSize 8, maxPoolSize 8 and keepAliveTime 5000
10:19:03.514 [main] INFO org.flowable.engine.impl.ProcessEngineImpl -- ProcessEngine default created
10:19:03.521 [main] INFO org.flowable.engine.impl.cmd.ValidateV5EntitiesCmd -- Total of v5 deployments found: 0
10:19:03.902 [main] INFO org.flowable.common.engine.impl.async.DefaultAsyncTaskExecutor -- Creating thread pool queue of size 100
10:19:03.902 [main] INFO org.flowable.common.engine.impl.async.DefaultAsyncTaskExecutor -- Creating thread factory with naming pattern flowable-async-task-invoker-thread-%d
10:19:03.902 [main] INFO org.flowable.common.engine.impl.async.DefaultAsyncTaskExecutor -- Creating executor service with corePoolSize 8, maxPoolSize 8 and keepAliveTime 5000
10:19:03.902 [main] INFO org.flowable.common.engine.impl.async.DefaultAsyncTaskExecutor -- Using rejectedExecutionHandler java.util.concurrent.ThreadPoolExecutor$CallerRunsPolicy@7cdb7fc
10:19:03.902 [main] INFO org.flowable.common.engine.impl.async.DefaultAsyncTaskExecutor -- Creating thread pool queue of size 2048
10:19:03.902 [main] INFO org.flowable.common.engine.impl.async.DefaultAsyncTaskExecutor -- Creating thread factory with naming pattern flowable-async-job-executor-thread-%d
10:19:03.902 [main] INFO org.flowable.common.engine.impl.async.DefaultAsyncTaskExecutor -- Creating executor service with corePoolSize 8, maxPoolSize 8 and keepAliveTime 5000
10:19:03.920 [main] INFO org.flowable.common.engine.impl.db.CommonDbSchemaManager -- performing create on common with resource org/flowable/common/db/create/flowable.postgres.create.common.sql
10:19:03.967 [main] INFO org.flowable.engine.impl.db.ProcessDbSchemaManager -- performing create on engine with resource org/flowable/db/create/flowable.postgres.create.engine.sql
10:19:04.003 [main] INFO org.flowable.engine.impl.db.ProcessDbSchemaManager -- performing create on history with resource org/flowable/db/create/flowable.postgres.create.history.sql
10:19:04.025 [main] INFO org.flowable.engine.impl.ProcessEngineImpl -- ProcessEngine default created
10:19:04.037 [main] INFO org.flowable.engine.impl.cmd.ValidateV5EntitiesCmd -- Total of v5 deployments found: 0
10:19:04.477 [main] INFO org.flowable.common.engine.impl.async.DefaultAsyncTaskExecutor -- Creating thread pool queue of size 100
10:19:04.478 [main] INFO org.flowable.common.engine.impl.async.DefaultAsyncTaskExecutor -- Creating thread factory with naming pattern flowable-async-task-invoker-thread-%d
10:19:04.478 [main] INFO org.flowable.common.engine.impl.async.DefaultAsyncTaskExecutor -- Creating executor service with corePoolSize 8, maxPoolSize 8 and keepAliveTime 5000
10:19:04.478 [main] INFO org.flowable.common.engine.impl.async.DefaultAsyncTaskExecutor -- Using rejectedExecutionHandler java.util.concurrent.ThreadPoolExecutor$CallerRunsPolicy@5dfd31f4
10:19:04.478 [main] INFO org.flowable.common.engine.impl.async.DefaultAsyncTaskExecutor -- Creating thread pool queue of size 2048
10:19:04.478 [main] INFO org.flowable.common.engine.impl.async.DefaultAsyncTaskExecutor -- Creating thread factory with naming pattern flowable-async-job-executor-thread-%d
10:19:04.478 [main] INFO org.flowable.common.engine.impl.async.DefaultAsyncTaskExecutor -- Creating executor service with corePoolSize 8, maxPoolSize 8 and keepAliveTime 5000
10:19:04.486 [main] INFO org.flowable.common.engine.impl.db.CommonDbSchemaManager -- performing create on common with resource org/flowable/common/db/create/flowable.postgres.create.common.sql
10:19:04.529 [main] INFO org.flowable.engine.impl.db.ProcessDbSchemaManager -- performing create on engine with resource org/flowable/db/create/flowable.postgres.create.engine.sql
10:19:04.559 [main] INFO org.flowable.engine.impl.db.ProcessDbSchemaManager -- performing create on history with resource org/flowable/db/create/flowable.postgres.create.history.sql
10:19:04.571 [main] INFO org.flowable.engine.impl.ProcessEngineImpl -- ProcessEngine default created
10:19:04.578 [main] INFO org.flowable.engine.impl.cmd.ValidateV5EntitiesCmd -- Total of v5 deployments found: 0
10:19:04.965 [main] INFO org.flowable.common.engine.impl.async.DefaultAsyncTaskExecutor -- Creating thread pool queue of size 100
10:19:04.965 [main] INFO org.flowable.common.engine.impl.async.DefaultAsyncTaskExecutor -- Creating thread factory with naming pattern flowable-async-task-invoker-thread-%d
10:19:04.965 [main] INFO org.flowable.common.engine.impl.async.DefaultAsyncTaskExecutor -- Creating executor service with corePoolSize 8, maxPoolSize 8 and keepAliveTime 5000
10:19:04.965 [main] INFO org.flowable.common.engine.impl.async.DefaultAsyncTaskExecutor -- Using rejectedExecutionHandler java.util.concurrent.ThreadPoolExecutor$CallerRunsPolicy@b3fc6d8
10:19:04.965 [main] INFO org.flowable.common.engine.impl.async.DefaultAsyncTaskExecutor -- Creating thread pool queue of size 2048
10:19:04.965 [main] INFO org.flowable.common.engine.impl.async.DefaultAsyncTaskExecutor -- Creating thread factory with naming pattern flowable-async-job-executor-thread-%d
10:19:04.965 [main] INFO org.flowable.common.engine.impl.async.DefaultAsyncTaskExecutor -- Creating executor service with corePoolSize 8, maxPoolSize 8 and keepAliveTime 5000
10:19:04.972 [main] INFO org.flowable.common.engine.impl.db.CommonDbSchemaManager -- performing create on common with resource org/flowable/common/db/create/flowable.postgres.create.common.sql
10:19:05.009 [main] INFO org.flowable.engine.impl.db.ProcessDbSchemaManager -- performing create on engine with resource org/flowable/db/create/flowable.postgres.create.engine.sql
10:19:05.038 [main] INFO org.flowable.engine.impl.db.ProcessDbSchemaManager -- performing create on history with resource org/flowable/db/create/flowable.postgres.create.history.sql
10:19:05.046 [main] INFO org.flowable.engine.impl.ProcessEngineImpl -- ProcessEngine default created
10:19:05.054 [main] INFO org.flowable.engine.impl.cmd.ValidateV5EntitiesCmd -- Total of v5 deployments found: 0
10:19:05.423 [main] INFO org.flowable.common.engine.impl.async.DefaultAsyncTaskExecutor -- Creating thread pool queue of size 100
10:19:05.423 [main] INFO org.flowable.common.engine.impl.async.DefaultAsyncTaskExecutor -- Creating thread factory with naming pattern flowable-async-task-invoker-thread-%d
10:19:05.423 [main] INFO org.flowable.common.engine.impl.async.DefaultAsyncTaskExecutor -- Creating executor service with corePoolSize 8, maxPoolSize 8 and keepAliveTime 5000
10:19:05.423 [main] INFO org.flowable.common.engine.impl.async.DefaultAsyncTaskExecutor -- Using rejectedExecutionHandler java.util.concurrent.ThreadPoolExecutor$CallerRunsPolicy@5ab63a04
10:19:05.423 [main] INFO org.flowable.common.engine.impl.async.DefaultAsyncTaskExecutor -- Creating thread pool queue of size 2048
10:19:05.423 [main] INFO org.flowable.common.engine.impl.async.DefaultAsyncTaskExecutor -- Creating thread factory with naming pattern flowable-async-job-executor-thread-%d
10:19:05.423 [main] INFO org.flowable.common.engine.impl.async.DefaultAsyncTaskExecutor -- Creating executor service with corePoolSize 8, maxPoolSize 8 and keepAliveTime 5000
10:19:05.432 [main] INFO org.flowable.common.engine.impl.db.CommonDbSchemaManager -- performing create on common with resource org/flowable/common/db/create/flowable.postgres.create.common.sql
10:19:05.468 [main] INFO org.flowable.engine.impl.db.ProcessDbSchemaManager -- performing create on engine with resource org/flowable/db/create/flowable.postgres.create.engine.sql
10:19:05.496 [main] INFO org.flowable.engine.impl.db.ProcessDbSchemaManager -- performing create on history with resource org/flowable/db/create/flowable.postgres.create.history.sql
10:19:05.504 [main] INFO org.flowable.engine.impl.ProcessEngineImpl -- ProcessEngine default created
10:19:05.511 [main] INFO org.flowable.engine.impl.cmd.ValidateV5EntitiesCmd -- Total of v5 deployments found: 0
10:19:05.877 [main] INFO org.flowable.common.engine.impl.async.DefaultAsyncTaskExecutor -- Creating thread pool queue of size 100
10:19:05.877 [main] INFO org.flowable.common.engine.impl.async.DefaultAsyncTaskExecutor -- Creating thread factory with naming pattern flowable-async-task-invoker-thread-%d
10:19:05.877 [main] INFO org.flowable.common.engine.impl.async.DefaultAsyncTaskExecutor -- Creating executor service with corePoolSize 8, maxPoolSize 8 and keepAliveTime 5000
10:19:05.877 [main] INFO org.flowable.common.engine.impl.async.DefaultAsyncTaskExecutor -- Using rejectedExecutionHandler java.util.concurrent.ThreadPoolExecutor$CallerRunsPolicy@5df92089
10:19:05.877 [main] INFO org.flowable.common.engine.impl.async.DefaultAsyncTaskExecutor -- Creating thread pool queue of size 2048
10:19:05.877 [main] INFO org.flowable.common.engine.impl.async.DefaultAsyncTaskExecutor -- Creating thread factory with naming pattern flowable-async-job-executor-thread-%d
10:19:05.877 [main] INFO org.flowable.common.engine.impl.async.DefaultAsyncTaskExecutor -- Creating executor service with corePoolSize 8, maxPoolSize 8 and keepAliveTime 5000
10:19:05.886 [main] INFO org.flowable.common.engine.impl.db.CommonDbSchemaManager -- performing create on common with resource org/flowable/common/db/create/flowable.postgres.create.common.sql
10:19:05.927 [main] INFO org.flowable.engine.impl.db.ProcessDbSchemaManager -- performing create on engine with resource org/flowable/db/create/flowable.postgres.create.engine.sql
10:19:05.959 [main] INFO org.flowable.engine.impl.db.ProcessDbSchemaManager -- performing create on history with resource org/flowable/db/create/flowable.postgres.create.history.sql
10:19:05.968 [main] INFO org.flowable.engine.impl.ProcessEngineImpl -- ProcessEngine default created
10:19:05.975 [main] INFO org.flowable.engine.impl.cmd.ValidateV5EntitiesCmd -- Total of v5 deployments found: 0
10:19:06.295 [main] INFO org.flowable.common.engine.impl.async.DefaultAsyncTaskExecutor -- Creating thread pool queue of size 100
10:19:06.295 [main] INFO org.flowable.common.engine.impl.async.DefaultAsyncTaskExecutor -- Creating thread factory with naming pattern flowable-async-task-invoker-thread-%d
10:19:06.295 [main] INFO org.flowable.common.engine.impl.async.DefaultAsyncTaskExecutor -- Creating executor service with corePoolSize 8, maxPoolSize 8 and keepAliveTime 5000
10:19:06.295 [main] INFO org.flowable.common.engine.impl.async.DefaultAsyncTaskExecutor -- Using rejectedExecutionHandler java.util.concurrent.ThreadPoolExecutor$CallerRunsPolicy@6ba060af
10:19:06.295 [main] INFO org.flowable.common.engine.impl.async.DefaultAsyncTaskExecutor -- Creating thread pool queue of size 2048
10:19:06.296 [main] INFO org.flowable.common.engine.impl.async.DefaultAsyncTaskExecutor -- Creating thread factory with naming pattern flowable-async-job-executor-thread-%d
10:19:06.296 [main] INFO org.flowable.common.engine.impl.async.DefaultAsyncTaskExecutor -- Creating executor service with corePoolSize 8, maxPoolSize 8 and keepAliveTime 5000
10:19:06.303 [main] INFO org.flowable.common.engine.impl.db.CommonDbSchemaManager -- performing create on common with resource org/flowable/common/db/create/flowable.postgres.create.common.sql
10:19:06.343 [main] INFO org.flowable.engine.impl.db.ProcessDbSchemaManager -- performing create on engine with resource org/flowable/db/create/flowable.postgres.create.engine.sql
10:19:06.373 [main] INFO org.flowable.engine.impl.db.ProcessDbSchemaManager -- performing create on history with resource org/flowable/db/create/flowable.postgres.create.history.sql
10:19:06.382 [main] INFO org.flowable.engine.impl.ProcessEngineImpl -- ProcessEngine default created
10:19:06.391 [main] INFO org.flowable.engine.impl.cmd.ValidateV5EntitiesCmd -- Total of v5 deployments found: 0
10:19:06.711 [main] INFO org.flowable.common.engine.impl.async.DefaultAsyncTaskExecutor -- Creating thread pool queue of size 100
10:19:06.711 [main] INFO org.flowable.common.engine.impl.async.DefaultAsyncTaskExecutor -- Creating thread factory with naming pattern flowable-async-task-invoker-thread-%d
10:19:06.711 [main] INFO org.flowable.common.engine.impl.async.DefaultAsyncTaskExecutor -- Creating executor service with corePoolSize 8, maxPoolSize 8 and keepAliveTime 5000
10:19:06.711 [main] INFO org.flowable.common.engine.impl.async.DefaultAsyncTaskExecutor -- Using rejectedExecutionHandler java.util.concurrent.ThreadPoolExecutor$CallerRunsPolicy@43a7203e
10:19:06.711 [main] INFO org.flowable.common.engine.impl.async.DefaultAsyncTaskExecutor -- Creating thread pool queue of size 2048
10:19:06.711 [main] INFO org.flowable.common.engine.impl.async.DefaultAsyncTaskExecutor -- Creating thread factory with naming pattern flowable-async-job-executor-thread-%d
10:19:06.711 [main] INFO org.flowable.common.engine.impl.async.DefaultAsyncTaskExecutor -- Creating executor service with corePoolSize 8, maxPoolSize 8 and keepAliveTime 5000
10:19:06.719 [main] INFO org.flowable.common.engine.impl.db.CommonDbSchemaManager -- performing create on common with resource org/flowable/common/db/create/flowable.postgres.create.common.sql
10:19:06.762 [main] INFO org.flowable.engine.impl.db.ProcessDbSchemaManager -- performing create on engine with resource org/flowable/db/create/flowable.postgres.create.engine.sql
10:19:06.793 [main] INFO org.flowable.engine.impl.db.ProcessDbSchemaManager -- performing create on history with resource org/flowable/db/create/flowable.postgres.create.history.sql
10:19:06.801 [main] INFO org.flowable.engine.impl.ProcessEngineImpl -- ProcessEngine default created
10:19:06.813 [main] INFO org.flowable.engine.impl.cmd.ValidateV5EntitiesCmd -- Total of v5 deployments found: 0
10:19:07.118 [main] INFO org.flowable.common.engine.impl.async.DefaultAsyncTaskExecutor -- Creating thread pool queue of size 100
10:19:07.118 [main] INFO org.flowable.common.engine.impl.async.DefaultAsyncTaskExecutor -- Creating thread factory with naming pattern flowable-async-task-invoker-thread-%d
10:19:07.119 [main] INFO org.flowable.common.engine.impl.async.DefaultAsyncTaskExecutor -- Creating executor service with corePoolSize 8, maxPoolSize 8 and keepAliveTime 5000
10:19:07.119 [main] INFO org.flowable.common.engine.impl.async.DefaultAsyncTaskExecutor -- Using rejectedExecutionHandler java.util.concurrent.ThreadPoolExecutor$CallerRunsPolicy@74ebd159
10:19:07.119 [main] INFO org.flowable.common.engine.impl.async.DefaultAsyncTaskExecutor -- Creating thread pool queue of size 2048
10:19:07.119 [main] INFO org.flowable.common.engine.impl.async.DefaultAsyncTaskExecutor -- Creating thread factory with naming pattern flowable-async-job-executor-thread-%d
10:19:07.119 [main] INFO org.flowable.common.engine.impl.async.DefaultAsyncTaskExecutor -- Creating executor service with corePoolSize 8, maxPoolSize 8 and keepAliveTime 5000
10:19:07.127 [main] INFO org.flowable.common.engine.impl.db.CommonDbSchemaManager -- performing create on common with resource org/flowable/common/db/create/flowable.postgres.create.common.sql
10:19:07.178 [main] INFO org.flowable.engine.impl.db.ProcessDbSchemaManager -- performing create on engine with resource org/flowable/db/create/flowable.postgres.create.engine.sql
10:19:07.211 [main] INFO org.flowable.engine.impl.db.ProcessDbSchemaManager -- performing create on history with resource org/flowable/db/create/flowable.postgres.create.history.sql
10:19:07.220 [main] INFO org.flowable.engine.impl.ProcessEngineImpl -- ProcessEngine default created
10:19:07.226 [main] INFO org.flowable.engine.impl.cmd.ValidateV5EntitiesCmd -- Total of v5 deployments found: 0
10:19:07.555 [main] INFO org.flowable.common.engine.impl.async.DefaultAsyncTaskExecutor -- Creating thread pool queue of size 100
10:19:07.556 [main] INFO org.flowable.common.engine.impl.async.DefaultAsyncTaskExecutor -- Creating thread factory with naming pattern flowable-async-task-invoker-thread-%d
10:19:07.556 [main] INFO org.flowable.common.engine.impl.async.DefaultAsyncTaskExecutor -- Creating executor service with corePoolSize 8, maxPoolSize 8 and keepAliveTime 5000
10:19:07.556 [main] INFO org.flowable.common.engine.impl.async.DefaultAsyncTaskExecutor -- Using rejectedExecutionHandler java.util.concurrent.ThreadPoolExecutor$CallerRunsPolicy@17354708
10:19:07.556 [main] INFO org.flowable.common.engine.impl.async.DefaultAsyncTaskExecutor -- Creating thread pool queue of size 2048
10:19:07.556 [main] INFO org.flowable.common.engine.impl.async.DefaultAsyncTaskExecutor -- Creating thread factory with naming pattern flowable-async-job-executor-thread-%d
10:19:07.556 [main] INFO org.flowable.common.engine.impl.async.DefaultAsyncTaskExecutor -- Creating executor service with corePoolSize 8, maxPoolSize 8 and keepAliveTime 5000
10:19:07.565 [main] INFO org.flowable.common.engine.impl.db.CommonDbSchemaManager -- performing create on common with resource org/flowable/common/db/create/flowable.postgres.create.common.sql
10:19:07.611 [main] INFO org.flowable.engine.impl.db.ProcessDbSchemaManager -- performing create on engine with resource org/flowable/db/create/flowable.postgres.create.engine.sql
10:19:07.646 [main] INFO org.flowable.engine.impl.db.ProcessDbSchemaManager -- performing create on history with resource org/flowable/db/create/flowable.postgres.create.history.sql
10:19:07.655 [main] INFO org.flowable.engine.impl.ProcessEngineImpl -- ProcessEngine default created
10:19:07.663 [main] INFO org.flowable.engine.impl.cmd.ValidateV5EntitiesCmd -- Total of v5 deployments found: 0
10:19:07.976 [main] INFO org.flowable.common.engine.impl.async.DefaultAsyncTaskExecutor -- Creating thread pool queue of size 100
10:19:07.976 [main] INFO org.flowable.common.engine.impl.async.DefaultAsyncTaskExecutor -- Creating thread factory with naming pattern flowable-async-task-invoker-thread-%d
10:19:07.976 [main] INFO org.flowable.common.engine.impl.async.DefaultAsyncTaskExecutor -- Creating executor service with corePoolSize 8, maxPoolSize 8 and keepAliveTime 5000
10:19:07.976 [main] INFO org.flowable.common.engine.impl.async.DefaultAsyncTaskExecutor -- Using rejectedExecutionHandler java.util.concurrent.ThreadPoolExecutor$CallerRunsPolicy@416b1265
10:19:07.976 [main] INFO org.flowable.common.engine.impl.async.DefaultAsyncTaskExecutor -- Creating thread pool queue of size 2048
10:19:07.976 [main] INFO org.flowable.common.engine.impl.async.DefaultAsyncTaskExecutor -- Creating thread factory with naming pattern flowable-async-job-executor-thread-%d
10:19:07.976 [main] INFO org.flowable.common.engine.impl.async.DefaultAsyncTaskExecutor -- Creating executor service with corePoolSize 8, maxPoolSize 8 and keepAliveTime 5000
10:19:07.984 [main] INFO org.flowable.common.engine.impl.db.CommonDbSchemaManager -- performing create on common with resource org/flowable/common/db/create/flowable.postgres.create.common.sql
10:19:08.020 [main] INFO org.flowable.engine.impl.db.ProcessDbSchemaManager -- performing create on engine with resource org/flowable/db/create/flowable.postgres.create.engine.sql
10:19:08.052 [main] INFO org.flowable.engine.impl.db.ProcessDbSchemaManager -- performing create on history with resource org/flowable/db/create/flowable.postgres.create.history.sql
10:19:08.061 [main] INFO org.flowable.engine.impl.ProcessEngineImpl -- ProcessEngine default created
10:19:08.067 [main] INFO org.flowable.engine.impl.cmd.ValidateV5EntitiesCmd -- Total of v5 deployments found: 0
[INFO] Tests run: 11, Failures: 0, Errors: 0, Skipped: 0, Time elapsed: 7.012 s -- in org.weaveos.workflow.RootExecutionGrpcIT
[INFO] 
[INFO] Results:
[INFO] 
[INFO] Tests run: 11, Failures: 0, Errors: 0, Skipped: 0
[INFO] 
[INFO] ------------------------------------------------------------------------
[INFO] BUILD SUCCESS
[INFO] ------------------------------------------------------------------------
[INFO] Total time:  11.134 s
[INFO] Finished at: 2026-10-05T10:19:08Z
[INFO] ------------------------------------------------------------------------
