✔ B2 CI: fixture creates a private dedicated socket database with no network/ports (4.937955ms)
✔ B2 CI: an existing state file is never overwritten (2.454129ms)
✔ B2 CI: partial startup failure is nonzero and removes only its own fixture (1.503447ms)
✔ B2 CI: successful cleanup removes its container/data/socket/state and is idempotent (0.873407ms)
✔ B2 CI: cleanup refuses wrongOwner (0.838624ms)
✔ B2 CI: cleanup refuses wrongNetwork (1.08817ms)
✔ B2 CI: cleanup refuses wrongMount (0.899892ms)
✔ B2 CI: cleanup failure is not swallowed and retains recoverable state (0.713135ms)
✔ B2 CI: cleanup refuses an outside root without any Docker action (0.684042ms)
✔ B2 CI: cleanup refuses symlink state and never touches its target (0.985927ms)
✔ B2 CI: bootstrap exports the dedicated URL and always-cleanup accepts the actual state (0.926707ms)
✔ B2 CI: bootstrap rejects unknown commands instead of silently succeeding (0.107252ms)
✔ B2 CI: Go job supplies the fixture before race tests with unconditional owned cleanup (0.29837ms)
✔ B2 CI: acceptance gives nested Go the dedicated URL and matching socket mount (4.265345ms)
✔ B2 CI: acceptance failure cleans B2 and preserves original product stop-only lifecycle (1.49872ms)
✔ B5a frozen HTTP routes, method sets and live Web Session are explicit (2.843767ms)
✔ B5a DTOs use exact closed fields and finite menu grants (0.37152ms)
✔ B5a six public error codes retain frozen HTTP status (0.381525ms)
✔ B5a new migrations have exact reviewed compatibility hashes and runtime role pin (1.351478ms)
✔ B5a.9: fixture preserves the exact approved PR21 legacy PLAN bytes (2.573109ms)
✔ B5a.9: a valid canonical task without an auxiliary document still passes (42.505001ms)
✔ B5a.9: exact registered and referenced PR21 auxiliary PLAN passes discovery (51.189774ms)
✔ B5a.9: known auxiliary path rejects replaced contents (55.003268ms)
✔ B5a.9: known auxiliary path rejects one-byte addition (38.876956ms)
✔ B5a.9: known auxiliary path rejects forged task metadata (44.390759ms)
✔ B5a.9: known auxiliary path rejects a complete second task (43.222387ms)
✔ B5a.9: auxiliary compatibility rejects missing canonical task (40.057761ms)
✔ B5a.9: auxiliary compatibility rejects missing canonical metadata (46.324445ms)
✔ B5a.9: auxiliary compatibility rejects duplicate canonical metadata (46.918775ms)
✔ B5a.9: auxiliary compatibility rejects invalid canonical JSON (44.32846ms)
✔ B5a.9: auxiliary compatibility rejects other task identity (50.382247ms)
✔ B5a.9: auxiliary compatibility rejects missing canonical owner (38.462567ms)
✔ B5a.9: auxiliary compatibility rejects wrong branch identity (43.775075ms)
✔ B5a.9: auxiliary compatibility rejects wrong worktree identity (41.34998ms)
✔ B5a.9: auxiliary compatibility rejects invalid canonical scope (44.176747ms)
✔ B5a.9: auxiliary compatibility rejects empty canonical scope (38.453227ms)
✔ B5a.9: auxiliary compatibility rejects unregistered auxiliary scope (38.010736ms)
✔ B5a.9: auxiliary compatibility rejects a scope path that merely shares the prefix (46.596434ms)
✔ B5a.9: auxiliary compatibility rejects missing canonical reference (53.09683ms)
✔ B5a.9: auxiliary compatibility rejects a reference to a different PLAN (44.809325ms)
✔ B5a.9: auxiliary compatibility rejects incomplete ready canonical task (50.917554ms)
✔ B5a.9: auxiliary compatibility rejects a prematurely accepted canonical task (48.616886ms)
✔ B5a.9: legacy exception does not admit similar or malformed name V010-021-PLAN.md (51.397297ms)
✔ B5a.9: legacy exception does not admit similar or malformed name V030-020-PLAN.md (50.997239ms)
✔ B5a.9: legacy exception does not admit similar or malformed name V020-020-PLAN.md (41.934917ms)
✔ B5a.9: legacy exception does not admit similar or malformed name V999-020-PLAN.md (37.297621ms)
✔ B5a.9: legacy exception does not admit similar or malformed name V010-20-PLAN.md (40.400644ms)
✔ B5a.9: legacy exception does not admit similar or malformed name V010-0020-PLAN.md (38.141528ms)
✔ B5a.9: legacy exception does not admit similar or malformed name v010-020-PLAN.md (36.557861ms)
✔ B5a.9: legacy exception does not admit similar or malformed name V010-020-plan.md (41.248226ms)
✔ B5a.9: legacy exception does not admit similar or malformed name V010-020-PLAN-copy.md (41.843579ms)
✔ B5a.9: legacy exception does not admit similar or malformed name V010-020-PLAN.md.md (45.816178ms)
✔ B5a.9: an approved auxiliary does not conceal an additional fake task document (41.04467ms)
✔ B5a.9: auxiliary filename and content remain unsuitable as a canonical task (0.606765ms)
✔ B5a.9: auxiliary compatibility cannot supply cleanup completion or a fake task identity (1.780154ms)
✔ FND-03: CI runs real Go validation and browser tests (1.001941ms)
✔ FND-03: product acceptance and artifacts are explicit, not fake deploys (0.271459ms)
✔ FND-04: web entry is real React with no fabricated login UI (0.255665ms)
✔ FND-05: CI retains a source bundle without bundling local credentials (0.944744ms)
✔ FND-05: RED replay metadata pins the real pre-implementation source (0.347884ms)
✔ release: all mandatory evidence present is structurally ready (1.573583ms)
✔ release: a missing or empty matrix is not a pass (0.231379ms)
✔ release: pending, skipped, failed and blocked are never passed (0.245511ms)
✔ release: missing evidence, owner or duplicate IDs are rejected (0.230377ms)
✔ remote cleanup: matching accepted remote branch can be removed (2.130782ms)
✔ remote cleanup: no remote branch remains a successful idempotent state (1.276775ms)
✔ remote cleanup: refuse unmerged (0.29862ms)
✔ remote cleanup: refuse unfinished document (0.181694ms)
✔ remote cleanup: refuse new remote commit (0.189976ms)
✔ remote cleanup: refuse unverified squash (0.16587ms)
✔ remote cleanup: refuse offline snapshot (0.148564ms)
✔ local cleanup: removed remote does not erase valid local identity (0.111198ms)
✔ local cleanup: matching refs retain identity (0.181123ms)
✔ local cleanup: divergent refs cannot hide new work (0.35783ms)
✔ Root R03: every approved migration is registered once with its actual source digest (2.304704ms)
✔ Root R03: prior reviewed migration registrations retain their exact paths and hashes (0.931424ms)
✔ Root R03: the new cold audit registration precedes all dependent hot registrations (0.212209ms)
✔ FND-02: parse a valid task and retain identity (2.362051ms)
✔ FND-02: malformed or duplicate metadata is rejected (0.491381ms)
✔ FND-02: a ready task with incomplete acceptance is invalid (0.353963ms)
✔ FND-02: no checkboxes is not proof of completion (0.182645ms)
✔ FND-02: mismatched branch, worktree and unsafe paths are rejected (0.337068ms)
✔ FND-02: accepted cannot be asserted before remote verification (0.171949ms)
✔ FND-02: complete remote main document + merged PR permits cleanup despite squash ancestry (0.366313ms)
✔ FND-02: refuse cleanup for offline snapshot (0.237068ms)
✔ FND-02: refuse cleanup for missing remote document (0.210668ms)
✔ FND-02: refuse cleanup for unfinished document (0.209165ms)
✔ FND-02: refuse cleanup for wrong task identity (0.171188ms)
✔ FND-02: refuse cleanup for unmerged PR (0.166711ms)
✔ FND-02: refuse cleanup for wrong merge base (0.085969ms)
✔ FND-02: refuse cleanup for different repository (0.072359ms)
✔ FND-02: refuse cleanup for other task branch (0.123506ms)
✔ FND-02: refuse cleanup for post-merge commit (4.465723ms)
✔ FND-02: refuse cleanup for dirty worktree (0.131168ms)
✔ FND-02: refuse cleanup for squash not in remote main (0.117737ms)
✔ FND-02: acceptance remains true after the task branch/worktree were cleaned (0.425321ms)
✔ FND-02: local completion without a merged PR is not accepted (0.26511ms)
✔ B0: V010 and V030 metadata and mixed approved dependencies remain valid (2.908995ms)
✔ B0: malformed/injected ID is rejected without throwing #0 (0.421575ms)
✔ B0: malformed/injected ID is rejected without throwing #1 (0.234504ms)
✔ B0: malformed/injected ID is rejected without throwing #2 (1.258237ms)
✔ B0: malformed/injected ID is rejected without throwing #3 (0.215726ms)
✔ B0: malformed/injected ID is rejected without throwing #4 (0.13303ms)
✔ B0: malformed/injected ID is rejected without throwing #5 (0.083676ms)
✔ B0: malformed/injected ID is rejected without throwing #6 (0.136576ms)
✔ B0: malformed/injected ID is rejected without throwing #7 (0.183116ms)
✔ B0: malformed/injected ID is rejected without throwing #8 (0.346532ms)
✔ B0: malformed/injected ID is rejected without throwing #9 (0.18574ms)
✔ B0: malformed/injected ID is rejected without throwing #10 (0.069986ms)
✔ B0: malformed/injected ID is rejected without throwing #11 (0.051187ms)
✔ B0: malformed/injected ID is rejected without throwing #12 (0.043646ms)
✔ B0: malformed/injected ID is rejected without throwing #13 (0.043386ms)
✔ B0: malformed/injected ID is rejected without throwing #14 (0.053601ms)
✔ B0: malformed/injected ID is rejected without throwing #15 (0.151789ms)
✔ B0: malformed/injected ID is rejected without throwing #16 (0.058268ms)
✔ B0: malformed/injected ID is rejected without throwing #17 (0.045058ms)
✔ B0: malformed/injected ID is rejected without throwing #18 (0.040841ms)
✔ B0: malformed/injected ID is rejected without throwing #19 (0.045438ms)
✔ B0: malformed/injected ID is rejected without throwing #20 (0.038328ms)
✔ B0: malformed/injected ID is rejected without throwing #21 (0.036334ms)
✔ B0: malformed/injected ID is rejected without throwing #22 (0.035213ms)
✔ B0: malformed/injected ID is rejected without throwing #23 (0.039429ms)
✔ B0: malformed/injected ID is rejected without throwing #24 (0.035483ms)
✔ B0: malformed/injected ID is rejected without throwing #25 (0.065008ms)
✔ B0: same task number in another version cannot satisfy branch/worktree identity (0.170206ms)
✔ B0: V030 retains unsafe-path, incomplete, no-PR and premature-acceptance guards (0.255525ms)
✔ B0: complete matching V030 permits the same acceptance/cleanup decisions as V010 (0.602398ms)
✔ B0: V030 acceptance and cleanup reject offline (0.285019ms)
✔ B0: V030 acceptance and cleanup reject unfinished (0.195435ms)
✔ B0: V030 acceptance and cleanup reject other version (0.168795ms)
✔ B0: V030 acceptance and cleanup reject unmerged (0.161293ms)
✔ B0: V030 acceptance and cleanup reject wrong base (0.200342ms)
✔ B0: V030 acceptance and cleanup reject wrong repository (0.143987ms)
✔ B0: V030 acceptance and cleanup reject wrong version PR (0.157117ms)
✔ B0: V030 cleanup still rejects dirty, changed-tip and unverified squash states (0.250778ms)
✔ B0: task discovery validates V030 documents instead of silently skipping them (45.813679ms)
✔ B0: discovered same-number metadata from another version is rejected (38.610349ms)
✔ B0: malformed and unsupported version-task filenames cannot disappear from discovery (130.87942ms)
✔ B0: real Git diff verifies a valid V030 PR and an unchanged V010 PR rule (145.853456ms)
✔ B0: V030 PR scope rejects an unrelated changed path (77.316213ms)
✔ B0: a V010 PR cannot consume a same-number V030 task document (77.822782ms)
✔ B0: V030 branch syntax remains exact and cannot contain malformed slug or injection (264.932641ms)
✔ B0: V030 CLI passes ID parsing then uses exact remote task path in start dry-run (295.740116ms)
✔ B0: V030 ready task still cannot be restarted (236.893233ms)
✔ B0: malformed/injected CLI IDs stop before any Git/gh execution (654.220355ms)
✔ B0: remote helper recognizes V030 while retaining exact-head conditional deletion (286.704289ms)
✔ B0: remote helper never deletes an unmerged or other-version task (227.563998ms)
✔ maintenance is a nondefault one-shot profile in runtime and installed config (1.765101ms)
✔ hourly cron invokes the same single-run operation as manual maintenance (0.263057ms)
✔ receiver rejects unreviewed profile/command/restart and topology mutations (0.736461ms)
✔ ordinary release cannot silently upgrade the installed resident maintenance topology (0.53737ms)
✔ one-shot orchestration records success without raw output (2.687872ms)
✔ one-shot orchestration records failure without raw output (0.573785ms)
✔ memory probe samples the four resident containers, not the exited task (50.339692ms)
✔ Q18 accepts declared compatible expansion but rejects history rewrite, missing approval and stale releases (1.937592ms)
✔ Q18 deployment only changes approved runtime config and exact images, retaining private volumes and origin (1.900045ms)
✔ approved config cannot include other host compose files, weaken service confinement or join external networks (0.574336ms)
✔ public Nginx rendering preserves API boundary and creates fixed HTTPS redirect (0.458542ms)
✔ promotion validates and backs up before migration and records only a healthy deployment (0.450439ms)
✔ backup failure never migrates; activation or health failure restores prior app/config without Down (0.448156ms)
✔ main delivery runs verification and acceptance before a serialized secret-scoped deployment (0.297088ms)
✔ compatibility registry uses explicit digest records, rejects ambiguous duplicate approvals (0.215835ms)
✔ transport rejects undeclared content, checksum tampering, secret paths, invalid image identities and oversized payloads (1.933064ms)
✔ framed receiver verifies every byte and rejects truncated, appended and corrupt images (8.432573ms)
✔ four kinds are stored by explicit natural day and only safe fields survive (28.146274ms)
✔ retention dry-run selects only approved kinds and inclusive natural-day cutoff (2.661933ms)
✔ symlinked category and destination file cannot escape the log root (1.260421ms)
✔ Q20 actual cleanup removes only days older than the approved inclusive 30-day window (4.690732ms)
✔ Q20 rejects nonapproved destructive parameters and preflights all paths before deleting (1.234561ms)
✔ Q20 installed policy accepts exactly confirmed deletion parameters and schedules bounded daily cleanup (0.999176ms)
✔ Q20 cleanup is daily and shares the collection lock (0.248735ms)
✔ FR06 common rules render local and public explicit environments (1.245457ms)
✔ FR06 explicit parameters reject config injection and invalid HSTS scope (0.387935ms)
✔ certificate task logs fixed outcomes without persisting raw command secrets (1.563427ms)
✔ collector records access stdout and application stderr, advances window, and excludes raw text (15.570204ms)
✔ approved explicit config connects operation records and collector is scheduled without deletion (0.641868ms)
✔ collector and Q20 cleanup are scheduled with the same overlap protection (0.573384ms)
✔ failed docker collection does not advance cursor or publish raw diagnostics (0.536549ms)
✔ unexpected HTTP method cannot stall collection or persist arbitrary method text (1.044715ms)
✔ Q25 cold audit migration precedes hot migration: infra/acceptance/run.mjs (1.211376ms)
✔ Q25 cold audit migration precedes hot migration: infra/runtime/run.mjs (0.197698ms)
✔ Q25 cold audit migration precedes hot migration: .github/workflows/ci.yml (0.161594ms)
✔ Q25 cold audit migration precedes hot migration: infra/server/deploy/receive.mjs (0.186652ms)
✔ acceptance component count derives from the actual Playwright report (0.391451ms)
✔ Q25 personnel API regression is included in the real HTTPS entrypoint (1.192949ms)
✔ Q25 pinned role upgrade is executed with real PostgreSQL by the product workflow (0.255906ms)
✔ Q25 compatibility manifest records each new reviewed immutable migration (0.865105ms)
✔ GOV-01..04: valid repository passes without mutation (4.664171ms)
✔ GOV-01: missing file fails with its path (1.690469ms)
✔ GOV-01: whitespace-only required file is not valid (2.60692ms)
✔ GOV-02: deleting each hard-rule marker fails (2.596435ms)
✔ GOV-03: malformed JSON is reported, not thrown (1.116003ms)
✔ GOV-03: incorrect version and project fail (1.60482ms)
✔ GOV-03: impossible calendar date fails (1.080178ms)
✔ GOV-03: empty sources and non-object registry fail (1.294973ms)
✔ GOV-03: duplicate keys and page IDs fail (1.495485ms)
✔ GOV-03: external or mismatched source URLs fail (1.160139ms)
✔ GOV-03: missing metadata and malformed page ID fail (1.28683ms)
✔ GOV-03: unknown, duplicate and empty route references fail (2.041307ms)
✔ GOV-03: mandatory routes and always/product anchors cannot disappear (1.397857ms)
✔ GOV-04: nested instruction override fails (0.926917ms)
✔ GOV-04: generated/dependency directories are ignored (0.848109ms)
✔ GOV-01: nonexistent root reports errors (0.525642ms)
✔ CLI: valid repository exits zero (43.245332ms)
✔ CLI: invalid repository exits one and explains failure (37.343089ms)
✔ public HTTPS exposes only edge ports and preserves private data, images and input (2.181839ms)
✔ public access rejects untrusted TLS while default deployment stays private (0.589819ms)
✔ HTTP redirects all paths to the fixed HTTPS origin without trusting Host (0.266262ms)
✔ public TLS preserves same-origin API, non-cacheable auth and trusted proxy boundary (0.308234ms)
✔ existing loopback health and DNS-01 renewal still work independently of public DNS (0.617591ms)
✔ API actual TAP report counts every passed case (1.200781ms)
✔ API failed, skipped, truncated and contradictory reports cannot publish success (0.370119ms)
✔ browser counts come from the successful complete JSON report (1.024465ms)
✔ browser failure, flakiness, skips and empty reports cannot publish success (0.255435ms)
✔ real API/browser reports drive the published counts: infra/acceptance/run.mjs (0.481375ms)
✔ real API/browser reports drive the published counts: infra/runtime/run.mjs (0.251399ms)
✔ ACME runner fixes operations, passes credentials only in environment and reports sanitized failure (2.241039ms)
✔ certificate activation verifies system trust before file replacement and validates Nginx before reload (132.902941ms)
✔ domain health verifies hostname with default trust while reaching only the SSH loopback endpoint (0.323788ms)
✔ domain health fixes IPv4 so Node never requests an all-address lookup result (0.309136ms)
▶ provided CSV is data only and maps exactly one credential pair without executing fields
  ✔ BOM, quoted headers and CRLF are supported (0.732359ms)
  ✔ missing, multiple and non-data values fail closed (0.544871ms)
  ✔ dotenv admits only the required names and never evaluates shell (0.404269ms)
✔ provided CSV is data only and maps exactly one credential pair without executing fields (2.427455ms)
▶ Q16 public-trust domain config keeps the SSH listener and schedules automatic renewal
  ✔ domain origin with loopback only (0.46442ms)
  ✔ renew twice daily without self-signed trust (0.340854ms)
✔ Q16 public-trust domain config keeps the SSH listener and schedules automatic renewal (2.68628ms)
▶ Q16 validates the actual certificate host, private key and remaining lifetime before replacement
  ✔ matching actual identity and key are accepted (0.739205ms)
  ✔ unrelated certificate is rejected (0.445772ms)
  ✔ mismatched private key is rejected (0.503339ms)
  ✔ expired certificate is rejected (0.303207ms)
✔ Q16 validates the actual certificate host, private key and remaining lifetime before replacement (268.651303ms)
✔ Q16 a failed Nginx validation restores both previous files and reloads the previous certificate (0.609749ms)
✔ Q16 explicitly uses Let's Encrypt DNSPod DNS-01 for the confirmed domain and no public listener (0.296507ms)
✔ Q15 server exposes only loopback HTTPS and preserves internal data network (0.290949ms)
✔ private Bootstrap credentials preserve the accepted seed JSON password field and exclude test fixtures (0.19215ms)
✔ operational schedules retain TLS verification, prevent overlap, and invoke only runtime tools (1.079498ms)
✔ server maintenance addresses only the authorized deployment and does not run test/build commands (0.389087ms)
✔ finished services restart automatically and have finite resource and log budgets (0.207683ms)
✔ deployment refuses every existing directory, including apparently empty ones (0.297228ms)
ℹ tests 240
ℹ suites 0
ℹ pass 240
ℹ fail 0
ℹ cancelled 0
ℹ skipped 0
ℹ todo 0
ℹ duration_ms 2785.521671
