Unable to find image 'mirror.gcr.io/library/maven@sha256:fa7aa19829157d299ff05f631b51697a388dcd2f6955e84249ecc652015f217b' locally
mirror.gcr.io/library/maven@sha256:fa7aa19829157d299ff05f631b51697a388dcd2f6955e84249ecc652015f217b: Pulling from library/maven
20043066d3d5: Pulling fs layer
077c4ca28173: Pulling fs layer
b88b6ae1b108: Pulling fs layer
67cf99ea3a75: Pulling fs layer
02d80376fd82: Pulling fs layer
a48539624cab: Pulling fs layer
066840a279be: Pulling fs layer
00ce8eef72b0: Pulling fs layer
a00511e1babb: Pulling fs layer
8f9d993fddb9: Pulling fs layer
a48539624cab: Waiting
02d80376fd82: Waiting
67cf99ea3a75: Waiting
066840a279be: Waiting
00ce8eef72b0: Waiting
8f9d993fddb9: Waiting
a00511e1babb: Waiting
077c4ca28173: Verifying Checksum
077c4ca28173: Download complete
67cf99ea3a75: Download complete
20043066d3d5: Verifying Checksum
20043066d3d5: Download complete
02d80376fd82: Download complete
20043066d3d5: Pull complete
066840a279be: Verifying Checksum
066840a279be: Download complete
00ce8eef72b0: Verifying Checksum
00ce8eef72b0: Download complete
a48539624cab: Verifying Checksum
a48539624cab: Download complete
a00511e1babb: Verifying Checksum
a00511e1babb: Download complete
8f9d993fddb9: Verifying Checksum
8f9d993fddb9: Download complete
077c4ca28173: Pull complete
b88b6ae1b108: Verifying Checksum
b88b6ae1b108: Download complete
b88b6ae1b108: Pull complete
67cf99ea3a75: Pull complete
02d80376fd82: Pull complete
a48539624cab: Pull complete
066840a279be: Pull complete
00ce8eef72b0: Pull complete
a00511e1babb: Pull complete
8f9d993fddb9: Pull complete
Digest: sha256:fa7aa19829157d299ff05f631b51697a388dcd2f6955e84249ecc652015f217b
Status: Downloaded newer image for mirror.gcr.io/library/maven@sha256:fa7aa19829157d299ff05f631b51697a388dcd2f6955e84249ecc652015f217b
[INFO] Scanning for projects...
[INFO] 
[INFO] --------------------< org.weaveos:workflow-engine >---------------------
[INFO] Building WeaveOS controlled workflow engine core 0.3.0-SNAPSHOT
[INFO]   from pom.xml
[INFO] --------------------------------[ jar ]---------------------------------
[INFO] 
[INFO] --- dependency:3.9.0:go-offline (default-cli) @ workflow-engine ---
[INFO] Resolved plugin: maven-compiler-plugin-3.14.1.jar
[INFO] Resolved plugin dependency:
[INFO]       maven-compiler-plugin-3.14.1.jar
[INFO]       asm-9.8.jar
[INFO]       maven-shared-utils-3.4.2.jar
[INFO]       slf4j-api-1.7.36.jar
[INFO]       commons-io-2.11.0.jar
[INFO]       maven-shared-incremental-1.1.jar
[INFO]       plexus-java-1.5.0.jar
[INFO]       qdox-2.2.0.jar
[INFO]       plexus-compiler-api-2.15.0.jar
[INFO]       plexus-compiler-manager-2.15.0.jar
[INFO]       javax.inject-1.jar
[INFO]       plexus-xml-3.0.1.jar
[INFO]       plexus-compiler-javac-2.15.0.jar
[INFO]       plexus-utils-4.0.2.jar
[INFO] Resolved plugin: maven-surefire-plugin-3.5.4.jar
[INFO] Resolved plugin dependency:
[INFO]       maven-surefire-plugin-3.5.4.jar
[INFO]       surefire-api-3.5.4.jar
[INFO]       surefire-logger-api-3.5.4.jar
[INFO]       surefire-shared-utils-3.5.4.jar
[INFO]       surefire-extensions-api-3.5.4.jar
[INFO]       maven-surefire-common-3.5.4.jar
[INFO]       surefire-booter-3.5.4.jar
[INFO]       surefire-extensions-spi-3.5.4.jar
[INFO]       maven-resolver-util-1.4.1.jar
[INFO]       maven-resolver-api-1.4.1.jar
[INFO]       maven-common-artifact-filters-3.4.0.jar
[INFO]       slf4j-api-1.7.36.jar
[INFO]       plexus-java-1.5.0.jar
[INFO]       asm-9.8.jar
[INFO]       qdox-2.2.0.jar
[INFO] Resolved plugin: maven-jar-plugin-3.4.2.jar
[INFO] Resolved plugin dependency:
[INFO]       maven-jar-plugin-3.4.2.jar
[INFO]       file-management-3.1.0.jar
[INFO]       plexus-utils-4.0.1.jar
[INFO]       commons-io-2.16.1.jar
[INFO]       maven-archiver-3.6.2.jar
[INFO]       plexus-interpolation-1.27.jar
[INFO]       plexus-archiver-4.9.2.jar
[INFO]       plexus-io-3.4.2.jar
[INFO]       commons-compress-1.26.1.jar
[INFO]       commons-lang3-3.14.0.jar
[INFO]       commons-codec-1.16.1.jar
[INFO]       snappy-0.4.jar
[INFO]       xz-1.9.jar
[INFO]       zstd-jni-1.5.5-11.jar
[INFO]       javax.inject-1.jar
[INFO]       slf4j-api-1.7.36.jar
[INFO] Resolved plugin: maven-clean-plugin-3.5.0.jar
[INFO] Resolved plugin dependency:
[INFO]       maven-clean-plugin-3.5.0.jar
[INFO]       plexus-utils-4.0.2.jar
[INFO] Resolved plugin: protobuf-maven-plugin-0.6.1.jar
[INFO] Resolved plugin dependency:
[INFO]       protobuf-maven-plugin-0.6.1.jar
[INFO]       maven-plugin-api-3.0.jar
[INFO]       maven-model-3.0.jar
[INFO]       sisu-inject-plexus-1.4.2.jar
[INFO]       sisu-inject-bean-1.4.2.jar
[INFO]       sisu-guice-2.1.7-noaop.jar
[INFO]       maven-plugin-annotations-3.5.2.jar
[INFO]       plexus-utils-3.1.0.jar
[INFO]       plexus-component-annotations-1.7.1.jar
[INFO]       plexus-build-api-0.0.7.jar
[INFO]       maven-core-3.0.jar
[INFO]       maven-settings-3.0.jar
[INFO]       maven-settings-builder-3.0.jar
[INFO]       maven-repository-metadata-3.0.jar
[INFO]       maven-model-builder-3.0.jar
[INFO]       maven-aether-provider-3.0.jar
[INFO]       aether-impl-1.7.jar
[INFO]       aether-spi-1.7.jar
[INFO]       aether-api-1.7.jar
[INFO]       aether-util-1.7.jar
[INFO]       plexus-interpolation-1.14.jar
[INFO]       plexus-classworlds-2.2.3.jar
[INFO]       plexus-sec-dispatcher-1.3.jar
[INFO]       plexus-cipher-1.4.jar
[INFO]       maven-artifact-3.0.jar
[INFO]       maven-compat-3.0.jar
[INFO]       wagon-provider-api-1.0-beta-6.jar
[INFO] Resolved plugin: maven-install-plugin-3.1.4.jar
[INFO] Resolved plugin dependency:
[INFO]       maven-install-plugin-3.1.4.jar
[INFO]       maven-resolver-util-1.9.22.jar
[INFO]       maven-resolver-api-1.9.22.jar
[INFO]       plexus-utils-4.0.1.jar
[INFO]       plexus-xml-3.0.1.jar
[INFO] Resolved plugin: maven-site-plugin-3.12.1.jar
[INFO] Resolved plugin dependency:
[INFO]       maven-site-plugin-3.12.1.jar
[INFO]       maven-reporting-api-3.1.1.jar
[INFO]       maven-reporting-exec-1.6.0.jar
[INFO]       maven-artifact-3.2.5.jar
[INFO]       maven-core-3.2.5.jar
[INFO]       maven-repository-metadata-3.2.5.jar
[INFO]       maven-model-builder-3.2.5.jar
[INFO]       maven-aether-provider-3.2.5.jar
[INFO]       aether-spi-1.0.0.v20140518.jar
[INFO]       aether-impl-1.0.0.v20140518.jar
[INFO]       aether-api-1.0.0.v20140518.jar
[INFO]       org.eclipse.sisu.plexus-0.3.5.jar
[INFO]       javax.annotation-api-1.2.jar
[INFO]       cdi-api-1.2.jar
[INFO]       org.eclipse.sisu.inject-0.3.5.jar
[INFO]       sisu-guice-3.2.3-no_aop.jar
[INFO]       javax.inject-1.jar
[INFO]       aopalliance-1.0.jar
[INFO]       guava-16.0.1.jar
[INFO]       plexus-classworlds-2.5.2.jar
[INFO]       plexus-sec-dispatcher-1.3.jar
[INFO]       plexus-cipher-1.4.jar
[INFO]       maven-model-3.2.5.jar
[INFO]       maven-plugin-api-3.2.5.jar
[INFO]       maven-settings-3.2.5.jar
[INFO]       maven-settings-builder-3.2.5.jar
[INFO]       aether-util-1.0.0.v20140518.jar
[INFO]       maven-shared-utils-3.3.4.jar
[INFO]       commons-io-2.6.jar
[INFO]       maven-archiver-3.5.2.jar
[INFO]       commons-compress-1.20.jar
[INFO]       plexus-interpolation-1.26.jar
[INFO]       plexus-archiver-4.2.7.jar
[INFO]       plexus-io-3.2.0.jar
[INFO]       snappy-0.4.jar
[INFO]       xz-1.9.jar
[INFO]       plexus-i18n-1.0-beta-10.jar
[INFO]       plexus-utils-3.4.2.jar
[INFO]       doxia-sink-api-1.11.1.jar
[INFO]       doxia-logging-api-1.11.1.jar
[INFO]       doxia-core-1.11.1.jar
[INFO]       plexus-container-default-2.1.0.jar
[INFO]       xbean-reflect-3.7.jar
[INFO]       google-collections-1.0.jar
[INFO]       plexus-component-annotations-2.1.1.jar
[INFO]       commons-lang3-3.8.1.jar
[INFO]       commons-text-1.3.jar
[INFO]       httpclient-4.5.13.jar
[INFO]       commons-logging-1.2.jar
[INFO]       commons-codec-1.11.jar
[INFO]       httpcore-4.4.14.jar
[INFO]       doxia-module-xhtml-1.11.1.jar
[INFO]       doxia-module-xhtml5-1.11.1.jar
[INFO]       doxia-module-apt-1.11.1.jar
[INFO]       doxia-module-xdoc-1.11.1.jar
[INFO]       doxia-module-fml-1.11.1.jar
[INFO]       doxia-module-markdown-1.11.1.jar
[INFO]       flexmark-all-0.42.14.jar
[INFO]       flexmark-0.42.14.jar
[INFO]       flexmark-ext-abbreviation-0.42.14.jar
[INFO]       flexmark-ext-admonition-0.42.14.jar
[INFO]       flexmark-ext-anchorlink-0.42.14.jar
[INFO]       flexmark-ext-aside-0.42.14.jar
[INFO]       flexmark-ext-attributes-0.42.14.jar
[INFO]       flexmark-ext-autolink-0.42.14.jar
[INFO]       autolink-0.6.0.jar
[INFO]       flexmark-ext-definition-0.42.14.jar
[INFO]       flexmark-ext-emoji-0.42.14.jar
[INFO]       flexmark-ext-enumerated-reference-0.42.14.jar
[INFO]       flexmark-ext-escaped-character-0.42.14.jar
[INFO]       flexmark-ext-footnotes-0.42.14.jar
[INFO]       flexmark-ext-gfm-issues-0.42.14.jar
[INFO]       flexmark-ext-gfm-strikethrough-0.42.14.jar
[INFO]       flexmark-ext-gfm-tables-0.42.14.jar
[INFO]       flexmark-ext-gfm-tasklist-0.42.14.jar
[INFO]       flexmark-ext-gfm-users-0.42.14.jar
[INFO]       flexmark-ext-gitlab-0.42.14.jar
[INFO]       flexmark-ext-jekyll-front-matter-0.42.14.jar
[INFO]       flexmark-ext-jekyll-tag-0.42.14.jar
[INFO]       flexmark-ext-media-tags-0.42.14.jar
[INFO]       flexmark-ext-macros-0.42.14.jar
[INFO]       flexmark-ext-ins-0.42.14.jar
[INFO]       flexmark-ext-xwiki-macros-0.42.14.jar
[INFO]       flexmark-ext-superscript-0.42.14.jar
[INFO]       flexmark-ext-tables-0.42.14.jar
[INFO]       flexmark-ext-toc-0.42.14.jar
[INFO]       flexmark-ext-typographic-0.42.14.jar
[INFO]       flexmark-ext-wikilink-0.42.14.jar
[INFO]       flexmark-ext-yaml-front-matter-0.42.14.jar
[INFO]       flexmark-ext-youtube-embedded-0.42.14.jar
[INFO]       flexmark-formatter-0.42.14.jar
[INFO]       flexmark-html-parser-0.42.14.jar
[INFO]       jsoup-1.10.2.jar
[INFO]       flexmark-jira-converter-0.42.14.jar
[INFO]       flexmark-profile-pegdown-0.42.14.jar
[INFO]       flexmark-util-0.42.14.jar
[INFO]       flexmark-youtrack-converter-0.42.14.jar
[INFO]       doxia-module-confluence-1.11.1.jar
[INFO]       doxia-module-docbook-simple-1.11.1.jar
[INFO]       doxia-module-twiki-1.11.1.jar
[INFO]       doxia-decoration-model-1.11.1.jar
[INFO]       doxia-site-renderer-1.11.1.jar
[INFO]       doxia-skin-model-1.11.1.jar
[INFO]       plexus-velocity-1.2.jar
[INFO]       velocity-1.7.jar
[INFO]       commons-lang-2.4.jar
[INFO]       velocity-tools-2.0.jar
[INFO]       commons-beanutils-1.7.0.jar
[INFO]       commons-digester-1.8.jar
[INFO]       commons-chain-1.1.jar
[INFO]       dom4j-1.1.jar
[INFO]       oro-2.0.8.jar
[INFO]       commons-collections-3.2.2.jar
[INFO]       doxia-integration-tools-1.11.1.jar
[INFO]       jetty-server-9.4.46.v20220331.jar
[INFO]       javax.servlet-api-3.1.0.jar
[INFO]       jetty-http-9.4.46.v20220331.jar
[INFO]       jetty-io-9.4.46.v20220331.jar
[INFO]       jetty-servlet-9.4.46.v20220331.jar
[INFO]       jetty-security-9.4.46.v20220331.jar
[INFO]       jetty-util-ajax-9.4.46.v20220331.jar
[INFO]       jetty-webapp-9.4.46.v20220331.jar
[INFO]       jetty-xml-9.4.46.v20220331.jar
[INFO]       jetty-util-9.4.46.v20220331.jar
[INFO] Resolved plugin: maven-resources-plugin-3.3.1.jar
[INFO] Resolved plugin dependency:
[INFO]       maven-resources-plugin-3.3.1.jar
[INFO]       plexus-interpolation-1.26.jar
[INFO]       plexus-utils-3.5.1.jar
[INFO]       maven-filtering-3.3.1.jar
[INFO]       javax.inject-1.jar
[INFO]       slf4j-api-1.7.36.jar
[INFO]       plexus-build-api-0.0.7.jar
[INFO]       commons-io-2.11.0.jar
[INFO]       commons-lang3-3.12.0.jar
[INFO] Resolved plugin: maven-deploy-plugin-3.1.4.jar
[INFO] Resolved plugin dependency:
[INFO]       maven-deploy-plugin-3.1.4.jar
[INFO]       plexus-utils-4.0.1.jar
[INFO]       plexus-xml-3.0.1.jar
[INFO]       maven-resolver-util-1.9.22.jar
[INFO]       maven-resolver-api-1.9.22.jar
[INFO] Resolved dependency: spring-boot-starter-4.0.2.jar
[INFO] Resolved dependency: spring-boot-starter-logging-4.0.2.jar
[INFO] Resolved dependency: logback-classic-1.5.25.jar
[INFO] Resolved dependency: logback-core-1.5.25.jar
[INFO] Resolved dependency: log4j-to-slf4j-2.25.3.jar
[INFO] Resolved dependency: log4j-api-2.25.3.jar
[INFO] Resolved dependency: jul-to-slf4j-2.0.17.jar
[INFO] Resolved dependency: spring-boot-autoconfigure-4.0.2.jar
[INFO] Resolved dependency: spring-boot-4.0.2.jar
[INFO] Resolved dependency: jakarta.annotation-api-3.0.0.jar
[INFO] Resolved dependency: snakeyaml-2.5.jar
[INFO] Resolved dependency: junit-jupiter-6.0.2.jar
[INFO] Resolved dependency: junit-jupiter-api-6.0.2.jar
[INFO] Resolved dependency: opentest4j-1.3.0.jar
[INFO] Resolved dependency: junit-platform-commons-6.0.2.jar
[INFO] Resolved dependency: junit-jupiter-params-6.0.2.jar
[INFO] Resolved dependency: junit-jupiter-engine-6.0.2.jar
[INFO] Resolved dependency: protobuf-java-3.25.9.jar
[INFO] Resolved dependency: flowable-spring-8.0.0.jar
[INFO] Resolved dependency: flowable-engine-8.0.0.jar
[INFO] Resolved dependency: flowable-bpmn-converter-8.0.0.jar
[INFO] Resolved dependency: flowable-bpmn-model-8.0.0.jar
[INFO] Resolved dependency: flowable-process-validation-8.0.0.jar
[INFO] Resolved dependency: flowable-image-generator-8.0.0.jar
[INFO] Resolved dependency: flowable-engine-common-api-8.0.0.jar
[INFO] Resolved dependency: flowable-engine-common-8.0.0.jar
[INFO] Resolved dependency: flowable-variable-service-api-8.0.0.jar
[INFO] Resolved dependency: flowable-event-registry-api-8.0.0.jar
[INFO] Resolved dependency: jackson-databind-3.0.4.jar
[INFO] Resolved dependency: jackson-core-3.0.4.jar
[INFO] Resolved dependency: flowable-variable-service-8.0.0.jar
[INFO] Resolved dependency: flowable-identitylink-service-8.0.0.jar
[INFO] Resolved dependency: flowable-identitylink-service-api-8.0.0.jar
[INFO] Resolved dependency: flowable-entitylink-service-8.0.0.jar
[INFO] Resolved dependency: flowable-entitylink-service-api-8.0.0.jar
[INFO] Resolved dependency: flowable-event-registry-8.0.0.jar
[INFO] Resolved dependency: flowable-event-registry-model-8.0.0.jar
[INFO] Resolved dependency: flowable-event-registry-json-converter-8.0.0.jar
[INFO] Resolved dependency: flowable-eventsubscription-service-api-8.0.0.jar
[INFO] Resolved dependency: commons-io-2.21.0.jar
[INFO] Resolved dependency: java-uuid-generator-5.1.0.jar
[INFO] Resolved dependency: flowable-event-registry-configurator-8.0.0.jar
[INFO] Resolved dependency: flowable-eventsubscription-service-8.0.0.jar
[INFO] Resolved dependency: flowable-task-service-8.0.0.jar
[INFO] Resolved dependency: flowable-task-service-api-8.0.0.jar
[INFO] Resolved dependency: flowable-job-service-8.0.0.jar
[INFO] Resolved dependency: flowable-job-service-api-8.0.0.jar
[INFO] Resolved dependency: flowable-batch-service-8.0.0.jar
[INFO] Resolved dependency: flowable-batch-service-api-8.0.0.jar
[INFO] Resolved dependency: flowable-idm-api-8.0.0.jar
[INFO] Resolved dependency: flowable-idm-engine-8.0.0.jar
[INFO] Resolved dependency: commons-codec-1.19.0.jar
[INFO] Resolved dependency: flowable-idm-engine-configurator-8.0.0.jar
[INFO] Resolved dependency: flowable-cmmn-api-8.0.0.jar
[INFO] Resolved dependency: flowable-cmmn-model-8.0.0.jar
[INFO] Resolved dependency: flowable-dmn-api-8.0.0.jar
[INFO] Resolved dependency: flowable-dmn-model-8.0.0.jar
[INFO] Resolved dependency: flowable-form-model-8.0.0.jar
[INFO] Resolved dependency: flowable-form-api-8.0.0.jar
[INFO] Resolved dependency: jackson-annotations-2.20.jar
[INFO] Resolved dependency: flowable-content-api-8.0.0.jar
[INFO] Resolved dependency: flowable-http-common-8.0.0.jar
[INFO] Resolved dependency: flowable-mail-8.0.0.jar
[INFO] Resolved dependency: angus-mail-2.0.5.jar
[INFO] Resolved dependency: jakarta.activation-api-2.1.4.jar
[INFO] Resolved dependency: jakarta.mail-api-2.1.5.jar
[INFO] Resolved dependency: angus-activation-2.0.3.jar
[INFO] Resolved dependency: mybatis-3.5.19.jar
[INFO] Resolved dependency: spring-beans-7.0.3.jar
[INFO] Resolved dependency: joda-time-2.14.0.jar
[INFO] Resolved dependency: flowable-spring-common-8.0.0.jar
[INFO] Resolved dependency: flowable-job-spring-service-8.0.0.jar
[INFO] Resolved dependency: flowable-event-registry-spring-configurator-8.0.0.jar
[INFO] Resolved dependency: flowable-event-registry-spring-8.0.0.jar
[INFO] Resolved dependency: spring-context-7.0.3.jar
[INFO] Resolved dependency: spring-aop-7.0.3.jar
[INFO] Resolved dependency: spring-core-7.0.3.jar
[INFO] Resolved dependency: commons-logging-1.3.5.jar
[INFO] Resolved dependency: spring-expression-7.0.3.jar
[INFO] Resolved dependency: micrometer-observation-1.16.2.jar
[INFO] Resolved dependency: micrometer-commons-1.16.2.jar
[INFO] Resolved dependency: spring-jdbc-7.0.3.jar
[INFO] Resolved dependency: spring-tx-7.0.3.jar
[INFO] Resolved dependency: commons-lang3-3.19.0.jar
[INFO] Resolved dependency: spring-orm-7.0.3.jar
[INFO] Resolved dependency: slf4j-api-2.0.17.jar
[INFO] Resolved dependency: jcl-over-slf4j-2.0.17.jar
[INFO] Resolved dependency: postgresql-42.7.9.jar
[INFO] Resolved dependency: checker-qual-3.52.0.jar
[INFO] Resolved dependency: grpc-stub-1.84.0.jar
[INFO] Resolved dependency: grpc-api-1.84.0.jar
[INFO] Resolved dependency: animal-sniffer-annotations-1.27.jar
[INFO] Resolved dependency: guava-33.6.0-android.jar
[INFO] Resolved dependency: failureaccess-1.0.3.jar
[INFO] Resolved dependency: listenablefuture-9999.0-empty-to-avoid-conflict-with-guava.jar
[INFO] Resolved dependency: j2objc-annotations-3.1.jar
[INFO] Resolved dependency: error_prone_annotations-2.50.0.jar
[INFO] Resolved dependency: grpc-protobuf-1.84.0.jar
[INFO] Resolved dependency: jsr305-3.0.2.jar
[INFO] Resolved dependency: proto-google-common-protos-2.64.1.jar
[INFO] Resolved dependency: grpc-protobuf-lite-1.84.0.jar
[INFO] Resolved dependency: junit-platform-launcher-6.0.2.jar
[INFO] Resolved dependency: junit-platform-engine-6.0.2.jar
[INFO] Resolved dependency: apiguardian-api-1.1.2.jar
[INFO] Resolved dependency: jspecify-1.0.0.jar
[INFO] Resolved dependency: grpc-netty-shaded-1.84.0.jar
[INFO] Resolved dependency: grpc-util-1.84.0.jar
[INFO] Resolved dependency: grpc-core-1.84.0.jar
[INFO] Resolved dependency: gson-2.13.2.jar
[INFO] Resolved dependency: annotations-4.1.1.4.jar
[INFO] Resolved dependency: grpc-context-1.84.0.jar
[INFO] Resolved dependency: perfmark-api-0.27.0.jar
[INFO] ------------------------------------------------------------------------
[INFO] BUILD SUCCESS
[INFO] ------------------------------------------------------------------------
[INFO] Total time:  29.746 s
[INFO] Finished at: 2026-10-05T05:40:06Z
[INFO] ------------------------------------------------------------------------
[INFO] Scanning for projects...
[INFO] 
[INFO] --------------< org.weaveos.proof:test-provider-prefetch >--------------
[INFO] Building test-provider-prefetch 1
[INFO]   from provider-pom.xml
[INFO] --------------------------------[ jar ]---------------------------------
[INFO] 
[INFO] --- dependency:3.9.0:go-offline (default-cli) @ test-provider-prefetch ---
[INFO] Resolved plugin: maven-compiler-plugin-3.13.0.jar
[INFO] Resolved plugin dependency:
[INFO]       maven-compiler-plugin-3.13.0.jar
[INFO]       maven-shared-utils-3.4.2.jar
[INFO]       slf4j-api-1.7.36.jar
[INFO]       commons-io-2.11.0.jar
[INFO]       maven-shared-incremental-1.1.jar
[INFO]       plexus-java-1.2.0.jar
[INFO]       asm-9.6.jar
[INFO]       qdox-2.0.3.jar
[INFO]       plexus-compiler-api-2.15.0.jar
[INFO]       plexus-compiler-manager-2.15.0.jar
[INFO]       javax.inject-1.jar
[INFO]       plexus-xml-3.0.0.jar
[INFO]       plexus-compiler-javac-2.15.0.jar
[INFO]       plexus-utils-4.0.0.jar
[INFO] Resolved plugin: maven-surefire-plugin-3.2.5.jar
[INFO] Resolved plugin dependency:
[INFO]       maven-surefire-plugin-3.2.5.jar
[INFO]       maven-surefire-common-3.2.5.jar
[INFO]       surefire-api-3.2.5.jar
[INFO]       surefire-logger-api-3.2.5.jar
[INFO]       surefire-extensions-api-3.2.5.jar
[INFO]       surefire-booter-3.2.5.jar
[INFO]       surefire-extensions-spi-3.2.5.jar
[INFO]       aether-util-1.0.0.v20140518.jar
[INFO]       aether-api-1.0.0.v20140518.jar
[INFO]       maven-common-artifact-filters-3.1.1.jar
[INFO]       maven-artifact-3.2.5.jar
[INFO]       plexus-utils-4.0.0.jar
[INFO]       maven-core-3.2.5.jar
[INFO]       maven-settings-3.2.5.jar
[INFO]       maven-settings-builder-3.2.5.jar
[INFO]       maven-repository-metadata-3.2.5.jar
[INFO]       maven-model-builder-3.2.5.jar
[INFO]       maven-aether-provider-3.2.5.jar
[INFO]       aether-spi-1.0.0.v20140518.jar
[INFO]       aether-impl-1.0.0.v20140518.jar
[INFO]       org.eclipse.sisu.plexus-0.9.0.M2.jar
[INFO]       javax.annotation-api-1.2.jar
[INFO]       cdi-api-1.2.jar
[INFO]       org.eclipse.sisu.inject-0.9.0.M2.jar
[INFO]       sisu-guice-3.2.3-no_aop.jar
[INFO]       javax.inject-1.jar
[INFO]       aopalliance-1.0.jar
[INFO]       guava-16.0.1.jar
[INFO]       plexus-interpolation-1.21.jar
[INFO]       plexus-classworlds-2.5.2.jar
[INFO]       plexus-component-annotations-1.5.5.jar
[INFO]       plexus-sec-dispatcher-1.3.jar
[INFO]       plexus-cipher-1.4.jar
[INFO]       maven-plugin-api-3.2.5.jar
[INFO]       commons-io-2.15.1.jar
[INFO]       plexus-java-1.2.0.jar
[INFO]       asm-9.6.jar
[INFO]       qdox-2.0.3.jar
[INFO]       surefire-shared-utils-3.2.5.jar
[INFO] Resolved plugin: maven-jar-plugin-3.4.1.jar
[INFO] Resolved plugin dependency:
[INFO]       maven-jar-plugin-3.4.1.jar
[INFO]       file-management-3.1.0.jar
[INFO]       commons-io-2.16.1.jar
[INFO]       maven-archiver-3.6.2.jar
[INFO]       plexus-interpolation-1.27.jar
[INFO]       plexus-utils-4.0.1.jar
[INFO]       plexus-archiver-4.9.2.jar
[INFO]       plexus-io-3.4.2.jar
[INFO]       commons-compress-1.26.1.jar
[INFO]       commons-lang3-3.14.0.jar
[INFO]       commons-codec-1.16.1.jar
[INFO]       snappy-0.4.jar
[INFO]       xz-1.9.jar
[INFO]       zstd-jni-1.5.5-11.jar
[INFO]       javax.inject-1.jar
[INFO]       slf4j-api-1.7.36.jar
[INFO] Resolved plugin: maven-clean-plugin-3.2.0.jar
[INFO] Resolved plugin dependency:
[INFO]       maven-clean-plugin-3.2.0.jar
[INFO]       maven-shared-utils-3.3.4.jar
[INFO]       commons-io-2.6.jar
[INFO] Resolved plugin: maven-install-plugin-3.1.2.jar
[INFO] Resolved plugin dependency:
[INFO]       maven-install-plugin-3.1.2.jar
[INFO]       maven-resolver-util-1.9.18.jar
[INFO]       maven-resolver-api-1.9.18.jar
[INFO]       plexus-utils-4.0.1.jar
[INFO]       plexus-xml-3.0.0.jar
[INFO] Resolved plugin: maven-site-plugin-3.12.1.jar
[INFO] Resolved plugin dependency:
[INFO]       maven-site-plugin-3.12.1.jar
[INFO]       maven-reporting-api-3.1.1.jar
[INFO]       maven-reporting-exec-1.6.0.jar
[INFO]       maven-artifact-3.2.5.jar
[INFO]       maven-core-3.2.5.jar
[INFO]       maven-repository-metadata-3.2.5.jar
[INFO]       maven-model-builder-3.2.5.jar
[INFO]       maven-aether-provider-3.2.5.jar
[INFO]       aether-spi-1.0.0.v20140518.jar
[INFO]       aether-impl-1.0.0.v20140518.jar
[INFO]       aether-api-1.0.0.v20140518.jar
[INFO]       org.eclipse.sisu.plexus-0.3.5.jar
[INFO]       javax.annotation-api-1.2.jar
[INFO]       cdi-api-1.2.jar
[INFO]       org.eclipse.sisu.inject-0.3.5.jar
[INFO]       sisu-guice-3.2.3-no_aop.jar
[INFO]       javax.inject-1.jar
[INFO]       aopalliance-1.0.jar
[INFO]       guava-16.0.1.jar
[INFO]       plexus-classworlds-2.5.2.jar
[INFO]       plexus-sec-dispatcher-1.3.jar
[INFO]       plexus-cipher-1.4.jar
[INFO]       maven-model-3.2.5.jar
[INFO]       maven-plugin-api-3.2.5.jar
[INFO]       maven-settings-3.2.5.jar
[INFO]       maven-settings-builder-3.2.5.jar
[INFO]       aether-util-1.0.0.v20140518.jar
[INFO]       maven-shared-utils-3.3.4.jar
[INFO]       commons-io-2.6.jar
[INFO]       maven-archiver-3.5.2.jar
[INFO]       commons-compress-1.20.jar
[INFO]       plexus-interpolation-1.26.jar
[INFO]       plexus-archiver-4.2.7.jar
[INFO]       plexus-io-3.2.0.jar
[INFO]       snappy-0.4.jar
[INFO]       xz-1.9.jar
[INFO]       plexus-i18n-1.0-beta-10.jar
[INFO]       plexus-utils-3.4.2.jar
[INFO]       doxia-sink-api-1.11.1.jar
[INFO]       doxia-logging-api-1.11.1.jar
[INFO]       doxia-core-1.11.1.jar
[INFO]       plexus-container-default-2.1.0.jar
[INFO]       xbean-reflect-3.7.jar
[INFO]       google-collections-1.0.jar
[INFO]       plexus-component-annotations-2.1.1.jar
[INFO]       commons-lang3-3.8.1.jar
[INFO]       commons-text-1.3.jar
[INFO]       httpclient-4.5.13.jar
[INFO]       commons-logging-1.2.jar
[INFO]       commons-codec-1.11.jar
[INFO]       httpcore-4.4.14.jar
[INFO]       doxia-module-xhtml-1.11.1.jar
[INFO]       doxia-module-xhtml5-1.11.1.jar
[INFO]       doxia-module-apt-1.11.1.jar
[INFO]       doxia-module-xdoc-1.11.1.jar
[INFO]       doxia-module-fml-1.11.1.jar
[INFO]       doxia-module-markdown-1.11.1.jar
[INFO]       flexmark-all-0.42.14.jar
[INFO]       flexmark-0.42.14.jar
[INFO]       flexmark-ext-abbreviation-0.42.14.jar
[INFO]       flexmark-ext-admonition-0.42.14.jar
[INFO]       flexmark-ext-anchorlink-0.42.14.jar
[INFO]       flexmark-ext-aside-0.42.14.jar
[INFO]       flexmark-ext-attributes-0.42.14.jar
[INFO]       flexmark-ext-autolink-0.42.14.jar
[INFO]       autolink-0.6.0.jar
[INFO]       flexmark-ext-definition-0.42.14.jar
[INFO]       flexmark-ext-emoji-0.42.14.jar
[INFO]       flexmark-ext-enumerated-reference-0.42.14.jar
[INFO]       flexmark-ext-escaped-character-0.42.14.jar
[INFO]       flexmark-ext-footnotes-0.42.14.jar
[INFO]       flexmark-ext-gfm-issues-0.42.14.jar
[INFO]       flexmark-ext-gfm-strikethrough-0.42.14.jar
[INFO]       flexmark-ext-gfm-tables-0.42.14.jar
[INFO]       flexmark-ext-gfm-tasklist-0.42.14.jar
[INFO]       flexmark-ext-gfm-users-0.42.14.jar
[INFO]       flexmark-ext-gitlab-0.42.14.jar
[INFO]       flexmark-ext-jekyll-front-matter-0.42.14.jar
[INFO]       flexmark-ext-jekyll-tag-0.42.14.jar
[INFO]       flexmark-ext-media-tags-0.42.14.jar
[INFO]       flexmark-ext-macros-0.42.14.jar
[INFO]       flexmark-ext-ins-0.42.14.jar
[INFO]       flexmark-ext-xwiki-macros-0.42.14.jar
[INFO]       flexmark-ext-superscript-0.42.14.jar
[INFO]       flexmark-ext-tables-0.42.14.jar
[INFO]       flexmark-ext-toc-0.42.14.jar
[INFO]       flexmark-ext-typographic-0.42.14.jar
[INFO]       flexmark-ext-wikilink-0.42.14.jar
[INFO]       flexmark-ext-yaml-front-matter-0.42.14.jar
[INFO]       flexmark-ext-youtube-embedded-0.42.14.jar
[INFO]       flexmark-formatter-0.42.14.jar
[INFO]       flexmark-html-parser-0.42.14.jar
[INFO]       jsoup-1.10.2.jar
[INFO]       flexmark-jira-converter-0.42.14.jar
[INFO]       flexmark-profile-pegdown-0.42.14.jar
[INFO]       flexmark-util-0.42.14.jar
[INFO]       flexmark-youtrack-converter-0.42.14.jar
[INFO]       doxia-module-confluence-1.11.1.jar
[INFO]       doxia-module-docbook-simple-1.11.1.jar
[INFO]       doxia-module-twiki-1.11.1.jar
[INFO]       doxia-decoration-model-1.11.1.jar
[INFO]       doxia-site-renderer-1.11.1.jar
[INFO]       doxia-skin-model-1.11.1.jar
[INFO]       plexus-velocity-1.2.jar
[INFO]       velocity-1.7.jar
[INFO]       commons-lang-2.4.jar
[INFO]       velocity-tools-2.0.jar
[INFO]       commons-beanutils-1.7.0.jar
[INFO]       commons-digester-1.8.jar
[INFO]       commons-chain-1.1.jar
[INFO]       dom4j-1.1.jar
[INFO]       oro-2.0.8.jar
[INFO]       commons-collections-3.2.2.jar
[INFO]       doxia-integration-tools-1.11.1.jar
[INFO]       jetty-server-9.4.46.v20220331.jar
[INFO]       javax.servlet-api-3.1.0.jar
[INFO]       jetty-http-9.4.46.v20220331.jar
[INFO]       jetty-io-9.4.46.v20220331.jar
[INFO]       jetty-servlet-9.4.46.v20220331.jar
[INFO]       jetty-security-9.4.46.v20220331.jar
[INFO]       jetty-util-ajax-9.4.46.v20220331.jar
[INFO]       jetty-webapp-9.4.46.v20220331.jar
[INFO]       jetty-xml-9.4.46.v20220331.jar
[INFO]       jetty-util-9.4.46.v20220331.jar
[INFO] Resolved plugin: maven-resources-plugin-3.3.1.jar
[INFO] Resolved plugin dependency:
[INFO]       maven-resources-plugin-3.3.1.jar
[INFO]       plexus-interpolation-1.26.jar
[INFO]       plexus-utils-3.5.1.jar
[INFO]       maven-filtering-3.3.1.jar
[INFO]       javax.inject-1.jar
[INFO]       slf4j-api-1.7.36.jar
[INFO]       plexus-build-api-0.0.7.jar
[INFO]       commons-io-2.11.0.jar
[INFO]       commons-lang3-3.12.0.jar
[INFO] Resolved plugin: maven-deploy-plugin-3.1.2.jar
[INFO] Resolved plugin dependency:
[INFO]       maven-deploy-plugin-3.1.2.jar
[INFO]       plexus-utils-4.0.1.jar
[INFO]       plexus-xml-3.0.0.jar
[INFO]       maven-resolver-util-1.9.18.jar
[INFO]       maven-resolver-api-1.9.18.jar
[INFO] Resolved dependency: junit-platform-launcher-1.12.1.jar
[INFO] Resolved dependency: junit-platform-engine-1.12.1.jar
[INFO] Resolved dependency: opentest4j-1.3.0.jar
[INFO] Resolved dependency: junit-platform-commons-1.12.1.jar
[INFO] Resolved dependency: apiguardian-api-1.1.2.jar
[INFO] Resolved dependency: protoc-3.25.9-linux-x86_64.exe
[INFO] Resolved dependency: surefire-junit-platform-3.5.4.jar
[INFO] Resolved dependency: common-java5-3.5.4.jar
[INFO] Resolved dependency: surefire-shared-utils-3.5.4.jar
[INFO] Resolved dependency: surefire-api-3.5.4.jar
[INFO] Resolved dependency: surefire-logger-api-3.5.4.jar
[INFO] Resolved dependency: protoc-gen-grpc-java-1.84.0-linux-x86_64.exe
[INFO] ------------------------------------------------------------------------
[INFO] BUILD SUCCESS
[INFO] ------------------------------------------------------------------------
[INFO] Total time:  3.528 s
[INFO] Finished at: 2026-10-05T05:40:10Z
[INFO] ------------------------------------------------------------------------
