✔ B2 CI: fixture creates a private dedicated socket database with no network/ports (8.423655ms)
✔ B2 CI: an existing state file is never overwritten (1.253871ms)
✔ B2 CI: partial startup failure is nonzero and removes only its own fixture (1.224477ms)
✔ B2 CI: successful cleanup removes its container/data/socket/state and is idempotent (1.149804ms)
✔ B2 CI: cleanup refuses wrongOwner (1.784942ms)
✔ B2 CI: cleanup refuses wrongNetwork (1.575746ms)
✔ B2 CI: cleanup refuses wrongMount (0.846827ms)
✔ B2 CI: cleanup failure is not swallowed and retains recoverable state (0.74279ms)
✔ B2 CI: cleanup refuses an outside root without any Docker action (0.723351ms)
✔ B2 CI: cleanup refuses symlink state and never touches its target (1.262965ms)
✔ B2 CI: bootstrap exports the dedicated URL and always-cleanup accepts the actual state (1.368454ms)
✔ B2 CI: bootstrap rejects unknown commands instead of silently succeeding (0.160602ms)
✔ B2 CI: Go job supplies the fixture before race tests with unconditional owned cleanup (0.379663ms)
✔ B2 CI: acceptance gives nested Go the dedicated URL and matching socket mount (2.828887ms)
✔ B2 CI: acceptance failure cleans B2 and preserves original product stop-only lifecycle (1.367392ms)
✔ B5a frozen HTTP routes, method sets and live Web Session are explicit (1.589748ms)
✔ B5a DTOs use exact closed fields and finite menu grants (0.267423ms)
✔ B5a six public error codes retain frozen HTTP status (0.295997ms)
✔ B5a new migrations have exact reviewed compatibility hashes and runtime role pin (0.89518ms)
✔ B5a.9: fixture preserves the exact approved PR21 legacy PLAN bytes (2.36038ms)
✔ B5a.9: a valid canonical task without an auxiliary document still passes (56.451462ms)
✔ B5a.9: exact registered and referenced PR21 auxiliary PLAN passes discovery (65.598843ms)
✔ B5a.9: known auxiliary path rejects replaced contents (114.275594ms)
✔ B5a.9: known auxiliary path rejects one-byte addition (85.732699ms)
✔ B5a.9: known auxiliary path rejects forged task metadata (105.898099ms)
✔ B5a.9: known auxiliary path rejects a complete second task (86.98237ms)
✔ B5a.9: auxiliary compatibility rejects missing canonical task (48.874975ms)
✔ B5a.9: auxiliary compatibility rejects missing canonical metadata (58.962059ms)
✔ B5a.9: auxiliary compatibility rejects duplicate canonical metadata (72.143659ms)
✔ B5a.9: auxiliary compatibility rejects invalid canonical JSON (55.978969ms)
✔ B5a.9: auxiliary compatibility rejects other task identity (64.87053ms)
✔ B5a.9: auxiliary compatibility rejects missing canonical owner (65.689565ms)
✔ B5a.9: auxiliary compatibility rejects wrong branch identity (103.78361ms)
✔ B5a.9: auxiliary compatibility rejects wrong worktree identity (53.305718ms)
✔ B5a.9: auxiliary compatibility rejects invalid canonical scope (59.91799ms)
✔ B5a.9: auxiliary compatibility rejects empty canonical scope (45.275295ms)
✔ B5a.9: auxiliary compatibility rejects unregistered auxiliary scope (57.269106ms)
✔ B5a.9: auxiliary compatibility rejects a scope path that merely shares the prefix (39.958339ms)
✔ B5a.9: auxiliary compatibility rejects missing canonical reference (42.819258ms)
✔ B5a.9: auxiliary compatibility rejects a reference to a different PLAN (38.356234ms)
✔ B5a.9: auxiliary compatibility rejects incomplete ready canonical task (77.178259ms)
✔ B5a.9: auxiliary compatibility rejects a prematurely accepted canonical task (104.543527ms)
✔ B5a.9: legacy exception does not admit similar or malformed name V010-021-PLAN.md (76.529873ms)
✔ B5a.9: legacy exception does not admit similar or malformed name V030-020-PLAN.md (96.370719ms)
✔ B5a.9: legacy exception does not admit similar or malformed name V020-020-PLAN.md (45.672836ms)
✔ B5a.9: legacy exception does not admit similar or malformed name V999-020-PLAN.md (85.012513ms)
✔ B5a.9: legacy exception does not admit similar or malformed name V010-20-PLAN.md (93.358542ms)
✔ B5a.9: legacy exception does not admit similar or malformed name V010-0020-PLAN.md (97.242103ms)
✔ B5a.9: legacy exception does not admit similar or malformed name v010-020-PLAN.md (76.422616ms)
✔ B5a.9: legacy exception does not admit similar or malformed name V010-020-plan.md (54.118431ms)
✔ B5a.9: legacy exception does not admit similar or malformed name V010-020-PLAN-copy.md (51.553813ms)
✔ B5a.9: legacy exception does not admit similar or malformed name V010-020-PLAN.md.md (49.029012ms)
✔ B5a.9: an approved auxiliary does not conceal an additional fake task document (56.41265ms)
✔ B5a.9: auxiliary filename and content remain unsuitable as a canonical task (0.859065ms)
✔ B5a.9: auxiliary compatibility cannot supply cleanup completion or a fake task identity (2.134589ms)
✔ FND-03: CI runs real Go validation and browser tests (1.217296ms)
✔ FND-03: product acceptance and artifacts are explicit, not fake deploys (0.41118ms)
✔ FND-04: web entry is real React with no fabricated login UI (0.401846ms)
✔ FND-05: CI retains a source bundle without bundling local credentials (1.281813ms)
✔ FND-05: RED replay metadata pins the real pre-implementation source (0.361045ms)
✔ release: all mandatory evidence present is structurally ready (1.460533ms)
✔ release: a missing or empty matrix is not a pass (0.250447ms)
✔ release: pending, skipped, failed and blocked are never passed (0.222355ms)
✔ release: missing evidence, owner or duplicate IDs are rejected (0.18613ms)
✔ remote cleanup: matching accepted remote branch can be removed (2.34095ms)
✔ remote cleanup: no remote branch remains a successful idempotent state (4.950707ms)
✔ remote cleanup: refuse unmerged (0.27218ms)
✔ remote cleanup: refuse unfinished document (0.179841ms)
✔ remote cleanup: refuse new remote commit (0.18615ms)
✔ remote cleanup: refuse unverified squash (0.144257ms)
✔ remote cleanup: refuse offline snapshot (0.146942ms)
✔ local cleanup: removed remote does not erase valid local identity (0.131368ms)
✔ local cleanup: matching refs retain identity (0.209997ms)
✔ local cleanup: divergent refs cannot hide new work (0.280083ms)
✔ Root R03: every approved migration is registered once with its actual source digest (2.295963ms)
✔ Root R03: prior reviewed migration registrations retain their exact paths and hashes (1.074801ms)
✔ Root R03: the new cold audit registration precedes all dependent hot registrations (0.25812ms)
✔ FND-02: parse a valid task and retain identity (2.747403ms)
✔ FND-02: malformed or duplicate metadata is rejected (0.378762ms)
✔ FND-02: a ready task with incomplete acceptance is invalid (0.308745ms)
✔ FND-02: no checkboxes is not proof of completion (0.189907ms)
✔ FND-02: mismatched branch, worktree and unsafe paths are rejected (0.322827ms)
✔ FND-02: accepted cannot be asserted before remote verification (0.164428ms)
✔ FND-02: complete remote main document + merged PR permits cleanup despite squash ancestry (0.467405ms)
✔ FND-02: refuse cleanup for offline snapshot (0.193062ms)
✔ FND-02: refuse cleanup for missing remote document (0.178349ms)
✔ FND-02: refuse cleanup for unfinished document (0.207804ms)
✔ FND-02: refuse cleanup for wrong task identity (0.15965ms)
✔ FND-02: refuse cleanup for unmerged PR (0.154463ms)
✔ FND-02: refuse cleanup for wrong merge base (0.088643ms)
✔ FND-02: refuse cleanup for different repository (0.076315ms)
✔ FND-02: refuse cleanup for other task branch (0.492002ms)
✔ FND-02: refuse cleanup for post-merge commit (0.4908ms)
✔ FND-02: refuse cleanup for dirty worktree (0.091348ms)
✔ FND-02: refuse cleanup for squash not in remote main (0.063086ms)
✔ FND-02: acceptance remains true after the task branch/worktree were cleaned (0.456358ms)
✔ FND-02: local completion without a merged PR is not accepted (0.17225ms)
✔ B0: V010 and V030 metadata and mixed approved dependencies remain valid (3.22859ms)
✔ B0: malformed/injected ID is rejected without throwing #0 (1.655858ms)
✔ B0: malformed/injected ID is rejected without throwing #1 (6.741017ms)
✔ B0: malformed/injected ID is rejected without throwing #2 (1.989651ms)
✔ B0: malformed/injected ID is rejected without throwing #3 (0.223367ms)
✔ B0: malformed/injected ID is rejected without throwing #4 (0.236757ms)
✔ B0: malformed/injected ID is rejected without throwing #5 (0.240784ms)
✔ B0: malformed/injected ID is rejected without throwing #6 (0.17231ms)
✔ B0: malformed/injected ID is rejected without throwing #7 (0.207113ms)
✔ B0: malformed/injected ID is rejected without throwing #8 (0.351661ms)
✔ B0: malformed/injected ID is rejected without throwing #9 (0.145189ms)
✔ B0: malformed/injected ID is rejected without throwing #10 (0.095595ms)
✔ B0: malformed/injected ID is rejected without throwing #11 (0.074863ms)
✔ B0: malformed/injected ID is rejected without throwing #12 (0.148684ms)
✔ B0: malformed/injected ID is rejected without throwing #13 (0.091598ms)
✔ B0: malformed/injected ID is rejected without throwing #14 (0.077748ms)
✔ B0: malformed/injected ID is rejected without throwing #15 (0.061933ms)
✔ B0: malformed/injected ID is rejected without throwing #16 (0.062054ms)
✔ B0: malformed/injected ID is rejected without throwing #17 (0.068513ms)
✔ B0: malformed/injected ID is rejected without throwing #18 (0.062685ms)
✔ B0: malformed/injected ID is rejected without throwing #19 (0.067522ms)
✔ B0: malformed/injected ID is rejected without throwing #20 (0.059891ms)
✔ B0: malformed/injected ID is rejected without throwing #21 (0.05937ms)
✔ B0: malformed/injected ID is rejected without throwing #22 (0.084107ms)
✔ B0: malformed/injected ID is rejected without throwing #23 (0.07267ms)
✔ B0: malformed/injected ID is rejected without throwing #24 (0.061012ms)
✔ B0: malformed/injected ID is rejected without throwing #25 (0.056395ms)
✔ B0: same task number in another version cannot satisfy branch/worktree identity (0.266041ms)
✔ B0: V030 retains unsafe-path, incomplete, no-PR and premature-acceptance guards (0.288786ms)
✔ B0: complete matching V030 permits the same acceptance/cleanup decisions as V010 (5.784645ms)
✔ B0: V030 acceptance and cleanup reject offline (0.265601ms)
✔ B0: V030 acceptance and cleanup reject unfinished (0.263588ms)
✔ B0: V030 acceptance and cleanup reject other version (0.124688ms)
✔ B0: V030 acceptance and cleanup reject unmerged (0.135073ms)
✔ B0: V030 acceptance and cleanup reject wrong base (0.097628ms)
✔ B0: V030 acceptance and cleanup reject wrong repository (0.080101ms)
✔ B0: V030 acceptance and cleanup reject wrong version PR (0.081713ms)
✔ B0: V030 cleanup still rejects dirty, changed-tip and unverified squash states (0.551401ms)
✔ B0: task discovery validates V030 documents instead of silently skipping them (93.02897ms)
✔ B0: discovered same-number metadata from another version is rejected (100.166745ms)
✔ B0: malformed and unsupported version-task filenames cannot disappear from discovery (200.923701ms)
✔ B0: real Git diff verifies a valid V030 PR and an unchanged V010 PR rule (184.453017ms)
✔ B0: V030 PR scope rejects an unrelated changed path (99.58693ms)
✔ B0: a V010 PR cannot consume a same-number V030 task document (153.386744ms)
✔ B0: V030 branch syntax remains exact and cannot contain malformed slug or injection (384.945399ms)
✔ B0: V030 CLI passes ID parsing then uses exact remote task path in start dry-run (617.497924ms)
✔ B0: V030 ready task still cannot be restarted (232.436982ms)
✔ B0: malformed/injected CLI IDs stop before any Git/gh execution (785.294311ms)
✔ B0: remote helper recognizes V030 while retaining exact-head conditional deletion (338.258059ms)
✔ B0: remote helper never deletes an unmerged or other-version task (280.419824ms)
✔ maintenance is a nondefault one-shot profile in runtime and installed config (1.959476ms)
✔ hourly cron invokes the same single-run operation as manual maintenance (0.335966ms)
✔ receiver rejects unreviewed profile/command/restart and topology mutations (0.60365ms)
✔ ordinary release cannot silently upgrade the installed resident maintenance topology (0.550981ms)
✔ one-shot orchestration records success without raw output (2.800834ms)
✔ one-shot orchestration records failure without raw output (0.555187ms)
✔ memory probe samples the four resident containers, not the exited task (49.301868ms)
✔ Q18 accepts declared compatible expansion but rejects history rewrite, missing approval and stale releases (2.277776ms)
✔ Q18 deployment only changes approved runtime config and exact images, retaining private volumes and origin (3.031643ms)
✔ approved config cannot include other host compose files, weaken service confinement or join external networks (1.024506ms)
✔ public Nginx rendering preserves API boundary and creates fixed HTTPS redirect (1.956371ms)
✔ promotion validates and backs up before migration and records only a healthy deployment (0.528918ms)
✔ backup failure never migrates; activation or health failure restores prior app/config without Down (0.810682ms)
✔ main delivery runs verification and acceptance before a serialized secret-scoped deployment (0.502448ms)
✔ compatibility registry uses explicit digest records, rejects ambiguous duplicate approvals (0.294644ms)
✔ transport rejects undeclared content, checksum tampering, secret paths, invalid image identities and oversized payloads (3.688182ms)
✔ framed receiver verifies every byte and rejects truncated, appended and corrupt images (8.547252ms)
✔ four kinds are stored by explicit natural day and only safe fields survive (25.023581ms)
✔ retention dry-run selects only approved kinds and inclusive natural-day cutoff (2.649506ms)
✔ symlinked category and destination file cannot escape the log root (1.270146ms)
✔ Q20 actual cleanup removes only days older than the approved inclusive 30-day window (17.747982ms)
✔ Q20 rejects nonapproved destructive parameters and preflights all paths before deleting (1.197275ms)
✔ Q20 installed policy accepts exactly confirmed deletion parameters and schedules bounded daily cleanup (0.804854ms)
✔ Q20 cleanup is daily and shares the collection lock (0.209076ms)
✔ FR06 common rules render local and public explicit environments (1.323967ms)
✔ FR06 explicit parameters reject config injection and invalid HSTS scope (0.421465ms)
✔ certificate task logs fixed outcomes without persisting raw command secrets (2.02917ms)
✔ collector records access stdout and application stderr, advances window, and excludes raw text (21.947451ms)
✔ approved explicit config connects operation records and collector is scheduled without deletion (1.259009ms)
✔ collector and Q20 cleanup are scheduled with the same overlap protection (0.367705ms)
✔ failed docker collection does not advance cursor or publish raw diagnostics (0.724303ms)
✔ unexpected HTTP method cannot stall collection or persist arbitrary method text (0.924234ms)
✔ Q25 cold audit migration precedes hot migration: infra/acceptance/run.mjs (0.893267ms)
✔ Q25 cold audit migration precedes hot migration: infra/runtime/run.mjs (0.155875ms)
✔ Q25 cold audit migration precedes hot migration: .github/workflows/ci.yml (0.138279ms)
✔ Q25 cold audit migration precedes hot migration: infra/server/deploy/receive.mjs (0.102595ms)
✔ acceptance component count derives from the actual Playwright report (0.313913ms)
✔ Q25 personnel API regression is included in the real HTTPS entrypoint (0.219211ms)
✔ Q25 pinned role upgrade is executed with real PostgreSQL by the product workflow (1.41883ms)
✔ Q25 compatibility manifest records each new reviewed immutable migration (0.756602ms)
✔ GOV-01..04: valid repository passes without mutation (4.925048ms)
✔ GOV-01: missing file fails with its path (1.39906ms)
✔ GOV-01: whitespace-only required file is not valid (2.110262ms)
✔ GOV-02: deleting each hard-rule marker fails (14.157944ms)
✔ GOV-03: malformed JSON is reported, not thrown (1.715838ms)
✔ GOV-03: incorrect version and project fail (1.795158ms)
✔ GOV-03: impossible calendar date fails (1.194051ms)
✔ GOV-03: empty sources and non-object registry fail (1.5248ms)
✔ GOV-03: duplicate keys and page IDs fail (1.525321ms)
✔ GOV-03: external or mismatched source URLs fail (5.108004ms)
✔ GOV-03: missing metadata and malformed page ID fail (1.228322ms)
✔ GOV-03: unknown, duplicate and empty route references fail (3.914734ms)
✔ GOV-03: mandatory routes and always/product anchors cannot disappear (1.123134ms)
✔ GOV-04: nested instruction override fails (0.77588ms)
✔ GOV-04: generated/dependency directories are ignored (0.980169ms)
✔ GOV-01: nonexistent root reports errors (0.373924ms)
✔ CLI: valid repository exits zero (72.465075ms)
✔ CLI: invalid repository exits one and explains failure (50.317491ms)
✔ public HTTPS exposes only edge ports and preserves private data, images and input (2.166787ms)
✔ public access rejects untrusted TLS while default deployment stays private (0.633936ms)
✔ HTTP redirects all paths to the fixed HTTPS origin without trusting Host (0.328375ms)
✔ public TLS preserves same-origin API, non-cacheable auth and trusted proxy boundary (0.341926ms)
✔ existing loopback health and DNS-01 renewal still work independently of public DNS (0.507395ms)
✔ API actual TAP report counts every passed case (1.064014ms)
✔ API failed, skipped, truncated and contradictory reports cannot publish success (0.520185ms)
✔ browser counts come from the successful complete JSON report (1.06806ms)
✔ browser failure, flakiness, skips and empty reports cannot publish success (0.227813ms)
✔ real API/browser reports drive the published counts: infra/acceptance/run.mjs (0.376047ms)
✔ real API/browser reports drive the published counts: infra/runtime/run.mjs (0.179841ms)
✔ ACME runner fixes operations, passes credentials only in environment and reports sanitized failure (2.343434ms)
✔ certificate activation verifies system trust before file replacement and validates Nginx before reload (69.249995ms)
✔ domain health verifies hostname with default trust while reaching only the SSH loopback endpoint (0.396218ms)
✔ domain health fixes IPv4 so Node never requests an all-address lookup result (0.178889ms)
▶ provided CSV is data only and maps exactly one credential pair without executing fields
  ✔ BOM, quoted headers and CRLF are supported (0.638543ms)
  ✔ missing, multiple and non-data values fail closed (0.353984ms)
  ✔ dotenv admits only the required names and never evaluates shell (0.289226ms)
✔ provided CSV is data only and maps exactly one credential pair without executing fields (1.980586ms)
▶ Q16 public-trust domain config keeps the SSH listener and schedules automatic renewal
  ✔ domain origin with loopback only (0.23235ms)
  ✔ renew twice daily without self-signed trust (0.281916ms)
✔ Q16 public-trust domain config keeps the SSH listener and schedules automatic renewal (1.19988ms)
▶ Q16 validates the actual certificate host, private key and remaining lifetime before replacement
  ✔ matching actual identity and key are accepted (1.11438ms)
  ✔ unrelated certificate is rejected (6.006066ms)
  ✔ mismatched private key is rejected (0.84214ms)
  ✔ expired certificate is rejected (0.379372ms)
✔ Q16 validates the actual certificate host, private key and remaining lifetime before replacement (302.922601ms)
✔ Q16 a failed Nginx validation restores both previous files and reloads the previous certificate (6.168601ms)
✔ Q16 explicitly uses Let's Encrypt DNSPod DNS-01 for the confirmed domain and no public listener (0.276627ms)
✔ Q15 server exposes only loopback HTTPS and preserves internal data network (0.365421ms)
✔ private Bootstrap credentials preserve the accepted seed JSON password field and exclude test fixtures (1.029652ms)
✔ operational schedules retain TLS verification, prevent overlap, and invoke only runtime tools (0.346152ms)
✔ server maintenance addresses only the authorized deployment and does not run test/build commands (0.4975ms)
✔ finished services restart automatically and have finite resource and log budgets (0.307774ms)
✔ deployment refuses every existing directory, including apparently empty ones (2.179476ms)
ℹ tests 240
ℹ suites 0
ℹ pass 240
ℹ fail 0
ℹ cancelled 0
ℹ skipped 0
ℹ todo 0
ℹ duration_ms 3880.038872
