fixture network internal=true
fixture published ports={}
[INFO] Scanning for projects...
[INFO] 
[INFO] --------------------< org.weaveos:workflow-engine >---------------------
[INFO] Building WeaveOS controlled workflow engine core 0.3.0-SNAPSHOT
[INFO]   from pom.xml
[INFO] --------------------------------[ jar ]---------------------------------
[INFO] 
[INFO] --- resources:3.3.1:resources (default-resources) @ workflow-engine ---
[INFO] skip non existing resourceDirectory /proof/src/main/resources
[INFO] skip non existing resourceDirectory /proof/src/main/resources
[INFO] 
[INFO] --- compiler:3.14.1:compile (default-compile) @ workflow-engine ---
[INFO] Nothing to compile - all classes are up to date.
[INFO] 
[INFO] --- resources:3.3.1:testResources (default-testResources) @ workflow-engine ---
[INFO] Copying 6 resources from src/test/resources to target/test-classes
[INFO] 
[INFO] --- compiler:3.14.1:testCompile (default-testCompile) @ workflow-engine ---
[INFO] Nothing to compile - all classes are up to date.
[INFO] 
[INFO] --- dependency:3.9.0:build-classpath (default-cli) @ workflow-engine ---
[INFO] Skipped writing classpath file '/proof/.work/rpc-classpath'.  No changes found.
[INFO] ------------------------------------------------------------------------
[INFO] BUILD SUCCESS
[INFO] ------------------------------------------------------------------------
[INFO] Total time:  1.182 s
[INFO] Finished at: 2026-10-05T08:43:25Z
[INFO] ------------------------------------------------------------------------
fixture published ports={}
{"Time":"2026-10-05T08:43:30.710692037Z","Action":"start","Package":"github.com/Hubujiu/WeaveOS/services/bff/internal/workflowrpc"}
{"Time":"2026-10-05T08:43:30.719880111Z","Action":"run","Package":"github.com/Hubujiu/WeaveOS/services/bff/internal/workflowrpc","Test":"TestRootGoJavaPostgresDeploymentInterop"}
{"Time":"2026-10-05T08:43:30.720004588Z","Action":"output","Package":"github.com/Hubujiu/WeaveOS/services/bff/internal/workflowrpc","Test":"TestRootGoJavaPostgresDeploymentInterop","Output":"=== RUN   TestRootGoJavaPostgresDeploymentInterop\n","OutputType":"frame"}
{"Time":"2026-10-05T08:43:31.089150167Z","Action":"output","Package":"github.com/Hubujiu/WeaveOS/services/bff/internal/workflowrpc","Test":"TestRootGoJavaPostgresDeploymentInterop","Output":"--- PASS: TestRootGoJavaPostgresDeploymentInterop (0.37s)\n","OutputType":"frame"}
{"Time":"2026-10-05T08:43:31.08930457Z","Action":"pass","Package":"github.com/Hubujiu/WeaveOS/services/bff/internal/workflowrpc","Test":"TestRootGoJavaPostgresDeploymentInterop","Elapsed":0.37}
{"Time":"2026-10-05T08:43:31.089343108Z","Action":"output","Package":"github.com/Hubujiu/WeaveOS/services/bff/internal/workflowrpc","Output":"PASS\n","OutputType":"frame"}
{"Time":"2026-10-05T08:43:31.092854021Z","Action":"pass","Package":"github.com/Hubujiu/WeaveOS/services/bff/internal/workflowrpc","Elapsed":0.382}
08:43:29.785 [main] INFO org.flowable.common.engine.impl.async.DefaultAsyncTaskExecutor -- Creating thread pool queue of size 100
08:43:29.787 [main] INFO org.flowable.common.engine.impl.async.DefaultAsyncTaskExecutor -- Creating thread factory with naming pattern flowable-async-task-invoker-thread-%d
08:43:29.788 [main] INFO org.flowable.common.engine.impl.async.DefaultAsyncTaskExecutor -- Creating executor service with corePoolSize 8, maxPoolSize 8 and keepAliveTime 5000
08:43:29.788 [main] INFO org.flowable.common.engine.impl.async.DefaultAsyncTaskExecutor -- Using rejectedExecutionHandler java.util.concurrent.ThreadPoolExecutor$CallerRunsPolicy@314ed053
08:43:29.788 [main] INFO org.flowable.common.engine.impl.async.DefaultAsyncTaskExecutor -- Creating thread pool queue of size 2048
08:43:29.788 [main] INFO org.flowable.common.engine.impl.async.DefaultAsyncTaskExecutor -- Creating thread factory with naming pattern flowable-async-job-executor-thread-%d
08:43:29.788 [main] INFO org.flowable.common.engine.impl.async.DefaultAsyncTaskExecutor -- Creating executor service with corePoolSize 8, maxPoolSize 8 and keepAliveTime 5000
08:43:29.817 [main] INFO org.flowable.common.engine.impl.db.CommonDbSchemaManager -- performing create on common with resource org/flowable/common/db/create/flowable.postgres.create.common.sql
08:43:29.875 [main] INFO org.flowable.engine.impl.db.ProcessDbSchemaManager -- performing create on engine with resource org/flowable/db/create/flowable.postgres.create.engine.sql
08:43:29.914 [main] INFO org.flowable.engine.impl.db.ProcessDbSchemaManager -- performing create on history with resource org/flowable/db/create/flowable.postgres.create.history.sql
08:43:29.931 [main] INFO org.flowable.engine.impl.ProcessEngineImpl -- ProcessEngine default created
08:43:29.968 [main] INFO org.flowable.engine.impl.cmd.ValidateV5EntitiesCmd -- Total of v5 deployments found: 0
