postgres (PostgreSQL) 18.6 (Debian 18.6-1.pgdg13+2)
fixture published ports={}
fixture network internal=true
[INFO] Scanning for projects...
[INFO] 
[INFO] --------------------< org.weaveos:workflow-engine >---------------------
[INFO] Building WeaveOS controlled workflow engine core 0.3.0-SNAPSHOT
[INFO]   from pom.xml
[INFO] --------------------------------[ jar ]---------------------------------
[INFO] 
[INFO] --- resources:3.3.1:resources (default-resources) @ workflow-engine ---
[INFO] skip non existing resourceDirectory /proof/src/main/resources
[INFO] skip non existing resourceDirectory /proof/src/main/resources
[INFO] 
[INFO] --- compiler:3.14.1:compile (default-compile) @ workflow-engine ---
[INFO] Nothing to compile - all classes are up to date.
[INFO] 
[INFO] --- resources:3.3.1:testResources (default-testResources) @ workflow-engine ---
[INFO] Copying 6 resources from src/test/resources to target/test-classes
[INFO] 
[INFO] --- compiler:3.14.1:testCompile (default-testCompile) @ workflow-engine ---
[INFO] Nothing to compile - all classes are up to date.
[INFO] 
[INFO] --- surefire:3.5.4:test (default-test) @ workflow-engine ---
[INFO] Using auto detected provider org.apache.maven.surefire.junitplatform.JUnitPlatformProvider
[INFO] 
[INFO] -------------------------------------------------------
[INFO]  T E S T S
[INFO] -------------------------------------------------------
[INFO] Running org.weaveos.workflow.RootExecutionRegistryTest
08:39:00.230 [main] INFO org.flowable.common.engine.impl.async.DefaultAsyncTaskExecutor -- Creating thread pool queue of size 100
08:39:00.232 [main] INFO org.flowable.common.engine.impl.async.DefaultAsyncTaskExecutor -- Creating thread factory with naming pattern flowable-async-task-invoker-thread-%d
08:39:00.233 [main] INFO org.flowable.common.engine.impl.async.DefaultAsyncTaskExecutor -- Creating executor service with corePoolSize 8, maxPoolSize 8 and keepAliveTime 5000
08:39:00.233 [main] INFO org.flowable.common.engine.impl.async.DefaultAsyncTaskExecutor -- Using rejectedExecutionHandler java.util.concurrent.ThreadPoolExecutor$CallerRunsPolicy@45b15381
08:39:00.233 [main] INFO org.flowable.common.engine.impl.async.DefaultAsyncTaskExecutor -- Creating thread pool queue of size 2048
08:39:00.233 [main] INFO org.flowable.common.engine.impl.async.DefaultAsyncTaskExecutor -- Creating thread factory with naming pattern flowable-async-job-executor-thread-%d
08:39:00.233 [main] INFO org.flowable.common.engine.impl.async.DefaultAsyncTaskExecutor -- Creating executor service with corePoolSize 8, maxPoolSize 8 and keepAliveTime 5000
08:39:00.261 [main] INFO org.flowable.common.engine.impl.db.CommonDbSchemaManager -- performing create on common with resource org/flowable/common/db/create/flowable.postgres.create.common.sql
08:39:00.348 [main] INFO org.flowable.engine.impl.db.ProcessDbSchemaManager -- performing create on engine with resource org/flowable/db/create/flowable.postgres.create.engine.sql
08:39:00.392 [main] INFO org.flowable.engine.impl.db.ProcessDbSchemaManager -- performing create on history with resource org/flowable/db/create/flowable.postgres.create.history.sql
08:39:00.408 [main] INFO org.flowable.engine.impl.ProcessEngineImpl -- ProcessEngine default created
08:39:00.442 [main] INFO org.flowable.engine.impl.cmd.ValidateV5EntitiesCmd -- Total of v5 deployments found: 0
08:39:00.857 [main] INFO org.flowable.common.engine.impl.async.DefaultAsyncTaskExecutor -- Creating thread pool queue of size 100
08:39:00.857 [main] INFO org.flowable.common.engine.impl.async.DefaultAsyncTaskExecutor -- Creating thread factory with naming pattern flowable-async-task-invoker-thread-%d
08:39:00.858 [main] INFO org.flowable.common.engine.impl.async.DefaultAsyncTaskExecutor -- Creating executor service with corePoolSize 8, maxPoolSize 8 and keepAliveTime 5000
08:39:00.858 [main] INFO org.flowable.common.engine.impl.async.DefaultAsyncTaskExecutor -- Using rejectedExecutionHandler java.util.concurrent.ThreadPoolExecutor$CallerRunsPolicy@4640195a
08:39:00.858 [main] INFO org.flowable.common.engine.impl.async.DefaultAsyncTaskExecutor -- Creating thread pool queue of size 2048
08:39:00.858 [main] INFO org.flowable.common.engine.impl.async.DefaultAsyncTaskExecutor -- Creating thread factory with naming pattern flowable-async-job-executor-thread-%d
08:39:00.858 [main] INFO org.flowable.common.engine.impl.async.DefaultAsyncTaskExecutor -- Creating executor service with corePoolSize 8, maxPoolSize 8 and keepAliveTime 5000
08:39:00.874 [main] INFO org.flowable.common.engine.impl.db.CommonDbSchemaManager -- performing create on common with resource org/flowable/common/db/create/flowable.postgres.create.common.sql
08:39:00.944 [main] INFO org.flowable.engine.impl.db.ProcessDbSchemaManager -- performing create on engine with resource org/flowable/db/create/flowable.postgres.create.engine.sql
08:39:00.993 [main] INFO org.flowable.engine.impl.db.ProcessDbSchemaManager -- performing create on history with resource org/flowable/db/create/flowable.postgres.create.history.sql
08:39:01.008 [main] INFO org.flowable.engine.impl.ProcessEngineImpl -- ProcessEngine default created
08:39:01.018 [main] INFO org.flowable.engine.impl.cmd.ValidateV5EntitiesCmd -- Total of v5 deployments found: 0
08:39:01.775 [main] INFO org.flowable.common.engine.impl.async.DefaultAsyncTaskExecutor -- Creating thread pool queue of size 100
08:39:01.775 [main] INFO org.flowable.common.engine.impl.async.DefaultAsyncTaskExecutor -- Creating thread factory with naming pattern flowable-async-task-invoker-thread-%d
08:39:01.775 [main] INFO org.flowable.common.engine.impl.async.DefaultAsyncTaskExecutor -- Creating executor service with corePoolSize 8, maxPoolSize 8 and keepAliveTime 5000
08:39:01.775 [main] INFO org.flowable.common.engine.impl.async.DefaultAsyncTaskExecutor -- Using rejectedExecutionHandler java.util.concurrent.ThreadPoolExecutor$CallerRunsPolicy@632b305d
08:39:01.775 [main] INFO org.flowable.common.engine.impl.async.DefaultAsyncTaskExecutor -- Creating thread pool queue of size 2048
08:39:01.775 [main] INFO org.flowable.common.engine.impl.async.DefaultAsyncTaskExecutor -- Creating thread factory with naming pattern flowable-async-job-executor-thread-%d
08:39:01.775 [main] INFO org.flowable.common.engine.impl.async.DefaultAsyncTaskExecutor -- Creating executor service with corePoolSize 8, maxPoolSize 8 and keepAliveTime 5000
08:39:01.786 [main] INFO org.flowable.common.engine.impl.db.CommonDbSchemaManager -- performing create on common with resource org/flowable/common/db/create/flowable.postgres.create.common.sql
08:39:01.837 [main] INFO org.flowable.engine.impl.db.ProcessDbSchemaManager -- performing create on engine with resource org/flowable/db/create/flowable.postgres.create.engine.sql
08:39:01.880 [main] INFO org.flowable.engine.impl.db.ProcessDbSchemaManager -- performing create on history with resource org/flowable/db/create/flowable.postgres.create.history.sql
08:39:01.899 [main] INFO org.flowable.engine.impl.ProcessEngineImpl -- ProcessEngine default created
08:39:01.909 [main] INFO org.flowable.engine.impl.cmd.ValidateV5EntitiesCmd -- Total of v5 deployments found: 0
[ERROR] Tests run: 3, Failures: 0, Errors: 3, Skipped: 0, Time elapsed: 3.074 s <<< FAILURE! -- in org.weaveos.workflow.RootExecutionRegistryTest
[ERROR] org.weaveos.workflow.RootExecutionRegistryTest.durableResultCodecPreservesBoundedUtf8OpaqueIds -- Time elapsed: 1.557 s <<< ERROR!
java.lang.IllegalStateException: invalid durable execution result
	at org.weaveos.workflow.ExecutionCodec.decodeResult(ExecutionCodec.java:82)
	at org.weaveos.workflow.RootExecutionRegistryTest.durableResultCodecPreservesBoundedUtf8OpaqueIds(RootExecutionRegistryTest.java:440)

[ERROR] org.weaveos.workflow.RootExecutionRegistryTest.identityFailuresPrecedeContextualNodeValidation -- Time elapsed: 0.876 s <<< ERROR!
org.weaveos.workflow.ExecutionRegistry$InvalidCommand: invalid execution command
	at org.weaveos.workflow.ExecutionRegistry.validateNodes(ExecutionRegistry.java:142)
	at org.weaveos.workflow.ExecutionRegistry.lambda$run$3(ExecutionRegistry.java:87)
	at org.springframework.transaction.support.TransactionTemplate.execute(TransactionTemplate.java:137)
	at org.weaveos.workflow.ExecutionRegistry.run(ExecutionRegistry.java:72)
	at org.weaveos.workflow.ExecutionRegistry.execute(ExecutionRegistry.java:56)
	at org.weaveos.workflow.ExecutionRegistry.execute(ExecutionRegistry.java:55)
	at org.weaveos.workflow.RootExecutionRegistryTest.noEffect(RootExecutionRegistryTest.java:144)
	at org.weaveos.workflow.RootExecutionRegistryTest.identityFailuresPrecedeContextualNodeValidation(RootExecutionRegistryTest.java:426)

[ERROR] org.weaveos.workflow.RootExecutionRegistryTest.internalCancellationDoesNotDependOnLiveGraphNodeContext -- Time elapsed: 0.615 s <<< ERROR!
org.weaveos.workflow.ExecutionRegistry$InvalidCommand: invalid execution command
	at org.weaveos.workflow.ExecutionRegistry.validateNodes(ExecutionRegistry.java:142)
	at org.weaveos.workflow.ExecutionRegistry.lambda$run$3(ExecutionRegistry.java:87)
	at org.springframework.transaction.support.TransactionTemplate.execute(TransactionTemplate.java:137)
	at org.weaveos.workflow.ExecutionRegistry.run(ExecutionRegistry.java:72)
	at org.weaveos.workflow.ExecutionRegistry.establishNoEffect(ExecutionRegistry.java:57)
	at org.weaveos.workflow.RootExecutionRegistryTest.internalCancellationDoesNotDependOnLiveGraphNodeContext(RootExecutionRegistryTest.java:416)

[INFO] 
[INFO] Results:
[INFO] 
[ERROR] Errors: 
[ERROR]   RootExecutionRegistryTest.durableResultCodecPreservesBoundedUtf8OpaqueIds:440 » IllegalState invalid durable execution result
[ERROR]   RootExecutionRegistryTest.identityFailuresPrecedeContextualNodeValidation:426->noEffect:144 » InvalidCommand invalid execution command
[ERROR]   RootExecutionRegistryTest.internalCancellationDoesNotDependOnLiveGraphNodeContext:416 » InvalidCommand invalid execution command
[INFO] 
[ERROR] Tests run: 3, Failures: 0, Errors: 3, Skipped: 0
[INFO] 
[INFO] ------------------------------------------------------------------------
[INFO] BUILD FAILURE
[INFO] ------------------------------------------------------------------------
[INFO] Total time:  4.698 s
[INFO] Finished at: 2026-10-05T08:39:02Z
[INFO] ------------------------------------------------------------------------
[ERROR] Failed to execute goal org.apache.maven.plugins:maven-surefire-plugin:3.5.4:test (default-test) on project workflow-engine: 
[ERROR] 
[ERROR] See /proof/.work/execution-review-red-reports for the individual test results.
[ERROR] See dump files (if any exist) [date].dump, [date]-jvmRun[N].dump and [date].dumpstream.
[ERROR] -> [Help 1]
[ERROR] 
[ERROR] To see the full stack trace of the errors, re-run Maven with the -e switch.
[ERROR] Re-run Maven using the -X switch to enable full debug logging.
[ERROR] 
[ERROR] For more information about the errors and possible solutions, please read the following articles:
[ERROR] [Help 1] http://cwiki.apache.org/confluence/display/MAVEN/MojoFailureException
