{"Time":"2026-10-05T08:35:03.570125386Z","Action":"start","Package":"github.com/Hubujiu/WeaveOS/services/bff/internal/flowcommands"}
{"Time":"2026-10-05T08:35:03.573055012Z","Action":"run","Package":"github.com/Hubujiu/WeaveOS/services/bff/internal/flowcommands","Test":"TestRootExecutionPayloadMatchesIndependentGoldenBytes"}
{"Time":"2026-10-05T08:35:03.573161132Z","Action":"output","Package":"github.com/Hubujiu/WeaveOS/services/bff/internal/flowcommands","Test":"TestRootExecutionPayloadMatchesIndependentGoldenBytes","Output":"=== RUN   TestRootExecutionPayloadMatchesIndependentGoldenBytes\n","OutputType":"frame"}
{"Time":"2026-10-05T08:35:03.573187912Z","Action":"run","Package":"github.com/Hubujiu/WeaveOS/services/bff/internal/flowcommands","Test":"TestRootExecutionPayloadMatchesIndependentGoldenBytes/payload_start"}
{"Time":"2026-10-05T08:35:03.573194703Z","Action":"output","Package":"github.com/Hubujiu/WeaveOS/services/bff/internal/flowcommands","Test":"TestRootExecutionPayloadMatchesIndependentGoldenBytes/payload_start","Output":"=== RUN   TestRootExecutionPayloadMatchesIndependentGoldenBytes/payload_start\n","OutputType":"frame"}
{"Time":"2026-10-05T08:35:03.573203346Z","Action":"output","Package":"github.com/Hubujiu/WeaveOS/services/bff/internal/flowcommands","Test":"TestRootExecutionPayloadMatchesIndependentGoldenBytes/payload_start","Output":"    root_execution_codec_test.go:59: invalid workflow command\n","OutputType":"error"}
{"Time":"2026-10-05T08:35:03.573221433Z","Action":"output","Package":"github.com/Hubujiu/WeaveOS/services/bff/internal/flowcommands","Test":"TestRootExecutionPayloadMatchesIndependentGoldenBytes/payload_start","Output":"--- FAIL: TestRootExecutionPayloadMatchesIndependentGoldenBytes/payload_start (0.00s)\n","OutputType":"frame"}
{"Time":"2026-10-05T08:35:03.573229054Z","Action":"fail","Package":"github.com/Hubujiu/WeaveOS/services/bff/internal/flowcommands","Test":"TestRootExecutionPayloadMatchesIndependentGoldenBytes/payload_start","Elapsed":0}
{"Time":"2026-10-05T08:35:03.573265339Z","Action":"run","Package":"github.com/Hubujiu/WeaveOS/services/bff/internal/flowcommands","Test":"TestRootExecutionPayloadMatchesIndependentGoldenBytes/payload_agree"}
{"Time":"2026-10-05T08:35:03.573271809Z","Action":"output","Package":"github.com/Hubujiu/WeaveOS/services/bff/internal/flowcommands","Test":"TestRootExecutionPayloadMatchesIndependentGoldenBytes/payload_agree","Output":"=== RUN   TestRootExecutionPayloadMatchesIndependentGoldenBytes/payload_agree\n","OutputType":"frame"}
{"Time":"2026-10-05T08:35:03.573278138Z","Action":"output","Package":"github.com/Hubujiu/WeaveOS/services/bff/internal/flowcommands","Test":"TestRootExecutionPayloadMatchesIndependentGoldenBytes/payload_agree","Output":"    root_execution_codec_test.go:59: invalid workflow command\n","OutputType":"error"}
{"Time":"2026-10-05T08:35:03.573288845Z","Action":"output","Package":"github.com/Hubujiu/WeaveOS/services/bff/internal/flowcommands","Test":"TestRootExecutionPayloadMatchesIndependentGoldenBytes/payload_agree","Output":"--- FAIL: TestRootExecutionPayloadMatchesIndependentGoldenBytes/payload_agree (0.00s)\n","OutputType":"frame"}
{"Time":"2026-10-05T08:35:03.573298108Z","Action":"fail","Package":"github.com/Hubujiu/WeaveOS/services/bff/internal/flowcommands","Test":"TestRootExecutionPayloadMatchesIndependentGoldenBytes/payload_agree","Elapsed":0}
{"Time":"2026-10-05T08:35:03.573303877Z","Action":"run","Package":"github.com/Hubujiu/WeaveOS/services/bff/internal/flowcommands","Test":"TestRootExecutionPayloadMatchesIndependentGoldenBytes/payload_withdraw"}
{"Time":"2026-10-05T08:35:03.573309295Z","Action":"output","Package":"github.com/Hubujiu/WeaveOS/services/bff/internal/flowcommands","Test":"TestRootExecutionPayloadMatchesIndependentGoldenBytes/payload_withdraw","Output":"=== RUN   TestRootExecutionPayloadMatchesIndependentGoldenBytes/payload_withdraw\n","OutputType":"frame"}
{"Time":"2026-10-05T08:35:03.573315094Z","Action":"output","Package":"github.com/Hubujiu/WeaveOS/services/bff/internal/flowcommands","Test":"TestRootExecutionPayloadMatchesIndependentGoldenBytes/payload_withdraw","Output":"    root_execution_codec_test.go:59: invalid workflow command\n","OutputType":"error"}
{"Time":"2026-10-05T08:35:03.573321263Z","Action":"output","Package":"github.com/Hubujiu/WeaveOS/services/bff/internal/flowcommands","Test":"TestRootExecutionPayloadMatchesIndependentGoldenBytes/payload_withdraw","Output":"--- FAIL: TestRootExecutionPayloadMatchesIndependentGoldenBytes/payload_withdraw (0.00s)\n","OutputType":"frame"}
{"Time":"2026-10-05T08:35:03.573327703Z","Action":"fail","Package":"github.com/Hubujiu/WeaveOS/services/bff/internal/flowcommands","Test":"TestRootExecutionPayloadMatchesIndependentGoldenBytes/payload_withdraw","Elapsed":0}
{"Time":"2026-10-05T08:35:03.573334433Z","Action":"output","Package":"github.com/Hubujiu/WeaveOS/services/bff/internal/flowcommands","Test":"TestRootExecutionPayloadMatchesIndependentGoldenBytes","Output":"--- FAIL: TestRootExecutionPayloadMatchesIndependentGoldenBytes (0.00s)\n","OutputType":"frame"}
{"Time":"2026-10-05T08:35:03.573340132Z","Action":"fail","Package":"github.com/Hubujiu/WeaveOS/services/bff/internal/flowcommands","Test":"TestRootExecutionPayloadMatchesIndependentGoldenBytes","Elapsed":0}
{"Time":"2026-10-05T08:35:03.57334551Z","Action":"run","Package":"github.com/Hubujiu/WeaveOS/services/bff/internal/flowcommands","Test":"TestRootExecutionPayloadCanonicalizesWithoutMutatingCaller"}
{"Time":"2026-10-05T08:35:03.573351128Z","Action":"output","Package":"github.com/Hubujiu/WeaveOS/services/bff/internal/flowcommands","Test":"TestRootExecutionPayloadCanonicalizesWithoutMutatingCaller","Output":"=== RUN   TestRootExecutionPayloadCanonicalizesWithoutMutatingCaller\n","OutputType":"frame"}
{"Time":"2026-10-05T08:35:03.573358019Z","Action":"output","Package":"github.com/Hubujiu/WeaveOS/services/bff/internal/flowcommands","Test":"TestRootExecutionPayloadCanonicalizesWithoutMutatingCaller","Output":"    root_execution_codec_test.go:65: invalid workflow command\n","OutputType":"error"}
{"Time":"2026-10-05T08:35:03.573363637Z","Action":"output","Package":"github.com/Hubujiu/WeaveOS/services/bff/internal/flowcommands","Test":"TestRootExecutionPayloadCanonicalizesWithoutMutatingCaller","Output":"--- FAIL: TestRootExecutionPayloadCanonicalizesWithoutMutatingCaller (0.00s)\n","OutputType":"frame"}
{"Time":"2026-10-05T08:35:03.573370648Z","Action":"fail","Package":"github.com/Hubujiu/WeaveOS/services/bff/internal/flowcommands","Test":"TestRootExecutionPayloadCanonicalizesWithoutMutatingCaller","Elapsed":0}
{"Time":"2026-10-05T08:35:03.573377638Z","Action":"run","Package":"github.com/Hubujiu/WeaveOS/services/bff/internal/flowcommands","Test":"TestRootExecutionPayloadRejectsInvalidActionConfigurationAndIdentities"}
{"Time":"2026-10-05T08:35:03.573382696Z","Action":"output","Package":"github.com/Hubujiu/WeaveOS/services/bff/internal/flowcommands","Test":"TestRootExecutionPayloadRejectsInvalidActionConfigurationAndIdentities","Output":"=== RUN   TestRootExecutionPayloadRejectsInvalidActionConfigurationAndIdentities\n","OutputType":"frame"}
{"Time":"2026-10-05T08:35:03.573622487Z","Action":"output","Package":"github.com/Hubujiu/WeaveOS/services/bff/internal/flowcommands","Test":"TestRootExecutionPayloadRejectsInvalidActionConfigurationAndIdentities","Output":"--- PASS: TestRootExecutionPayloadRejectsInvalidActionConfigurationAndIdentities (0.00s)\n","OutputType":"frame"}
{"Time":"2026-10-05T08:35:03.573635817Z","Action":"pass","Package":"github.com/Hubujiu/WeaveOS/services/bff/internal/flowcommands","Test":"TestRootExecutionPayloadRejectsInvalidActionConfigurationAndIdentities","Elapsed":0}
{"Time":"2026-10-05T08:35:03.573643359Z","Action":"run","Package":"github.com/Hubujiu/WeaveOS/services/bff/internal/flowcommands","Test":"TestRootExecutionPayloadAllowsAllKnownNonstartActionsAndEmptyGraph"}
{"Time":"2026-10-05T08:35:03.573648687Z","Action":"output","Package":"github.com/Hubujiu/WeaveOS/services/bff/internal/flowcommands","Test":"TestRootExecutionPayloadAllowsAllKnownNonstartActionsAndEmptyGraph","Output":"=== RUN   TestRootExecutionPayloadAllowsAllKnownNonstartActionsAndEmptyGraph\n","OutputType":"frame"}
{"Time":"2026-10-05T08:35:03.573682698Z","Action":"output","Package":"github.com/Hubujiu/WeaveOS/services/bff/internal/flowcommands","Test":"TestRootExecutionPayloadAllowsAllKnownNonstartActionsAndEmptyGraph","Output":"    root_execution_codec_test.go:97: agree invalid workflow command\n","OutputType":"error"}
{"Time":"2026-10-05T08:35:03.573690179Z","Action":"output","Package":"github.com/Hubujiu/WeaveOS/services/bff/internal/flowcommands","Test":"TestRootExecutionPayloadAllowsAllKnownNonstartActionsAndEmptyGraph","Output":"--- FAIL: TestRootExecutionPayloadAllowsAllKnownNonstartActionsAndEmptyGraph (0.00s)\n","OutputType":"frame"}
{"Time":"2026-10-05T08:35:03.57369697Z","Action":"fail","Package":"github.com/Hubujiu/WeaveOS/services/bff/internal/flowcommands","Test":"TestRootExecutionPayloadAllowsAllKnownNonstartActionsAndEmptyGraph","Elapsed":0}
{"Time":"2026-10-05T08:35:03.573702818Z","Action":"run","Package":"github.com/Hubujiu/WeaveOS/services/bff/internal/flowcommands","Test":"TestRootExecutionPayloadUpperBoundsRemainWithinProtocolLimit"}
{"Time":"2026-10-05T08:35:03.573709318Z","Action":"output","Package":"github.com/Hubujiu/WeaveOS/services/bff/internal/flowcommands","Test":"TestRootExecutionPayloadUpperBoundsRemainWithinProtocolLimit","Output":"=== RUN   TestRootExecutionPayloadUpperBoundsRemainWithinProtocolLimit\n","OutputType":"frame"}
{"Time":"2026-10-05T08:35:03.574594683Z","Action":"output","Package":"github.com/Hubujiu/WeaveOS/services/bff/internal/flowcommands","Test":"TestRootExecutionPayloadUpperBoundsRemainWithinProtocolLimit","Output":"    root_execution_codec_test.go:112: invalid workflow command\n","OutputType":"error"}
{"Time":"2026-10-05T08:35:03.57461293Z","Action":"output","Package":"github.com/Hubujiu/WeaveOS/services/bff/internal/flowcommands","Test":"TestRootExecutionPayloadUpperBoundsRemainWithinProtocolLimit","Output":"--- FAIL: TestRootExecutionPayloadUpperBoundsRemainWithinProtocolLimit (0.00s)\n","OutputType":"frame"}
{"Time":"2026-10-05T08:35:03.574622334Z","Action":"fail","Package":"github.com/Hubujiu/WeaveOS/services/bff/internal/flowcommands","Test":"TestRootExecutionPayloadUpperBoundsRemainWithinProtocolLimit","Elapsed":0}
{"Time":"2026-10-05T08:35:03.574629055Z","Action":"run","Package":"github.com/Hubujiu/WeaveOS/services/bff/internal/flowcommands","Test":"TestRootExecutionResultDecodesEveryFixedGoldenState"}
{"Time":"2026-10-05T08:35:03.574634813Z","Action":"output","Package":"github.com/Hubujiu/WeaveOS/services/bff/internal/flowcommands","Test":"TestRootExecutionResultDecodesEveryFixedGoldenState","Output":"=== RUN   TestRootExecutionResultDecodesEveryFixedGoldenState\n","OutputType":"frame"}
{"Time":"2026-10-05T08:35:03.574641764Z","Action":"run","Package":"github.com/Hubujiu/WeaveOS/services/bff/internal/flowcommands","Test":"TestRootExecutionResultDecodesEveryFixedGoldenState/active"}
{"Time":"2026-10-05T08:35:03.574647092Z","Action":"output","Package":"github.com/Hubujiu/WeaveOS/services/bff/internal/flowcommands","Test":"TestRootExecutionResultDecodesEveryFixedGoldenState/active","Output":"=== RUN   TestRootExecutionResultDecodesEveryFixedGoldenState/active\n","OutputType":"frame"}
{"Time":"2026-10-05T08:35:03.57467243Z","Action":"output","Package":"github.com/Hubujiu/WeaveOS/services/bff/internal/flowcommands","Test":"TestRootExecutionResultDecodesEveryFixedGoldenState/active","Output":"    root_execution_codec_test.go:124: invalid workflow command\n","OutputType":"error"}
{"Time":"2026-10-05T08:35:03.574680352Z","Action":"output","Package":"github.com/Hubujiu/WeaveOS/services/bff/internal/flowcommands","Test":"TestRootExecutionResultDecodesEveryFixedGoldenState/active","Output":"--- FAIL: TestRootExecutionResultDecodesEveryFixedGoldenState/active (0.00s)\n","OutputType":"frame"}
{"Time":"2026-10-05T08:35:03.574686311Z","Action":"fail","Package":"github.com/Hubujiu/WeaveOS/services/bff/internal/flowcommands","Test":"TestRootExecutionResultDecodesEveryFixedGoldenState/active","Elapsed":0}
{"Time":"2026-10-05T08:35:03.574691949Z","Action":"run","Package":"github.com/Hubujiu/WeaveOS/services/bff/internal/flowcommands","Test":"TestRootExecutionResultDecodesEveryFixedGoldenState/completed"}
{"Time":"2026-10-05T08:35:03.574697287Z","Action":"output","Package":"github.com/Hubujiu/WeaveOS/services/bff/internal/flowcommands","Test":"TestRootExecutionResultDecodesEveryFixedGoldenState/completed","Output":"=== RUN   TestRootExecutionResultDecodesEveryFixedGoldenState/completed\n","OutputType":"frame"}
{"Time":"2026-10-05T08:35:03.574844599Z","Action":"output","Package":"github.com/Hubujiu/WeaveOS/services/bff/internal/flowcommands","Test":"TestRootExecutionResultDecodesEveryFixedGoldenState/completed","Output":"    root_execution_codec_test.go:124: invalid workflow command\n","OutputType":"error"}
{"Time":"2026-10-05T08:35:03.574852712Z","Action":"output","Package":"github.com/Hubujiu/WeaveOS/services/bff/internal/flowcommands","Test":"TestRootExecutionResultDecodesEveryFixedGoldenState/completed","Output":"--- FAIL: TestRootExecutionResultDecodesEveryFixedGoldenState/completed (0.00s)\n","OutputType":"frame"}
{"Time":"2026-10-05T08:35:03.574861755Z","Action":"fail","Package":"github.com/Hubujiu/WeaveOS/services/bff/internal/flowcommands","Test":"TestRootExecutionResultDecodesEveryFixedGoldenState/completed","Elapsed":0}
{"Time":"2026-10-05T08:35:03.574868435Z","Action":"run","Package":"github.com/Hubujiu/WeaveOS/services/bff/internal/flowcommands","Test":"TestRootExecutionResultDecodesEveryFixedGoldenState/rejected"}
{"Time":"2026-10-05T08:35:03.574874404Z","Action":"output","Package":"github.com/Hubujiu/WeaveOS/services/bff/internal/flowcommands","Test":"TestRootExecutionResultDecodesEveryFixedGoldenState/rejected","Output":"=== RUN   TestRootExecutionResultDecodesEveryFixedGoldenState/rejected\n","OutputType":"frame"}
{"Time":"2026-10-05T08:35:03.574880844Z","Action":"output","Package":"github.com/Hubujiu/WeaveOS/services/bff/internal/flowcommands","Test":"TestRootExecutionResultDecodesEveryFixedGoldenState/rejected","Output":"    root_execution_codec_test.go:124: invalid workflow command\n","OutputType":"error"}
{"Time":"2026-10-05T08:35:03.574887825Z","Action":"output","Package":"github.com/Hubujiu/WeaveOS/services/bff/internal/flowcommands","Test":"TestRootExecutionResultDecodesEveryFixedGoldenState/rejected","Output":"--- FAIL: TestRootExecutionResultDecodesEveryFixedGoldenState/rejected (0.00s)\n","OutputType":"frame"}
{"Time":"2026-10-05T08:35:03.574897129Z","Action":"fail","Package":"github.com/Hubujiu/WeaveOS/services/bff/internal/flowcommands","Test":"TestRootExecutionResultDecodesEveryFixedGoldenState/rejected","Elapsed":0}
{"Time":"2026-10-05T08:35:03.574902577Z","Action":"run","Package":"github.com/Hubujiu/WeaveOS/services/bff/internal/flowcommands","Test":"TestRootExecutionResultDecodesEveryFixedGoldenState/withdrawn"}
{"Time":"2026-10-05T08:35:03.574907845Z","Action":"output","Package":"github.com/Hubujiu/WeaveOS/services/bff/internal/flowcommands","Test":"TestRootExecutionResultDecodesEveryFixedGoldenState/withdrawn","Output":"=== RUN   TestRootExecutionResultDecodesEveryFixedGoldenState/withdrawn\n","OutputType":"frame"}
{"Time":"2026-10-05T08:35:03.574913774Z","Action":"output","Package":"github.com/Hubujiu/WeaveOS/services/bff/internal/flowcommands","Test":"TestRootExecutionResultDecodesEveryFixedGoldenState/withdrawn","Output":"    root_execution_codec_test.go:124: invalid workflow command\n","OutputType":"error"}
{"Time":"2026-10-05T08:35:03.574919873Z","Action":"output","Package":"github.com/Hubujiu/WeaveOS/services/bff/internal/flowcommands","Test":"TestRootExecutionResultDecodesEveryFixedGoldenState/withdrawn","Output":"--- FAIL: TestRootExecutionResultDecodesEveryFixedGoldenState/withdrawn (0.00s)\n","OutputType":"frame"}
{"Time":"2026-10-05T08:35:03.574925221Z","Action":"fail","Package":"github.com/Hubujiu/WeaveOS/services/bff/internal/flowcommands","Test":"TestRootExecutionResultDecodesEveryFixedGoldenState/withdrawn","Elapsed":0}
{"Time":"2026-10-05T08:35:03.574933343Z","Action":"run","Package":"github.com/Hubujiu/WeaveOS/services/bff/internal/flowcommands","Test":"TestRootExecutionResultDecodesEveryFixedGoldenState/no_effect"}
{"Time":"2026-10-05T08:35:03.574938511Z","Action":"output","Package":"github.com/Hubujiu/WeaveOS/services/bff/internal/flowcommands","Test":"TestRootExecutionResultDecodesEveryFixedGoldenState/no_effect","Output":"=== RUN   TestRootExecutionResultDecodesEveryFixedGoldenState/no_effect\n","OutputType":"frame"}
{"Time":"2026-10-05T08:35:03.574945722Z","Action":"output","Package":"github.com/Hubujiu/WeaveOS/services/bff/internal/flowcommands","Test":"TestRootExecutionResultDecodesEveryFixedGoldenState/no_effect","Output":"    root_execution_codec_test.go:124: invalid workflow command\n","OutputType":"error"}
{"Time":"2026-10-05T08:35:03.574953113Z","Action":"output","Package":"github.com/Hubujiu/WeaveOS/services/bff/internal/flowcommands","Test":"TestRootExecutionResultDecodesEveryFixedGoldenState/no_effect","Output":"--- FAIL: TestRootExecutionResultDecodesEveryFixedGoldenState/no_effect (0.00s)\n","OutputType":"frame"}
{"Time":"2026-10-05T08:35:03.574959543Z","Action":"fail","Package":"github.com/Hubujiu/WeaveOS/services/bff/internal/flowcommands","Test":"TestRootExecutionResultDecodesEveryFixedGoldenState/no_effect","Elapsed":0}
{"Time":"2026-10-05T08:35:03.574965351Z","Action":"output","Package":"github.com/Hubujiu/WeaveOS/services/bff/internal/flowcommands","Test":"TestRootExecutionResultDecodesEveryFixedGoldenState","Output":"--- FAIL: TestRootExecutionResultDecodesEveryFixedGoldenState (0.00s)\n","OutputType":"frame"}
{"Time":"2026-10-05T08:35:03.57497092Z","Action":"fail","Package":"github.com/Hubujiu/WeaveOS/services/bff/internal/flowcommands","Test":"TestRootExecutionResultDecodesEveryFixedGoldenState","Elapsed":0}
{"Time":"2026-10-05T08:35:03.574992252Z","Action":"run","Package":"github.com/Hubujiu/WeaveOS/services/bff/internal/flowcommands","Test":"TestRootExecutionResultValidatesExistingReceiptBindingsAndSequence"}
{"Time":"2026-10-05T08:35:03.57499728Z","Action":"output","Package":"github.com/Hubujiu/WeaveOS/services/bff/internal/flowcommands","Test":"TestRootExecutionResultValidatesExistingReceiptBindingsAndSequence","Output":"=== RUN   TestRootExecutionResultValidatesExistingReceiptBindingsAndSequence\n","OutputType":"frame"}
{"Time":"2026-10-05T08:35:03.575052242Z","Action":"output","Package":"github.com/Hubujiu/WeaveOS/services/bff/internal/flowcommands","Test":"TestRootExecutionResultValidatesExistingReceiptBindingsAndSequence","Output":"    root_execution_codec_test.go:149: case 0 got invalid workflow command want workflow receipt conflict\n","OutputType":"error"}
{"Time":"2026-10-05T08:35:03.575061276Z","Action":"output","Package":"github.com/Hubujiu/WeaveOS/services/bff/internal/flowcommands","Test":"TestRootExecutionResultValidatesExistingReceiptBindingsAndSequence","Output":"--- FAIL: TestRootExecutionResultValidatesExistingReceiptBindingsAndSequence (0.00s)\n","OutputType":"frame"}
{"Time":"2026-10-05T08:35:03.575067185Z","Action":"fail","Package":"github.com/Hubujiu/WeaveOS/services/bff/internal/flowcommands","Test":"TestRootExecutionResultValidatesExistingReceiptBindingsAndSequence","Elapsed":0}
{"Time":"2026-10-05T08:35:03.575073074Z","Action":"run","Package":"github.com/Hubujiu/WeaveOS/services/bff/internal/flowcommands","Test":"TestRootExecutionResultRejectsEvenAValidLegacyV1Command"}
{"Time":"2026-10-05T08:35:03.575078963Z","Action":"output","Package":"github.com/Hubujiu/WeaveOS/services/bff/internal/flowcommands","Test":"TestRootExecutionResultRejectsEvenAValidLegacyV1Command","Output":"=== RUN   TestRootExecutionResultRejectsEvenAValidLegacyV1Command\n","OutputType":"frame"}
{"Time":"2026-10-05T08:35:03.57523659Z","Action":"output","Package":"github.com/Hubujiu/WeaveOS/services/bff/internal/flowcommands","Test":"TestRootExecutionResultRejectsEvenAValidLegacyV1Command","Output":"--- PASS: TestRootExecutionResultRejectsEvenAValidLegacyV1Command (0.00s)\n","OutputType":"frame"}
{"Time":"2026-10-05T08:35:03.575246265Z","Action":"pass","Package":"github.com/Hubujiu/WeaveOS/services/bff/internal/flowcommands","Test":"TestRootExecutionResultRejectsEvenAValidLegacyV1Command","Elapsed":0}
{"Time":"2026-10-05T08:35:03.57525615Z","Action":"run","Package":"github.com/Hubujiu/WeaveOS/services/bff/internal/flowcommands","Test":"TestRootExecutionResultRejectsEveryTruncationTailPrefixAndOversize"}
{"Time":"2026-10-05T08:35:03.575261418Z","Action":"output","Package":"github.com/Hubujiu/WeaveOS/services/bff/internal/flowcommands","Test":"TestRootExecutionResultRejectsEveryTruncationTailPrefixAndOversize","Output":"=== RUN   TestRootExecutionResultRejectsEveryTruncationTailPrefixAndOversize\n","OutputType":"frame"}
{"Time":"2026-10-05T08:35:03.575953381Z","Action":"output","Package":"github.com/Hubujiu/WeaveOS/services/bff/internal/flowcommands","Test":"TestRootExecutionResultRejectsEveryTruncationTailPrefixAndOversize","Output":"--- PASS: TestRootExecutionResultRejectsEveryTruncationTailPrefixAndOversize (0.00s)\n","OutputType":"frame"}
{"Time":"2026-10-05T08:35:03.575961182Z","Action":"pass","Package":"github.com/Hubujiu/WeaveOS/services/bff/internal/flowcommands","Test":"TestRootExecutionResultRejectsEveryTruncationTailPrefixAndOversize","Elapsed":0}
{"Time":"2026-10-05T08:35:03.575966601Z","Action":"run","Package":"github.com/Hubujiu/WeaveOS/services/bff/internal/flowcommands","Test":"TestRootExecutionResultRejectsInvalidTaskSetsAndStateShape"}
{"Time":"2026-10-05T08:35:03.575971999Z","Action":"output","Package":"github.com/Hubujiu/WeaveOS/services/bff/internal/flowcommands","Test":"TestRootExecutionResultRejectsInvalidTaskSetsAndStateShape","Output":"=== RUN   TestRootExecutionResultRejectsInvalidTaskSetsAndStateShape\n","OutputType":"frame"}
{"Time":"2026-10-05T08:35:03.576101704Z","Action":"output","Package":"github.com/Hubujiu/WeaveOS/services/bff/internal/flowcommands","Test":"TestRootExecutionResultRejectsInvalidTaskSetsAndStateShape","Output":"--- PASS: TestRootExecutionResultRejectsInvalidTaskSetsAndStateShape (0.00s)\n","OutputType":"frame"}
{"Time":"2026-10-05T08:35:03.576108905Z","Action":"pass","Package":"github.com/Hubujiu/WeaveOS/services/bff/internal/flowcommands","Test":"TestRootExecutionResultRejectsInvalidTaskSetsAndStateShape","Elapsed":0}
{"Time":"2026-10-05T08:35:03.576115495Z","Action":"run","Package":"github.com/Hubujiu/WeaveOS/services/bff/internal/flowcommands","Test":"TestRootExecutionResultRejectsLengthBombsBeforeAllocation"}
{"Time":"2026-10-05T08:35:03.576120743Z","Action":"output","Package":"github.com/Hubujiu/WeaveOS/services/bff/internal/flowcommands","Test":"TestRootExecutionResultRejectsLengthBombsBeforeAllocation","Output":"=== RUN   TestRootExecutionResultRejectsLengthBombsBeforeAllocation\n","OutputType":"frame"}
{"Time":"2026-10-05T08:35:03.576154814Z","Action":"output","Package":"github.com/Hubujiu/WeaveOS/services/bff/internal/flowcommands","Test":"TestRootExecutionResultRejectsLengthBombsBeforeAllocation","Output":"--- PASS: TestRootExecutionResultRejectsLengthBombsBeforeAllocation (0.00s)\n","OutputType":"frame"}
{"Time":"2026-10-05T08:35:03.576180353Z","Action":"pass","Package":"github.com/Hubujiu/WeaveOS/services/bff/internal/flowcommands","Test":"TestRootExecutionResultRejectsLengthBombsBeforeAllocation","Elapsed":0}
{"Time":"2026-10-05T08:35:03.576187133Z","Action":"run","Package":"github.com/Hubujiu/WeaveOS/services/bff/internal/flowcommands","Test":"TestRootExecutionResultRequiresOutcomeAndStateAgreement"}
{"Time":"2026-10-05T08:35:03.576195075Z","Action":"output","Package":"github.com/Hubujiu/WeaveOS/services/bff/internal/flowcommands","Test":"TestRootExecutionResultRequiresOutcomeAndStateAgreement","Output":"=== RUN   TestRootExecutionResultRequiresOutcomeAndStateAgreement\n","OutputType":"frame"}
{"Time":"2026-10-05T08:35:03.576202186Z","Action":"output","Package":"github.com/Hubujiu/WeaveOS/services/bff/internal/flowcommands","Test":"TestRootExecutionResultRequiresOutcomeAndStateAgreement","Output":"    root_execution_codec_test.go:217: result_active invalid workflow command\n","OutputType":"error"}
{"Time":"2026-10-05T08:35:03.576208926Z","Action":"output","Package":"github.com/Hubujiu/WeaveOS/services/bff/internal/flowcommands","Test":"TestRootExecutionResultRequiresOutcomeAndStateAgreement","Output":"--- FAIL: TestRootExecutionResultRequiresOutcomeAndStateAgreement (0.00s)\n","OutputType":"frame"}
{"Time":"2026-10-05T08:35:03.576214644Z","Action":"fail","Package":"github.com/Hubujiu/WeaveOS/services/bff/internal/flowcommands","Test":"TestRootExecutionResultRequiresOutcomeAndStateAgreement","Elapsed":0}
{"Time":"2026-10-05T08:35:03.576221475Z","Action":"run","Package":"github.com/Hubujiu/WeaveOS/services/bff/internal/flowcommands","Test":"TestRootExecutionResultAllowsOnlyFrozenNoEffectReasons"}
{"Time":"2026-10-05T08:35:03.576226532Z","Action":"output","Package":"github.com/Hubujiu/WeaveOS/services/bff/internal/flowcommands","Test":"TestRootExecutionResultAllowsOnlyFrozenNoEffectReasons","Output":"=== RUN   TestRootExecutionResultAllowsOnlyFrozenNoEffectReasons\n","OutputType":"frame"}
{"Time":"2026-10-05T08:35:03.576232642Z","Action":"output","Package":"github.com/Hubujiu/WeaveOS/services/bff/internal/flowcommands","Test":"TestRootExecutionResultAllowsOnlyFrozenNoEffectReasons","Output":"    root_execution_codec_test.go:226: instance_missing invalid workflow command\n","OutputType":"error"}
{"Time":"2026-10-05T08:35:03.576239552Z","Action":"output","Package":"github.com/Hubujiu/WeaveOS/services/bff/internal/flowcommands","Test":"TestRootExecutionResultAllowsOnlyFrozenNoEffectReasons","Output":"--- FAIL: TestRootExecutionResultAllowsOnlyFrozenNoEffectReasons (0.00s)\n","OutputType":"frame"}
{"Time":"2026-10-05T08:35:03.576246502Z","Action":"fail","Package":"github.com/Hubujiu/WeaveOS/services/bff/internal/flowcommands","Test":"TestRootExecutionResultAllowsOnlyFrozenNoEffectReasons","Elapsed":0}
{"Time":"2026-10-05T08:35:03.576251951Z","Action":"run","Package":"github.com/Hubujiu/WeaveOS/services/bff/internal/flowcommands","Test":"TestRootExecutionResultDoesNotAliasInputOrOtherDecodeResults"}
{"Time":"2026-10-05T08:35:03.576257128Z","Action":"output","Package":"github.com/Hubujiu/WeaveOS/services/bff/internal/flowcommands","Test":"TestRootExecutionResultDoesNotAliasInputOrOtherDecodeResults","Output":"=== RUN   TestRootExecutionResultDoesNotAliasInputOrOtherDecodeResults\n","OutputType":"frame"}
{"Time":"2026-10-05T08:35:03.576263698Z","Action":"output","Package":"github.com/Hubujiu/WeaveOS/services/bff/internal/flowcommands","Test":"TestRootExecutionResultDoesNotAliasInputOrOtherDecodeResults","Output":"    root_execution_codec_test.go:235: invalid workflow command\n","OutputType":"error"}
{"Time":"2026-10-05T08:35:03.576269637Z","Action":"output","Package":"github.com/Hubujiu/WeaveOS/services/bff/internal/flowcommands","Test":"TestRootExecutionResultDoesNotAliasInputOrOtherDecodeResults","Output":"--- FAIL: TestRootExecutionResultDoesNotAliasInputOrOtherDecodeResults (0.00s)\n","OutputType":"frame"}
{"Time":"2026-10-05T08:35:03.576277409Z","Action":"fail","Package":"github.com/Hubujiu/WeaveOS/services/bff/internal/flowcommands","Test":"TestRootExecutionResultDoesNotAliasInputOrOtherDecodeResults","Elapsed":0}
{"Time":"2026-10-05T08:35:03.576283468Z","Action":"run","Package":"github.com/Hubujiu/WeaveOS/services/bff/internal/flowcommands","Test":"TestRootExecutionResultBoundsTaskCount"}
{"Time":"2026-10-05T08:35:03.576289597Z","Action":"output","Package":"github.com/Hubujiu/WeaveOS/services/bff/internal/flowcommands","Test":"TestRootExecutionResultBoundsTaskCount","Output":"=== RUN   TestRootExecutionResultBoundsTaskCount\n","OutputType":"frame"}
{"Time":"2026-10-05T08:35:03.576387024Z","Action":"output","Package":"github.com/Hubujiu/WeaveOS/services/bff/internal/flowcommands","Test":"TestRootExecutionResultBoundsTaskCount","Output":"    root_execution_codec_test.go:248: 50 tasks rejected invalid workflow command\n","OutputType":"error"}
{"Time":"2026-10-05T08:35:03.576395727Z","Action":"output","Package":"github.com/Hubujiu/WeaveOS/services/bff/internal/flowcommands","Test":"TestRootExecutionResultBoundsTaskCount","Output":"--- FAIL: TestRootExecutionResultBoundsTaskCount (0.00s)\n","OutputType":"frame"}
{"Time":"2026-10-05T08:35:03.576401947Z","Action":"fail","Package":"github.com/Hubujiu/WeaveOS/services/bff/internal/flowcommands","Test":"TestRootExecutionResultBoundsTaskCount","Elapsed":0}
{"Time":"2026-10-05T08:35:03.576407595Z","Action":"output","Package":"github.com/Hubujiu/WeaveOS/services/bff/internal/flowcommands","Output":"FAIL\n","OutputType":"frame"}
{"Time":"2026-10-05T08:35:03.576569499Z","Action":"output","Package":"github.com/Hubujiu/WeaveOS/services/bff/internal/flowcommands","Output":"FAIL\tgithub.com/Hubujiu/WeaveOS/services/bff/internal/flowcommands\t0.006s\n","OutputType":"frame"}
{"Time":"2026-10-05T08:35:03.576598733Z","Action":"fail","Package":"github.com/Hubujiu/WeaveOS/services/bff/internal/flowcommands","Elapsed":0.006}
