2026/10/07 07:59:06 OK   00001_auth.sql (13.28ms)
2026/10/07 07:59:06 OK   00002_personnel.sql (22.78ms)
2026/10/07 07:59:06 OK   00003_query_drafts.sql (6.09ms)
2026/10/07 07:59:06 OK   00004_query_revision_writers.sql (6.78ms)
2026/10/07 07:59:06 OK   00005_table_presets.sql (4.5ms)
2026/10/07 07:59:06 OK   00006_apps_policy.sql (16.96ms)
2026/10/07 07:59:06 OK   00007_app_structure.sql (20.19ms)
2026/10/07 07:59:06 OK   00008_app_records.sql (20.25ms)
2026/10/07 07:59:06 OK   00009_record_save_history.sql (8.04ms)
2026/10/07 07:59:06 OK   00010_member_source_label_width.sql (706.91µs)
2026/10/07 07:59:06 OK   00011_record_reference_defaults.sql (1.66ms)
2026/10/07 07:59:06 OK   00012_actual_reference_defaults.sql (2.15ms)
2026/10/07 07:59:06 OK   00013_record_command_fence.sql (5.1ms)
2026/10/07 07:59:06 OK   00014_workflow_command_ledger.sql (3.81ms)
2026/10/07 07:59:06 OK   00015_workflow_catalog.sql (10.36ms)
2026/10/07 07:59:06 OK   00016_workflow_management_operations.sql (5.94ms)
2026/10/07 07:59:06 OK   00017_workflow_publications.sql (15.1ms)
2026/10/07 07:59:06 OK   00018_workflow_execution_projection.sql (10.35ms)
2026/10/07 07:59:06 OK   00019_workflow_execution_recovery.sql (2.68ms)
2026/10/07 07:59:06 OK   00020_workflow_evidence.sql (6.65ms)
2026/10/07 07:59:06 OK   00021_workflow_task_operations.sql (2.01ms)
2026/10/07 07:59:06 OK   00022_workflow_lifecycle_operations.sql (1.93ms)
2026/10/07 07:59:06 goose: successfully migrated database to version: 22
