Oct 07, 2026 12:40:59 PM io.grpc.internal.SerializingExecutor run
SEVERE: Exception while executing runnable io.grpc.internal.ServerImpl$ServerTransportListenerImpl$1MethodLookup@25e1627e
io.grpc.StatusRuntimeException: RESOURCE_EXHAUSTED: workflow runtime capacity exhausted
	at io.grpc.Status.asRuntimeException(Status.java:524)
	at org.weaveos.workflow.WorkflowRuntime$Dispatcher.getExecutor(WorkflowRuntime.java:242)
	at io.grpc.internal.ServerImpl$ServerTransportListenerImpl$1MethodLookup.maySwitchExecutor(ServerImpl.java:589)
	at io.grpc.internal.ServerImpl$ServerTransportListenerImpl$1MethodLookup.runInternal(ServerImpl.java:562)
	at io.grpc.internal.ServerImpl$ServerTransportListenerImpl$1MethodLookup.runInContext(ServerImpl.java:535)
	at io.grpc.internal.ContextRunnable.run(ContextRunnable.java:37)
	at io.grpc.internal.SerializingExecutor.run(SerializingExecutor.java:133)
	at io.grpc.internal.SerializingExecutor.schedule(SerializingExecutor.java:102)
	at io.grpc.internal.SerializingExecutor.execute(SerializingExecutor.java:95)
	at io.grpc.internal.ServerImpl$ServerTransportListenerImpl.streamCreatedInternal(ServerImpl.java:635)
	at io.grpc.internal.ServerImpl$ServerTransportListenerImpl.streamCreated(ServerImpl.java:469)
	at io.grpc.netty.shaded.io.grpc.netty.NettyServerHandler.onHeadersRead(NettyServerHandler.java:548)
	at io.grpc.netty.shaded.io.grpc.netty.NettyServerHandler.access$1100(NettyServerHandler.java:118)
	at io.grpc.netty.shaded.io.grpc.netty.NettyServerHandler$FrameListener.onHeadersRead(NettyServerHandler.java:975)
	at io.grpc.netty.shaded.io.netty.handler.codec.http2.DefaultHttp2ConnectionDecoder$FrameReadListener.onHeadersRead(DefaultHttp2ConnectionDecoder.java:504)
	at io.grpc.netty.shaded.io.netty.handler.codec.http2.DefaultHttp2ConnectionDecoder$FrameReadListener.onHeadersRead(DefaultHttp2ConnectionDecoder.java:415)
	at io.grpc.netty.shaded.io.netty.handler.codec.http2.Http2InboundFrameLogger$1.onHeadersRead(Http2InboundFrameLogger.java:54)
	at io.grpc.netty.shaded.io.netty.handler.codec.http2.DefaultHttp2FrameReader$2.processFragment(DefaultHttp2FrameReader.java:490)
	at io.grpc.netty.shaded.io.netty.handler.codec.http2.DefaultHttp2FrameReader.readHeadersFrame(DefaultHttp2FrameReader.java:498)
	at io.grpc.netty.shaded.io.netty.handler.codec.http2.DefaultHttp2FrameReader.processPayloadState(DefaultHttp2FrameReader.java:257)
	at io.grpc.netty.shaded.io.netty.handler.codec.http2.DefaultHttp2FrameReader.readFrame(DefaultHttp2FrameReader.java:174)
	at io.grpc.netty.shaded.io.netty.handler.codec.http2.Http2InboundFrameLogger.readFrame(Http2InboundFrameLogger.java:39)
	at io.grpc.netty.shaded.io.netty.handler.codec.http2.DefaultHttp2ConnectionDecoder.decodeFrame(DefaultHttp2ConnectionDecoder.java:221)
	at io.grpc.netty.shaded.io.netty.handler.codec.http2.Http2ConnectionHandler$FrameDecoder.decode(Http2ConnectionHandler.java:413)
	at io.grpc.netty.shaded.io.netty.handler.codec.http2.Http2ConnectionHandler.decode(Http2ConnectionHandler.java:473)
	at io.grpc.netty.shaded.io.netty.handler.codec.ByteToMessageDecoder.decodeRemovalReentryProtection(ByteToMessageDecoder.java:545)
	at io.grpc.netty.shaded.io.netty.handler.codec.ByteToMessageDecoder.callDecode(ByteToMessageDecoder.java:484)
	at io.grpc.netty.shaded.io.netty.handler.codec.ByteToMessageDecoder.channelRead(ByteToMessageDecoder.java:296)
	at io.grpc.netty.shaded.io.netty.channel.AbstractChannelHandlerContext.fireChannelRead(AbstractChannelHandlerContext.java:357)
	at io.grpc.netty.shaded.io.netty.channel.DefaultChannelPipeline$HeadContext.channelRead(DefaultChannelPipeline.java:1429)
	at io.grpc.netty.shaded.io.netty.channel.DefaultChannelPipeline.fireChannelRead(DefaultChannelPipeline.java:918)
	at io.grpc.netty.shaded.io.netty.channel.epoll.AbstractEpollStreamChannel$EpollStreamUnsafe.epollInReady(AbstractEpollStreamChannel.java:804)
	at io.grpc.netty.shaded.io.netty.channel.epoll.AbstractEpollChannel$AbstractEpollUnsafe.handle(AbstractEpollChannel.java:487)
	at io.grpc.netty.shaded.io.netty.channel.epoll.EpollIoHandler$DefaultEpollIoRegistration.handle(EpollIoHandler.java:349)
	at io.grpc.netty.shaded.io.netty.channel.epoll.EpollIoHandler.processReady(EpollIoHandler.java:548)
	at io.grpc.netty.shaded.io.netty.channel.epoll.EpollIoHandler.run(EpollIoHandler.java:491)
	at io.grpc.netty.shaded.io.netty.channel.SingleThreadIoEventLoop.runIo(SingleThreadIoEventLoop.java:225)
	at io.grpc.netty.shaded.io.netty.channel.SingleThreadIoEventLoop.run(SingleThreadIoEventLoop.java:196)
	at io.grpc.netty.shaded.io.netty.util.concurrent.SingleThreadEventExecutor$5.run(SingleThreadEventExecutor.java:1204)
	at io.grpc.netty.shaded.io.netty.util.internal.ThreadExecutorMap$2.run(ThreadExecutorMap.java:74)
	at io.grpc.netty.shaded.io.netty.util.concurrent.FastThreadLocalRunnable.run(FastThreadLocalRunnable.java:30)
	at java.base/java.lang.Thread.run(Thread.java:840)

Oct 07, 2026 12:40:59 PM io.grpc.internal.SerializingExecutor run
SEVERE: Exception while executing runnable io.grpc.internal.ServerImpl$ServerTransportListenerImpl$1MethodLookup@682b5211
io.grpc.StatusRuntimeException: RESOURCE_EXHAUSTED: workflow runtime capacity exhausted
	at io.grpc.Status.asRuntimeException(Status.java:524)
	at org.weaveos.workflow.WorkflowRuntime$Dispatcher.getExecutor(WorkflowRuntime.java:242)
	at io.grpc.internal.ServerImpl$ServerTransportListenerImpl$1MethodLookup.maySwitchExecutor(ServerImpl.java:589)
	at io.grpc.internal.ServerImpl$ServerTransportListenerImpl$1MethodLookup.runInternal(ServerImpl.java:562)
	at io.grpc.internal.ServerImpl$ServerTransportListenerImpl$1MethodLookup.runInContext(ServerImpl.java:535)
	at io.grpc.internal.ContextRunnable.run(ContextRunnable.java:37)
	at io.grpc.internal.SerializingExecutor.run(SerializingExecutor.java:133)
	at io.grpc.internal.SerializingExecutor.schedule(SerializingExecutor.java:102)
	at io.grpc.internal.SerializingExecutor.execute(SerializingExecutor.java:95)
	at io.grpc.internal.ServerImpl$ServerTransportListenerImpl.streamCreatedInternal(ServerImpl.java:635)
	at io.grpc.internal.ServerImpl$ServerTransportListenerImpl.streamCreated(ServerImpl.java:469)
	at io.grpc.netty.shaded.io.grpc.netty.NettyServerHandler.onHeadersRead(NettyServerHandler.java:548)
	at io.grpc.netty.shaded.io.grpc.netty.NettyServerHandler.access$1100(NettyServerHandler.java:118)
	at io.grpc.netty.shaded.io.grpc.netty.NettyServerHandler$FrameListener.onHeadersRead(NettyServerHandler.java:975)
	at io.grpc.netty.shaded.io.netty.handler.codec.http2.DefaultHttp2ConnectionDecoder$FrameReadListener.onHeadersRead(DefaultHttp2ConnectionDecoder.java:504)
	at io.grpc.netty.shaded.io.netty.handler.codec.http2.DefaultHttp2ConnectionDecoder$FrameReadListener.onHeadersRead(DefaultHttp2ConnectionDecoder.java:415)
	at io.grpc.netty.shaded.io.netty.handler.codec.http2.Http2InboundFrameLogger$1.onHeadersRead(Http2InboundFrameLogger.java:54)
	at io.grpc.netty.shaded.io.netty.handler.codec.http2.DefaultHttp2FrameReader$2.processFragment(DefaultHttp2FrameReader.java:490)
	at io.grpc.netty.shaded.io.netty.handler.codec.http2.DefaultHttp2FrameReader.readHeadersFrame(DefaultHttp2FrameReader.java:498)
	at io.grpc.netty.shaded.io.netty.handler.codec.http2.DefaultHttp2FrameReader.processPayloadState(DefaultHttp2FrameReader.java:257)
	at io.grpc.netty.shaded.io.netty.handler.codec.http2.DefaultHttp2FrameReader.readFrame(DefaultHttp2FrameReader.java:174)
	at io.grpc.netty.shaded.io.netty.handler.codec.http2.Http2InboundFrameLogger.readFrame(Http2InboundFrameLogger.java:39)
	at io.grpc.netty.shaded.io.netty.handler.codec.http2.DefaultHttp2ConnectionDecoder.decodeFrame(DefaultHttp2ConnectionDecoder.java:221)
	at io.grpc.netty.shaded.io.netty.handler.codec.http2.Http2ConnectionHandler$FrameDecoder.decode(Http2ConnectionHandler.java:413)
	at io.grpc.netty.shaded.io.netty.handler.codec.http2.Http2ConnectionHandler.decode(Http2ConnectionHandler.java:473)
	at io.grpc.netty.shaded.io.netty.handler.codec.ByteToMessageDecoder.decodeRemovalReentryProtection(ByteToMessageDecoder.java:545)
	at io.grpc.netty.shaded.io.netty.handler.codec.ByteToMessageDecoder.callDecode(ByteToMessageDecoder.java:484)
	at io.grpc.netty.shaded.io.netty.handler.codec.ByteToMessageDecoder.channelRead(ByteToMessageDecoder.java:296)
	at io.grpc.netty.shaded.io.netty.channel.AbstractChannelHandlerContext.fireChannelRead(AbstractChannelHandlerContext.java:357)
	at io.grpc.netty.shaded.io.netty.channel.DefaultChannelPipeline$HeadContext.channelRead(DefaultChannelPipeline.java:1429)
	at io.grpc.netty.shaded.io.netty.channel.DefaultChannelPipeline.fireChannelRead(DefaultChannelPipeline.java:918)
	at io.grpc.netty.shaded.io.netty.channel.epoll.AbstractEpollStreamChannel$EpollStreamUnsafe.epollInReady(AbstractEpollStreamChannel.java:804)
	at io.grpc.netty.shaded.io.netty.channel.epoll.AbstractEpollChannel$AbstractEpollUnsafe.handle(AbstractEpollChannel.java:487)
	at io.grpc.netty.shaded.io.netty.channel.epoll.EpollIoHandler$DefaultEpollIoRegistration.handle(EpollIoHandler.java:349)
	at io.grpc.netty.shaded.io.netty.channel.epoll.EpollIoHandler.processReady(EpollIoHandler.java:548)
	at io.grpc.netty.shaded.io.netty.channel.epoll.EpollIoHandler.run(EpollIoHandler.java:491)
	at io.grpc.netty.shaded.io.netty.channel.SingleThreadIoEventLoop.runIo(SingleThreadIoEventLoop.java:225)
	at io.grpc.netty.shaded.io.netty.channel.SingleThreadIoEventLoop.run(SingleThreadIoEventLoop.java:196)
	at io.grpc.netty.shaded.io.netty.util.concurrent.SingleThreadEventExecutor$5.run(SingleThreadEventExecutor.java:1204)
	at io.grpc.netty.shaded.io.netty.util.internal.ThreadExecutorMap$2.run(ThreadExecutorMap.java:74)
	at io.grpc.netty.shaded.io.netty.util.concurrent.FastThreadLocalRunnable.run(FastThreadLocalRunnable.java:30)
	at java.base/java.lang.Thread.run(Thread.java:840)

Oct 07, 2026 12:40:59 PM io.grpc.internal.SerializingExecutor run
SEVERE: Exception while executing runnable io.grpc.internal.ServerImpl$ServerTransportListenerImpl$1MethodLookup@4de0d7ef
io.grpc.StatusRuntimeException: RESOURCE_EXHAUSTED: workflow runtime capacity exhausted
	at io.grpc.Status.asRuntimeException(Status.java:524)
	at org.weaveos.workflow.WorkflowRuntime$Dispatcher.getExecutor(WorkflowRuntime.java:242)
	at io.grpc.internal.ServerImpl$ServerTransportListenerImpl$1MethodLookup.maySwitchExecutor(ServerImpl.java:589)
	at io.grpc.internal.ServerImpl$ServerTransportListenerImpl$1MethodLookup.runInternal(ServerImpl.java:562)
	at io.grpc.internal.ServerImpl$ServerTransportListenerImpl$1MethodLookup.runInContext(ServerImpl.java:535)
	at io.grpc.internal.ContextRunnable.run(ContextRunnable.java:37)
	at io.grpc.internal.SerializingExecutor.run(SerializingExecutor.java:133)
	at io.grpc.internal.SerializingExecutor.schedule(SerializingExecutor.java:102)
	at io.grpc.internal.SerializingExecutor.execute(SerializingExecutor.java:95)
	at io.grpc.internal.ServerImpl$ServerTransportListenerImpl.streamCreatedInternal(ServerImpl.java:635)
	at io.grpc.internal.ServerImpl$ServerTransportListenerImpl.streamCreated(ServerImpl.java:469)
	at io.grpc.netty.shaded.io.grpc.netty.NettyServerHandler.onHeadersRead(NettyServerHandler.java:548)
	at io.grpc.netty.shaded.io.grpc.netty.NettyServerHandler.access$1100(NettyServerHandler.java:118)
	at io.grpc.netty.shaded.io.grpc.netty.NettyServerHandler$FrameListener.onHeadersRead(NettyServerHandler.java:975)
	at io.grpc.netty.shaded.io.netty.handler.codec.http2.DefaultHttp2ConnectionDecoder$FrameReadListener.onHeadersRead(DefaultHttp2ConnectionDecoder.java:504)
	at io.grpc.netty.shaded.io.netty.handler.codec.http2.DefaultHttp2ConnectionDecoder$FrameReadListener.onHeadersRead(DefaultHttp2ConnectionDecoder.java:415)
	at io.grpc.netty.shaded.io.netty.handler.codec.http2.Http2InboundFrameLogger$1.onHeadersRead(Http2InboundFrameLogger.java:54)
	at io.grpc.netty.shaded.io.netty.handler.codec.http2.DefaultHttp2FrameReader$2.processFragment(DefaultHttp2FrameReader.java:490)
	at io.grpc.netty.shaded.io.netty.handler.codec.http2.DefaultHttp2FrameReader.readHeadersFrame(DefaultHttp2FrameReader.java:498)
	at io.grpc.netty.shaded.io.netty.handler.codec.http2.DefaultHttp2FrameReader.processPayloadState(DefaultHttp2FrameReader.java:257)
	at io.grpc.netty.shaded.io.netty.handler.codec.http2.DefaultHttp2FrameReader.readFrame(DefaultHttp2FrameReader.java:174)
	at io.grpc.netty.shaded.io.netty.handler.codec.http2.Http2InboundFrameLogger.readFrame(Http2InboundFrameLogger.java:39)
	at io.grpc.netty.shaded.io.netty.handler.codec.http2.DefaultHttp2ConnectionDecoder.decodeFrame(DefaultHttp2ConnectionDecoder.java:221)
	at io.grpc.netty.shaded.io.netty.handler.codec.http2.Http2ConnectionHandler$FrameDecoder.decode(Http2ConnectionHandler.java:413)
	at io.grpc.netty.shaded.io.netty.handler.codec.http2.Http2ConnectionHandler.decode(Http2ConnectionHandler.java:473)
	at io.grpc.netty.shaded.io.netty.handler.codec.ByteToMessageDecoder.decodeRemovalReentryProtection(ByteToMessageDecoder.java:545)
	at io.grpc.netty.shaded.io.netty.handler.codec.ByteToMessageDecoder.callDecode(ByteToMessageDecoder.java:484)
	at io.grpc.netty.shaded.io.netty.handler.codec.ByteToMessageDecoder.channelRead(ByteToMessageDecoder.java:296)
	at io.grpc.netty.shaded.io.netty.channel.AbstractChannelHandlerContext.fireChannelRead(AbstractChannelHandlerContext.java:357)
	at io.grpc.netty.shaded.io.netty.channel.DefaultChannelPipeline$HeadContext.channelRead(DefaultChannelPipeline.java:1429)
	at io.grpc.netty.shaded.io.netty.channel.DefaultChannelPipeline.fireChannelRead(DefaultChannelPipeline.java:918)
	at io.grpc.netty.shaded.io.netty.channel.epoll.AbstractEpollStreamChannel$EpollStreamUnsafe.epollInReady(AbstractEpollStreamChannel.java:804)
	at io.grpc.netty.shaded.io.netty.channel.epoll.AbstractEpollChannel$AbstractEpollUnsafe.handle(AbstractEpollChannel.java:487)
	at io.grpc.netty.shaded.io.netty.channel.epoll.EpollIoHandler$DefaultEpollIoRegistration.handle(EpollIoHandler.java:349)
	at io.grpc.netty.shaded.io.netty.channel.epoll.EpollIoHandler.processReady(EpollIoHandler.java:548)
	at io.grpc.netty.shaded.io.netty.channel.epoll.EpollIoHandler.run(EpollIoHandler.java:491)
	at io.grpc.netty.shaded.io.netty.channel.SingleThreadIoEventLoop.runIo(SingleThreadIoEventLoop.java:225)
	at io.grpc.netty.shaded.io.netty.channel.SingleThreadIoEventLoop.run(SingleThreadIoEventLoop.java:196)
	at io.grpc.netty.shaded.io.netty.util.concurrent.SingleThreadEventExecutor$5.run(SingleThreadEventExecutor.java:1204)
	at io.grpc.netty.shaded.io.netty.util.internal.ThreadExecutorMap$2.run(ThreadExecutorMap.java:74)
	at io.grpc.netty.shaded.io.netty.util.concurrent.FastThreadLocalRunnable.run(FastThreadLocalRunnable.java:30)
	at java.base/java.lang.Thread.run(Thread.java:840)

Oct 07, 2026 12:40:59 PM io.grpc.internal.SerializingExecutor run
SEVERE: Exception while executing runnable io.grpc.internal.ServerImpl$ServerTransportListenerImpl$1MethodLookup@a7fe41
io.grpc.StatusRuntimeException: RESOURCE_EXHAUSTED: workflow runtime capacity exhausted
	at io.grpc.Status.asRuntimeException(Status.java:524)
	at org.weaveos.workflow.WorkflowRuntime$Dispatcher.getExecutor(WorkflowRuntime.java:242)
	at io.grpc.internal.ServerImpl$ServerTransportListenerImpl$1MethodLookup.maySwitchExecutor(ServerImpl.java:589)
	at io.grpc.internal.ServerImpl$ServerTransportListenerImpl$1MethodLookup.runInternal(ServerImpl.java:562)
	at io.grpc.internal.ServerImpl$ServerTransportListenerImpl$1MethodLookup.runInContext(ServerImpl.java:535)
	at io.grpc.internal.ContextRunnable.run(ContextRunnable.java:37)
	at io.grpc.internal.SerializingExecutor.run(SerializingExecutor.java:133)
	at io.grpc.internal.SerializingExecutor.schedule(SerializingExecutor.java:102)
	at io.grpc.internal.SerializingExecutor.execute(SerializingExecutor.java:95)
	at io.grpc.internal.ServerImpl$ServerTransportListenerImpl.streamCreatedInternal(ServerImpl.java:635)
	at io.grpc.internal.ServerImpl$ServerTransportListenerImpl.streamCreated(ServerImpl.java:469)
	at io.grpc.netty.shaded.io.grpc.netty.NettyServerHandler.onHeadersRead(NettyServerHandler.java:548)
	at io.grpc.netty.shaded.io.grpc.netty.NettyServerHandler.access$1100(NettyServerHandler.java:118)
	at io.grpc.netty.shaded.io.grpc.netty.NettyServerHandler$FrameListener.onHeadersRead(NettyServerHandler.java:975)
	at io.grpc.netty.shaded.io.netty.handler.codec.http2.DefaultHttp2ConnectionDecoder$FrameReadListener.onHeadersRead(DefaultHttp2ConnectionDecoder.java:504)
	at io.grpc.netty.shaded.io.netty.handler.codec.http2.DefaultHttp2ConnectionDecoder$FrameReadListener.onHeadersRead(DefaultHttp2ConnectionDecoder.java:415)
	at io.grpc.netty.shaded.io.netty.handler.codec.http2.Http2InboundFrameLogger$1.onHeadersRead(Http2InboundFrameLogger.java:54)
	at io.grpc.netty.shaded.io.netty.handler.codec.http2.DefaultHttp2FrameReader$2.processFragment(DefaultHttp2FrameReader.java:490)
	at io.grpc.netty.shaded.io.netty.handler.codec.http2.DefaultHttp2FrameReader.readHeadersFrame(DefaultHttp2FrameReader.java:498)
	at io.grpc.netty.shaded.io.netty.handler.codec.http2.DefaultHttp2FrameReader.processPayloadState(DefaultHttp2FrameReader.java:257)
	at io.grpc.netty.shaded.io.netty.handler.codec.http2.DefaultHttp2FrameReader.readFrame(DefaultHttp2FrameReader.java:174)
	at io.grpc.netty.shaded.io.netty.handler.codec.http2.Http2InboundFrameLogger.readFrame(Http2InboundFrameLogger.java:39)
	at io.grpc.netty.shaded.io.netty.handler.codec.http2.DefaultHttp2ConnectionDecoder.decodeFrame(DefaultHttp2ConnectionDecoder.java:221)
	at io.grpc.netty.shaded.io.netty.handler.codec.http2.Http2ConnectionHandler$FrameDecoder.decode(Http2ConnectionHandler.java:413)
	at io.grpc.netty.shaded.io.netty.handler.codec.http2.Http2ConnectionHandler.decode(Http2ConnectionHandler.java:473)
	at io.grpc.netty.shaded.io.netty.handler.codec.ByteToMessageDecoder.decodeRemovalReentryProtection(ByteToMessageDecoder.java:545)
	at io.grpc.netty.shaded.io.netty.handler.codec.ByteToMessageDecoder.callDecode(ByteToMessageDecoder.java:484)
	at io.grpc.netty.shaded.io.netty.handler.codec.ByteToMessageDecoder.channelRead(ByteToMessageDecoder.java:296)
	at io.grpc.netty.shaded.io.netty.channel.AbstractChannelHandlerContext.fireChannelRead(AbstractChannelHandlerContext.java:357)
	at io.grpc.netty.shaded.io.netty.channel.DefaultChannelPipeline$HeadContext.channelRead(DefaultChannelPipeline.java:1429)
	at io.grpc.netty.shaded.io.netty.channel.DefaultChannelPipeline.fireChannelRead(DefaultChannelPipeline.java:918)
	at io.grpc.netty.shaded.io.netty.channel.epoll.AbstractEpollStreamChannel$EpollStreamUnsafe.epollInReady(AbstractEpollStreamChannel.java:804)
	at io.grpc.netty.shaded.io.netty.channel.epoll.AbstractEpollChannel$AbstractEpollUnsafe.handle(AbstractEpollChannel.java:487)
	at io.grpc.netty.shaded.io.netty.channel.epoll.EpollIoHandler$DefaultEpollIoRegistration.handle(EpollIoHandler.java:349)
	at io.grpc.netty.shaded.io.netty.channel.epoll.EpollIoHandler.processReady(EpollIoHandler.java:548)
	at io.grpc.netty.shaded.io.netty.channel.epoll.EpollIoHandler.run(EpollIoHandler.java:491)
	at io.grpc.netty.shaded.io.netty.channel.SingleThreadIoEventLoop.runIo(SingleThreadIoEventLoop.java:225)
	at io.grpc.netty.shaded.io.netty.channel.SingleThreadIoEventLoop.run(SingleThreadIoEventLoop.java:196)
	at io.grpc.netty.shaded.io.netty.util.concurrent.SingleThreadEventExecutor$5.run(SingleThreadEventExecutor.java:1204)
	at io.grpc.netty.shaded.io.netty.util.internal.ThreadExecutorMap$2.run(ThreadExecutorMap.java:74)
	at io.grpc.netty.shaded.io.netty.util.concurrent.FastThreadLocalRunnable.run(FastThreadLocalRunnable.java:30)
	at java.base/java.lang.Thread.run(Thread.java:840)

Oct 07, 2026 12:40:59 PM io.grpc.internal.SerializingExecutor run
SEVERE: Exception while executing runnable io.grpc.internal.ServerImpl$ServerTransportListenerImpl$1MethodLookup@25e81a33
io.grpc.StatusRuntimeException: RESOURCE_EXHAUSTED: workflow runtime capacity exhausted
	at io.grpc.Status.asRuntimeException(Status.java:524)
	at org.weaveos.workflow.WorkflowRuntime$Dispatcher.getExecutor(WorkflowRuntime.java:242)
	at io.grpc.internal.ServerImpl$ServerTransportListenerImpl$1MethodLookup.maySwitchExecutor(ServerImpl.java:589)
	at io.grpc.internal.ServerImpl$ServerTransportListenerImpl$1MethodLookup.runInternal(ServerImpl.java:562)
	at io.grpc.internal.ServerImpl$ServerTransportListenerImpl$1MethodLookup.runInContext(ServerImpl.java:535)
	at io.grpc.internal.ContextRunnable.run(ContextRunnable.java:37)
	at io.grpc.internal.SerializingExecutor.run(SerializingExecutor.java:133)
	at io.grpc.internal.SerializingExecutor.schedule(SerializingExecutor.java:102)
	at io.grpc.internal.SerializingExecutor.execute(SerializingExecutor.java:95)
	at io.grpc.internal.ServerImpl$ServerTransportListenerImpl.streamCreatedInternal(ServerImpl.java:635)
	at io.grpc.internal.ServerImpl$ServerTransportListenerImpl.streamCreated(ServerImpl.java:469)
	at io.grpc.netty.shaded.io.grpc.netty.NettyServerHandler.onHeadersRead(NettyServerHandler.java:548)
	at io.grpc.netty.shaded.io.grpc.netty.NettyServerHandler.access$1100(NettyServerHandler.java:118)
	at io.grpc.netty.shaded.io.grpc.netty.NettyServerHandler$FrameListener.onHeadersRead(NettyServerHandler.java:975)
	at io.grpc.netty.shaded.io.netty.handler.codec.http2.DefaultHttp2ConnectionDecoder$FrameReadListener.onHeadersRead(DefaultHttp2ConnectionDecoder.java:504)
	at io.grpc.netty.shaded.io.netty.handler.codec.http2.DefaultHttp2ConnectionDecoder$FrameReadListener.onHeadersRead(DefaultHttp2ConnectionDecoder.java:415)
	at io.grpc.netty.shaded.io.netty.handler.codec.http2.Http2InboundFrameLogger$1.onHeadersRead(Http2InboundFrameLogger.java:54)
	at io.grpc.netty.shaded.io.netty.handler.codec.http2.DefaultHttp2FrameReader$2.processFragment(DefaultHttp2FrameReader.java:490)
	at io.grpc.netty.shaded.io.netty.handler.codec.http2.DefaultHttp2FrameReader.readHeadersFrame(DefaultHttp2FrameReader.java:498)
	at io.grpc.netty.shaded.io.netty.handler.codec.http2.DefaultHttp2FrameReader.processPayloadState(DefaultHttp2FrameReader.java:257)
	at io.grpc.netty.shaded.io.netty.handler.codec.http2.DefaultHttp2FrameReader.readFrame(DefaultHttp2FrameReader.java:174)
	at io.grpc.netty.shaded.io.netty.handler.codec.http2.Http2InboundFrameLogger.readFrame(Http2InboundFrameLogger.java:39)
	at io.grpc.netty.shaded.io.netty.handler.codec.http2.DefaultHttp2ConnectionDecoder.decodeFrame(DefaultHttp2ConnectionDecoder.java:221)
	at io.grpc.netty.shaded.io.netty.handler.codec.http2.Http2ConnectionHandler$FrameDecoder.decode(Http2ConnectionHandler.java:413)
	at io.grpc.netty.shaded.io.netty.handler.codec.http2.Http2ConnectionHandler.decode(Http2ConnectionHandler.java:473)
	at io.grpc.netty.shaded.io.netty.handler.codec.ByteToMessageDecoder.decodeRemovalReentryProtection(ByteToMessageDecoder.java:545)
	at io.grpc.netty.shaded.io.netty.handler.codec.ByteToMessageDecoder.callDecode(ByteToMessageDecoder.java:484)
	at io.grpc.netty.shaded.io.netty.handler.codec.ByteToMessageDecoder.channelRead(ByteToMessageDecoder.java:296)
	at io.grpc.netty.shaded.io.netty.channel.AbstractChannelHandlerContext.fireChannelRead(AbstractChannelHandlerContext.java:357)
	at io.grpc.netty.shaded.io.netty.channel.DefaultChannelPipeline$HeadContext.channelRead(DefaultChannelPipeline.java:1429)
	at io.grpc.netty.shaded.io.netty.channel.DefaultChannelPipeline.fireChannelRead(DefaultChannelPipeline.java:918)
	at io.grpc.netty.shaded.io.netty.channel.epoll.AbstractEpollStreamChannel$EpollStreamUnsafe.epollInReady(AbstractEpollStreamChannel.java:804)
	at io.grpc.netty.shaded.io.netty.channel.epoll.AbstractEpollChannel$AbstractEpollUnsafe.handle(AbstractEpollChannel.java:487)
	at io.grpc.netty.shaded.io.netty.channel.epoll.EpollIoHandler$DefaultEpollIoRegistration.handle(EpollIoHandler.java:349)
	at io.grpc.netty.shaded.io.netty.channel.epoll.EpollIoHandler.processReady(EpollIoHandler.java:548)
	at io.grpc.netty.shaded.io.netty.channel.epoll.EpollIoHandler.run(EpollIoHandler.java:491)
	at io.grpc.netty.shaded.io.netty.channel.SingleThreadIoEventLoop.runIo(SingleThreadIoEventLoop.java:225)
	at io.grpc.netty.shaded.io.netty.channel.SingleThreadIoEventLoop.run(SingleThreadIoEventLoop.java:196)
	at io.grpc.netty.shaded.io.netty.util.concurrent.SingleThreadEventExecutor$5.run(SingleThreadEventExecutor.java:1204)
	at io.grpc.netty.shaded.io.netty.util.internal.ThreadExecutorMap$2.run(ThreadExecutorMap.java:74)
	at io.grpc.netty.shaded.io.netty.util.concurrent.FastThreadLocalRunnable.run(FastThreadLocalRunnable.java:30)
	at java.base/java.lang.Thread.run(Thread.java:840)

Oct 07, 2026 12:40:59 PM io.grpc.internal.SerializingExecutor run
SEVERE: Exception while executing runnable io.grpc.internal.ServerImpl$ServerTransportListenerImpl$1MethodLookup@5ca430ee
io.grpc.StatusRuntimeException: RESOURCE_EXHAUSTED: workflow runtime capacity exhausted
	at io.grpc.Status.asRuntimeException(Status.java:524)
	at org.weaveos.workflow.WorkflowRuntime$Dispatcher.getExecutor(WorkflowRuntime.java:242)
	at io.grpc.internal.ServerImpl$ServerTransportListenerImpl$1MethodLookup.maySwitchExecutor(ServerImpl.java:589)
	at io.grpc.internal.ServerImpl$ServerTransportListenerImpl$1MethodLookup.runInternal(ServerImpl.java:562)
	at io.grpc.internal.ServerImpl$ServerTransportListenerImpl$1MethodLookup.runInContext(ServerImpl.java:535)
	at io.grpc.internal.ContextRunnable.run(ContextRunnable.java:37)
	at io.grpc.internal.SerializingExecutor.run(SerializingExecutor.java:133)
	at io.grpc.internal.SerializingExecutor.schedule(SerializingExecutor.java:102)
	at io.grpc.internal.SerializingExecutor.execute(SerializingExecutor.java:95)
	at io.grpc.internal.ServerImpl$ServerTransportListenerImpl.streamCreatedInternal(ServerImpl.java:635)
	at io.grpc.internal.ServerImpl$ServerTransportListenerImpl.streamCreated(ServerImpl.java:469)
	at io.grpc.netty.shaded.io.grpc.netty.NettyServerHandler.onHeadersRead(NettyServerHandler.java:548)
	at io.grpc.netty.shaded.io.grpc.netty.NettyServerHandler.access$1100(NettyServerHandler.java:118)
	at io.grpc.netty.shaded.io.grpc.netty.NettyServerHandler$FrameListener.onHeadersRead(NettyServerHandler.java:975)
	at io.grpc.netty.shaded.io.netty.handler.codec.http2.DefaultHttp2ConnectionDecoder$FrameReadListener.onHeadersRead(DefaultHttp2ConnectionDecoder.java:504)
	at io.grpc.netty.shaded.io.netty.handler.codec.http2.DefaultHttp2ConnectionDecoder$FrameReadListener.onHeadersRead(DefaultHttp2ConnectionDecoder.java:415)
	at io.grpc.netty.shaded.io.netty.handler.codec.http2.Http2InboundFrameLogger$1.onHeadersRead(Http2InboundFrameLogger.java:54)
	at io.grpc.netty.shaded.io.netty.handler.codec.http2.DefaultHttp2FrameReader$2.processFragment(DefaultHttp2FrameReader.java:490)
	at io.grpc.netty.shaded.io.netty.handler.codec.http2.DefaultHttp2FrameReader.readHeadersFrame(DefaultHttp2FrameReader.java:498)
	at io.grpc.netty.shaded.io.netty.handler.codec.http2.DefaultHttp2FrameReader.processPayloadState(DefaultHttp2FrameReader.java:257)
	at io.grpc.netty.shaded.io.netty.handler.codec.http2.DefaultHttp2FrameReader.readFrame(DefaultHttp2FrameReader.java:174)
	at io.grpc.netty.shaded.io.netty.handler.codec.http2.Http2InboundFrameLogger.readFrame(Http2InboundFrameLogger.java:39)
	at io.grpc.netty.shaded.io.netty.handler.codec.http2.DefaultHttp2ConnectionDecoder.decodeFrame(DefaultHttp2ConnectionDecoder.java:221)
	at io.grpc.netty.shaded.io.netty.handler.codec.http2.Http2ConnectionHandler$FrameDecoder.decode(Http2ConnectionHandler.java:413)
	at io.grpc.netty.shaded.io.netty.handler.codec.http2.Http2ConnectionHandler.decode(Http2ConnectionHandler.java:473)
	at io.grpc.netty.shaded.io.netty.handler.codec.ByteToMessageDecoder.decodeRemovalReentryProtection(ByteToMessageDecoder.java:545)
	at io.grpc.netty.shaded.io.netty.handler.codec.ByteToMessageDecoder.callDecode(ByteToMessageDecoder.java:484)
	at io.grpc.netty.shaded.io.netty.handler.codec.ByteToMessageDecoder.channelRead(ByteToMessageDecoder.java:296)
	at io.grpc.netty.shaded.io.netty.channel.AbstractChannelHandlerContext.fireChannelRead(AbstractChannelHandlerContext.java:357)
	at io.grpc.netty.shaded.io.netty.channel.DefaultChannelPipeline$HeadContext.channelRead(DefaultChannelPipeline.java:1429)
	at io.grpc.netty.shaded.io.netty.channel.DefaultChannelPipeline.fireChannelRead(DefaultChannelPipeline.java:918)
	at io.grpc.netty.shaded.io.netty.channel.epoll.AbstractEpollStreamChannel$EpollStreamUnsafe.epollInReady(AbstractEpollStreamChannel.java:804)
	at io.grpc.netty.shaded.io.netty.channel.epoll.AbstractEpollChannel$AbstractEpollUnsafe.handle(AbstractEpollChannel.java:487)
	at io.grpc.netty.shaded.io.netty.channel.epoll.EpollIoHandler$DefaultEpollIoRegistration.handle(EpollIoHandler.java:349)
	at io.grpc.netty.shaded.io.netty.channel.epoll.EpollIoHandler.processReady(EpollIoHandler.java:548)
	at io.grpc.netty.shaded.io.netty.channel.epoll.EpollIoHandler.run(EpollIoHandler.java:491)
	at io.grpc.netty.shaded.io.netty.channel.SingleThreadIoEventLoop.runIo(SingleThreadIoEventLoop.java:225)
	at io.grpc.netty.shaded.io.netty.channel.SingleThreadIoEventLoop.run(SingleThreadIoEventLoop.java:196)
	at io.grpc.netty.shaded.io.netty.util.concurrent.SingleThreadEventExecutor$5.run(SingleThreadEventExecutor.java:1204)
	at io.grpc.netty.shaded.io.netty.util.internal.ThreadExecutorMap$2.run(ThreadExecutorMap.java:74)
	at io.grpc.netty.shaded.io.netty.util.concurrent.FastThreadLocalRunnable.run(FastThreadLocalRunnable.java:30)
	at java.base/java.lang.Thread.run(Thread.java:840)

