[WebServer] (node:12642) Warning: The 'NO_COLOR' env is ignored due to the 'FORCE_COLOR' env being set.
[WebServer] (Use `node --trace-warnings ...` to show where the warning was created)
[WebServer] (node:12656) Warning: The 'NO_COLOR' env is ignored due to the 'FORCE_COLOR' env being set.
[WebServer] (Use `node --trace-warnings ...` to show where the warning was created)

Running 14 tests using 1 worker

(node:12685) Warning: The 'NO_COLOR' env is ignored due to the 'FORCE_COLOR' env being set.
(Use `node --trace-warnings ...` to show where the warning was created)
  ✓   1 [chromium] › src/applications/records/record-form.component.spec.ts:3:1 › record form keeps precise and false values, excludes denied fields, and recovers the same unknown operation (332ms)
  ✓   2 [chromium] › src/applications/records/record-form.component.spec.ts:23:1 › record form uses scoped ordinary candidate selector and keeps selected label only in unsaved state (338ms)
  ✓   3 [chromium] › src/applications/records/record-form.component.spec.ts:33:1 › dirty form preserves input and blocks save when runtime control version changes (231ms)
  ✓   4 [chromium] › src/applications/records/records-panel.component.spec.ts:3:1 › records use one server ordered Table with stable IDs, guarded cells and manual numeric sort (1.4s)
  ✓   5 [chromium] › src/applications/records/records-panel.component.spec.ts:18:1 › hidden column and arbitrary empty deep page stay controlled without erasing scope (1.4s)
  ✓   6 [chromium] › src/applications/records/records.component.spec.ts:11:1 › confirmed record and draft receipts accept exact minimum only (3ms)
  ✓   7 [chromium] › src/applications/records/records.component.spec.ts:22:1 › safe runtime projection keeps null, empty and false but never fills denied values or defaults (3ms)
  ✓   8 [chromium] › src/applications/records/records.component.spec.ts:36:1 › history hint intersects current read and history; schema change flags dirty review (2ms)
  ✓   9 [chromium] › src/applications/records/records.component.spec.ts:45:1 › history labels only use IDs in allowed delta and keep unavailable explicit (1ms)
  ✓  10 [chromium] › src/applications/records/records.component.spec.ts:51:1 › new record editor identities stay distinct until confirmed server record and isolate field cache (5ms)
  ✓  11 [chromium] › src/applications/records/root-recovery.component.spec.ts:10:2 › Root unknown save survives failed recovery without a second write (318ms)
  ✓  12 [chromium] › src/applications/records/root-recovery.component.spec.ts:10:2 › Root unknown save survives throw recovery without a second write (319ms)
  ✓  13 [chromium] › src/applications/records/root-recovery.component.spec.ts:10:2 › Root unknown save survives malformed recovery without a second write (279ms)
  ✓  14 [chromium] › src/applications/records/root-recovery.component.spec.ts:43:1 › Root definitive first-write rejection allows editing and a fresh submission (257ms)

  14 passed (6.6s)
