[WebServer] (node:15092) Warning: The 'NO_COLOR' env is ignored due to the 'FORCE_COLOR' env being set.
[WebServer] (Use `node --trace-warnings ...` to show where the warning was created)
[WebServer] (node:15106) Warning: The 'NO_COLOR' env is ignored due to the 'FORCE_COLOR' env being set.
[WebServer] (Use `node --trace-warnings ...` to show where the warning was created)

Running 18 tests using 1 worker

(node:15135) Warning: The 'NO_COLOR' env is ignored due to the 'FORCE_COLOR' env being set.
(Use `node --trace-warnings ...` to show where the warning was created)
  ✓   1 [chromium] › src/applications/records/record-form.component.spec.ts:3:1 › record form keeps precise and false values, excludes denied fields, and recovers the same unknown operation (311ms)
  ✓   2 [chromium] › src/applications/records/record-form.component.spec.ts:23:1 › record form uses scoped ordinary candidate selector and keeps selected label only in unsaved state (330ms)
  ✓   3 [chromium] › src/applications/records/record-form.component.spec.ts:33:1 › dirty form preserves input and blocks save when runtime control version changes (214ms)
  ✓   4 [chromium] › src/applications/records/records-panel.component.spec.ts:3:1 › records use one server ordered Table with stable IDs, guarded cells and manual numeric sort (1.5s)
  ✓   5 [chromium] › src/applications/records/records-panel.component.spec.ts:18:1 › hidden column and arbitrary empty deep page stay controlled without erasing scope (1.4s)
  ✓   6 [chromium] › src/applications/records/records.component.spec.ts:11:1 › confirmed record and draft receipts accept exact minimum only (3ms)
  ✓   7 [chromium] › src/applications/records/records.component.spec.ts:22:1 › safe runtime projection keeps null, empty and false but never fills denied values or defaults (3ms)
  ✓   8 [chromium] › src/applications/records/records.component.spec.ts:36:1 › history hint intersects current read and history; schema change flags dirty review (2ms)
  ✓   9 [chromium] › src/applications/records/records.component.spec.ts:45:1 › history labels only use IDs in allowed delta and keep unavailable explicit (1ms)
  ✓  10 [chromium] › src/applications/records/records.component.spec.ts:51:1 › new record editor identities stay distinct until confirmed server record and isolate field cache (4ms)
  ✓  11 [chromium] › src/applications/records/root-layout.component.spec.ts:2:1 › Root configured group and field order override schema field order (175ms)
  ✓  12 [chromium] › src/applications/records/root-layout.component.spec.ts:11:1 › Root layout does not expose unplaced or denied fields (182ms)
  ✓  13 [chromium] › src/applications/records/root-layout.component.spec.ts:17:1 › Root read layout preserves exact values and disables edits (181ms)
  ✓  14 [chromium] › src/applications/records/root-layout.component.spec.ts:26:1 › Root system record version comes from actual record metadata (150ms)
  ✓  15 [chromium] › src/applications/records/root-recovery.component.spec.ts:10:2 › Root unknown save survives failed recovery without a second write (337ms)
  ✓  16 [chromium] › src/applications/records/root-recovery.component.spec.ts:10:2 › Root unknown save survives throw recovery without a second write (305ms)
  ✓  17 [chromium] › src/applications/records/root-recovery.component.spec.ts:10:2 › Root unknown save survives malformed recovery without a second write (275ms)
  ✓  18 [chromium] › src/applications/records/root-recovery.component.spec.ts:43:1 › Root definitive first-write rejection allows editing and a fresh submission (244ms)

  18 passed (7.3s)
