{"Time":"2026-10-07T13:23:59.605751896Z","Action":"start","Package":"github.com/Hubujiu/WeaveOS/services/bff/internal/apprecordservice"}
{"Time":"2026-10-07T13:23:59.6932346Z","Action":"run","Package":"github.com/Hubujiu/WeaveOS/services/bff/internal/apprecordservice","Test":"TestRootCatalogVersionWorkOracle"}
{"Time":"2026-10-07T13:23:59.693445486Z","Action":"output","Package":"github.com/Hubujiu/WeaveOS/services/bff/internal/apprecordservice","Test":"TestRootCatalogVersionWorkOracle","Output":"=== RUN   TestRootCatalogVersionWorkOracle\n","OutputType":"frame"}
{"Time":"2026-10-07T13:23:59.6941702Z","Action":"output","Package":"github.com/Hubujiu/WeaveOS/services/bff/internal/apprecordservice","Test":"TestRootCatalogVersionWorkOracle","Output":"--- PASS: TestRootCatalogVersionWorkOracle (0.00s)\n","OutputType":"frame"}
{"Time":"2026-10-07T13:23:59.694181642Z","Action":"pass","Package":"github.com/Hubujiu/WeaveOS/services/bff/internal/apprecordservice","Test":"TestRootCatalogVersionWorkOracle","Elapsed":0}
{"Time":"2026-10-07T13:23:59.694229206Z","Action":"run","Package":"github.com/Hubujiu/WeaveOS/services/bff/internal/apprecordservice","Test":"TestRootCatalogCompatibilityDoesNotScanArchivedVersions"}
{"Time":"2026-10-07T13:23:59.694233948Z","Action":"output","Package":"github.com/Hubujiu/WeaveOS/services/bff/internal/apprecordservice","Test":"TestRootCatalogCompatibilityDoesNotScanArchivedVersions","Output":"=== RUN   TestRootCatalogCompatibilityDoesNotScanArchivedVersions\n","OutputType":"frame"}
{"Time":"2026-10-07T13:24:00.485457085Z","Action":"output","Package":"github.com/Hubujiu/WeaveOS/services/bff/internal/apprecordservice","Test":"TestRootCatalogCompatibilityDoesNotScanArchivedVersions","Output":"    root_workflow_catalog_scale_test.go:165: catalog actual query: retired=4999 live=1 elapsed=19.848227ms aggregate_plan_rows=7 plan=[\n"}
{"Time":"2026-10-07T13:24:00.485531616Z","Action":"output","Package":"github.com/Hubujiu/WeaveOS/services/bff/internal/apprecordservice","Test":"TestRootCatalogCompatibilityDoesNotScanArchivedVersions","Output":"          {\n"}
{"Time":"2026-10-07T13:24:00.485540329Z","Action":"output","Package":"github.com/Hubujiu/WeaveOS/services/bff/internal/apprecordservice","Test":"TestRootCatalogCompatibilityDoesNotScanArchivedVersions","Output":"            \"Plan\": {\n"}
{"Time":"2026-10-07T13:24:00.485543212Z","Action":"output","Package":"github.com/Hubujiu/WeaveOS/services/bff/internal/apprecordservice","Test":"TestRootCatalogCompatibilityDoesNotScanArchivedVersions","Output":"              \"Node Type\": \"Sort\",\n"}
{"Time":"2026-10-07T13:24:00.485546168Z","Action":"output","Package":"github.com/Hubujiu/WeaveOS/services/bff/internal/apprecordservice","Test":"TestRootCatalogCompatibilityDoesNotScanArchivedVersions","Output":"              \"Parallel Aware\": false,\n"}
{"Time":"2026-10-07T13:24:00.485549509Z","Action":"output","Package":"github.com/Hubujiu/WeaveOS/services/bff/internal/apprecordservice","Test":"TestRootCatalogCompatibilityDoesNotScanArchivedVersions","Output":"              \"Async Capable\": false,\n"}
{"Time":"2026-10-07T13:24:00.485551744Z","Action":"output","Package":"github.com/Hubujiu/WeaveOS/services/bff/internal/apprecordservice","Test":"TestRootCatalogCompatibilityDoesNotScanArchivedVersions","Output":"              \"Startup Cost\": 17.71,\n"}
{"Time":"2026-10-07T13:24:00.485553652Z","Action":"output","Package":"github.com/Hubujiu/WeaveOS/services/bff/internal/apprecordservice","Test":"TestRootCatalogCompatibilityDoesNotScanArchivedVersions","Output":"              \"Total Cost\": 17.71,\n"}
{"Time":"2026-10-07T13:24:00.485555701Z","Action":"output","Package":"github.com/Hubujiu/WeaveOS/services/bff/internal/apprecordservice","Test":"TestRootCatalogCompatibilityDoesNotScanArchivedVersions","Output":"              \"Plan Rows\": 1,\n"}
{"Time":"2026-10-07T13:24:00.485562577Z","Action":"output","Package":"github.com/Hubujiu/WeaveOS/services/bff/internal/apprecordservice","Test":"TestRootCatalogCompatibilityDoesNotScanArchivedVersions","Output":"              \"Plan Width\": 808,\n"}
{"Time":"2026-10-07T13:24:00.485578876Z","Action":"output","Package":"github.com/Hubujiu/WeaveOS/services/bff/internal/apprecordservice","Test":"TestRootCatalogCompatibilityDoesNotScanArchivedVersions","Output":"              \"Actual Startup Time\": 0.067,\n"}
{"Time":"2026-10-07T13:24:00.48558205Z","Action":"output","Package":"github.com/Hubujiu/WeaveOS/services/bff/internal/apprecordservice","Test":"TestRootCatalogCompatibilityDoesNotScanArchivedVersions","Output":"              \"Actual Total Time\": 0.069,\n"}
{"Time":"2026-10-07T13:24:00.485584483Z","Action":"output","Package":"github.com/Hubujiu/WeaveOS/services/bff/internal/apprecordservice","Test":"TestRootCatalogCompatibilityDoesNotScanArchivedVersions","Output":"              \"Actual Rows\": 1.00,\n"}
{"Time":"2026-10-07T13:24:00.485586495Z","Action":"output","Package":"github.com/Hubujiu/WeaveOS/services/bff/internal/apprecordservice","Test":"TestRootCatalogCompatibilityDoesNotScanArchivedVersions","Output":"              \"Actual Loops\": 1,\n"}
{"Time":"2026-10-07T13:24:00.485588779Z","Action":"output","Package":"github.com/Hubujiu/WeaveOS/services/bff/internal/apprecordservice","Test":"TestRootCatalogCompatibilityDoesNotScanArchivedVersions","Output":"              \"Disabled\": false,\n"}
{"Time":"2026-10-07T13:24:00.485591019Z","Action":"output","Package":"github.com/Hubujiu/WeaveOS/services/bff/internal/apprecordservice","Test":"TestRootCatalogCompatibilityDoesNotScanArchivedVersions","Output":"              \"Sort Key\": [\"((d.id)::text)\", \"v.version\"],\n"}
{"Time":"2026-10-07T13:24:00.485593358Z","Action":"output","Package":"github.com/Hubujiu/WeaveOS/services/bff/internal/apprecordservice","Test":"TestRootCatalogCompatibilityDoesNotScanArchivedVersions","Output":"              \"Sort Method\": \"quicksort\",\n"}
{"Time":"2026-10-07T13:24:00.485595601Z","Action":"output","Package":"github.com/Hubujiu/WeaveOS/services/bff/internal/apprecordservice","Test":"TestRootCatalogCompatibilityDoesNotScanArchivedVersions","Output":"              \"Sort Space Used\": 25,\n"}
{"Time":"2026-10-07T13:24:00.485597711Z","Action":"output","Package":"github.com/Hubujiu/WeaveOS/services/bff/internal/apprecordservice","Test":"TestRootCatalogCompatibilityDoesNotScanArchivedVersions","Output":"              \"Sort Space Type\": \"Memory\",\n"}
{"Time":"2026-10-07T13:24:00.485599765Z","Action":"output","Package":"github.com/Hubujiu/WeaveOS/services/bff/internal/apprecordservice","Test":"TestRootCatalogCompatibilityDoesNotScanArchivedVersions","Output":"              \"Shared Hit Blocks\": 4,\n"}
{"Time":"2026-10-07T13:24:00.485603903Z","Action":"output","Package":"github.com/Hubujiu/WeaveOS/services/bff/internal/apprecordservice","Test":"TestRootCatalogCompatibilityDoesNotScanArchivedVersions","Output":"              \"Shared Read Blocks\": 0,\n"}
{"Time":"2026-10-07T13:24:00.485606227Z","Action":"output","Package":"github.com/Hubujiu/WeaveOS/services/bff/internal/apprecordservice","Test":"TestRootCatalogCompatibilityDoesNotScanArchivedVersions","Output":"              \"Shared Dirtied Blocks\": 0,\n"}
{"Time":"2026-10-07T13:24:00.485608273Z","Action":"output","Package":"github.com/Hubujiu/WeaveOS/services/bff/internal/apprecordservice","Test":"TestRootCatalogCompatibilityDoesNotScanArchivedVersions","Output":"              \"Shared Written Blocks\": 0,\n"}
{"Time":"2026-10-07T13:24:00.48561009Z","Action":"output","Package":"github.com/Hubujiu/WeaveOS/services/bff/internal/apprecordservice","Test":"TestRootCatalogCompatibilityDoesNotScanArchivedVersions","Output":"              \"Local Hit Blocks\": 0,\n"}
{"Time":"2026-10-07T13:24:00.485612092Z","Action":"output","Package":"github.com/Hubujiu/WeaveOS/services/bff/internal/apprecordservice","Test":"TestRootCatalogCompatibilityDoesNotScanArchivedVersions","Output":"              \"Local Read Blocks\": 0,\n"}
{"Time":"2026-10-07T13:24:00.485614138Z","Action":"output","Package":"github.com/Hubujiu/WeaveOS/services/bff/internal/apprecordservice","Test":"TestRootCatalogCompatibilityDoesNotScanArchivedVersions","Output":"              \"Local Dirtied Blocks\": 0,\n"}
{"Time":"2026-10-07T13:24:00.485618413Z","Action":"output","Package":"github.com/Hubujiu/WeaveOS/services/bff/internal/apprecordservice","Test":"TestRootCatalogCompatibilityDoesNotScanArchivedVersions","Output":"              \"Local Written Blocks\": 0,\n"}
{"Time":"2026-10-07T13:24:00.485620336Z","Action":"output","Package":"github.com/Hubujiu/WeaveOS/services/bff/internal/apprecordservice","Test":"TestRootCatalogCompatibilityDoesNotScanArchivedVersions","Output":"              \"Temp Read Blocks\": 0,\n"}
{"Time":"2026-10-07T13:24:00.485627503Z","Action":"output","Package":"github.com/Hubujiu/WeaveOS/services/bff/internal/apprecordservice","Test":"TestRootCatalogCompatibilityDoesNotScanArchivedVersions","Output":"              \"Temp Written Blocks\": 0,\n"}
{"Time":"2026-10-07T13:24:00.485629607Z","Action":"output","Package":"github.com/Hubujiu/WeaveOS/services/bff/internal/apprecordservice","Test":"TestRootCatalogCompatibilityDoesNotScanArchivedVersions","Output":"              \"Plans\": [\n"}
{"Time":"2026-10-07T13:24:00.485631444Z","Action":"output","Package":"github.com/Hubujiu/WeaveOS/services/bff/internal/apprecordservice","Test":"TestRootCatalogCompatibilityDoesNotScanArchivedVersions","Output":"                {\n"}
{"Time":"2026-10-07T13:24:00.48563374Z","Action":"output","Package":"github.com/Hubujiu/WeaveOS/services/bff/internal/apprecordservice","Test":"TestRootCatalogCompatibilityDoesNotScanArchivedVersions","Output":"                  \"Node Type\": \"Nested Loop\",\n"}
{"Time":"2026-10-07T13:24:00.485639596Z","Action":"output","Package":"github.com/Hubujiu/WeaveOS/services/bff/internal/apprecordservice","Test":"TestRootCatalogCompatibilityDoesNotScanArchivedVersions","Output":"                  \"Parent Relationship\": \"Outer\",\n"}
{"Time":"2026-10-07T13:24:00.485642038Z","Action":"output","Package":"github.com/Hubujiu/WeaveOS/services/bff/internal/apprecordservice","Test":"TestRootCatalogCompatibilityDoesNotScanArchivedVersions","Output":"                  \"Parallel Aware\": false,\n"}
{"Time":"2026-10-07T13:24:00.48564454Z","Action":"output","Package":"github.com/Hubujiu/WeaveOS/services/bff/internal/apprecordservice","Test":"TestRootCatalogCompatibilityDoesNotScanArchivedVersions","Output":"                  \"Async Capable\": false,\n"}
{"Time":"2026-10-07T13:24:00.485647072Z","Action":"output","Package":"github.com/Hubujiu/WeaveOS/services/bff/internal/apprecordservice","Test":"TestRootCatalogCompatibilityDoesNotScanArchivedVersions","Output":"                  \"Join Type\": \"Inner\",\n"}
{"Time":"2026-10-07T13:24:00.485654591Z","Action":"output","Package":"github.com/Hubujiu/WeaveOS/services/bff/internal/apprecordservice","Test":"TestRootCatalogCompatibilityDoesNotScanArchivedVersions","Output":"                  \"Startup Cost\": 1.32,\n"}
{"Time":"2026-10-07T13:24:00.485660604Z","Action":"output","Package":"github.com/Hubujiu/WeaveOS/services/bff/internal/apprecordservice","Test":"TestRootCatalogCompatibilityDoesNotScanArchivedVersions","Output":"                  \"Total Cost\": 17.70,\n"}
{"Time":"2026-10-07T13:24:00.485684693Z","Action":"output","Package":"github.com/Hubujiu/WeaveOS/services/bff/internal/apprecordservice","Test":"TestRootCatalogCompatibilityDoesNotScanArchivedVersions","Output":"                  \"Plan Rows\": 1,\n"}
{"Time":"2026-10-07T13:24:00.485687439Z","Action":"output","Package":"github.com/Hubujiu/WeaveOS/services/bff/internal/apprecordservice","Test":"TestRootCatalogCompatibilityDoesNotScanArchivedVersions","Output":"                  \"Plan Width\": 808,\n"}
{"Time":"2026-10-07T13:24:00.485690049Z","Action":"output","Package":"github.com/Hubujiu/WeaveOS/services/bff/internal/apprecordservice","Test":"TestRootCatalogCompatibilityDoesNotScanArchivedVersions","Output":"                  \"Actual Startup Time\": 0.057,\n"}
{"Time":"2026-10-07T13:24:00.485692652Z","Action":"output","Package":"github.com/Hubujiu/WeaveOS/services/bff/internal/apprecordservice","Test":"TestRootCatalogCompatibilityDoesNotScanArchivedVersions","Output":"                  \"Actual Total Time\": 0.059,\n"}
{"Time":"2026-10-07T13:24:00.485696918Z","Action":"output","Package":"github.com/Hubujiu/WeaveOS/services/bff/internal/apprecordservice","Test":"TestRootCatalogCompatibilityDoesNotScanArchivedVersions","Output":"                  \"Actual Rows\": 1.00,\n"}
{"Time":"2026-10-07T13:24:00.485724407Z","Action":"output","Package":"github.com/Hubujiu/WeaveOS/services/bff/internal/apprecordservice","Test":"TestRootCatalogCompatibilityDoesNotScanArchivedVersions","Output":"                  \"Actual Loops\": 1,\n"}
{"Time":"2026-10-07T13:24:00.485727108Z","Action":"output","Package":"github.com/Hubujiu/WeaveOS/services/bff/internal/apprecordservice","Test":"TestRootCatalogCompatibilityDoesNotScanArchivedVersions","Output":"                  \"Disabled\": false,\n"}
{"Time":"2026-10-07T13:24:00.48573029Z","Action":"output","Package":"github.com/Hubujiu/WeaveOS/services/bff/internal/apprecordservice","Test":"TestRootCatalogCompatibilityDoesNotScanArchivedVersions","Output":"                  \"Inner Unique\": true,\n"}
{"Time":"2026-10-07T13:24:00.485733529Z","Action":"output","Package":"github.com/Hubujiu/WeaveOS/services/bff/internal/apprecordservice","Test":"TestRootCatalogCompatibilityDoesNotScanArchivedVersions","Output":"                  \"Shared Hit Blocks\": 4,\n"}
{"Time":"2026-10-07T13:24:00.48579606Z","Action":"output","Package":"github.com/Hubujiu/WeaveOS/services/bff/internal/apprecordservice","Test":"TestRootCatalogCompatibilityDoesNotScanArchivedVersions","Output":"                  \"Shared Read Blocks\": 0,\n"}
{"Time":"2026-10-07T13:24:00.485798915Z","Action":"output","Package":"github.com/Hubujiu/WeaveOS/services/bff/internal/apprecordservice","Test":"TestRootCatalogCompatibilityDoesNotScanArchivedVersions","Output":"                  \"Shared Dirtied Blocks\": 0,\n"}
{"Time":"2026-10-07T13:24:00.485800924Z","Action":"output","Package":"github.com/Hubujiu/WeaveOS/services/bff/internal/apprecordservice","Test":"TestRootCatalogCompatibilityDoesNotScanArchivedVersions","Output":"                  \"Shared Written Blocks\": 0,\n"}
{"Time":"2026-10-07T13:24:00.485802815Z","Action":"output","Package":"github.com/Hubujiu/WeaveOS/services/bff/internal/apprecordservice","Test":"TestRootCatalogCompatibilityDoesNotScanArchivedVersions","Output":"                  \"Local Hit Blocks\": 0,\n"}
{"Time":"2026-10-07T13:24:00.485804761Z","Action":"output","Package":"github.com/Hubujiu/WeaveOS/services/bff/internal/apprecordservice","Test":"TestRootCatalogCompatibilityDoesNotScanArchivedVersions","Output":"                  \"Local Read Blocks\": 0,\n"}
{"Time":"2026-10-07T13:24:00.485806653Z","Action":"output","Package":"github.com/Hubujiu/WeaveOS/services/bff/internal/apprecordservice","Test":"TestRootCatalogCompatibilityDoesNotScanArchivedVersions","Output":"                  \"Local Dirtied Blocks\": 0,\n"}
{"Time":"2026-10-07T13:24:00.485810266Z","Action":"output","Package":"github.com/Hubujiu/WeaveOS/services/bff/internal/apprecordservice","Test":"TestRootCatalogCompatibilityDoesNotScanArchivedVersions","Output":"                  \"Local Written Blocks\": 0,\n"}
{"Time":"2026-10-07T13:24:00.485812223Z","Action":"output","Package":"github.com/Hubujiu/WeaveOS/services/bff/internal/apprecordservice","Test":"TestRootCatalogCompatibilityDoesNotScanArchivedVersions","Output":"                  \"Temp Read Blocks\": 0,\n"}
{"Time":"2026-10-07T13:24:00.485814224Z","Action":"output","Package":"github.com/Hubujiu/WeaveOS/services/bff/internal/apprecordservice","Test":"TestRootCatalogCompatibilityDoesNotScanArchivedVersions","Output":"                  \"Temp Written Blocks\": 0,\n"}
{"Time":"2026-10-07T13:24:00.485816113Z","Action":"output","Package":"github.com/Hubujiu/WeaveOS/services/bff/internal/apprecordservice","Test":"TestRootCatalogCompatibilityDoesNotScanArchivedVersions","Output":"                  \"Plans\": [\n"}
{"Time":"2026-10-07T13:24:00.485827329Z","Action":"output","Package":"github.com/Hubujiu/WeaveOS/services/bff/internal/apprecordservice","Test":"TestRootCatalogCompatibilityDoesNotScanArchivedVersions","Output":"                    {\n"}
{"Time":"2026-10-07T13:24:00.485831392Z","Action":"output","Package":"github.com/Hubujiu/WeaveOS/services/bff/internal/apprecordservice","Test":"TestRootCatalogCompatibilityDoesNotScanArchivedVersions","Output":"                      \"Node Type\": \"Unique\",\n"}
{"Time":"2026-10-07T13:24:00.485833671Z","Action":"output","Package":"github.com/Hubujiu/WeaveOS/services/bff/internal/apprecordservice","Test":"TestRootCatalogCompatibilityDoesNotScanArchivedVersions","Output":"                      \"Parent Relationship\": \"Outer\",\n"}
{"Time":"2026-10-07T13:24:00.485835739Z","Action":"output","Package":"github.com/Hubujiu/WeaveOS/services/bff/internal/apprecordservice","Test":"TestRootCatalogCompatibilityDoesNotScanArchivedVersions","Output":"                      \"Parallel Aware\": false,\n"}
{"Time":"2026-10-07T13:24:00.48583766Z","Action":"output","Package":"github.com/Hubujiu/WeaveOS/services/bff/internal/apprecordservice","Test":"TestRootCatalogCompatibilityDoesNotScanArchivedVersions","Output":"                      \"Async Capable\": false,\n"}
{"Time":"2026-10-07T13:24:00.4858402Z","Action":"output","Package":"github.com/Hubujiu/WeaveOS/services/bff/internal/apprecordservice","Test":"TestRootCatalogCompatibilityDoesNotScanArchivedVersions","Output":"                      \"Startup Cost\": 1.04,\n"}
{"Time":"2026-10-07T13:24:00.485842772Z","Action":"output","Package":"github.com/Hubujiu/WeaveOS/services/bff/internal/apprecordservice","Test":"TestRootCatalogCompatibilityDoesNotScanArchivedVersions","Output":"                      \"Total Cost\": 1.06,\n"}
{"Time":"2026-10-07T13:24:00.485869591Z","Action":"output","Package":"github.com/Hubujiu/WeaveOS/services/bff/internal/apprecordservice","Test":"TestRootCatalogCompatibilityDoesNotScanArchivedVersions","Output":"                      \"Plan Rows\": 2,\n"}
{"Time":"2026-10-07T13:24:00.485872423Z","Action":"output","Package":"github.com/Hubujiu/WeaveOS/services/bff/internal/apprecordservice","Test":"TestRootCatalogCompatibilityDoesNotScanArchivedVersions","Output":"                      \"Plan Width\": 40,\n"}
{"Time":"2026-10-07T13:24:00.485875411Z","Action":"output","Package":"github.com/Hubujiu/WeaveOS/services/bff/internal/apprecordservice","Test":"TestRootCatalogCompatibilityDoesNotScanArchivedVersions","Output":"                      \"Actual Startup Time\": 0.029,\n"}
{"Time":"2026-10-07T13:24:00.485877985Z","Action":"output","Package":"github.com/Hubujiu/WeaveOS/services/bff/internal/apprecordservice","Test":"TestRootCatalogCompatibilityDoesNotScanArchivedVersions","Output":"                      \"Actual Total Time\": 0.031,\n"}
{"Time":"2026-10-07T13:24:00.48589897Z","Action":"output","Package":"github.com/Hubujiu/WeaveOS/services/bff/internal/apprecordservice","Test":"TestRootCatalogCompatibilityDoesNotScanArchivedVersions","Output":"                      \"Actual Rows\": 1.00,\n"}
{"Time":"2026-10-07T13:24:00.485902394Z","Action":"output","Package":"github.com/Hubujiu/WeaveOS/services/bff/internal/apprecordservice","Test":"TestRootCatalogCompatibilityDoesNotScanArchivedVersions","Output":"                      \"Actual Loops\": 1,\n"}
{"Time":"2026-10-07T13:24:00.485904339Z","Action":"output","Package":"github.com/Hubujiu/WeaveOS/services/bff/internal/apprecordservice","Test":"TestRootCatalogCompatibilityDoesNotScanArchivedVersions","Output":"                      \"Disabled\": false,\n"}
{"Time":"2026-10-07T13:24:00.485906248Z","Action":"output","Package":"github.com/Hubujiu/WeaveOS/services/bff/internal/apprecordservice","Test":"TestRootCatalogCompatibilityDoesNotScanArchivedVersions","Output":"                      \"Shared Hit Blocks\": 1,\n"}
{"Time":"2026-10-07T13:24:00.485908738Z","Action":"output","Package":"github.com/Hubujiu/WeaveOS/services/bff/internal/apprecordservice","Test":"TestRootCatalogCompatibilityDoesNotScanArchivedVersions","Output":"                      \"Shared Read Blocks\": 0,\n"}
{"Time":"2026-10-07T13:24:00.485911198Z","Action":"output","Package":"github.com/Hubujiu/WeaveOS/services/bff/internal/apprecordservice","Test":"TestRootCatalogCompatibilityDoesNotScanArchivedVersions","Output":"                      \"Shared Dirtied Blocks\": 0,\n"}
{"Time":"2026-10-07T13:24:00.485915946Z","Action":"output","Package":"github.com/Hubujiu/WeaveOS/services/bff/internal/apprecordservice","Test":"TestRootCatalogCompatibilityDoesNotScanArchivedVersions","Output":"                      \"Shared Written Blocks\": 0,\n"}
{"Time":"2026-10-07T13:24:00.485938477Z","Action":"output","Package":"github.com/Hubujiu/WeaveOS/services/bff/internal/apprecordservice","Test":"TestRootCatalogCompatibilityDoesNotScanArchivedVersions","Output":"                      \"Local Hit Blocks\": 0,\n"}
{"Time":"2026-10-07T13:24:00.485940706Z","Action":"output","Package":"github.com/Hubujiu/WeaveOS/services/bff/internal/apprecordservice","Test":"TestRootCatalogCompatibilityDoesNotScanArchivedVersions","Output":"                      \"Local Read Blocks\": 0,\n"}
{"Time":"2026-10-07T13:24:00.485942662Z","Action":"output","Package":"github.com/Hubujiu/WeaveOS/services/bff/internal/apprecordservice","Test":"TestRootCatalogCompatibilityDoesNotScanArchivedVersions","Output":"                      \"Local Dirtied Blocks\": 0,\n"}
{"Time":"2026-10-07T13:24:00.485944706Z","Action":"output","Package":"github.com/Hubujiu/WeaveOS/services/bff/internal/apprecordservice","Test":"TestRootCatalogCompatibilityDoesNotScanArchivedVersions","Output":"                      \"Local Written Blocks\": 0,\n"}
{"Time":"2026-10-07T13:24:00.485949529Z","Action":"output","Package":"github.com/Hubujiu/WeaveOS/services/bff/internal/apprecordservice","Test":"TestRootCatalogCompatibilityDoesNotScanArchivedVersions","Output":"                      \"Temp Read Blocks\": 0,\n"}
{"Time":"2026-10-07T13:24:00.485952178Z","Action":"output","Package":"github.com/Hubujiu/WeaveOS/services/bff/internal/apprecordservice","Test":"TestRootCatalogCompatibilityDoesNotScanArchivedVersions","Output":"                      \"Temp Written Blocks\": 0,\n"}
{"Time":"2026-10-07T13:24:00.485954585Z","Action":"output","Package":"github.com/Hubujiu/WeaveOS/services/bff/internal/apprecordservice","Test":"TestRootCatalogCompatibilityDoesNotScanArchivedVersions","Output":"                      \"Plans\": [\n"}
{"Time":"2026-10-07T13:24:00.485958652Z","Action":"output","Package":"github.com/Hubujiu/WeaveOS/services/bff/internal/apprecordservice","Test":"TestRootCatalogCompatibilityDoesNotScanArchivedVersions","Output":"                        {\n"}
{"Time":"2026-10-07T13:24:00.485971058Z","Action":"output","Package":"github.com/Hubujiu/WeaveOS/services/bff/internal/apprecordservice","Test":"TestRootCatalogCompatibilityDoesNotScanArchivedVersions","Output":"                          \"Node Type\": \"Sort\",\n"}
{"Time":"2026-10-07T13:24:00.485973384Z","Action":"output","Package":"github.com/Hubujiu/WeaveOS/services/bff/internal/apprecordservice","Test":"TestRootCatalogCompatibilityDoesNotScanArchivedVersions","Output":"                          \"Parent Relationship\": \"Outer\",\n"}
{"Time":"2026-10-07T13:24:00.485977992Z","Action":"output","Package":"github.com/Hubujiu/WeaveOS/services/bff/internal/apprecordservice","Test":"TestRootCatalogCompatibilityDoesNotScanArchivedVersions","Output":"                          \"Parallel Aware\": false,\n"}
{"Time":"2026-10-07T13:24:00.486010443Z","Action":"output","Package":"github.com/Hubujiu/WeaveOS/services/bff/internal/apprecordservice","Test":"TestRootCatalogCompatibilityDoesNotScanArchivedVersions","Output":"                          \"Async Capable\": false,\n"}
{"Time":"2026-10-07T13:24:00.486013205Z","Action":"output","Package":"github.com/Hubujiu/WeaveOS/services/bff/internal/apprecordservice","Test":"TestRootCatalogCompatibilityDoesNotScanArchivedVersions","Output":"                          \"Startup Cost\": 1.04,\n"}
{"Time":"2026-10-07T13:24:00.48601513Z","Action":"output","Package":"github.com/Hubujiu/WeaveOS/services/bff/internal/apprecordservice","Test":"TestRootCatalogCompatibilityDoesNotScanArchivedVersions","Output":"                          \"Total Cost\": 1.04,\n"}
{"Time":"2026-10-07T13:24:00.486018992Z","Action":"output","Package":"github.com/Hubujiu/WeaveOS/services/bff/internal/apprecordservice","Test":"TestRootCatalogCompatibilityDoesNotScanArchivedVersions","Output":"                          \"Plan Rows\": 2,\n"}
{"Time":"2026-10-07T13:24:00.486021733Z","Action":"output","Package":"github.com/Hubujiu/WeaveOS/services/bff/internal/apprecordservice","Test":"TestRootCatalogCompatibilityDoesNotScanArchivedVersions","Output":"                          \"Plan Width\": 40,\n"}
{"Time":"2026-10-07T13:24:00.486023824Z","Action":"output","Package":"github.com/Hubujiu/WeaveOS/services/bff/internal/apprecordservice","Test":"TestRootCatalogCompatibilityDoesNotScanArchivedVersions","Output":"                          \"Actual Startup Time\": 0.029,\n"}
{"Time":"2026-10-07T13:24:00.486026414Z","Action":"output","Package":"github.com/Hubujiu/WeaveOS/services/bff/internal/apprecordservice","Test":"TestRootCatalogCompatibilityDoesNotScanArchivedVersions","Output":"                          \"Actual Total Time\": 0.030,\n"}
{"Time":"2026-10-07T13:24:00.486045878Z","Action":"output","Package":"github.com/Hubujiu/WeaveOS/services/bff/internal/apprecordservice","Test":"TestRootCatalogCompatibilityDoesNotScanArchivedVersions","Output":"                          \"Actual Rows\": 1.00,\n"}
{"Time":"2026-10-07T13:24:00.486048481Z","Action":"output","Package":"github.com/Hubujiu/WeaveOS/services/bff/internal/apprecordservice","Test":"TestRootCatalogCompatibilityDoesNotScanArchivedVersions","Output":"                          \"Actual Loops\": 1,\n"}
{"Time":"2026-10-07T13:24:00.486051026Z","Action":"output","Package":"github.com/Hubujiu/WeaveOS/services/bff/internal/apprecordservice","Test":"TestRootCatalogCompatibilityDoesNotScanArchivedVersions","Output":"                          \"Disabled\": false,\n"}
{"Time":"2026-10-07T13:24:00.486073216Z","Action":"output","Package":"github.com/Hubujiu/WeaveOS/services/bff/internal/apprecordservice","Test":"TestRootCatalogCompatibilityDoesNotScanArchivedVersions","Output":"                          \"Sort Key\": [\"d.app_id\", \"d.id\", \"d.current_version\"],\n"}
{"Time":"2026-10-07T13:24:00.486076589Z","Action":"output","Package":"github.com/Hubujiu/WeaveOS/services/bff/internal/apprecordservice","Test":"TestRootCatalogCompatibilityDoesNotScanArchivedVersions","Output":"                          \"Sort Method\": \"quicksort\",\n"}
{"Time":"2026-10-07T13:24:00.486078821Z","Action":"output","Package":"github.com/Hubujiu/WeaveOS/services/bff/internal/apprecordservice","Test":"TestRootCatalogCompatibilityDoesNotScanArchivedVersions","Output":"                          \"Sort Space Used\": 25,\n"}
{"Time":"2026-10-07T13:24:00.486081464Z","Action":"output","Package":"github.com/Hubujiu/WeaveOS/services/bff/internal/apprecordservice","Test":"TestRootCatalogCompatibilityDoesNotScanArchivedVersions","Output":"                          \"Sort Space Type\": \"Memory\",\n"}
{"Time":"2026-10-07T13:24:00.486084202Z","Action":"output","Package":"github.com/Hubujiu/WeaveOS/services/bff/internal/apprecordservice","Test":"TestRootCatalogCompatibilityDoesNotScanArchivedVersions","Output":"                          \"Shared Hit Blocks\": 1,\n"}
{"Time":"2026-10-07T13:24:00.48608827Z","Action":"output","Package":"github.com/Hubujiu/WeaveOS/services/bff/internal/apprecordservice","Test":"TestRootCatalogCompatibilityDoesNotScanArchivedVersions","Output":"                          \"Shared Read Blocks\": 0,\n"}
{"Time":"2026-10-07T13:24:00.486112895Z","Action":"output","Package":"github.com/Hubujiu/WeaveOS/services/bff/internal/apprecordservice","Test":"TestRootCatalogCompatibilityDoesNotScanArchivedVersions","Output":"                          \"Shared Dirtied Blocks\": 0,\n"}
{"Time":"2026-10-07T13:24:00.486115663Z","Action":"output","Package":"github.com/Hubujiu/WeaveOS/services/bff/internal/apprecordservice","Test":"TestRootCatalogCompatibilityDoesNotScanArchivedVersions","Output":"                          \"Shared Written Blocks\": 0,\n"}
{"Time":"2026-10-07T13:24:00.48611995Z","Action":"output","Package":"github.com/Hubujiu/WeaveOS/services/bff/internal/apprecordservice","Test":"TestRootCatalogCompatibilityDoesNotScanArchivedVersions","Output":"                          \"Local Hit Blocks\": 0,\n"}
{"Time":"2026-10-07T13:24:00.486122501Z","Action":"output","Package":"github.com/Hubujiu/WeaveOS/services/bff/internal/apprecordservice","Test":"TestRootCatalogCompatibilityDoesNotScanArchivedVersions","Output":"                          \"Local Read Blocks\": 0,\n"}
{"Time":"2026-10-07T13:24:00.486158512Z","Action":"output","Package":"github.com/Hubujiu/WeaveOS/services/bff/internal/apprecordservice","Test":"TestRootCatalogCompatibilityDoesNotScanArchivedVersions","Output":"                          \"Local Dirtied Blocks\": 0,\n"}
{"Time":"2026-10-07T13:24:00.486161257Z","Action":"output","Package":"github.com/Hubujiu/WeaveOS/services/bff/internal/apprecordservice","Test":"TestRootCatalogCompatibilityDoesNotScanArchivedVersions","Output":"                          \"Local Written Blocks\": 0,\n"}
{"Time":"2026-10-07T13:24:00.486163254Z","Action":"output","Package":"github.com/Hubujiu/WeaveOS/services/bff/internal/apprecordservice","Test":"TestRootCatalogCompatibilityDoesNotScanArchivedVersions","Output":"                          \"Temp Read Blocks\": 0,\n"}
{"Time":"2026-10-07T13:24:00.486165161Z","Action":"output","Package":"github.com/Hubujiu/WeaveOS/services/bff/internal/apprecordservice","Test":"TestRootCatalogCompatibilityDoesNotScanArchivedVersions","Output":"                          \"Temp Written Blocks\": 0,\n"}
{"Time":"2026-10-07T13:24:00.486169856Z","Action":"output","Package":"github.com/Hubujiu/WeaveOS/services/bff/internal/apprecordservice","Test":"TestRootCatalogCompatibilityDoesNotScanArchivedVersions","Output":"                          \"Plans\": [\n"}
{"Time":"2026-10-07T13:24:00.486172194Z","Action":"output","Package":"github.com/Hubujiu/WeaveOS/services/bff/internal/apprecordservice","Test":"TestRootCatalogCompatibilityDoesNotScanArchivedVersions","Output":"                            {\n"}
{"Time":"2026-10-07T13:24:00.486175031Z","Action":"output","Package":"github.com/Hubujiu/WeaveOS/services/bff/internal/apprecordservice","Test":"TestRootCatalogCompatibilityDoesNotScanArchivedVersions","Output":"                              \"Node Type\": \"Append\",\n"}
{"Time":"2026-10-07T13:24:00.486179004Z","Action":"output","Package":"github.com/Hubujiu/WeaveOS/services/bff/internal/apprecordservice","Test":"TestRootCatalogCompatibilityDoesNotScanArchivedVersions","Output":"                              \"Parent Relationship\": \"Outer\",\n"}
{"Time":"2026-10-07T13:24:00.486215623Z","Action":"output","Package":"github.com/Hubujiu/WeaveOS/services/bff/internal/apprecordservice","Test":"TestRootCatalogCompatibilityDoesNotScanArchivedVersions","Output":"                              \"Parallel Aware\": false,\n"}
{"Time":"2026-10-07T13:24:00.486220408Z","Action":"output","Package":"github.com/Hubujiu/WeaveOS/services/bff/internal/apprecordservice","Test":"TestRootCatalogCompatibilityDoesNotScanArchivedVersions","Output":"                              \"Async Capable\": false,\n"}
{"Time":"2026-10-07T13:24:00.486222498Z","Action":"output","Package":"github.com/Hubujiu/WeaveOS/services/bff/internal/apprecordservice","Test":"TestRootCatalogCompatibilityDoesNotScanArchivedVersions","Output":"                              \"Startup Cost\": 0.00,\n"}
{"Time":"2026-10-07T13:24:00.486225316Z","Action":"output","Package":"github.com/Hubujiu/WeaveOS/services/bff/internal/apprecordservice","Test":"TestRootCatalogCompatibilityDoesNotScanArchivedVersions","Output":"                              \"Total Cost\": 1.03,\n"}
{"Time":"2026-10-07T13:24:00.486227323Z","Action":"output","Package":"github.com/Hubujiu/WeaveOS/services/bff/internal/apprecordservice","Test":"TestRootCatalogCompatibilityDoesNotScanArchivedVersions","Output":"                              \"Plan Rows\": 2,\n"}
{"Time":"2026-10-07T13:24:00.486229882Z","Action":"output","Package":"github.com/Hubujiu/WeaveOS/services/bff/internal/apprecordservice","Test":"TestRootCatalogCompatibilityDoesNotScanArchivedVersions","Output":"                              \"Plan Width\": 40,\n"}
{"Time":"2026-10-07T13:24:00.486233782Z","Action":"output","Package":"github.com/Hubujiu/WeaveOS/services/bff/internal/apprecordservice","Test":"TestRootCatalogCompatibilityDoesNotScanArchivedVersions","Output":"                              \"Actual Startup Time\": 0.017,\n"}
{"Time":"2026-10-07T13:24:00.486235935Z","Action":"output","Package":"github.com/Hubujiu/WeaveOS/services/bff/internal/apprecordservice","Test":"TestRootCatalogCompatibilityDoesNotScanArchivedVersions","Output":"                              \"Actual Total Time\": 0.022,\n"}
{"Time":"2026-10-07T13:24:00.486238457Z","Action":"output","Package":"github.com/Hubujiu/WeaveOS/services/bff/internal/apprecordservice","Test":"TestRootCatalogCompatibilityDoesNotScanArchivedVersions","Output":"                              \"Actual Rows\": 1.00,\n"}
{"Time":"2026-10-07T13:24:00.486243339Z","Action":"output","Package":"github.com/Hubujiu/WeaveOS/services/bff/internal/apprecordservice","Test":"TestRootCatalogCompatibilityDoesNotScanArchivedVersions","Output":"                              \"Actual Loops\": 1,\n"}
{"Time":"2026-10-07T13:24:00.48625499Z","Action":"output","Package":"github.com/Hubujiu/WeaveOS/services/bff/internal/apprecordservice","Test":"TestRootCatalogCompatibilityDoesNotScanArchivedVersions","Output":"                              \"Disabled\": false,\n"}
{"Time":"2026-10-07T13:24:00.486257739Z","Action":"output","Package":"github.com/Hubujiu/WeaveOS/services/bff/internal/apprecordservice","Test":"TestRootCatalogCompatibilityDoesNotScanArchivedVersions","Output":"                              \"Shared Hit Blocks\": 1,\n"}
{"Time":"2026-10-07T13:24:00.486262613Z","Action":"output","Package":"github.com/Hubujiu/WeaveOS/services/bff/internal/apprecordservice","Test":"TestRootCatalogCompatibilityDoesNotScanArchivedVersions","Output":"                              \"Shared Read Blocks\": 0,\n"}
{"Time":"2026-10-07T13:24:00.486287604Z","Action":"output","Package":"github.com/Hubujiu/WeaveOS/services/bff/internal/apprecordservice","Test":"TestRootCatalogCompatibilityDoesNotScanArchivedVersions","Output":"                              \"Shared Dirtied Blocks\": 0,\n"}
{"Time":"2026-10-07T13:24:00.486291316Z","Action":"output","Package":"github.com/Hubujiu/WeaveOS/services/bff/internal/apprecordservice","Test":"TestRootCatalogCompatibilityDoesNotScanArchivedVersions","Output":"                              \"Shared Written Blocks\": 0,\n"}
{"Time":"2026-10-07T13:24:00.48629395Z","Action":"output","Package":"github.com/Hubujiu/WeaveOS/services/bff/internal/apprecordservice","Test":"TestRootCatalogCompatibilityDoesNotScanArchivedVersions","Output":"                              \"Local Hit Blocks\": 0,\n"}
{"Time":"2026-10-07T13:24:00.486296631Z","Action":"output","Package":"github.com/Hubujiu/WeaveOS/services/bff/internal/apprecordservice","Test":"TestRootCatalogCompatibilityDoesNotScanArchivedVersions","Output":"                              \"Local Read Blocks\": 0,\n"}
{"Time":"2026-10-07T13:24:00.486301177Z","Action":"output","Package":"github.com/Hubujiu/WeaveOS/services/bff/internal/apprecordservice","Test":"TestRootCatalogCompatibilityDoesNotScanArchivedVersions","Output":"                              \"Local Dirtied Blocks\": 0,\n"}
{"Time":"2026-10-07T13:24:00.486319145Z","Action":"output","Package":"github.com/Hubujiu/WeaveOS/services/bff/internal/apprecordservice","Test":"TestRootCatalogCompatibilityDoesNotScanArchivedVersions","Output":"                              \"Local Written Blocks\": 0,\n"}
{"Time":"2026-10-07T13:24:00.486361566Z","Action":"output","Package":"github.com/Hubujiu/WeaveOS/services/bff/internal/apprecordservice","Test":"TestRootCatalogCompatibilityDoesNotScanArchivedVersions","Output":"                              \"Temp Read Blocks\": 0,\n"}
{"Time":"2026-10-07T13:24:00.486364421Z","Action":"output","Package":"github.com/Hubujiu/WeaveOS/services/bff/internal/apprecordservice","Test":"TestRootCatalogCompatibilityDoesNotScanArchivedVersions","Output":"                              \"Temp Written Blocks\": 0,\n"}
{"Time":"2026-10-07T13:24:00.486368253Z","Action":"output","Package":"github.com/Hubujiu/WeaveOS/services/bff/internal/apprecordservice","Test":"TestRootCatalogCompatibilityDoesNotScanArchivedVersions","Output":"                              \"Subplans Removed\": 0,\n"}
{"Time":"2026-10-07T13:24:00.486370248Z","Action":"output","Package":"github.com/Hubujiu/WeaveOS/services/bff/internal/apprecordservice","Test":"TestRootCatalogCompatibilityDoesNotScanArchivedVersions","Output":"                              \"Plans\": [\n"}
{"Time":"2026-10-07T13:24:00.486373072Z","Action":"output","Package":"github.com/Hubujiu/WeaveOS/services/bff/internal/apprecordservice","Test":"TestRootCatalogCompatibilityDoesNotScanArchivedVersions","Output":"                                {\n"}
{"Time":"2026-10-07T13:24:00.486375359Z","Action":"output","Package":"github.com/Hubujiu/WeaveOS/services/bff/internal/apprecordservice","Test":"TestRootCatalogCompatibilityDoesNotScanArchivedVersions","Output":"                                  \"Node Type\": \"Seq Scan\",\n"}
{"Time":"2026-10-07T13:24:00.486378375Z","Action":"output","Package":"github.com/Hubujiu/WeaveOS/services/bff/internal/apprecordservice","Test":"TestRootCatalogCompatibilityDoesNotScanArchivedVersions","Output":"                                  \"Parent Relationship\": \"Member\",\n"}
{"Time":"2026-10-07T13:24:00.486390684Z","Action":"output","Package":"github.com/Hubujiu/WeaveOS/services/bff/internal/apprecordservice","Test":"TestRootCatalogCompatibilityDoesNotScanArchivedVersions","Output":"                                  \"Parallel Aware\": false,\n"}
{"Time":"2026-10-07T13:24:00.48639289Z","Action":"output","Package":"github.com/Hubujiu/WeaveOS/services/bff/internal/apprecordservice","Test":"TestRootCatalogCompatibilityDoesNotScanArchivedVersions","Output":"                                  \"Async Capable\": false,\n"}
{"Time":"2026-10-07T13:24:00.486397549Z","Action":"output","Package":"github.com/Hubujiu/WeaveOS/services/bff/internal/apprecordservice","Test":"TestRootCatalogCompatibilityDoesNotScanArchivedVersions","Output":"                                  \"Relation Name\": \"workflow_definitions\",\n"}
{"Time":"2026-10-07T13:24:00.486428381Z","Action":"output","Package":"github.com/Hubujiu/WeaveOS/services/bff/internal/apprecordservice","Test":"TestRootCatalogCompatibilityDoesNotScanArchivedVersions","Output":"                                  \"Alias\": \"d\",\n"}
{"Time":"2026-10-07T13:24:00.486431229Z","Action":"output","Package":"github.com/Hubujiu/WeaveOS/services/bff/internal/apprecordservice","Test":"TestRootCatalogCompatibilityDoesNotScanArchivedVersions","Output":"                                  \"Startup Cost\": 0.00,\n"}
{"Time":"2026-10-07T13:24:00.486433258Z","Action":"output","Package":"github.com/Hubujiu/WeaveOS/services/bff/internal/apprecordservice","Test":"TestRootCatalogCompatibilityDoesNotScanArchivedVersions","Output":"                                  \"Total Cost\": 1.02,\n"}
{"Time":"2026-10-07T13:24:00.486435758Z","Action":"output","Package":"github.com/Hubujiu/WeaveOS/services/bff/internal/apprecordservice","Test":"TestRootCatalogCompatibilityDoesNotScanArchivedVersions","Output":"                                  \"Plan Rows\": 1,\n"}
{"Time":"2026-10-07T13:24:00.486439492Z","Action":"output","Package":"github.com/Hubujiu/WeaveOS/services/bff/internal/apprecordservice","Test":"TestRootCatalogCompatibilityDoesNotScanArchivedVersions","Output":"                                  \"Plan Width\": 40,\n"}
{"Time":"2026-10-07T13:24:00.487280732Z","Action":"output","Package":"github.com/Hubujiu/WeaveOS/services/bff/internal/apprecordservice","Test":"TestRootCatalogCompatibilityDoesNotScanArchivedVersions","Output":"                                  \"Actual Startup Time\": 0.017,\n"}
{"Time":"2026-10-07T13:24:00.487294153Z","Action":"output","Package":"github.com/Hubujiu/WeaveOS/services/bff/internal/apprecordservice","Test":"TestRootCatalogCompatibilityDoesNotScanArchivedVersions","Output":"                                  \"Actual Total Time\": 0.017,\n"}
{"Time":"2026-10-07T13:24:00.487300705Z","Action":"output","Package":"github.com/Hubujiu/WeaveOS/services/bff/internal/apprecordservice","Test":"TestRootCatalogCompatibilityDoesNotScanArchivedVersions","Output":"                                  \"Actual Rows\": 1.00,\n"}
{"Time":"2026-10-07T13:24:00.487303108Z","Action":"output","Package":"github.com/Hubujiu/WeaveOS/services/bff/internal/apprecordservice","Test":"TestRootCatalogCompatibilityDoesNotScanArchivedVersions","Output":"                                  \"Actual Loops\": 1,\n"}
{"Time":"2026-10-07T13:24:00.487305179Z","Action":"output","Package":"github.com/Hubujiu/WeaveOS/services/bff/internal/apprecordservice","Test":"TestRootCatalogCompatibilityDoesNotScanArchivedVersions","Output":"                                  \"Disabled\": false,\n"}
{"Time":"2026-10-07T13:24:00.48730806Z","Action":"output","Package":"github.com/Hubujiu/WeaveOS/services/bff/internal/apprecordservice","Test":"TestRootCatalogCompatibilityDoesNotScanArchivedVersions","Output":"                                  \"Filter\": \"(((state)::text = ANY ('{enabled,closing}'::text[])) AND (app_id = 'ba711147-a5b7-4ea5-a918-37f600f25b33'::uuid) AND (table_id = '59fab683-532a-4a49-82c7-57ad7ee61ee6'::uuid))\",\n"}
{"Time":"2026-10-07T13:24:00.487315022Z","Action":"output","Package":"github.com/Hubujiu/WeaveOS/services/bff/internal/apprecordservice","Test":"TestRootCatalogCompatibilityDoesNotScanArchivedVersions","Output":"                                  \"Rows Removed by Filter\": 0,\n"}
{"Time":"2026-10-07T13:24:00.487317258Z","Action":"output","Package":"github.com/Hubujiu/WeaveOS/services/bff/internal/apprecordservice","Test":"TestRootCatalogCompatibilityDoesNotScanArchivedVersions","Output":"                                  \"Shared Hit Blocks\": 1,\n"}
{"Time":"2026-10-07T13:24:00.487340314Z","Action":"output","Package":"github.com/Hubujiu/WeaveOS/services/bff/internal/apprecordservice","Test":"TestRootCatalogCompatibilityDoesNotScanArchivedVersions","Output":"                                  \"Shared Read Blocks\": 0,\n"}
{"Time":"2026-10-07T13:24:00.487343238Z","Action":"output","Package":"github.com/Hubujiu/WeaveOS/services/bff/internal/apprecordservice","Test":"TestRootCatalogCompatibilityDoesNotScanArchivedVersions","Output":"                                  \"Shared Dirtied Blocks\": 0,\n"}
{"Time":"2026-10-07T13:24:00.487345633Z","Action":"output","Package":"github.com/Hubujiu/WeaveOS/services/bff/internal/apprecordservice","Test":"TestRootCatalogCompatibilityDoesNotScanArchivedVersions","Output":"                                  \"Shared Written Blocks\": 0,\n"}
{"Time":"2026-10-07T13:24:00.487347906Z","Action":"output","Package":"github.com/Hubujiu/WeaveOS/services/bff/internal/apprecordservice","Test":"TestRootCatalogCompatibilityDoesNotScanArchivedVersions","Output":"                                  \"Local Hit Blocks\": 0,\n"}
{"Time":"2026-10-07T13:24:00.487349939Z","Action":"output","Package":"github.com/Hubujiu/WeaveOS/services/bff/internal/apprecordservice","Test":"TestRootCatalogCompatibilityDoesNotScanArchivedVersions","Output":"                                  \"Local Read Blocks\": 0,\n"}
{"Time":"2026-10-07T13:24:00.48735205Z","Action":"output","Package":"github.com/Hubujiu/WeaveOS/services/bff/internal/apprecordservice","Test":"TestRootCatalogCompatibilityDoesNotScanArchivedVersions","Output":"                                  \"Local Dirtied Blocks\": 0,\n"}
{"Time":"2026-10-07T13:24:00.48735425Z","Action":"output","Package":"github.com/Hubujiu/WeaveOS/services/bff/internal/apprecordservice","Test":"TestRootCatalogCompatibilityDoesNotScanArchivedVersions","Output":"                                  \"Local Written Blocks\": 0,\n"}
{"Time":"2026-10-07T13:24:00.487356405Z","Action":"output","Package":"github.com/Hubujiu/WeaveOS/services/bff/internal/apprecordservice","Test":"TestRootCatalogCompatibilityDoesNotScanArchivedVersions","Output":"                                  \"Temp Read Blocks\": 0,\n"}
{"Time":"2026-10-07T13:24:00.487360141Z","Action":"output","Package":"github.com/Hubujiu/WeaveOS/services/bff/internal/apprecordservice","Test":"TestRootCatalogCompatibilityDoesNotScanArchivedVersions","Output":"                                  \"Temp Written Blocks\": 0\n"}
{"Time":"2026-10-07T13:24:00.487362149Z","Action":"output","Package":"github.com/Hubujiu/WeaveOS/services/bff/internal/apprecordservice","Test":"TestRootCatalogCompatibilityDoesNotScanArchivedVersions","Output":"                                },\n"}
{"Time":"2026-10-07T13:24:00.487364202Z","Action":"output","Package":"github.com/Hubujiu/WeaveOS/services/bff/internal/apprecordservice","Test":"TestRootCatalogCompatibilityDoesNotScanArchivedVersions","Output":"                                {\n"}
{"Time":"2026-10-07T13:24:00.487366333Z","Action":"output","Package":"github.com/Hubujiu/WeaveOS/services/bff/internal/apprecordservice","Test":"TestRootCatalogCompatibilityDoesNotScanArchivedVersions","Output":"                                  \"Node Type\": \"Seq Scan\",\n"}
{"Time":"2026-10-07T13:24:00.487368573Z","Action":"output","Package":"github.com/Hubujiu/WeaveOS/services/bff/internal/apprecordservice","Test":"TestRootCatalogCompatibilityDoesNotScanArchivedVersions","Output":"                                  \"Parent Relationship\": \"Member\",\n"}
{"Time":"2026-10-07T13:24:00.487370776Z","Action":"output","Package":"github.com/Hubujiu/WeaveOS/services/bff/internal/apprecordservice","Test":"TestRootCatalogCompatibilityDoesNotScanArchivedVersions","Output":"                                  \"Parallel Aware\": false,\n"}
{"Time":"2026-10-07T13:24:00.487372701Z","Action":"output","Package":"github.com/Hubujiu/WeaveOS/services/bff/internal/apprecordservice","Test":"TestRootCatalogCompatibilityDoesNotScanArchivedVersions","Output":"                                  \"Async Capable\": false,\n"}
{"Time":"2026-10-07T13:24:00.48737475Z","Action":"output","Package":"github.com/Hubujiu/WeaveOS/services/bff/internal/apprecordservice","Test":"TestRootCatalogCompatibilityDoesNotScanArchivedVersions","Output":"                                  \"Relation Name\": \"workflow_instances\",\n"}
{"Time":"2026-10-07T13:24:00.487377024Z","Action":"output","Package":"github.com/Hubujiu/WeaveOS/services/bff/internal/apprecordservice","Test":"TestRootCatalogCompatibilityDoesNotScanArchivedVersions","Output":"                                  \"Alias\": \"i\",\n"}
{"Time":"2026-10-07T13:24:00.487379047Z","Action":"output","Package":"github.com/Hubujiu/WeaveOS/services/bff/internal/apprecordservice","Test":"TestRootCatalogCompatibilityDoesNotScanArchivedVersions","Output":"                                  \"Startup Cost\": 0.00,\n"}
{"Time":"2026-10-07T13:24:00.487381031Z","Action":"output","Package":"github.com/Hubujiu/WeaveOS/services/bff/internal/apprecordservice","Test":"TestRootCatalogCompatibilityDoesNotScanArchivedVersions","Output":"                                  \"Total Cost\": 0.00,\n"}
{"Time":"2026-10-07T13:24:00.487382965Z","Action":"output","Package":"github.com/Hubujiu/WeaveOS/services/bff/internal/apprecordservice","Test":"TestRootCatalogCompatibilityDoesNotScanArchivedVersions","Output":"                                  \"Plan Rows\": 1,\n"}
{"Time":"2026-10-07T13:24:00.487385062Z","Action":"output","Package":"github.com/Hubujiu/WeaveOS/services/bff/internal/apprecordservice","Test":"TestRootCatalogCompatibilityDoesNotScanArchivedVersions","Output":"                                  \"Plan Width\": 40,\n"}
{"Time":"2026-10-07T13:24:00.487389266Z","Action":"output","Package":"github.com/Hubujiu/WeaveOS/services/bff/internal/apprecordservice","Test":"TestRootCatalogCompatibilityDoesNotScanArchivedVersions","Output":"                                  \"Actual Startup Time\": 0.003,\n"}
{"Time":"2026-10-07T13:24:00.487391407Z","Action":"output","Package":"github.com/Hubujiu/WeaveOS/services/bff/internal/apprecordservice","Test":"TestRootCatalogCompatibilityDoesNotScanArchivedVersions","Output":"                                  \"Actual Total Time\": 0.003,\n"}
{"Time":"2026-10-07T13:24:00.487396572Z","Action":"output","Package":"github.com/Hubujiu/WeaveOS/services/bff/internal/apprecordservice","Test":"TestRootCatalogCompatibilityDoesNotScanArchivedVersions","Output":"                                  \"Actual Rows\": 0.00,\n"}
{"Time":"2026-10-07T13:24:00.487398904Z","Action":"output","Package":"github.com/Hubujiu/WeaveOS/services/bff/internal/apprecordservice","Test":"TestRootCatalogCompatibilityDoesNotScanArchivedVersions","Output":"                                  \"Actual Loops\": 1,\n"}
{"Time":"2026-10-07T13:24:00.487400849Z","Action":"output","Package":"github.com/Hubujiu/WeaveOS/services/bff/internal/apprecordservice","Test":"TestRootCatalogCompatibilityDoesNotScanArchivedVersions","Output":"                                  \"Disabled\": false,\n"}
{"Time":"2026-10-07T13:24:00.487403578Z","Action":"output","Package":"github.com/Hubujiu/WeaveOS/services/bff/internal/apprecordservice","Test":"TestRootCatalogCompatibilityDoesNotScanArchivedVersions","Output":"                                  \"Filter\": \"(((state)::text = ANY ('{starting,active}'::text[])) AND (app_id = 'ba711147-a5b7-4ea5-a918-37f600f25b33'::uuid) AND (table_id = '59fab683-532a-4a49-82c7-57ad7ee61ee6'::uuid))\",\n"}
{"Time":"2026-10-07T13:24:00.487406206Z","Action":"output","Package":"github.com/Hubujiu/WeaveOS/services/bff/internal/apprecordservice","Test":"TestRootCatalogCompatibilityDoesNotScanArchivedVersions","Output":"                                  \"Rows Removed by Filter\": 0,\n"}
{"Time":"2026-10-07T13:24:00.487408246Z","Action":"output","Package":"github.com/Hubujiu/WeaveOS/services/bff/internal/apprecordservice","Test":"TestRootCatalogCompatibilityDoesNotScanArchivedVersions","Output":"                                  \"Shared Hit Blocks\": 0,\n"}
{"Time":"2026-10-07T13:24:00.487410206Z","Action":"output","Package":"github.com/Hubujiu/WeaveOS/services/bff/internal/apprecordservice","Test":"TestRootCatalogCompatibilityDoesNotScanArchivedVersions","Output":"                                  \"Shared Read Blocks\": 0,\n"}
{"Time":"2026-10-07T13:24:00.487412222Z","Action":"output","Package":"github.com/Hubujiu/WeaveOS/services/bff/internal/apprecordservice","Test":"TestRootCatalogCompatibilityDoesNotScanArchivedVersions","Output":"                                  \"Shared Dirtied Blocks\": 0,\n"}
{"Time":"2026-10-07T13:24:00.48741419Z","Action":"output","Package":"github.com/Hubujiu/WeaveOS/services/bff/internal/apprecordservice","Test":"TestRootCatalogCompatibilityDoesNotScanArchivedVersions","Output":"                                  \"Shared Written Blocks\": 0,\n"}
{"Time":"2026-10-07T13:24:00.487416132Z","Action":"output","Package":"github.com/Hubujiu/WeaveOS/services/bff/internal/apprecordservice","Test":"TestRootCatalogCompatibilityDoesNotScanArchivedVersions","Output":"                                  \"Local Hit Blocks\": 0,\n"}
{"Time":"2026-10-07T13:24:00.487418078Z","Action":"output","Package":"github.com/Hubujiu/WeaveOS/services/bff/internal/apprecordservice","Test":"TestRootCatalogCompatibilityDoesNotScanArchivedVersions","Output":"                                  \"Local Read Blocks\": 0,\n"}
{"Time":"2026-10-07T13:24:00.48741998Z","Action":"output","Package":"github.com/Hubujiu/WeaveOS/services/bff/internal/apprecordservice","Test":"TestRootCatalogCompatibilityDoesNotScanArchivedVersions","Output":"                                  \"Local Dirtied Blocks\": 0,\n"}
{"Time":"2026-10-07T13:24:00.487421949Z","Action":"output","Package":"github.com/Hubujiu/WeaveOS/services/bff/internal/apprecordservice","Test":"TestRootCatalogCompatibilityDoesNotScanArchivedVersions","Output":"                                  \"Local Written Blocks\": 0,\n"}
{"Time":"2026-10-07T13:24:00.48742385Z","Action":"output","Package":"github.com/Hubujiu/WeaveOS/services/bff/internal/apprecordservice","Test":"TestRootCatalogCompatibilityDoesNotScanArchivedVersions","Output":"                                  \"Temp Read Blocks\": 0,\n"}
{"Time":"2026-10-07T13:24:00.487427786Z","Action":"output","Package":"github.com/Hubujiu/WeaveOS/services/bff/internal/apprecordservice","Test":"TestRootCatalogCompatibilityDoesNotScanArchivedVersions","Output":"                                  \"Temp Written Blocks\": 0\n"}
{"Time":"2026-10-07T13:24:00.487430087Z","Action":"output","Package":"github.com/Hubujiu/WeaveOS/services/bff/internal/apprecordservice","Test":"TestRootCatalogCompatibilityDoesNotScanArchivedVersions","Output":"                                }\n"}
{"Time":"2026-10-07T13:24:00.487432074Z","Action":"output","Package":"github.com/Hubujiu/WeaveOS/services/bff/internal/apprecordservice","Test":"TestRootCatalogCompatibilityDoesNotScanArchivedVersions","Output":"                              ]\n"}
{"Time":"2026-10-07T13:24:00.487433971Z","Action":"output","Package":"github.com/Hubujiu/WeaveOS/services/bff/internal/apprecordservice","Test":"TestRootCatalogCompatibilityDoesNotScanArchivedVersions","Output":"                            }\n"}
{"Time":"2026-10-07T13:24:00.487435805Z","Action":"output","Package":"github.com/Hubujiu/WeaveOS/services/bff/internal/apprecordservice","Test":"TestRootCatalogCompatibilityDoesNotScanArchivedVersions","Output":"                          ]\n"}
{"Time":"2026-10-07T13:24:00.48743762Z","Action":"output","Package":"github.com/Hubujiu/WeaveOS/services/bff/internal/apprecordservice","Test":"TestRootCatalogCompatibilityDoesNotScanArchivedVersions","Output":"                        }\n"}
{"Time":"2026-10-07T13:24:00.487440663Z","Action":"output","Package":"github.com/Hubujiu/WeaveOS/services/bff/internal/apprecordservice","Test":"TestRootCatalogCompatibilityDoesNotScanArchivedVersions","Output":"                      ]\n"}
{"Time":"2026-10-07T13:24:00.487442766Z","Action":"output","Package":"github.com/Hubujiu/WeaveOS/services/bff/internal/apprecordservice","Test":"TestRootCatalogCompatibilityDoesNotScanArchivedVersions","Output":"                    },\n"}
{"Time":"2026-10-07T13:24:00.487444662Z","Action":"output","Package":"github.com/Hubujiu/WeaveOS/services/bff/internal/apprecordservice","Test":"TestRootCatalogCompatibilityDoesNotScanArchivedVersions","Output":"                    {\n"}
{"Time":"2026-10-07T13:24:00.487446677Z","Action":"output","Package":"github.com/Hubujiu/WeaveOS/services/bff/internal/apprecordservice","Test":"TestRootCatalogCompatibilityDoesNotScanArchivedVersions","Output":"                      \"Node Type\": \"Index Scan\",\n"}
{"Time":"2026-10-07T13:24:00.487448866Z","Action":"output","Package":"github.com/Hubujiu/WeaveOS/services/bff/internal/apprecordservice","Test":"TestRootCatalogCompatibilityDoesNotScanArchivedVersions","Output":"                      \"Parent Relationship\": \"Inner\",\n"}
{"Time":"2026-10-07T13:24:00.487450831Z","Action":"output","Package":"github.com/Hubujiu/WeaveOS/services/bff/internal/apprecordservice","Test":"TestRootCatalogCompatibilityDoesNotScanArchivedVersions","Output":"                      \"Parallel Aware\": false,\n"}
{"Time":"2026-10-07T13:24:00.487452737Z","Action":"output","Package":"github.com/Hubujiu/WeaveOS/services/bff/internal/apprecordservice","Test":"TestRootCatalogCompatibilityDoesNotScanArchivedVersions","Output":"                      \"Async Capable\": false,\n"}
{"Time":"2026-10-07T13:24:00.48745463Z","Action":"output","Package":"github.com/Hubujiu/WeaveOS/services/bff/internal/apprecordservice","Test":"TestRootCatalogCompatibilityDoesNotScanArchivedVersions","Output":"                      \"Scan Direction\": \"Forward\",\n"}
{"Time":"2026-10-07T13:24:00.487456817Z","Action":"output","Package":"github.com/Hubujiu/WeaveOS/services/bff/internal/apprecordservice","Test":"TestRootCatalogCompatibilityDoesNotScanArchivedVersions","Output":"                      \"Index Name\": \"uq_workflow_publication_version\",\n"}
{"Time":"2026-10-07T13:24:00.487459049Z","Action":"output","Package":"github.com/Hubujiu/WeaveOS/services/bff/internal/apprecordservice","Test":"TestRootCatalogCompatibilityDoesNotScanArchivedVersions","Output":"                      \"Relation Name\": \"workflow_versions\",\n"}
{"Time":"2026-10-07T13:24:00.48746253Z","Action":"output","Package":"github.com/Hubujiu/WeaveOS/services/bff/internal/apprecordservice","Test":"TestRootCatalogCompatibilityDoesNotScanArchivedVersions","Output":"                      \"Alias\": \"v\",\n"}
{"Time":"2026-10-07T13:24:00.487464505Z","Action":"output","Package":"github.com/Hubujiu/WeaveOS/services/bff/internal/apprecordservice","Test":"TestRootCatalogCompatibilityDoesNotScanArchivedVersions","Output":"                      \"Startup Cost\": 0.28,\n"}
{"Time":"2026-10-07T13:24:00.487466314Z","Action":"output","Package":"github.com/Hubujiu/WeaveOS/services/bff/internal/apprecordservice","Test":"TestRootCatalogCompatibilityDoesNotScanArchivedVersions","Output":"                      \"Total Cost\": 8.30,\n"}
{"Time":"2026-10-07T13:24:00.487468127Z","Action":"output","Package":"github.com/Hubujiu/WeaveOS/services/bff/internal/apprecordservice","Test":"TestRootCatalogCompatibilityDoesNotScanArchivedVersions","Output":"                      \"Plan Rows\": 1,\n"}
{"Time":"2026-10-07T13:24:00.487469975Z","Action":"output","Package":"github.com/Hubujiu/WeaveOS/services/bff/internal/apprecordservice","Test":"TestRootCatalogCompatibilityDoesNotScanArchivedVersions","Output":"                      \"Plan Width\": 808,\n"}
{"Time":"2026-10-07T13:24:00.487471829Z","Action":"output","Package":"github.com/Hubujiu/WeaveOS/services/bff/internal/apprecordservice","Test":"TestRootCatalogCompatibilityDoesNotScanArchivedVersions","Output":"                      \"Actual Startup Time\": 0.023,\n"}
{"Time":"2026-10-07T13:24:00.487473715Z","Action":"output","Package":"github.com/Hubujiu/WeaveOS/services/bff/internal/apprecordservice","Test":"TestRootCatalogCompatibilityDoesNotScanArchivedVersions","Output":"                      \"Actual Total Time\": 0.023,\n"}
{"Time":"2026-10-07T13:24:00.487475538Z","Action":"output","Package":"github.com/Hubujiu/WeaveOS/services/bff/internal/apprecordservice","Test":"TestRootCatalogCompatibilityDoesNotScanArchivedVersions","Output":"                      \"Actual Rows\": 1.00,\n"}
{"Time":"2026-10-07T13:24:00.487477386Z","Action":"output","Package":"github.com/Hubujiu/WeaveOS/services/bff/internal/apprecordservice","Test":"TestRootCatalogCompatibilityDoesNotScanArchivedVersions","Output":"                      \"Actual Loops\": 1,\n"}
{"Time":"2026-10-07T13:24:00.487479252Z","Action":"output","Package":"github.com/Hubujiu/WeaveOS/services/bff/internal/apprecordservice","Test":"TestRootCatalogCompatibilityDoesNotScanArchivedVersions","Output":"                      \"Disabled\": false,\n"}
{"Time":"2026-10-07T13:24:00.487483371Z","Action":"output","Package":"github.com/Hubujiu/WeaveOS/services/bff/internal/apprecordservice","Test":"TestRootCatalogCompatibilityDoesNotScanArchivedVersions","Output":"                      \"Index Cond\": \"((app_id = d.app_id) AND (flow_id = d.id) AND (version = d.current_version))\",\n"}
{"Time":"2026-10-07T13:24:00.487486221Z","Action":"output","Package":"github.com/Hubujiu/WeaveOS/services/bff/internal/apprecordservice","Test":"TestRootCatalogCompatibilityDoesNotScanArchivedVersions","Output":"                      \"Rows Removed by Index Recheck\": 0,\n"}
{"Time":"2026-10-07T13:24:00.487488374Z","Action":"output","Package":"github.com/Hubujiu/WeaveOS/services/bff/internal/apprecordservice","Test":"TestRootCatalogCompatibilityDoesNotScanArchivedVersions","Output":"                      \"Index Searches\": 1,\n"}
{"Time":"2026-10-07T13:24:00.487490234Z","Action":"output","Package":"github.com/Hubujiu/WeaveOS/services/bff/internal/apprecordservice","Test":"TestRootCatalogCompatibilityDoesNotScanArchivedVersions","Output":"                      \"Shared Hit Blocks\": 3,\n"}
{"Time":"2026-10-07T13:24:00.4874921Z","Action":"output","Package":"github.com/Hubujiu/WeaveOS/services/bff/internal/apprecordservice","Test":"TestRootCatalogCompatibilityDoesNotScanArchivedVersions","Output":"                      \"Shared Read Blocks\": 0,\n"}
{"Time":"2026-10-07T13:24:00.487495347Z","Action":"output","Package":"github.com/Hubujiu/WeaveOS/services/bff/internal/apprecordservice","Test":"TestRootCatalogCompatibilityDoesNotScanArchivedVersions","Output":"                      \"Shared Dirtied Blocks\": 0,\n"}
{"Time":"2026-10-07T13:24:00.487497276Z","Action":"output","Package":"github.com/Hubujiu/WeaveOS/services/bff/internal/apprecordservice","Test":"TestRootCatalogCompatibilityDoesNotScanArchivedVersions","Output":"                      \"Shared Written Blocks\": 0,\n"}
{"Time":"2026-10-07T13:24:00.487500216Z","Action":"output","Package":"github.com/Hubujiu/WeaveOS/services/bff/internal/apprecordservice","Test":"TestRootCatalogCompatibilityDoesNotScanArchivedVersions","Output":"                      \"Local Hit Blocks\": 0,\n"}
{"Time":"2026-10-07T13:24:00.487502545Z","Action":"output","Package":"github.com/Hubujiu/WeaveOS/services/bff/internal/apprecordservice","Test":"TestRootCatalogCompatibilityDoesNotScanArchivedVersions","Output":"                      \"Local Read Blocks\": 0,\n"}
{"Time":"2026-10-07T13:24:00.487504422Z","Action":"output","Package":"github.com/Hubujiu/WeaveOS/services/bff/internal/apprecordservice","Test":"TestRootCatalogCompatibilityDoesNotScanArchivedVersions","Output":"                      \"Local Dirtied Blocks\": 0,\n"}
{"Time":"2026-10-07T13:24:00.48750644Z","Action":"output","Package":"github.com/Hubujiu/WeaveOS/services/bff/internal/apprecordservice","Test":"TestRootCatalogCompatibilityDoesNotScanArchivedVersions","Output":"                      \"Local Written Blocks\": 0,\n"}
{"Time":"2026-10-07T13:24:00.487508314Z","Action":"output","Package":"github.com/Hubujiu/WeaveOS/services/bff/internal/apprecordservice","Test":"TestRootCatalogCompatibilityDoesNotScanArchivedVersions","Output":"                      \"Temp Read Blocks\": 0,\n"}
{"Time":"2026-10-07T13:24:00.487510171Z","Action":"output","Package":"github.com/Hubujiu/WeaveOS/services/bff/internal/apprecordservice","Test":"TestRootCatalogCompatibilityDoesNotScanArchivedVersions","Output":"                      \"Temp Written Blocks\": 0\n"}
{"Time":"2026-10-07T13:24:00.48751201Z","Action":"output","Package":"github.com/Hubujiu/WeaveOS/services/bff/internal/apprecordservice","Test":"TestRootCatalogCompatibilityDoesNotScanArchivedVersions","Output":"                    }\n"}
{"Time":"2026-10-07T13:24:00.487513839Z","Action":"output","Package":"github.com/Hubujiu/WeaveOS/services/bff/internal/apprecordservice","Test":"TestRootCatalogCompatibilityDoesNotScanArchivedVersions","Output":"                  ]\n"}
{"Time":"2026-10-07T13:24:00.487515666Z","Action":"output","Package":"github.com/Hubujiu/WeaveOS/services/bff/internal/apprecordservice","Test":"TestRootCatalogCompatibilityDoesNotScanArchivedVersions","Output":"                }\n"}
{"Time":"2026-10-07T13:24:00.487517496Z","Action":"output","Package":"github.com/Hubujiu/WeaveOS/services/bff/internal/apprecordservice","Test":"TestRootCatalogCompatibilityDoesNotScanArchivedVersions","Output":"              ]\n"}
{"Time":"2026-10-07T13:24:00.487519354Z","Action":"output","Package":"github.com/Hubujiu/WeaveOS/services/bff/internal/apprecordservice","Test":"TestRootCatalogCompatibilityDoesNotScanArchivedVersions","Output":"            },\n"}
{"Time":"2026-10-07T13:24:00.487521249Z","Action":"output","Package":"github.com/Hubujiu/WeaveOS/services/bff/internal/apprecordservice","Test":"TestRootCatalogCompatibilityDoesNotScanArchivedVersions","Output":"            \"Planning\": {\n"}
{"Time":"2026-10-07T13:24:00.487523272Z","Action":"output","Package":"github.com/Hubujiu/WeaveOS/services/bff/internal/apprecordservice","Test":"TestRootCatalogCompatibilityDoesNotScanArchivedVersions","Output":"              \"Shared Hit Blocks\": 6,\n"}
{"Time":"2026-10-07T13:24:00.487525392Z","Action":"output","Package":"github.com/Hubujiu/WeaveOS/services/bff/internal/apprecordservice","Test":"TestRootCatalogCompatibilityDoesNotScanArchivedVersions","Output":"              \"Shared Read Blocks\": 0,\n"}
{"Time":"2026-10-07T13:24:00.487528865Z","Action":"output","Package":"github.com/Hubujiu/WeaveOS/services/bff/internal/apprecordservice","Test":"TestRootCatalogCompatibilityDoesNotScanArchivedVersions","Output":"              \"Shared Dirtied Blocks\": 0,\n"}
{"Time":"2026-10-07T13:24:00.487530891Z","Action":"output","Package":"github.com/Hubujiu/WeaveOS/services/bff/internal/apprecordservice","Test":"TestRootCatalogCompatibilityDoesNotScanArchivedVersions","Output":"              \"Shared Written Blocks\": 0,\n"}
{"Time":"2026-10-07T13:24:00.487532949Z","Action":"output","Package":"github.com/Hubujiu/WeaveOS/services/bff/internal/apprecordservice","Test":"TestRootCatalogCompatibilityDoesNotScanArchivedVersions","Output":"              \"Local Hit Blocks\": 0,\n"}
{"Time":"2026-10-07T13:24:00.487534814Z","Action":"output","Package":"github.com/Hubujiu/WeaveOS/services/bff/internal/apprecordservice","Test":"TestRootCatalogCompatibilityDoesNotScanArchivedVersions","Output":"              \"Local Read Blocks\": 0,\n"}
{"Time":"2026-10-07T13:24:00.487536793Z","Action":"output","Package":"github.com/Hubujiu/WeaveOS/services/bff/internal/apprecordservice","Test":"TestRootCatalogCompatibilityDoesNotScanArchivedVersions","Output":"              \"Local Dirtied Blocks\": 0,\n"}
{"Time":"2026-10-07T13:24:00.487538762Z","Action":"output","Package":"github.com/Hubujiu/WeaveOS/services/bff/internal/apprecordservice","Test":"TestRootCatalogCompatibilityDoesNotScanArchivedVersions","Output":"              \"Local Written Blocks\": 0,\n"}
{"Time":"2026-10-07T13:24:00.487540612Z","Action":"output","Package":"github.com/Hubujiu/WeaveOS/services/bff/internal/apprecordservice","Test":"TestRootCatalogCompatibilityDoesNotScanArchivedVersions","Output":"              \"Temp Read Blocks\": 0,\n"}
{"Time":"2026-10-07T13:24:00.487542405Z","Action":"output","Package":"github.com/Hubujiu/WeaveOS/services/bff/internal/apprecordservice","Test":"TestRootCatalogCompatibilityDoesNotScanArchivedVersions","Output":"              \"Temp Written Blocks\": 0\n"}
{"Time":"2026-10-07T13:24:00.487544547Z","Action":"output","Package":"github.com/Hubujiu/WeaveOS/services/bff/internal/apprecordservice","Test":"TestRootCatalogCompatibilityDoesNotScanArchivedVersions","Output":"            },\n"}
{"Time":"2026-10-07T13:24:00.487547314Z","Action":"output","Package":"github.com/Hubujiu/WeaveOS/services/bff/internal/apprecordservice","Test":"TestRootCatalogCompatibilityDoesNotScanArchivedVersions","Output":"            \"Planning Time\": 1.569,\n"}
{"Time":"2026-10-07T13:24:00.48754923Z","Action":"output","Package":"github.com/Hubujiu/WeaveOS/services/bff/internal/apprecordservice","Test":"TestRootCatalogCompatibilityDoesNotScanArchivedVersions","Output":"            \"Triggers\": [\n"}
{"Time":"2026-10-07T13:24:00.487551088Z","Action":"output","Package":"github.com/Hubujiu/WeaveOS/services/bff/internal/apprecordservice","Test":"TestRootCatalogCompatibilityDoesNotScanArchivedVersions","Output":"            ],\n"}
{"Time":"2026-10-07T13:24:00.48755297Z","Action":"output","Package":"github.com/Hubujiu/WeaveOS/services/bff/internal/apprecordservice","Test":"TestRootCatalogCompatibilityDoesNotScanArchivedVersions","Output":"            \"Execution Time\": 1.719\n"}
{"Time":"2026-10-07T13:24:00.48755489Z","Action":"output","Package":"github.com/Hubujiu/WeaveOS/services/bff/internal/apprecordservice","Test":"TestRootCatalogCompatibilityDoesNotScanArchivedVersions","Output":"          }\n"}
{"Time":"2026-10-07T13:24:00.487556749Z","Action":"output","Package":"github.com/Hubujiu/WeaveOS/services/bff/internal/apprecordservice","Test":"TestRootCatalogCompatibilityDoesNotScanArchivedVersions","Output":"        ]\n"}
{"Time":"2026-10-07T13:24:00.487563775Z","Action":"output","Package":"github.com/Hubujiu/WeaveOS/services/bff/internal/apprecordservice","Test":"TestRootCatalogCompatibilityDoesNotScanArchivedVersions","Output":"    root_workflow_catalog_scale_test.go:167: catalog version relation examined_rows=1\n"}
{"Time":"2026-10-07T13:24:00.488784407Z","Action":"output","Package":"github.com/Hubujiu/WeaveOS/services/bff/internal/apprecordservice","Test":"TestRootCatalogCompatibilityDoesNotScanArchivedVersions","Output":"--- PASS: TestRootCatalogCompatibilityDoesNotScanArchivedVersions (0.79s)\n","OutputType":"frame"}
{"Time":"2026-10-07T13:24:00.488843069Z","Action":"pass","Package":"github.com/Hubujiu/WeaveOS/services/bff/internal/apprecordservice","Test":"TestRootCatalogCompatibilityDoesNotScanArchivedVersions","Elapsed":0.79}
{"Time":"2026-10-07T13:24:00.488865352Z","Action":"run","Package":"github.com/Hubujiu/WeaveOS/services/bff/internal/apprecordservice","Test":"TestRootCatalogVersionIsDurableAndCallerRollback"}
{"Time":"2026-10-07T13:24:00.488868267Z","Action":"output","Package":"github.com/Hubujiu/WeaveOS/services/bff/internal/apprecordservice","Test":"TestRootCatalogVersionIsDurableAndCallerRollback","Output":"=== RUN   TestRootCatalogVersionIsDurableAndCallerRollback\n","OutputType":"frame"}
{"Time":"2026-10-07T13:24:00.650373216Z","Action":"output","Package":"github.com/Hubujiu/WeaveOS/services/bff/internal/apprecordservice","Test":"TestRootCatalogVersionIsDurableAndCallerRollback","Output":"    root_workflow_catalog_test.go:131: missing immutable version {\"Edges\": [{\"To\": \"826e40bd-7fc9-492d-9601-f23f5510be81\", \"From\": \"04bd3f81-9987-4d27-b1d0-8ef23527e842\", \"Branch\": \"\"}, {\"To\": \"a940a023-b2dc-4dfa-8cf6-af1e886ff778\", \"From\": \"826e40bd-7fc9-492d-9601-f23f5510be81\", \"Branch\": \"\"}], \"Nodes\": [{\"ID\": \"04bd3f81-9987-4d27-b1d0-8ef23527e842\", \"Kind\": \"start\", \"Approval\": null, \"Condition\": null}, {\"ID\": \"826e40bd-7fc9-492d-9601-f23f5510be81\", \"Kind\": \"approval\", \"Approval\": {\"Mode\": \"all\", \"AssigneeIDs\": [\"4ae131e3-8bf7-4d2c-9b54-19126d132289\"], \"EditableFieldIDs\": [\"6a9fe6a7-56dc-4370-85f6-161de354eab0\"]}, \"Condition\": null}, {\"ID\": \"a940a023-b2dc-4dfa-8cf6-af1e886ff778\", \"Kind\": \"end\", \"Approval\": null, \"Condition\": null}], \"Version\": 1}\n","OutputType":"error"}
{"Time":"2026-10-07T13:24:00.650452297Z","Action":"output","Package":"github.com/Hubujiu/WeaveOS/services/bff/internal/apprecordservice","Test":"TestRootCatalogVersionIsDurableAndCallerRollback","Output":"--- FAIL: TestRootCatalogVersionIsDurableAndCallerRollback (0.16s)\n","OutputType":"frame"}
{"Time":"2026-10-07T13:24:00.650457627Z","Action":"fail","Package":"github.com/Hubujiu/WeaveOS/services/bff/internal/apprecordservice","Test":"TestRootCatalogVersionIsDurableAndCallerRollback","Elapsed":0.16}
{"Time":"2026-10-07T13:24:00.650465442Z","Action":"run","Package":"github.com/Hubujiu/WeaveOS/services/bff/internal/apprecordservice","Test":"TestRootCatalogUndeployedCannotEnableOrStart"}
{"Time":"2026-10-07T13:24:00.650468186Z","Action":"output","Package":"github.com/Hubujiu/WeaveOS/services/bff/internal/apprecordservice","Test":"TestRootCatalogUndeployedCannotEnableOrStart","Output":"=== RUN   TestRootCatalogUndeployedCannotEnableOrStart\n","OutputType":"frame"}
{"Time":"2026-10-07T13:24:00.789306752Z","Action":"output","Package":"github.com/Hubujiu/WeaveOS/services/bff/internal/apprecordservice","Test":"TestRootCatalogUndeployedCannotEnableOrStart","Output":"--- PASS: TestRootCatalogUndeployedCannotEnableOrStart (0.14s)\n","OutputType":"frame"}
{"Time":"2026-10-07T13:24:00.789381518Z","Action":"pass","Package":"github.com/Hubujiu/WeaveOS/services/bff/internal/apprecordservice","Test":"TestRootCatalogUndeployedCannotEnableOrStart","Elapsed":0.14}
{"Time":"2026-10-07T13:24:00.789389561Z","Action":"run","Package":"github.com/Hubujiu/WeaveOS/services/bff/internal/apprecordservice","Test":"TestRootCatalogDeploymentReceiptIdempotentAndBound"}
{"Time":"2026-10-07T13:24:00.789392321Z","Action":"output","Package":"github.com/Hubujiu/WeaveOS/services/bff/internal/apprecordservice","Test":"TestRootCatalogDeploymentReceiptIdempotentAndBound","Output":"=== RUN   TestRootCatalogDeploymentReceiptIdempotentAndBound\n","OutputType":"frame"}
{"Time":"2026-10-07T13:24:00.938175908Z","Action":"output","Package":"github.com/Hubujiu/WeaveOS/services/bff/internal/apprecordservice","Test":"TestRootCatalogDeploymentReceiptIdempotentAndBound","Output":"--- PASS: TestRootCatalogDeploymentReceiptIdempotentAndBound (0.15s)\n","OutputType":"frame"}
{"Time":"2026-10-07T13:24:00.941035609Z","Action":"pass","Package":"github.com/Hubujiu/WeaveOS/services/bff/internal/apprecordservice","Test":"TestRootCatalogDeploymentReceiptIdempotentAndBound","Elapsed":0.15}
{"Time":"2026-10-07T13:24:00.941080473Z","Action":"run","Package":"github.com/Hubujiu/WeaveOS/services/bff/internal/apprecordservice","Test":"TestRootCatalogOldDeploymentCannotReplaceNewCandidate"}
{"Time":"2026-10-07T13:24:00.941085001Z","Action":"output","Package":"github.com/Hubujiu/WeaveOS/services/bff/internal/apprecordservice","Test":"TestRootCatalogOldDeploymentCannotReplaceNewCandidate","Output":"=== RUN   TestRootCatalogOldDeploymentCannotReplaceNewCandidate\n","OutputType":"frame"}
{"Time":"2026-10-07T13:24:01.134798093Z","Action":"output","Package":"github.com/Hubujiu/WeaveOS/services/bff/internal/apprecordservice","Test":"TestRootCatalogOldDeploymentCannotReplaceNewCandidate","Output":"--- PASS: TestRootCatalogOldDeploymentCannotReplaceNewCandidate (0.20s)\n","OutputType":"frame"}
{"Time":"2026-10-07T13:24:01.134845267Z","Action":"pass","Package":"github.com/Hubujiu/WeaveOS/services/bff/internal/apprecordservice","Test":"TestRootCatalogOldDeploymentCannotReplaceNewCandidate","Elapsed":0.2}
{"Time":"2026-10-07T13:24:01.134889413Z","Action":"run","Package":"github.com/Hubujiu/WeaveOS/services/bff/internal/apprecordservice","Test":"TestRootCatalogInstancesKeepStructureWhileNextUsesConfirmedVersion"}
{"Time":"2026-10-07T13:24:01.134892511Z","Action":"output","Package":"github.com/Hubujiu/WeaveOS/services/bff/internal/apprecordservice","Test":"TestRootCatalogInstancesKeepStructureWhileNextUsesConfirmedVersion","Output":"=== RUN   TestRootCatalogInstancesKeepStructureWhileNextUsesConfirmedVersion\n","OutputType":"frame"}
{"Time":"2026-10-07T13:24:01.298109556Z","Action":"output","Package":"github.com/Hubujiu/WeaveOS/services/bff/internal/apprecordservice","Test":"TestRootCatalogInstancesKeepStructureWhileNextUsesConfirmedVersion","Output":"--- PASS: TestRootCatalogInstancesKeepStructureWhileNextUsesConfirmedVersion (0.16s)\n","OutputType":"frame"}
{"Time":"2026-10-07T13:24:01.29817781Z","Action":"pass","Package":"github.com/Hubujiu/WeaveOS/services/bff/internal/apprecordservice","Test":"TestRootCatalogInstancesKeepStructureWhileNextUsesConfirmedVersion","Elapsed":0.16}
{"Time":"2026-10-07T13:24:01.298187501Z","Action":"run","Package":"github.com/Hubujiu/WeaveOS/services/bff/internal/apprecordservice","Test":"TestRootCatalogCloseWaitsForAcceptedStartAndRejectsNewStart"}
{"Time":"2026-10-07T13:24:01.298190804Z","Action":"output","Package":"github.com/Hubujiu/WeaveOS/services/bff/internal/apprecordservice","Test":"TestRootCatalogCloseWaitsForAcceptedStartAndRejectsNewStart","Output":"=== RUN   TestRootCatalogCloseWaitsForAcceptedStartAndRejectsNewStart\n","OutputType":"frame"}
{"Time":"2026-10-07T13:24:01.484874197Z","Action":"output","Package":"github.com/Hubujiu/WeaveOS/services/bff/internal/apprecordservice","Test":"TestRootCatalogCloseWaitsForAcceptedStartAndRejectsNewStart","Output":"--- PASS: TestRootCatalogCloseWaitsForAcceptedStartAndRejectsNewStart (0.19s)\n","OutputType":"frame"}
{"Time":"2026-10-07T13:24:01.484926307Z","Action":"pass","Package":"github.com/Hubujiu/WeaveOS/services/bff/internal/apprecordservice","Test":"TestRootCatalogCloseWaitsForAcceptedStartAndRejectsNewStart","Elapsed":0.19}
{"Time":"2026-10-07T13:24:01.484937573Z","Action":"run","Package":"github.com/Hubujiu/WeaveOS/services/bff/internal/apprecordservice","Test":"TestRootCatalogCloseWithoutInstancesAndLateCloseCAS"}
{"Time":"2026-10-07T13:24:01.484944262Z","Action":"output","Package":"github.com/Hubujiu/WeaveOS/services/bff/internal/apprecordservice","Test":"TestRootCatalogCloseWithoutInstancesAndLateCloseCAS","Output":"=== RUN   TestRootCatalogCloseWithoutInstancesAndLateCloseCAS\n","OutputType":"frame"}
{"Time":"2026-10-07T13:24:01.786362175Z","Action":"output","Package":"github.com/Hubujiu/WeaveOS/services/bff/internal/apprecordservice","Test":"TestRootCatalogCloseWithoutInstancesAndLateCloseCAS","Output":"--- PASS: TestRootCatalogCloseWithoutInstancesAndLateCloseCAS (0.30s)\n","OutputType":"frame"}
{"Time":"2026-10-07T13:24:01.786421054Z","Action":"pass","Package":"github.com/Hubujiu/WeaveOS/services/bff/internal/apprecordservice","Test":"TestRootCatalogCloseWithoutInstancesAndLateCloseCAS","Elapsed":0.3}
{"Time":"2026-10-07T13:24:01.78642936Z","Action":"run","Package":"github.com/Hubujiu/WeaveOS/services/bff/internal/apprecordservice","Test":"TestRootCatalogIndependentFlowsSameRecord"}
{"Time":"2026-10-07T13:24:01.786432524Z","Action":"output","Package":"github.com/Hubujiu/WeaveOS/services/bff/internal/apprecordservice","Test":"TestRootCatalogIndependentFlowsSameRecord","Output":"=== RUN   TestRootCatalogIndependentFlowsSameRecord\n","OutputType":"frame"}
{"Time":"2026-10-07T13:24:01.951672041Z","Action":"output","Package":"github.com/Hubujiu/WeaveOS/services/bff/internal/apprecordservice","Test":"TestRootCatalogIndependentFlowsSameRecord","Output":"--- PASS: TestRootCatalogIndependentFlowsSameRecord (0.17s)\n","OutputType":"frame"}
{"Time":"2026-10-07T13:24:01.951722262Z","Action":"pass","Package":"github.com/Hubujiu/WeaveOS/services/bff/internal/apprecordservice","Test":"TestRootCatalogIndependentFlowsSameRecord","Elapsed":0.17}
{"Time":"2026-10-07T13:24:01.951730116Z","Action":"run","Package":"github.com/Hubujiu/WeaveOS/services/bff/internal/apprecordservice","Test":"TestRootCatalogCASAndResourceScope"}
{"Time":"2026-10-07T13:24:01.951733318Z","Action":"output","Package":"github.com/Hubujiu/WeaveOS/services/bff/internal/apprecordservice","Test":"TestRootCatalogCASAndResourceScope","Output":"=== RUN   TestRootCatalogCASAndResourceScope\n","OutputType":"frame"}
{"Time":"2026-10-07T13:24:02.17216204Z","Action":"output","Package":"github.com/Hubujiu/WeaveOS/services/bff/internal/apprecordservice","Test":"TestRootCatalogCASAndResourceScope","Output":"--- PASS: TestRootCatalogCASAndResourceScope (0.22s)\n","OutputType":"frame"}
{"Time":"2026-10-07T13:24:02.172211377Z","Action":"pass","Package":"github.com/Hubujiu/WeaveOS/services/bff/internal/apprecordservice","Test":"TestRootCatalogCASAndResourceScope","Elapsed":0.22}
{"Time":"2026-10-07T13:24:02.172218308Z","Action":"run","Package":"github.com/Hubujiu/WeaveOS/services/bff/internal/apprecordservice","Test":"TestRootCatalogInvalidGraphHasNoPersistentVersion"}
{"Time":"2026-10-07T13:24:02.172220917Z","Action":"output","Package":"github.com/Hubujiu/WeaveOS/services/bff/internal/apprecordservice","Test":"TestRootCatalogInvalidGraphHasNoPersistentVersion","Output":"=== RUN   TestRootCatalogInvalidGraphHasNoPersistentVersion\n","OutputType":"frame"}
{"Time":"2026-10-07T13:24:02.296459369Z","Action":"output","Package":"github.com/Hubujiu/WeaveOS/services/bff/internal/apprecordservice","Test":"TestRootCatalogInvalidGraphHasNoPersistentVersion","Output":"--- PASS: TestRootCatalogInvalidGraphHasNoPersistentVersion (0.12s)\n","OutputType":"frame"}
{"Time":"2026-10-07T13:24:02.296510432Z","Action":"pass","Package":"github.com/Hubujiu/WeaveOS/services/bff/internal/apprecordservice","Test":"TestRootCatalogInvalidGraphHasNoPersistentVersion","Elapsed":0.12}
{"Time":"2026-10-07T13:24:02.296518572Z","Action":"run","Package":"github.com/Hubujiu/WeaveOS/services/bff/internal/apprecordservice","Test":"TestRootCatalogCompatibilityIsPrecise"}
{"Time":"2026-10-07T13:24:02.296521555Z","Action":"output","Package":"github.com/Hubujiu/WeaveOS/services/bff/internal/apprecordservice","Test":"TestRootCatalogCompatibilityIsPrecise","Output":"=== RUN   TestRootCatalogCompatibilityIsPrecise\n","OutputType":"frame"}
{"Time":"2026-10-07T13:24:02.524673189Z","Action":"output","Package":"github.com/Hubujiu/WeaveOS/services/bff/internal/apprecordservice","Test":"TestRootCatalogCompatibilityIsPrecise","Output":"--- PASS: TestRootCatalogCompatibilityIsPrecise (0.23s)\n","OutputType":"frame"}
{"Time":"2026-10-07T13:24:02.524723069Z","Action":"pass","Package":"github.com/Hubujiu/WeaveOS/services/bff/internal/apprecordservice","Test":"TestRootCatalogCompatibilityIsPrecise","Elapsed":0.23}
{"Time":"2026-10-07T13:24:02.526766483Z","Action":"run","Package":"github.com/Hubujiu/WeaveOS/services/bff/internal/apprecordservice","Test":"TestRootCatalogOldInFlightVersionBlocksUntilTerminal"}
{"Time":"2026-10-07T13:24:02.526853486Z","Action":"output","Package":"github.com/Hubujiu/WeaveOS/services/bff/internal/apprecordservice","Test":"TestRootCatalogOldInFlightVersionBlocksUntilTerminal","Output":"=== RUN   TestRootCatalogOldInFlightVersionBlocksUntilTerminal\n","OutputType":"frame"}
{"Time":"2026-10-07T13:24:02.785919926Z","Action":"output","Package":"github.com/Hubujiu/WeaveOS/services/bff/internal/apprecordservice","Test":"TestRootCatalogOldInFlightVersionBlocksUntilTerminal","Output":"--- PASS: TestRootCatalogOldInFlightVersionBlocksUntilTerminal (0.26s)\n","OutputType":"frame"}
{"Time":"2026-10-07T13:24:02.786051669Z","Action":"pass","Package":"github.com/Hubujiu/WeaveOS/services/bff/internal/apprecordservice","Test":"TestRootCatalogOldInFlightVersionBlocksUntilTerminal","Elapsed":0.26}
{"Time":"2026-10-07T13:24:02.786060722Z","Action":"run","Package":"github.com/Hubujiu/WeaveOS/services/bff/internal/apprecordservice","Test":"TestRootCatalogDisabledHistoryDoesNotBlockSchema"}
{"Time":"2026-10-07T13:24:02.786064402Z","Action":"output","Package":"github.com/Hubujiu/WeaveOS/services/bff/internal/apprecordservice","Test":"TestRootCatalogDisabledHistoryDoesNotBlockSchema","Output":"=== RUN   TestRootCatalogDisabledHistoryDoesNotBlockSchema\n","OutputType":"frame"}
{"Time":"2026-10-07T13:24:02.989907321Z","Action":"output","Package":"github.com/Hubujiu/WeaveOS/services/bff/internal/apprecordservice","Test":"TestRootCatalogDisabledHistoryDoesNotBlockSchema","Output":"--- PASS: TestRootCatalogDisabledHistoryDoesNotBlockSchema (0.20s)\n","OutputType":"frame"}
{"Time":"2026-10-07T13:24:02.989974129Z","Action":"pass","Package":"github.com/Hubujiu/WeaveOS/services/bff/internal/apprecordservice","Test":"TestRootCatalogDisabledHistoryDoesNotBlockSchema","Elapsed":0.2}
{"Time":"2026-10-07T13:24:02.989984744Z","Action":"run","Package":"github.com/Hubujiu/WeaveOS/services/bff/internal/apprecordservice","Test":"TestRootCatalogDeploymentRechecksChangedSchema"}
{"Time":"2026-10-07T13:24:02.989988117Z","Action":"output","Package":"github.com/Hubujiu/WeaveOS/services/bff/internal/apprecordservice","Test":"TestRootCatalogDeploymentRechecksChangedSchema","Output":"=== RUN   TestRootCatalogDeploymentRechecksChangedSchema\n","OutputType":"frame"}
{"Time":"2026-10-07T13:24:03.194472517Z","Action":"output","Package":"github.com/Hubujiu/WeaveOS/services/bff/internal/apprecordservice","Test":"TestRootCatalogDeploymentRechecksChangedSchema","Output":"--- PASS: TestRootCatalogDeploymentRechecksChangedSchema (0.20s)\n","OutputType":"frame"}
{"Time":"2026-10-07T13:24:03.194644844Z","Action":"pass","Package":"github.com/Hubujiu/WeaveOS/services/bff/internal/apprecordservice","Test":"TestRootCatalogDeploymentRechecksChangedSchema","Elapsed":0.2}
{"Time":"2026-10-07T13:24:03.194668288Z","Action":"run","Package":"github.com/Hubujiu/WeaveOS/services/bff/internal/apprecordservice","Test":"TestRootCatalogConcurrentVersionCAS"}
{"Time":"2026-10-07T13:24:03.194671717Z","Action":"output","Package":"github.com/Hubujiu/WeaveOS/services/bff/internal/apprecordservice","Test":"TestRootCatalogConcurrentVersionCAS","Output":"=== RUN   TestRootCatalogConcurrentVersionCAS\n","OutputType":"frame"}
{"Time":"2026-10-07T13:24:03.349443403Z","Action":"output","Package":"github.com/Hubujiu/WeaveOS/services/bff/internal/apprecordservice","Test":"TestRootCatalogConcurrentVersionCAS","Output":"--- PASS: TestRootCatalogConcurrentVersionCAS (0.16s)\n","OutputType":"frame"}
{"Time":"2026-10-07T13:24:03.349552648Z","Action":"pass","Package":"github.com/Hubujiu/WeaveOS/services/bff/internal/apprecordservice","Test":"TestRootCatalogConcurrentVersionCAS","Elapsed":0.16}
{"Time":"2026-10-07T13:24:03.349560636Z","Action":"run","Package":"github.com/Hubujiu/WeaveOS/services/bff/internal/apprecordservice","Test":"TestRootCatalogImmutableVersionsAndMinimumRoles"}
{"Time":"2026-10-07T13:24:03.349578199Z","Action":"output","Package":"github.com/Hubujiu/WeaveOS/services/bff/internal/apprecordservice","Test":"TestRootCatalogImmutableVersionsAndMinimumRoles","Output":"=== RUN   TestRootCatalogImmutableVersionsAndMinimumRoles\n","OutputType":"frame"}
{"Time":"2026-10-07T13:24:03.568534226Z","Action":"output","Package":"github.com/Hubujiu/WeaveOS/services/bff/internal/apprecordservice","Test":"TestRootCatalogImmutableVersionsAndMinimumRoles","Output":"--- PASS: TestRootCatalogImmutableVersionsAndMinimumRoles (0.22s)\n","OutputType":"frame"}
{"Time":"2026-10-07T13:24:03.56858314Z","Action":"pass","Package":"github.com/Hubujiu/WeaveOS/services/bff/internal/apprecordservice","Test":"TestRootCatalogImmutableVersionsAndMinimumRoles","Elapsed":0.22}
{"Time":"2026-10-07T13:24:03.572317953Z","Action":"run","Package":"github.com/Hubujiu/WeaveOS/services/bff/internal/apprecordservice","Test":"TestRootEvidenceStoreHistoryDoesNotJoinCurrentValuesOrReferenceLabels"}
{"Time":"2026-10-07T13:24:03.572364366Z","Action":"output","Package":"github.com/Hubujiu/WeaveOS/services/bff/internal/apprecordservice","Test":"TestRootEvidenceStoreHistoryDoesNotJoinCurrentValuesOrReferenceLabels","Output":"=== RUN   TestRootEvidenceStoreHistoryDoesNotJoinCurrentValuesOrReferenceLabels\n","OutputType":"frame"}
{"Time":"2026-10-07T13:24:03.840972679Z","Action":"output","Package":"github.com/Hubujiu/WeaveOS/services/bff/internal/apprecordservice","Test":"TestRootEvidenceStoreHistoryDoesNotJoinCurrentValuesOrReferenceLabels","Output":"--- PASS: TestRootEvidenceStoreHistoryDoesNotJoinCurrentValuesOrReferenceLabels (0.27s)\n","OutputType":"frame"}
{"Time":"2026-10-07T13:24:03.841193585Z","Action":"pass","Package":"github.com/Hubujiu/WeaveOS/services/bff/internal/apprecordservice","Test":"TestRootEvidenceStoreHistoryDoesNotJoinCurrentValuesOrReferenceLabels","Elapsed":0.27}
{"Time":"2026-10-07T13:24:03.864663193Z","Action":"output","Package":"github.com/Hubujiu/WeaveOS/services/bff/internal/apprecordservice","Output":"FAIL\n","OutputType":"frame"}
{"Time":"2026-10-07T13:24:03.869832732Z","Action":"output","Package":"github.com/Hubujiu/WeaveOS/services/bff/internal/apprecordservice","Output":"FAIL\tgithub.com/Hubujiu/WeaveOS/services/bff/internal/apprecordservice\t4.264s\n","OutputType":"frame"}
{"Time":"2026-10-07T13:24:03.869871518Z","Action":"fail","Package":"github.com/Hubujiu/WeaveOS/services/bff/internal/apprecordservice","Elapsed":4.264}
