{"Time":"2026-10-07T13:24:05.718131085Z","Action":"start","Package":"github.com/Hubujiu/WeaveOS/services/bff/internal/flowgraph"}
{"Time":"2026-10-07T13:24:05.732769911Z","Action":"run","Package":"github.com/Hubujiu/WeaveOS/services/bff/internal/flowgraph","Test":"TestRootBPMNNamespacesAndExactDefinition"}
{"Time":"2026-10-07T13:24:05.732871323Z","Action":"output","Package":"github.com/Hubujiu/WeaveOS/services/bff/internal/flowgraph","Test":"TestRootBPMNNamespacesAndExactDefinition","Output":"=== RUN   TestRootBPMNNamespacesAndExactDefinition\n","OutputType":"frame"}
{"Time":"2026-10-07T13:24:05.735124025Z","Action":"output","Package":"github.com/Hubujiu/WeaveOS/services/bff/internal/flowgraph","Test":"TestRootBPMNNamespacesAndExactDefinition","Output":"--- PASS: TestRootBPMNNamespacesAndExactDefinition (0.00s)\n","OutputType":"frame"}
{"Time":"2026-10-07T13:24:05.735165508Z","Action":"pass","Package":"github.com/Hubujiu/WeaveOS/services/bff/internal/flowgraph","Test":"TestRootBPMNNamespacesAndExactDefinition","Elapsed":0}
{"Time":"2026-10-07T13:24:05.735185672Z","Action":"run","Package":"github.com/Hubujiu/WeaveOS/services/bff/internal/flowgraph","Test":"TestRootBPMNMapsGraphAndClosedEdges"}
{"Time":"2026-10-07T13:24:05.735243372Z","Action":"output","Package":"github.com/Hubujiu/WeaveOS/services/bff/internal/flowgraph","Test":"TestRootBPMNMapsGraphAndClosedEdges","Output":"=== RUN   TestRootBPMNMapsGraphAndClosedEdges\n","OutputType":"frame"}
{"Time":"2026-10-07T13:24:05.737237925Z","Action":"output","Package":"github.com/Hubujiu/WeaveOS/services/bff/internal/flowgraph","Test":"TestRootBPMNMapsGraphAndClosedEdges","Output":"--- PASS: TestRootBPMNMapsGraphAndClosedEdges (0.00s)\n","OutputType":"frame"}
{"Time":"2026-10-07T13:24:05.737249753Z","Action":"pass","Package":"github.com/Hubujiu/WeaveOS/services/bff/internal/flowgraph","Test":"TestRootBPMNMapsGraphAndClosedEdges","Elapsed":0}
{"Time":"2026-10-07T13:24:05.737271265Z","Action":"run","Package":"github.com/Hubujiu/WeaveOS/services/bff/internal/flowgraph","Test":"TestRootBPMNConditionUsesBooleanAndDefault"}
{"Time":"2026-10-07T13:24:05.737274822Z","Action":"output","Package":"github.com/Hubujiu/WeaveOS/services/bff/internal/flowgraph","Test":"TestRootBPMNConditionUsesBooleanAndDefault","Output":"=== RUN   TestRootBPMNConditionUsesBooleanAndDefault\n","OutputType":"frame"}
{"Time":"2026-10-07T13:24:05.739891886Z","Action":"output","Package":"github.com/Hubujiu/WeaveOS/services/bff/internal/flowgraph","Test":"TestRootBPMNConditionUsesBooleanAndDefault","Output":"--- PASS: TestRootBPMNConditionUsesBooleanAndDefault (0.00s)\n","OutputType":"frame"}
{"Time":"2026-10-07T13:24:05.739962836Z","Action":"pass","Package":"github.com/Hubujiu/WeaveOS/services/bff/internal/flowgraph","Test":"TestRootBPMNConditionUsesBooleanAndDefault","Elapsed":0}
{"Time":"2026-10-07T13:24:05.739972423Z","Action":"run","Package":"github.com/Hubujiu/WeaveOS/services/bff/internal/flowgraph","Test":"TestRootBPMNParallelAllAndAnyModes"}
{"Time":"2026-10-07T13:24:05.739976048Z","Action":"output","Package":"github.com/Hubujiu/WeaveOS/services/bff/internal/flowgraph","Test":"TestRootBPMNParallelAllAndAnyModes","Output":"=== RUN   TestRootBPMNParallelAllAndAnyModes\n","OutputType":"frame"}
{"Time":"2026-10-07T13:24:05.742911663Z","Action":"output","Package":"github.com/Hubujiu/WeaveOS/services/bff/internal/flowgraph","Test":"TestRootBPMNParallelAllAndAnyModes","Output":"--- PASS: TestRootBPMNParallelAllAndAnyModes (0.00s)\n","OutputType":"frame"}
{"Time":"2026-10-07T13:24:05.742937389Z","Action":"pass","Package":"github.com/Hubujiu/WeaveOS/services/bff/internal/flowgraph","Test":"TestRootBPMNParallelAllAndAnyModes","Elapsed":0}
{"Time":"2026-10-07T13:24:05.742943435Z","Action":"run","Package":"github.com/Hubujiu/WeaveOS/services/bff/internal/flowgraph","Test":"TestRootBPMNRejectionIsLocalTerminal"}
{"Time":"2026-10-07T13:24:05.74294864Z","Action":"output","Package":"github.com/Hubujiu/WeaveOS/services/bff/internal/flowgraph","Test":"TestRootBPMNRejectionIsLocalTerminal","Output":"=== RUN   TestRootBPMNRejectionIsLocalTerminal\n","OutputType":"frame"}
{"Time":"2026-10-07T13:24:05.74462394Z","Action":"output","Package":"github.com/Hubujiu/WeaveOS/services/bff/internal/flowgraph","Test":"TestRootBPMNRejectionIsLocalTerminal","Output":"--- PASS: TestRootBPMNRejectionIsLocalTerminal (0.00s)\n","OutputType":"frame"}
{"Time":"2026-10-07T13:24:05.744647561Z","Action":"pass","Package":"github.com/Hubujiu/WeaveOS/services/bff/internal/flowgraph","Test":"TestRootBPMNRejectionIsLocalTerminal","Elapsed":0}
{"Time":"2026-10-07T13:24:05.744655337Z","Action":"run","Package":"github.com/Hubujiu/WeaveOS/services/bff/internal/flowgraph","Test":"TestRootBPMNNeverEmbedsUserCodeOrBusinessPayload"}
{"Time":"2026-10-07T13:24:05.744737529Z","Action":"output","Package":"github.com/Hubujiu/WeaveOS/services/bff/internal/flowgraph","Test":"TestRootBPMNNeverEmbedsUserCodeOrBusinessPayload","Output":"=== RUN   TestRootBPMNNeverEmbedsUserCodeOrBusinessPayload\n","OutputType":"frame"}
{"Time":"2026-10-07T13:24:05.746799233Z","Action":"output","Package":"github.com/Hubujiu/WeaveOS/services/bff/internal/flowgraph","Test":"TestRootBPMNNeverEmbedsUserCodeOrBusinessPayload","Output":"--- PASS: TestRootBPMNNeverEmbedsUserCodeOrBusinessPayload (0.00s)\n","OutputType":"frame"}
{"Time":"2026-10-07T13:24:05.746810465Z","Action":"pass","Package":"github.com/Hubujiu/WeaveOS/services/bff/internal/flowgraph","Test":"TestRootBPMNNeverEmbedsUserCodeOrBusinessPayload","Elapsed":0}
{"Time":"2026-10-07T13:24:05.746817905Z","Action":"run","Package":"github.com/Hubujiu/WeaveOS/services/bff/internal/flowgraph","Test":"TestRootBPMNRejectsUnvalidatedGraphOrDefinition"}
{"Time":"2026-10-07T13:24:05.74682228Z","Action":"output","Package":"github.com/Hubujiu/WeaveOS/services/bff/internal/flowgraph","Test":"TestRootBPMNRejectsUnvalidatedGraphOrDefinition","Output":"=== RUN   TestRootBPMNRejectsUnvalidatedGraphOrDefinition\n","OutputType":"frame"}
{"Time":"2026-10-07T13:24:05.747202073Z","Action":"output","Package":"github.com/Hubujiu/WeaveOS/services/bff/internal/flowgraph","Test":"TestRootBPMNRejectsUnvalidatedGraphOrDefinition","Output":"--- PASS: TestRootBPMNRejectsUnvalidatedGraphOrDefinition (0.00s)\n","OutputType":"frame"}
{"Time":"2026-10-07T13:24:05.747209699Z","Action":"pass","Package":"github.com/Hubujiu/WeaveOS/services/bff/internal/flowgraph","Test":"TestRootBPMNRejectsUnvalidatedGraphOrDefinition","Elapsed":0}
{"Time":"2026-10-07T13:24:05.747218761Z","Action":"run","Package":"github.com/Hubujiu/WeaveOS/services/bff/internal/flowgraph","Test":"TestRootBPMNStableAndDoesNotMutateGraph"}
{"Time":"2026-10-07T13:24:05.747223745Z","Action":"output","Package":"github.com/Hubujiu/WeaveOS/services/bff/internal/flowgraph","Test":"TestRootBPMNStableAndDoesNotMutateGraph","Output":"=== RUN   TestRootBPMNStableAndDoesNotMutateGraph\n","OutputType":"frame"}
{"Time":"2026-10-07T13:24:05.748751235Z","Action":"output","Package":"github.com/Hubujiu/WeaveOS/services/bff/internal/flowgraph","Test":"TestRootBPMNStableAndDoesNotMutateGraph","Output":"--- PASS: TestRootBPMNStableAndDoesNotMutateGraph (0.00s)\n","OutputType":"frame"}
{"Time":"2026-10-07T13:24:05.748767883Z","Action":"pass","Package":"github.com/Hubujiu/WeaveOS/services/bff/internal/flowgraph","Test":"TestRootBPMNStableAndDoesNotMutateGraph","Elapsed":0}
{"Time":"2026-10-07T13:24:05.748773469Z","Action":"run","Package":"github.com/Hubujiu/WeaveOS/services/bff/internal/flowgraph","Test":"TestRootBPMNNoApprovalNeedsNoSyntheticRejection"}
{"Time":"2026-10-07T13:24:05.748776627Z","Action":"output","Package":"github.com/Hubujiu/WeaveOS/services/bff/internal/flowgraph","Test":"TestRootBPMNNoApprovalNeedsNoSyntheticRejection","Output":"=== RUN   TestRootBPMNNoApprovalNeedsNoSyntheticRejection\n","OutputType":"frame"}
{"Time":"2026-10-07T13:24:05.749397419Z","Action":"output","Package":"github.com/Hubujiu/WeaveOS/services/bff/internal/flowgraph","Test":"TestRootBPMNNoApprovalNeedsNoSyntheticRejection","Output":"--- PASS: TestRootBPMNNoApprovalNeedsNoSyntheticRejection (0.00s)\n","OutputType":"frame"}
{"Time":"2026-10-07T13:24:05.749412586Z","Action":"pass","Package":"github.com/Hubujiu/WeaveOS/services/bff/internal/flowgraph","Test":"TestRootBPMNNoApprovalNeedsNoSyntheticRejection","Elapsed":0}
{"Time":"2026-10-07T13:24:05.749500972Z","Action":"run","Package":"github.com/Hubujiu/WeaveOS/services/bff/internal/flowgraph","Test":"TestRootExportEngineCompatibilityFixtures"}
{"Time":"2026-10-07T13:24:05.749506047Z","Action":"output","Package":"github.com/Hubujiu/WeaveOS/services/bff/internal/flowgraph","Test":"TestRootExportEngineCompatibilityFixtures","Output":"=== RUN   TestRootExportEngineCompatibilityFixtures\n","OutputType":"frame"}
{"Time":"2026-10-07T13:24:05.752588352Z","Action":"output","Package":"github.com/Hubujiu/WeaveOS/services/bff/internal/flowgraph","Test":"TestRootExportEngineCompatibilityFixtures","Output":"--- PASS: TestRootExportEngineCompatibilityFixtures (0.00s)\n","OutputType":"frame"}
{"Time":"2026-10-07T13:24:05.752615577Z","Action":"pass","Package":"github.com/Hubujiu/WeaveOS/services/bff/internal/flowgraph","Test":"TestRootExportEngineCompatibilityFixtures","Elapsed":0}
{"Time":"2026-10-07T13:24:05.752621614Z","Action":"run","Package":"github.com/Hubujiu/WeaveOS/services/bff/internal/flowgraph","Test":"TestRootValidGraphAndDependencies"}
{"Time":"2026-10-07T13:24:05.75262506Z","Action":"output","Package":"github.com/Hubujiu/WeaveOS/services/bff/internal/flowgraph","Test":"TestRootValidGraphAndDependencies","Output":"=== RUN   TestRootValidGraphAndDependencies\n","OutputType":"frame"}
{"Time":"2026-10-07T13:24:05.752909448Z","Action":"output","Package":"github.com/Hubujiu/WeaveOS/services/bff/internal/flowgraph","Test":"TestRootValidGraphAndDependencies","Output":"--- PASS: TestRootValidGraphAndDependencies (0.00s)\n","OutputType":"frame"}
{"Time":"2026-10-07T13:24:05.752918419Z","Action":"pass","Package":"github.com/Hubujiu/WeaveOS/services/bff/internal/flowgraph","Test":"TestRootValidGraphAndDependencies","Elapsed":0}
{"Time":"2026-10-07T13:24:05.752922832Z","Action":"run","Package":"github.com/Hubujiu/WeaveOS/services/bff/internal/flowgraph","Test":"TestRootAllAnyAndMinimalGraph"}
{"Time":"2026-10-07T13:24:05.752926206Z","Action":"output","Package":"github.com/Hubujiu/WeaveOS/services/bff/internal/flowgraph","Test":"TestRootAllAnyAndMinimalGraph","Output":"=== RUN   TestRootAllAnyAndMinimalGraph\n","OutputType":"frame"}
{"Time":"2026-10-07T13:24:05.75362172Z","Action":"output","Package":"github.com/Hubujiu/WeaveOS/services/bff/internal/flowgraph","Test":"TestRootAllAnyAndMinimalGraph","Output":"--- PASS: TestRootAllAnyAndMinimalGraph (0.00s)\n","OutputType":"frame"}
{"Time":"2026-10-07T13:24:05.753631691Z","Action":"pass","Package":"github.com/Hubujiu/WeaveOS/services/bff/internal/flowgraph","Test":"TestRootAllAnyAndMinimalGraph","Elapsed":0}
{"Time":"2026-10-07T13:24:05.753636044Z","Action":"run","Package":"github.com/Hubujiu/WeaveOS/services/bff/internal/flowgraph","Test":"TestRootGraphIdentityAndKindsFailClosed"}
{"Time":"2026-10-07T13:24:05.753640598Z","Action":"output","Package":"github.com/Hubujiu/WeaveOS/services/bff/internal/flowgraph","Test":"TestRootGraphIdentityAndKindsFailClosed","Output":"=== RUN   TestRootGraphIdentityAndKindsFailClosed\n","OutputType":"frame"}
{"Time":"2026-10-07T13:24:05.755229237Z","Action":"output","Package":"github.com/Hubujiu/WeaveOS/services/bff/internal/flowgraph","Test":"TestRootGraphIdentityAndKindsFailClosed","Output":"--- PASS: TestRootGraphIdentityAndKindsFailClosed (0.00s)\n","OutputType":"frame"}
{"Time":"2026-10-07T13:24:05.755250184Z","Action":"pass","Package":"github.com/Hubujiu/WeaveOS/services/bff/internal/flowgraph","Test":"TestRootGraphIdentityAndKindsFailClosed","Elapsed":0}
{"Time":"2026-10-07T13:24:05.755255792Z","Action":"run","Package":"github.com/Hubujiu/WeaveOS/services/bff/internal/flowgraph","Test":"TestRootEdgesAndBinaryBranches"}
{"Time":"2026-10-07T13:24:05.755259109Z","Action":"output","Package":"github.com/Hubujiu/WeaveOS/services/bff/internal/flowgraph","Test":"TestRootEdgesAndBinaryBranches","Output":"=== RUN   TestRootEdgesAndBinaryBranches\n","OutputType":"frame"}
{"Time":"2026-10-07T13:24:05.761534559Z","Action":"output","Package":"github.com/Hubujiu/WeaveOS/services/bff/internal/flowgraph","Test":"TestRootEdgesAndBinaryBranches","Output":"--- PASS: TestRootEdgesAndBinaryBranches (0.01s)\n","OutputType":"frame"}
{"Time":"2026-10-07T13:24:05.761831254Z","Action":"pass","Package":"github.com/Hubujiu/WeaveOS/services/bff/internal/flowgraph","Test":"TestRootEdgesAndBinaryBranches","Elapsed":0.01}
{"Time":"2026-10-07T13:24:05.761858296Z","Action":"run","Package":"github.com/Hubujiu/WeaveOS/services/bff/internal/flowgraph","Test":"TestRootReachableCycleRejected"}
{"Time":"2026-10-07T13:24:05.761861772Z","Action":"output","Package":"github.com/Hubujiu/WeaveOS/services/bff/internal/flowgraph","Test":"TestRootReachableCycleRejected","Output":"=== RUN   TestRootReachableCycleRejected\n","OutputType":"frame"}
{"Time":"2026-10-07T13:24:05.761871136Z","Action":"output","Package":"github.com/Hubujiu/WeaveOS/services/bff/internal/flowgraph","Test":"TestRootReachableCycleRejected","Output":"--- PASS: TestRootReachableCycleRejected (0.00s)\n","OutputType":"frame"}
{"Time":"2026-10-07T13:24:05.761875612Z","Action":"pass","Package":"github.com/Hubujiu/WeaveOS/services/bff/internal/flowgraph","Test":"TestRootReachableCycleRejected","Elapsed":0}
{"Time":"2026-10-07T13:24:05.761914844Z","Action":"run","Package":"github.com/Hubujiu/WeaveOS/services/bff/internal/flowgraph","Test":"TestRootDisconnectedNodesRejected"}
{"Time":"2026-10-07T13:24:05.761919066Z","Action":"output","Package":"github.com/Hubujiu/WeaveOS/services/bff/internal/flowgraph","Test":"TestRootDisconnectedNodesRejected","Output":"=== RUN   TestRootDisconnectedNodesRejected\n","OutputType":"frame"}
{"Time":"2026-10-07T13:24:05.762454481Z","Action":"output","Package":"github.com/Hubujiu/WeaveOS/services/bff/internal/flowgraph","Test":"TestRootDisconnectedNodesRejected","Output":"--- PASS: TestRootDisconnectedNodesRejected (0.00s)\n","OutputType":"frame"}
{"Time":"2026-10-07T13:24:05.762466681Z","Action":"pass","Package":"github.com/Hubujiu/WeaveOS/services/bff/internal/flowgraph","Test":"TestRootDisconnectedNodesRejected","Elapsed":0}
{"Time":"2026-10-07T13:24:05.762494341Z","Action":"run","Package":"github.com/Hubujiu/WeaveOS/services/bff/internal/flowgraph","Test":"TestRootApprovalConfiguration"}
{"Time":"2026-10-07T13:24:05.762498684Z","Action":"output","Package":"github.com/Hubujiu/WeaveOS/services/bff/internal/flowgraph","Test":"TestRootApprovalConfiguration","Output":"=== RUN   TestRootApprovalConfiguration\n","OutputType":"frame"}
{"Time":"2026-10-07T13:24:05.767317293Z","Action":"output","Package":"github.com/Hubujiu/WeaveOS/services/bff/internal/flowgraph","Test":"TestRootApprovalConfiguration","Output":"--- PASS: TestRootApprovalConfiguration (0.00s)\n","OutputType":"frame"}
{"Time":"2026-10-07T13:24:05.767369947Z","Action":"pass","Package":"github.com/Hubujiu/WeaveOS/services/bff/internal/flowgraph","Test":"TestRootApprovalConfiguration","Elapsed":0}
{"Time":"2026-10-07T13:24:05.767376536Z","Action":"run","Package":"github.com/Hubujiu/WeaveOS/services/bff/internal/flowgraph","Test":"TestRootUnifiedConditionsRejectInvalidTypes"}
{"Time":"2026-10-07T13:24:05.767380309Z","Action":"output","Package":"github.com/Hubujiu/WeaveOS/services/bff/internal/flowgraph","Test":"TestRootUnifiedConditionsRejectInvalidTypes","Output":"=== RUN   TestRootUnifiedConditionsRejectInvalidTypes\n","OutputType":"frame"}
{"Time":"2026-10-07T13:24:05.767386106Z","Action":"output","Package":"github.com/Hubujiu/WeaveOS/services/bff/internal/flowgraph","Test":"TestRootUnifiedConditionsRejectInvalidTypes","Output":"--- PASS: TestRootUnifiedConditionsRejectInvalidTypes (0.00s)\n","OutputType":"frame"}
{"Time":"2026-10-07T13:24:05.767389977Z","Action":"pass","Package":"github.com/Hubujiu/WeaveOS/services/bff/internal/flowgraph","Test":"TestRootUnifiedConditionsRejectInvalidTypes","Elapsed":0}
{"Time":"2026-10-07T13:24:05.767535395Z","Action":"run","Package":"github.com/Hubujiu/WeaveOS/services/bff/internal/flowgraph","Test":"TestRootNestedAndOrAndExactDecimal"}
{"Time":"2026-10-07T13:24:05.767548565Z","Action":"output","Package":"github.com/Hubujiu/WeaveOS/services/bff/internal/flowgraph","Test":"TestRootNestedAndOrAndExactDecimal","Output":"=== RUN   TestRootNestedAndOrAndExactDecimal\n","OutputType":"frame"}
{"Time":"2026-10-07T13:24:05.767556193Z","Action":"output","Package":"github.com/Hubujiu/WeaveOS/services/bff/internal/flowgraph","Test":"TestRootNestedAndOrAndExactDecimal","Output":"--- PASS: TestRootNestedAndOrAndExactDecimal (0.00s)\n","OutputType":"frame"}
{"Time":"2026-10-07T13:24:05.76756019Z","Action":"pass","Package":"github.com/Hubujiu/WeaveOS/services/bff/internal/flowgraph","Test":"TestRootNestedAndOrAndExactDecimal","Elapsed":0}
{"Time":"2026-10-07T13:24:05.767563455Z","Action":"run","Package":"github.com/Hubujiu/WeaveOS/services/bff/internal/flowgraph","Test":"TestRootFieldContextAlwaysValidated"}
{"Time":"2026-10-07T13:24:05.767566636Z","Action":"output","Package":"github.com/Hubujiu/WeaveOS/services/bff/internal/flowgraph","Test":"TestRootFieldContextAlwaysValidated","Output":"=== RUN   TestRootFieldContextAlwaysValidated\n","OutputType":"frame"}
{"Time":"2026-10-07T13:24:05.767570547Z","Action":"output","Package":"github.com/Hubujiu/WeaveOS/services/bff/internal/flowgraph","Test":"TestRootFieldContextAlwaysValidated","Output":"--- PASS: TestRootFieldContextAlwaysValidated (0.00s)\n","OutputType":"frame"}
{"Time":"2026-10-07T13:24:05.76757385Z","Action":"pass","Package":"github.com/Hubujiu/WeaveOS/services/bff/internal/flowgraph","Test":"TestRootFieldContextAlwaysValidated","Elapsed":0}
{"Time":"2026-10-07T13:24:05.767576893Z","Action":"run","Package":"github.com/Hubujiu/WeaveOS/services/bff/internal/flowgraph","Test":"TestRootDeterministicAndNoInputMutation"}
{"Time":"2026-10-07T13:24:05.767580216Z","Action":"output","Package":"github.com/Hubujiu/WeaveOS/services/bff/internal/flowgraph","Test":"TestRootDeterministicAndNoInputMutation","Output":"=== RUN   TestRootDeterministicAndNoInputMutation\n","OutputType":"frame"}
{"Time":"2026-10-07T13:24:05.767584553Z","Action":"output","Package":"github.com/Hubujiu/WeaveOS/services/bff/internal/flowgraph","Test":"TestRootDeterministicAndNoInputMutation","Output":"--- PASS: TestRootDeterministicAndNoInputMutation (0.00s)\n","OutputType":"frame"}
{"Time":"2026-10-07T13:24:05.767596136Z","Action":"pass","Package":"github.com/Hubujiu/WeaveOS/services/bff/internal/flowgraph","Test":"TestRootDeterministicAndNoInputMutation","Elapsed":0}
{"Time":"2026-10-07T13:24:05.767600382Z","Action":"run","Package":"github.com/Hubujiu/WeaveOS/services/bff/internal/flowgraph","Test":"TestRootResourceLimits"}
{"Time":"2026-10-07T13:24:05.767603833Z","Action":"output","Package":"github.com/Hubujiu/WeaveOS/services/bff/internal/flowgraph","Test":"TestRootResourceLimits","Output":"=== RUN   TestRootResourceLimits\n","OutputType":"frame"}
{"Time":"2026-10-07T13:24:05.77285711Z","Action":"output","Package":"github.com/Hubujiu/WeaveOS/services/bff/internal/flowgraph","Test":"TestRootResourceLimits","Output":"--- PASS: TestRootResourceLimits (0.01s)\n","OutputType":"frame"}
{"Time":"2026-10-07T13:24:05.772882137Z","Action":"pass","Package":"github.com/Hubujiu/WeaveOS/services/bff/internal/flowgraph","Test":"TestRootResourceLimits","Elapsed":0.01}
{"Time":"2026-10-07T13:24:05.77289005Z","Action":"run","Package":"github.com/Hubujiu/WeaveOS/services/bff/internal/flowgraph","Test":"TestRootExportReturnCompatibilityFixtures"}
{"Time":"2026-10-07T13:24:05.772894081Z","Action":"output","Package":"github.com/Hubujiu/WeaveOS/services/bff/internal/flowgraph","Test":"TestRootExportReturnCompatibilityFixtures","Output":"=== RUN   TestRootExportReturnCompatibilityFixtures\n","OutputType":"frame"}
{"Time":"2026-10-07T13:24:05.779449906Z","Action":"output","Package":"github.com/Hubujiu/WeaveOS/services/bff/internal/flowgraph","Test":"TestRootExportReturnCompatibilityFixtures","Output":"--- PASS: TestRootExportReturnCompatibilityFixtures (0.01s)\n","OutputType":"frame"}
{"Time":"2026-10-07T13:24:05.779476982Z","Action":"pass","Package":"github.com/Hubujiu/WeaveOS/services/bff/internal/flowgraph","Test":"TestRootExportReturnCompatibilityFixtures","Elapsed":0.01}
{"Time":"2026-10-07T13:24:05.779491279Z","Action":"run","Package":"github.com/Hubujiu/WeaveOS/services/bff/internal/flowgraph","Test":"TestRootScopedCompilerKeepsFlowIdentityAcrossRevisions"}
{"Time":"2026-10-07T13:24:05.779494255Z","Action":"output","Package":"github.com/Hubujiu/WeaveOS/services/bff/internal/flowgraph","Test":"TestRootScopedCompilerKeepsFlowIdentityAcrossRevisions","Output":"=== RUN   TestRootScopedCompilerKeepsFlowIdentityAcrossRevisions\n","OutputType":"frame"}
{"Time":"2026-10-07T13:24:05.780521526Z","Action":"output","Package":"github.com/Hubujiu/WeaveOS/services/bff/internal/flowgraph","Test":"TestRootScopedCompilerKeepsFlowIdentityAcrossRevisions","Output":"--- PASS: TestRootScopedCompilerKeepsFlowIdentityAcrossRevisions (0.00s)\n","OutputType":"frame"}
{"Time":"2026-10-07T13:24:05.780532649Z","Action":"pass","Package":"github.com/Hubujiu/WeaveOS/services/bff/internal/flowgraph","Test":"TestRootScopedCompilerKeepsFlowIdentityAcrossRevisions","Elapsed":0}
{"Time":"2026-10-07T13:24:05.780538826Z","Action":"run","Package":"github.com/Hubujiu/WeaveOS/services/bff/internal/flowgraph","Test":"TestRootScopedCompilerSeparatesAppsWithSameFlowID"}
{"Time":"2026-10-07T13:24:05.780542247Z","Action":"output","Package":"github.com/Hubujiu/WeaveOS/services/bff/internal/flowgraph","Test":"TestRootScopedCompilerSeparatesAppsWithSameFlowID","Output":"=== RUN   TestRootScopedCompilerSeparatesAppsWithSameFlowID\n","OutputType":"frame"}
{"Time":"2026-10-07T13:24:05.781344628Z","Action":"output","Package":"github.com/Hubujiu/WeaveOS/services/bff/internal/flowgraph","Test":"TestRootScopedCompilerSeparatesAppsWithSameFlowID","Output":"--- PASS: TestRootScopedCompilerSeparatesAppsWithSameFlowID (0.00s)\n","OutputType":"frame"}
{"Time":"2026-10-07T13:24:05.781351507Z","Action":"pass","Package":"github.com/Hubujiu/WeaveOS/services/bff/internal/flowgraph","Test":"TestRootScopedCompilerSeparatesAppsWithSameFlowID","Elapsed":0}
{"Time":"2026-10-07T13:24:05.781355361Z","Action":"run","Package":"github.com/Hubujiu/WeaveOS/services/bff/internal/flowgraph","Test":"TestRootScopedCompilerRejectsInvalidScopeBeforeProducingXML"}
{"Time":"2026-10-07T13:24:05.781359323Z","Action":"output","Package":"github.com/Hubujiu/WeaveOS/services/bff/internal/flowgraph","Test":"TestRootScopedCompilerRejectsInvalidScopeBeforeProducingXML","Output":"=== RUN   TestRootScopedCompilerRejectsInvalidScopeBeforeProducingXML\n","OutputType":"frame"}
{"Time":"2026-10-07T13:24:05.781570256Z","Action":"output","Package":"github.com/Hubujiu/WeaveOS/services/bff/internal/flowgraph","Test":"TestRootScopedCompilerRejectsInvalidScopeBeforeProducingXML","Output":"--- PASS: TestRootScopedCompilerRejectsInvalidScopeBeforeProducingXML (0.00s)\n","OutputType":"frame"}
{"Time":"2026-10-07T13:24:05.781577297Z","Action":"pass","Package":"github.com/Hubujiu/WeaveOS/services/bff/internal/flowgraph","Test":"TestRootScopedCompilerRejectsInvalidScopeBeforeProducingXML","Elapsed":0}
{"Time":"2026-10-07T13:24:05.781584109Z","Action":"run","Package":"github.com/Hubujiu/WeaveOS/services/bff/internal/flowgraph","Test":"TestRootScopedCompilerPreservesLegacyVersionKeyEntryPoint"}
{"Time":"2026-10-07T13:24:05.781587307Z","Action":"output","Package":"github.com/Hubujiu/WeaveOS/services/bff/internal/flowgraph","Test":"TestRootScopedCompilerPreservesLegacyVersionKeyEntryPoint","Output":"=== RUN   TestRootScopedCompilerPreservesLegacyVersionKeyEntryPoint\n","OutputType":"frame"}
{"Time":"2026-10-07T13:24:05.781894019Z","Action":"output","Package":"github.com/Hubujiu/WeaveOS/services/bff/internal/flowgraph","Test":"TestRootScopedCompilerPreservesLegacyVersionKeyEntryPoint","Output":"--- PASS: TestRootScopedCompilerPreservesLegacyVersionKeyEntryPoint (0.00s)\n","OutputType":"frame"}
{"Time":"2026-10-07T13:24:05.781902636Z","Action":"pass","Package":"github.com/Hubujiu/WeaveOS/services/bff/internal/flowgraph","Test":"TestRootScopedCompilerPreservesLegacyVersionKeyEntryPoint","Elapsed":0}
{"Time":"2026-10-07T13:24:05.781939426Z","Action":"output","Package":"github.com/Hubujiu/WeaveOS/services/bff/internal/flowgraph","Output":"PASS\n","OutputType":"frame"}
{"Time":"2026-10-07T13:24:06.784631371Z","Action":"output","Package":"github.com/Hubujiu/WeaveOS/services/bff/internal/flowgraph","Output":"ok  \tgithub.com/Hubujiu/WeaveOS/services/bff/internal/flowgraph\t1.065s\n"}
{"Time":"2026-10-07T13:24:06.784830446Z","Action":"pass","Package":"github.com/Hubujiu/WeaveOS/services/bff/internal/flowgraph","Elapsed":1.067}
