{"Time":"2026-10-07T13:24:12.649008223Z","Action":"start","Package":"github.com/Hubujiu/WeaveOS/services/bff/internal/personnel"}
{"Time":"2026-10-07T13:24:12.69325231Z","Action":"run","Package":"github.com/Hubujiu/WeaveOS/services/bff/internal/personnel","Test":"TestHTTPRealSessionOwnAccessAndRevocationQ25"}
{"Time":"2026-10-07T13:24:12.69338459Z","Action":"output","Package":"github.com/Hubujiu/WeaveOS/services/bff/internal/personnel","Test":"TestHTTPRealSessionOwnAccessAndRevocationQ25","Output":"=== RUN   TestHTTPRealSessionOwnAccessAndRevocationQ25\n","OutputType":"frame"}
{"Time":"2026-10-07T13:24:12.898918884Z","Action":"output","Package":"github.com/Hubujiu/WeaveOS/services/bff/internal/personnel","Test":"TestHTTPRealSessionOwnAccessAndRevocationQ25","Output":"--- PASS: TestHTTPRealSessionOwnAccessAndRevocationQ25 (0.21s)\n","OutputType":"frame"}
{"Time":"2026-10-07T13:24:12.899060656Z","Action":"pass","Package":"github.com/Hubujiu/WeaveOS/services/bff/internal/personnel","Test":"TestHTTPRealSessionOwnAccessAndRevocationQ25","Elapsed":0.21}
{"Time":"2026-10-07T13:24:12.899202171Z","Action":"run","Package":"github.com/Hubujiu/WeaveOS/services/bff/internal/personnel","Test":"TestHTTPDefinitionStatusesCSRFAndVersionQ25"}
{"Time":"2026-10-07T13:24:12.899208331Z","Action":"output","Package":"github.com/Hubujiu/WeaveOS/services/bff/internal/personnel","Test":"TestHTTPDefinitionStatusesCSRFAndVersionQ25","Output":"=== RUN   TestHTTPDefinitionStatusesCSRFAndVersionQ25\n","OutputType":"frame"}
{"Time":"2026-10-07T13:24:13.267968369Z","Action":"output","Package":"github.com/Hubujiu/WeaveOS/services/bff/internal/personnel","Test":"TestHTTPDefinitionStatusesCSRFAndVersionQ25","Output":"--- PASS: TestHTTPDefinitionStatusesCSRFAndVersionQ25 (0.37s)\n","OutputType":"frame"}
{"Time":"2026-10-07T13:24:13.268075897Z","Action":"pass","Package":"github.com/Hubujiu/WeaveOS/services/bff/internal/personnel","Test":"TestHTTPDefinitionStatusesCSRFAndVersionQ25","Elapsed":0.37}
{"Time":"2026-10-07T13:24:13.268087898Z","Action":"run","Package":"github.com/Hubujiu/WeaveOS/services/bff/internal/personnel","Test":"TestHTTPStrictBodyAndQueryQ25"}
{"Time":"2026-10-07T13:24:13.268092362Z","Action":"output","Package":"github.com/Hubujiu/WeaveOS/services/bff/internal/personnel","Test":"TestHTTPStrictBodyAndQueryQ25","Output":"=== RUN   TestHTTPStrictBodyAndQueryQ25\n","OutputType":"frame"}
{"Time":"2026-10-07T13:24:13.43886867Z","Action":"output","Package":"github.com/Hubujiu/WeaveOS/services/bff/internal/personnel","Test":"TestHTTPStrictBodyAndQueryQ25","Output":"--- PASS: TestHTTPStrictBodyAndQueryQ25 (0.17s)\n","OutputType":"frame"}
{"Time":"2026-10-07T13:24:13.438930262Z","Action":"pass","Package":"github.com/Hubujiu/WeaveOS/services/bff/internal/personnel","Test":"TestHTTPStrictBodyAndQueryQ25","Elapsed":0.17}
{"Time":"2026-10-07T13:24:13.438940045Z","Action":"run","Package":"github.com/Hubujiu/WeaveOS/services/bff/internal/personnel","Test":"TestHTTPMissingAndDependencyFailureQ25"}
{"Time":"2026-10-07T13:24:13.438944288Z","Action":"output","Package":"github.com/Hubujiu/WeaveOS/services/bff/internal/personnel","Test":"TestHTTPMissingAndDependencyFailureQ25","Output":"=== RUN   TestHTTPMissingAndDependencyFailureQ25\n","OutputType":"frame"}
{"Time":"2026-10-07T13:24:13.596979463Z","Action":"output","Package":"github.com/Hubujiu/WeaveOS/services/bff/internal/personnel","Test":"TestHTTPMissingAndDependencyFailureQ25","Output":"--- PASS: TestHTTPMissingAndDependencyFailureQ25 (0.16s)\n","OutputType":"frame"}
{"Time":"2026-10-07T13:24:13.59712937Z","Action":"pass","Package":"github.com/Hubujiu/WeaveOS/services/bff/internal/personnel","Test":"TestHTTPMissingAndDependencyFailureQ25","Elapsed":0.16}
{"Time":"2026-10-07T13:24:13.597656003Z","Action":"run","Package":"github.com/Hubujiu/WeaveOS/services/bff/internal/personnel","Test":"TestHTTPAllApprovedReadFamiliesQ25"}
{"Time":"2026-10-07T13:24:13.5976722Z","Action":"output","Package":"github.com/Hubujiu/WeaveOS/services/bff/internal/personnel","Test":"TestHTTPAllApprovedReadFamiliesQ25","Output":"=== RUN   TestHTTPAllApprovedReadFamiliesQ25\n","OutputType":"frame"}
{"Time":"2026-10-07T13:24:13.598468182Z","Action":"run","Package":"github.com/Hubujiu/WeaveOS/services/bff/internal/personnel","Test":"TestHTTPAllApprovedReadFamiliesQ25/personnel/departments"}
{"Time":"2026-10-07T13:24:13.598480254Z","Action":"output","Package":"github.com/Hubujiu/WeaveOS/services/bff/internal/personnel","Test":"TestHTTPAllApprovedReadFamiliesQ25/personnel/departments","Output":"=== RUN   TestHTTPAllApprovedReadFamiliesQ25/personnel/departments\n","OutputType":"frame"}
{"Time":"2026-10-07T13:24:13.75757577Z","Action":"output","Package":"github.com/Hubujiu/WeaveOS/services/bff/internal/personnel","Test":"TestHTTPAllApprovedReadFamiliesQ25/personnel/departments","Output":"--- PASS: TestHTTPAllApprovedReadFamiliesQ25/personnel/departments (0.16s)\n","OutputType":"frame"}
{"Time":"2026-10-07T13:24:13.757634975Z","Action":"pass","Package":"github.com/Hubujiu/WeaveOS/services/bff/internal/personnel","Test":"TestHTTPAllApprovedReadFamiliesQ25/personnel/departments","Elapsed":0.16}
{"Time":"2026-10-07T13:24:13.757652898Z","Action":"run","Package":"github.com/Hubujiu/WeaveOS/services/bff/internal/personnel","Test":"TestHTTPAllApprovedReadFamiliesQ25/personnel/members"}
{"Time":"2026-10-07T13:24:13.757657389Z","Action":"output","Package":"github.com/Hubujiu/WeaveOS/services/bff/internal/personnel","Test":"TestHTTPAllApprovedReadFamiliesQ25/personnel/members","Output":"=== RUN   TestHTTPAllApprovedReadFamiliesQ25/personnel/members\n","OutputType":"frame"}
{"Time":"2026-10-07T13:24:14.223116979Z","Action":"output","Package":"github.com/Hubujiu/WeaveOS/services/bff/internal/personnel","Test":"TestHTTPAllApprovedReadFamiliesQ25/personnel/members","Output":"--- PASS: TestHTTPAllApprovedReadFamiliesQ25/personnel/members (0.47s)\n","OutputType":"frame"}
{"Time":"2026-10-07T13:24:14.22322443Z","Action":"pass","Package":"github.com/Hubujiu/WeaveOS/services/bff/internal/personnel","Test":"TestHTTPAllApprovedReadFamiliesQ25/personnel/members","Elapsed":0.47}
{"Time":"2026-10-07T13:24:14.223297697Z","Action":"run","Package":"github.com/Hubujiu/WeaveOS/services/bff/internal/personnel","Test":"TestHTTPAllApprovedReadFamiliesQ25/personnel/identities"}
{"Time":"2026-10-07T13:24:14.223304256Z","Action":"output","Package":"github.com/Hubujiu/WeaveOS/services/bff/internal/personnel","Test":"TestHTTPAllApprovedReadFamiliesQ25/personnel/identities","Output":"=== RUN   TestHTTPAllApprovedReadFamiliesQ25/personnel/identities\n","OutputType":"frame"}
{"Time":"2026-10-07T13:24:14.380963642Z","Action":"output","Package":"github.com/Hubujiu/WeaveOS/services/bff/internal/personnel","Test":"TestHTTPAllApprovedReadFamiliesQ25/personnel/identities","Output":"--- PASS: TestHTTPAllApprovedReadFamiliesQ25/personnel/identities (0.16s)\n","OutputType":"frame"}
{"Time":"2026-10-07T13:24:14.381025797Z","Action":"pass","Package":"github.com/Hubujiu/WeaveOS/services/bff/internal/personnel","Test":"TestHTTPAllApprovedReadFamiliesQ25/personnel/identities","Elapsed":0.16}
{"Time":"2026-10-07T13:24:14.381994252Z","Action":"run","Package":"github.com/Hubujiu/WeaveOS/services/bff/internal/personnel","Test":"TestHTTPAllApprovedReadFamiliesQ25/personnel/templates"}
{"Time":"2026-10-07T13:24:14.382019145Z","Action":"output","Package":"github.com/Hubujiu/WeaveOS/services/bff/internal/personnel","Test":"TestHTTPAllApprovedReadFamiliesQ25/personnel/templates","Output":"=== RUN   TestHTTPAllApprovedReadFamiliesQ25/personnel/templates\n","OutputType":"frame"}
{"Time":"2026-10-07T13:24:14.535596002Z","Action":"output","Package":"github.com/Hubujiu/WeaveOS/services/bff/internal/personnel","Test":"TestHTTPAllApprovedReadFamiliesQ25/personnel/templates","Output":"--- PASS: TestHTTPAllApprovedReadFamiliesQ25/personnel/templates (0.15s)\n","OutputType":"frame"}
{"Time":"2026-10-07T13:24:14.535657077Z","Action":"pass","Package":"github.com/Hubujiu/WeaveOS/services/bff/internal/personnel","Test":"TestHTTPAllApprovedReadFamiliesQ25/personnel/templates","Elapsed":0.15}
{"Time":"2026-10-07T13:24:14.535667659Z","Action":"run","Package":"github.com/Hubujiu/WeaveOS/services/bff/internal/personnel","Test":"TestHTTPAllApprovedReadFamiliesQ25/personnel/permissions"}
{"Time":"2026-10-07T13:24:14.535688072Z","Action":"output","Package":"github.com/Hubujiu/WeaveOS/services/bff/internal/personnel","Test":"TestHTTPAllApprovedReadFamiliesQ25/personnel/permissions","Output":"=== RUN   TestHTTPAllApprovedReadFamiliesQ25/personnel/permissions\n","OutputType":"frame"}
{"Time":"2026-10-07T13:24:14.69891353Z","Action":"output","Package":"github.com/Hubujiu/WeaveOS/services/bff/internal/personnel","Test":"TestHTTPAllApprovedReadFamiliesQ25/personnel/permissions","Output":"--- PASS: TestHTTPAllApprovedReadFamiliesQ25/personnel/permissions (0.17s)\n","OutputType":"frame"}
{"Time":"2026-10-07T13:24:14.698972154Z","Action":"pass","Package":"github.com/Hubujiu/WeaveOS/services/bff/internal/personnel","Test":"TestHTTPAllApprovedReadFamiliesQ25/personnel/permissions","Elapsed":0.17}
{"Time":"2026-10-07T13:24:14.698986777Z","Action":"run","Package":"github.com/Hubujiu/WeaveOS/services/bff/internal/personnel","Test":"TestHTTPAllApprovedReadFamiliesQ25/personnel/events"}
{"Time":"2026-10-07T13:24:14.698991323Z","Action":"output","Package":"github.com/Hubujiu/WeaveOS/services/bff/internal/personnel","Test":"TestHTTPAllApprovedReadFamiliesQ25/personnel/events","Output":"=== RUN   TestHTTPAllApprovedReadFamiliesQ25/personnel/events\n","OutputType":"frame"}
{"Time":"2026-10-07T13:24:14.874864563Z","Action":"output","Package":"github.com/Hubujiu/WeaveOS/services/bff/internal/personnel","Test":"TestHTTPAllApprovedReadFamiliesQ25/personnel/events","Output":"--- PASS: TestHTTPAllApprovedReadFamiliesQ25/personnel/events (0.18s)\n","OutputType":"frame"}
{"Time":"2026-10-07T13:24:14.874913937Z","Action":"pass","Package":"github.com/Hubujiu/WeaveOS/services/bff/internal/personnel","Test":"TestHTTPAllApprovedReadFamiliesQ25/personnel/events","Elapsed":0.18}
{"Time":"2026-10-07T13:24:14.87492505Z","Action":"run","Package":"github.com/Hubujiu/WeaveOS/services/bff/internal/personnel","Test":"TestHTTPAllApprovedReadFamiliesQ25/members_detail"}
{"Time":"2026-10-07T13:24:14.874927999Z","Action":"output","Package":"github.com/Hubujiu/WeaveOS/services/bff/internal/personnel","Test":"TestHTTPAllApprovedReadFamiliesQ25/members_detail","Output":"=== RUN   TestHTTPAllApprovedReadFamiliesQ25/members_detail\n","OutputType":"frame"}
{"Time":"2026-10-07T13:24:15.060354117Z","Action":"output","Package":"github.com/Hubujiu/WeaveOS/services/bff/internal/personnel","Test":"TestHTTPAllApprovedReadFamiliesQ25/members_detail","Output":"--- PASS: TestHTTPAllApprovedReadFamiliesQ25/members_detail (0.19s)\n","OutputType":"frame"}
{"Time":"2026-10-07T13:24:15.060413311Z","Action":"pass","Package":"github.com/Hubujiu/WeaveOS/services/bff/internal/personnel","Test":"TestHTTPAllApprovedReadFamiliesQ25/members_detail","Elapsed":0.19}
{"Time":"2026-10-07T13:24:15.060424044Z","Action":"run","Package":"github.com/Hubujiu/WeaveOS/services/bff/internal/personnel","Test":"TestHTTPAllApprovedReadFamiliesQ25/identities_detail"}
{"Time":"2026-10-07T13:24:15.060428565Z","Action":"output","Package":"github.com/Hubujiu/WeaveOS/services/bff/internal/personnel","Test":"TestHTTPAllApprovedReadFamiliesQ25/identities_detail","Output":"=== RUN   TestHTTPAllApprovedReadFamiliesQ25/identities_detail\n","OutputType":"frame"}
{"Time":"2026-10-07T13:24:15.231790138Z","Action":"output","Package":"github.com/Hubujiu/WeaveOS/services/bff/internal/personnel","Test":"TestHTTPAllApprovedReadFamiliesQ25/identities_detail","Output":"--- PASS: TestHTTPAllApprovedReadFamiliesQ25/identities_detail (0.17s)\n","OutputType":"frame"}
{"Time":"2026-10-07T13:24:15.231860354Z","Action":"pass","Package":"github.com/Hubujiu/WeaveOS/services/bff/internal/personnel","Test":"TestHTTPAllApprovedReadFamiliesQ25/identities_detail","Elapsed":0.17}
{"Time":"2026-10-07T13:24:15.231870408Z","Action":"run","Package":"github.com/Hubujiu/WeaveOS/services/bff/internal/personnel","Test":"TestHTTPAllApprovedReadFamiliesQ25/templates_detail"}
{"Time":"2026-10-07T13:24:15.231873708Z","Action":"output","Package":"github.com/Hubujiu/WeaveOS/services/bff/internal/personnel","Test":"TestHTTPAllApprovedReadFamiliesQ25/templates_detail","Output":"=== RUN   TestHTTPAllApprovedReadFamiliesQ25/templates_detail\n","OutputType":"frame"}
{"Time":"2026-10-07T13:24:15.438921009Z","Action":"output","Package":"github.com/Hubujiu/WeaveOS/services/bff/internal/personnel","Test":"TestHTTPAllApprovedReadFamiliesQ25/templates_detail","Output":"--- PASS: TestHTTPAllApprovedReadFamiliesQ25/templates_detail (0.21s)\n","OutputType":"frame"}
{"Time":"2026-10-07T13:24:15.438977963Z","Action":"pass","Package":"github.com/Hubujiu/WeaveOS/services/bff/internal/personnel","Test":"TestHTTPAllApprovedReadFamiliesQ25/templates_detail","Elapsed":0.21}
{"Time":"2026-10-07T13:24:15.438992768Z","Action":"output","Package":"github.com/Hubujiu/WeaveOS/services/bff/internal/personnel","Test":"TestHTTPAllApprovedReadFamiliesQ25","Output":"--- PASS: TestHTTPAllApprovedReadFamiliesQ25 (1.84s)\n","OutputType":"frame"}
{"Time":"2026-10-07T13:24:15.439000813Z","Action":"pass","Package":"github.com/Hubujiu/WeaveOS/services/bff/internal/personnel","Test":"TestHTTPAllApprovedReadFamiliesQ25","Elapsed":1.84}
{"Time":"2026-10-07T13:24:15.43900545Z","Action":"run","Package":"github.com/Hubujiu/WeaveOS/services/bff/internal/personnel","Test":"TestHTTPMemberAndDepartmentWritesQ25"}
{"Time":"2026-10-07T13:24:15.439009254Z","Action":"output","Package":"github.com/Hubujiu/WeaveOS/services/bff/internal/personnel","Test":"TestHTTPMemberAndDepartmentWritesQ25","Output":"=== RUN   TestHTTPMemberAndDepartmentWritesQ25\n","OutputType":"frame"}
{"Time":"2026-10-07T13:24:16.490430779Z","Action":"output","Package":"github.com/Hubujiu/WeaveOS/services/bff/internal/personnel","Test":"TestHTTPMemberAndDepartmentWritesQ25","Output":"--- PASS: TestHTTPMemberAndDepartmentWritesQ25 (1.05s)\n","OutputType":"frame"}
{"Time":"2026-10-07T13:24:16.490580511Z","Action":"pass","Package":"github.com/Hubujiu/WeaveOS/services/bff/internal/personnel","Test":"TestHTTPMemberAndDepartmentWritesQ25","Elapsed":1.05}
{"Time":"2026-10-07T13:24:16.49060494Z","Action":"run","Package":"github.com/Hubujiu/WeaveOS/services/bff/internal/personnel","Test":"TestHTTPOptionalUUIDMustNotBeNullQ25"}
{"Time":"2026-10-07T13:24:16.490609825Z","Action":"output","Package":"github.com/Hubujiu/WeaveOS/services/bff/internal/personnel","Test":"TestHTTPOptionalUUIDMustNotBeNullQ25","Output":"=== RUN   TestHTTPOptionalUUIDMustNotBeNullQ25\n","OutputType":"frame"}
{"Time":"2026-10-07T13:24:16.844700324Z","Action":"output","Package":"github.com/Hubujiu/WeaveOS/services/bff/internal/personnel","Test":"TestHTTPOptionalUUIDMustNotBeNullQ25","Output":"--- PASS: TestHTTPOptionalUUIDMustNotBeNullQ25 (0.35s)\n","OutputType":"frame"}
{"Time":"2026-10-07T13:24:16.844775546Z","Action":"pass","Package":"github.com/Hubujiu/WeaveOS/services/bff/internal/personnel","Test":"TestHTTPOptionalUUIDMustNotBeNullQ25","Elapsed":0.35}
{"Time":"2026-10-07T13:24:16.846129582Z","Action":"output","Package":"github.com/Hubujiu/WeaveOS/services/bff/internal/personnel","Output":"PASS\n","OutputType":"frame"}
{"Time":"2026-10-07T13:24:17.850361668Z","Action":"output","Package":"github.com/Hubujiu/WeaveOS/services/bff/internal/personnel","Output":"ok  \tgithub.com/Hubujiu/WeaveOS/services/bff/internal/personnel\t5.200s\n"}
{"Time":"2026-10-07T13:24:17.850485691Z","Action":"pass","Package":"github.com/Hubujiu/WeaveOS/services/bff/internal/personnel","Elapsed":5.201}
