Listing tests:
  [chromium] › applications-web.spec.ts:32:5 › V030-012 real B5: root creates, reopens and member without a grant is denied
  [chromium] › applications-web.spec.ts:96:5 › V030-012 real B5: owner saves permission-group basics, members and root menu independently
  [chromium] › applications-web.spec.ts:151:5 › V030-012 real B5: concurrent policy change requires explicit menu review before grant write
  [chromium] › applications-web.spec.ts:190:5 › V030-012 real HTTPS Shell persists a directory, form and saved designer field
  [chromium] › applications-web.spec.ts:249:5 › V030-012 real B5: create-only owner, same-app menu member and cross-app denial
  [chromium] › applications-web.spec.ts:339:5 › V030-012 real B5: expected actor guard rejects cross-session reads, writes and operation lookup
  [chromium] › applications-web.spec.ts:370:5 › Root real HTTPS full journey creates an application, saves a form, and creates and edits a persisted record
  [chromium] › web.spec.ts:15:5 › FR-001/011: login is accessible and offers no self-service recovery
  [chromium] › web.spec.ts:23:5 › PRD interaction: password visibility can be toggled
  [chromium] › web.spec.ts:32:5 › FR-004: invitation URL fills the registration field
  [chromium] › web.spec.ts:37:5 › FR-002: registration rejects an account containing spaces before submission
  [chromium] › web.spec.ts:49:5 › FR-018: four required character classes suffice without a length hint
  [chromium] › web.spec.ts:55:5 › FR-018: registration exposes accessible password-strength feedback
  [chromium] › web.spec.ts:62:5 › FR-007: an anonymous browser cannot enter the protected app
  [chromium] › web.spec.ts:66:5 › FR-001: wrong credentials show an error and remain unauthenticated
  [chromium] › web.spec.ts:74:5 › FR-017: successful registration returns to login without a session
  [chromium] › web.spec.ts:89:5 › FR-005/008/009: real login survives reload, then logout revokes it
  [chromium] › web.spec.ts:121:5 › WEB-01 user confirmation 2026-09-25: registration has four labeled inputs
  [chromium] › web.spec.ts:128:7 › WEB-02 FR-011: /login has no self-service password recovery
  [chromium] › web.spec.ts:128:7 › WEB-02 FR-011: /register has no self-service password recovery
  [chromium] › web.spec.ts:141:5 › WEB-03 FR-004: percent-encoded invitation is decoded once and remains editable
  [chromium] › web.spec.ts:149:5 › WEB-04 FR-004: URL invitation is treated as text, not executable markup
  [chromium] › web.spec.ts:160:37 › WEB-05 PRD input validation: /login missing 账号 is not submitted
  [chromium] › web.spec.ts:160:37 › WEB-05 PRD input validation: /login missing 密码 is not submitted
  [chromium] › web.spec.ts:160:37 › WEB-05 PRD input validation: /register missing 账号 is not submitted
  [chromium] › web.spec.ts:160:37 › WEB-05 PRD input validation: /register missing 密码 is not submitted
  [chromium] › web.spec.ts:160:37 › WEB-05 PRD input validation: /register missing 确认密码 is not submitted
  [chromium] › web.spec.ts:160:37 › WEB-05 PRD input validation: /register missing 邀请码 is not submitted
  [chromium] › web.spec.ts:174:5 › WEB-06 user confirmation: mismatched password confirmation prevents registration
  [chromium] › web.spec.ts:187:7 › WEB-07 FR-018: missing uppercase gives feedback and prevents submission
  [chromium] › web.spec.ts:187:7 › WEB-07 FR-018: missing lowercase gives feedback and prevents submission
  [chromium] › web.spec.ts:187:7 › WEB-07 FR-018: missing digit gives feedback and prevents submission
  [chromium] › web.spec.ts:187:7 › WEB-07 FR-018: missing special gives feedback and prevents submission
  [chromium] › web.spec.ts:203:5 › WEB-08 FR-004: prefilled invalid invitation is revalidated by the real server
  [chromium] › web.spec.ts:214:5 › WEB-09 PRD keyboard: Enter submits login without mouse interaction
  [chromium] › web.spec.ts:223:5 › WEB-10 FR-017: registration returns to login and requires password re-entry
  [chromium] › web.spec.ts:235:5 › WEB-11 PRD UX: login shows pending state and blocks duplicate submit during a real request
  [chromium] › web.spec.ts:265:5 › WEB-12 PRD login: network failure differs from credential failure and permits retry
  [chromium] › web.spec.ts:292:5 › WEB-13 FR-010: Disabled user sees failure and cannot enter protected app
  [chromium] › web.spec.ts:305:5 › WEB-14 FR-002/003: duplicate-account feedback permits retry without losing invitation
  [chromium] › web.spec.ts:394:5 › WEB-15 FR-003: already-used invitation shows failure and keeps browser unauthenticated
  [chromium] › web.spec.ts:407:5 › WEB-16 PRD UX: pending real registration prevents duplicate submission
  [chromium] › web.spec.ts:423:5 › WEB-17 FR-008: Redis-expired browser Session returns to login
  [chromium] › web.spec.ts:442:5 › WEB-18 PRD security: frontend logs do not contain submitted password
  [chromium] › web.spec.ts:457:5 › R2/Q25 real ordinary Home, own account and direct admin denial
  [chromium] › web.spec.ts:460:5 › R3 real Root UI creates shared template/identity and assigns a new non-Root manager
  [firefox] › applications-web.spec.ts:32:5 › V030-012 real B5: root creates, reopens and member without a grant is denied
  [firefox] › applications-web.spec.ts:96:5 › V030-012 real B5: owner saves permission-group basics, members and root menu independently
  [firefox] › applications-web.spec.ts:151:5 › V030-012 real B5: concurrent policy change requires explicit menu review before grant write
  [firefox] › applications-web.spec.ts:190:5 › V030-012 real HTTPS Shell persists a directory, form and saved designer field
  [firefox] › applications-web.spec.ts:249:5 › V030-012 real B5: create-only owner, same-app menu member and cross-app denial
  [firefox] › applications-web.spec.ts:339:5 › V030-012 real B5: expected actor guard rejects cross-session reads, writes and operation lookup
  [firefox] › applications-web.spec.ts:370:5 › Root real HTTPS full journey creates an application, saves a form, and creates and edits a persisted record
  [firefox] › web.spec.ts:15:5 › FR-001/011: login is accessible and offers no self-service recovery
  [firefox] › web.spec.ts:23:5 › PRD interaction: password visibility can be toggled
  [firefox] › web.spec.ts:32:5 › FR-004: invitation URL fills the registration field
  [firefox] › web.spec.ts:37:5 › FR-002: registration rejects an account containing spaces before submission
  [firefox] › web.spec.ts:49:5 › FR-018: four required character classes suffice without a length hint
  [firefox] › web.spec.ts:55:5 › FR-018: registration exposes accessible password-strength feedback
  [firefox] › web.spec.ts:62:5 › FR-007: an anonymous browser cannot enter the protected app
  [firefox] › web.spec.ts:66:5 › FR-001: wrong credentials show an error and remain unauthenticated
  [firefox] › web.spec.ts:74:5 › FR-017: successful registration returns to login without a session
  [firefox] › web.spec.ts:89:5 › FR-005/008/009: real login survives reload, then logout revokes it
  [firefox] › web.spec.ts:121:5 › WEB-01 user confirmation 2026-09-25: registration has four labeled inputs
  [firefox] › web.spec.ts:128:7 › WEB-02 FR-011: /login has no self-service password recovery
  [firefox] › web.spec.ts:128:7 › WEB-02 FR-011: /register has no self-service password recovery
  [firefox] › web.spec.ts:141:5 › WEB-03 FR-004: percent-encoded invitation is decoded once and remains editable
  [firefox] › web.spec.ts:149:5 › WEB-04 FR-004: URL invitation is treated as text, not executable markup
  [firefox] › web.spec.ts:160:37 › WEB-05 PRD input validation: /login missing 账号 is not submitted
  [firefox] › web.spec.ts:160:37 › WEB-05 PRD input validation: /login missing 密码 is not submitted
  [firefox] › web.spec.ts:160:37 › WEB-05 PRD input validation: /register missing 账号 is not submitted
  [firefox] › web.spec.ts:160:37 › WEB-05 PRD input validation: /register missing 密码 is not submitted
  [firefox] › web.spec.ts:160:37 › WEB-05 PRD input validation: /register missing 确认密码 is not submitted
  [firefox] › web.spec.ts:160:37 › WEB-05 PRD input validation: /register missing 邀请码 is not submitted
  [firefox] › web.spec.ts:174:5 › WEB-06 user confirmation: mismatched password confirmation prevents registration
  [firefox] › web.spec.ts:187:7 › WEB-07 FR-018: missing uppercase gives feedback and prevents submission
  [firefox] › web.spec.ts:187:7 › WEB-07 FR-018: missing lowercase gives feedback and prevents submission
  [firefox] › web.spec.ts:187:7 › WEB-07 FR-018: missing digit gives feedback and prevents submission
  [firefox] › web.spec.ts:187:7 › WEB-07 FR-018: missing special gives feedback and prevents submission
  [firefox] › web.spec.ts:203:5 › WEB-08 FR-004: prefilled invalid invitation is revalidated by the real server
  [firefox] › web.spec.ts:214:5 › WEB-09 PRD keyboard: Enter submits login without mouse interaction
  [firefox] › web.spec.ts:223:5 › WEB-10 FR-017: registration returns to login and requires password re-entry
  [firefox] › web.spec.ts:235:5 › WEB-11 PRD UX: login shows pending state and blocks duplicate submit during a real request
  [firefox] › web.spec.ts:265:5 › WEB-12 PRD login: network failure differs from credential failure and permits retry
  [firefox] › web.spec.ts:292:5 › WEB-13 FR-010: Disabled user sees failure and cannot enter protected app
  [firefox] › web.spec.ts:305:5 › WEB-14 FR-002/003: duplicate-account feedback permits retry without losing invitation
  [firefox] › web.spec.ts:394:5 › WEB-15 FR-003: already-used invitation shows failure and keeps browser unauthenticated
  [firefox] › web.spec.ts:407:5 › WEB-16 PRD UX: pending real registration prevents duplicate submission
  [firefox] › web.spec.ts:423:5 › WEB-17 FR-008: Redis-expired browser Session returns to login
  [firefox] › web.spec.ts:442:5 › WEB-18 PRD security: frontend logs do not contain submitted password
  [firefox] › web.spec.ts:457:5 › R2/Q25 real ordinary Home, own account and direct admin denial
  [firefox] › web.spec.ts:460:5 › R3 real Root UI creates shared template/identity and assigns a new non-Root manager
  [webkit] › applications-web.spec.ts:32:5 › V030-012 real B5: root creates, reopens and member without a grant is denied
  [webkit] › applications-web.spec.ts:96:5 › V030-012 real B5: owner saves permission-group basics, members and root menu independently
  [webkit] › applications-web.spec.ts:151:5 › V030-012 real B5: concurrent policy change requires explicit menu review before grant write
  [webkit] › applications-web.spec.ts:190:5 › V030-012 real HTTPS Shell persists a directory, form and saved designer field
  [webkit] › applications-web.spec.ts:249:5 › V030-012 real B5: create-only owner, same-app menu member and cross-app denial
  [webkit] › applications-web.spec.ts:339:5 › V030-012 real B5: expected actor guard rejects cross-session reads, writes and operation lookup
  [webkit] › applications-web.spec.ts:370:5 › Root real HTTPS full journey creates an application, saves a form, and creates and edits a persisted record
  [webkit] › web.spec.ts:15:5 › FR-001/011: login is accessible and offers no self-service recovery
  [webkit] › web.spec.ts:23:5 › PRD interaction: password visibility can be toggled
  [webkit] › web.spec.ts:32:5 › FR-004: invitation URL fills the registration field
  [webkit] › web.spec.ts:37:5 › FR-002: registration rejects an account containing spaces before submission
  [webkit] › web.spec.ts:49:5 › FR-018: four required character classes suffice without a length hint
  [webkit] › web.spec.ts:55:5 › FR-018: registration exposes accessible password-strength feedback
  [webkit] › web.spec.ts:62:5 › FR-007: an anonymous browser cannot enter the protected app
  [webkit] › web.spec.ts:66:5 › FR-001: wrong credentials show an error and remain unauthenticated
  [webkit] › web.spec.ts:74:5 › FR-017: successful registration returns to login without a session
  [webkit] › web.spec.ts:89:5 › FR-005/008/009: real login survives reload, then logout revokes it
  [webkit] › web.spec.ts:121:5 › WEB-01 user confirmation 2026-09-25: registration has four labeled inputs
  [webkit] › web.spec.ts:128:7 › WEB-02 FR-011: /login has no self-service password recovery
  [webkit] › web.spec.ts:128:7 › WEB-02 FR-011: /register has no self-service password recovery
  [webkit] › web.spec.ts:141:5 › WEB-03 FR-004: percent-encoded invitation is decoded once and remains editable
  [webkit] › web.spec.ts:149:5 › WEB-04 FR-004: URL invitation is treated as text, not executable markup
  [webkit] › web.spec.ts:160:37 › WEB-05 PRD input validation: /login missing 账号 is not submitted
  [webkit] › web.spec.ts:160:37 › WEB-05 PRD input validation: /login missing 密码 is not submitted
  [webkit] › web.spec.ts:160:37 › WEB-05 PRD input validation: /register missing 账号 is not submitted
  [webkit] › web.spec.ts:160:37 › WEB-05 PRD input validation: /register missing 密码 is not submitted
  [webkit] › web.spec.ts:160:37 › WEB-05 PRD input validation: /register missing 确认密码 is not submitted
  [webkit] › web.spec.ts:160:37 › WEB-05 PRD input validation: /register missing 邀请码 is not submitted
  [webkit] › web.spec.ts:174:5 › WEB-06 user confirmation: mismatched password confirmation prevents registration
  [webkit] › web.spec.ts:187:7 › WEB-07 FR-018: missing uppercase gives feedback and prevents submission
  [webkit] › web.spec.ts:187:7 › WEB-07 FR-018: missing lowercase gives feedback and prevents submission
  [webkit] › web.spec.ts:187:7 › WEB-07 FR-018: missing digit gives feedback and prevents submission
  [webkit] › web.spec.ts:187:7 › WEB-07 FR-018: missing special gives feedback and prevents submission
  [webkit] › web.spec.ts:203:5 › WEB-08 FR-004: prefilled invalid invitation is revalidated by the real server
  [webkit] › web.spec.ts:214:5 › WEB-09 PRD keyboard: Enter submits login without mouse interaction
  [webkit] › web.spec.ts:223:5 › WEB-10 FR-017: registration returns to login and requires password re-entry
  [webkit] › web.spec.ts:235:5 › WEB-11 PRD UX: login shows pending state and blocks duplicate submit during a real request
  [webkit] › web.spec.ts:265:5 › WEB-12 PRD login: network failure differs from credential failure and permits retry
  [webkit] › web.spec.ts:292:5 › WEB-13 FR-010: Disabled user sees failure and cannot enter protected app
  [webkit] › web.spec.ts:305:5 › WEB-14 FR-002/003: duplicate-account feedback permits retry without losing invitation
  [webkit] › web.spec.ts:394:5 › WEB-15 FR-003: already-used invitation shows failure and keeps browser unauthenticated
  [webkit] › web.spec.ts:407:5 › WEB-16 PRD UX: pending real registration prevents duplicate submission
  [webkit] › web.spec.ts:423:5 › WEB-17 FR-008: Redis-expired browser Session returns to login
  [webkit] › web.spec.ts:442:5 › WEB-18 PRD security: frontend logs do not contain submitted password
  [webkit] › web.spec.ts:457:5 › R2/Q25 real ordinary Home, own account and direct admin denial
  [webkit] › web.spec.ts:460:5 › R3 real Root UI creates shared template/identity and assigns a new non-Root manager
Total: 138 tests in 2 files
