$ pnpm --filter @weaveos/web build
$ vite build
vite v8.0.16 building client environment for production...
[2Ktransforming...✓ 7099 modules transformed.
rendering chunks...
computing gzip size...
dist/index.html                                                0.35 kB │ gzip:   0.26 kB
dist/assets/geist-cyrillic-ext-wght-normal-DjL33-gN.woff2      7.42 kB
dist/assets/geist-vietnamese-wght-normal-6IgcOCM7.woff2        8.00 kB
dist/assets/geist-cyrillic-wght-normal-BEAKL7Jp.woff2         15.08 kB
dist/assets/geist-latin-ext-wght-normal-DC-KSUi6.woff2        16.51 kB
dist/assets/geist-latin-wght-normal-BgDaEnEv.woff2            29.40 kB
dist/assets/index-pR8IGe7a.css                               108.95 kB │ gzip:  19.99 kB
dist/assets/index-BC43eqi7.js                              1,017.42 kB │ gzip: 319.91 kB

[plugin builtin:vite-reporter] 
(!) Some chunks are larger than 500 kB after minification. Consider:
- Using dynamic import() to code-split the application
- Use build.rolldownOptions.output.codeSplitting to improve chunking: https://rolldown.rs/reference/OutputOptions.codeSplitting
- Adjust chunk size limit for this warning via build.chunkSizeWarningLimit.
✓ built in 992ms
