$ node --test tests/governance/*.test.mjs
✔ maintenance is a nondefault one-shot profile in runtime and installed config (2.28397ms)
✔ hourly cron invokes the same single-run operation as manual maintenance (0.356429ms)
✔ receiver rejects unreviewed profile/command/restart and topology mutations (0.7746ms)
✔ ordinary release cannot silently upgrade the installed resident maintenance topology (0.366954ms)
✔ one-shot orchestration records success without raw output (2.076226ms)
✔ one-shot orchestration records failure without raw output (0.473706ms)
✔ memory probe samples the four resident containers, not the exited task (35.045502ms)
✔ Q18 accepts declared compatible expansion but rejects history rewrite, missing approval and stale releases (2.179583ms)
✔ Q18 deployment only changes approved runtime config and exact images, retaining private volumes and origin (2.061484ms)
✔ approved config cannot include other host compose files, weaken service confinement or join external networks (0.844485ms)
✔ public Nginx rendering preserves API boundary and creates fixed HTTPS redirect (0.604202ms)
✔ promotion validates and backs up before migration and records only a healthy deployment (0.259653ms)
✔ backup failure never migrates; activation or health failure restores prior app/config without Down (0.455698ms)
✔ main delivery runs verification and acceptance before a serialized secret-scoped deployment (0.338852ms)
✔ compatibility registry uses explicit digest records, rejects ambiguous duplicate approvals (0.254234ms)
✔ transport rejects undeclared content, checksum tampering, secret paths, invalid image identities and oversized payloads (2.16501ms)
✔ framed receiver verifies every byte and rejects truncated, appended and corrupt images (6.754051ms)
✔ four kinds are stored by explicit natural day and only safe fields survive (23.575097ms)
✔ retention dry-run selects only approved kinds and inclusive natural-day cutoff (2.718777ms)
✔ symlinked category and destination file cannot escape the log root (1.222877ms)
✔ Q20 actual cleanup removes only days older than the approved inclusive 30-day window (4.277781ms)
✔ Q20 rejects nonapproved destructive parameters and preflights all paths before deleting (1.246262ms)
✔ Q20 installed policy accepts exactly confirmed deletion parameters and schedules bounded daily cleanup (0.911848ms)
✔ Q20 cleanup is daily and shares the collection lock (0.23853ms)
✔ FR06 common rules render local and public explicit environments (1.284811ms)
✔ FR06 explicit parameters reject config injection and invalid HSTS scope (0.43027ms)
✔ certificate task logs fixed outcomes without persisting raw command secrets (1.998368ms)
✔ collector records access stdout and application stderr, advances window, and excludes raw text (21.961049ms)
✔ approved explicit config connects operation records and collector is scheduled without deletion (1.043326ms)
✔ collector and Q20 cleanup are scheduled with the same overlap protection (0.376278ms)
✔ failed docker collection does not advance cursor or publish raw diagnostics (0.66245ms)
✔ unexpected HTTP method cannot stall collection or persist arbitrary method text (0.906199ms)
✔ Q25 cold audit migration precedes hot migration: infra/acceptance/run.mjs (0.839628ms)
✔ Q25 cold audit migration precedes hot migration: infra/runtime/run.mjs (0.194043ms)
✔ Q25 cold audit migration precedes hot migration: .github/workflows/ci.yml (0.17238ms)
✔ Q25 cold audit migration precedes hot migration: infra/server/deploy/receive.mjs (0.108514ms)
✔ acceptance component count derives from the actual Playwright report (0.365622ms)
✔ Q25 personnel API regression is included in the real HTTPS entrypoint (1.003846ms)
✔ Q25 pinned role upgrade is executed with real PostgreSQL by the product workflow (0.191699ms)
✔ Q25 compatibility manifest records each new reviewed immutable migration (0.687398ms)
✔ GOV-01..04: valid repository passes without mutation (5.173774ms)
✔ GOV-01: missing file fails with its path (2.141725ms)
✔ GOV-01: whitespace-only required file is not valid (2.591815ms)
✔ GOV-02: deleting each hard-rule marker fails (7.332114ms)
✔ GOV-03: malformed JSON is reported, not thrown (1.674169ms)
✔ GOV-03: incorrect version and project fail (1.946489ms)
✔ GOV-03: impossible calendar date fails (1.208805ms)
✔ GOV-03: empty sources and non-object registry fail (1.666767ms)
✔ GOV-03: duplicate keys and page IDs fail (1.70804ms)
✔ GOV-03: external or mismatched source URLs fail (1.333133ms)
✔ GOV-03: missing metadata and malformed page ID fail (1.095215ms)
✔ GOV-03: unknown, duplicate and empty route references fail (1.503031ms)
✔ GOV-03: mandatory routes and always/product anchors cannot disappear (1.02638ms)
✔ GOV-04: nested instruction override fails (0.750584ms)
✔ GOV-04: generated/dependency directories are ignored (0.889113ms)
✔ GOV-01: nonexistent root reports errors (0.388287ms)
✔ CLI: valid repository exits zero (36.943568ms)
✔ CLI: invalid repository exits one and explains failure (34.093013ms)
✔ public HTTPS exposes only edge ports and preserves private data, images and input (2.596051ms)
✔ public access rejects untrusted TLS while default deployment stays private (0.685065ms)
✔ HTTP redirects all paths to the fixed HTTPS origin without trusting Host (0.239141ms)
✔ public TLS preserves same-origin API, non-cacheable auth and trusted proxy boundary (0.242627ms)
✔ existing loopback health and DNS-01 renewal still work independently of public DNS (0.453204ms)
✔ API actual TAP report counts every passed case (1.153522ms)
✔ API failed, skipped, truncated and contradictory reports cannot publish success (0.375887ms)
✔ browser counts come from the successful complete JSON report (1.177399ms)
✔ browser failure, flakiness, skips and empty reports cannot publish success (0.247054ms)
✔ real API/browser reports drive the published counts: infra/acceptance/run.mjs (0.484802ms)
✔ real API/browser reports drive the published counts: infra/runtime/run.mjs (0.167903ms)
✔ ACME runner fixes operations, passes credentials only in environment and reports sanitized failure (2.057638ms)
✔ certificate activation verifies system trust before file replacement and validates Nginx before reload (56.605814ms)
✔ domain health verifies hostname with default trust while reaching only the SSH loopback endpoint (0.311381ms)
✔ domain health fixes IPv4 so Node never requests an all-address lookup result (0.209316ms)
▶ provided CSV is data only and maps exactly one credential pair without executing fields
  ✔ BOM, quoted headers and CRLF are supported (0.565525ms)
  ✔ missing, multiple and non-data values fail closed (0.299052ms)
  ✔ dotenv admits only the required names and never evaluates shell (0.282868ms)
✔ provided CSV is data only and maps exactly one credential pair without executing fields (1.712837ms)
▶ Q16 public-trust domain config keeps the SSH listener and schedules automatic renewal
  ✔ domain origin with loopback only (0.205511ms)
  ✔ renew twice daily without self-signed trust (0.323919ms)
✔ Q16 public-trust domain config keeps the SSH listener and schedules automatic renewal (1.172661ms)
▶ Q16 validates the actual certificate host, private key and remaining lifetime before replacement
  ✔ matching actual identity and key are accepted (0.773498ms)
  ✔ unrelated certificate is rejected (0.328897ms)
  ✔ mismatched private key is rejected (0.445483ms)
  ✔ expired certificate is rejected (0.281596ms)
✔ Q16 validates the actual certificate host, private key and remaining lifetime before replacement (140.219977ms)
✔ Q16 a failed Nginx validation restores both previous files and reloads the previous certificate (0.691074ms)
✔ Q16 explicitly uses Let's Encrypt DNSPod DNS-01 for the confirmed domain and no public listener (0.21237ms)
✔ Q15 server exposes only loopback HTTPS and preserves internal data network (0.220463ms)
✔ private Bootstrap credentials preserve the accepted seed JSON password field and exclude test fixtures (0.187674ms)
✔ operational schedules retain TLS verification, prevent overlap, and invoke only runtime tools (0.255776ms)
✔ server maintenance addresses only the authorized deployment and does not run test/build commands (0.354405ms)
✔ finished services restart automatically and have finite resource and log budgets (0.199151ms)
✔ deployment refuses every existing directory, including apparently empty ones (0.32486ms)
ℹ tests 93
ℹ suites 0
ℹ pass 93
ℹ fail 0
ℹ cancelled 0
ℹ skipped 0
ℹ todo 0
ℹ duration_ms 516.518856
