[WebServer] (node:2635) Warning: The 'NO_COLOR' env is ignored due to the 'FORCE_COLOR' env being set.
[WebServer] (Use `node --trace-warnings ...` to show where the warning was created)

[WebServer] (node:2649) Warning: The 'NO_COLOR' env is ignored due to the 'FORCE_COLOR' env being set.
[WebServer] (Use `node --trace-warnings ...` to show where the warning was created)


Running 8 tests using 1 worker

(node:2678) Warning: The 'NO_COLOR' env is ignored due to the 'FORCE_COLOR' env being set.
(Use `node --trace-warnings ...` to show where the warning was created)


[1/8] [chromium] › apps/web/src/root-monochrome-shell.component.spec.ts:67:2 › Root Mono P1 unified full-bleed desktop geometry 1440
  1) [chromium] › apps/web/src/root-monochrome-shell.component.spec.ts:67:2 › Root Mono P1 unified full-bleed desktop geometry 1440 

    Error: expect(received).toBeLessThanOrEqual(expected)

    Expected: <= 1
    Received:    5

      61 |  expect(appearance.color).toBe('rgb(255, 255, 255)');expect(appearance.tl).toBeGreaterThanOrEqual(20);expect(appearance.tr).toBe(0);expect(appearance.br).toBe(0);
      62 |  const palette=await page.getByTestId('workspace-shell').evaluate(n=>{const s=getComputedStyle(n);return s.backgroundColor;});
    > 63 |  const rgb=palette.match(/[\d.]+/g)!.slice(0,3).map(Number);expect(Math.max(...rgb)-Math.min(...rgb)).toBeLessThanOrEqual(1);expect(Math.min(...rgb)).toBeGreaterThanOrEqual(248);
         |                                                                                                       ^
      64 |  const scroll=await page.evaluate(()=>({width:document.documentElement.scrollWidth,viewport:innerWidth}));expect(scroll.width).toBeLessThanOrEqual(scroll.viewport);
      65 | }
      66 | for(const [width,height] of [[1440,1000],[1280,800]]){
        at monoGeometry (/workspace/WeaveOS-worktrees/V030-021/apps/web/src/root-monochrome-shell.component.spec.ts:63:103)
        at /workspace/WeaveOS-worktrees/V030-021/apps/web/src/root-monochrome-shell.component.spec.ts:68:90

    Error Context: apps/web/test-results/root-monochrome-shell.comp-848e7-bleed-desktop-geometry-1440-chromium/error-context.md


(node:2755) Warning: The 'NO_COLOR' env is ignored due to the 'FORCE_COLOR' env being set.
(Use `node --trace-warnings ...` to show where the warning was created)


[2/8] [chromium] › apps/web/src/root-monochrome-shell.component.spec.ts:67:2 › Root Mono P1 unified full-bleed desktop geometry 1280
  2) [chromium] › apps/web/src/root-monochrome-shell.component.spec.ts:67:2 › Root Mono P1 unified full-bleed desktop geometry 1280 

    Error: expect(received).toBeLessThanOrEqual(expected)

    Expected: <= 1
    Received:    5

      61 |  expect(appearance.color).toBe('rgb(255, 255, 255)');expect(appearance.tl).toBeGreaterThanOrEqual(20);expect(appearance.tr).toBe(0);expect(appearance.br).toBe(0);
      62 |  const palette=await page.getByTestId('workspace-shell').evaluate(n=>{const s=getComputedStyle(n);return s.backgroundColor;});
    > 63 |  const rgb=palette.match(/[\d.]+/g)!.slice(0,3).map(Number);expect(Math.max(...rgb)-Math.min(...rgb)).toBeLessThanOrEqual(1);expect(Math.min(...rgb)).toBeGreaterThanOrEqual(248);
         |                                                                                                       ^
      64 |  const scroll=await page.evaluate(()=>({width:document.documentElement.scrollWidth,viewport:innerWidth}));expect(scroll.width).toBeLessThanOrEqual(scroll.viewport);
      65 | }
      66 | for(const [width,height] of [[1440,1000],[1280,800]]){
        at monoGeometry (/workspace/WeaveOS-worktrees/V030-021/apps/web/src/root-monochrome-shell.component.spec.ts:63:103)
        at /workspace/WeaveOS-worktrees/V030-021/apps/web/src/root-monochrome-shell.component.spec.ts:68:90

    Error Context: apps/web/test-results/root-monochrome-shell.comp-53b9d-bleed-desktop-geometry-1280-chromium/error-context.md


(node:2826) Warning: The 'NO_COLOR' env is ignored due to the 'FORCE_COLOR' env being set.
(Use `node --trace-warnings ...` to show where the warning was created)


[3/8] [chromium] › apps/web/src/root-monochrome-shell.component.spec.ts:74:1 › Root Mono P1 ordinary record route retains live table and authorization under the same shell
  3) [chromium] › apps/web/src/root-monochrome-shell.component.spec.ts:74:1 › Root Mono P1 ordinary record route retains live table and authorization under the same shell 

    Error: expect(received).toBeLessThanOrEqual(expected)

    Expected: <= 1
    Received:    5

      61 |  expect(appearance.color).toBe('rgb(255, 255, 255)');expect(appearance.tl).toBeGreaterThanOrEqual(20);expect(appearance.tr).toBe(0);expect(appearance.br).toBe(0);
      62 |  const palette=await page.getByTestId('workspace-shell').evaluate(n=>{const s=getComputedStyle(n);return s.backgroundColor;});
    > 63 |  const rgb=palette.match(/[\d.]+/g)!.slice(0,3).map(Number);expect(Math.max(...rgb)-Math.min(...rgb)).toBeLessThanOrEqual(1);expect(Math.min(...rgb)).toBeGreaterThanOrEqual(248);
         |                                                                                                       ^
      64 |  const scroll=await page.evaluate(()=>({width:document.documentElement.scrollWidth,viewport:innerWidth}));expect(scroll.width).toBeLessThanOrEqual(scroll.viewport);
      65 | }
      66 | for(const [width,height] of [[1440,1000],[1280,800]]){
        at monoGeometry (/workspace/WeaveOS-worktrees/V030-021/apps/web/src/root-monochrome-shell.component.spec.ts:63:103)
        at /workspace/WeaveOS-worktrees/V030-021/apps/web/src/root-monochrome-shell.component.spec.ts:76:70

    Error Context: apps/web/test-results/root-monochrome-shell.comp-410d2-zation-under-the-same-shell-chromium/error-context.md


(node:2900) Warning: The 'NO_COLOR' env is ignored due to the 'FORCE_COLOR' env being set.
(Use `node --trace-warnings ...` to show where the warning was created)


[4/8] [chromium] › apps/web/src/root-monochrome-shell.component.spec.ts:81:1 › Root Mono P1 administration and back preserve shell and opened application tab
[5/8] [chromium] › apps/web/src/root-monochrome-shell.component.spec.ts:90:1 › Root Mono P1 no invented business data when real catalogue is empty
[6/8] [chromium] › apps/web/src/root-monochrome-shell.component.spec.ts:95:1 › Root Mono P1 confirmed record save still uses authoritative value after visual migration
[7/8] [chromium] › apps/web/src/root-monochrome-shell.component.spec.ts:102:1 › Root Mono P1 reduced-motion route transition does not hide content or duplicate shell
[WebServer] 5:31:55 PM [vite] (client) [console.warn] You have Reduced Motion enabled on your device. Animations may not appear as expected.. For more information and steps for solving, visit https://motion.dev/troubleshooting/reduced-motion-disabled

[8/8] [chromium] › apps/web/src/root-monochrome-shell.component.spec.ts:108:1 › Root Mono P1 account remains a single accessible control and home cannot be closed
  3 failed
    [chromium] › apps/web/src/root-monochrome-shell.component.spec.ts:67:2 › Root Mono P1 unified full-bleed desktop geometry 1440 
    [chromium] › apps/web/src/root-monochrome-shell.component.spec.ts:67:2 › Root Mono P1 unified full-bleed desktop geometry 1280 
    [chromium] › apps/web/src/root-monochrome-shell.component.spec.ts:74:1 › Root Mono P1 ordinary record route retains live table and authorization under the same shell 
  5 passed (14.6s)
