[WebServer] (node:23083) Warning: The 'NO_COLOR' env is ignored due to the 'FORCE_COLOR' env being set.
[WebServer] (Use `node --trace-warnings ...` to show where the warning was created)

[WebServer] (node:23105) Warning: The 'NO_COLOR' env is ignored due to the 'FORCE_COLOR' env being set.
[WebServer] (Use `node --trace-warnings ...` to show where the warning was created)


Running 111 tests using 1 worker

(node:23147) Warning: The 'NO_COLOR' env is ignored due to the 'FORCE_COLOR' env being set.
(Use `node --trace-warnings ...` to show where the warning was created)


[1/111] [chromium] › apps/web/src/personnel.component.spec.ts:43:89 › Q34 Arca table geometry and readable rows on 成员与部门
[2/111] [chromium] › apps/web/src/personnel.component.spec.ts:43:89 › Q34 Arca table geometry and readable rows on 操作记录
[3/111] [chromium] › apps/web/src/personnel.component.spec.ts:62:1 › Q34 page selection exposes mixed state without writing and shows selected rows
[4/111] [chromium] › apps/web/src/personnel.component.spec.ts:72:1 › Q35 identity cards preserve edit entry, shared fields and unsaved switch protection
[5/111] [chromium] › apps/web/src/personnel.component.spec.ts:83:31 › Q34 dense table keeps sticky header and both scroll axes at 1920
[6/111] [chromium] › apps/web/src/personnel.component.spec.ts:83:31 › Q34 dense table keeps sticky header and both scroll axes at 320
[7/111] [chromium] › apps/web/src/personnel.component.spec.ts:97:1 › Q35 identity empty list and reduced motion preserve accessible states
[WebServer] 6:09:13 PM [vite] (client) [console.warn] You have Reduced Motion enabled on your device. Animations may not appear as expected.. For more information and steps for solving, visit https://motion.dev/troubleshooting/reduced-motion-disabled

[8/111] [chromium] › apps/web/src/personnel.component.spec.ts:103:1 › Q34 keyboard focus ring stays visible inside truncated table cells
[9/111] [chromium] › apps/web/src/personnel.component.spec.ts:112:1 › Q34 reverse keyboard navigation keeps row actions below the sticky header
[10/111] [chromium] › apps/web/src/personnel.component.spec.ts:122:44 › Root Mono personnel keeps reachable navigation and full-bleed surface at 2504
[11/111] [chromium] › apps/web/src/personnel.component.spec.ts:122:44 › Root Mono personnel keeps reachable navigation and full-bleed surface at 1920
[12/111] [chromium] › apps/web/src/personnel.component.spec.ts:122:44 › Root Mono personnel keeps reachable navigation and full-bleed surface at 900
[13/111] [chromium] › apps/web/src/personnel.component.spec.ts:122:44 › Root Mono personnel keeps reachable navigation and full-bleed surface at 390
[14/111] [chromium] › apps/web/src/personnel.component.spec.ts:122:44 › Root Mono personnel keeps reachable navigation and full-bleed surface at 320
[15/111] [chromium] › apps/web/src/personnel.component.spec.ts:127:1 › Q33 crossing responsive breakpoints preserves navigation, dirty input and explicit leave protection
[16/111] [chromium] › apps/web/src/personnel.component.spec.ts:139:30 › Q33 fixed sidebar retains narrow keyboard tabs and real content scrolling at 390
[WebServer] 6:09:28 PM [vite] (client) [console.warn] You have Reduced Motion enabled on your device. Animations may not appear as expected.. For more information and steps for solving, visit https://motion.dev/troubleshooting/reduced-motion-disabled

[17/111] [chromium] › apps/web/src/personnel.component.spec.ts:139:30 › Q33 fixed sidebar retains narrow keyboard tabs and real content scrolling at 320
[WebServer] 6:09:30 PM [vite] (client) [console.warn] You have Reduced Motion enabled on your device. Animations may not appear as expected.. For more information and steps for solving, visit https://motion.dev/troubleshooting/reduced-motion-disabled

[18/111] [chromium] › apps/web/src/personnel.component.spec.ts:154:1 › Q32 identity select has the separated rounded menu and preserves server filtering
[19/111] [chromium] › apps/web/src/personnel.component.spec.ts:169:1 › Q32 grouped selectors keep modal focus and Escape first dismisses the menu
[20/111] [chromium] › apps/web/src/personnel.component.spec.ts:180:1 › Q32 parent department chooser uses options without closing the native modal
[21/111] [chromium] › apps/web/src/personnel.component.spec.ts:188:1 › Q32 long action menu stays in the viewport and keyboard chooses the final real action
[22/111] [chromium] › apps/web/src/personnel.component.spec.ts:199:1 › Q32 pill indicator slides between tabs only after unsaved changes are resolved
[23/111] [chromium] › apps/web/src/personnel.component.spec.ts:211:1 › Q32 reduced motion removes displacement and option stagger and keeps compact tabs reachable
[WebServer] 6:09:45 PM [vite] (client) [console.warn] You have Reduced Motion enabled on your device. Animations may not appear as expected.. For more information and steps for solving, visit https://motion.dev/troubleshooting/reduced-motion-disabled

[24/111] [chromium] › apps/web/src/personnel.component.spec.ts:222:1 › Q32 large directories expose the final option promptly after End
[25/111] [chromium] › apps/web/src/personnel.component.spec.ts:228:1 › Q32 quick reversal preserves the current menu height rather than jumping to endpoints
[26/111] [chromium] › apps/web/src/personnel.component.spec.ts:247:1 › Q32 searching below the tabs preserves the narrow-screen content scroll position
[27/111] [chromium] › apps/web/src/personnel.component.spec.ts:253:1 › Q32 upward expansion and closing stay attached to the trigger edge on every frame
[28/111] [chromium] › apps/web/src/personnel.component.spec.ts:267:1 › Q32 upward menus animate the corners adjacent to their trigger
[29/111] [chromium] › apps/web/src/personnel.component.spec.ts:276:1 › Root Mono Home keeps account control in the rail and a stable top bar
[30/111] [chromium] › apps/web/src/personnel.component.spec.ts:283:1 › Root Mono admin retains actions within shared full-bleed chrome across resize
[WebServer] 6:09:57 PM [vite] (client) [console.warn] You have Reduced Motion enabled on your device. Animations may not appear as expected.. For more information and steps for solving, visit https://motion.dev/troubleshooting/reduced-motion-disabled

[31/111] [chromium] › apps/web/src/personnel.component.spec.ts:290:1 › Q31 tabs have no vertical overflow and compact layouts retain keyboard access to the last tab
[32/111] [chromium] › apps/web/src/personnel.component.spec.ts:303:1 › Q31 real member overflow remains scrollable while the tab strip has no vertical scrollbar
[33/111] [chromium] › apps/web/src/personnel.component.spec.ts:315:97 › Root Mono white surface fills viewport 2504x1355 after resize
[WebServer] 6:10:04 PM [vite] (client) [console.warn] You have Reduced Motion enabled on your device. Animations may not appear as expected.. For more information and steps for solving, visit https://motion.dev/troubleshooting/reduced-motion-disabled

[34/111] [chromium] › apps/web/src/personnel.component.spec.ts:315:97 › Root Mono white surface fills viewport 1440x900 after resize
[WebServer] 6:10:06 PM [vite] (client) [console.warn] You have Reduced Motion enabled on your device. Animations may not appear as expected.. For more information and steps for solving, visit https://motion.dev/troubleshooting/reduced-motion-disabled

[35/111] [chromium] › apps/web/src/personnel.component.spec.ts:315:97 › Root Mono white surface fills viewport 390x844 after resize
[WebServer] 6:10:08 PM [vite] (client) [console.warn] You have Reduced Motion enabled on your device. Animations may not appear as expected.. For more information and steps for solving, visit https://motion.dev/troubleshooting/reduced-motion-disabled

[36/111] [chromium] › apps/web/src/personnel.component.spec.ts:320:1 › Root Mono hover preserves navigation geometry without moving the label
[37/111] [chromium] › apps/web/src/personnel.component.spec.ts:326:1 › Q33 reduced motion and repeated resize keep navigation geometry and unsaved edit
[38/111] [chromium] › apps/web/src/personnel.component.spec.ts:333:1 › R3 login enters Home with settings and account navigation; admin exit retains Session
[39/111] [chromium] › apps/web/src/personnel.component.spec.ts:344:1 › R2 AC02 ordinary member Home has own identity/empty app state; direct admin denies
[40/111] [chromium] › apps/web/src/personnel.component.spec.ts:348:1 › Q33 fixed sidebar retains selected tab and unsaved input across viewports; icons aligned
[41/111] [chromium] › apps/web/src/personnel.component.spec.ts:357:1 › R3 identity separates direct/template sources and confirms impact before versioned save
[42/111] [chromium] › apps/web/src/personnel.component.spec.ts:366:2 › R3 save failure 409 preserves input and exposes specific outcome
[43/111] [chromium] › apps/web/src/personnel.component.spec.ts:366:2 › R3 save failure 403 preserves input and exposes specific outcome
[44/111] [chromium] › apps/web/src/personnel.component.spec.ts:366:2 › R3 save failure 503 preserves input and exposes specific outcome
[45/111] [chromium] › apps/web/src/personnel.component.spec.ts:371:1 › R3 dirty tab/object/admin leave requires explicit choice and never saves
[46/111] [chromium] › apps/web/src/personnel.component.spec.ts:376:1 › R3 template UI has genuine no-application empty state and referenced delete protection
[47/111] [chromium] › apps/web/src/personnel.component.spec.ts:379:1 › R3 members expose multi-identity editor and group operation without changing permissions
[48/111] [chromium] › apps/web/src/personnel.component.spec.ts:384:1 › R3 departments create uses selected parent; enterprise root is protected
[49/111] [chromium] › apps/web/src/personnel.component.spec.ts:389:1 › R3 invitation is deliberate one-time result; activity has true empty state
[50/111] [chromium] › apps/web/src/personnel.component.spec.ts:393:1 › R3 reduced motion and compact layouts retain keyboard-reachable navigation
[WebServer] 6:10:37 PM [vite] (client) [console.warn] You have Reduced Motion enabled on your device. Animations may not appear as expected.. For more information and steps for solving, visit https://motion.dev/troubleshooting/reduced-motion-disabled

[51/111] [chromium] › apps/web/src/personnel.component.spec.ts:397:1 › R3 browser back with dirty configuration prompts, cancel preserves inputs
[52/111] [chromium] › apps/web/src/personnel.component.spec.ts:403:1 › V030-012 retained app operation does not hide the current personnel discard consequence
[53/111] [chromium] › apps/web/src/personnel.component.spec.ts:438:1 › R3 definition creation has no fake seed; validates and sends explicit config
[54/111] [chromium] › apps/web/src/personnel.component.spec.ts:444:1 › R3 member explicit move preserves other groups and identity configuration
[55/111] [chromium] › apps/web/src/personnel.component.spec.ts:452:1 › R3 member search and pagination send approved filters, no local page-only filtering
[56/111] [chromium] › apps/web/src/personnel.component.spec.ts:457:1 › R3 activity search and action filter are server-side, not cosmetic controls
[57/111] [chromium] › apps/web/src/personnel.component.spec.ts:462:1 › R3 deleting unreferenced template confirms and sends version; 409 keeps selection
[58/111] [chromium] › apps/web/src/personnel.component.spec.ts:470:1 › R3 creates a permission template with explicit empty configuration
[59/111] [chromium] › apps/web/src/personnel.component.spec.ts:478:1 › R3 identity deletion protects references and explicitly confirms an unreferenced object
[60/111] [chromium] › apps/web/src/personnel.component.spec.ts:485:1 › R3 department selected node filters members; rename and delete use actual version; root protected
[61/111] [chromium] › apps/web/src/personnel.component.spec.ts:495:1 › R3 complete assignment choices load beyond the first 100 templates
[62/111] [chromium] › apps/web/src/personnel.component.spec.ts:502:1 › R3 identity search and next page query the backend while keeping explicit selection
[63/111] [chromium] › apps/web/src/personnel.component.spec.ts:508:1 › R3 member identity filter and activity pagination are server controls
[64/111] [chromium] › apps/web/src/personnel.component.spec.ts:514:1 › R3 invitation uses the existing invitationCode response and clears it on close
[65/111] [chromium] › apps/web/src/personnel.component.spec.ts:520:1 › R3 activity pagination and explicit time range reach the server independently
[66/111] [chromium] › apps/web/src/personnel.component.spec.ts:527:1 › R3 explicit activity time filter sends RFC3339 and resets the page
[67/111] [chromium] › apps/web/src/personnel.component.spec.ts:533:1 › R3 empty department deletion confirms version and preserves conflict feedback
[68/111] [chromium] › apps/web/src/personnel.component.spec.ts:539:61 › R3 unsaved department form survives close and Escape until explicit discard
[69/111] [chromium] › apps/web/src/personnel.component.spec.ts:539:61 › R3 unsaved member form survives close and Escape until explicit discard
[70/111] [chromium] › apps/web/src/personnel.component.spec.ts:539:61 › R3 unsaved groups form survives close and Escape until explicit discard
[71/111] [chromium] › apps/web/src/personnel.component.spec.ts:549:1 › Root Mono shell retains white surface and inset content well at large sizes
[72/111] [chromium] › apps/web/src/personnel.component.spec.ts:558:1 › Q25 default activity range omits optional empty timestamps in every initial request
[73/111] [chromium] › apps/web/src/personnel.component.spec.ts:564:1 › Figma original checkbox uses the original check SVG, 20px surface and 6px corners
[74/111] [chromium] › apps/web/src/personnel.component.spec.ts:571:1 › Root Mono shell has the approved white foreground and pale neutral background
[75/111] [chromium] › apps/web/src/personnel.component.spec.ts:575:1 › R3 activity presents readable action, target and safe changes rather than raw protocol JSON
[76/111] [chromium] › apps/web/src/personnel.component.spec.ts:581:1 › Root Mono personnel navigation stays reachable at viewport edges after resize
[77/111] [chromium] › apps/web/src/personnel.component.spec.ts:584:1 › Q34 member table keeps confirmed column geometry and page selection never sends a write
[78/111] [chromium] › apps/web/src/personnel.component.spec.ts:590:1 › Root Mono narrow personnel navigation remains reachable
[79/111] [chromium] › apps/web/src/personnel.component.spec.ts:593:1 › Root Mono surface retains viewport edges after narrow re-entry
[80/111] [chromium] › apps/web/src/personnel.component.spec.ts:598:2 › Figma final view original white plus asset on 身份
[81/111] [chromium] › apps/web/src/personnel.component.spec.ts:598:2 › Figma final view original white plus asset on 权限模板
[82/111] [chromium] › apps/web/src/personnel.component.spec.ts:603:1 › Figma final template permission retains the actual controlled code
[83/111] [chromium] › apps/web/src/personnel.component.spec.ts:606:1 › Figma final identity distinguishes assignable management from trusted Root
[84/111] [chromium] › apps/web/src/personnel.component.spec.ts:609:1 › Figma final activity action filter belongs in the section heading
[85/111] [chromium] › apps/web/src/personnel.component.spec.ts:612:1 › Figma final activity time range retains the right toolbar inset
[86/111] [chromium] › apps/web/src/personnel.component.spec.ts:615:1 › Figma final definition footer retains its source separation line
[87/111] [chromium] › apps/web/src/personnel.component.spec.ts:619:1 › Figma final identity without applications keeps its footer in the original view
[88/111] [chromium] › apps/web/src/personnel.component.spec.ts:622:1 › Q34 successful activity uses Arca body typography and retains the result meaning
[89/111] [chromium] › apps/web/src/personnel.component.spec.ts:628:1 › Root Mono personnel desktop keeps the primary table in the first working area
[90/111] [chromium] › apps/web/src/root-monochrome-shell.component.spec.ts:67:2 › Root Mono P1 unified full-bleed desktop geometry 1440
[91/111] [chromium] › apps/web/src/root-monochrome-shell.component.spec.ts:67:2 › Root Mono P1 unified full-bleed desktop geometry 1280
[92/111] [chromium] › apps/web/src/root-monochrome-shell.component.spec.ts:74:1 › Root Mono P1 ordinary record route retains live table and authorization under the same shell
[93/111] [chromium] › apps/web/src/root-monochrome-shell.component.spec.ts:81:1 › Root Mono P1 administration and back preserve shell and opened application tab
[94/111] [chromium] › apps/web/src/root-monochrome-shell.component.spec.ts:90:1 › Root Mono P1 no invented business data when real catalogue is empty
[95/111] [chromium] › apps/web/src/root-monochrome-shell.component.spec.ts:95:1 › Root Mono P1 confirmed record save still uses authoritative value after visual migration
[96/111] [chromium] › apps/web/src/root-monochrome-shell.component.spec.ts:102:1 › Root Mono P1 reduced-motion route transition does not hide content or duplicate shell
[WebServer] 6:12:04 PM [vite] (client) [console.warn] You have Reduced Motion enabled on your device. Animations may not appear as expected.. For more information and steps for solving, visit https://motion.dev/troubleshooting/reduced-motion-disabled

[97/111] [chromium] › apps/web/src/root-monochrome-shell.component.spec.ts:108:1 › Root Mono P1 account remains a single accessible control and home cannot be closed
[98/111] [chromium] › apps/web/src/root-record-shell.component.spec.ts:46:1 › Root Shell ordinary form route mounts records under the original persistent chrome
[99/111] [chromium] › apps/web/src/root-record-shell.component.spec.ts:56:1 › Root Shell create then read authoritative normalized data and edit a record
[100/111] [chromium] › apps/web/src/root-record-shell.component.spec.ts:79:1 › Root confirmed write with failed reread remains saved and cannot submit again
[101/111] [chromium] › apps/web/src/root-record-shell.component.spec.ts:90:1 › Root create-only actor confirms a receipt without an unauthorized detail or search read
[102/111] [chromium] › apps/web/src/root-record-shell.component.spec.ts:96:1 › Root opening an existing row validates the original query before reading detail
[103/111] [chromium] › apps/web/src/root-record-shell.component.spec.ts:103:1 › Root dirty record modal close requires an explicit discard and restores the origin focus
[104/111] [chromium] › apps/web/src/root-record-shell.component.spec.ts:111:1 › Root ordinary actor cannot load owner definition by entering the design URL
[105/111] [chromium] › apps/web/src/root-record-shell.component.spec.ts:118:1 › Root ordinary record editor searches only field-scoped reference candidates
[106/111] [chromium] › apps/web/src/root-record-shell.component.spec.ts:135:1 › Root owner returns from configuration to the runtime page that opened it
[107/111] [chromium] › apps/web/src/root-record-shell.component.spec.ts:144:1 › Root rejected create refresh discards only after confirmation and rebuilds page one
[108/111] [chromium] › apps/web/src/root-record-shell.component.spec.ts:157:1 › Root retry after rejected edit and failed refresh never invents a saved result
[109/111] [chromium] › apps/web/src/root-record-shell.component.spec.ts:167:1 › Root footer discard confirms before dropping dirty record input
[110/111] [chromium] › apps/web/src/root-record-shell.component.spec.ts:175:1 › Root shared record route fills its work area and keeps its legend visually hidden
[111/111] [chromium] › apps/web/src/root-record-shell.component.spec.ts:183:1 › Root record dialog separates fields from shared action buttons
  111 passed (3.5m)
