[WebServer] (node:21063) Warning: The 'NO_COLOR' env is ignored due to the 'FORCE_COLOR' env being set.
[WebServer] (Use `node --trace-warnings ...` to show where the warning was created)

[WebServer] (node:21077) Warning: The 'NO_COLOR' env is ignored due to the 'FORCE_COLOR' env being set.
[WebServer] (Use `node --trace-warnings ...` to show where the warning was created)


Running 97 tests using 1 worker

(node:21106) Warning: The 'NO_COLOR' env is ignored due to the 'FORCE_COLOR' env being set.
(Use `node --trace-warnings ...` to show where the warning was created)


[1/97] [chromium] › apps/web/src/personnel.component.spec.ts:43:89 › Q34 Arca table geometry and readable rows on 成员与部门
[2/97] [chromium] › apps/web/src/personnel.component.spec.ts:43:89 › Q34 Arca table geometry and readable rows on 操作记录
[3/97] [chromium] › apps/web/src/personnel.component.spec.ts:62:1 › Q34 page selection exposes mixed state without writing and shows selected rows
[4/97] [chromium] › apps/web/src/personnel.component.spec.ts:72:1 › Q35 identity cards preserve edit entry, shared fields and unsaved switch protection
[5/97] [chromium] › apps/web/src/personnel.component.spec.ts:83:31 › Q34 dense table keeps sticky header and both scroll axes at 1920
[6/97] [chromium] › apps/web/src/personnel.component.spec.ts:83:31 › Q34 dense table keeps sticky header and both scroll axes at 320
[7/97] [chromium] › apps/web/src/personnel.component.spec.ts:97:1 › Q35 identity empty list and reduced motion preserve accessible states
[WebServer] 6:05:30 PM [vite] (client) [console.warn] You have Reduced Motion enabled on your device. Animations may not appear as expected.. For more information and steps for solving, visit https://motion.dev/troubleshooting/reduced-motion-disabled

[8/97] [chromium] › apps/web/src/personnel.component.spec.ts:103:1 › Q34 keyboard focus ring stays visible inside truncated table cells
[9/97] [chromium] › apps/web/src/personnel.component.spec.ts:112:1 › Q34 reverse keyboard navigation keeps row actions below the sticky header
[10/97] [chromium] › apps/web/src/personnel.component.spec.ts:122:44 › Root Mono personnel keeps reachable navigation and full-bleed surface at 2504
[11/97] [chromium] › apps/web/src/personnel.component.spec.ts:122:44 › Root Mono personnel keeps reachable navigation and full-bleed surface at 1920
[12/97] [chromium] › apps/web/src/personnel.component.spec.ts:122:44 › Root Mono personnel keeps reachable navigation and full-bleed surface at 900
[13/97] [chromium] › apps/web/src/personnel.component.spec.ts:122:44 › Root Mono personnel keeps reachable navigation and full-bleed surface at 390
[14/97] [chromium] › apps/web/src/personnel.component.spec.ts:122:44 › Root Mono personnel keeps reachable navigation and full-bleed surface at 320
[15/97] [chromium] › apps/web/src/personnel.component.spec.ts:127:1 › Q33 crossing responsive breakpoints preserves navigation, dirty input and explicit leave protection
[16/97] [chromium] › apps/web/src/personnel.component.spec.ts:139:30 › Q33 fixed sidebar retains narrow keyboard tabs and real content scrolling at 390
[WebServer] 6:05:48 PM [vite] (client) [console.warn] You have Reduced Motion enabled on your device. Animations may not appear as expected.. For more information and steps for solving, visit https://motion.dev/troubleshooting/reduced-motion-disabled

[17/97] [chromium] › apps/web/src/personnel.component.spec.ts:139:30 › Q33 fixed sidebar retains narrow keyboard tabs and real content scrolling at 320
[WebServer] 6:05:50 PM [vite] (client) [console.warn] You have Reduced Motion enabled on your device. Animations may not appear as expected.. For more information and steps for solving, visit https://motion.dev/troubleshooting/reduced-motion-disabled

[18/97] [chromium] › apps/web/src/personnel.component.spec.ts:154:1 › Q32 identity select has the separated rounded menu and preserves server filtering
[19/97] [chromium] › apps/web/src/personnel.component.spec.ts:169:1 › Q32 grouped selectors keep modal focus and Escape first dismisses the menu
[20/97] [chromium] › apps/web/src/personnel.component.spec.ts:180:1 › Q32 parent department chooser uses options without closing the native modal
[21/97] [chromium] › apps/web/src/personnel.component.spec.ts:188:1 › Q32 long action menu stays in the viewport and keyboard chooses the final real action
[22/97] [chromium] › apps/web/src/personnel.component.spec.ts:199:1 › Q32 pill indicator slides between tabs only after unsaved changes are resolved
[23/97] [chromium] › apps/web/src/personnel.component.spec.ts:211:1 › Q32 reduced motion removes displacement and option stagger and keeps compact tabs reachable
[WebServer] 6:06:05 PM [vite] (client) [console.warn] You have Reduced Motion enabled on your device. Animations may not appear as expected.. For more information and steps for solving, visit https://motion.dev/troubleshooting/reduced-motion-disabled

[24/97] [chromium] › apps/web/src/personnel.component.spec.ts:222:1 › Q32 large directories expose the final option promptly after End
[25/97] [chromium] › apps/web/src/personnel.component.spec.ts:228:1 › Q32 quick reversal preserves the current menu height rather than jumping to endpoints
[26/97] [chromium] › apps/web/src/personnel.component.spec.ts:247:1 › Q32 searching below the tabs preserves the narrow-screen content scroll position
[27/97] [chromium] › apps/web/src/personnel.component.spec.ts:253:1 › Q32 upward expansion and closing stay attached to the trigger edge on every frame
[28/97] [chromium] › apps/web/src/personnel.component.spec.ts:267:1 › Q32 upward menus animate the corners adjacent to their trigger
[29/97] [chromium] › apps/web/src/personnel.component.spec.ts:276:1 › Root Mono Home keeps account control in the rail and a stable top bar
[30/97] [chromium] › apps/web/src/personnel.component.spec.ts:283:1 › Root Mono admin retains actions within shared full-bleed chrome across resize
[WebServer] 6:06:17 PM [vite] (client) [console.warn] You have Reduced Motion enabled on your device. Animations may not appear as expected.. For more information and steps for solving, visit https://motion.dev/troubleshooting/reduced-motion-disabled

[31/97] [chromium] › apps/web/src/personnel.component.spec.ts:290:1 › Q31 tabs have no vertical overflow and compact layouts retain keyboard access to the last tab
  1) [chromium] › apps/web/src/personnel.component.spec.ts:290:1 › Q31 tabs have no vertical overflow and compact layouts retain keyboard access to the last tab 

    Error: expect(received).toBeGreaterThan(expected)

    Expected: > 0
    Received:   0

      298 |  const last=page.getByRole('tab',{name:'操作记录',exact:true});await last.focus();await last.press('Enter');await expect(last).toHaveAttribute('aria-selected','true');
      299 |  const bounds=(await tabs.boundingBox())!,button=(await last.boundingBox())!;expect(button.x).toBeGreaterThanOrEqual(bounds.x);expect(button.x+button.width).toBeLessThanOrEqual(bounds.x+bounds.width+1);
    > 300 |  expect(await tabs.evaluate(n=>n.scrollLeft)).toBeGreaterThan(0);expect(await tabs.evaluate(n=>n.scrollTop)).toBe(0);
          |                                               ^
      301 | });
      302 |
      303 | test('Q31 real member overflow remains scrollable while the tab strip has no vertical scrollbar',async({page})=>{
        at /workspace/WeaveOS-worktrees/V030-021/apps/web/src/personnel.component.spec.ts:300:47

    Error Context: apps/web/test-results/personnel.component-Q31-ta-e33de-oard-access-to-the-last-tab-chromium/error-context.md


(node:21959) Warning: The 'NO_COLOR' env is ignored due to the 'FORCE_COLOR' env being set.
(Use `node --trace-warnings ...` to show where the warning was created)


[32/97] [chromium] › apps/web/src/personnel.component.spec.ts:303:1 › Q31 real member overflow remains scrollable while the tab strip has no vertical scrollbar
[33/97] [chromium] › apps/web/src/personnel.component.spec.ts:315:97 › Root Mono white surface fills viewport 2504x1355 after resize
[WebServer] 6:06:24 PM [vite] (client) [console.warn] You have Reduced Motion enabled on your device. Animations may not appear as expected.. For more information and steps for solving, visit https://motion.dev/troubleshooting/reduced-motion-disabled

[34/97] [chromium] › apps/web/src/personnel.component.spec.ts:315:97 › Root Mono white surface fills viewport 1440x900 after resize
[35/97] [chromium] › apps/web/src/personnel.component.spec.ts:315:97 › Root Mono white surface fills viewport 390x844 after resize
[36/97] [chromium] › apps/web/src/personnel.component.spec.ts:320:1 › Root Mono hover preserves navigation geometry without moving the label
[37/97] [chromium] › apps/web/src/personnel.component.spec.ts:326:1 › Q33 reduced motion and repeated resize keep navigation geometry and unsaved edit
[38/97] [chromium] › apps/web/src/personnel.component.spec.ts:333:1 › R3 login enters Home with settings and account navigation; admin exit retains Session
[39/97] [chromium] › apps/web/src/personnel.component.spec.ts:344:1 › R2 AC02 ordinary member Home has own identity/empty app state; direct admin denies
[40/97] [chromium] › apps/web/src/personnel.component.spec.ts:348:1 › Q33 fixed sidebar retains selected tab and unsaved input across viewports; icons aligned
[41/97] [chromium] › apps/web/src/personnel.component.spec.ts:357:1 › R3 identity separates direct/template sources and confirms impact before versioned save
[42/97] [chromium] › apps/web/src/personnel.component.spec.ts:366:2 › R3 save failure 409 preserves input and exposes specific outcome
[43/97] [chromium] › apps/web/src/personnel.component.spec.ts:366:2 › R3 save failure 403 preserves input and exposes specific outcome
[44/97] [chromium] › apps/web/src/personnel.component.spec.ts:366:2 › R3 save failure 503 preserves input and exposes specific outcome
[45/97] [chromium] › apps/web/src/personnel.component.spec.ts:371:1 › R3 dirty tab/object/admin leave requires explicit choice and never saves
[46/97] [chromium] › apps/web/src/personnel.component.spec.ts:376:1 › R3 template UI has genuine no-application empty state and referenced delete protection
[47/97] [chromium] › apps/web/src/personnel.component.spec.ts:379:1 › R3 members expose multi-identity editor and group operation without changing permissions
[48/97] [chromium] › apps/web/src/personnel.component.spec.ts:384:1 › R3 departments create uses selected parent; enterprise root is protected
[49/97] [chromium] › apps/web/src/personnel.component.spec.ts:389:1 › R3 invitation is deliberate one-time result; activity has true empty state
[50/97] [chromium] › apps/web/src/personnel.component.spec.ts:393:1 › R3 reduced motion and compact layouts retain keyboard-reachable navigation
[WebServer] 6:06:58 PM [vite] (client) [console.warn] You have Reduced Motion enabled on your device. Animations may not appear as expected.. For more information and steps for solving, visit https://motion.dev/troubleshooting/reduced-motion-disabled

[51/97] [chromium] › apps/web/src/personnel.component.spec.ts:397:1 › R3 browser back with dirty configuration prompts, cancel preserves inputs
[52/97] [chromium] › apps/web/src/personnel.component.spec.ts:403:1 › V030-012 retained app operation does not hide the current personnel discard consequence
[53/97] [chromium] › apps/web/src/personnel.component.spec.ts:438:1 › R3 definition creation has no fake seed; validates and sends explicit config
[54/97] [chromium] › apps/web/src/personnel.component.spec.ts:444:1 › R3 member explicit move preserves other groups and identity configuration
[55/97] [chromium] › apps/web/src/personnel.component.spec.ts:452:1 › R3 member search and pagination send approved filters, no local page-only filtering
[56/97] [chromium] › apps/web/src/personnel.component.spec.ts:457:1 › R3 activity search and action filter are server-side, not cosmetic controls
[57/97] [chromium] › apps/web/src/personnel.component.spec.ts:462:1 › R3 deleting unreferenced template confirms and sends version; 409 keeps selection
[58/97] [chromium] › apps/web/src/personnel.component.spec.ts:470:1 › R3 creates a permission template with explicit empty configuration
[59/97] [chromium] › apps/web/src/personnel.component.spec.ts:478:1 › R3 identity deletion protects references and explicitly confirms an unreferenced object
[60/97] [chromium] › apps/web/src/personnel.component.spec.ts:485:1 › R3 department selected node filters members; rename and delete use actual version; root protected
[61/97] [chromium] › apps/web/src/personnel.component.spec.ts:495:1 › R3 complete assignment choices load beyond the first 100 templates
[62/97] [chromium] › apps/web/src/personnel.component.spec.ts:502:1 › R3 identity search and next page query the backend while keeping explicit selection
[63/97] [chromium] › apps/web/src/personnel.component.spec.ts:508:1 › R3 member identity filter and activity pagination are server controls
[64/97] [chromium] › apps/web/src/personnel.component.spec.ts:514:1 › R3 invitation uses the existing invitationCode response and clears it on close
[65/97] [chromium] › apps/web/src/personnel.component.spec.ts:520:1 › R3 activity pagination and explicit time range reach the server independently
[66/97] [chromium] › apps/web/src/personnel.component.spec.ts:527:1 › R3 explicit activity time filter sends RFC3339 and resets the page
[67/97] [chromium] › apps/web/src/personnel.component.spec.ts:533:1 › R3 empty department deletion confirms version and preserves conflict feedback
[68/97] [chromium] › apps/web/src/personnel.component.spec.ts:539:61 › R3 unsaved department form survives close and Escape until explicit discard
[69/97] [chromium] › apps/web/src/personnel.component.spec.ts:539:61 › R3 unsaved member form survives close and Escape until explicit discard
[70/97] [chromium] › apps/web/src/personnel.component.spec.ts:539:61 › R3 unsaved groups form survives close and Escape until explicit discard
[71/97] [chromium] › apps/web/src/personnel.component.spec.ts:549:1 › Root Mono shell retains white surface and inset content well at large sizes
[72/97] [chromium] › apps/web/src/personnel.component.spec.ts:558:1 › Q25 default activity range omits optional empty timestamps in every initial request
[73/97] [chromium] › apps/web/src/personnel.component.spec.ts:564:1 › Figma original checkbox uses the original check SVG, 20px surface and 6px corners
[74/97] [chromium] › apps/web/src/personnel.component.spec.ts:571:1 › Root Mono shell has the approved white foreground and pale neutral background
[75/97] [chromium] › apps/web/src/personnel.component.spec.ts:575:1 › R3 activity presents readable action, target and safe changes rather than raw protocol JSON
[76/97] [chromium] › apps/web/src/personnel.component.spec.ts:581:1 › Root Mono personnel navigation stays reachable at viewport edges after resize
[77/97] [chromium] › apps/web/src/personnel.component.spec.ts:584:1 › Q34 member table keeps confirmed column geometry and page selection never sends a write
[78/97] [chromium] › apps/web/src/personnel.component.spec.ts:590:1 › Root Mono narrow personnel navigation remains reachable
[79/97] [chromium] › apps/web/src/personnel.component.spec.ts:593:1 › Root Mono surface retains viewport edges after narrow re-entry
[80/97] [chromium] › apps/web/src/personnel.component.spec.ts:598:2 › Figma final view original white plus asset on 身份
[81/97] [chromium] › apps/web/src/personnel.component.spec.ts:598:2 › Figma final view original white plus asset on 权限模板
[82/97] [chromium] › apps/web/src/personnel.component.spec.ts:603:1 › Figma final template permission retains the actual controlled code
[83/97] [chromium] › apps/web/src/personnel.component.spec.ts:606:1 › Figma final identity distinguishes assignable management from trusted Root
[84/97] [chromium] › apps/web/src/personnel.component.spec.ts:609:1 › Figma final activity action filter belongs in the section heading
[85/97] [chromium] › apps/web/src/personnel.component.spec.ts:612:1 › Figma final activity time range retains the right toolbar inset
[86/97] [chromium] › apps/web/src/personnel.component.spec.ts:615:1 › Figma final definition footer retains its source separation line
[87/97] [chromium] › apps/web/src/personnel.component.spec.ts:619:1 › Figma final identity without applications keeps its footer in the original view
[88/97] [chromium] › apps/web/src/personnel.component.spec.ts:622:1 › Q34 successful activity uses Arca body typography and retains the result meaning
[89/97] [chromium] › apps/web/src/personnel.component.spec.ts:628:1 › Root Mono personnel desktop keeps the primary table in the first working area
[90/97] [chromium] › apps/web/src/root-monochrome-shell.component.spec.ts:67:2 › Root Mono P1 unified full-bleed desktop geometry 1440
[91/97] [chromium] › apps/web/src/root-monochrome-shell.component.spec.ts:67:2 › Root Mono P1 unified full-bleed desktop geometry 1280
[92/97] [chromium] › apps/web/src/root-monochrome-shell.component.spec.ts:74:1 › Root Mono P1 ordinary record route retains live table and authorization under the same shell
[93/97] [chromium] › apps/web/src/root-monochrome-shell.component.spec.ts:81:1 › Root Mono P1 administration and back preserve shell and opened application tab
[94/97] [chromium] › apps/web/src/root-monochrome-shell.component.spec.ts:90:1 › Root Mono P1 no invented business data when real catalogue is empty
[95/97] [chromium] › apps/web/src/root-monochrome-shell.component.spec.ts:95:1 › Root Mono P1 confirmed record save still uses authoritative value after visual migration
[96/97] [chromium] › apps/web/src/root-monochrome-shell.component.spec.ts:102:1 › Root Mono P1 reduced-motion route transition does not hide content or duplicate shell
[WebServer] 6:08:26 PM [vite] (client) [console.warn] You have Reduced Motion enabled on your device. Animations may not appear as expected.. For more information and steps for solving, visit https://motion.dev/troubleshooting/reduced-motion-disabled

[97/97] [chromium] › apps/web/src/root-monochrome-shell.component.spec.ts:108:1 › Root Mono P1 account remains a single accessible control and home cannot be closed
  1 failed
    [chromium] › apps/web/src/personnel.component.spec.ts:290:1 › Q31 tabs have no vertical overflow and compact layouts retain keyboard access to the last tab 
  96 passed (3.2m)
