[WebServer] (node:1761) Warning: The 'NO_COLOR' env is ignored due to the 'FORCE_COLOR' env being set.
[WebServer] (Use `node --trace-warnings ...` to show where the warning was created)

[WebServer] (node:1775) Warning: The 'NO_COLOR' env is ignored due to the 'FORCE_COLOR' env being set.
[WebServer] (Use `node --trace-warnings ...` to show where the warning was created)


Running 8 tests using 1 worker

(node:1807) Warning: The 'NO_COLOR' env is ignored due to the 'FORCE_COLOR' env being set.
(Use `node --trace-warnings ...` to show where the warning was created)


[1/8] [chromium] › apps/web/src/root-monochrome-shell.component.spec.ts:67:2 › Root Mono P1 unified full-bleed desktop geometry 1440
  1) [chromium] › apps/web/src/root-monochrome-shell.component.spec.ts:67:2 › Root Mono P1 unified full-bleed desktop geometry 1440 

    Error: expect(locator).toHaveCount(expected) failed

    Locator:  getByTestId('workspace-shell')
    Expected: 1
    Received: 0
    Timeout:  5000ms

    Call log:
      - Expect "toHaveCount" getByTestId('workspace-shell') with timeout 5000ms
      - waiting for getByTestId('workspace-shell')
        14 × locator resolved to 0 elements
           - unexpected value "0"


      48 | const shell = (page:Page)=>page.getByTestId('workspace-shell');
      49 | async function monoGeometry(page:Page,width:number,height:number){
    > 50 |  await expect(shell(page)).toHaveCount(1);
         |                            ^
      51 |  const surface=page.getByTestId('workspace-surface'), rail=page.getByTestId('workspace-rail'), well=page.getByTestId('workspace-content-well');
      52 |  for(const el of [surface,rail,well]) await expect(el).toBeVisible();
      53 |  const s=await surface.boundingBox(),r=await rail.boundingBox(),w=await well.boundingBox();
        at monoGeometry (/workspace/WeaveOS-worktrees/V030-021/apps/web/src/root-monochrome-shell.component.spec.ts:50:28)
        at /workspace/WeaveOS-worktrees/V030-021/apps/web/src/root-monochrome-shell.component.spec.ts:68:96

    Error Context: apps/web/test-results/root-monochrome-shell.comp-848e7-bleed-desktop-geometry-1440-chromium/error-context.md


(node:1897) Warning: The 'NO_COLOR' env is ignored due to the 'FORCE_COLOR' env being set.
(Use `node --trace-warnings ...` to show where the warning was created)


[2/8] [chromium] › apps/web/src/root-monochrome-shell.component.spec.ts:67:2 › Root Mono P1 unified full-bleed desktop geometry 1280
  2) [chromium] › apps/web/src/root-monochrome-shell.component.spec.ts:67:2 › Root Mono P1 unified full-bleed desktop geometry 1280 

    Error: expect(locator).toHaveCount(expected) failed

    Locator:  getByTestId('workspace-shell')
    Expected: 1
    Received: 0
    Timeout:  5000ms

    Call log:
      - Expect "toHaveCount" getByTestId('workspace-shell') with timeout 5000ms
      - waiting for getByTestId('workspace-shell')
        14 × locator resolved to 0 elements
           - unexpected value "0"


      48 | const shell = (page:Page)=>page.getByTestId('workspace-shell');
      49 | async function monoGeometry(page:Page,width:number,height:number){
    > 50 |  await expect(shell(page)).toHaveCount(1);
         |                            ^
      51 |  const surface=page.getByTestId('workspace-surface'), rail=page.getByTestId('workspace-rail'), well=page.getByTestId('workspace-content-well');
      52 |  for(const el of [surface,rail,well]) await expect(el).toBeVisible();
      53 |  const s=await surface.boundingBox(),r=await rail.boundingBox(),w=await well.boundingBox();
        at monoGeometry (/workspace/WeaveOS-worktrees/V030-021/apps/web/src/root-monochrome-shell.component.spec.ts:50:28)
        at /workspace/WeaveOS-worktrees/V030-021/apps/web/src/root-monochrome-shell.component.spec.ts:68:96

    Error Context: apps/web/test-results/root-monochrome-shell.comp-53b9d-bleed-desktop-geometry-1280-chromium/error-context.md


(node:1972) Warning: The 'NO_COLOR' env is ignored due to the 'FORCE_COLOR' env being set.
(Use `node --trace-warnings ...` to show where the warning was created)


[3/8] [chromium] › apps/web/src/root-monochrome-shell.component.spec.ts:74:1 › Root Mono P1 ordinary record route retains live table and authorization under the same shell
  3) [chromium] › apps/web/src/root-monochrome-shell.component.spec.ts:74:1 › Root Mono P1 ordinary record route retains live table and authorization under the same shell 

    Error: expect(locator).toHaveCount(expected) failed

    Locator:  getByTestId('workspace-shell')
    Expected: 1
    Received: 0
    Timeout:  5000ms

    Call log:
      - Expect "toHaveCount" getByTestId('workspace-shell') with timeout 5000ms
      - waiting for getByTestId('workspace-shell')
        14 × locator resolved to 0 elements
           - unexpected value "0"


      48 | const shell = (page:Page)=>page.getByTestId('workspace-shell');
      49 | async function monoGeometry(page:Page,width:number,height:number){
    > 50 |  await expect(shell(page)).toHaveCount(1);
         |                            ^
      51 |  const surface=page.getByTestId('workspace-surface'), rail=page.getByTestId('workspace-rail'), well=page.getByTestId('workspace-content-well');
      52 |  for(const el of [surface,rail,well]) await expect(el).toBeVisible();
      53 |  const s=await surface.boundingBox(),r=await rail.boundingBox(),w=await well.boundingBox();
        at monoGeometry (/workspace/WeaveOS-worktrees/V030-021/apps/web/src/root-monochrome-shell.component.spec.ts:50:28)
        at /workspace/WeaveOS-worktrees/V030-021/apps/web/src/root-monochrome-shell.component.spec.ts:76:76

    Error Context: apps/web/test-results/root-monochrome-shell.comp-410d2-zation-under-the-same-shell-chromium/error-context.md


(node:2048) Warning: The 'NO_COLOR' env is ignored due to the 'FORCE_COLOR' env being set.
(Use `node --trace-warnings ...` to show where the warning was created)


[4/8] [chromium] › apps/web/src/root-monochrome-shell.component.spec.ts:81:1 › Root Mono P1 administration and back preserve shell and opened application tab
  4) [chromium] › apps/web/src/root-monochrome-shell.component.spec.ts:81:1 › Root Mono P1 administration and back preserve shell and opened application tab 

    Test timeout of 30000ms exceeded.

    Error: locator.elementHandle: Test timeout of 30000ms exceeded.
    Call log:
      - waiting for getByTestId('workspace-shell')


      81 | test('Root Mono P1 administration and back preserve shell and opened application tab',async({page})=>{
      82 |  await fixture(page);await page.goto(routePath);await expect(page.getByRole('region',{name:'记录工作区'})).toBeVisible();
    > 83 |  const root=await shell(page).elementHandle();await expect(root).not.toBeNull();
         |                               ^
      84 |  const tabs=page.getByRole('navigation',{name:'全局应用标签'});await expect(tabs.getByRole('button',{name:app.name,exact:true})).toBeVisible();
      85 |  await page.getByTestId('workspace-nav-admin').click();await expect(page).toHaveURL(/\/app\/admin$/);await expect(shell(page)).toHaveCount(1);
      86 |  expect(await root!.evaluate(n=>n.isConnected)).toBe(true);
        at /workspace/WeaveOS-worktrees/V030-021/apps/web/src/root-monochrome-shell.component.spec.ts:83:31

    Error Context: apps/web/test-results/root-monochrome-shell.comp-0b547--and-opened-application-tab-chromium/error-context.md


(node:2154) Warning: The 'NO_COLOR' env is ignored due to the 'FORCE_COLOR' env being set.
(Use `node --trace-warnings ...` to show where the warning was created)


[5/8] [chromium] › apps/web/src/root-monochrome-shell.component.spec.ts:90:1 › Root Mono P1 no invented business data when real catalogue is empty
  5) [chromium] › apps/web/src/root-monochrome-shell.component.spec.ts:90:1 › Root Mono P1 no invented business data when real catalogue is empty 

    Error: expect(locator).toBeVisible() failed

    Locator: getByTestId('workspace-shell')
    Expected: visible
    Timeout: 5000ms
    Error: element(s) not found

    Call log:
      - Expect "toBeVisible" getByTestId('workspace-shell') with timeout 5000ms
      - waiting for getByTestId('workspace-shell')


      89 | });
      90 | test('Root Mono P1 no invented business data when real catalogue is empty',async({page})=>{
    > 91 |  await fixture(page);await page.route('**/api/v1/applications',r=>r.fulfill({json:ok({items:[]})}));await page.goto('/app');await expect(shell(page)).toBeVisible();
         |                                                                                                                                                       ^
      92 |  await expect(page.getByText('暂无可用应用',{exact:true})).toBeVisible();
      93 |  for(const text of ['上海出差 · 差旅报销','产品周会','林晓','核对差旅报销']) await expect(page.getByText(text,{exact:true})).toHaveCount(0);
      94 | });
        at /workspace/WeaveOS-worktrees/V030-021/apps/web/src/root-monochrome-shell.component.spec.ts:91:151

    Error Context: apps/web/test-results/root-monochrome-shell.comp-e46e3-hen-real-catalogue-is-empty-chromium/error-context.md


(node:2228) Warning: The 'NO_COLOR' env is ignored due to the 'FORCE_COLOR' env being set.
(Use `node --trace-warnings ...` to show where the warning was created)


[6/8] [chromium] › apps/web/src/root-monochrome-shell.component.spec.ts:95:1 › Root Mono P1 confirmed record save still uses authoritative value after visual migration
[7/8] [chromium] › apps/web/src/root-monochrome-shell.component.spec.ts:102:1 › Root Mono P1 reduced-motion route transition does not hide content or duplicate shell
[WebServer] 5:27:46 PM [vite] (client) [console.warn] You have Reduced Motion enabled on your device. Animations may not appear as expected.. For more information and steps for solving, visit https://motion.dev/troubleshooting/reduced-motion-disabled

  6) [chromium] › apps/web/src/root-monochrome-shell.component.spec.ts:102:1 › Root Mono P1 reduced-motion route transition does not hide content or duplicate shell 

    Test timeout of 30000ms exceeded.

    Error: locator.elementHandle: Test timeout of 30000ms exceeded.
    Call log:
      - waiting for getByTestId('workspace-shell')


      102 | test('Root Mono P1 reduced-motion route transition does not hide content or duplicate shell',async({page})=>{
      103 |  await page.emulateMedia({reducedMotion:'reduce'});await fixture(page);await page.goto(routePath);
    > 104 |  await expect(page.getByRole('region',{name:'记录工作区'})).toBeVisible();const root=await shell(page).elementHandle();
          |                                                                                                   ^
      105 |  await page.getByTestId('workspace-nav-home').click();await expect(page).toHaveURL(/\/app$/);await expect(shell(page)).toHaveCount(1);expect(await root!.evaluate(n=>n.isConnected)).toBe(true);
      106 |  const geometry=await shell(page).boundingBox();expect(geometry!.width).toBeGreaterThan(0);
      107 | });
        at /workspace/WeaveOS-worktrees/V030-021/apps/web/src/root-monochrome-shell.component.spec.ts:104:99

    Error Context: apps/web/test-results/root-monochrome-shell.comp-b0bc2--content-or-duplicate-shell-chromium/error-context.md


(node:2376) Warning: The 'NO_COLOR' env is ignored due to the 'FORCE_COLOR' env being set.
(Use `node --trace-warnings ...` to show where the warning was created)


[8/8] [chromium] › apps/web/src/root-monochrome-shell.component.spec.ts:108:1 › Root Mono P1 account remains a single accessible control and home cannot be closed
  7) [chromium] › apps/web/src/root-monochrome-shell.component.spec.ts:108:1 › Root Mono P1 account remains a single accessible control and home cannot be closed 

    Error: expect(locator).toBeVisible() failed

    Locator: getByTestId('workspace-shell')
    Expected: visible
    Timeout: 5000ms
    Error: element(s) not found

    Call log:
      - Expect "toBeVisible" getByTestId('workspace-shell') with timeout 5000ms
      - waiting for getByTestId('workspace-shell')


      107 | });
      108 | test('Root Mono P1 account remains a single accessible control and home cannot be closed',async({page})=>{
    > 109 |  await fixture(page);await page.goto('/app');await expect(shell(page)).toBeVisible();
          |                                                                        ^
      110 |  await expect(page.getByRole('button',{name:'账号',exact:true})).toHaveCount(1);
      111 |  const tabs=page.getByRole('navigation',{name:'全局应用标签'});
      112 |  await expect(tabs.getByRole('button',{name:/关闭.*(首页|工作台)/})).toHaveCount(0);
        at /workspace/WeaveOS-worktrees/V030-021/apps/web/src/root-monochrome-shell.component.spec.ts:109:72

    Error Context: apps/web/test-results/root-monochrome-shell.comp-d4706-l-and-home-cannot-be-closed-chromium/error-context.md


  7 failed
    [chromium] › apps/web/src/root-monochrome-shell.component.spec.ts:67:2 › Root Mono P1 unified full-bleed desktop geometry 1440 
    [chromium] › apps/web/src/root-monochrome-shell.component.spec.ts:67:2 › Root Mono P1 unified full-bleed desktop geometry 1280 
    [chromium] › apps/web/src/root-monochrome-shell.component.spec.ts:74:1 › Root Mono P1 ordinary record route retains live table and authorization under the same shell 
    [chromium] › apps/web/src/root-monochrome-shell.component.spec.ts:81:1 › Root Mono P1 administration and back preserve shell and opened application tab 
    [chromium] › apps/web/src/root-monochrome-shell.component.spec.ts:90:1 › Root Mono P1 no invented business data when real catalogue is empty 
    [chromium] › apps/web/src/root-monochrome-shell.component.spec.ts:102:1 › Root Mono P1 reduced-motion route transition does not hide content or duplicate shell 
    [chromium] › apps/web/src/root-monochrome-shell.component.spec.ts:108:1 › Root Mono P1 account remains a single accessible control and home cannot be closed 
  1 passed (1.6m)
