[WebServer] (node:33367) Warning: The 'NO_COLOR' env is ignored due to the 'FORCE_COLOR' env being set.
[WebServer] (Use `node --trace-warnings ...` to show where the warning was created)

[WebServer] (node:33381) Warning: The 'NO_COLOR' env is ignored due to the 'FORCE_COLOR' env being set.
[WebServer] (Use `node --trace-warnings ...` to show where the warning was created)


Running 2 tests using 1 worker

(node:33410) Warning: The 'NO_COLOR' env is ignored due to the 'FORCE_COLOR' env being set.
(Use `node --trace-warnings ...` to show where the warning was created)


[1/2] [chromium] › apps/web/src/q36-b2.component.spec.ts:349:50 › Q36 B2 engine outside pointer and keyboard navigation keep their new focus
  1) [chromium] › apps/web/src/q36-b2.component.spec.ts:349:50 › Q36 B2 engine outside pointer and keyboard navigation keep their new focus 

    Test timeout of 30000ms exceeded.

    Error: locator.click: Test timeout of 30000ms exceeded.
    Call log:
      - waiting for getByLabel('选择当前页成员', { exact: true })
        - locator resolved to <button id="_r_6_" tabindex="0" type="button" role="checkbox" aria-checked="false" aria-label="选择当前页成员" data-state="unchecked" class="inline-flex h-5 w-5 shrink-0 items-center justify-center rounded-md border-2 outline-none transition-colors duration-200 focus-visible:ring-2 focus-visible:ring-ring focus-visible:ring-offset-2 focus-visible:ring-offset-background disabled:cursor-not-allowed disabled:opacity-60 border-muted-foreground/50 bg-background hover:border-muted-foreground"></button>
      - attempting click action
        2 × waiting for element to be visible, enabled and stable
          - element is visible, enabled and stable
          - scrolling into view if needed
          - done scrolling
          - <div id="_r_1_" data-open="" role="dialog" tabindex="-1" data-align="end" data-side="bottom" aria-hidden="false" aria-label="管理自定义筛选" data-base-ui-focusable="" aria-labelledby="base-ui-_r_9_" class="preset-popup preset-manager">…</div> from <div id="_r_4_" data-base-ui-portal="">…</div> subtree intercepts pointer events
        - retrying click action
        - waiting 20ms
        2 × waiting for element to be visible, enabled and stable
          - element is visible, enabled and stable
          - scrolling into view if needed
          - done scrolling
          - <div id="_r_1_" data-open="" role="dialog" tabindex="-1" data-align="end" data-side="bottom" aria-hidden="false" aria-label="管理自定义筛选" data-base-ui-focusable="" aria-labelledby="base-ui-_r_9_" class="preset-popup preset-manager">…</div> from <div id="_r_4_" data-base-ui-portal="">…</div> subtree intercepts pointer events
        - retrying click action
          - waiting 100ms
        - waiting for element to be visible, enabled and stable
        - element is visible, enabled and stable
        - scrolling into view if needed
        - done scrolling
        - <div id="_r_1_" data-open="" role="dialog" tabindex="-1" data-align="end" data-side="bottom" aria-hidden="false" aria-label="管理自定义筛选" data-base-ui-focusable="" aria-labelledby="base-ui-_r_9_" class="preset-popup preset-manager">…</div> from <div id="_r_4_" data-base-ui-portal="">…</div> subtree intercepts pointer events
      52 × retrying click action
           - waiting 500ms
           - waiting for element to be visible, enabled and stable
           - element is visible, enabled and stable
           - scrolling into view if needed
           - done scrolling
           - <div class="preset-body">…</div> from <div id="_r_4_" data-base-ui-portal="">…</div> subtree intercepts pointer events
      - retrying click action
        - waiting 500ms


      350 |  if(mode==='fallback')await page.addInitScript(()=>Object.defineProperty(document,'startViewTransition',{value:undefined,configurable:true}));await focusFixture(page);
      351 |  const trigger=page.getByRole('button',{name:'自定义筛选',exact:true}),panel=page.getByRole('dialog',{name:'管理自定义筛选',exact:true}),search=page.getByLabel('选择当前页成员',{exact:true});
    > 352 |  await trigger.click();await expect(panel).toBeVisible();await search.click();await expect(panel).toBeHidden();await expect(search).toBeFocused();
          |                                                                       ^
      353 |  await page.waitForFunction(()=>!document.documentElement.classList.contains('q36-preset-transition-active')&&document.getAnimations().every(a=>a.playState!=='running'||!(a.effect instanceof KeyframeEffect)||(!(a.effect.target as Element|null)?.classList?.contains('q36-filter-shell')&&!a.effect.pseudoElement?.startsWith('::view-transition'))));
      354 |  await expect(search).toBeFocused();await trigger.click();await expect(panel).toBeVisible();await page.keyboard.press('Escape');await expect(trigger).toBeFocused();await page.keyboard.press('Tab');await expect(trigger).not.toBeFocused();
      355 | });
        at /workspace/WeaveOS-worktrees/V030-021/apps/web/src/q36-b2.component.spec.ts:352:71

    Error Context: apps/web/test-results/q36-b2.component-Q36-B2-en-e40e8-gation-keep-their-new-focus-chromium/error-context.md


(node:33496) Warning: The 'NO_COLOR' env is ignored due to the 'FORCE_COLOR' env being set.
(Use `node --trace-warnings ...` to show where the warning was created)


[2/2] [chromium] › apps/web/src/q36-b2.component.spec.ts:349:50 › Q36 B2 fallback outside pointer and keyboard navigation keep their new focus
  2) [chromium] › apps/web/src/q36-b2.component.spec.ts:349:50 › Q36 B2 fallback outside pointer and keyboard navigation keep their new focus 

    Test timeout of 30000ms exceeded.

    Error: locator.click: Test timeout of 30000ms exceeded.
    Call log:
      - waiting for getByLabel('选择当前页成员', { exact: true })
        - locator resolved to <button id="_r_6_" tabindex="0" type="button" role="checkbox" aria-checked="false" aria-label="选择当前页成员" data-state="unchecked" class="inline-flex h-5 w-5 shrink-0 items-center justify-center rounded-md border-2 outline-none transition-colors duration-200 focus-visible:ring-2 focus-visible:ring-ring focus-visible:ring-offset-2 focus-visible:ring-offset-background disabled:cursor-not-allowed disabled:opacity-60 border-muted-foreground/50 bg-background hover:border-muted-foreground"></button>
      - attempting click action
        2 × waiting for element to be visible, enabled and stable
          - element is visible, enabled and stable
          - scrolling into view if needed
          - done scrolling
          - <div class="preset-body">…</div> from <div id="_r_4_" data-base-ui-portal="">…</div> subtree intercepts pointer events
        - retrying click action
        - waiting 20ms
        2 × waiting for element to be visible, enabled and stable
          - element is visible, enabled and stable
          - scrolling into view if needed
          - done scrolling
          - <div class="preset-body">…</div> from <div id="_r_4_" data-base-ui-portal="">…</div> subtree intercepts pointer events
        - retrying click action
          - waiting 100ms
        54 × waiting for element to be visible, enabled and stable
           - element is visible, enabled and stable
           - scrolling into view if needed
           - done scrolling
           - <div class="preset-body">…</div> from <div id="_r_4_" data-base-ui-portal="">…</div> subtree intercepts pointer events
         - retrying click action
           - waiting 500ms


      350 |  if(mode==='fallback')await page.addInitScript(()=>Object.defineProperty(document,'startViewTransition',{value:undefined,configurable:true}));await focusFixture(page);
      351 |  const trigger=page.getByRole('button',{name:'自定义筛选',exact:true}),panel=page.getByRole('dialog',{name:'管理自定义筛选',exact:true}),search=page.getByLabel('选择当前页成员',{exact:true});
    > 352 |  await trigger.click();await expect(panel).toBeVisible();await search.click();await expect(panel).toBeHidden();await expect(search).toBeFocused();
          |                                                                       ^
      353 |  await page.waitForFunction(()=>!document.documentElement.classList.contains('q36-preset-transition-active')&&document.getAnimations().every(a=>a.playState!=='running'||!(a.effect instanceof KeyframeEffect)||(!(a.effect.target as Element|null)?.classList?.contains('q36-filter-shell')&&!a.effect.pseudoElement?.startsWith('::view-transition'))));
      354 |  await expect(search).toBeFocused();await trigger.click();await expect(panel).toBeVisible();await page.keyboard.press('Escape');await expect(trigger).toBeFocused();await page.keyboard.press('Tab');await expect(trigger).not.toBeFocused();
      355 | });
        at /workspace/WeaveOS-worktrees/V030-021/apps/web/src/q36-b2.component.spec.ts:352:71

    Error Context: apps/web/test-results/q36-b2.component-Q36-B2-fa-15109-gation-keep-their-new-focus-chromium/error-context.md


  2 failed
    [chromium] › apps/web/src/q36-b2.component.spec.ts:349:50 › Q36 B2 engine outside pointer and keyboard navigation keep their new focus 
    [chromium] › apps/web/src/q36-b2.component.spec.ts:349:50 › Q36 B2 fallback outside pointer and keyboard navigation keep their new focus 
