product	Runtime configuration, crypto, failure handling and dependency security	﻿2026-10-05T06:14:51.5836864Z ##[group]Run node --test infra/runtime/rollback-security.test.mjs infra/runtime/artifacts.test.mjs infra/runtime/storage-version.test.mjs infra/runtime/config.test.mjs infra/runtime/backup-crypto.test.mjs infra/runtime/recovery.test.mjs infra/runtime/monitor.test.mjs infra/runtime/cli.test.mjs infra/runtime/advisory-review.test.mjs infra/runtime/security.test.mjs
product	Runtime configuration, crypto, failure handling and dependency security	2026-10-05T06:14:51.5840153Z [36;1mnode --test infra/runtime/rollback-security.test.mjs infra/runtime/artifacts.test.mjs infra/runtime/storage-version.test.mjs infra/runtime/config.test.mjs infra/runtime/backup-crypto.test.mjs infra/runtime/recovery.test.mjs infra/runtime/monitor.test.mjs infra/runtime/cli.test.mjs infra/runtime/advisory-review.test.mjs infra/runtime/security.test.mjs[0m
product	Runtime configuration, crypto, failure handling and dependency security	2026-10-05T06:14:51.5910248Z shell: /usr/bin/bash -e {0}
product	Runtime configuration, crypto, failure handling and dependency security	2026-10-05T06:14:51.5910520Z ##[endgroup]
product	Runtime configuration, crypto, failure handling and dependency security	2026-10-05T06:14:51.6943359Z ✔ reviewed grpc advisory requires the exact verified release and fresh transport regression (1.57848ms)
product	Runtime configuration, crypto, failure handling and dependency security	2026-10-05T06:14:51.6945521Z ✔ missing evidence never suppresses an advisory (0.271668ms)
product	Runtime configuration, crypto, failure handling and dependency security	2026-10-05T06:14:51.6956064Z ✔ other module version sum replacement or source never inherits the review (0.466151ms)
product	Runtime configuration, crypto, failure handling and dependency security	2026-10-05T06:14:51.6957963Z ✔ failed skipped absent duplicate or nonzero-exit regression cannot justify the review (1.110285ms)
product	Runtime configuration, crypto, failure handling and dependency security	2026-10-05T06:14:51.6960559Z ✔ the review does not create a blanket version or vulnerability exemption (0.245058ms)
product	Runtime configuration, crypto, failure handling and dependency security	2026-10-05T06:14:53.2994057Z Unable to find image 'golang:1.27.1@sha256:3680233e3204827fbdc66088528ae6d4b3d034f51d03a99d454f6de034888244' locally
product	Runtime configuration, crypto, failure handling and dependency security	2026-10-05T06:14:53.4573470Z docker.io/library/golang@sha256:3680233e3204827fbdc66088528ae6d4b3d034f51d03a99d454f6de034888244: Pulling from library/golang
product	Runtime configuration, crypto, failure handling and dependency security	2026-10-05T06:14:53.4793711Z 4f4fb700ef54: Pulling fs layer
product	Runtime configuration, crypto, failure handling and dependency security	2026-10-05T06:14:53.4806195Z 38985a14f2b1: Pulling fs layer
product	Runtime configuration, crypto, failure handling and dependency security	2026-10-05T06:14:53.4806798Z 0069ea6125d2: Pulling fs layer
product	Runtime configuration, crypto, failure handling and dependency security	2026-10-05T06:14:53.4807295Z ef1dbfdbb5d5: Pulling fs layer
product	Runtime configuration, crypto, failure handling and dependency security	2026-10-05T06:14:53.4808175Z 42f0cc32f2e3: Pulling fs layer
product	Runtime configuration, crypto, failure handling and dependency security	2026-10-05T06:14:53.4808681Z 0f84d036a453: Pulling fs layer
product	Runtime configuration, crypto, failure handling and dependency security	2026-10-05T06:14:53.4809158Z 6eefb2f5d3e9: Pulling fs layer
product	Runtime configuration, crypto, failure handling and dependency security	2026-10-05T06:15:08.0484637Z Digest: sha256:3680233e3204827fbdc66088528ae6d4b3d034f51d03a99d454f6de034888244
product	Runtime configuration, crypto, failure handling and dependency security	2026-10-05T06:15:08.0486409Z Status: Downloaded newer image for golang@sha256:3680233e3204827fbdc66088528ae6d4b3d034f51d03a99d454f6de034888244
product	Runtime configuration, crypto, failure handling and dependency security	2026-10-05T06:16:38.7469069Z 
product	Runtime configuration, crypto, failure handling and dependency security	2026-10-05T06:16:38.7470255Z added 1 package in 2s
product	Runtime configuration, crypto, failure handling and dependency security	2026-10-05T06:16:38.7470560Z 
product	Runtime configuration, crypto, failure handling and dependency security	2026-10-05T06:16:38.7471017Z 1 package is looking for funding
product	Runtime configuration, crypto, failure handling and dependency security	2026-10-05T06:16:38.7471624Z   run `npm fund` for details
product	Runtime configuration, crypto, failure handling and dependency security	2026-10-05T06:16:39.4584383Z Scope: all 2 workspace projects
product	Runtime configuration, crypto, failure handling and dependency security	2026-10-05T06:16:39.5093978Z Lockfile is up to date, resolution step is skipped
product	Runtime configuration, crypto, failure handling and dependency security	2026-10-05T06:16:40.1407551Z Progress: resolved 1, reused 0, downloaded 0, added 0
product	Runtime configuration, crypto, failure handling and dependency security	2026-10-05T06:16:40.1765959Z Packages: +71
product	Runtime configuration, crypto, failure handling and dependency security	2026-10-05T06:16:40.1767357Z +++++++++++++++++++++++++++++++++++++++++++++++++++++++++++++++++++++++
product	Runtime configuration, crypto, failure handling and dependency security	2026-10-05T06:16:41.1393431Z Progress: resolved 71, reused 0, downloaded 25, added 8
product	Runtime configuration, crypto, failure handling and dependency security	2026-10-05T06:16:42.1425384Z Progress: resolved 71, reused 0, downloaded 29, added 9
product	Runtime configuration, crypto, failure handling and dependency security	2026-10-05T06:16:43.2625195Z Progress: resolved 71, reused 0, downloaded 60, added 19
product	Runtime configuration, crypto, failure handling and dependency security	2026-10-05T06:16:44.1418509Z Progress: resolved 71, reused 0, downloaded 71, added 67
product	Runtime configuration, crypto, failure handling and dependency security	2026-10-05T06:16:45.1423205Z Progress: resolved 71, reused 0, downloaded 71, added 70
product	Runtime configuration, crypto, failure handling and dependency security	2026-10-05T06:16:45.7448572Z Progress: resolved 71, reused 0, downloaded 71, added 71, done
product	Runtime configuration, crypto, failure handling and dependency security	2026-10-05T06:16:45.9104809Z 
product	Runtime configuration, crypto, failure handling and dependency security	2026-10-05T06:16:45.9105543Z devDependencies:
product	Runtime configuration, crypto, failure handling and dependency security	2026-10-05T06:16:45.9106140Z + @playwright/test 1.63.0
product	Runtime configuration, crypto, failure handling and dependency security	2026-10-05T06:16:45.9106684Z + @redocly/cli 2.54.2
product	Runtime configuration, crypto, failure handling and dependency security	2026-10-05T06:16:45.9107170Z + @types/node 24.0.0
product	Runtime configuration, crypto, failure handling and dependency security	2026-10-05T06:16:45.9107920Z + typescript 5.9.3
product	Runtime configuration, crypto, failure handling and dependency security	2026-10-05T06:16:45.9108236Z 
product	Runtime configuration, crypto, failure handling and dependency security	2026-10-05T06:16:45.9224249Z Done in 7s using pnpm v10.28.2
product	Runtime configuration, crypto, failure handling and dependency security	2026-10-05T06:16:46.4370307Z 
product	Runtime configuration, crypto, failure handling and dependency security	2026-10-05T06:16:46.4371075Z > weaveos@0.1.0 build /repo
product	Runtime configuration, crypto, failure handling and dependency security	2026-10-05T06:16:46.4371867Z > pnpm --filter @weaveos/web build
product	Runtime configuration, crypto, failure handling and dependency security	2026-10-05T06:16:46.4372329Z 
product	Runtime configuration, crypto, failure handling and dependency security	2026-10-05T06:16:46.9194008Z 
product	Runtime configuration, crypto, failure handling and dependency security	2026-10-05T06:16:46.9194941Z > @weaveos/web@0.1.0 build /repo/apps/web
product	Runtime configuration, crypto, failure handling and dependency security	2026-10-05T06:16:46.9195697Z > vite build
product	Runtime configuration, crypto, failure handling and dependency security	2026-10-05T06:16:46.9196042Z 
product	Runtime configuration, crypto, failure handling and dependency security	2026-10-05T06:16:47.3664589Z [36mvite v8.0.16 [32mbuilding client environment for production...[36m[39m
product	Runtime configuration, crypto, failure handling and dependency security	2026-10-05T06:16:47.3772649Z [2K
product	Runtime configuration, crypto, failure handling and dependency security	2026-10-05T06:16:48.5728601Z transforming...✓ 7095 modules transformed.
product	Runtime configuration, crypto, failure handling and dependency security	2026-10-05T06:16:48.7989344Z rendering chunks...
product	Runtime configuration, crypto, failure handling and dependency security	2026-10-05T06:16:49.2581273Z computing gzip size...
product	Runtime configuration, crypto, failure handling and dependency security	2026-10-05T06:16:49.2820650Z dist/index.html                                                0.35 kB │ gzip:   0.26 kB
product	Runtime configuration, crypto, failure handling and dependency security	2026-10-05T06:16:49.2822233Z dist/assets/geist-cyrillic-ext-wght-normal-DjL33-gN.woff2      7.42 kB
product	Runtime configuration, crypto, failure handling and dependency security	2026-10-05T06:16:49.2823607Z dist/assets/geist-vietnamese-wght-normal-6IgcOCM7.woff2        8.00 kB
product	Runtime configuration, crypto, failure handling and dependency security	2026-10-05T06:16:49.2824739Z dist/assets/geist-cyrillic-wght-normal-BEAKL7Jp.woff2         15.08 kB
product	Runtime configuration, crypto, failure handling and dependency security	2026-10-05T06:16:49.2825854Z dist/assets/geist-latin-ext-wght-normal-DC-KSUi6.woff2        16.51 kB
product	Runtime configuration, crypto, failure handling and dependency security	2026-10-05T06:16:49.2826993Z dist/assets/geist-latin-wght-normal-BgDaEnEv.woff2            29.40 kB
product	Runtime configuration, crypto, failure handling and dependency security	2026-10-05T06:16:49.2828544Z dist/assets/index-D5JeySWJ.css                               118.08 kB │ gzip:  21.22 kB
product	Runtime configuration, crypto, failure handling and dependency security	2026-10-05T06:16:49.2829865Z dist/assets/index-vC8xiP_U.js                              1,007.00 kB │ gzip: 316.93 kB
product	Runtime configuration, crypto, failure handling and dependency security	2026-10-05T06:16:49.2830506Z 
product	Runtime configuration, crypto, failure handling and dependency security	2026-10-05T06:16:49.2848342Z [33m[plugin builtin:vite-reporter] 
product	Runtime configuration, crypto, failure handling and dependency security	2026-10-05T06:16:49.2852454Z (!) Some chunks are larger than 500 kB after minification. Consider:
product	Runtime configuration, crypto, failure handling and dependency security	2026-10-05T06:16:49.2853704Z - Using dynamic import() to code-split the application
product	Runtime configuration, crypto, failure handling and dependency security	2026-10-05T06:16:49.2855334Z - Use build.rolldownOptions.output.codeSplitting to improve chunking: https://rolldown.rs/reference/OutputOptions.codeSplitting
product	Runtime configuration, crypto, failure handling and dependency security	2026-10-05T06:16:49.2857095Z - Adjust chunk size limit for this warning via build.chunkSizeWarningLimit.[39m
product	Runtime configuration, crypto, failure handling and dependency security	2026-10-05T06:16:49.2858334Z [32m✓ built in 1.93s[39m
product	Runtime configuration, crypto, failure handling and dependency security	2026-10-05T06:16:50.3777900Z #0 building with "setup-docker-action" instance using docker driver
product	Runtime configuration, crypto, failure handling and dependency security	2026-10-05T06:16:50.3779438Z 
product	Runtime configuration, crypto, failure handling and dependency security	2026-10-05T06:16:50.3779990Z #1 [internal] load build definition from bff.Dockerfile
product	Runtime configuration, crypto, failure handling and dependency security	2026-10-05T06:16:50.5444699Z #1 transferring dockerfile: 232B done
product	Runtime configuration, crypto, failure handling and dependency security	2026-10-05T06:16:50.5445623Z #1 DONE 0.0s
product	Runtime configuration, crypto, failure handling and dependency security	2026-10-05T06:16:50.5445980Z 
product	Runtime configuration, crypto, failure handling and dependency security	2026-10-05T06:16:50.5447125Z #2 [internal] load metadata for docker.io/library/debian:bookworm-slim@sha256:3783cc01769c7b2b1b83a5c5ad96c815348e28ed7da68e2e3687004faa906251
product	Runtime configuration, crypto, failure handling and dependency security	2026-10-05T06:16:50.5448472Z #2 DONE 0.0s
product	Runtime configuration, crypto, failure handling and dependency security	2026-10-05T06:16:50.5448673Z 
product	Runtime configuration, crypto, failure handling and dependency security	2026-10-05T06:16:50.5448918Z #3 [internal] load .dockerignore
product	Runtime configuration, crypto, failure handling and dependency security	2026-10-05T06:16:50.5449436Z #3 transferring context: 2B done
product	Runtime configuration, crypto, failure handling and dependency security	2026-10-05T06:16:50.5449849Z #3 DONE 0.0s
product	Runtime configuration, crypto, failure handling and dependency security	2026-10-05T06:16:50.5450048Z 
product	Runtime configuration, crypto, failure handling and dependency security	2026-10-05T06:16:50.5450271Z #4 [internal] load build context
product	Runtime configuration, crypto, failure handling and dependency security	2026-10-05T06:16:50.6853550Z #4 ...
product	Runtime configuration, crypto, failure handling and dependency security	2026-10-05T06:16:50.6854251Z 
product	Runtime configuration, crypto, failure handling and dependency security	2026-10-05T06:16:50.6855515Z #5 [1/2] FROM docker.io/library/debian:bookworm-slim@sha256:3783cc01769c7b2b1b83a5c5ad96c815348e28ed7da68e2e3687004faa906251
product	Runtime configuration, crypto, failure handling and dependency security	2026-10-05T06:16:50.6858289Z #5 resolve docker.io/library/debian:bookworm-slim@sha256:3783cc01769c7b2b1b83a5c5ad96c815348e28ed7da68e2e3687004faa906251 0.2s done
product	Runtime configuration, crypto, failure handling and dependency security	2026-10-05T06:16:50.6859659Z #5 DONE 0.3s
product	Runtime configuration, crypto, failure handling and dependency security	2026-10-05T06:16:50.6860160Z 
product	Runtime configuration, crypto, failure handling and dependency security	2026-10-05T06:16:50.6860592Z #4 [internal] load build context
product	Runtime configuration, crypto, failure handling and dependency security	2026-10-05T06:16:51.0449316Z #4 transferring context: 68.25MB 0.5s done
product	Runtime configuration, crypto, failure handling and dependency security	2026-10-05T06:16:51.0457015Z #4 DONE 0.5s
product	Runtime configuration, crypto, failure handling and dependency security	2026-10-05T06:16:51.0457733Z 
product	Runtime configuration, crypto, failure handling and dependency security	2026-10-05T06:16:51.0458438Z #6 [2/2] COPY --chmod=0555 bff audit-read audit-maintenance /app/
product	Runtime configuration, crypto, failure handling and dependency security	2026-10-05T06:16:51.0459263Z #6 DONE 0.1s
product	Runtime configuration, crypto, failure handling and dependency security	2026-10-05T06:16:51.1973393Z 
product	Runtime configuration, crypto, failure handling and dependency security	2026-10-05T06:16:51.1975057Z #7 exporting to oci image format
product	Runtime configuration, crypto, failure handling and dependency security	2026-10-05T06:16:51.1975950Z #7 exporting layers
product	Runtime configuration, crypto, failure handling and dependency security	2026-10-05T06:16:54.2003687Z #7 exporting layers 3.2s done
product	Runtime configuration, crypto, failure handling and dependency security	2026-10-05T06:16:54.3644624Z #7 exporting manifest sha256:59eb4f92c805ea3401ac5ab0943ca6a5313c57172eba360183eccff19fb41722 done
product	Runtime configuration, crypto, failure handling and dependency security	2026-10-05T06:16:54.3647579Z #7 exporting config sha256:201484cfdae3e62e88b530424fd8baae5400640e2190756a8eda4bd77618126e done
product	Runtime configuration, crypto, failure handling and dependency security	2026-10-05T06:16:54.3648966Z #7 sending tarball
product	Runtime configuration, crypto, failure handling and dependency security	2026-10-05T06:16:55.5687226Z #7 sending tarball 1.4s done
product	Runtime configuration, crypto, failure handling and dependency security	2026-10-05T06:16:55.5689512Z #7 DONE 4.5s
product	Runtime configuration, crypto, failure handling and dependency security	2026-10-05T06:16:55.6186291Z 
product	Runtime configuration, crypto, failure handling and dependency security	2026-10-05T06:16:55.6188280Z #8 resolving provenance for metadata file
product	Runtime configuration, crypto, failure handling and dependency security	2026-10-05T06:16:55.6189168Z #8 DONE 0.0s
product	Runtime configuration, crypto, failure handling and dependency security	2026-10-05T06:16:56.3963090Z Loaded image: weaveos-v010-008-bff:81bc05e0c2641b1cf2077a110db6fb8cd4d22995
product	Runtime configuration, crypto, failure handling and dependency security	2026-10-05T06:16:56.8525959Z #0 building with "setup-docker-action" instance using docker driver
product	Runtime configuration, crypto, failure handling and dependency security	2026-10-05T06:16:56.8526553Z 
product	Runtime configuration, crypto, failure handling and dependency security	2026-10-05T06:16:56.8526925Z #1 [internal] load build definition from web.Dockerfile
product	Runtime configuration, crypto, failure handling and dependency security	2026-10-05T06:16:56.8527828Z #1 transferring dockerfile: 202B done
product	Runtime configuration, crypto, failure handling and dependency security	2026-10-05T06:16:56.8528352Z #1 DONE 0.0s
product	Runtime configuration, crypto, failure handling and dependency security	2026-10-05T06:16:56.8528547Z 
product	Runtime configuration, crypto, failure handling and dependency security	2026-10-05T06:16:56.8528943Z #2 [auth] library/nginx:pull token for registry-1.docker.io
product	Runtime configuration, crypto, failure handling and dependency security	2026-10-05T06:16:56.8529506Z #2 DONE 0.0s
product	Runtime configuration, crypto, failure handling and dependency security	2026-10-05T06:16:56.8529700Z 
product	Runtime configuration, crypto, failure handling and dependency security	2026-10-05T06:16:56.8530677Z #3 [internal] load metadata for docker.io/library/nginx:1.30.5@sha256:b972f831f200b19ef0767938224f9711e74cd783718738cd7405d5cabf75c442
product	Runtime configuration, crypto, failure handling and dependency security	2026-10-05T06:16:56.8708783Z #3 DONE 0.2s
product	Runtime configuration, crypto, failure handling and dependency security	2026-10-05T06:16:56.9961332Z 
product	Runtime configuration, crypto, failure handling and dependency security	2026-10-05T06:16:56.9967579Z #4 [internal] load .dockerignore
product	Runtime configuration, crypto, failure handling and dependency security	2026-10-05T06:16:56.9968486Z #4 transferring context: 2B done
product	Runtime configuration, crypto, failure handling and dependency security	2026-10-05T06:16:56.9968944Z #4 DONE 0.0s
product	Runtime configuration, crypto, failure handling and dependency security	2026-10-05T06:16:56.9969139Z 
product	Runtime configuration, crypto, failure handling and dependency security	2026-10-05T06:16:56.9969379Z #5 [internal] load build context
product	Runtime configuration, crypto, failure handling and dependency security	2026-10-05T06:16:56.9969955Z #5 transferring context: 1.21MB 0.0s done
product	Runtime configuration, crypto, failure handling and dependency security	2026-10-05T06:16:56.9970428Z #5 DONE 0.0s
product	Runtime configuration, crypto, failure handling and dependency security	2026-10-05T06:16:56.9970632Z 
product	Runtime configuration, crypto, failure handling and dependency security	2026-10-05T06:16:56.9971476Z #6 [1/3] FROM docker.io/library/nginx:1.30.5@sha256:b972f831f200b19ef0767938224f9711e74cd783718738cd7405d5cabf75c442
product	Runtime configuration, crypto, failure handling and dependency security	2026-10-05T06:16:56.9973123Z #6 resolve docker.io/library/nginx:1.30.5@sha256:b972f831f200b19ef0767938224f9711e74cd783718738cd7405d5cabf75c442 0.0s done
product	Runtime configuration, crypto, failure handling and dependency security	2026-10-05T06:16:56.9974072Z #6 DONE 0.1s
product	Runtime configuration, crypto, failure handling and dependency security	2026-10-05T06:16:57.1686309Z 
product	Runtime configuration, crypto, failure handling and dependency security	2026-10-05T06:16:57.1691403Z #7 [2/3] COPY web /usr/share/nginx/html
product	Runtime configuration, crypto, failure handling and dependency security	2026-10-05T06:16:57.1692329Z #7 DONE 0.1s
product	Runtime configuration, crypto, failure handling and dependency security	2026-10-05T06:16:57.1692761Z 
product	Runtime configuration, crypto, failure handling and dependency security	2026-10-05T06:16:57.1693233Z #8 [3/3] COPY nginx.conf /etc/nginx/nginx.conf
product	Runtime configuration, crypto, failure handling and dependency security	2026-10-05T06:16:57.1693934Z #8 DONE 0.0s
product	Runtime configuration, crypto, failure handling and dependency security	2026-10-05T06:16:57.1694293Z 
product	Runtime configuration, crypto, failure handling and dependency security	2026-10-05T06:16:57.1694703Z #9 exporting to oci image format
product	Runtime configuration, crypto, failure handling and dependency security	2026-10-05T06:16:57.1695345Z #9 exporting layers 0.1s done
product	Runtime configuration, crypto, failure handling and dependency security	2026-10-05T06:16:57.1696465Z #9 exporting manifest sha256:ed74bf4d267230c74bf4381f6930ee8a13ef3ced50897d1ba4d1ebee232bf15d
product	Runtime configuration, crypto, failure handling and dependency security	2026-10-05T06:16:57.3392808Z #9 exporting manifest sha256:ed74bf4d267230c74bf4381f6930ee8a13ef3ced50897d1ba4d1ebee232bf15d done
product	Runtime configuration, crypto, failure handling and dependency security	2026-10-05T06:16:57.3462146Z #9 exporting config sha256:743941789f365693337611fd6f5cbae547fd8b4c68fd147bd5d4e2d57671b908 done
product	Runtime configuration, crypto, failure handling and dependency security	2026-10-05T06:16:57.3470761Z #9 sending tarball
product	Runtime configuration, crypto, failure handling and dependency security	2026-10-05T06:16:58.6457672Z #9 sending tarball 1.5s done
product	Runtime configuration, crypto, failure handling and dependency security	2026-10-05T06:16:58.6458690Z #9 DONE 1.6s
product	Runtime configuration, crypto, failure handling and dependency security	2026-10-05T06:16:58.7212016Z 
product	Runtime configuration, crypto, failure handling and dependency security	2026-10-05T06:16:58.7223584Z #10 resolving provenance for metadata file
product	Runtime configuration, crypto, failure handling and dependency security	2026-10-05T06:16:58.7225152Z #10 DONE 0.0s
product	Runtime configuration, crypto, failure handling and dependency security	2026-10-05T06:16:59.1275382Z Loaded image: weaveos-v010-008-web:81bc05e0c2641b1cf2077a110db6fb8cd4d22995
product	Runtime configuration, crypto, failure handling and dependency security	2026-10-05T06:16:59.4062236Z ✔ immutable BFF/web OCI artifacts associate exact source and independently verified manifest bytes (127691.948563ms)
product	Runtime configuration, crypto, failure handling and dependency security	2026-10-05T06:16:59.4186866Z ✔ encrypted dump is authenticated AES256-GCM readable independently (3.410043ms)
product	Runtime configuration, crypto, failure handling and dependency security	2026-10-05T06:16:59.4189046Z ✔ restore opens a separately created authenticated dump (0.521976ms)
product	Runtime configuration, crypto, failure handling and dependency security	2026-10-05T06:16:59.4190691Z ✔ wrong key, truncated bytes, modified tag/header/ciphertext never produce a restore (0.982025ms)
product	Runtime configuration, crypto, failure handling and dependency security	2026-10-05T06:16:59.4192345Z ✔ audit-read without trusted configuration fails closed without exposing stdin (286.416349ms)
product	Runtime configuration, crypto, failure handling and dependency security	2026-10-05T06:16:59.4194054Z ✔ audit-maintenance without trusted configuration fails closed without exposing stdin (247.858695ms)
product	Runtime configuration, crypto, failure handling and dependency security	2026-10-05T06:16:59.4195769Z ✔ CI and full product pipeline provide separate real archive storage before audit tests (1.613366ms)
product	Runtime configuration, crypto, failure handling and dependency security	2026-10-05T06:16:59.4198725Z ✔ local runtime Redis cannot resurrect historical Session files or silently evict sessions (0.566549ms)
product	Runtime configuration, crypto, failure handling and dependency security	2026-10-05T06:16:59.4200675Z ✔ runtime uses restricted immutable applications and automatic controlled audit maintenance (1.959312ms)
product	Runtime configuration, crypto, failure handling and dependency security	2026-10-05T06:16:59.4203017Z ✔ only ingress has a publishable network; authentication and data remain on closed networks (0.385451ms)
product	Runtime configuration, crypto, failure handling and dependency security	2026-10-05T06:16:59.4205007Z ✔ CI validates actual release images and delivery requires complete user signoff before publishing a tested bundle (0.328584ms)
product	Runtime configuration, crypto, failure handling and dependency security	2026-10-05T06:16:59.4206798Z ✔ CI disk preparation is restricted to the hosted Linux runner and one unused SDK (0.296905ms)
product	Runtime configuration, crypto, failure handling and dependency security	2026-10-05T06:16:59.4208663Z ✔ operational faults produce fixed safe alarms from independently defined samples (1.63759ms)
product	Runtime configuration, crypto, failure handling and dependency security	2026-10-05T06:16:59.4210226Z ✔ local receiver actually persists redacted alerts, including backup failure (0.918647ms)
product	Runtime configuration, crypto, failure handling and dependency security	2026-10-05T06:16:59.4211872Z ✔ recovery must rotate shared generation after verified restore before resuming traffic (1.213267ms)
product	Runtime configuration, crypto, failure handling and dependency security	2026-10-05T06:16:59.4213463Z ✔ failed restore leaves traffic paused and does not publish a new generation (0.381052ms)
product	Runtime configuration, crypto, failure handling and dependency security	2026-10-05T06:16:59.4214901Z ✔ configured rollback source has no reachable Go advisory (82125.519008ms)
product	Runtime configuration, crypto, failure handling and dependency security	2026-10-05T06:16:59.4216276Z ✔ configured rollback source has no frontend dependency advisory (4529.459431ms)
product	Runtime configuration, crypto, failure handling and dependency security	2026-10-05T06:17:17.3085950Z ✔ Go source and dependencies have no reachable published vulnerabilities (15465.196715ms)
product	Runtime configuration, crypto, failure handling and dependency security	2026-10-05T06:17:17.3105603Z ✖ tracked source archive passes a redacted Gitleaks secret scan (29386.119963ms)
product	Runtime configuration, crypto, failure handling and dependency security	2026-10-05T06:17:17.3109268Z ✔ frontend dependency audit reports no published vulnerabilities (2434.802638ms)
product	Runtime configuration, crypto, failure handling and dependency security	2026-10-05T06:17:17.3115361Z ✔ required Go modules have no fixable advisories and unsafe OpenPGP is absent from every application dependency (11144.036326ms)
product	Runtime configuration, crypto, failure handling and dependency security	2026-10-05T06:17:17.3208459Z ✔ acceptance actually executes the patched postgres release (307.429544ms)
product	Runtime configuration, crypto, failure handling and dependency security	2026-10-05T06:17:17.3209873Z ✔ acceptance actually executes the patched redis release (292.233157ms)
product	Runtime configuration, crypto, failure handling and dependency security	2026-10-05T06:17:17.3211149Z ✔ runtime actually executes the patched postgres release (298.202762ms)
product	Runtime configuration, crypto, failure handling and dependency security	2026-10-05T06:17:17.3212388Z ✔ runtime actually executes the patched redis release (290.998236ms)
product	Runtime configuration, crypto, failure handling and dependency security	2026-10-05T06:17:17.3213195Z ℹ tests 31
product	Runtime configuration, crypto, failure handling and dependency security	2026-10-05T06:17:17.3213604Z ℹ suites 0
product	Runtime configuration, crypto, failure handling and dependency security	2026-10-05T06:17:17.3213983Z ℹ pass 30
product	Runtime configuration, crypto, failure handling and dependency security	2026-10-05T06:17:17.3214371Z ℹ fail 1
product	Runtime configuration, crypto, failure handling and dependency security	2026-10-05T06:17:17.3214753Z ℹ cancelled 0
product	Runtime configuration, crypto, failure handling and dependency security	2026-10-05T06:17:17.3215168Z ℹ skipped 0
product	Runtime configuration, crypto, failure handling and dependency security	2026-10-05T06:17:17.3215563Z ℹ todo 0
product	Runtime configuration, crypto, failure handling and dependency security	2026-10-05T06:17:17.3216026Z ℹ duration_ms 145692.387669
product	Runtime configuration, crypto, failure handling and dependency security	2026-10-05T06:17:17.3216304Z 
product	Runtime configuration, crypto, failure handling and dependency security	2026-10-05T06:17:17.3216540Z ✖ failing tests:
product	Runtime configuration, crypto, failure handling and dependency security	2026-10-05T06:17:17.3216771Z 
product	Runtime configuration, crypto, failure handling and dependency security	2026-10-05T06:17:17.3217114Z test at infra/runtime/security.test.mjs:9:1
product	Runtime configuration, crypto, failure handling and dependency security	2026-10-05T06:17:17.3218542Z ✖ tracked source archive passes a redacted Gitleaks secret scan (29386.119963ms)
product	Runtime configuration, crypto, failure handling and dependency security	2026-10-05T06:17:17.3219585Z   AssertionError [ERR_ASSERTION]: Secret scanner failed; review redacted findings privately
product	Runtime configuration, crypto, failure handling and dependency security	2026-10-05T06:17:17.3220317Z   
product	Runtime configuration, crypto, failure handling and dependency security	2026-10-05T06:17:17.3220650Z   1 !== 0
product	Runtime configuration, crypto, failure handling and dependency security	2026-10-05T06:17:17.3220932Z   
product	Runtime configuration, crypto, failure handling and dependency security	2026-10-05T06:17:17.3221843Z       at TestContext.<anonymous> (file:///home/runner/work/WeaveOS/WeaveOS/infra/runtime/security.test.mjs:14:9)
product	Runtime configuration, crypto, failure handling and dependency security	2026-10-05T06:17:17.3223509Z       at Test.runInAsyncScope (node:async_hooks:228:14)
product	Runtime configuration, crypto, failure handling and dependency security	2026-10-05T06:17:17.3224293Z       at Test.run (node:internal/test_runner/test:1118:25)
product	Runtime configuration, crypto, failure handling and dependency security	2026-10-05T06:17:17.3225179Z       at Test.processPendingSubtests (node:internal/test_runner/test:787:18)
product	Runtime configuration, crypto, failure handling and dependency security	2026-10-05T06:17:17.3226087Z       at Test.postRun (node:internal/test_runner/test:1247:19)
product	Runtime configuration, crypto, failure handling and dependency security	2026-10-05T06:17:17.3226838Z       at Test.run (node:internal/test_runner/test:1175:12)
product	Runtime configuration, crypto, failure handling and dependency security	2026-10-05T06:17:17.3228144Z       at async startSubtestAfterBootstrap (node:internal/test_runner/harness:358:3) {
product	Runtime configuration, crypto, failure handling and dependency security	2026-10-05T06:17:17.3228993Z     generatedMessage: false,
product	Runtime configuration, crypto, failure handling and dependency security	2026-10-05T06:17:17.3229455Z     code: 'ERR_ASSERTION',
product	Runtime configuration, crypto, failure handling and dependency security	2026-10-05T06:17:17.3229858Z     actual: 1,
product	Runtime configuration, crypto, failure handling and dependency security	2026-10-05T06:17:17.3230219Z     expected: 0,
product	Runtime configuration, crypto, failure handling and dependency security	2026-10-05T06:17:17.3230614Z     operator: 'strictEqual',
product	Runtime configuration, crypto, failure handling and dependency security	2026-10-05T06:17:17.3231042Z     diff: 'simple'
product	Runtime configuration, crypto, failure handling and dependency security	2026-10-05T06:17:17.3231392Z   }
product	Runtime configuration, crypto, failure handling and dependency security	2026-10-05T06:17:17.3275583Z ##[error]Process completed with exit code 1.
