{"Time":"2026-10-07T07:38:31.011181376Z","Action":"start","Package":"github.com/Hubujiu/WeaveOS/services/bff/internal/apprecordservice"}
{"Time":"2026-10-07T07:38:31.026434252Z","Action":"run","Package":"github.com/Hubujiu/WeaveOS/services/bff/internal/apprecordservice","Test":"TestRootWorkflowCloseFinalizesWithLastConfirmedCompletion"}
{"Time":"2026-10-07T07:38:31.026533522Z","Action":"output","Package":"github.com/Hubujiu/WeaveOS/services/bff/internal/apprecordservice","Test":"TestRootWorkflowCloseFinalizesWithLastConfirmedCompletion","Output":"=== RUN   TestRootWorkflowCloseFinalizesWithLastConfirmedCompletion\n","OutputType":"frame"}
{"Time":"2026-10-07T07:38:31.209371195Z","Action":"output","Package":"github.com/Hubujiu/WeaveOS/services/bff/internal/apprecordservice","Test":"TestRootWorkflowCloseFinalizesWithLastConfirmedCompletion","Output":"--- PASS: TestRootWorkflowCloseFinalizesWithLastConfirmedCompletion (0.18s)\n","OutputType":"frame"}
{"Time":"2026-10-07T07:38:31.209412718Z","Action":"pass","Package":"github.com/Hubujiu/WeaveOS/services/bff/internal/apprecordservice","Test":"TestRootWorkflowCloseFinalizesWithLastConfirmedCompletion","Elapsed":0.18}
{"Time":"2026-10-07T07:38:31.2094411Z","Action":"run","Package":"github.com/Hubujiu/WeaveOS/services/bff/internal/apprecordservice","Test":"TestRootWorkflowCloseDoesNotDisableWithoutCloseRequest"}
{"Time":"2026-10-07T07:38:31.209444806Z","Action":"output","Package":"github.com/Hubujiu/WeaveOS/services/bff/internal/apprecordservice","Test":"TestRootWorkflowCloseDoesNotDisableWithoutCloseRequest","Output":"=== RUN   TestRootWorkflowCloseDoesNotDisableWithoutCloseRequest\n","OutputType":"frame"}
{"Time":"2026-10-07T07:38:31.346717953Z","Action":"output","Package":"github.com/Hubujiu/WeaveOS/services/bff/internal/apprecordservice","Test":"TestRootWorkflowCloseDoesNotDisableWithoutCloseRequest","Output":"--- PASS: TestRootWorkflowCloseDoesNotDisableWithoutCloseRequest (0.14s)\n","OutputType":"frame"}
{"Time":"2026-10-07T07:38:31.34675581Z","Action":"pass","Package":"github.com/Hubujiu/WeaveOS/services/bff/internal/apprecordservice","Test":"TestRootWorkflowCloseDoesNotDisableWithoutCloseRequest","Elapsed":0.14}
{"Time":"2026-10-07T07:38:31.346769911Z","Action":"run","Package":"github.com/Hubujiu/WeaveOS/services/bff/internal/apprecordservice","Test":"TestRootWorkflowCloseCountsAcceptedStartingUntilConfirmedNoEffect"}
{"Time":"2026-10-07T07:38:31.346772155Z","Action":"output","Package":"github.com/Hubujiu/WeaveOS/services/bff/internal/apprecordservice","Test":"TestRootWorkflowCloseCountsAcceptedStartingUntilConfirmedNoEffect","Output":"=== RUN   TestRootWorkflowCloseCountsAcceptedStartingUntilConfirmedNoEffect\n","OutputType":"frame"}
{"Time":"2026-10-07T07:38:31.497061948Z","Action":"output","Package":"github.com/Hubujiu/WeaveOS/services/bff/internal/apprecordservice","Test":"TestRootWorkflowCloseCountsAcceptedStartingUntilConfirmedNoEffect","Output":"--- PASS: TestRootWorkflowCloseCountsAcceptedStartingUntilConfirmedNoEffect (0.15s)\n","OutputType":"frame"}
{"Time":"2026-10-07T07:38:31.497100216Z","Action":"pass","Package":"github.com/Hubujiu/WeaveOS/services/bff/internal/apprecordservice","Test":"TestRootWorkflowCloseCountsAcceptedStartingUntilConfirmedNoEffect","Elapsed":0.15}
{"Time":"2026-10-07T07:38:31.497114998Z","Action":"run","Package":"github.com/Hubujiu/WeaveOS/services/bff/internal/apprecordservice","Test":"TestRootWorkflowCloseOuterRollbackKeepsPendingAndClosing"}
{"Time":"2026-10-07T07:38:31.497117762Z","Action":"output","Package":"github.com/Hubujiu/WeaveOS/services/bff/internal/apprecordservice","Test":"TestRootWorkflowCloseOuterRollbackKeepsPendingAndClosing","Output":"=== RUN   TestRootWorkflowCloseOuterRollbackKeepsPendingAndClosing\n","OutputType":"frame"}
{"Time":"2026-10-07T07:38:31.640190687Z","Action":"output","Package":"github.com/Hubujiu/WeaveOS/services/bff/internal/apprecordservice","Test":"TestRootWorkflowCloseOuterRollbackKeepsPendingAndClosing","Output":"--- PASS: TestRootWorkflowCloseOuterRollbackKeepsPendingAndClosing (0.14s)\n","OutputType":"frame"}
{"Time":"2026-10-07T07:38:31.640233311Z","Action":"pass","Package":"github.com/Hubujiu/WeaveOS/services/bff/internal/apprecordservice","Test":"TestRootWorkflowCloseOuterRollbackKeepsPendingAndClosing","Elapsed":0.14}
{"Time":"2026-10-07T07:38:31.640244808Z","Action":"run","Package":"github.com/Hubujiu/WeaveOS/services/bff/internal/apprecordservice","Test":"TestRootWorkflowCloseWriteFaultRollsBackProjectionForRecovery"}
{"Time":"2026-10-07T07:38:31.640247212Z","Action":"output","Package":"github.com/Hubujiu/WeaveOS/services/bff/internal/apprecordservice","Test":"TestRootWorkflowCloseWriteFaultRollsBackProjectionForRecovery","Output":"=== RUN   TestRootWorkflowCloseWriteFaultRollsBackProjectionForRecovery\n","OutputType":"frame"}
{"Time":"2026-10-07T07:38:31.806287811Z","Action":"output","Package":"github.com/Hubujiu/WeaveOS/services/bff/internal/apprecordservice","Test":"TestRootWorkflowCloseWriteFaultRollsBackProjectionForRecovery","Output":"--- PASS: TestRootWorkflowCloseWriteFaultRollsBackProjectionForRecovery (0.17s)\n","OutputType":"frame"}
{"Time":"2026-10-07T07:38:31.806331046Z","Action":"pass","Package":"github.com/Hubujiu/WeaveOS/services/bff/internal/apprecordservice","Test":"TestRootWorkflowCloseWriteFaultRollsBackProjectionForRecovery","Elapsed":0.17}
{"Time":"2026-10-07T07:38:31.806342143Z","Action":"run","Package":"github.com/Hubujiu/WeaveOS/services/bff/internal/apprecordservice","Test":"TestRootWorkflowCloseRetainsOtherActiveInstance"}
{"Time":"2026-10-07T07:38:31.806351597Z","Action":"output","Package":"github.com/Hubujiu/WeaveOS/services/bff/internal/apprecordservice","Test":"TestRootWorkflowCloseRetainsOtherActiveInstance","Output":"=== RUN   TestRootWorkflowCloseRetainsOtherActiveInstance\n","OutputType":"frame"}
{"Time":"2026-10-07T07:38:31.977950164Z","Action":"output","Package":"github.com/Hubujiu/WeaveOS/services/bff/internal/apprecordservice","Test":"TestRootWorkflowCloseRetainsOtherActiveInstance","Output":"--- PASS: TestRootWorkflowCloseRetainsOtherActiveInstance (0.17s)\n","OutputType":"frame"}
{"Time":"2026-10-07T07:38:31.978001151Z","Action":"pass","Package":"github.com/Hubujiu/WeaveOS/services/bff/internal/apprecordservice","Test":"TestRootWorkflowCloseRetainsOtherActiveInstance","Elapsed":0.17}
{"Time":"2026-10-07T07:38:31.9780075Z","Action":"run","Package":"github.com/Hubujiu/WeaveOS/services/bff/internal/apprecordservice","Test":"TestRootWorkflowCloseConcurrentFinalReceiptsFinalizeOnce"}
{"Time":"2026-10-07T07:38:31.978009423Z","Action":"output","Package":"github.com/Hubujiu/WeaveOS/services/bff/internal/apprecordservice","Test":"TestRootWorkflowCloseConcurrentFinalReceiptsFinalizeOnce","Output":"=== RUN   TestRootWorkflowCloseConcurrentFinalReceiptsFinalizeOnce\n","OutputType":"frame"}
{"Time":"2026-10-07T07:38:32.178435287Z","Action":"output","Package":"github.com/Hubujiu/WeaveOS/services/bff/internal/apprecordservice","Test":"TestRootWorkflowCloseConcurrentFinalReceiptsFinalizeOnce","Output":"--- PASS: TestRootWorkflowCloseConcurrentFinalReceiptsFinalizeOnce (0.20s)\n","OutputType":"frame"}
{"Time":"2026-10-07T07:38:32.17848353Z","Action":"pass","Package":"github.com/Hubujiu/WeaveOS/services/bff/internal/apprecordservice","Test":"TestRootWorkflowCloseConcurrentFinalReceiptsFinalizeOnce","Elapsed":0.2}
{"Time":"2026-10-07T07:38:32.178628067Z","Action":"output","Package":"github.com/Hubujiu/WeaveOS/services/bff/internal/apprecordservice","Output":"PASS\n","OutputType":"frame"}
{"Time":"2026-10-07T07:38:33.181006215Z","Action":"output","Package":"github.com/Hubujiu/WeaveOS/services/bff/internal/apprecordservice","Output":"ok  \tgithub.com/Hubujiu/WeaveOS/services/bff/internal/apprecordservice\t2.169s\n"}
{"Time":"2026-10-07T07:38:33.181077903Z","Action":"pass","Package":"github.com/Hubujiu/WeaveOS/services/bff/internal/apprecordservice","Elapsed":2.17}
