
Running 92 tests using 1 worker

  ✓   1 [chromium] › src/applications/records/record-form.component.spec.ts:3:1 › record form keeps precise and false values, excludes denied fields, and recovers the same unknown operation (476ms)
  ✓   2 [chromium] › src/applications/records/record-form.component.spec.ts:24:1 › record form uses scoped ordinary candidate selector and keeps selected label only in unsaved state (354ms)
  ✓   3 [chromium] › src/applications/records/record-form.component.spec.ts:34:1 › dirty form preserves input and blocks save when runtime control version changes (251ms)
  ✓   4 [chromium] › src/applications/records/records-panel.component.spec.ts:3:1 › records use one server ordered Table with stable IDs, guarded cells and manual numeric sort (2.5s)
  ✓   5 [chromium] › src/applications/records/records-panel.component.spec.ts:18:1 › hidden column and arbitrary empty deep page stay controlled without erasing scope (1.4s)
  ✓   6 [chromium] › src/applications/records/records.component.spec.ts:11:1 › confirmed record and draft receipts accept exact minimum only (2ms)
  ✓   7 [chromium] › src/applications/records/records.component.spec.ts:22:1 › safe runtime projection keeps null, empty and false but never fills denied values or defaults (3ms)
  ✓   8 [chromium] › src/applications/records/records.component.spec.ts:36:1 › history hint intersects current read and history; schema change flags dirty review (2ms)
  ✓   9 [chromium] › src/applications/records/records.component.spec.ts:45:1 › history labels only use IDs in allowed delta and keep unavailable explicit (1ms)
  ✓  10 [chromium] › src/applications/records/records.component.spec.ts:51:1 › new record editor identities stay distinct until confirmed server record and isolate field cache (3ms)
  ✓  11 [chromium] › src/applications/records/root-editor.component.spec.ts:12:1 › Root record form sends one canonical create and confirms only after the receipt (413ms)
  ✓  12 [chromium] › src/applications/records/root-editor.component.spec.ts:31:1 › Root record form edits only changed fields with row and schema CAS (397ms)
  ✓  13 [chromium] › src/applications/records/root-editor.component.spec.ts:39:1 › Root record form unknown save survives unmount and failed lookup using the same key (586ms)
  ✓  14 [chromium] › src/applications/records/root-editor.component.spec.ts:50:1 › Root another actor cannot inherit an unknown record editor packet or input (323ms)
  ✓  15 [chromium] › src/applications/records/root-editor.component.spec.ts:57:2 › Root APPLICATION_RECORD_CONFLICT retains input and requires explicit refresh before another save (326ms)
  ✓  16 [chromium] › src/applications/records/root-editor.component.spec.ts:57:2 › Root APPLICATION_SCHEMA_CONFLICT retains input and requires explicit refresh before another save (341ms)
  ✓  17 [chromium] › src/applications/records/root-editor.component.spec.ts:57:2 › Root APPLICATION_QUERY_CHANGED retains input and requires explicit refresh before another save (324ms)
  ✓  18 [chromium] › src/applications/records/root-editor.component.spec.ts:57:2 › Root APPLICATION_QUERY_CONTEXT_EXPIRED retains input and requires explicit refresh before another save (342ms)
  ✓  19 [chromium] › src/applications/records/root-editor.component.spec.ts:57:2 › Root APPLICATION_POLICY_CONFLICT retains input and requires explicit refresh before another save (343ms)
  ✓  20 [chromium] › src/applications/records/root-editor.component.spec.ts:65:1 › Root record form cancels an unsent preflight through the real leave guard (323ms)
  ✓  21 [chromium] › src/applications/records/root-editor.component.spec.ts:75:1 › Root revoked field is hidden while an old pending operation stays recoverable (317ms)
  ✓  22 [chromium] › src/applications/records/root-editor.component.spec.ts:81:1 › Root description layout renders plain text without executable markup (219ms)
  ✓  23 [chromium] › src/applications/records/root-recovery.component.spec.ts:10:2 › Root unknown save survives failed recovery without a second write (564ms)
  ✓  24 [chromium] › src/applications/records/root-recovery.component.spec.ts:10:2 › Root unknown save survives throw recovery without a second write (542ms)
  ✓  25 [chromium] › src/applications/records/root-recovery.component.spec.ts:10:2 › Root unknown save survives malformed recovery without a second write (524ms)
  ✓  26 [chromium] › src/applications/records/root-recovery.component.spec.ts:43:1 › Root definitive first-write rejection allows editing and a fresh submission (392ms)
  ✓  27 [chromium] › src/applications/root-boundary.component.spec.ts:6:1 › Root recovery owns an immutable deep snapshot of the sent packet (61ms)
  ✓  28 [chromium] › src/applications/root-boundary.component.spec.ts:21:1 › Root successful PATCH retains actor and exact JSON body (66ms)
  ✓  29 [chromium] › src/applications/root-boundary.component.spec.ts:32:1 › Root DELETE confirms only an exact empty 204 (72ms)
  ✓  30 [chromium] › src/applications/root-boundary.component.spec.ts:41:1 › Root DELETE unexpected successful status stays unconfirmed (63ms)
  ✓  31 [chromium] › src/applications/root-boundary.component.spec.ts:51:2 › Root network failure uncertainty follows mutation (61ms)
  ✓  32 [chromium] › src/applications/root-boundary.component.spec.ts:51:2 › Root network failure uncertainty follows read-only search (58ms)
  ✓  33 [chromium] › src/applications/root-boundary.component.spec.ts:62:1 › Root read-only POST does not grant mutation paths read semantics (60ms)
  ✓  34 [chromium] › src/applications/root-boundary.component.spec.ts:71:1 › Root malformed read-only search response does not create unknown write state (60ms)
  ✓  35 [chromium] › src/applications/root-boundary.component.spec.ts:85:2 › Root read-only search rejects normalized path applications/22222222-2222-4222-8222-222222222222#fragment/forms/33333333-3333-4333-8333-333333333333/records/search (56ms)
  ✓  36 [chromium] › src/applications/root-boundary.component.spec.ts:85:2 › Root read-only search rejects normalized path applications/../forms/33333333-3333-4333-8333-333333333333/records/search (55ms)
  ✓  37 [chromium] › src/applications/root-boundary.component.spec.ts:85:2 › Root read-only search rejects normalized path applications/22222222-2222-4222-8222-222222222222/forms/%2e%2e/records/search (59ms)
  ✓  38 [chromium] › src/applications/root-boundary.component.spec.ts:95:1 › Root read-only search HTTP 503 remains a read failure (61ms)
  ✓  39 [chromium] › src/applications/root-operation-guard.component.spec.ts:14:1 › Root leave guard sees preflight immediately and cancellation prevents the write (229ms)
  ✓  40 [chromium] › src/applications/root-operation-guard.component.spec.ts:32:1 › Root leave guard distinguishes a sent write and clears only on confirmation (301ms)
  ✓  41 [chromium] › src/applications/root-operation-guard.component.spec.ts:45:2 › Root ambiguous HTTP 408 keeps the original write pending (208ms)
  ✓  42 [chromium] › src/applications/root-operation-guard.component.spec.ts:45:2 › Root ambiguous HTTP 500 keeps the original write pending (211ms)
  ✓  43 [chromium] › src/applications/root-operation-guard.component.spec.ts:45:2 › Root ambiguous HTTP 504 keeps the original write pending (206ms)
  ✓  44 [chromium] › src/applications/root-operation-guard.component.spec.ts:54:1 › Root definitive record conflict exposes a safe error code for refresh handling (219ms)
  ✓  45 [chromium] › src/applications/root-record-leave.component.spec.ts:7:1 › Root record drafts, saved records and persistent drafts have distinct leave scopes (2ms)
  ✓  46 [chromium] › src/applications/root-record-leave.component.spec.ts:20:1 › Root old record-scope cleanup cannot remove its replacement (1ms)
  ✓  47 [chromium] › src/applications/root-record-leave.component.spec.ts:28:1 › Root record leave guards remain actor-isolated (1ms)
  ✓  48 [chromium] › src/applications/root-record-read-contract.component.spec.ts:12:2 › Root read contract keeps scalar member references including tombstones (3ms)
  ✓  49 [chromium] › src/applications/root-record-read-contract.component.spec.ts:12:2 › Root read contract keeps scalar department references including tombstones (0ms)
  ✓  50 [chromium] › src/applications/root-record-read-contract.component.spec.ts:20:1 › Root runtime accepts rounding at the hundreds place without float conversion (0ms)
  ✓  51 [chromium] › src/applications/root-record-read-contract.component.spec.ts:34:2 › Root rejects invalid decimal configuration {"precision":0,"scale":0,"roundingPlaces":0} (0ms)
  ✓  52 [chromium] › src/applications/root-record-read-contract.component.spec.ts:34:2 › Root rejects invalid decimal configuration {"precision":39,"scale":2,"roundingPlaces":2} (0ms)
  ✓  53 [chromium] › src/applications/root-record-read-contract.component.spec.ts:34:2 › Root rejects invalid decimal configuration {"precision":20,"scale":19,"roundingPlaces":2} (0ms)
  ✓  54 [chromium] › src/applications/root-record-read-contract.component.spec.ts:34:2 › Root rejects invalid decimal configuration {"precision":2,"scale":3,"roundingPlaces":2} (0ms)
  ✓  55 [chromium] › src/applications/root-record-read-contract.component.spec.ts:34:2 › Root rejects invalid decimal configuration {"precision":20,"scale":2,"roundingPlaces":-19} (0ms)
  ✓  56 [chromium] › src/applications/root-record-read-contract.component.spec.ts:34:2 › Root rejects invalid decimal configuration {"precision":20,"scale":2,"roundingPlaces":3} (0ms)
  ✓  57 [chromium] › src/applications/root-record-read-contract.component.spec.ts:39:1 › Root record read-none and own-row policies cannot be widened by field access (1ms)
  ✓  58 [chromium] › src/applications/root-record-read-contract.component.spec.ts:44:1 › Root own-field value is rejected when the record belongs to somebody else (1ms)
  ✓  59 [chromium] › src/applications/root-record-read-contract.component.spec.ts:49:1 › Root persisted records require positive record and schema versions (1ms)
  ✓  60 [chromium] › src/applications/root-record-read-contract.component.spec.ts:56:1 › Root supports system timestamp sort and ignores JSON object key order (1ms)
  ✓  61 [chromium] › src/applications/root-record-read-contract.component.spec.ts:65:1 › Root rejects duplicate row IDs and oversized pages (1ms)
  ✓  62 [chromium] › src/applications/root-record-read-contract.component.spec.ts:74:1 › Root preserves description layout and canonical UUIDs without inventing version restrictions (0ms)
  ✓  63 [chromium] › src/applications/root-record-read-contract.component.spec.ts:81:1 › Root calendar dates reject impossible days and retain leap days (1ms)
  ✓  64 [chromium] › src/applications/root-record-read-contract.component.spec.ts:86:1 › Root query operators must be literal strings rather than coercible arrays (0ms)
  ✓  65 [chromium] › src/applications/root-record-read-contract.component.spec.ts:90:1 › Root layout span follows the declared integer range (1ms)
  ✓  66 [chromium] › src/applications/root-record-read-contract.component.spec.ts:97:1 › Root ordinary runtime requires a ready schema and positive policy revision (1ms)
  ✓  67 [chromium] › src/applications/root-record-read-contract.component.spec.ts:102:1 › Root reference labels cannot bypass an own-field read restriction (0ms)
  ✓  68 [chromium] › src/applications/root-record-workspace.component.spec.ts:13:1 › Root runtime record list reads ordinary endpoints then opens the exact row context (1.5s)
  ✓  69 [chromium] › src/applications/root-record-workspace.component.spec.ts:35:1 › Root page jump retains old query and explicit refresh returns to page one without it (1.6s)
  ✓  70 [chromium] › src/applications/root-record-workspace.component.spec.ts:52:1 › Root changed query preserves existing rows until the user explicitly refreshes (1.6s)
  ✓  71 [chromium] › src/applications/root-record-workspace.component.spec.ts:72:1 › Root rejects a foreign-resource row instead of rendering or silently filtering it (1.3s)
  ✓  72 [chromium] › src/applications/root-record-workspace.component.spec.ts:84:1 › Root create-only access opens the new record action without querying unreadable rows (1.3s)
  ✓  73 [chromium] › src/applications/root-record-workspace.component.spec.ts:94:1 › Root metadata-only view changes reload runtime without discarding query context (2.4s)
  ✓  74 [chromium] › src/applications/root-record-workspace.component.spec.ts:118:1 › Root visible record selection works and sorting clears selected rows (2.5s)
  ✓  75 [chromium] › src/applications/root-record-workspace.component.spec.ts:127:1 › Root unconfigured schema gives an actionable configuration state without querying rows (1.3s)
  ✓  76 [chromium] › src/applications/root-record-workspace.component.spec.ts:134:1 › Root pagination remains inside the bounded application work area (1.4s)
  ✓  77 [chromium] › src/applications/root-scoped.component.spec.ts:16:1 › Root scoped create confirms exact receipt and canonical Location once (289ms)
  ✓  78 [chromium] › src/applications/root-scoped.component.spec.ts:28:2 › Root scoped create keeps original operation for extra-values (348ms)
  ✓  79 [chromium] › src/applications/root-scoped.component.spec.ts:28:2 › Root scoped create keeps original operation for wrong-operation (344ms)
  ✓  80 [chromium] › src/applications/root-scoped.component.spec.ts:28:2 › Root scoped create keeps original operation for wrong-record (345ms)
  ✓  81 [chromium] › src/applications/root-scoped.component.spec.ts:28:2 › Root scoped create keeps original operation for wrong-location (358ms)
  ✓  82 [chromium] › src/applications/root-scoped.component.spec.ts:55:1 › Root scoped PATCH sends one operation and correct record CAS (284ms)
  ✓  83 [chromium] › src/applications/root-scoped.component.spec.ts:66:1 › Root draft DELETE empty 204 confirms without invented response body (290ms)
  ✓  84 [chromium] › src/applications/root-scoped.component.spec.ts:80:1 › Root unknown DELETE recovers minimum receipt without a second delete (336ms)
  ✓  85 [chromium] › src/applications.form-shell.component.spec.ts:41:1 › V030-012 Shell opens the real structure and form view under one app tab (1.6s)
  ✓  86 [chromium] › src/applications.form-shell.component.spec.ts:53:1 › V030-012 external Back discard removes a structure draft before returning (1.9s)
  ✓  87 [chromium] › src/applications.form-shell.component.spec.ts:72:1 › V030-012 external Back discard removes a designer draft before returning (1.9s)
  ✓  88 [chromium] › src/applications.form-shell.component.spec.ts:88:1 › V030-012 closing the current app tab waits for form discard and clears only the unsent draft (2.1s)
  ✓  89 [chromium] › src/applications.form-shell.component.spec.ts:111:1 › V030-012 closing the current app tab retains a sent unknown form operation (2.1s)
  ✓  90 [chromium] › src/applications.form-shell.component.spec.ts:140:1 › V030-012 Shell cancels a slow unsent form preflight before route leave (2.3s)
  ✓  91 [chromium] › src/applications.form-shell.component.spec.ts:170:1 › V030-012 Shell re-confirms a changed preflight outcome and retains the original unknown write (1.9s)
  ✓  92 [chromium] › src/applications.form-shell.component.spec.ts:205:1 › V030-012 forced form 401 routes to login and restores only the same actor draft (2.2s)

  92 passed (54.7s)
