{"Time":"2026-10-07T13:31:14.393445241Z","Action":"start","Package":"github.com/Hubujiu/WeaveOS/services/bff/internal/apprecordservice"}
{"Time":"2026-10-07T13:31:14.425175827Z","Action":"run","Package":"github.com/Hubujiu/WeaveOS/services/bff/internal/apprecordservice","Test":"TestRootCatalogVersionWorkOracle"}
{"Time":"2026-10-07T13:31:14.425271675Z","Action":"output","Package":"github.com/Hubujiu/WeaveOS/services/bff/internal/apprecordservice","Test":"TestRootCatalogVersionWorkOracle","Output":"=== RUN   TestRootCatalogVersionWorkOracle\n","OutputType":"frame"}
{"Time":"2026-10-07T13:31:14.42590884Z","Action":"output","Package":"github.com/Hubujiu/WeaveOS/services/bff/internal/apprecordservice","Test":"TestRootCatalogVersionWorkOracle","Output":"--- PASS: TestRootCatalogVersionWorkOracle (0.00s)\n","OutputType":"frame"}
{"Time":"2026-10-07T13:31:14.425922558Z","Action":"pass","Package":"github.com/Hubujiu/WeaveOS/services/bff/internal/apprecordservice","Test":"TestRootCatalogVersionWorkOracle","Elapsed":0}
{"Time":"2026-10-07T13:31:14.426632306Z","Action":"run","Package":"github.com/Hubujiu/WeaveOS/services/bff/internal/apprecordservice","Test":"TestRootCatalogCompatibilityDoesNotScanArchivedVersions"}
{"Time":"2026-10-07T13:31:14.426643759Z","Action":"output","Package":"github.com/Hubujiu/WeaveOS/services/bff/internal/apprecordservice","Test":"TestRootCatalogCompatibilityDoesNotScanArchivedVersions","Output":"=== RUN   TestRootCatalogCompatibilityDoesNotScanArchivedVersions\n","OutputType":"frame"}
{"Time":"2026-10-07T13:31:15.324235234Z","Action":"output","Package":"github.com/Hubujiu/WeaveOS/services/bff/internal/apprecordservice","Test":"TestRootCatalogCompatibilityDoesNotScanArchivedVersions","Output":"    root_workflow_catalog_scale_test.go:165: catalog actual query: retired=4999 live=1 elapsed=6.027085ms aggregate_plan_rows=32 plan=[\n"}
{"Time":"2026-10-07T13:31:15.324292235Z","Action":"output","Package":"github.com/Hubujiu/WeaveOS/services/bff/internal/apprecordservice","Test":"TestRootCatalogCompatibilityDoesNotScanArchivedVersions","Output":"          {\n"}
{"Time":"2026-10-07T13:31:15.324301609Z","Action":"output","Package":"github.com/Hubujiu/WeaveOS/services/bff/internal/apprecordservice","Test":"TestRootCatalogCompatibilityDoesNotScanArchivedVersions","Output":"            \"Plan\": {\n"}
{"Time":"2026-10-07T13:31:15.32432676Z","Action":"output","Package":"github.com/Hubujiu/WeaveOS/services/bff/internal/apprecordservice","Test":"TestRootCatalogCompatibilityDoesNotScanArchivedVersions","Output":"              \"Node Type\": \"Sort\",\n"}
{"Time":"2026-10-07T13:31:15.32433029Z","Action":"output","Package":"github.com/Hubujiu/WeaveOS/services/bff/internal/apprecordservice","Test":"TestRootCatalogCompatibilityDoesNotScanArchivedVersions","Output":"              \"Parallel Aware\": false,\n"}
{"Time":"2026-10-07T13:31:15.324333707Z","Action":"output","Package":"github.com/Hubujiu/WeaveOS/services/bff/internal/apprecordservice","Test":"TestRootCatalogCompatibilityDoesNotScanArchivedVersions","Output":"              \"Async Capable\": false,\n"}
{"Time":"2026-10-07T13:31:15.324336205Z","Action":"output","Package":"github.com/Hubujiu/WeaveOS/services/bff/internal/apprecordservice","Test":"TestRootCatalogCompatibilityDoesNotScanArchivedVersions","Output":"              \"Startup Cost\": 19.15,\n"}
{"Time":"2026-10-07T13:31:15.324338421Z","Action":"output","Package":"github.com/Hubujiu/WeaveOS/services/bff/internal/apprecordservice","Test":"TestRootCatalogCompatibilityDoesNotScanArchivedVersions","Output":"              \"Total Cost\": 19.15,\n"}
{"Time":"2026-10-07T13:31:15.324340526Z","Action":"output","Package":"github.com/Hubujiu/WeaveOS/services/bff/internal/apprecordservice","Test":"TestRootCatalogCompatibilityDoesNotScanArchivedVersions","Output":"              \"Plan Rows\": 1,\n"}
{"Time":"2026-10-07T13:31:15.324342781Z","Action":"output","Package":"github.com/Hubujiu/WeaveOS/services/bff/internal/apprecordservice","Test":"TestRootCatalogCompatibilityDoesNotScanArchivedVersions","Output":"              \"Plan Width\": 807,\n"}
{"Time":"2026-10-07T13:31:15.324362072Z","Action":"output","Package":"github.com/Hubujiu/WeaveOS/services/bff/internal/apprecordservice","Test":"TestRootCatalogCompatibilityDoesNotScanArchivedVersions","Output":"              \"Actual Startup Time\": 0.051,\n"}
{"Time":"2026-10-07T13:31:15.324364974Z","Action":"output","Package":"github.com/Hubujiu/WeaveOS/services/bff/internal/apprecordservice","Test":"TestRootCatalogCompatibilityDoesNotScanArchivedVersions","Output":"              \"Actual Total Time\": 0.052,\n"}
{"Time":"2026-10-07T13:31:15.324367426Z","Action":"output","Package":"github.com/Hubujiu/WeaveOS/services/bff/internal/apprecordservice","Test":"TestRootCatalogCompatibilityDoesNotScanArchivedVersions","Output":"              \"Actual Rows\": 1.00,\n"}
{"Time":"2026-10-07T13:31:15.324369459Z","Action":"output","Package":"github.com/Hubujiu/WeaveOS/services/bff/internal/apprecordservice","Test":"TestRootCatalogCompatibilityDoesNotScanArchivedVersions","Output":"              \"Actual Loops\": 1,\n"}
{"Time":"2026-10-07T13:31:15.32437305Z","Action":"output","Package":"github.com/Hubujiu/WeaveOS/services/bff/internal/apprecordservice","Test":"TestRootCatalogCompatibilityDoesNotScanArchivedVersions","Output":"              \"Disabled\": false,\n"}
{"Time":"2026-10-07T13:31:15.324375634Z","Action":"output","Package":"github.com/Hubujiu/WeaveOS/services/bff/internal/apprecordservice","Test":"TestRootCatalogCompatibilityDoesNotScanArchivedVersions","Output":"              \"Sort Key\": [\"((d.id)::text)\", \"v.version\"],\n"}
{"Time":"2026-10-07T13:31:15.324377866Z","Action":"output","Package":"github.com/Hubujiu/WeaveOS/services/bff/internal/apprecordservice","Test":"TestRootCatalogCompatibilityDoesNotScanArchivedVersions","Output":"              \"Sort Method\": \"quicksort\",\n"}
{"Time":"2026-10-07T13:31:15.324379963Z","Action":"output","Package":"github.com/Hubujiu/WeaveOS/services/bff/internal/apprecordservice","Test":"TestRootCatalogCompatibilityDoesNotScanArchivedVersions","Output":"              \"Sort Space Used\": 25,\n"}
{"Time":"2026-10-07T13:31:15.324382263Z","Action":"output","Package":"github.com/Hubujiu/WeaveOS/services/bff/internal/apprecordservice","Test":"TestRootCatalogCompatibilityDoesNotScanArchivedVersions","Output":"              \"Sort Space Type\": \"Memory\",\n"}
{"Time":"2026-10-07T13:31:15.324384227Z","Action":"output","Package":"github.com/Hubujiu/WeaveOS/services/bff/internal/apprecordservice","Test":"TestRootCatalogCompatibilityDoesNotScanArchivedVersions","Output":"              \"Shared Hit Blocks\": 5,\n"}
{"Time":"2026-10-07T13:31:15.324386309Z","Action":"output","Package":"github.com/Hubujiu/WeaveOS/services/bff/internal/apprecordservice","Test":"TestRootCatalogCompatibilityDoesNotScanArchivedVersions","Output":"              \"Shared Read Blocks\": 0,\n"}
{"Time":"2026-10-07T13:31:15.324388829Z","Action":"output","Package":"github.com/Hubujiu/WeaveOS/services/bff/internal/apprecordservice","Test":"TestRootCatalogCompatibilityDoesNotScanArchivedVersions","Output":"              \"Shared Dirtied Blocks\": 0,\n"}
{"Time":"2026-10-07T13:31:15.32439079Z","Action":"output","Package":"github.com/Hubujiu/WeaveOS/services/bff/internal/apprecordservice","Test":"TestRootCatalogCompatibilityDoesNotScanArchivedVersions","Output":"              \"Shared Written Blocks\": 0,\n"}
{"Time":"2026-10-07T13:31:15.324392712Z","Action":"output","Package":"github.com/Hubujiu/WeaveOS/services/bff/internal/apprecordservice","Test":"TestRootCatalogCompatibilityDoesNotScanArchivedVersions","Output":"              \"Local Hit Blocks\": 0,\n"}
{"Time":"2026-10-07T13:31:15.324394809Z","Action":"output","Package":"github.com/Hubujiu/WeaveOS/services/bff/internal/apprecordservice","Test":"TestRootCatalogCompatibilityDoesNotScanArchivedVersions","Output":"              \"Local Read Blocks\": 0,\n"}
{"Time":"2026-10-07T13:31:15.32439674Z","Action":"output","Package":"github.com/Hubujiu/WeaveOS/services/bff/internal/apprecordservice","Test":"TestRootCatalogCompatibilityDoesNotScanArchivedVersions","Output":"              \"Local Dirtied Blocks\": 0,\n"}
{"Time":"2026-10-07T13:31:15.324400367Z","Action":"output","Package":"github.com/Hubujiu/WeaveOS/services/bff/internal/apprecordservice","Test":"TestRootCatalogCompatibilityDoesNotScanArchivedVersions","Output":"              \"Local Written Blocks\": 0,\n"}
{"Time":"2026-10-07T13:31:15.324402359Z","Action":"output","Package":"github.com/Hubujiu/WeaveOS/services/bff/internal/apprecordservice","Test":"TestRootCatalogCompatibilityDoesNotScanArchivedVersions","Output":"              \"Temp Read Blocks\": 0,\n"}
{"Time":"2026-10-07T13:31:15.32440425Z","Action":"output","Package":"github.com/Hubujiu/WeaveOS/services/bff/internal/apprecordservice","Test":"TestRootCatalogCompatibilityDoesNotScanArchivedVersions","Output":"              \"Temp Written Blocks\": 0,\n"}
{"Time":"2026-10-07T13:31:15.324406544Z","Action":"output","Package":"github.com/Hubujiu/WeaveOS/services/bff/internal/apprecordservice","Test":"TestRootCatalogCompatibilityDoesNotScanArchivedVersions","Output":"              \"Plans\": [\n"}
{"Time":"2026-10-07T13:31:15.324408431Z","Action":"output","Package":"github.com/Hubujiu/WeaveOS/services/bff/internal/apprecordservice","Test":"TestRootCatalogCompatibilityDoesNotScanArchivedVersions","Output":"                {\n"}
{"Time":"2026-10-07T13:31:15.324410592Z","Action":"output","Package":"github.com/Hubujiu/WeaveOS/services/bff/internal/apprecordservice","Test":"TestRootCatalogCompatibilityDoesNotScanArchivedVersions","Output":"                  \"Node Type\": \"Nested Loop\",\n"}
{"Time":"2026-10-07T13:31:15.324413025Z","Action":"output","Package":"github.com/Hubujiu/WeaveOS/services/bff/internal/apprecordservice","Test":"TestRootCatalogCompatibilityDoesNotScanArchivedVersions","Output":"                  \"Parent Relationship\": \"Outer\",\n"}
{"Time":"2026-10-07T13:31:15.324415381Z","Action":"output","Package":"github.com/Hubujiu/WeaveOS/services/bff/internal/apprecordservice","Test":"TestRootCatalogCompatibilityDoesNotScanArchivedVersions","Output":"                  \"Parallel Aware\": false,\n"}
{"Time":"2026-10-07T13:31:15.324417707Z","Action":"output","Package":"github.com/Hubujiu/WeaveOS/services/bff/internal/apprecordservice","Test":"TestRootCatalogCompatibilityDoesNotScanArchivedVersions","Output":"                  \"Async Capable\": false,\n"}
{"Time":"2026-10-07T13:31:15.324419575Z","Action":"output","Package":"github.com/Hubujiu/WeaveOS/services/bff/internal/apprecordservice","Test":"TestRootCatalogCompatibilityDoesNotScanArchivedVersions","Output":"                  \"Join Type\": \"Inner\",\n"}
{"Time":"2026-10-07T13:31:15.324421488Z","Action":"output","Package":"github.com/Hubujiu/WeaveOS/services/bff/internal/apprecordservice","Test":"TestRootCatalogCompatibilityDoesNotScanArchivedVersions","Output":"                  \"Startup Cost\": 2.76,\n"}
{"Time":"2026-10-07T13:31:15.324426504Z","Action":"output","Package":"github.com/Hubujiu/WeaveOS/services/bff/internal/apprecordservice","Test":"TestRootCatalogCompatibilityDoesNotScanArchivedVersions","Output":"                  \"Total Cost\": 19.14,\n"}
{"Time":"2026-10-07T13:31:15.32442858Z","Action":"output","Package":"github.com/Hubujiu/WeaveOS/services/bff/internal/apprecordservice","Test":"TestRootCatalogCompatibilityDoesNotScanArchivedVersions","Output":"                  \"Plan Rows\": 1,\n"}
{"Time":"2026-10-07T13:31:15.324430542Z","Action":"output","Package":"github.com/Hubujiu/WeaveOS/services/bff/internal/apprecordservice","Test":"TestRootCatalogCompatibilityDoesNotScanArchivedVersions","Output":"                  \"Plan Width\": 807,\n"}
{"Time":"2026-10-07T13:31:15.324432556Z","Action":"output","Package":"github.com/Hubujiu/WeaveOS/services/bff/internal/apprecordservice","Test":"TestRootCatalogCompatibilityDoesNotScanArchivedVersions","Output":"                  \"Actual Startup Time\": 0.045,\n"}
{"Time":"2026-10-07T13:31:15.324434607Z","Action":"output","Package":"github.com/Hubujiu/WeaveOS/services/bff/internal/apprecordservice","Test":"TestRootCatalogCompatibilityDoesNotScanArchivedVersions","Output":"                  \"Actual Total Time\": 0.046,\n"}
{"Time":"2026-10-07T13:31:15.324438273Z","Action":"output","Package":"github.com/Hubujiu/WeaveOS/services/bff/internal/apprecordservice","Test":"TestRootCatalogCompatibilityDoesNotScanArchivedVersions","Output":"                  \"Actual Rows\": 1.00,\n"}
{"Time":"2026-10-07T13:31:15.324440332Z","Action":"output","Package":"github.com/Hubujiu/WeaveOS/services/bff/internal/apprecordservice","Test":"TestRootCatalogCompatibilityDoesNotScanArchivedVersions","Output":"                  \"Actual Loops\": 1,\n"}
{"Time":"2026-10-07T13:31:15.3244422Z","Action":"output","Package":"github.com/Hubujiu/WeaveOS/services/bff/internal/apprecordservice","Test":"TestRootCatalogCompatibilityDoesNotScanArchivedVersions","Output":"                  \"Disabled\": false,\n"}
{"Time":"2026-10-07T13:31:15.324449373Z","Action":"output","Package":"github.com/Hubujiu/WeaveOS/services/bff/internal/apprecordservice","Test":"TestRootCatalogCompatibilityDoesNotScanArchivedVersions","Output":"                  \"Inner Unique\": true,\n"}
{"Time":"2026-10-07T13:31:15.324451487Z","Action":"output","Package":"github.com/Hubujiu/WeaveOS/services/bff/internal/apprecordservice","Test":"TestRootCatalogCompatibilityDoesNotScanArchivedVersions","Output":"                  \"Shared Hit Blocks\": 5,\n"}
{"Time":"2026-10-07T13:31:15.324453409Z","Action":"output","Package":"github.com/Hubujiu/WeaveOS/services/bff/internal/apprecordservice","Test":"TestRootCatalogCompatibilityDoesNotScanArchivedVersions","Output":"                  \"Shared Read Blocks\": 0,\n"}
{"Time":"2026-10-07T13:31:15.324455335Z","Action":"output","Package":"github.com/Hubujiu/WeaveOS/services/bff/internal/apprecordservice","Test":"TestRootCatalogCompatibilityDoesNotScanArchivedVersions","Output":"                  \"Shared Dirtied Blocks\": 0,\n"}
{"Time":"2026-10-07T13:31:15.324457517Z","Action":"output","Package":"github.com/Hubujiu/WeaveOS/services/bff/internal/apprecordservice","Test":"TestRootCatalogCompatibilityDoesNotScanArchivedVersions","Output":"                  \"Shared Written Blocks\": 0,\n"}
{"Time":"2026-10-07T13:31:15.324459765Z","Action":"output","Package":"github.com/Hubujiu/WeaveOS/services/bff/internal/apprecordservice","Test":"TestRootCatalogCompatibilityDoesNotScanArchivedVersions","Output":"                  \"Local Hit Blocks\": 0,\n"}
{"Time":"2026-10-07T13:31:15.324461676Z","Action":"output","Package":"github.com/Hubujiu/WeaveOS/services/bff/internal/apprecordservice","Test":"TestRootCatalogCompatibilityDoesNotScanArchivedVersions","Output":"                  \"Local Read Blocks\": 0,\n"}
{"Time":"2026-10-07T13:31:15.324600163Z","Action":"output","Package":"github.com/Hubujiu/WeaveOS/services/bff/internal/apprecordservice","Test":"TestRootCatalogCompatibilityDoesNotScanArchivedVersions","Output":"                  \"Local Dirtied Blocks\": 0,\n"}
{"Time":"2026-10-07T13:31:15.324606699Z","Action":"output","Package":"github.com/Hubujiu/WeaveOS/services/bff/internal/apprecordservice","Test":"TestRootCatalogCompatibilityDoesNotScanArchivedVersions","Output":"                  \"Local Written Blocks\": 0,\n"}
{"Time":"2026-10-07T13:31:15.324609007Z","Action":"output","Package":"github.com/Hubujiu/WeaveOS/services/bff/internal/apprecordservice","Test":"TestRootCatalogCompatibilityDoesNotScanArchivedVersions","Output":"                  \"Temp Read Blocks\": 0,\n"}
{"Time":"2026-10-07T13:31:15.32461104Z","Action":"output","Package":"github.com/Hubujiu/WeaveOS/services/bff/internal/apprecordservice","Test":"TestRootCatalogCompatibilityDoesNotScanArchivedVersions","Output":"                  \"Temp Written Blocks\": 0,\n"}
{"Time":"2026-10-07T13:31:15.324613398Z","Action":"output","Package":"github.com/Hubujiu/WeaveOS/services/bff/internal/apprecordservice","Test":"TestRootCatalogCompatibilityDoesNotScanArchivedVersions","Output":"                  \"Plans\": [\n"}
{"Time":"2026-10-07T13:31:15.324615371Z","Action":"output","Package":"github.com/Hubujiu/WeaveOS/services/bff/internal/apprecordservice","Test":"TestRootCatalogCompatibilityDoesNotScanArchivedVersions","Output":"                    {\n"}
{"Time":"2026-10-07T13:31:15.32461928Z","Action":"output","Package":"github.com/Hubujiu/WeaveOS/services/bff/internal/apprecordservice","Test":"TestRootCatalogCompatibilityDoesNotScanArchivedVersions","Output":"                      \"Node Type\": \"Unique\",\n"}
{"Time":"2026-10-07T13:31:15.324622361Z","Action":"output","Package":"github.com/Hubujiu/WeaveOS/services/bff/internal/apprecordservice","Test":"TestRootCatalogCompatibilityDoesNotScanArchivedVersions","Output":"                      \"Parent Relationship\": \"Outer\",\n"}
{"Time":"2026-10-07T13:31:15.324624682Z","Action":"output","Package":"github.com/Hubujiu/WeaveOS/services/bff/internal/apprecordservice","Test":"TestRootCatalogCompatibilityDoesNotScanArchivedVersions","Output":"                      \"Parallel Aware\": false,\n"}
{"Time":"2026-10-07T13:31:15.324626665Z","Action":"output","Package":"github.com/Hubujiu/WeaveOS/services/bff/internal/apprecordservice","Test":"TestRootCatalogCompatibilityDoesNotScanArchivedVersions","Output":"                      \"Async Capable\": false,\n"}
{"Time":"2026-10-07T13:31:15.324628574Z","Action":"output","Package":"github.com/Hubujiu/WeaveOS/services/bff/internal/apprecordservice","Test":"TestRootCatalogCompatibilityDoesNotScanArchivedVersions","Output":"                      \"Startup Cost\": 2.47,\n"}
{"Time":"2026-10-07T13:31:15.324631509Z","Action":"output","Package":"github.com/Hubujiu/WeaveOS/services/bff/internal/apprecordservice","Test":"TestRootCatalogCompatibilityDoesNotScanArchivedVersions","Output":"                      \"Total Cost\": 2.49,\n"}
{"Time":"2026-10-07T13:31:15.324634168Z","Action":"output","Package":"github.com/Hubujiu/WeaveOS/services/bff/internal/apprecordservice","Test":"TestRootCatalogCompatibilityDoesNotScanArchivedVersions","Output":"                      \"Plan Rows\": 2,\n"}
{"Time":"2026-10-07T13:31:15.324636131Z","Action":"output","Package":"github.com/Hubujiu/WeaveOS/services/bff/internal/apprecordservice","Test":"TestRootCatalogCompatibilityDoesNotScanArchivedVersions","Output":"                      \"Plan Width\": 40,\n"}
{"Time":"2026-10-07T13:31:15.324638351Z","Action":"output","Package":"github.com/Hubujiu/WeaveOS/services/bff/internal/apprecordservice","Test":"TestRootCatalogCompatibilityDoesNotScanArchivedVersions","Output":"                      \"Actual Startup Time\": 0.027,\n"}
{"Time":"2026-10-07T13:31:15.324641063Z","Action":"output","Package":"github.com/Hubujiu/WeaveOS/services/bff/internal/apprecordservice","Test":"TestRootCatalogCompatibilityDoesNotScanArchivedVersions","Output":"                      \"Actual Total Time\": 0.028,\n"}
{"Time":"2026-10-07T13:31:15.324643048Z","Action":"output","Package":"github.com/Hubujiu/WeaveOS/services/bff/internal/apprecordservice","Test":"TestRootCatalogCompatibilityDoesNotScanArchivedVersions","Output":"                      \"Actual Rows\": 1.00,\n"}
{"Time":"2026-10-07T13:31:15.324645734Z","Action":"output","Package":"github.com/Hubujiu/WeaveOS/services/bff/internal/apprecordservice","Test":"TestRootCatalogCompatibilityDoesNotScanArchivedVersions","Output":"                      \"Actual Loops\": 1,\n"}
{"Time":"2026-10-07T13:31:15.324650302Z","Action":"output","Package":"github.com/Hubujiu/WeaveOS/services/bff/internal/apprecordservice","Test":"TestRootCatalogCompatibilityDoesNotScanArchivedVersions","Output":"                      \"Disabled\": false,\n"}
{"Time":"2026-10-07T13:31:15.32465328Z","Action":"output","Package":"github.com/Hubujiu/WeaveOS/services/bff/internal/apprecordservice","Test":"TestRootCatalogCompatibilityDoesNotScanArchivedVersions","Output":"                      \"Shared Hit Blocks\": 2,\n"}
{"Time":"2026-10-07T13:31:15.324679053Z","Action":"output","Package":"github.com/Hubujiu/WeaveOS/services/bff/internal/apprecordservice","Test":"TestRootCatalogCompatibilityDoesNotScanArchivedVersions","Output":"                      \"Shared Read Blocks\": 0,\n"}
{"Time":"2026-10-07T13:31:15.324681853Z","Action":"output","Package":"github.com/Hubujiu/WeaveOS/services/bff/internal/apprecordservice","Test":"TestRootCatalogCompatibilityDoesNotScanArchivedVersions","Output":"                      \"Shared Dirtied Blocks\": 0,\n"}
{"Time":"2026-10-07T13:31:15.324685719Z","Action":"output","Package":"github.com/Hubujiu/WeaveOS/services/bff/internal/apprecordservice","Test":"TestRootCatalogCompatibilityDoesNotScanArchivedVersions","Output":"                      \"Shared Written Blocks\": 0,\n"}
{"Time":"2026-10-07T13:31:15.324688405Z","Action":"output","Package":"github.com/Hubujiu/WeaveOS/services/bff/internal/apprecordservice","Test":"TestRootCatalogCompatibilityDoesNotScanArchivedVersions","Output":"                      \"Local Hit Blocks\": 0,\n"}
{"Time":"2026-10-07T13:31:15.324690622Z","Action":"output","Package":"github.com/Hubujiu/WeaveOS/services/bff/internal/apprecordservice","Test":"TestRootCatalogCompatibilityDoesNotScanArchivedVersions","Output":"                      \"Local Read Blocks\": 0,\n"}
{"Time":"2026-10-07T13:31:15.324692942Z","Action":"output","Package":"github.com/Hubujiu/WeaveOS/services/bff/internal/apprecordservice","Test":"TestRootCatalogCompatibilityDoesNotScanArchivedVersions","Output":"                      \"Local Dirtied Blocks\": 0,\n"}
{"Time":"2026-10-07T13:31:15.324695776Z","Action":"output","Package":"github.com/Hubujiu/WeaveOS/services/bff/internal/apprecordservice","Test":"TestRootCatalogCompatibilityDoesNotScanArchivedVersions","Output":"                      \"Local Written Blocks\": 0,\n"}
{"Time":"2026-10-07T13:31:15.324698353Z","Action":"output","Package":"github.com/Hubujiu/WeaveOS/services/bff/internal/apprecordservice","Test":"TestRootCatalogCompatibilityDoesNotScanArchivedVersions","Output":"                      \"Temp Read Blocks\": 0,\n"}
{"Time":"2026-10-07T13:31:15.324700896Z","Action":"output","Package":"github.com/Hubujiu/WeaveOS/services/bff/internal/apprecordservice","Test":"TestRootCatalogCompatibilityDoesNotScanArchivedVersions","Output":"                      \"Temp Written Blocks\": 0,\n"}
{"Time":"2026-10-07T13:31:15.324704078Z","Action":"output","Package":"github.com/Hubujiu/WeaveOS/services/bff/internal/apprecordservice","Test":"TestRootCatalogCompatibilityDoesNotScanArchivedVersions","Output":"                      \"Plans\": [\n"}
{"Time":"2026-10-07T13:31:15.32470749Z","Action":"output","Package":"github.com/Hubujiu/WeaveOS/services/bff/internal/apprecordservice","Test":"TestRootCatalogCompatibilityDoesNotScanArchivedVersions","Output":"                        {\n"}
{"Time":"2026-10-07T13:31:15.324711662Z","Action":"output","Package":"github.com/Hubujiu/WeaveOS/services/bff/internal/apprecordservice","Test":"TestRootCatalogCompatibilityDoesNotScanArchivedVersions","Output":"                          \"Node Type\": \"Sort\",\n"}
{"Time":"2026-10-07T13:31:15.324774951Z","Action":"output","Package":"github.com/Hubujiu/WeaveOS/services/bff/internal/apprecordservice","Test":"TestRootCatalogCompatibilityDoesNotScanArchivedVersions","Output":"                          \"Parent Relationship\": \"Outer\",\n"}
{"Time":"2026-10-07T13:31:15.324780183Z","Action":"output","Package":"github.com/Hubujiu/WeaveOS/services/bff/internal/apprecordservice","Test":"TestRootCatalogCompatibilityDoesNotScanArchivedVersions","Output":"                          \"Parallel Aware\": false,\n"}
{"Time":"2026-10-07T13:31:15.324783276Z","Action":"output","Package":"github.com/Hubujiu/WeaveOS/services/bff/internal/apprecordservice","Test":"TestRootCatalogCompatibilityDoesNotScanArchivedVersions","Output":"                          \"Async Capable\": false,\n"}
{"Time":"2026-10-07T13:31:15.324785675Z","Action":"output","Package":"github.com/Hubujiu/WeaveOS/services/bff/internal/apprecordservice","Test":"TestRootCatalogCompatibilityDoesNotScanArchivedVersions","Output":"                          \"Startup Cost\": 2.47,\n"}
{"Time":"2026-10-07T13:31:15.324787619Z","Action":"output","Package":"github.com/Hubujiu/WeaveOS/services/bff/internal/apprecordservice","Test":"TestRootCatalogCompatibilityDoesNotScanArchivedVersions","Output":"                          \"Total Cost\": 2.48,\n"}
{"Time":"2026-10-07T13:31:15.324791832Z","Action":"output","Package":"github.com/Hubujiu/WeaveOS/services/bff/internal/apprecordservice","Test":"TestRootCatalogCompatibilityDoesNotScanArchivedVersions","Output":"                          \"Plan Rows\": 2,\n"}
{"Time":"2026-10-07T13:31:15.324793938Z","Action":"output","Package":"github.com/Hubujiu/WeaveOS/services/bff/internal/apprecordservice","Test":"TestRootCatalogCompatibilityDoesNotScanArchivedVersions","Output":"                          \"Plan Width\": 40,\n"}
{"Time":"2026-10-07T13:31:15.324795986Z","Action":"output","Package":"github.com/Hubujiu/WeaveOS/services/bff/internal/apprecordservice","Test":"TestRootCatalogCompatibilityDoesNotScanArchivedVersions","Output":"                          \"Actual Startup Time\": 0.025,\n"}
{"Time":"2026-10-07T13:31:15.324798068Z","Action":"output","Package":"github.com/Hubujiu/WeaveOS/services/bff/internal/apprecordservice","Test":"TestRootCatalogCompatibilityDoesNotScanArchivedVersions","Output":"                          \"Actual Total Time\": 0.026,\n"}
{"Time":"2026-10-07T13:31:15.32480003Z","Action":"output","Package":"github.com/Hubujiu/WeaveOS/services/bff/internal/apprecordservice","Test":"TestRootCatalogCompatibilityDoesNotScanArchivedVersions","Output":"                          \"Actual Rows\": 1.00,\n"}
{"Time":"2026-10-07T13:31:15.32480201Z","Action":"output","Package":"github.com/Hubujiu/WeaveOS/services/bff/internal/apprecordservice","Test":"TestRootCatalogCompatibilityDoesNotScanArchivedVersions","Output":"                          \"Actual Loops\": 1,\n"}
{"Time":"2026-10-07T13:31:15.324806749Z","Action":"output","Package":"github.com/Hubujiu/WeaveOS/services/bff/internal/apprecordservice","Test":"TestRootCatalogCompatibilityDoesNotScanArchivedVersions","Output":"                          \"Disabled\": false,\n"}
{"Time":"2026-10-07T13:31:15.324809018Z","Action":"output","Package":"github.com/Hubujiu/WeaveOS/services/bff/internal/apprecordservice","Test":"TestRootCatalogCompatibilityDoesNotScanArchivedVersions","Output":"                          \"Sort Key\": [\"d.app_id\", \"d.id\", \"d.current_version\"],\n"}
{"Time":"2026-10-07T13:31:15.324811886Z","Action":"output","Package":"github.com/Hubujiu/WeaveOS/services/bff/internal/apprecordservice","Test":"TestRootCatalogCompatibilityDoesNotScanArchivedVersions","Output":"                          \"Sort Method\": \"quicksort\",\n"}
{"Time":"2026-10-07T13:31:15.324814236Z","Action":"output","Package":"github.com/Hubujiu/WeaveOS/services/bff/internal/apprecordservice","Test":"TestRootCatalogCompatibilityDoesNotScanArchivedVersions","Output":"                          \"Sort Space Used\": 25,\n"}
{"Time":"2026-10-07T13:31:15.324816281Z","Action":"output","Package":"github.com/Hubujiu/WeaveOS/services/bff/internal/apprecordservice","Test":"TestRootCatalogCompatibilityDoesNotScanArchivedVersions","Output":"                          \"Sort Space Type\": \"Memory\",\n"}
{"Time":"2026-10-07T13:31:15.324818372Z","Action":"output","Package":"github.com/Hubujiu/WeaveOS/services/bff/internal/apprecordservice","Test":"TestRootCatalogCompatibilityDoesNotScanArchivedVersions","Output":"                          \"Shared Hit Blocks\": 2,\n"}
{"Time":"2026-10-07T13:31:15.324820567Z","Action":"output","Package":"github.com/Hubujiu/WeaveOS/services/bff/internal/apprecordservice","Test":"TestRootCatalogCompatibilityDoesNotScanArchivedVersions","Output":"                          \"Shared Read Blocks\": 0,\n"}
{"Time":"2026-10-07T13:31:15.324822978Z","Action":"output","Package":"github.com/Hubujiu/WeaveOS/services/bff/internal/apprecordservice","Test":"TestRootCatalogCompatibilityDoesNotScanArchivedVersions","Output":"                          \"Shared Dirtied Blocks\": 0,\n"}
{"Time":"2026-10-07T13:31:15.324825761Z","Action":"output","Package":"github.com/Hubujiu/WeaveOS/services/bff/internal/apprecordservice","Test":"TestRootCatalogCompatibilityDoesNotScanArchivedVersions","Output":"                          \"Shared Written Blocks\": 0,\n"}
{"Time":"2026-10-07T13:31:15.324829049Z","Action":"output","Package":"github.com/Hubujiu/WeaveOS/services/bff/internal/apprecordservice","Test":"TestRootCatalogCompatibilityDoesNotScanArchivedVersions","Output":"                          \"Local Hit Blocks\": 0,\n"}
{"Time":"2026-10-07T13:31:15.324832029Z","Action":"output","Package":"github.com/Hubujiu/WeaveOS/services/bff/internal/apprecordservice","Test":"TestRootCatalogCompatibilityDoesNotScanArchivedVersions","Output":"                          \"Local Read Blocks\": 0,\n"}
{"Time":"2026-10-07T13:31:15.324834083Z","Action":"output","Package":"github.com/Hubujiu/WeaveOS/services/bff/internal/apprecordservice","Test":"TestRootCatalogCompatibilityDoesNotScanArchivedVersions","Output":"                          \"Local Dirtied Blocks\": 0,\n"}
{"Time":"2026-10-07T13:31:15.324836098Z","Action":"output","Package":"github.com/Hubujiu/WeaveOS/services/bff/internal/apprecordservice","Test":"TestRootCatalogCompatibilityDoesNotScanArchivedVersions","Output":"                          \"Local Written Blocks\": 0,\n"}
{"Time":"2026-10-07T13:31:15.324838743Z","Action":"output","Package":"github.com/Hubujiu/WeaveOS/services/bff/internal/apprecordservice","Test":"TestRootCatalogCompatibilityDoesNotScanArchivedVersions","Output":"                          \"Temp Read Blocks\": 0,\n"}
{"Time":"2026-10-07T13:31:15.324840767Z","Action":"output","Package":"github.com/Hubujiu/WeaveOS/services/bff/internal/apprecordservice","Test":"TestRootCatalogCompatibilityDoesNotScanArchivedVersions","Output":"                          \"Temp Written Blocks\": 0,\n"}
{"Time":"2026-10-07T13:31:15.324842663Z","Action":"output","Package":"github.com/Hubujiu/WeaveOS/services/bff/internal/apprecordservice","Test":"TestRootCatalogCompatibilityDoesNotScanArchivedVersions","Output":"                          \"Plans\": [\n"}
{"Time":"2026-10-07T13:31:15.324844622Z","Action":"output","Package":"github.com/Hubujiu/WeaveOS/services/bff/internal/apprecordservice","Test":"TestRootCatalogCompatibilityDoesNotScanArchivedVersions","Output":"                            {\n"}
{"Time":"2026-10-07T13:31:15.324848309Z","Action":"output","Package":"github.com/Hubujiu/WeaveOS/services/bff/internal/apprecordservice","Test":"TestRootCatalogCompatibilityDoesNotScanArchivedVersions","Output":"                              \"Node Type\": \"Append\",\n"}
{"Time":"2026-10-07T13:31:15.324850538Z","Action":"output","Package":"github.com/Hubujiu/WeaveOS/services/bff/internal/apprecordservice","Test":"TestRootCatalogCompatibilityDoesNotScanArchivedVersions","Output":"                              \"Parent Relationship\": \"Outer\",\n"}
{"Time":"2026-10-07T13:31:15.32485326Z","Action":"output","Package":"github.com/Hubujiu/WeaveOS/services/bff/internal/apprecordservice","Test":"TestRootCatalogCompatibilityDoesNotScanArchivedVersions","Output":"                              \"Parallel Aware\": false,\n"}
{"Time":"2026-10-07T13:31:15.324855919Z","Action":"output","Package":"github.com/Hubujiu/WeaveOS/services/bff/internal/apprecordservice","Test":"TestRootCatalogCompatibilityDoesNotScanArchivedVersions","Output":"                              \"Async Capable\": false,\n"}
{"Time":"2026-10-07T13:31:15.324861032Z","Action":"output","Package":"github.com/Hubujiu/WeaveOS/services/bff/internal/apprecordservice","Test":"TestRootCatalogCompatibilityDoesNotScanArchivedVersions","Output":"                              \"Startup Cost\": 0.00,\n"}
{"Time":"2026-10-07T13:31:15.324865607Z","Action":"output","Package":"github.com/Hubujiu/WeaveOS/services/bff/internal/apprecordservice","Test":"TestRootCatalogCompatibilityDoesNotScanArchivedVersions","Output":"                              \"Total Cost\": 2.46,\n"}
{"Time":"2026-10-07T13:31:15.324870006Z","Action":"output","Package":"github.com/Hubujiu/WeaveOS/services/bff/internal/apprecordservice","Test":"TestRootCatalogCompatibilityDoesNotScanArchivedVersions","Output":"                              \"Plan Rows\": 2,\n"}
{"Time":"2026-10-07T13:31:15.324872631Z","Action":"output","Package":"github.com/Hubujiu/WeaveOS/services/bff/internal/apprecordservice","Test":"TestRootCatalogCompatibilityDoesNotScanArchivedVersions","Output":"                              \"Plan Width\": 40,\n"}
{"Time":"2026-10-07T13:31:15.324876811Z","Action":"output","Package":"github.com/Hubujiu/WeaveOS/services/bff/internal/apprecordservice","Test":"TestRootCatalogCompatibilityDoesNotScanArchivedVersions","Output":"                              \"Actual Startup Time\": 0.011,\n"}
{"Time":"2026-10-07T13:31:15.32488163Z","Action":"output","Package":"github.com/Hubujiu/WeaveOS/services/bff/internal/apprecordservice","Test":"TestRootCatalogCompatibilityDoesNotScanArchivedVersions","Output":"                              \"Actual Total Time\": 0.020,\n"}
{"Time":"2026-10-07T13:31:15.324884277Z","Action":"output","Package":"github.com/Hubujiu/WeaveOS/services/bff/internal/apprecordservice","Test":"TestRootCatalogCompatibilityDoesNotScanArchivedVersions","Output":"                              \"Actual Rows\": 1.00,\n"}
{"Time":"2026-10-07T13:31:15.324888803Z","Action":"output","Package":"github.com/Hubujiu/WeaveOS/services/bff/internal/apprecordservice","Test":"TestRootCatalogCompatibilityDoesNotScanArchivedVersions","Output":"                              \"Actual Loops\": 1,\n"}
{"Time":"2026-10-07T13:31:15.324893243Z","Action":"output","Package":"github.com/Hubujiu/WeaveOS/services/bff/internal/apprecordservice","Test":"TestRootCatalogCompatibilityDoesNotScanArchivedVersions","Output":"                              \"Disabled\": false,\n"}
{"Time":"2026-10-07T13:31:15.324895989Z","Action":"output","Package":"github.com/Hubujiu/WeaveOS/services/bff/internal/apprecordservice","Test":"TestRootCatalogCompatibilityDoesNotScanArchivedVersions","Output":"                              \"Shared Hit Blocks\": 2,\n"}
{"Time":"2026-10-07T13:31:15.324922668Z","Action":"output","Package":"github.com/Hubujiu/WeaveOS/services/bff/internal/apprecordservice","Test":"TestRootCatalogCompatibilityDoesNotScanArchivedVersions","Output":"                              \"Shared Read Blocks\": 0,\n"}
{"Time":"2026-10-07T13:31:15.324925572Z","Action":"output","Package":"github.com/Hubujiu/WeaveOS/services/bff/internal/apprecordservice","Test":"TestRootCatalogCompatibilityDoesNotScanArchivedVersions","Output":"                              \"Shared Dirtied Blocks\": 0,\n"}
{"Time":"2026-10-07T13:31:15.324927736Z","Action":"output","Package":"github.com/Hubujiu/WeaveOS/services/bff/internal/apprecordservice","Test":"TestRootCatalogCompatibilityDoesNotScanArchivedVersions","Output":"                              \"Shared Written Blocks\": 0,\n"}
{"Time":"2026-10-07T13:31:15.32492981Z","Action":"output","Package":"github.com/Hubujiu/WeaveOS/services/bff/internal/apprecordservice","Test":"TestRootCatalogCompatibilityDoesNotScanArchivedVersions","Output":"                              \"Local Hit Blocks\": 0,\n"}
{"Time":"2026-10-07T13:31:15.324932786Z","Action":"output","Package":"github.com/Hubujiu/WeaveOS/services/bff/internal/apprecordservice","Test":"TestRootCatalogCompatibilityDoesNotScanArchivedVersions","Output":"                              \"Local Read Blocks\": 0,\n"}
{"Time":"2026-10-07T13:31:15.324934907Z","Action":"output","Package":"github.com/Hubujiu/WeaveOS/services/bff/internal/apprecordservice","Test":"TestRootCatalogCompatibilityDoesNotScanArchivedVersions","Output":"                              \"Local Dirtied Blocks\": 0,\n"}
{"Time":"2026-10-07T13:31:15.324936973Z","Action":"output","Package":"github.com/Hubujiu/WeaveOS/services/bff/internal/apprecordservice","Test":"TestRootCatalogCompatibilityDoesNotScanArchivedVersions","Output":"                              \"Local Written Blocks\": 0,\n"}
{"Time":"2026-10-07T13:31:15.324939629Z","Action":"output","Package":"github.com/Hubujiu/WeaveOS/services/bff/internal/apprecordservice","Test":"TestRootCatalogCompatibilityDoesNotScanArchivedVersions","Output":"                              \"Temp Read Blocks\": 0,\n"}
{"Time":"2026-10-07T13:31:15.324942302Z","Action":"output","Package":"github.com/Hubujiu/WeaveOS/services/bff/internal/apprecordservice","Test":"TestRootCatalogCompatibilityDoesNotScanArchivedVersions","Output":"                              \"Temp Written Blocks\": 0,\n"}
{"Time":"2026-10-07T13:31:15.324946771Z","Action":"output","Package":"github.com/Hubujiu/WeaveOS/services/bff/internal/apprecordservice","Test":"TestRootCatalogCompatibilityDoesNotScanArchivedVersions","Output":"                              \"Subplans Removed\": 0,\n"}
{"Time":"2026-10-07T13:31:15.324949398Z","Action":"output","Package":"github.com/Hubujiu/WeaveOS/services/bff/internal/apprecordservice","Test":"TestRootCatalogCompatibilityDoesNotScanArchivedVersions","Output":"                              \"Plans\": [\n"}
{"Time":"2026-10-07T13:31:15.324954019Z","Action":"output","Package":"github.com/Hubujiu/WeaveOS/services/bff/internal/apprecordservice","Test":"TestRootCatalogCompatibilityDoesNotScanArchivedVersions","Output":"                                {\n"}
{"Time":"2026-10-07T13:31:15.324957083Z","Action":"output","Package":"github.com/Hubujiu/WeaveOS/services/bff/internal/apprecordservice","Test":"TestRootCatalogCompatibilityDoesNotScanArchivedVersions","Output":"                                  \"Node Type\": \"Seq Scan\",\n"}
{"Time":"2026-10-07T13:31:15.324979448Z","Action":"output","Package":"github.com/Hubujiu/WeaveOS/services/bff/internal/apprecordservice","Test":"TestRootCatalogCompatibilityDoesNotScanArchivedVersions","Output":"                                  \"Parent Relationship\": \"Member\",\n"}
{"Time":"2026-10-07T13:31:15.324982476Z","Action":"output","Package":"github.com/Hubujiu/WeaveOS/services/bff/internal/apprecordservice","Test":"TestRootCatalogCompatibilityDoesNotScanArchivedVersions","Output":"                                  \"Parallel Aware\": false,\n"}
{"Time":"2026-10-07T13:31:15.324985361Z","Action":"output","Package":"github.com/Hubujiu/WeaveOS/services/bff/internal/apprecordservice","Test":"TestRootCatalogCompatibilityDoesNotScanArchivedVersions","Output":"                                  \"Async Capable\": false,\n"}
{"Time":"2026-10-07T13:31:15.324987497Z","Action":"output","Package":"github.com/Hubujiu/WeaveOS/services/bff/internal/apprecordservice","Test":"TestRootCatalogCompatibilityDoesNotScanArchivedVersions","Output":"                                  \"Relation Name\": \"workflow_definitions\",\n"}
{"Time":"2026-10-07T13:31:15.324990402Z","Action":"output","Package":"github.com/Hubujiu/WeaveOS/services/bff/internal/apprecordservice","Test":"TestRootCatalogCompatibilityDoesNotScanArchivedVersions","Output":"                                  \"Alias\": \"d\",\n"}
{"Time":"2026-10-07T13:31:15.324992562Z","Action":"output","Package":"github.com/Hubujiu/WeaveOS/services/bff/internal/apprecordservice","Test":"TestRootCatalogCompatibilityDoesNotScanArchivedVersions","Output":"                                  \"Startup Cost\": 0.00,\n"}
{"Time":"2026-10-07T13:31:15.324995164Z","Action":"output","Package":"github.com/Hubujiu/WeaveOS/services/bff/internal/apprecordservice","Test":"TestRootCatalogCompatibilityDoesNotScanArchivedVersions","Output":"                                  \"Total Cost\": 1.31,\n"}
{"Time":"2026-10-07T13:31:15.324997759Z","Action":"output","Package":"github.com/Hubujiu/WeaveOS/services/bff/internal/apprecordservice","Test":"TestRootCatalogCompatibilityDoesNotScanArchivedVersions","Output":"                                  \"Plan Rows\": 1,\n"}
{"Time":"2026-10-07T13:31:15.325001301Z","Action":"output","Package":"github.com/Hubujiu/WeaveOS/services/bff/internal/apprecordservice","Test":"TestRootCatalogCompatibilityDoesNotScanArchivedVersions","Output":"                                  \"Plan Width\": 40,\n"}
{"Time":"2026-10-07T13:31:15.325004225Z","Action":"output","Package":"github.com/Hubujiu/WeaveOS/services/bff/internal/apprecordservice","Test":"TestRootCatalogCompatibilityDoesNotScanArchivedVersions","Output":"                                  \"Actual Startup Time\": 0.011,\n"}
{"Time":"2026-10-07T13:31:15.32500895Z","Action":"output","Package":"github.com/Hubujiu/WeaveOS/services/bff/internal/apprecordservice","Test":"TestRootCatalogCompatibilityDoesNotScanArchivedVersions","Output":"                                  \"Actual Total Time\": 0.012,\n"}
{"Time":"2026-10-07T13:31:15.32501341Z","Action":"output","Package":"github.com/Hubujiu/WeaveOS/services/bff/internal/apprecordservice","Test":"TestRootCatalogCompatibilityDoesNotScanArchivedVersions","Output":"                                  \"Actual Rows\": 1.00,\n"}
{"Time":"2026-10-07T13:31:15.325016046Z","Action":"output","Package":"github.com/Hubujiu/WeaveOS/services/bff/internal/apprecordservice","Test":"TestRootCatalogCompatibilityDoesNotScanArchivedVersions","Output":"                                  \"Actual Loops\": 1,\n"}
{"Time":"2026-10-07T13:31:15.325020513Z","Action":"output","Package":"github.com/Hubujiu/WeaveOS/services/bff/internal/apprecordservice","Test":"TestRootCatalogCompatibilityDoesNotScanArchivedVersions","Output":"                                  \"Disabled\": false,\n"}
{"Time":"2026-10-07T13:31:15.325057471Z","Action":"output","Package":"github.com/Hubujiu/WeaveOS/services/bff/internal/apprecordservice","Test":"TestRootCatalogCompatibilityDoesNotScanArchivedVersions","Output":"                                  \"Filter\": \"(((state)::text = ANY ('{enabled,closing}'::text[])) AND (app_id = 'e536d933-c2bb-49db-947b-43645293dc66'::uuid) AND (table_id = 'e85e28f2-19d6-4b75-ac43-9bed63b824d9'::uuid))\",\n"}
{"Time":"2026-10-07T13:31:15.325064044Z","Action":"output","Package":"github.com/Hubujiu/WeaveOS/services/bff/internal/apprecordservice","Test":"TestRootCatalogCompatibilityDoesNotScanArchivedVersions","Output":"                                  \"Rows Removed by Filter\": 17,\n"}
{"Time":"2026-10-07T13:31:15.325155879Z","Action":"output","Package":"github.com/Hubujiu/WeaveOS/services/bff/internal/apprecordservice","Test":"TestRootCatalogCompatibilityDoesNotScanArchivedVersions","Output":"                                  \"Shared Hit Blocks\": 1,\n"}
{"Time":"2026-10-07T13:31:15.325158884Z","Action":"output","Package":"github.com/Hubujiu/WeaveOS/services/bff/internal/apprecordservice","Test":"TestRootCatalogCompatibilityDoesNotScanArchivedVersions","Output":"                                  \"Shared Read Blocks\": 0,\n"}
{"Time":"2026-10-07T13:31:15.325160982Z","Action":"output","Package":"github.com/Hubujiu/WeaveOS/services/bff/internal/apprecordservice","Test":"TestRootCatalogCompatibilityDoesNotScanArchivedVersions","Output":"                                  \"Shared Dirtied Blocks\": 0,\n"}
{"Time":"2026-10-07T13:31:15.325163083Z","Action":"output","Package":"github.com/Hubujiu/WeaveOS/services/bff/internal/apprecordservice","Test":"TestRootCatalogCompatibilityDoesNotScanArchivedVersions","Output":"                                  \"Shared Written Blocks\": 0,\n"}
{"Time":"2026-10-07T13:31:15.325165727Z","Action":"output","Package":"github.com/Hubujiu/WeaveOS/services/bff/internal/apprecordservice","Test":"TestRootCatalogCompatibilityDoesNotScanArchivedVersions","Output":"                                  \"Local Hit Blocks\": 0,\n"}
{"Time":"2026-10-07T13:31:15.325168018Z","Action":"output","Package":"github.com/Hubujiu/WeaveOS/services/bff/internal/apprecordservice","Test":"TestRootCatalogCompatibilityDoesNotScanArchivedVersions","Output":"                                  \"Local Read Blocks\": 0,\n"}
{"Time":"2026-10-07T13:31:15.325172146Z","Action":"output","Package":"github.com/Hubujiu/WeaveOS/services/bff/internal/apprecordservice","Test":"TestRootCatalogCompatibilityDoesNotScanArchivedVersions","Output":"                                  \"Local Dirtied Blocks\": 0,\n"}
{"Time":"2026-10-07T13:31:15.325174466Z","Action":"output","Package":"github.com/Hubujiu/WeaveOS/services/bff/internal/apprecordservice","Test":"TestRootCatalogCompatibilityDoesNotScanArchivedVersions","Output":"                                  \"Local Written Blocks\": 0,\n"}
{"Time":"2026-10-07T13:31:15.325177237Z","Action":"output","Package":"github.com/Hubujiu/WeaveOS/services/bff/internal/apprecordservice","Test":"TestRootCatalogCompatibilityDoesNotScanArchivedVersions","Output":"                                  \"Temp Read Blocks\": 0,\n"}
{"Time":"2026-10-07T13:31:15.325182314Z","Action":"output","Package":"github.com/Hubujiu/WeaveOS/services/bff/internal/apprecordservice","Test":"TestRootCatalogCompatibilityDoesNotScanArchivedVersions","Output":"                                  \"Temp Written Blocks\": 0\n"}
{"Time":"2026-10-07T13:31:15.325184945Z","Action":"output","Package":"github.com/Hubujiu/WeaveOS/services/bff/internal/apprecordservice","Test":"TestRootCatalogCompatibilityDoesNotScanArchivedVersions","Output":"                                },\n"}
{"Time":"2026-10-07T13:31:15.325219453Z","Action":"output","Package":"github.com/Hubujiu/WeaveOS/services/bff/internal/apprecordservice","Test":"TestRootCatalogCompatibilityDoesNotScanArchivedVersions","Output":"                                {\n"}
{"Time":"2026-10-07T13:31:15.325223003Z","Action":"output","Package":"github.com/Hubujiu/WeaveOS/services/bff/internal/apprecordservice","Test":"TestRootCatalogCompatibilityDoesNotScanArchivedVersions","Output":"                                  \"Node Type\": \"Seq Scan\",\n"}
{"Time":"2026-10-07T13:31:15.325241632Z","Action":"output","Package":"github.com/Hubujiu/WeaveOS/services/bff/internal/apprecordservice","Test":"TestRootCatalogCompatibilityDoesNotScanArchivedVersions","Output":"                                  \"Parent Relationship\": \"Member\",\n"}
{"Time":"2026-10-07T13:31:15.325244419Z","Action":"output","Package":"github.com/Hubujiu/WeaveOS/services/bff/internal/apprecordservice","Test":"TestRootCatalogCompatibilityDoesNotScanArchivedVersions","Output":"                                  \"Parallel Aware\": false,\n"}
{"Time":"2026-10-07T13:31:15.325247052Z","Action":"output","Package":"github.com/Hubujiu/WeaveOS/services/bff/internal/apprecordservice","Test":"TestRootCatalogCompatibilityDoesNotScanArchivedVersions","Output":"                                  \"Async Capable\": false,\n"}
{"Time":"2026-10-07T13:31:15.325249748Z","Action":"output","Package":"github.com/Hubujiu/WeaveOS/services/bff/internal/apprecordservice","Test":"TestRootCatalogCompatibilityDoesNotScanArchivedVersions","Output":"                                  \"Relation Name\": \"workflow_instances\",\n"}
{"Time":"2026-10-07T13:31:15.32525249Z","Action":"output","Package":"github.com/Hubujiu/WeaveOS/services/bff/internal/apprecordservice","Test":"TestRootCatalogCompatibilityDoesNotScanArchivedVersions","Output":"                                  \"Alias\": \"i\",\n"}
{"Time":"2026-10-07T13:31:15.325256715Z","Action":"output","Package":"github.com/Hubujiu/WeaveOS/services/bff/internal/apprecordservice","Test":"TestRootCatalogCompatibilityDoesNotScanArchivedVersions","Output":"                                  \"Startup Cost\": 0.00,\n"}
{"Time":"2026-10-07T13:31:15.325260454Z","Action":"output","Package":"github.com/Hubujiu/WeaveOS/services/bff/internal/apprecordservice","Test":"TestRootCatalogCompatibilityDoesNotScanArchivedVersions","Output":"                                  \"Total Cost\": 1.14,\n"}
{"Time":"2026-10-07T13:31:15.325264913Z","Action":"output","Package":"github.com/Hubujiu/WeaveOS/services/bff/internal/apprecordservice","Test":"TestRootCatalogCompatibilityDoesNotScanArchivedVersions","Output":"                                  \"Plan Rows\": 1,\n"}
{"Time":"2026-10-07T13:31:15.325269516Z","Action":"output","Package":"github.com/Hubujiu/WeaveOS/services/bff/internal/apprecordservice","Test":"TestRootCatalogCompatibilityDoesNotScanArchivedVersions","Output":"                                  \"Plan Width\": 40,\n"}
{"Time":"2026-10-07T13:31:15.325272721Z","Action":"output","Package":"github.com/Hubujiu/WeaveOS/services/bff/internal/apprecordservice","Test":"TestRootCatalogCompatibilityDoesNotScanArchivedVersions","Output":"                                  \"Actual Startup Time\": 0.007,\n"}
{"Time":"2026-10-07T13:31:15.325331906Z","Action":"output","Package":"github.com/Hubujiu/WeaveOS/services/bff/internal/apprecordservice","Test":"TestRootCatalogCompatibilityDoesNotScanArchivedVersions","Output":"                                  \"Actual Total Time\": 0.007,\n"}
{"Time":"2026-10-07T13:31:15.325337649Z","Action":"output","Package":"github.com/Hubujiu/WeaveOS/services/bff/internal/apprecordservice","Test":"TestRootCatalogCompatibilityDoesNotScanArchivedVersions","Output":"                                  \"Actual Rows\": 0.00,\n"}
{"Time":"2026-10-07T13:31:15.325340048Z","Action":"output","Package":"github.com/Hubujiu/WeaveOS/services/bff/internal/apprecordservice","Test":"TestRootCatalogCompatibilityDoesNotScanArchivedVersions","Output":"                                  \"Actual Loops\": 1,\n"}
{"Time":"2026-10-07T13:31:15.325342202Z","Action":"output","Package":"github.com/Hubujiu/WeaveOS/services/bff/internal/apprecordservice","Test":"TestRootCatalogCompatibilityDoesNotScanArchivedVersions","Output":"                                  \"Disabled\": false,\n"}
{"Time":"2026-10-07T13:31:15.325345261Z","Action":"output","Package":"github.com/Hubujiu/WeaveOS/services/bff/internal/apprecordservice","Test":"TestRootCatalogCompatibilityDoesNotScanArchivedVersions","Output":"                                  \"Filter\": \"(((state)::text = ANY ('{starting,active}'::text[])) AND (app_id = 'e536d933-c2bb-49db-947b-43645293dc66'::uuid) AND (table_id = 'e85e28f2-19d6-4b75-ac43-9bed63b824d9'::uuid))\",\n"}
{"Time":"2026-10-07T13:31:15.3253489Z","Action":"output","Package":"github.com/Hubujiu/WeaveOS/services/bff/internal/apprecordservice","Test":"TestRootCatalogCompatibilityDoesNotScanArchivedVersions","Output":"                                  \"Rows Removed by Filter\": 8,\n"}
{"Time":"2026-10-07T13:31:15.325351575Z","Action":"output","Package":"github.com/Hubujiu/WeaveOS/services/bff/internal/apprecordservice","Test":"TestRootCatalogCompatibilityDoesNotScanArchivedVersions","Output":"                                  \"Shared Hit Blocks\": 1,\n"}
{"Time":"2026-10-07T13:31:15.325354161Z","Action":"output","Package":"github.com/Hubujiu/WeaveOS/services/bff/internal/apprecordservice","Test":"TestRootCatalogCompatibilityDoesNotScanArchivedVersions","Output":"                                  \"Shared Read Blocks\": 0,\n"}
{"Time":"2026-10-07T13:31:15.325358253Z","Action":"output","Package":"github.com/Hubujiu/WeaveOS/services/bff/internal/apprecordservice","Test":"TestRootCatalogCompatibilityDoesNotScanArchivedVersions","Output":"                                  \"Shared Dirtied Blocks\": 0,\n"}
{"Time":"2026-10-07T13:31:15.325361231Z","Action":"output","Package":"github.com/Hubujiu/WeaveOS/services/bff/internal/apprecordservice","Test":"TestRootCatalogCompatibilityDoesNotScanArchivedVersions","Output":"                                  \"Shared Written Blocks\": 0,\n"}
{"Time":"2026-10-07T13:31:15.325366133Z","Action":"output","Package":"github.com/Hubujiu/WeaveOS/services/bff/internal/apprecordservice","Test":"TestRootCatalogCompatibilityDoesNotScanArchivedVersions","Output":"                                  \"Local Hit Blocks\": 0,\n"}
{"Time":"2026-10-07T13:31:15.325369066Z","Action":"output","Package":"github.com/Hubujiu/WeaveOS/services/bff/internal/apprecordservice","Test":"TestRootCatalogCompatibilityDoesNotScanArchivedVersions","Output":"                                  \"Local Read Blocks\": 0,\n"}
{"Time":"2026-10-07T13:31:15.325388189Z","Action":"output","Package":"github.com/Hubujiu/WeaveOS/services/bff/internal/apprecordservice","Test":"TestRootCatalogCompatibilityDoesNotScanArchivedVersions","Output":"                                  \"Local Dirtied Blocks\": 0,\n"}
{"Time":"2026-10-07T13:31:15.32539088Z","Action":"output","Package":"github.com/Hubujiu/WeaveOS/services/bff/internal/apprecordservice","Test":"TestRootCatalogCompatibilityDoesNotScanArchivedVersions","Output":"                                  \"Local Written Blocks\": 0,\n"}
{"Time":"2026-10-07T13:31:15.325393442Z","Action":"output","Package":"github.com/Hubujiu/WeaveOS/services/bff/internal/apprecordservice","Test":"TestRootCatalogCompatibilityDoesNotScanArchivedVersions","Output":"                                  \"Temp Read Blocks\": 0,\n"}
{"Time":"2026-10-07T13:31:15.325397927Z","Action":"output","Package":"github.com/Hubujiu/WeaveOS/services/bff/internal/apprecordservice","Test":"TestRootCatalogCompatibilityDoesNotScanArchivedVersions","Output":"                                  \"Temp Written Blocks\": 0\n"}
{"Time":"2026-10-07T13:31:15.325400941Z","Action":"output","Package":"github.com/Hubujiu/WeaveOS/services/bff/internal/apprecordservice","Test":"TestRootCatalogCompatibilityDoesNotScanArchivedVersions","Output":"                                }\n"}
{"Time":"2026-10-07T13:31:15.325403594Z","Action":"output","Package":"github.com/Hubujiu/WeaveOS/services/bff/internal/apprecordservice","Test":"TestRootCatalogCompatibilityDoesNotScanArchivedVersions","Output":"                              ]\n"}
{"Time":"2026-10-07T13:31:15.325406283Z","Action":"output","Package":"github.com/Hubujiu/WeaveOS/services/bff/internal/apprecordservice","Test":"TestRootCatalogCompatibilityDoesNotScanArchivedVersions","Output":"                            }\n"}
{"Time":"2026-10-07T13:31:15.325411425Z","Action":"output","Package":"github.com/Hubujiu/WeaveOS/services/bff/internal/apprecordservice","Test":"TestRootCatalogCompatibilityDoesNotScanArchivedVersions","Output":"                          ]\n"}
{"Time":"2026-10-07T13:31:15.325415099Z","Action":"output","Package":"github.com/Hubujiu/WeaveOS/services/bff/internal/apprecordservice","Test":"TestRootCatalogCompatibilityDoesNotScanArchivedVersions","Output":"                        }\n"}
{"Time":"2026-10-07T13:31:15.325417992Z","Action":"output","Package":"github.com/Hubujiu/WeaveOS/services/bff/internal/apprecordservice","Test":"TestRootCatalogCompatibilityDoesNotScanArchivedVersions","Output":"                      ]\n"}
{"Time":"2026-10-07T13:31:15.325436366Z","Action":"output","Package":"github.com/Hubujiu/WeaveOS/services/bff/internal/apprecordservice","Test":"TestRootCatalogCompatibilityDoesNotScanArchivedVersions","Output":"                    },\n"}
{"Time":"2026-10-07T13:31:15.325439781Z","Action":"output","Package":"github.com/Hubujiu/WeaveOS/services/bff/internal/apprecordservice","Test":"TestRootCatalogCompatibilityDoesNotScanArchivedVersions","Output":"                    {\n"}
{"Time":"2026-10-07T13:31:15.325442358Z","Action":"output","Package":"github.com/Hubujiu/WeaveOS/services/bff/internal/apprecordservice","Test":"TestRootCatalogCompatibilityDoesNotScanArchivedVersions","Output":"                      \"Node Type\": \"Index Scan\",\n"}
{"Time":"2026-10-07T13:31:15.32544514Z","Action":"output","Package":"github.com/Hubujiu/WeaveOS/services/bff/internal/apprecordservice","Test":"TestRootCatalogCompatibilityDoesNotScanArchivedVersions","Output":"                      \"Parent Relationship\": \"Inner\",\n"}
{"Time":"2026-10-07T13:31:15.325450722Z","Action":"output","Package":"github.com/Hubujiu/WeaveOS/services/bff/internal/apprecordservice","Test":"TestRootCatalogCompatibilityDoesNotScanArchivedVersions","Output":"                      \"Parallel Aware\": false,\n"}
{"Time":"2026-10-07T13:31:15.325453396Z","Action":"output","Package":"github.com/Hubujiu/WeaveOS/services/bff/internal/apprecordservice","Test":"TestRootCatalogCompatibilityDoesNotScanArchivedVersions","Output":"                      \"Async Capable\": false,\n"}
{"Time":"2026-10-07T13:31:15.325471167Z","Action":"output","Package":"github.com/Hubujiu/WeaveOS/services/bff/internal/apprecordservice","Test":"TestRootCatalogCompatibilityDoesNotScanArchivedVersions","Output":"                      \"Scan Direction\": \"Forward\",\n"}
{"Time":"2026-10-07T13:31:15.325473974Z","Action":"output","Package":"github.com/Hubujiu/WeaveOS/services/bff/internal/apprecordservice","Test":"TestRootCatalogCompatibilityDoesNotScanArchivedVersions","Output":"                      \"Index Name\": \"uq_workflow_publication_version\",\n"}
{"Time":"2026-10-07T13:31:15.325476951Z","Action":"output","Package":"github.com/Hubujiu/WeaveOS/services/bff/internal/apprecordservice","Test":"TestRootCatalogCompatibilityDoesNotScanArchivedVersions","Output":"                      \"Relation Name\": \"workflow_versions\",\n"}
{"Time":"2026-10-07T13:31:15.325481164Z","Action":"output","Package":"github.com/Hubujiu/WeaveOS/services/bff/internal/apprecordservice","Test":"TestRootCatalogCompatibilityDoesNotScanArchivedVersions","Output":"                      \"Alias\": \"v\",\n"}
{"Time":"2026-10-07T13:31:15.325485138Z","Action":"output","Package":"github.com/Hubujiu/WeaveOS/services/bff/internal/apprecordservice","Test":"TestRootCatalogCompatibilityDoesNotScanArchivedVersions","Output":"                      \"Startup Cost\": 0.29,\n"}
{"Time":"2026-10-07T13:31:15.325487819Z","Action":"output","Package":"github.com/Hubujiu/WeaveOS/services/bff/internal/apprecordservice","Test":"TestRootCatalogCompatibilityDoesNotScanArchivedVersions","Output":"                      \"Total Cost\": 8.31,\n"}
{"Time":"2026-10-07T13:31:15.32549029Z","Action":"output","Package":"github.com/Hubujiu/WeaveOS/services/bff/internal/apprecordservice","Test":"TestRootCatalogCompatibilityDoesNotScanArchivedVersions","Output":"                      \"Plan Rows\": 1,\n"}
{"Time":"2026-10-07T13:31:15.325493011Z","Action":"output","Package":"github.com/Hubujiu/WeaveOS/services/bff/internal/apprecordservice","Test":"TestRootCatalogCompatibilityDoesNotScanArchivedVersions","Output":"                      \"Plan Width\": 807,\n"}
{"Time":"2026-10-07T13:31:15.325497583Z","Action":"output","Package":"github.com/Hubujiu/WeaveOS/services/bff/internal/apprecordservice","Test":"TestRootCatalogCompatibilityDoesNotScanArchivedVersions","Output":"                      \"Actual Startup Time\": 0.015,\n"}
{"Time":"2026-10-07T13:31:15.325500591Z","Action":"output","Package":"github.com/Hubujiu/WeaveOS/services/bff/internal/apprecordservice","Test":"TestRootCatalogCompatibilityDoesNotScanArchivedVersions","Output":"                      \"Actual Total Time\": 0.015,\n"}
{"Time":"2026-10-07T13:31:15.32550516Z","Action":"output","Package":"github.com/Hubujiu/WeaveOS/services/bff/internal/apprecordservice","Test":"TestRootCatalogCompatibilityDoesNotScanArchivedVersions","Output":"                      \"Actual Rows\": 1.00,\n"}
{"Time":"2026-10-07T13:31:15.32550771Z","Action":"output","Package":"github.com/Hubujiu/WeaveOS/services/bff/internal/apprecordservice","Test":"TestRootCatalogCompatibilityDoesNotScanArchivedVersions","Output":"                      \"Actual Loops\": 1,\n"}
{"Time":"2026-10-07T13:31:15.325511702Z","Action":"output","Package":"github.com/Hubujiu/WeaveOS/services/bff/internal/apprecordservice","Test":"TestRootCatalogCompatibilityDoesNotScanArchivedVersions","Output":"                      \"Disabled\": false,\n"}
{"Time":"2026-10-07T13:31:15.325532716Z","Action":"output","Package":"github.com/Hubujiu/WeaveOS/services/bff/internal/apprecordservice","Test":"TestRootCatalogCompatibilityDoesNotScanArchivedVersions","Output":"                      \"Index Cond\": \"((app_id = d.app_id) AND (flow_id = d.id) AND (version = d.current_version))\",\n"}
{"Time":"2026-10-07T13:31:15.325535882Z","Action":"output","Package":"github.com/Hubujiu/WeaveOS/services/bff/internal/apprecordservice","Test":"TestRootCatalogCompatibilityDoesNotScanArchivedVersions","Output":"                      \"Rows Removed by Index Recheck\": 0,\n"}
{"Time":"2026-10-07T13:31:15.325538574Z","Action":"output","Package":"github.com/Hubujiu/WeaveOS/services/bff/internal/apprecordservice","Test":"TestRootCatalogCompatibilityDoesNotScanArchivedVersions","Output":"                      \"Index Searches\": 1,\n"}
{"Time":"2026-10-07T13:31:15.325541358Z","Action":"output","Package":"github.com/Hubujiu/WeaveOS/services/bff/internal/apprecordservice","Test":"TestRootCatalogCompatibilityDoesNotScanArchivedVersions","Output":"                      \"Shared Hit Blocks\": 3,\n"}
{"Time":"2026-10-07T13:31:15.325544116Z","Action":"output","Package":"github.com/Hubujiu/WeaveOS/services/bff/internal/apprecordservice","Test":"TestRootCatalogCompatibilityDoesNotScanArchivedVersions","Output":"                      \"Shared Read Blocks\": 0,\n"}
{"Time":"2026-10-07T13:31:15.325552194Z","Action":"output","Package":"github.com/Hubujiu/WeaveOS/services/bff/internal/apprecordservice","Test":"TestRootCatalogCompatibilityDoesNotScanArchivedVersions","Output":"                      \"Shared Dirtied Blocks\": 0,\n"}
{"Time":"2026-10-07T13:31:15.325554821Z","Action":"output","Package":"github.com/Hubujiu/WeaveOS/services/bff/internal/apprecordservice","Test":"TestRootCatalogCompatibilityDoesNotScanArchivedVersions","Output":"                      \"Shared Written Blocks\": 0,\n"}
{"Time":"2026-10-07T13:31:15.325557372Z","Action":"output","Package":"github.com/Hubujiu/WeaveOS/services/bff/internal/apprecordservice","Test":"TestRootCatalogCompatibilityDoesNotScanArchivedVersions","Output":"                      \"Local Hit Blocks\": 0,\n"}
{"Time":"2026-10-07T13:31:15.325562206Z","Action":"output","Package":"github.com/Hubujiu/WeaveOS/services/bff/internal/apprecordservice","Test":"TestRootCatalogCompatibilityDoesNotScanArchivedVersions","Output":"                      \"Local Read Blocks\": 0,\n"}
{"Time":"2026-10-07T13:31:15.325564796Z","Action":"output","Package":"github.com/Hubujiu/WeaveOS/services/bff/internal/apprecordservice","Test":"TestRootCatalogCompatibilityDoesNotScanArchivedVersions","Output":"                      \"Local Dirtied Blocks\": 0,\n"}
{"Time":"2026-10-07T13:31:15.325583532Z","Action":"output","Package":"github.com/Hubujiu/WeaveOS/services/bff/internal/apprecordservice","Test":"TestRootCatalogCompatibilityDoesNotScanArchivedVersions","Output":"                      \"Local Written Blocks\": 0,\n"}
{"Time":"2026-10-07T13:31:15.325586063Z","Action":"output","Package":"github.com/Hubujiu/WeaveOS/services/bff/internal/apprecordservice","Test":"TestRootCatalogCompatibilityDoesNotScanArchivedVersions","Output":"                      \"Temp Read Blocks\": 0,\n"}
{"Time":"2026-10-07T13:31:15.325588593Z","Action":"output","Package":"github.com/Hubujiu/WeaveOS/services/bff/internal/apprecordservice","Test":"TestRootCatalogCompatibilityDoesNotScanArchivedVersions","Output":"                      \"Temp Written Blocks\": 0\n"}
{"Time":"2026-10-07T13:31:15.325591166Z","Action":"output","Package":"github.com/Hubujiu/WeaveOS/services/bff/internal/apprecordservice","Test":"TestRootCatalogCompatibilityDoesNotScanArchivedVersions","Output":"                    }\n"}
{"Time":"2026-10-07T13:31:15.325593582Z","Action":"output","Package":"github.com/Hubujiu/WeaveOS/services/bff/internal/apprecordservice","Test":"TestRootCatalogCompatibilityDoesNotScanArchivedVersions","Output":"                  ]\n"}
{"Time":"2026-10-07T13:31:15.325596033Z","Action":"output","Package":"github.com/Hubujiu/WeaveOS/services/bff/internal/apprecordservice","Test":"TestRootCatalogCompatibilityDoesNotScanArchivedVersions","Output":"                }\n"}
{"Time":"2026-10-07T13:31:15.325600835Z","Action":"output","Package":"github.com/Hubujiu/WeaveOS/services/bff/internal/apprecordservice","Test":"TestRootCatalogCompatibilityDoesNotScanArchivedVersions","Output":"              ]\n"}
{"Time":"2026-10-07T13:31:15.32560335Z","Action":"output","Package":"github.com/Hubujiu/WeaveOS/services/bff/internal/apprecordservice","Test":"TestRootCatalogCompatibilityDoesNotScanArchivedVersions","Output":"            },\n"}
{"Time":"2026-10-07T13:31:15.325607846Z","Action":"output","Package":"github.com/Hubujiu/WeaveOS/services/bff/internal/apprecordservice","Test":"TestRootCatalogCompatibilityDoesNotScanArchivedVersions","Output":"            \"Planning\": {\n"}
{"Time":"2026-10-07T13:31:15.325610706Z","Action":"output","Package":"github.com/Hubujiu/WeaveOS/services/bff/internal/apprecordservice","Test":"TestRootCatalogCompatibilityDoesNotScanArchivedVersions","Output":"              \"Shared Hit Blocks\": 1,\n"}
{"Time":"2026-10-07T13:31:15.325628853Z","Action":"output","Package":"github.com/Hubujiu/WeaveOS/services/bff/internal/apprecordservice","Test":"TestRootCatalogCompatibilityDoesNotScanArchivedVersions","Output":"              \"Shared Read Blocks\": 0,\n"}
{"Time":"2026-10-07T13:31:15.325633357Z","Action":"output","Package":"github.com/Hubujiu/WeaveOS/services/bff/internal/apprecordservice","Test":"TestRootCatalogCompatibilityDoesNotScanArchivedVersions","Output":"              \"Shared Dirtied Blocks\": 0,\n"}
{"Time":"2026-10-07T13:31:15.325636086Z","Action":"output","Package":"github.com/Hubujiu/WeaveOS/services/bff/internal/apprecordservice","Test":"TestRootCatalogCompatibilityDoesNotScanArchivedVersions","Output":"              \"Shared Written Blocks\": 0,\n"}
{"Time":"2026-10-07T13:31:15.325638021Z","Action":"output","Package":"github.com/Hubujiu/WeaveOS/services/bff/internal/apprecordservice","Test":"TestRootCatalogCompatibilityDoesNotScanArchivedVersions","Output":"              \"Local Hit Blocks\": 0,\n"}
{"Time":"2026-10-07T13:31:15.325640534Z","Action":"output","Package":"github.com/Hubujiu/WeaveOS/services/bff/internal/apprecordservice","Test":"TestRootCatalogCompatibilityDoesNotScanArchivedVersions","Output":"              \"Local Read Blocks\": 0,\n"}
{"Time":"2026-10-07T13:31:15.325643139Z","Action":"output","Package":"github.com/Hubujiu/WeaveOS/services/bff/internal/apprecordservice","Test":"TestRootCatalogCompatibilityDoesNotScanArchivedVersions","Output":"              \"Local Dirtied Blocks\": 0,\n"}
{"Time":"2026-10-07T13:31:15.325647514Z","Action":"output","Package":"github.com/Hubujiu/WeaveOS/services/bff/internal/apprecordservice","Test":"TestRootCatalogCompatibilityDoesNotScanArchivedVersions","Output":"              \"Local Written Blocks\": 0,\n"}
{"Time":"2026-10-07T13:31:15.325650078Z","Action":"output","Package":"github.com/Hubujiu/WeaveOS/services/bff/internal/apprecordservice","Test":"TestRootCatalogCompatibilityDoesNotScanArchivedVersions","Output":"              \"Temp Read Blocks\": 0,\n"}
{"Time":"2026-10-07T13:31:15.325668378Z","Action":"output","Package":"github.com/Hubujiu/WeaveOS/services/bff/internal/apprecordservice","Test":"TestRootCatalogCompatibilityDoesNotScanArchivedVersions","Output":"              \"Temp Written Blocks\": 0\n"}
{"Time":"2026-10-07T13:31:15.325671468Z","Action":"output","Package":"github.com/Hubujiu/WeaveOS/services/bff/internal/apprecordservice","Test":"TestRootCatalogCompatibilityDoesNotScanArchivedVersions","Output":"            },\n"}
{"Time":"2026-10-07T13:31:15.32567399Z","Action":"output","Package":"github.com/Hubujiu/WeaveOS/services/bff/internal/apprecordservice","Test":"TestRootCatalogCompatibilityDoesNotScanArchivedVersions","Output":"            \"Planning Time\": 0.359,\n"}
{"Time":"2026-10-07T13:31:15.325996778Z","Action":"output","Package":"github.com/Hubujiu/WeaveOS/services/bff/internal/apprecordservice","Test":"TestRootCatalogCompatibilityDoesNotScanArchivedVersions","Output":"            \"Triggers\": [\n"}
{"Time":"2026-10-07T13:31:15.326021786Z","Action":"output","Package":"github.com/Hubujiu/WeaveOS/services/bff/internal/apprecordservice","Test":"TestRootCatalogCompatibilityDoesNotScanArchivedVersions","Output":"            ],\n"}
{"Time":"2026-10-07T13:31:15.326024913Z","Action":"output","Package":"github.com/Hubujiu/WeaveOS/services/bff/internal/apprecordservice","Test":"TestRootCatalogCompatibilityDoesNotScanArchivedVersions","Output":"            \"Execution Time\": 0.082\n"}
{"Time":"2026-10-07T13:31:15.326027415Z","Action":"output","Package":"github.com/Hubujiu/WeaveOS/services/bff/internal/apprecordservice","Test":"TestRootCatalogCompatibilityDoesNotScanArchivedVersions","Output":"          }\n"}
{"Time":"2026-10-07T13:31:15.326031947Z","Action":"output","Package":"github.com/Hubujiu/WeaveOS/services/bff/internal/apprecordservice","Test":"TestRootCatalogCompatibilityDoesNotScanArchivedVersions","Output":"        ]\n"}
{"Time":"2026-10-07T13:31:15.326121274Z","Action":"output","Package":"github.com/Hubujiu/WeaveOS/services/bff/internal/apprecordservice","Test":"TestRootCatalogCompatibilityDoesNotScanArchivedVersions","Output":"    root_workflow_catalog_scale_test.go:167: catalog version relation examined_rows=1\n"}
{"Time":"2026-10-07T13:31:15.328178794Z","Action":"output","Package":"github.com/Hubujiu/WeaveOS/services/bff/internal/apprecordservice","Test":"TestRootCatalogCompatibilityDoesNotScanArchivedVersions","Output":"--- PASS: TestRootCatalogCompatibilityDoesNotScanArchivedVersions (0.90s)\n","OutputType":"frame"}
{"Time":"2026-10-07T13:31:15.328212766Z","Action":"pass","Package":"github.com/Hubujiu/WeaveOS/services/bff/internal/apprecordservice","Test":"TestRootCatalogCompatibilityDoesNotScanArchivedVersions","Elapsed":0.9}
{"Time":"2026-10-07T13:31:15.328462592Z","Action":"run","Package":"github.com/Hubujiu/WeaveOS/services/bff/internal/apprecordservice","Test":"TestRootCatalogVersionIsDurableAndCallerRollback"}
{"Time":"2026-10-07T13:31:15.328466349Z","Action":"output","Package":"github.com/Hubujiu/WeaveOS/services/bff/internal/apprecordservice","Test":"TestRootCatalogVersionIsDurableAndCallerRollback","Output":"=== RUN   TestRootCatalogVersionIsDurableAndCallerRollback\n","OutputType":"frame"}
{"Time":"2026-10-07T13:31:15.433776492Z","Action":"output","Package":"github.com/Hubujiu/WeaveOS/services/bff/internal/apprecordservice","Test":"TestRootCatalogVersionIsDurableAndCallerRollback","Output":"--- PASS: TestRootCatalogVersionIsDurableAndCallerRollback (0.10s)\n","OutputType":"frame"}
{"Time":"2026-10-07T13:31:15.433825368Z","Action":"pass","Package":"github.com/Hubujiu/WeaveOS/services/bff/internal/apprecordservice","Test":"TestRootCatalogVersionIsDurableAndCallerRollback","Elapsed":0.1}
{"Time":"2026-10-07T13:31:15.433833163Z","Action":"run","Package":"github.com/Hubujiu/WeaveOS/services/bff/internal/apprecordservice","Test":"TestRootCatalogUndeployedCannotEnableOrStart"}
{"Time":"2026-10-07T13:31:15.433835882Z","Action":"output","Package":"github.com/Hubujiu/WeaveOS/services/bff/internal/apprecordservice","Test":"TestRootCatalogUndeployedCannotEnableOrStart","Output":"=== RUN   TestRootCatalogUndeployedCannotEnableOrStart\n","OutputType":"frame"}
{"Time":"2026-10-07T13:31:15.543929073Z","Action":"output","Package":"github.com/Hubujiu/WeaveOS/services/bff/internal/apprecordservice","Test":"TestRootCatalogUndeployedCannotEnableOrStart","Output":"--- PASS: TestRootCatalogUndeployedCannotEnableOrStart (0.11s)\n","OutputType":"frame"}
{"Time":"2026-10-07T13:31:15.5440288Z","Action":"pass","Package":"github.com/Hubujiu/WeaveOS/services/bff/internal/apprecordservice","Test":"TestRootCatalogUndeployedCannotEnableOrStart","Elapsed":0.11}
{"Time":"2026-10-07T13:31:15.544117638Z","Action":"run","Package":"github.com/Hubujiu/WeaveOS/services/bff/internal/apprecordservice","Test":"TestRootCatalogDeploymentReceiptIdempotentAndBound"}
{"Time":"2026-10-07T13:31:15.544121665Z","Action":"output","Package":"github.com/Hubujiu/WeaveOS/services/bff/internal/apprecordservice","Test":"TestRootCatalogDeploymentReceiptIdempotentAndBound","Output":"=== RUN   TestRootCatalogDeploymentReceiptIdempotentAndBound\n","OutputType":"frame"}
{"Time":"2026-10-07T13:31:15.689699926Z","Action":"output","Package":"github.com/Hubujiu/WeaveOS/services/bff/internal/apprecordservice","Test":"TestRootCatalogDeploymentReceiptIdempotentAndBound","Output":"--- PASS: TestRootCatalogDeploymentReceiptIdempotentAndBound (0.15s)\n","OutputType":"frame"}
{"Time":"2026-10-07T13:31:15.689748893Z","Action":"pass","Package":"github.com/Hubujiu/WeaveOS/services/bff/internal/apprecordservice","Test":"TestRootCatalogDeploymentReceiptIdempotentAndBound","Elapsed":0.15}
{"Time":"2026-10-07T13:31:15.689760206Z","Action":"run","Package":"github.com/Hubujiu/WeaveOS/services/bff/internal/apprecordservice","Test":"TestRootCatalogOldDeploymentCannotReplaceNewCandidate"}
{"Time":"2026-10-07T13:31:15.689763025Z","Action":"output","Package":"github.com/Hubujiu/WeaveOS/services/bff/internal/apprecordservice","Test":"TestRootCatalogOldDeploymentCannotReplaceNewCandidate","Output":"=== RUN   TestRootCatalogOldDeploymentCannotReplaceNewCandidate\n","OutputType":"frame"}
{"Time":"2026-10-07T13:31:15.851660968Z","Action":"output","Package":"github.com/Hubujiu/WeaveOS/services/bff/internal/apprecordservice","Test":"TestRootCatalogOldDeploymentCannotReplaceNewCandidate","Output":"--- PASS: TestRootCatalogOldDeploymentCannotReplaceNewCandidate (0.16s)\n","OutputType":"frame"}
{"Time":"2026-10-07T13:31:15.851745282Z","Action":"pass","Package":"github.com/Hubujiu/WeaveOS/services/bff/internal/apprecordservice","Test":"TestRootCatalogOldDeploymentCannotReplaceNewCandidate","Elapsed":0.16}
{"Time":"2026-10-07T13:31:15.851753767Z","Action":"run","Package":"github.com/Hubujiu/WeaveOS/services/bff/internal/apprecordservice","Test":"TestRootCatalogInstancesKeepStructureWhileNextUsesConfirmedVersion"}
{"Time":"2026-10-07T13:31:15.851756135Z","Action":"output","Package":"github.com/Hubujiu/WeaveOS/services/bff/internal/apprecordservice","Test":"TestRootCatalogInstancesKeepStructureWhileNextUsesConfirmedVersion","Output":"=== RUN   TestRootCatalogInstancesKeepStructureWhileNextUsesConfirmedVersion\n","OutputType":"frame"}
{"Time":"2026-10-07T13:31:16.065174048Z","Action":"output","Package":"github.com/Hubujiu/WeaveOS/services/bff/internal/apprecordservice","Test":"TestRootCatalogInstancesKeepStructureWhileNextUsesConfirmedVersion","Output":"--- PASS: TestRootCatalogInstancesKeepStructureWhileNextUsesConfirmedVersion (0.22s)\n","OutputType":"frame"}
{"Time":"2026-10-07T13:31:16.065247562Z","Action":"pass","Package":"github.com/Hubujiu/WeaveOS/services/bff/internal/apprecordservice","Test":"TestRootCatalogInstancesKeepStructureWhileNextUsesConfirmedVersion","Elapsed":0.22}
{"Time":"2026-10-07T13:31:16.065258866Z","Action":"run","Package":"github.com/Hubujiu/WeaveOS/services/bff/internal/apprecordservice","Test":"TestRootCatalogCloseWaitsForAcceptedStartAndRejectsNewStart"}
{"Time":"2026-10-07T13:31:16.065262077Z","Action":"output","Package":"github.com/Hubujiu/WeaveOS/services/bff/internal/apprecordservice","Test":"TestRootCatalogCloseWaitsForAcceptedStartAndRejectsNewStart","Output":"=== RUN   TestRootCatalogCloseWaitsForAcceptedStartAndRejectsNewStart\n","OutputType":"frame"}
{"Time":"2026-10-07T13:31:16.197761583Z","Action":"output","Package":"github.com/Hubujiu/WeaveOS/services/bff/internal/apprecordservice","Test":"TestRootCatalogCloseWaitsForAcceptedStartAndRejectsNewStart","Output":"--- PASS: TestRootCatalogCloseWaitsForAcceptedStartAndRejectsNewStart (0.13s)\n","OutputType":"frame"}
{"Time":"2026-10-07T13:31:16.197836202Z","Action":"pass","Package":"github.com/Hubujiu/WeaveOS/services/bff/internal/apprecordservice","Test":"TestRootCatalogCloseWaitsForAcceptedStartAndRejectsNewStart","Elapsed":0.13}
{"Time":"2026-10-07T13:31:16.197845495Z","Action":"run","Package":"github.com/Hubujiu/WeaveOS/services/bff/internal/apprecordservice","Test":"TestRootCatalogCloseWithoutInstancesAndLateCloseCAS"}
{"Time":"2026-10-07T13:31:16.19784875Z","Action":"output","Package":"github.com/Hubujiu/WeaveOS/services/bff/internal/apprecordservice","Test":"TestRootCatalogCloseWithoutInstancesAndLateCloseCAS","Output":"=== RUN   TestRootCatalogCloseWithoutInstancesAndLateCloseCAS\n","OutputType":"frame"}
{"Time":"2026-10-07T13:31:16.35526321Z","Action":"output","Package":"github.com/Hubujiu/WeaveOS/services/bff/internal/apprecordservice","Test":"TestRootCatalogCloseWithoutInstancesAndLateCloseCAS","Output":"--- PASS: TestRootCatalogCloseWithoutInstancesAndLateCloseCAS (0.16s)\n","OutputType":"frame"}
{"Time":"2026-10-07T13:31:16.355334769Z","Action":"pass","Package":"github.com/Hubujiu/WeaveOS/services/bff/internal/apprecordservice","Test":"TestRootCatalogCloseWithoutInstancesAndLateCloseCAS","Elapsed":0.16}
{"Time":"2026-10-07T13:31:16.355346565Z","Action":"run","Package":"github.com/Hubujiu/WeaveOS/services/bff/internal/apprecordservice","Test":"TestRootCatalogIndependentFlowsSameRecord"}
{"Time":"2026-10-07T13:31:16.355349734Z","Action":"output","Package":"github.com/Hubujiu/WeaveOS/services/bff/internal/apprecordservice","Test":"TestRootCatalogIndependentFlowsSameRecord","Output":"=== RUN   TestRootCatalogIndependentFlowsSameRecord\n","OutputType":"frame"}
{"Time":"2026-10-07T13:31:16.533472447Z","Action":"output","Package":"github.com/Hubujiu/WeaveOS/services/bff/internal/apprecordservice","Test":"TestRootCatalogIndependentFlowsSameRecord","Output":"--- PASS: TestRootCatalogIndependentFlowsSameRecord (0.18s)\n","OutputType":"frame"}
{"Time":"2026-10-07T13:31:16.533532803Z","Action":"pass","Package":"github.com/Hubujiu/WeaveOS/services/bff/internal/apprecordservice","Test":"TestRootCatalogIndependentFlowsSameRecord","Elapsed":0.18}
{"Time":"2026-10-07T13:31:16.533541994Z","Action":"run","Package":"github.com/Hubujiu/WeaveOS/services/bff/internal/apprecordservice","Test":"TestRootCatalogCASAndResourceScope"}
{"Time":"2026-10-07T13:31:16.533545023Z","Action":"output","Package":"github.com/Hubujiu/WeaveOS/services/bff/internal/apprecordservice","Test":"TestRootCatalogCASAndResourceScope","Output":"=== RUN   TestRootCatalogCASAndResourceScope\n","OutputType":"frame"}
{"Time":"2026-10-07T13:31:16.788602853Z","Action":"output","Package":"github.com/Hubujiu/WeaveOS/services/bff/internal/apprecordservice","Test":"TestRootCatalogCASAndResourceScope","Output":"--- PASS: TestRootCatalogCASAndResourceScope (0.26s)\n","OutputType":"frame"}
{"Time":"2026-10-07T13:31:16.788653092Z","Action":"pass","Package":"github.com/Hubujiu/WeaveOS/services/bff/internal/apprecordservice","Test":"TestRootCatalogCASAndResourceScope","Elapsed":0.26}
{"Time":"2026-10-07T13:31:16.788662897Z","Action":"run","Package":"github.com/Hubujiu/WeaveOS/services/bff/internal/apprecordservice","Test":"TestRootCatalogInvalidGraphHasNoPersistentVersion"}
{"Time":"2026-10-07T13:31:16.788665614Z","Action":"output","Package":"github.com/Hubujiu/WeaveOS/services/bff/internal/apprecordservice","Test":"TestRootCatalogInvalidGraphHasNoPersistentVersion","Output":"=== RUN   TestRootCatalogInvalidGraphHasNoPersistentVersion\n","OutputType":"frame"}
{"Time":"2026-10-07T13:31:16.89645799Z","Action":"output","Package":"github.com/Hubujiu/WeaveOS/services/bff/internal/apprecordservice","Test":"TestRootCatalogInvalidGraphHasNoPersistentVersion","Output":"--- PASS: TestRootCatalogInvalidGraphHasNoPersistentVersion (0.11s)\n","OutputType":"frame"}
{"Time":"2026-10-07T13:31:16.8965118Z","Action":"pass","Package":"github.com/Hubujiu/WeaveOS/services/bff/internal/apprecordservice","Test":"TestRootCatalogInvalidGraphHasNoPersistentVersion","Elapsed":0.11}
{"Time":"2026-10-07T13:31:16.896520047Z","Action":"run","Package":"github.com/Hubujiu/WeaveOS/services/bff/internal/apprecordservice","Test":"TestRootCatalogCompatibilityIsPrecise"}
{"Time":"2026-10-07T13:31:16.896523066Z","Action":"output","Package":"github.com/Hubujiu/WeaveOS/services/bff/internal/apprecordservice","Test":"TestRootCatalogCompatibilityIsPrecise","Output":"=== RUN   TestRootCatalogCompatibilityIsPrecise\n","OutputType":"frame"}
{"Time":"2026-10-07T13:31:17.017478559Z","Action":"output","Package":"github.com/Hubujiu/WeaveOS/services/bff/internal/apprecordservice","Test":"TestRootCatalogCompatibilityIsPrecise","Output":"--- PASS: TestRootCatalogCompatibilityIsPrecise (0.12s)\n","OutputType":"frame"}
{"Time":"2026-10-07T13:31:17.017536897Z","Action":"pass","Package":"github.com/Hubujiu/WeaveOS/services/bff/internal/apprecordservice","Test":"TestRootCatalogCompatibilityIsPrecise","Elapsed":0.12}
{"Time":"2026-10-07T13:31:17.017546277Z","Action":"run","Package":"github.com/Hubujiu/WeaveOS/services/bff/internal/apprecordservice","Test":"TestRootCatalogOldInFlightVersionBlocksUntilTerminal"}
{"Time":"2026-10-07T13:31:17.017549824Z","Action":"output","Package":"github.com/Hubujiu/WeaveOS/services/bff/internal/apprecordservice","Test":"TestRootCatalogOldInFlightVersionBlocksUntilTerminal","Output":"=== RUN   TestRootCatalogOldInFlightVersionBlocksUntilTerminal\n","OutputType":"frame"}
{"Time":"2026-10-07T13:31:17.150748994Z","Action":"output","Package":"github.com/Hubujiu/WeaveOS/services/bff/internal/apprecordservice","Test":"TestRootCatalogOldInFlightVersionBlocksUntilTerminal","Output":"--- PASS: TestRootCatalogOldInFlightVersionBlocksUntilTerminal (0.13s)\n","OutputType":"frame"}
{"Time":"2026-10-07T13:31:17.150804532Z","Action":"pass","Package":"github.com/Hubujiu/WeaveOS/services/bff/internal/apprecordservice","Test":"TestRootCatalogOldInFlightVersionBlocksUntilTerminal","Elapsed":0.13}
{"Time":"2026-10-07T13:31:17.150828371Z","Action":"run","Package":"github.com/Hubujiu/WeaveOS/services/bff/internal/apprecordservice","Test":"TestRootCatalogDisabledHistoryDoesNotBlockSchema"}
{"Time":"2026-10-07T13:31:17.150832826Z","Action":"output","Package":"github.com/Hubujiu/WeaveOS/services/bff/internal/apprecordservice","Test":"TestRootCatalogDisabledHistoryDoesNotBlockSchema","Output":"=== RUN   TestRootCatalogDisabledHistoryDoesNotBlockSchema\n","OutputType":"frame"}
{"Time":"2026-10-07T13:31:17.264909403Z","Action":"output","Package":"github.com/Hubujiu/WeaveOS/services/bff/internal/apprecordservice","Test":"TestRootCatalogDisabledHistoryDoesNotBlockSchema","Output":"--- PASS: TestRootCatalogDisabledHistoryDoesNotBlockSchema (0.11s)\n","OutputType":"frame"}
{"Time":"2026-10-07T13:31:17.264967473Z","Action":"pass","Package":"github.com/Hubujiu/WeaveOS/services/bff/internal/apprecordservice","Test":"TestRootCatalogDisabledHistoryDoesNotBlockSchema","Elapsed":0.11}
{"Time":"2026-10-07T13:31:17.265009548Z","Action":"run","Package":"github.com/Hubujiu/WeaveOS/services/bff/internal/apprecordservice","Test":"TestRootCatalogDeploymentRechecksChangedSchema"}
{"Time":"2026-10-07T13:31:17.265014489Z","Action":"output","Package":"github.com/Hubujiu/WeaveOS/services/bff/internal/apprecordservice","Test":"TestRootCatalogDeploymentRechecksChangedSchema","Output":"=== RUN   TestRootCatalogDeploymentRechecksChangedSchema\n","OutputType":"frame"}
{"Time":"2026-10-07T13:31:17.392025003Z","Action":"output","Package":"github.com/Hubujiu/WeaveOS/services/bff/internal/apprecordservice","Test":"TestRootCatalogDeploymentRechecksChangedSchema","Output":"--- PASS: TestRootCatalogDeploymentRechecksChangedSchema (0.13s)\n","OutputType":"frame"}
{"Time":"2026-10-07T13:31:17.39208458Z","Action":"pass","Package":"github.com/Hubujiu/WeaveOS/services/bff/internal/apprecordservice","Test":"TestRootCatalogDeploymentRechecksChangedSchema","Elapsed":0.13}
{"Time":"2026-10-07T13:31:17.392095423Z","Action":"run","Package":"github.com/Hubujiu/WeaveOS/services/bff/internal/apprecordservice","Test":"TestRootCatalogConcurrentVersionCAS"}
{"Time":"2026-10-07T13:31:17.392099323Z","Action":"output","Package":"github.com/Hubujiu/WeaveOS/services/bff/internal/apprecordservice","Test":"TestRootCatalogConcurrentVersionCAS","Output":"=== RUN   TestRootCatalogConcurrentVersionCAS\n","OutputType":"frame"}
{"Time":"2026-10-07T13:31:17.550183618Z","Action":"output","Package":"github.com/Hubujiu/WeaveOS/services/bff/internal/apprecordservice","Test":"TestRootCatalogConcurrentVersionCAS","Output":"--- PASS: TestRootCatalogConcurrentVersionCAS (0.16s)\n","OutputType":"frame"}
{"Time":"2026-10-07T13:31:17.550232251Z","Action":"pass","Package":"github.com/Hubujiu/WeaveOS/services/bff/internal/apprecordservice","Test":"TestRootCatalogConcurrentVersionCAS","Elapsed":0.16}
{"Time":"2026-10-07T13:31:17.550239649Z","Action":"run","Package":"github.com/Hubujiu/WeaveOS/services/bff/internal/apprecordservice","Test":"TestRootCatalogImmutableVersionsAndMinimumRoles"}
{"Time":"2026-10-07T13:31:17.55024274Z","Action":"output","Package":"github.com/Hubujiu/WeaveOS/services/bff/internal/apprecordservice","Test":"TestRootCatalogImmutableVersionsAndMinimumRoles","Output":"=== RUN   TestRootCatalogImmutableVersionsAndMinimumRoles\n","OutputType":"frame"}
{"Time":"2026-10-07T13:31:17.68224141Z","Action":"output","Package":"github.com/Hubujiu/WeaveOS/services/bff/internal/apprecordservice","Test":"TestRootCatalogImmutableVersionsAndMinimumRoles","Output":"--- PASS: TestRootCatalogImmutableVersionsAndMinimumRoles (0.13s)\n","OutputType":"frame"}
{"Time":"2026-10-07T13:31:17.682290459Z","Action":"pass","Package":"github.com/Hubujiu/WeaveOS/services/bff/internal/apprecordservice","Test":"TestRootCatalogImmutableVersionsAndMinimumRoles","Elapsed":0.13}
{"Time":"2026-10-07T13:31:17.685882564Z","Action":"run","Package":"github.com/Hubujiu/WeaveOS/services/bff/internal/apprecordservice","Test":"TestRootEvidenceStoreHistoryDoesNotJoinCurrentValuesOrReferenceLabels"}
{"Time":"2026-10-07T13:31:17.685928296Z","Action":"output","Package":"github.com/Hubujiu/WeaveOS/services/bff/internal/apprecordservice","Test":"TestRootEvidenceStoreHistoryDoesNotJoinCurrentValuesOrReferenceLabels","Output":"=== RUN   TestRootEvidenceStoreHistoryDoesNotJoinCurrentValuesOrReferenceLabels\n","OutputType":"frame"}
{"Time":"2026-10-07T13:31:17.806270652Z","Action":"output","Package":"github.com/Hubujiu/WeaveOS/services/bff/internal/apprecordservice","Test":"TestRootEvidenceStoreHistoryDoesNotJoinCurrentValuesOrReferenceLabels","Output":"--- PASS: TestRootEvidenceStoreHistoryDoesNotJoinCurrentValuesOrReferenceLabels (0.12s)\n","OutputType":"frame"}
{"Time":"2026-10-07T13:31:17.806347839Z","Action":"pass","Package":"github.com/Hubujiu/WeaveOS/services/bff/internal/apprecordservice","Test":"TestRootEvidenceStoreHistoryDoesNotJoinCurrentValuesOrReferenceLabels","Elapsed":0.12}
{"Time":"2026-10-07T13:31:17.820603793Z","Action":"output","Package":"github.com/Hubujiu/WeaveOS/services/bff/internal/apprecordservice","Output":"PASS\n","OutputType":"frame"}
{"Time":"2026-10-07T13:31:18.829384294Z","Action":"output","Package":"github.com/Hubujiu/WeaveOS/services/bff/internal/apprecordservice","Output":"ok  \tgithub.com/Hubujiu/WeaveOS/services/bff/internal/apprecordservice\t4.435s\n"}
{"Time":"2026-10-07T13:31:18.82946724Z","Action":"pass","Package":"github.com/Hubujiu/WeaveOS/services/bff/internal/apprecordservice","Elapsed":4.436}
