TAP version 13
# Subtest: FND-03: CI runs real Go validation and browser tests
ok 1 - FND-03: CI runs real Go validation and browser tests
  ---
  duration_ms: 7.861
  type: 'test'
  ...
# Subtest: FND-03: product acceptance and artifacts are explicit, not fake deploys
ok 2 - FND-03: product acceptance and artifacts are explicit, not fake deploys
  ---
  duration_ms: 14.0008
  type: 'test'
  ...
# Subtest: FND-04: web entry is real React with no fabricated login UI
ok 3 - FND-04: web entry is real React with no fabricated login UI
  ---
  duration_ms: 0.5795
  type: 'test'
  ...
# Subtest: FND-05: CI retains a source bundle without bundling local credentials
ok 4 - FND-05: CI retains a source bundle without bundling local credentials
  ---
  duration_ms: 0.3011
  type: 'test'
  ...
# Subtest: FND-05: RED replay metadata pins the real pre-implementation source
ok 5 - FND-05: RED replay metadata pins the real pre-implementation source
  ---
  duration_ms: 6.4213
  type: 'test'
  ...
# Subtest: release: all mandatory evidence present is structurally ready
ok 6 - release: all mandatory evidence present is structurally ready
  ---
  duration_ms: 1.4656
  type: 'test'
  ...
# Subtest: release: a missing or empty matrix is not a pass
ok 7 - release: a missing or empty matrix is not a pass
  ---
  duration_ms: 0.2103
  type: 'test'
  ...
# Subtest: release: pending, skipped, failed and blocked are never passed
ok 8 - release: pending, skipped, failed and blocked are never passed
  ---
  duration_ms: 0.2589
  type: 'test'
  ...
# Subtest: release: missing evidence, owner or duplicate IDs are rejected
ok 9 - release: missing evidence, owner or duplicate IDs are rejected
  ---
  duration_ms: 0.1322
  type: 'test'
  ...
# Subtest: remote cleanup: matching accepted remote branch can be removed
ok 10 - remote cleanup: matching accepted remote branch can be removed
  ---
  duration_ms: 2.3761
  type: 'test'
  ...
# Subtest: remote cleanup: no remote branch remains a successful idempotent state
ok 11 - remote cleanup: no remote branch remains a successful idempotent state
  ---
  duration_ms: 0.533
  type: 'test'
  ...
# Subtest: remote cleanup: refuse unmerged
ok 12 - remote cleanup: refuse unmerged
  ---
  duration_ms: 0.2344
  type: 'test'
  ...
# Subtest: remote cleanup: refuse unfinished document
ok 13 - remote cleanup: refuse unfinished document
  ---
  duration_ms: 0.1126
  type: 'test'
  ...
# Subtest: remote cleanup: refuse new remote commit
ok 14 - remote cleanup: refuse new remote commit
  ---
  duration_ms: 0.2303
  type: 'test'
  ...
# Subtest: remote cleanup: refuse unverified squash
ok 15 - remote cleanup: refuse unverified squash
  ---
  duration_ms: 0.1108
  type: 'test'
  ...
# Subtest: remote cleanup: refuse offline snapshot
ok 16 - remote cleanup: refuse offline snapshot
  ---
  duration_ms: 0.1399
  type: 'test'
  ...
# Subtest: local cleanup: removed remote does not erase valid local identity
ok 17 - local cleanup: removed remote does not erase valid local identity
  ---
  duration_ms: 0.1129
  type: 'test'
  ...
# Subtest: local cleanup: matching refs retain identity
ok 18 - local cleanup: matching refs retain identity
  ---
  duration_ms: 0.2901
  type: 'test'
  ...
# Subtest: local cleanup: divergent refs cannot hide new work
ok 19 - local cleanup: divergent refs cannot hide new work
  ---
  duration_ms: 0.3079
  type: 'test'
  ...
# Subtest: FND-02: parse a valid task and retain identity
ok 20 - FND-02: parse a valid task and retain identity
  ---
  duration_ms: 1.7638
  type: 'test'
  ...
# Subtest: FND-02: malformed or duplicate metadata is rejected
ok 21 - FND-02: malformed or duplicate metadata is rejected
  ---
  duration_ms: 0.3383
  type: 'test'
  ...
# Subtest: FND-02: a ready task with incomplete acceptance is invalid
ok 22 - FND-02: a ready task with incomplete acceptance is invalid
  ---
  duration_ms: 1.6343
  type: 'test'
  ...
# Subtest: FND-02: no checkboxes is not proof of completion
ok 23 - FND-02: no checkboxes is not proof of completion
  ---
  duration_ms: 0.2862
  type: 'test'
  ...
# Subtest: FND-02: mismatched branch, worktree and unsafe paths are rejected
ok 24 - FND-02: mismatched branch, worktree and unsafe paths are rejected
  ---
  duration_ms: 0.2925
  type: 'test'
  ...
# Subtest: FND-02: accepted cannot be asserted before remote verification
ok 25 - FND-02: accepted cannot be asserted before remote verification
  ---
  duration_ms: 0.1379
  type: 'test'
  ...
# Subtest: FND-02: complete remote main document + merged PR permits cleanup despite squash ancestry
ok 26 - FND-02: complete remote main document + merged PR permits cleanup despite squash ancestry
  ---
  duration_ms: 0.3963
  type: 'test'
  ...
# Subtest: FND-02: refuse cleanup for offline snapshot
ok 27 - FND-02: refuse cleanup for offline snapshot
  ---
  duration_ms: 0.202
  type: 'test'
  ...
# Subtest: FND-02: refuse cleanup for missing remote document
ok 28 - FND-02: refuse cleanup for missing remote document
  ---
  duration_ms: 0.2847
  type: 'test'
  ...
# Subtest: FND-02: refuse cleanup for unfinished document
ok 29 - FND-02: refuse cleanup for unfinished document
  ---
  duration_ms: 0.3282
  type: 'test'
  ...
# Subtest: FND-02: refuse cleanup for wrong task identity
ok 30 - FND-02: refuse cleanup for wrong task identity
  ---
  duration_ms: 0.1451
  type: 'test'
  ...
# Subtest: FND-02: refuse cleanup for unmerged PR
ok 31 - FND-02: refuse cleanup for unmerged PR
  ---
  duration_ms: 0.0767
  type: 'test'
  ...
# Subtest: FND-02: refuse cleanup for wrong merge base
ok 32 - FND-02: refuse cleanup for wrong merge base
  ---
  duration_ms: 0.1451
  type: 'test'
  ...
# Subtest: FND-02: refuse cleanup for different repository
ok 33 - FND-02: refuse cleanup for different repository
  ---
  duration_ms: 2.1644
  type: 'test'
  ...
# Subtest: FND-02: refuse cleanup for other task branch
ok 34 - FND-02: refuse cleanup for other task branch
  ---
  duration_ms: 0.3974
  type: 'test'
  ...
# Subtest: FND-02: refuse cleanup for post-merge commit
ok 35 - FND-02: refuse cleanup for post-merge commit
  ---
  duration_ms: 0.1213
  type: 'test'
  ...
# Subtest: FND-02: refuse cleanup for dirty worktree
ok 36 - FND-02: refuse cleanup for dirty worktree
  ---
  duration_ms: 0.0658
  type: 'test'
  ...
# Subtest: FND-02: refuse cleanup for squash not in remote main
ok 37 - FND-02: refuse cleanup for squash not in remote main
  ---
  duration_ms: 0.0547
  type: 'test'
  ...
# Subtest: FND-02: acceptance remains true after the task branch/worktree were cleaned
ok 38 - FND-02: acceptance remains true after the task branch/worktree were cleaned
  ---
  duration_ms: 0.3002
  type: 'test'
  ...
# Subtest: FND-02: local completion without a merged PR is not accepted
ok 39 - FND-02: local completion without a merged PR is not accepted
  ---
  duration_ms: 0.1517
  type: 'test'
  ...
# Subtest: GOV-01..04: valid repository passes without mutation
ok 40 - GOV-01..04: valid repository passes without mutation
  ---
  duration_ms: 25.8982
  type: 'test'
  ...
# Subtest: GOV-01: missing file fails with its path
ok 41 - GOV-01: missing file fails with its path
  ---
  duration_ms: 18.0123
  type: 'test'
  ...
# Subtest: GOV-01: whitespace-only required file is not valid
ok 42 - GOV-01: whitespace-only required file is not valid
  ---
  duration_ms: 12.523
  type: 'test'
  ...
# Subtest: GOV-02: deleting each hard-rule marker fails
ok 43 - GOV-02: deleting each hard-rule marker fails
  ---
  duration_ms: 43.8239
  type: 'test'
  ...
# Subtest: GOV-03: malformed JSON is reported, not thrown
ok 44 - GOV-03: malformed JSON is reported, not thrown
  ---
  duration_ms: 15.5176
  type: 'test'
  ...
# Subtest: GOV-03: incorrect version and project fail
ok 45 - GOV-03: incorrect version and project fail
  ---
  duration_ms: 18.1813
  type: 'test'
  ...
# Subtest: GOV-03: impossible calendar date fails
ok 46 - GOV-03: impossible calendar date fails
  ---
  duration_ms: 16.3432
  type: 'test'
  ...
# Subtest: GOV-03: empty sources and non-object registry fail
ok 47 - GOV-03: empty sources and non-object registry fail
  ---
  duration_ms: 16.4893
  type: 'test'
  ...
# Subtest: GOV-03: duplicate keys and page IDs fail
ok 48 - GOV-03: duplicate keys and page IDs fail
  ---
  duration_ms: 18.4619
  type: 'test'
  ...
# Subtest: GOV-03: external or mismatched source URLs fail
ok 49 - GOV-03: external or mismatched source URLs fail
  ---
  duration_ms: 16.0165
  type: 'test'
  ...
# Subtest: GOV-03: missing metadata and malformed page ID fail
ok 50 - GOV-03: missing metadata and malformed page ID fail
  ---
  duration_ms: 18.6822
  type: 'test'
  ...
# Subtest: GOV-03: unknown, duplicate and empty route references fail
ok 51 - GOV-03: unknown, duplicate and empty route references fail
  ---
  duration_ms: 19.4927
  type: 'test'
  ...
# Subtest: GOV-03: mandatory routes and always/product anchors cannot disappear
ok 52 - GOV-03: mandatory routes and always/product anchors cannot disappear
  ---
  duration_ms: 20.3694
  type: 'test'
  ...
# Subtest: GOV-04: nested instruction override fails
ok 53 - GOV-04: nested instruction override fails
  ---
  duration_ms: 11.2927
  type: 'test'
  ...
# Subtest: GOV-04: generated/dependency directories are ignored
ok 54 - GOV-04: generated/dependency directories are ignored
  ---
  duration_ms: 12.04
  type: 'test'
  ...
# Subtest: GOV-01: nonexistent root reports errors
ok 55 - GOV-01: nonexistent root reports errors
  ---
  duration_ms: 0.6961
  type: 'test'
  ...
# Subtest: CLI: valid repository exits zero
ok 56 - CLI: valid repository exits zero
  ---
  duration_ms: 56.1159
  type: 'test'
  ...
# Subtest: CLI: invalid repository exits one and explains failure
ok 57 - CLI: invalid repository exits one and explains failure
  ---
  duration_ms: 53.6488
  type: 'test'
  ...
1..57
# tests 57
# suites 0
# pass 57
# fail 0
# cancelled 0
# skipped 0
# todo 0
# duration_ms 507.538
