✔ B2 CI: fixture creates a private dedicated socket database with no network/ports (6.295758ms)
✔ B2 CI: an existing state file is never overwritten (1.371988ms)
✔ B2 CI: partial startup failure is nonzero and removes only its own fixture (1.305497ms)
✔ B2 CI: successful cleanup removes its container/data/socket/state and is idempotent (0.961569ms)
✔ B2 CI: cleanup refuses wrongOwner (0.698012ms)
✔ B2 CI: cleanup refuses wrongNetwork (1.083052ms)
✔ B2 CI: cleanup refuses wrongMount (0.6169ms)
✔ B2 CI: cleanup failure is not swallowed and retains recoverable state (0.61708ms)
✔ B2 CI: cleanup refuses an outside root without any Docker action (0.475096ms)
✔ B2 CI: cleanup refuses symlink state and never touches its target (0.705212ms)
✔ B2 CI: bootstrap exports the dedicated URL and always-cleanup accepts the actual state (0.987899ms)
✔ B2 CI: bootstrap rejects unknown commands instead of silently succeeding (0.113792ms)
✔ B2 CI: Go job supplies the fixture before race tests with unconditional owned cleanup (0.284759ms)
✔ B2 CI: acceptance gives nested Go the dedicated URL and matching socket mount (2.008487ms)
✔ B2 CI: acceptance failure cleans B2 and preserves original product stop-only lifecycle (0.944173ms)
✔ B5a frozen HTTP routes, method sets and live Web Session are explicit (1.734695ms)
✔ B5a DTOs use exact closed fields and finite menu grants (0.26565ms)
✔ B5a six public error codes retain frozen HTTP status (0.27201ms)
✔ B5a new migrations have exact reviewed compatibility hashes and runtime role pin (0.841998ms)
✔ B5a.9: fixture preserves the exact approved PR21 legacy PLAN bytes (1.958512ms)
✔ B5a.9: a valid canonical task without an auxiliary document still passes (43.362078ms)
✔ B5a.9: exact registered and referenced PR21 auxiliary PLAN passes discovery (40.77248ms)
✔ B5a.9: known auxiliary path rejects replaced contents (47.383959ms)
✔ B5a.9: known auxiliary path rejects one-byte addition (42.934624ms)
✔ B5a.9: known auxiliary path rejects forged task metadata (40.747808ms)
✔ B5a.9: known auxiliary path rejects a complete second task (39.625777ms)
✔ B5a.9: auxiliary compatibility rejects missing canonical task (35.893287ms)
✔ B5a.9: auxiliary compatibility rejects missing canonical metadata (39.583644ms)
✔ B5a.9: auxiliary compatibility rejects duplicate canonical metadata (44.194533ms)
✔ B5a.9: auxiliary compatibility rejects invalid canonical JSON (44.318826ms)
✔ B5a.9: auxiliary compatibility rejects other task identity (43.565935ms)
✔ B5a.9: auxiliary compatibility rejects missing canonical owner (40.744839ms)
✔ B5a.9: auxiliary compatibility rejects wrong branch identity (41.734646ms)
✔ B5a.9: auxiliary compatibility rejects wrong worktree identity (39.763415ms)
✔ B5a.9: auxiliary compatibility rejects invalid canonical scope (43.330986ms)
✔ B5a.9: auxiliary compatibility rejects empty canonical scope (38.250104ms)
✔ B5a.9: auxiliary compatibility rejects unregistered auxiliary scope (49.622577ms)
✔ B5a.9: auxiliary compatibility rejects a scope path that merely shares the prefix (45.326534ms)
✔ B5a.9: auxiliary compatibility rejects missing canonical reference (42.351815ms)
✔ B5a.9: auxiliary compatibility rejects a reference to a different PLAN (39.407138ms)
✔ B5a.9: auxiliary compatibility rejects incomplete ready canonical task (49.21963ms)
✔ B5a.9: auxiliary compatibility rejects a prematurely accepted canonical task (44.642658ms)
✔ B5a.9: legacy exception does not admit similar or malformed name V010-021-PLAN.md (40.580146ms)
✔ B5a.9: legacy exception does not admit similar or malformed name V030-020-PLAN.md (41.568535ms)
✔ B5a.9: legacy exception does not admit similar or malformed name V020-020-PLAN.md (38.493251ms)
✔ B5a.9: legacy exception does not admit similar or malformed name V999-020-PLAN.md (39.586449ms)
✔ B5a.9: legacy exception does not admit similar or malformed name V010-20-PLAN.md (38.483606ms)
✔ B5a.9: legacy exception does not admit similar or malformed name V010-0020-PLAN.md (38.669176ms)
✔ B5a.9: legacy exception does not admit similar or malformed name v010-020-PLAN.md (42.980858ms)
✔ B5a.9: legacy exception does not admit similar or malformed name V010-020-plan.md (41.080374ms)
✔ B5a.9: legacy exception does not admit similar or malformed name V010-020-PLAN-copy.md (42.387249ms)
✔ B5a.9: legacy exception does not admit similar or malformed name V010-020-PLAN.md.md (43.322829ms)
✔ B5a.9: an approved auxiliary does not conceal an additional fake task document (38.401813ms)
✔ B5a.9: auxiliary filename and content remain unsuitable as a canonical task (0.657741ms)
✔ B5a.9: auxiliary compatibility cannot supply cleanup completion or a fake task identity (1.893994ms)
✔ FND-03: CI runs real Go validation and browser tests (0.927869ms)
✔ FND-03: product acceptance and artifacts are explicit, not fake deploys (0.253752ms)
✔ FND-04: web entry is real React with no fabricated login UI (0.29826ms)
✔ FND-05: CI retains a source bundle without bundling local credentials (0.972636ms)
✔ FND-05: RED replay metadata pins the real pre-implementation source (0.384179ms)
✔ release: all mandatory evidence present is structurally ready (1.51955ms)
✔ release: a missing or empty matrix is not a pass (0.183747ms)
✔ release: pending, skipped, failed and blocked are never passed (0.183447ms)
✔ release: missing evidence, owner or duplicate IDs are rejected (0.196456ms)
✔ remote cleanup: matching accepted remote branch can be removed (1.808576ms)
✔ remote cleanup: no remote branch remains a successful idempotent state (1.242652ms)
✔ remote cleanup: refuse unmerged (0.241224ms)
✔ remote cleanup: refuse unfinished document (0.180782ms)
✔ remote cleanup: refuse new remote commit (0.143767ms)
✔ remote cleanup: refuse unverified squash (0.116626ms)
✔ remote cleanup: refuse offline snapshot (0.15883ms)
✔ local cleanup: removed remote does not erase valid local identity (0.131078ms)
✔ local cleanup: matching refs retain identity (0.146721ms)
✔ local cleanup: divergent refs cannot hide new work (0.201123ms)
✔ Root R03: every approved migration is registered once with its actual source digest (2.391715ms)
✔ Root R03: prior reviewed migration registrations retain their exact paths and hashes (0.712924ms)
✔ Root R03: the new cold audit registration precedes all dependent hot registrations (0.15909ms)
✔ FND-02: parse a valid task and retain identity (2.660179ms)
✔ FND-02: malformed or duplicate metadata is rejected (0.353573ms)
✔ FND-02: a ready task with incomplete acceptance is invalid (0.309416ms)
✔ FND-02: no checkboxes is not proof of completion (0.230858ms)
✔ FND-02: mismatched branch, worktree and unsafe paths are rejected (0.256626ms)
✔ FND-02: accepted cannot be asserted before remote verification (0.166751ms)
✔ FND-02: complete remote main document + merged PR permits cleanup despite squash ancestry (0.395776ms)
✔ FND-02: refuse cleanup for offline snapshot (0.199741ms)
✔ FND-02: refuse cleanup for missing remote document (3.384751ms)
✔ FND-02: refuse cleanup for unfinished document (0.297368ms)
✔ FND-02: refuse cleanup for wrong task identity (0.179801ms)
✔ FND-02: refuse cleanup for unmerged PR (0.110316ms)
✔ FND-02: refuse cleanup for wrong merge base (0.083706ms)
✔ FND-02: refuse cleanup for different repository (0.076505ms)
✔ FND-02: refuse cleanup for other task branch (0.140662ms)
✔ FND-02: refuse cleanup for post-merge commit (1.119888ms)
✔ FND-02: refuse cleanup for dirty worktree (0.113231ms)
✔ FND-02: refuse cleanup for squash not in remote main (0.129886ms)
✔ FND-02: acceptance remains true after the task branch/worktree were cleaned (0.388145ms)
✔ FND-02: local completion without a merged PR is not accepted (0.209376ms)
✔ B0: V010 and V030 metadata and mixed approved dependencies remain valid (2.812739ms)
✔ B0: malformed/injected ID is rejected without throwing #0 (0.3516ms)
✔ B0: malformed/injected ID is rejected without throwing #1 (1.000338ms)
✔ B0: malformed/injected ID is rejected without throwing #2 (0.138729ms)
✔ B0: malformed/injected ID is rejected without throwing #3 (0.170417ms)
✔ B0: malformed/injected ID is rejected without throwing #4 (0.260383ms)
✔ B0: malformed/injected ID is rejected without throwing #5 (0.115634ms)
✔ B0: malformed/injected ID is rejected without throwing #6 (0.118729ms)
✔ B0: malformed/injected ID is rejected without throwing #7 (0.120882ms)
✔ B0: malformed/injected ID is rejected without throwing #8 (0.283758ms)
✔ B0: malformed/injected ID is rejected without throwing #9 (0.103666ms)
✔ B0: malformed/injected ID is rejected without throwing #10 (0.06664ms)
✔ B0: malformed/injected ID is rejected without throwing #11 (0.085849ms)
✔ B0: malformed/injected ID is rejected without throwing #12 (0.058588ms)
✔ B0: malformed/injected ID is rejected without throwing #13 (0.045689ms)
✔ B0: malformed/injected ID is rejected without throwing #14 (0.047631ms)
✔ B0: malformed/injected ID is rejected without throwing #15 (0.038668ms)
✔ B0: malformed/injected ID is rejected without throwing #16 (0.038598ms)
✔ B0: malformed/injected ID is rejected without throwing #17 (0.036174ms)
✔ B0: malformed/injected ID is rejected without throwing #18 (0.04704ms)
✔ B0: malformed/injected ID is rejected without throwing #19 (0.048212ms)
✔ B0: malformed/injected ID is rejected without throwing #20 (0.039419ms)
✔ B0: malformed/injected ID is rejected without throwing #21 (0.038127ms)
✔ B0: malformed/injected ID is rejected without throwing #22 (0.036275ms)
✔ B0: malformed/injected ID is rejected without throwing #23 (0.036825ms)
✔ B0: malformed/injected ID is rejected without throwing #24 (0.034282ms)
✔ B0: malformed/injected ID is rejected without throwing #25 (0.063366ms)
✔ B0: same task number in another version cannot satisfy branch/worktree identity (0.168975ms)
✔ B0: V030 retains unsafe-path, incomplete, no-PR and premature-acceptance guards (0.21249ms)
✔ B0: complete matching V030 permits the same acceptance/cleanup decisions as V010 (0.711702ms)
✔ B0: V030 acceptance and cleanup reject offline (0.197919ms)
✔ B0: V030 acceptance and cleanup reject unfinished (0.134362ms)
✔ B0: V030 acceptance and cleanup reject other version (0.143396ms)
✔ B0: V030 acceptance and cleanup reject unmerged (0.122645ms)
✔ B0: V030 acceptance and cleanup reject wrong base (0.123676ms)
✔ B0: V030 acceptance and cleanup reject wrong repository (0.09294ms)
✔ B0: V030 acceptance and cleanup reject wrong version PR (0.077367ms)
✔ B0: V030 cleanup still rejects dirty, changed-tip and unverified squash states (0.169877ms)
✔ B0: task discovery validates V030 documents instead of silently skipping them (50.288806ms)
✔ B0: discovered same-number metadata from another version is rejected (48.705101ms)
✔ B0: malformed and unsupported version-task filenames cannot disappear from discovery (134.358607ms)
✔ B0: real Git diff verifies a valid V030 PR and an unchanged V010 PR rule (141.784269ms)
✔ B0: V030 PR scope rejects an unrelated changed path (67.671253ms)
✔ B0: a V010 PR cannot consume a same-number V030 task document (73.821041ms)
✔ B0: V030 branch syntax remains exact and cannot contain malformed slug or injection (273.83619ms)
✔ B0: V030 CLI passes ID parsing then uses exact remote task path in start dry-run (274.67532ms)
✔ B0: V030 ready task still cannot be restarted (202.33086ms)
✔ B0: malformed/injected CLI IDs stop before any Git/gh execution (728.256197ms)
✔ B0: remote helper recognizes V030 while retaining exact-head conditional deletion (320.161719ms)
✔ B0: remote helper never deletes an unmerged or other-version task (235.291021ms)
✔ maintenance is a nondefault one-shot profile in runtime and installed config (2.338605ms)
✔ hourly cron invokes the same single-run operation as manual maintenance (0.435967ms)
✔ receiver rejects unreviewed profile/command/restart and topology mutations (1.017633ms)
✔ ordinary release cannot silently upgrade the installed resident maintenance topology (0.514986ms)
✔ one-shot orchestration records success without raw output (4.69131ms)
✔ one-shot orchestration records failure without raw output (0.567365ms)
✔ memory probe samples the four resident containers, not the exited task (41.687575ms)
✔ Q18 accepts declared compatible expansion but rejects history rewrite, missing approval and stale releases (3.885766ms)
✔ Q18 deployment only changes approved runtime config and exact images, retaining private volumes and origin (2.263331ms)
✔ approved config cannot include other host compose files, weaken service confinement or join external networks (0.664471ms)
✔ public Nginx rendering preserves API boundary and creates fixed HTTPS redirect (0.495117ms)
✔ promotion validates and backs up before migration and records only a healthy deployment (0.366172ms)
✔ backup failure never migrates; activation or health failure restores prior app/config without Down (0.478481ms)
✔ main delivery runs verification and acceptance before a serialized secret-scoped deployment (0.316777ms)
✔ compatibility registry uses explicit digest records, rejects ambiguous duplicate approvals (0.228565ms)
✔ transport rejects undeclared content, checksum tampering, secret paths, invalid image identities and oversized payloads (2.031312ms)
✔ framed receiver verifies every byte and rejects truncated, appended and corrupt images (5.444264ms)
✔ four kinds are stored by explicit natural day and only safe fields survive (18.099016ms)
✔ retention dry-run selects only approved kinds and inclusive natural-day cutoff (1.979022ms)
✔ symlinked category and destination file cannot escape the log root (1.113247ms)
✔ Q20 actual cleanup removes only days older than the approved inclusive 30-day window (3.306043ms)
✔ Q20 rejects nonapproved destructive parameters and preflights all paths before deleting (1.220349ms)
✔ Q20 installed policy accepts exactly confirmed deletion parameters and schedules bounded daily cleanup (0.773576ms)
✔ Q20 cleanup is daily and shares the collection lock (0.204929ms)
✔ FR06 common rules render local and public explicit environments (1.465549ms)
✔ FR06 explicit parameters reject config injection and invalid HSTS scope (0.499633ms)
✔ certificate task logs fixed outcomes without persisting raw command secrets (1.367881ms)
✔ collector records access stdout and application stderr, advances window, and excludes raw text (18.756977ms)
✔ approved explicit config connects operation records and collector is scheduled without deletion (0.780436ms)
✔ collector and Q20 cleanup are scheduled with the same overlap protection (0.255695ms)
✔ failed docker collection does not advance cursor or publish raw diagnostics (0.622879ms)
✔ unexpected HTTP method cannot stall collection or persist arbitrary method text (0.681828ms)
✔ Q25 cold audit migration precedes hot migration: infra/acceptance/run.mjs (0.824312ms)
✔ Q25 cold audit migration precedes hot migration: infra/runtime/run.mjs (0.133732ms)
✔ Q25 cold audit migration precedes hot migration: .github/workflows/ci.yml (0.109545ms)
✔ Q25 cold audit migration precedes hot migration: infra/server/deploy/receive.mjs (0.092209ms)
✔ acceptance component count derives from the actual Playwright report (0.334565ms)
✔ Q25 personnel API regression is included in the real HTTPS entrypoint (1.40017ms)
✔ Q25 pinned role upgrade is executed with real PostgreSQL by the product workflow (0.166571ms)
✔ Q25 compatibility manifest records each new reviewed immutable migration (0.643951ms)
✔ GOV-01..04: valid repository passes without mutation (3.837955ms)
✔ GOV-01: missing file fails with its path (1.347872ms)
✔ GOV-01: whitespace-only required file is not valid (1.815576ms)
✔ GOV-02: deleting each hard-rule marker fails (1.993004ms)
✔ GOV-03: malformed JSON is reported, not thrown (1.058815ms)
✔ GOV-03: incorrect version and project fail (1.256193ms)
✔ GOV-03: impossible calendar date fails (0.777602ms)
✔ GOV-03: empty sources and non-object registry fail (1.051064ms)
✔ GOV-03: duplicate keys and page IDs fail (1.40008ms)
✔ GOV-03: external or mismatched source URLs fail (0.981048ms)
✔ GOV-03: missing metadata and malformed page ID fail (1.172647ms)
✔ GOV-03: unknown, duplicate and empty route references fail (1.642746ms)
✔ GOV-03: mandatory routes and always/product anchors cannot disappear (1.269063ms)
✔ GOV-04: nested instruction override fails (0.705163ms)
✔ GOV-04: generated/dependency directories are ignored (0.633195ms)
✔ GOV-01: nonexistent root reports errors (0.297168ms)
✔ CLI: valid repository exits zero (40.862241ms)
✔ CLI: invalid repository exits one and explains failure (35.962427ms)
✔ public HTTPS exposes only edge ports and preserves private data, images and input (3.433144ms)
✔ public access rejects untrusted TLS while default deployment stays private (0.521556ms)
✔ HTTP redirects all paths to the fixed HTTPS origin without trusting Host (0.304098ms)
✔ public TLS preserves same-origin API, non-cacheable auth and trusted proxy boundary (0.25895ms)
✔ existing loopback health and DNS-01 renewal still work independently of public DNS (0.476629ms)
✔ API actual TAP report counts every passed case (1.235813ms)
✔ API failed, skipped, truncated and contradictory reports cannot publish success (0.546744ms)
✔ browser counts come from the successful complete JSON report (1.008109ms)
✔ browser failure, flakiness, skips and empty reports cannot publish success (0.259451ms)
✔ real API/browser reports drive the published counts: infra/acceptance/run.mjs (0.37175ms)
✔ real API/browser reports drive the published counts: infra/runtime/run.mjs (0.198419ms)
✔ ACME runner fixes operations, passes credentials only in environment and reports sanitized failure (2.437403ms)
✔ certificate activation verifies system trust before file replacement and validates Nginx before reload (91.263238ms)
✔ domain health verifies hostname with default trust while reaching only the SSH loopback endpoint (0.366422ms)
✔ domain health fixes IPv4 so Node never requests an all-address lookup result (0.173792ms)
▶ provided CSV is data only and maps exactly one credential pair without executing fields
  ✔ BOM, quoted headers and CRLF are supported (0.461075ms)
  ✔ missing, multiple and non-data values fail closed (0.327824ms)
  ✔ dotenv admits only the required names and never evaluates shell (0.349767ms)
✔ provided CSV is data only and maps exactly one credential pair without executing fields (1.629546ms)
▶ Q16 public-trust domain config keeps the SSH listener and schedules automatic renewal
  ✔ domain origin with loopback only (0.297208ms)
  ✔ renew twice daily without self-signed trust (0.306652ms)
✔ Q16 public-trust domain config keeps the SSH listener and schedules automatic renewal (1.554283ms)
▶ Q16 validates the actual certificate host, private key and remaining lifetime before replacement
  ✔ matching actual identity and key are accepted (0.78286ms)
  ✔ unrelated certificate is rejected (0.344989ms)
  ✔ mismatched private key is rejected (0.621306ms)
  ✔ expired certificate is rejected (0.310268ms)
✔ Q16 validates the actual certificate host, private key and remaining lifetime before replacement (62.164173ms)
✔ Q16 a failed Nginx validation restores both previous files and reloads the previous certificate (0.940598ms)
✔ Q16 explicitly uses Let's Encrypt DNSPod DNS-01 for the confirmed domain and no public listener (0.292691ms)
✔ Q15 server exposes only loopback HTTPS and preserves internal data network (0.344519ms)
✔ private Bootstrap credentials preserve the accepted seed JSON password field and exclude test fixtures (0.301265ms)
✔ operational schedules retain TLS verification, prevent overlap, and invoke only runtime tools (0.26508ms)
✔ server maintenance addresses only the authorized deployment and does not run test/build commands (0.400614ms)
✔ finished services restart automatically and have finite resource and log budgets (0.302386ms)
✔ deployment refuses every existing directory, including apparently empty ones (0.308385ms)
ℹ tests 240
ℹ suites 0
ℹ pass 240
ℹ fail 0
ℹ cancelled 0
ℹ skipped 0
ℹ todo 0
ℹ duration_ms 2843.352716
