fixture network internal=true
fixture published ports={}
[INFO] Scanning for projects...
[INFO] 
[INFO] --------------------< org.weaveos:workflow-engine >---------------------
[INFO] Building WeaveOS controlled workflow engine core 0.3.0-SNAPSHOT
[INFO]   from pom.xml
[INFO] --------------------------------[ jar ]---------------------------------
[INFO] 
[INFO] --- resources:3.3.1:resources (default-resources) @ workflow-engine ---
[INFO] skip non existing resourceDirectory /proof/src/main/resources
[INFO] skip non existing resourceDirectory /proof/src/main/resources
[INFO] 
[INFO] --- compiler:3.14.1:compile (default-compile) @ workflow-engine ---
[INFO] Nothing to compile - all classes are up to date.
[INFO] 
[INFO] --- resources:3.3.1:testResources (default-testResources) @ workflow-engine ---
[INFO] Copying 6 resources from src/test/resources to target/test-classes
[INFO] 
[INFO] --- compiler:3.14.1:testCompile (default-testCompile) @ workflow-engine ---
[INFO] Nothing to compile - all classes are up to date.
[INFO] 
[INFO] --- dependency:3.9.0:build-classpath (default-cli) @ workflow-engine ---
[INFO] Wrote classpath file '/proof/.work/rpc-classpath'.
[INFO] ------------------------------------------------------------------------
[INFO] BUILD SUCCESS
[INFO] ------------------------------------------------------------------------
[INFO] Total time:  1.077 s
[INFO] Finished at: 2026-10-05T08:24:06Z
[INFO] ------------------------------------------------------------------------
fixture published ports={}
{"Time":"2026-10-05T08:24:10.38831223Z","Action":"start","Package":"github.com/Hubujiu/WeaveOS/services/bff/internal/workflowrpc"}
{"Time":"2026-10-05T08:24:10.393887104Z","Action":"run","Package":"github.com/Hubujiu/WeaveOS/services/bff/internal/workflowrpc","Test":"TestRootGoJavaPostgresDeploymentInterop"}
{"Time":"2026-10-05T08:24:10.393900614Z","Action":"output","Package":"github.com/Hubujiu/WeaveOS/services/bff/internal/workflowrpc","Test":"TestRootGoJavaPostgresDeploymentInterop","Output":"=== RUN   TestRootGoJavaPostgresDeploymentInterop\n","OutputType":"frame"}
{"Time":"2026-10-05T08:24:10.767062784Z","Action":"output","Package":"github.com/Hubujiu/WeaveOS/services/bff/internal/workflowrpc","Test":"TestRootGoJavaPostgresDeploymentInterop","Output":"--- PASS: TestRootGoJavaPostgresDeploymentInterop (0.37s)\n","OutputType":"frame"}
{"Time":"2026-10-05T08:24:10.767194262Z","Action":"pass","Package":"github.com/Hubujiu/WeaveOS/services/bff/internal/workflowrpc","Test":"TestRootGoJavaPostgresDeploymentInterop","Elapsed":0.37}
{"Time":"2026-10-05T08:24:10.767333962Z","Action":"output","Package":"github.com/Hubujiu/WeaveOS/services/bff/internal/workflowrpc","Output":"PASS\n","OutputType":"frame"}
{"Time":"2026-10-05T08:24:10.772005875Z","Action":"pass","Package":"github.com/Hubujiu/WeaveOS/services/bff/internal/workflowrpc","Elapsed":0.384}
08:24:09.397 [main] INFO org.flowable.common.engine.impl.async.DefaultAsyncTaskExecutor -- Creating thread pool queue of size 100
08:24:09.399 [main] INFO org.flowable.common.engine.impl.async.DefaultAsyncTaskExecutor -- Creating thread factory with naming pattern flowable-async-task-invoker-thread-%d
08:24:09.399 [main] INFO org.flowable.common.engine.impl.async.DefaultAsyncTaskExecutor -- Creating executor service with corePoolSize 8, maxPoolSize 8 and keepAliveTime 5000
08:24:09.400 [main] INFO org.flowable.common.engine.impl.async.DefaultAsyncTaskExecutor -- Using rejectedExecutionHandler java.util.concurrent.ThreadPoolExecutor$CallerRunsPolicy@58a4a74d
08:24:09.400 [main] INFO org.flowable.common.engine.impl.async.DefaultAsyncTaskExecutor -- Creating thread pool queue of size 2048
08:24:09.400 [main] INFO org.flowable.common.engine.impl.async.DefaultAsyncTaskExecutor -- Creating thread factory with naming pattern flowable-async-job-executor-thread-%d
08:24:09.400 [main] INFO org.flowable.common.engine.impl.async.DefaultAsyncTaskExecutor -- Creating executor service with corePoolSize 8, maxPoolSize 8 and keepAliveTime 5000
08:24:09.429 [main] INFO org.flowable.common.engine.impl.db.CommonDbSchemaManager -- performing create on common with resource org/flowable/common/db/create/flowable.postgres.create.common.sql
08:24:09.488 [main] INFO org.flowable.engine.impl.db.ProcessDbSchemaManager -- performing create on engine with resource org/flowable/db/create/flowable.postgres.create.engine.sql
08:24:09.529 [main] INFO org.flowable.engine.impl.db.ProcessDbSchemaManager -- performing create on history with resource org/flowable/db/create/flowable.postgres.create.history.sql
08:24:09.544 [main] INFO org.flowable.engine.impl.ProcessEngineImpl -- ProcessEngine default created
08:24:09.575 [main] INFO org.flowable.engine.impl.cmd.ValidateV5EntitiesCmd -- Total of v5 deployments found: 0
