{"Time":"2026-10-07T13:30:42.355362841Z","Action":"start","Package":"github.com/Hubujiu/WeaveOS/services/bff/cmd/bff"}
{"Time":"2026-10-07T13:30:42.386711574Z","Action":"run","Package":"github.com/Hubujiu/WeaveOS/services/bff/cmd/bff","Test":"TestDefinitionConfigRequiresDedicatedExplicitKeyAndLimits"}
{"Time":"2026-10-07T13:30:42.386802927Z","Action":"output","Package":"github.com/Hubujiu/WeaveOS/services/bff/cmd/bff","Test":"TestDefinitionConfigRequiresDedicatedExplicitKeyAndLimits","Output":"=== RUN   TestDefinitionConfigRequiresDedicatedExplicitKeyAndLimits\n","OutputType":"frame"}
{"Time":"2026-10-07T13:30:42.387414233Z","Action":"output","Package":"github.com/Hubujiu/WeaveOS/services/bff/cmd/bff","Test":"TestDefinitionConfigRequiresDedicatedExplicitKeyAndLimits","Output":"--- PASS: TestDefinitionConfigRequiresDedicatedExplicitKeyAndLimits (0.00s)\n","OutputType":"frame"}
{"Time":"2026-10-07T13:30:42.387424367Z","Action":"pass","Package":"github.com/Hubujiu/WeaveOS/services/bff/cmd/bff","Test":"TestDefinitionConfigRequiresDedicatedExplicitKeyAndLimits","Elapsed":0}
{"Time":"2026-10-07T13:30:42.387659479Z","Action":"run","Package":"github.com/Hubujiu/WeaveOS/services/bff/cmd/bff","Test":"TestBFFCompositionExposesDefinitionWithSameSession"}
{"Time":"2026-10-07T13:30:42.387664361Z","Action":"output","Package":"github.com/Hubujiu/WeaveOS/services/bff/cmd/bff","Test":"TestBFFCompositionExposesDefinitionWithSameSession","Output":"=== RUN   TestBFFCompositionExposesDefinitionWithSameSession\n","OutputType":"frame"}
{"Time":"2026-10-07T13:30:42.680956054Z","Action":"run","Package":"github.com/Hubujiu/WeaveOS/services/bff/cmd/bff","Test":"TestBFFCompositionExposesDefinitionWithSameSession/draft_list_is_the_frozen_items_object"}
{"Time":"2026-10-07T13:30:42.681008088Z","Action":"output","Package":"github.com/Hubujiu/WeaveOS/services/bff/cmd/bff","Test":"TestBFFCompositionExposesDefinitionWithSameSession/draft_list_is_the_frozen_items_object","Output":"=== RUN   TestBFFCompositionExposesDefinitionWithSameSession/draft_list_is_the_frozen_items_object\n","OutputType":"frame"}
{"Time":"2026-10-07T13:30:42.690357258Z","Action":"output","Package":"github.com/Hubujiu/WeaveOS/services/bff/cmd/bff","Test":"TestBFFCompositionExposesDefinitionWithSameSession/draft_list_is_the_frozen_items_object","Output":"--- PASS: TestBFFCompositionExposesDefinitionWithSameSession/draft_list_is_the_frozen_items_object (0.01s)\n","OutputType":"frame"}
{"Time":"2026-10-07T13:30:42.690397119Z","Action":"pass","Package":"github.com/Hubujiu/WeaveOS/services/bff/cmd/bff","Test":"TestBFFCompositionExposesDefinitionWithSameSession/draft_list_is_the_frozen_items_object","Elapsed":0.01}
{"Time":"2026-10-07T13:30:42.690602343Z","Action":"run","Package":"github.com/Hubujiu/WeaveOS/services/bff/cmd/bff","Test":"TestBFFCompositionExposesDefinitionWithSameSession/record_HTTP_and_atomic_history"}
{"Time":"2026-10-07T13:30:42.690606609Z","Action":"output","Package":"github.com/Hubujiu/WeaveOS/services/bff/cmd/bff","Test":"TestBFFCompositionExposesDefinitionWithSameSession/record_HTTP_and_atomic_history","Output":"=== RUN   TestBFFCompositionExposesDefinitionWithSameSession/record_HTTP_and_atomic_history\n","OutputType":"frame"}
{"Time":"2026-10-07T13:30:42.9360115Z","Action":"output","Package":"github.com/Hubujiu/WeaveOS/services/bff/cmd/bff","Test":"TestBFFCompositionExposesDefinitionWithSameSession/record_HTTP_and_atomic_history","Output":"--- PASS: TestBFFCompositionExposesDefinitionWithSameSession/record_HTTP_and_atomic_history (0.25s)\n","OutputType":"frame"}
{"Time":"2026-10-07T13:30:42.936536844Z","Action":"pass","Package":"github.com/Hubujiu/WeaveOS/services/bff/cmd/bff","Test":"TestBFFCompositionExposesDefinitionWithSameSession/record_HTTP_and_atomic_history","Elapsed":0.25}
{"Time":"2026-10-07T13:30:42.936548402Z","Action":"run","Package":"github.com/Hubujiu/WeaveOS/services/bff/cmd/bff","Test":"TestBFFCompositionExposesDefinitionWithSameSession/draft_HTTP_remains_separate_from_records"}
{"Time":"2026-10-07T13:30:42.936551555Z","Action":"output","Package":"github.com/Hubujiu/WeaveOS/services/bff/cmd/bff","Test":"TestBFFCompositionExposesDefinitionWithSameSession/draft_HTTP_remains_separate_from_records","Output":"=== RUN   TestBFFCompositionExposesDefinitionWithSameSession/draft_HTTP_remains_separate_from_records\n","OutputType":"frame"}
{"Time":"2026-10-07T13:30:43.098584415Z","Action":"output","Package":"github.com/Hubujiu/WeaveOS/services/bff/cmd/bff","Test":"TestBFFCompositionExposesDefinitionWithSameSession/draft_HTTP_remains_separate_from_records","Output":"--- PASS: TestBFFCompositionExposesDefinitionWithSameSession/draft_HTTP_remains_separate_from_records (0.16s)\n","OutputType":"frame"}
{"Time":"2026-10-07T13:30:43.098635751Z","Action":"pass","Package":"github.com/Hubujiu/WeaveOS/services/bff/cmd/bff","Test":"TestBFFCompositionExposesDefinitionWithSameSession/draft_HTTP_remains_separate_from_records","Elapsed":0.16}
{"Time":"2026-10-07T13:30:43.09889617Z","Action":"run","Package":"github.com/Hubujiu/WeaveOS/services/bff/cmd/bff","Test":"TestBFFCompositionExposesDefinitionWithSameSession/ordinary_runtime_uses_registered_form_tuple"}
{"Time":"2026-10-07T13:30:43.098901377Z","Action":"output","Package":"github.com/Hubujiu/WeaveOS/services/bff/cmd/bff","Test":"TestBFFCompositionExposesDefinitionWithSameSession/ordinary_runtime_uses_registered_form_tuple","Output":"=== RUN   TestBFFCompositionExposesDefinitionWithSameSession/ordinary_runtime_uses_registered_form_tuple\n","OutputType":"frame"}
{"Time":"2026-10-07T13:30:43.18237126Z","Action":"run","Package":"github.com/Hubujiu/WeaveOS/services/bff/cmd/bff","Test":"TestBFFCompositionExposesDefinitionWithSameSession/ordinary_runtime_uses_registered_form_tuple/field_scoped_ordinary_reference_candidates"}
{"Time":"2026-10-07T13:30:43.182418135Z","Action":"output","Package":"github.com/Hubujiu/WeaveOS/services/bff/cmd/bff","Test":"TestBFFCompositionExposesDefinitionWithSameSession/ordinary_runtime_uses_registered_form_tuple/field_scoped_ordinary_reference_candidates","Output":"=== RUN   TestBFFCompositionExposesDefinitionWithSameSession/ordinary_runtime_uses_registered_form_tuple/field_scoped_ordinary_reference_candidates\n","OutputType":"frame"}
{"Time":"2026-10-07T13:30:43.275044922Z","Action":"output","Package":"github.com/Hubujiu/WeaveOS/services/bff/cmd/bff","Test":"TestBFFCompositionExposesDefinitionWithSameSession/ordinary_runtime_uses_registered_form_tuple/field_scoped_ordinary_reference_candidates","Output":"--- PASS: TestBFFCompositionExposesDefinitionWithSameSession/ordinary_runtime_uses_registered_form_tuple/field_scoped_ordinary_reference_candidates (0.09s)\n","OutputType":"frame"}
{"Time":"2026-10-07T13:30:43.275142302Z","Action":"pass","Package":"github.com/Hubujiu/WeaveOS/services/bff/cmd/bff","Test":"TestBFFCompositionExposesDefinitionWithSameSession/ordinary_runtime_uses_registered_form_tuple/field_scoped_ordinary_reference_candidates","Elapsed":0.09}
{"Time":"2026-10-07T13:30:43.311307746Z","Action":"output","Package":"github.com/Hubujiu/WeaveOS/services/bff/cmd/bff","Test":"TestBFFCompositionExposesDefinitionWithSameSession/ordinary_runtime_uses_registered_form_tuple","Output":"--- PASS: TestBFFCompositionExposesDefinitionWithSameSession/ordinary_runtime_uses_registered_form_tuple (0.21s)\n","OutputType":"frame"}
{"Time":"2026-10-07T13:30:43.311394765Z","Action":"pass","Package":"github.com/Hubujiu/WeaveOS/services/bff/cmd/bff","Test":"TestBFFCompositionExposesDefinitionWithSameSession/ordinary_runtime_uses_registered_form_tuple","Elapsed":0.21}
{"Time":"2026-10-07T13:30:43.314460191Z","Action":"output","Package":"github.com/Hubujiu/WeaveOS/services/bff/cmd/bff","Test":"TestBFFCompositionExposesDefinitionWithSameSession","Output":"--- PASS: TestBFFCompositionExposesDefinitionWithSameSession (0.93s)\n","OutputType":"frame"}
{"Time":"2026-10-07T13:30:43.316009881Z","Action":"pass","Package":"github.com/Hubujiu/WeaveOS/services/bff/cmd/bff","Test":"TestBFFCompositionExposesDefinitionWithSameSession","Elapsed":0.93}
{"Time":"2026-10-07T13:30:43.337041721Z","Action":"output","Package":"github.com/Hubujiu/WeaveOS/services/bff/cmd/bff","Output":"PASS\n","OutputType":"frame"}
{"Time":"2026-10-07T13:30:44.338700225Z","Action":"output","Package":"github.com/Hubujiu/WeaveOS/services/bff/cmd/bff","Output":"ok  \tgithub.com/Hubujiu/WeaveOS/services/bff/cmd/bff\t1.983s\n"}
{"Time":"2026-10-07T13:30:44.338768903Z","Action":"pass","Package":"github.com/Hubujiu/WeaveOS/services/bff/cmd/bff","Elapsed":1.983}
