TAP version 13
# Subtest: B5a frozen HTTP routes, method sets and live Web Session are explicit
ok 1 - B5a frozen HTTP routes, method sets and live Web Session are explicit
  ---
  duration_ms: 1.388592
  type: 'test'
  ...
# Subtest: B5a DTOs use exact closed fields and finite menu grants
ok 2 - B5a DTOs use exact closed fields and finite menu grants
  ---
  duration_ms: 0.227271
  type: 'test'
  ...
# Subtest: B5a six public error codes retain frozen HTTP status
ok 3 - B5a six public error codes retain frozen HTTP status
  ---
  duration_ms: 0.221081
  type: 'test'
  ...
# Subtest: B5a new migrations have exact reviewed compatibility hashes and runtime role pin
ok 4 - B5a new migrations have exact reviewed compatibility hashes and runtime role pin
  ---
  duration_ms: 0.861312
  type: 'test'
  ...
# Subtest: B5a.9: fixture preserves the exact approved PR21 legacy PLAN bytes
ok 5 - B5a.9: fixture preserves the exact approved PR21 legacy PLAN bytes
  ---
  duration_ms: 2.968652
  type: 'test'
  ...
# Subtest: B5a.9: a valid canonical task without an auxiliary document still passes
ok 6 - B5a.9: a valid canonical task without an auxiliary document still passes
  ---
  duration_ms: 46.582405
  type: 'test'
  ...
# Subtest: B5a.9: exact registered and referenced PR21 auxiliary PLAN passes discovery
ok 7 - B5a.9: exact registered and referenced PR21 auxiliary PLAN passes discovery
  ---
  duration_ms: 42.931901
  type: 'test'
  ...
# Subtest: B5a.9: known auxiliary path rejects replaced contents
ok 8 - B5a.9: known auxiliary path rejects replaced contents
  ---
  duration_ms: 50.260822
  type: 'test'
  ...
# Subtest: B5a.9: known auxiliary path rejects one-byte addition
ok 9 - B5a.9: known auxiliary path rejects one-byte addition
  ---
  duration_ms: 39.640986
  type: 'test'
  ...
# Subtest: B5a.9: known auxiliary path rejects forged task metadata
ok 10 - B5a.9: known auxiliary path rejects forged task metadata
  ---
  duration_ms: 45.437258
  type: 'test'
  ...
# Subtest: B5a.9: known auxiliary path rejects a complete second task
ok 11 - B5a.9: known auxiliary path rejects a complete second task
  ---
  duration_ms: 47.160752
  type: 'test'
  ...
# Subtest: B5a.9: auxiliary compatibility rejects missing canonical task
ok 12 - B5a.9: auxiliary compatibility rejects missing canonical task
  ---
  duration_ms: 42.059247
  type: 'test'
  ...
# Subtest: B5a.9: auxiliary compatibility rejects missing canonical metadata
ok 13 - B5a.9: auxiliary compatibility rejects missing canonical metadata
  ---
  duration_ms: 42.254155
  type: 'test'
  ...
# Subtest: B5a.9: auxiliary compatibility rejects duplicate canonical metadata
ok 14 - B5a.9: auxiliary compatibility rejects duplicate canonical metadata
  ---
  duration_ms: 43.345752
  type: 'test'
  ...
# Subtest: B5a.9: auxiliary compatibility rejects invalid canonical JSON
ok 15 - B5a.9: auxiliary compatibility rejects invalid canonical JSON
  ---
  duration_ms: 41.7505
  type: 'test'
  ...
# Subtest: B5a.9: auxiliary compatibility rejects other task identity
ok 16 - B5a.9: auxiliary compatibility rejects other task identity
  ---
  duration_ms: 42.543909
  type: 'test'
  ...
# Subtest: B5a.9: auxiliary compatibility rejects missing canonical owner
ok 17 - B5a.9: auxiliary compatibility rejects missing canonical owner
  ---
  duration_ms: 36.381748
  type: 'test'
  ...
# Subtest: B5a.9: auxiliary compatibility rejects wrong branch identity
ok 18 - B5a.9: auxiliary compatibility rejects wrong branch identity
  ---
  duration_ms: 35.979645
  type: 'test'
  ...
# Subtest: B5a.9: auxiliary compatibility rejects wrong worktree identity
ok 19 - B5a.9: auxiliary compatibility rejects wrong worktree identity
  ---
  duration_ms: 45.840082
  type: 'test'
  ...
# Subtest: B5a.9: auxiliary compatibility rejects invalid canonical scope
ok 20 - B5a.9: auxiliary compatibility rejects invalid canonical scope
  ---
  duration_ms: 47.67888
  type: 'test'
  ...
# Subtest: B5a.9: auxiliary compatibility rejects empty canonical scope
ok 21 - B5a.9: auxiliary compatibility rejects empty canonical scope
  ---
  duration_ms: 39.972934
  type: 'test'
  ...
# Subtest: B5a.9: auxiliary compatibility rejects unregistered auxiliary scope
ok 22 - B5a.9: auxiliary compatibility rejects unregistered auxiliary scope
  ---
  duration_ms: 49.908914
  type: 'test'
  ...
# Subtest: B5a.9: auxiliary compatibility rejects a scope path that merely shares the prefix
ok 23 - B5a.9: auxiliary compatibility rejects a scope path that merely shares the prefix
  ---
  duration_ms: 45.21804
  type: 'test'
  ...
# Subtest: B5a.9: auxiliary compatibility rejects missing canonical reference
ok 24 - B5a.9: auxiliary compatibility rejects missing canonical reference
  ---
  duration_ms: 50.41271
  type: 'test'
  ...
# Subtest: B5a.9: auxiliary compatibility rejects a reference to a different PLAN
ok 25 - B5a.9: auxiliary compatibility rejects a reference to a different PLAN
  ---
  duration_ms: 49.849014
  type: 'test'
  ...
# Subtest: B5a.9: auxiliary compatibility rejects incomplete ready canonical task
ok 26 - B5a.9: auxiliary compatibility rejects incomplete ready canonical task
  ---
  duration_ms: 40.452463
  type: 'test'
  ...
# Subtest: B5a.9: auxiliary compatibility rejects a prematurely accepted canonical task
ok 27 - B5a.9: auxiliary compatibility rejects a prematurely accepted canonical task
  ---
  duration_ms: 44.935285
  type: 'test'
  ...
# Subtest: B5a.9: legacy exception does not admit similar or malformed name V010-021-PLAN.md
ok 28 - B5a.9: legacy exception does not admit similar or malformed name V010-021-PLAN.md
  ---
  duration_ms: 44.158
  type: 'test'
  ...
# Subtest: B5a.9: legacy exception does not admit similar or malformed name V030-020-PLAN.md
ok 29 - B5a.9: legacy exception does not admit similar or malformed name V030-020-PLAN.md
  ---
  duration_ms: 35.499405
  type: 'test'
  ...
# Subtest: B5a.9: legacy exception does not admit similar or malformed name V020-020-PLAN.md
ok 30 - B5a.9: legacy exception does not admit similar or malformed name V020-020-PLAN.md
  ---
  duration_ms: 34.140488
  type: 'test'
  ...
# Subtest: B5a.9: legacy exception does not admit similar or malformed name V999-020-PLAN.md
ok 31 - B5a.9: legacy exception does not admit similar or malformed name V999-020-PLAN.md
  ---
  duration_ms: 40.599904
  type: 'test'
  ...
# Subtest: B5a.9: legacy exception does not admit similar or malformed name V010-20-PLAN.md
ok 32 - B5a.9: legacy exception does not admit similar or malformed name V010-20-PLAN.md
  ---
  duration_ms: 35.089591
  type: 'test'
  ...
# Subtest: B5a.9: legacy exception does not admit similar or malformed name V010-0020-PLAN.md
ok 33 - B5a.9: legacy exception does not admit similar or malformed name V010-0020-PLAN.md
  ---
  duration_ms: 51.355233
  type: 'test'
  ...
# Subtest: B5a.9: legacy exception does not admit similar or malformed name v010-020-PLAN.md
ok 34 - B5a.9: legacy exception does not admit similar or malformed name v010-020-PLAN.md
  ---
  duration_ms: 37.94306
  type: 'test'
  ...
# Subtest: B5a.9: legacy exception does not admit similar or malformed name V010-020-plan.md
ok 35 - B5a.9: legacy exception does not admit similar or malformed name V010-020-plan.md
  ---
  duration_ms: 41.148091
  type: 'test'
  ...
# Subtest: B5a.9: legacy exception does not admit similar or malformed name V010-020-PLAN-copy.md
ok 36 - B5a.9: legacy exception does not admit similar or malformed name V010-020-PLAN-copy.md
  ---
  duration_ms: 45.467564
  type: 'test'
  ...
# Subtest: B5a.9: legacy exception does not admit similar or malformed name V010-020-PLAN.md.md
ok 37 - B5a.9: legacy exception does not admit similar or malformed name V010-020-PLAN.md.md
  ---
  duration_ms: 44.305626
  type: 'test'
  ...
# Subtest: B5a.9: an approved auxiliary does not conceal an additional fake task document
ok 38 - B5a.9: an approved auxiliary does not conceal an additional fake task document
  ---
  duration_ms: 45.813392
  type: 'test'
  ...
# Subtest: B5a.9: auxiliary filename and content remain unsuitable as a canonical task
ok 39 - B5a.9: auxiliary filename and content remain unsuitable as a canonical task
  ---
  duration_ms: 0.750786
  type: 'test'
  ...
# Subtest: B5a.9: auxiliary compatibility cannot supply cleanup completion or a fake task identity
ok 40 - B5a.9: auxiliary compatibility cannot supply cleanup completion or a fake task identity
  ---
  duration_ms: 1.571576
  type: 'test'
  ...
# Subtest: FND-03: CI runs real Go validation and browser tests
ok 41 - FND-03: CI runs real Go validation and browser tests
  ---
  duration_ms: 0.910205
  type: 'test'
  ...
# Subtest: FND-03: product acceptance and artifacts are explicit, not fake deploys
ok 42 - FND-03: product acceptance and artifacts are explicit, not fake deploys
  ---
  duration_ms: 0.277376
  type: 'test'
  ...
# Subtest: FND-04: web entry is real React with no fabricated login UI
ok 43 - FND-04: web entry is real React with no fabricated login UI
  ---
  duration_ms: 0.223575
  type: 'test'
  ...
# Subtest: FND-05: CI retains a source bundle without bundling local credentials
ok 44 - FND-05: CI retains a source bundle without bundling local credentials
  ---
  duration_ms: 1.332007
  type: 'test'
  ...
# Subtest: FND-05: RED replay metadata pins the real pre-implementation source
ok 45 - FND-05: RED replay metadata pins the real pre-implementation source
  ---
  duration_ms: 0.41312
  type: 'test'
  ...
# Subtest: release: all mandatory evidence present is structurally ready
ok 46 - release: all mandatory evidence present is structurally ready
  ---
  duration_ms: 1.601031
  type: 'test'
  ...
# Subtest: release: a missing or empty matrix is not a pass
ok 47 - release: a missing or empty matrix is not a pass
  ---
  duration_ms: 0.261892
  type: 'test'
  ...
# Subtest: release: pending, skipped, failed and blocked are never passed
ok 48 - release: pending, skipped, failed and blocked are never passed
  ---
  duration_ms: 0.275833
  type: 'test'
  ...
# Subtest: release: missing evidence, owner or duplicate IDs are rejected
ok 49 - release: missing evidence, owner or duplicate IDs are rejected
  ---
  duration_ms: 0.215463
  type: 'test'
  ...
# Subtest: remote cleanup: matching accepted remote branch can be removed
ok 50 - remote cleanup: matching accepted remote branch can be removed
  ---
  duration_ms: 3.044275
  type: 'test'
  ...
# Subtest: remote cleanup: no remote branch remains a successful idempotent state
ok 51 - remote cleanup: no remote branch remains a successful idempotent state
  ---
  duration_ms: 0.37969
  type: 'test'
  ...
# Subtest: remote cleanup: refuse unmerged
ok 52 - remote cleanup: refuse unmerged
  ---
  duration_ms: 0.312859
  type: 'test'
  ...
# Subtest: remote cleanup: refuse unfinished document
ok 53 - remote cleanup: refuse unfinished document
  ---
  duration_ms: 0.222243
  type: 'test'
  ...
# Subtest: remote cleanup: refuse new remote commit
ok 54 - remote cleanup: refuse new remote commit
  ---
  duration_ms: 0.190546
  type: 'test'
  ...
# Subtest: remote cleanup: refuse unverified squash
ok 55 - remote cleanup: refuse unverified squash
  ---
  duration_ms: 0.187821
  type: 'test'
  ...
# Subtest: remote cleanup: refuse offline snapshot
ok 56 - remote cleanup: refuse offline snapshot
  ---
  duration_ms: 0.271367
  type: 'test'
  ...
# Subtest: local cleanup: removed remote does not erase valid local identity
ok 57 - local cleanup: removed remote does not erase valid local identity
  ---
  duration_ms: 0.192298
  type: 'test'
  ...
# Subtest: local cleanup: matching refs retain identity
ok 58 - local cleanup: matching refs retain identity
  ---
  duration_ms: 0.223345
  type: 'test'
  ...
# Subtest: local cleanup: divergent refs cannot hide new work
ok 59 - local cleanup: divergent refs cannot hide new work
  ---
  duration_ms: 0.26702
  type: 'test'
  ...
# Subtest: FND-02: parse a valid task and retain identity
ok 60 - FND-02: parse a valid task and retain identity
  ---
  duration_ms: 2.483164
  type: 'test'
  ...
# Subtest: FND-02: malformed or duplicate metadata is rejected
ok 61 - FND-02: malformed or duplicate metadata is rejected
  ---
  duration_ms: 0.42675
  type: 'test'
  ...
# Subtest: FND-02: a ready task with incomplete acceptance is invalid
ok 62 - FND-02: a ready task with incomplete acceptance is invalid
  ---
  duration_ms: 0.392629
  type: 'test'
  ...
# Subtest: FND-02: no checkboxes is not proof of completion
ok 63 - FND-02: no checkboxes is not proof of completion
  ---
  duration_ms: 0.221562
  type: 'test'
  ...
# Subtest: FND-02: mismatched branch, worktree and unsafe paths are rejected
ok 64 - FND-02: mismatched branch, worktree and unsafe paths are rejected
  ---
  duration_ms: 0.243775
  type: 'test'
  ...
# Subtest: FND-02: accepted cannot be asserted before remote verification
ok 65 - FND-02: accepted cannot be asserted before remote verification
  ---
  duration_ms: 0.127511
  type: 'test'
  ...
# Subtest: FND-02: complete remote main document + merged PR permits cleanup despite squash ancestry
ok 66 - FND-02: complete remote main document + merged PR permits cleanup despite squash ancestry
  ---
  duration_ms: 0.335683
  type: 'test'
  ...
# Subtest: FND-02: refuse cleanup for offline snapshot
ok 67 - FND-02: refuse cleanup for offline snapshot
  ---
  duration_ms: 0.216034
  type: 'test'
  ...
# Subtest: FND-02: refuse cleanup for missing remote document
ok 68 - FND-02: refuse cleanup for missing remote document
  ---
  duration_ms: 0.183735
  type: 'test'
  ...
# Subtest: FND-02: refuse cleanup for unfinished document
ok 69 - FND-02: refuse cleanup for unfinished document
  ---
  duration_ms: 0.240771
  type: 'test'
  ...
# Subtest: FND-02: refuse cleanup for wrong task identity
ok 70 - FND-02: refuse cleanup for wrong task identity
  ---
  duration_ms: 0.158778
  type: 'test'
  ...
# Subtest: FND-02: refuse cleanup for unmerged PR
ok 71 - FND-02: refuse cleanup for unmerged PR
  ---
  duration_ms: 0.104507
  type: 'test'
  ...
# Subtest: FND-02: refuse cleanup for wrong merge base
ok 72 - FND-02: refuse cleanup for wrong merge base
  ---
  duration_ms: 0.119399
  type: 'test'
  ...
# Subtest: FND-02: refuse cleanup for different repository
ok 73 - FND-02: refuse cleanup for different repository
  ---
  duration_ms: 0.084367
  type: 'test'
  ...
# Subtest: FND-02: refuse cleanup for other task branch
ok 74 - FND-02: refuse cleanup for other task branch
  ---
  duration_ms: 0.229224
  type: 'test'
  ...
# Subtest: FND-02: refuse cleanup for post-merge commit
ok 75 - FND-02: refuse cleanup for post-merge commit
  ---
  duration_ms: 1.13364
  type: 'test'
  ...
# Subtest: FND-02: refuse cleanup for dirty worktree
ok 76 - FND-02: refuse cleanup for dirty worktree
  ---
  duration_ms: 0.184667
  type: 'test'
  ...
# Subtest: FND-02: refuse cleanup for squash not in remote main
ok 77 - FND-02: refuse cleanup for squash not in remote main
  ---
  duration_ms: 0.142594
  type: 'test'
  ...
# Subtest: FND-02: acceptance remains true after the task branch/worktree were cleaned
ok 78 - FND-02: acceptance remains true after the task branch/worktree were cleaned
  ---
  duration_ms: 0.467782
  type: 'test'
  ...
# Subtest: FND-02: local completion without a merged PR is not accepted
ok 79 - FND-02: local completion without a merged PR is not accepted
  ---
  duration_ms: 0.167732
  type: 'test'
  ...
# Subtest: B0: V010 and V030 metadata and mixed approved dependencies remain valid
ok 80 - B0: V010 and V030 metadata and mixed approved dependencies remain valid
  ---
  duration_ms: 3.351316
  type: 'test'
  ...
# Subtest: B0: malformed/injected ID is rejected without throwing \#0
ok 81 - B0: malformed/injected ID is rejected without throwing \#0
  ---
  duration_ms: 1.529835
  type: 'test'
  ...
# Subtest: B0: malformed/injected ID is rejected without throwing \#1
ok 82 - B0: malformed/injected ID is rejected without throwing \#1
  ---
  duration_ms: 0.290506
  type: 'test'
  ...
# Subtest: B0: malformed/injected ID is rejected without throwing \#2
ok 83 - B0: malformed/injected ID is rejected without throwing \#2
  ---
  duration_ms: 0.215863
  type: 'test'
  ...
# Subtest: B0: malformed/injected ID is rejected without throwing \#3
ok 84 - B0: malformed/injected ID is rejected without throwing \#3
  ---
  duration_ms: 0.207511
  type: 'test'
  ...
# Subtest: B0: malformed/injected ID is rejected without throwing \#4
ok 85 - B0: malformed/injected ID is rejected without throwing \#4
  ---
  duration_ms: 0.158227
  type: 'test'
  ...
# Subtest: B0: malformed/injected ID is rejected without throwing \#5
ok 86 - B0: malformed/injected ID is rejected without throwing \#5
  ---
  duration_ms: 0.131127
  type: 'test'
  ...
# Subtest: B0: malformed/injected ID is rejected without throwing \#6
ok 87 - B0: malformed/injected ID is rejected without throwing \#6
  ---
  duration_ms: 0.162884
  type: 'test'
  ...
# Subtest: B0: malformed/injected ID is rejected without throwing \#7
ok 88 - B0: malformed/injected ID is rejected without throwing \#7
  ---
  duration_ms: 0.16646
  type: 'test'
  ...
# Subtest: B0: malformed/injected ID is rejected without throwing \#8
ok 89 - B0: malformed/injected ID is rejected without throwing \#8
  ---
  duration_ms: 0.283906
  type: 'test'
  ...
# Subtest: B0: malformed/injected ID is rejected without throwing \#9
ok 90 - B0: malformed/injected ID is rejected without throwing \#9
  ---
  duration_ms: 0.176695
  type: 'test'
  ...
# Subtest: B0: malformed/injected ID is rejected without throwing \#10
ok 91 - B0: malformed/injected ID is rejected without throwing \#10
  ---
  duration_ms: 0.076915
  type: 'test'
  ...
# Subtest: B0: malformed/injected ID is rejected without throwing \#11
ok 92 - B0: malformed/injected ID is rejected without throwing \#11
  ---
  duration_ms: 0.048273
  type: 'test'
  ...
# Subtest: B0: malformed/injected ID is rejected without throwing \#12
ok 93 - B0: malformed/injected ID is rejected without throwing \#12
  ---
  duration_ms: 0.041673
  type: 'test'
  ...
# Subtest: B0: malformed/injected ID is rejected without throwing \#13
ok 94 - B0: malformed/injected ID is rejected without throwing \#13
  ---
  duration_ms: 0.039108
  type: 'test'
  ...
# Subtest: B0: malformed/injected ID is rejected without throwing \#14
ok 95 - B0: malformed/injected ID is rejected without throwing \#14
  ---
  duration_ms: 0.038948
  type: 'test'
  ...
# Subtest: B0: malformed/injected ID is rejected without throwing \#15
ok 96 - B0: malformed/injected ID is rejected without throwing \#15
  ---
  duration_ms: 0.036364
  type: 'test'
  ...
# Subtest: B0: malformed/injected ID is rejected without throwing \#16
ok 97 - B0: malformed/injected ID is rejected without throwing \#16
  ---
  duration_ms: 0.086179
  type: 'test'
  ...
# Subtest: B0: malformed/injected ID is rejected without throwing \#17
ok 98 - B0: malformed/injected ID is rejected without throwing \#17
  ---
  duration_ms: 0.059559
  type: 'test'
  ...
# Subtest: B0: malformed/injected ID is rejected without throwing \#18
ok 99 - B0: malformed/injected ID is rejected without throwing \#18
  ---
  duration_ms: 0.038467
  type: 'test'
  ...
# Subtest: B0: malformed/injected ID is rejected without throwing \#19
ok 100 - B0: malformed/injected ID is rejected without throwing \#19
  ---
  duration_ms: 0.036395
  type: 'test'
  ...
# Subtest: B0: malformed/injected ID is rejected without throwing \#20
ok 101 - B0: malformed/injected ID is rejected without throwing \#20
  ---
  duration_ms: 0.034011
  type: 'test'
  ...
# Subtest: B0: malformed/injected ID is rejected without throwing \#21
ok 102 - B0: malformed/injected ID is rejected without throwing \#21
  ---
  duration_ms: 0.034963
  type: 'test'
  ...
# Subtest: B0: malformed/injected ID is rejected without throwing \#22
ok 103 - B0: malformed/injected ID is rejected without throwing \#22
  ---
  duration_ms: 0.034302
  type: 'test'
  ...
# Subtest: B0: malformed/injected ID is rejected without throwing \#23
ok 104 - B0: malformed/injected ID is rejected without throwing \#23
  ---
  duration_ms: 0.035644
  type: 'test'
  ...
# Subtest: B0: malformed/injected ID is rejected without throwing \#24
ok 105 - B0: malformed/injected ID is rejected without throwing \#24
  ---
  duration_ms: 0.032148
  type: 'test'
  ...
# Subtest: B0: malformed/injected ID is rejected without throwing \#25
ok 106 - B0: malformed/injected ID is rejected without throwing \#25
  ---
  duration_ms: 0.031968
  type: 'test'
  ...
# Subtest: B0: same task number in another version cannot satisfy branch/worktree identity
ok 107 - B0: same task number in another version cannot satisfy branch/worktree identity
  ---
  duration_ms: 0.20694
  type: 'test'
  ...
# Subtest: B0: V030 retains unsafe-path, incomplete, no-PR and premature-acceptance guards
ok 108 - B0: V030 retains unsafe-path, incomplete, no-PR and premature-acceptance guards
  ---
  duration_ms: 0.346319
  type: 'test'
  ...
# Subtest: B0: complete matching V030 permits the same acceptance/cleanup decisions as V010
ok 109 - B0: complete matching V030 permits the same acceptance/cleanup decisions as V010
  ---
  duration_ms: 0.645758
  type: 'test'
  ...
# Subtest: B0: V030 acceptance and cleanup reject offline
ok 110 - B0: V030 acceptance and cleanup reject offline
  ---
  duration_ms: 0.276795
  type: 'test'
  ...
# Subtest: B0: V030 acceptance and cleanup reject unfinished
ok 111 - B0: V030 acceptance and cleanup reject unfinished
  ---
  duration_ms: 0.132518
  type: 'test'
  ...
# Subtest: B0: V030 acceptance and cleanup reject other version
ok 112 - B0: V030 acceptance and cleanup reject other version
  ---
  duration_ms: 0.110105
  type: 'test'
  ...
# Subtest: B0: V030 acceptance and cleanup reject unmerged
ok 113 - B0: V030 acceptance and cleanup reject unmerged
  ---
  duration_ms: 0.12724
  type: 'test'
  ...
# Subtest: B0: V030 acceptance and cleanup reject wrong base
ok 114 - B0: V030 acceptance and cleanup reject wrong base
  ---
  duration_ms: 0.162223
  type: 'test'
  ...
# Subtest: B0: V030 acceptance and cleanup reject wrong repository
ok 115 - B0: V030 acceptance and cleanup reject wrong repository
  ---
  duration_ms: 0.101052
  type: 'test'
  ...
# Subtest: B0: V030 acceptance and cleanup reject wrong version PR
ok 116 - B0: V030 acceptance and cleanup reject wrong version PR
  ---
  duration_ms: 0.160421
  type: 'test'
  ...
# Subtest: B0: V030 cleanup still rejects dirty, changed-tip and unverified squash states
ok 117 - B0: V030 cleanup still rejects dirty, changed-tip and unverified squash states
  ---
  duration_ms: 0.188703
  type: 'test'
  ...
# Subtest: B0: task discovery validates V030 documents instead of silently skipping them
ok 118 - B0: task discovery validates V030 documents instead of silently skipping them
  ---
  duration_ms: 43.530429
  type: 'test'
  ...
# Subtest: B0: discovered same-number metadata from another version is rejected
ok 119 - B0: discovered same-number metadata from another version is rejected
  ---
  duration_ms: 39.431241
  type: 'test'
  ...
# Subtest: B0: malformed and unsupported version-task filenames cannot disappear from discovery
ok 120 - B0: malformed and unsupported version-task filenames cannot disappear from discovery
  ---
  duration_ms: 121.530529
  type: 'test'
  ...
# Subtest: B0: real Git diff verifies a valid V030 PR and an unchanged V010 PR rule
ok 121 - B0: real Git diff verifies a valid V030 PR and an unchanged V010 PR rule
  ---
  duration_ms: 132.483969
  type: 'test'
  ...
# Subtest: B0: V030 PR scope rejects an unrelated changed path
ok 122 - B0: V030 PR scope rejects an unrelated changed path
  ---
  duration_ms: 69.628325
  type: 'test'
  ...
# Subtest: B0: a V010 PR cannot consume a same-number V030 task document
ok 123 - B0: a V010 PR cannot consume a same-number V030 task document
  ---
  duration_ms: 61.952724
  type: 'test'
  ...
# Subtest: B0: V030 branch syntax remains exact and cannot contain malformed slug or injection
ok 124 - B0: V030 branch syntax remains exact and cannot contain malformed slug or injection
  ---
  duration_ms: 265.073667
  type: 'test'
  ...
# Subtest: B0: V030 CLI passes ID parsing then uses exact remote task path in start dry-run
ok 125 - B0: V030 CLI passes ID parsing then uses exact remote task path in start dry-run
  ---
  duration_ms: 297.126594
  type: 'test'
  ...
# Subtest: B0: V030 ready task still cannot be restarted
ok 126 - B0: V030 ready task still cannot be restarted
  ---
  duration_ms: 223.891871
  type: 'test'
  ...
# Subtest: B0: malformed/injected CLI IDs stop before any Git/gh execution
ok 127 - B0: malformed/injected CLI IDs stop before any Git/gh execution
  ---
  duration_ms: 653.766745
  type: 'test'
  ...
# Subtest: B0: remote helper recognizes V030 while retaining exact-head conditional deletion
ok 128 - B0: remote helper recognizes V030 while retaining exact-head conditional deletion
  ---
  duration_ms: 284.102423
  type: 'test'
  ...
# Subtest: B0: remote helper never deletes an unmerged or other-version task
ok 129 - B0: remote helper never deletes an unmerged or other-version task
  ---
  duration_ms: 203.247572
  type: 'test'
  ...
# Subtest: maintenance is a nondefault one-shot profile in runtime and installed config
ok 130 - maintenance is a nondefault one-shot profile in runtime and installed config
  ---
  duration_ms: 2.785217
  type: 'test'
  ...
# Subtest: hourly cron invokes the same single-run operation as manual maintenance
ok 131 - hourly cron invokes the same single-run operation as manual maintenance
  ---
  duration_ms: 0.287481
  type: 'test'
  ...
# Subtest: receiver rejects unreviewed profile/command/restart and topology mutations
ok 132 - receiver rejects unreviewed profile/command/restart and topology mutations
  ---
  duration_ms: 0.60668
  type: 'test'
  ...
# Subtest: ordinary release cannot silently upgrade the installed resident maintenance topology
ok 133 - ordinary release cannot silently upgrade the installed resident maintenance topology
  ---
  duration_ms: 0.400701
  type: 'test'
  ...
# Subtest: one-shot orchestration records success without raw output
ok 134 - one-shot orchestration records success without raw output
  ---
  duration_ms: 2.953499
  type: 'test'
  ...
# Subtest: one-shot orchestration records failure without raw output
ok 135 - one-shot orchestration records failure without raw output
  ---
  duration_ms: 0.64714
  type: 'test'
  ...
# Subtest: memory probe samples the four resident containers, not the exited task
ok 136 - memory probe samples the four resident containers, not the exited task
  ---
  duration_ms: 48.340838
  type: 'test'
  ...
# Subtest: Q18 accepts declared compatible expansion but rejects history rewrite, missing approval and stale releases
ok 137 - Q18 accepts declared compatible expansion but rejects history rewrite, missing approval and stale releases
  ---
  duration_ms: 1.182894
  type: 'test'
  ...
# Subtest: Q18 deployment only changes approved runtime config and exact images, retaining private volumes and origin
ok 138 - Q18 deployment only changes approved runtime config and exact images, retaining private volumes and origin
  ---
  duration_ms: 3.141892
  type: 'test'
  ...
# Subtest: approved config cannot include other host compose files, weaken service confinement or join external networks
ok 139 - approved config cannot include other host compose files, weaken service confinement or join external networks
  ---
  duration_ms: 0.605207
  type: 'test'
  ...
# Subtest: public Nginx rendering preserves API boundary and creates fixed HTTPS redirect
ok 140 - public Nginx rendering preserves API boundary and creates fixed HTTPS redirect
  ---
  duration_ms: 0.538898
  type: 'test'
  ...
# Subtest: promotion validates and backs up before migration and records only a healthy deployment
ok 141 - promotion validates and backs up before migration and records only a healthy deployment
  ---
  duration_ms: 0.295883
  type: 'test'
  ...
# Subtest: backup failure never migrates; activation or health failure restores prior app/config without Down
ok 142 - backup failure never migrates; activation or health failure restores prior app/config without Down
  ---
  duration_ms: 0.627031
  type: 'test'
  ...
# Subtest: main delivery runs verification and acceptance before a serialized secret-scoped deployment
ok 143 - main delivery runs verification and acceptance before a serialized secret-scoped deployment
  ---
  duration_ms: 0.298598
  type: 'test'
  ...
# Subtest: compatibility registry uses explicit digest records, rejects ambiguous duplicate approvals
ok 144 - compatibility registry uses explicit digest records, rejects ambiguous duplicate approvals
  ---
  duration_ms: 0.252649
  type: 'test'
  ...
# Subtest: transport rejects undeclared content, checksum tampering, secret paths, invalid image identities and oversized payloads
ok 145 - transport rejects undeclared content, checksum tampering, secret paths, invalid image identities and oversized payloads
  ---
  duration_ms: 2.298187
  type: 'test'
  ...
# Subtest: framed receiver verifies every byte and rejects truncated, appended and corrupt images
ok 146 - framed receiver verifies every byte and rejects truncated, appended and corrupt images
  ---
  duration_ms: 6.671685
  type: 'test'
  ...
# Subtest: four kinds are stored by explicit natural day and only safe fields survive
ok 147 - four kinds are stored by explicit natural day and only safe fields survive
  ---
  duration_ms: 16.80446
  type: 'test'
  ...
# Subtest: retention dry-run selects only approved kinds and inclusive natural-day cutoff
ok 148 - retention dry-run selects only approved kinds and inclusive natural-day cutoff
  ---
  duration_ms: 2.265858
  type: 'test'
  ...
# Subtest: symlinked category and destination file cannot escape the log root
ok 149 - symlinked category and destination file cannot escape the log root
  ---
  duration_ms: 1.090375
  type: 'test'
  ...
# Subtest: Q20 actual cleanup removes only days older than the approved inclusive 30-day window
ok 150 - Q20 actual cleanup removes only days older than the approved inclusive 30-day window
  ---
  duration_ms: 4.240349
  type: 'test'
  ...
# Subtest: Q20 rejects nonapproved destructive parameters and preflights all paths before deleting
ok 151 - Q20 rejects nonapproved destructive parameters and preflights all paths before deleting
  ---
  duration_ms: 1.023845
  type: 'test'
  ...
# Subtest: Q20 installed policy accepts exactly confirmed deletion parameters and schedules bounded daily cleanup
ok 152 - Q20 installed policy accepts exactly confirmed deletion parameters and schedules bounded daily cleanup
  ---
  duration_ms: 0.865428
  type: 'test'
  ...
# Subtest: Q20 cleanup is daily and shares the collection lock
ok 153 - Q20 cleanup is daily and shares the collection lock
  ---
  duration_ms: 0.190255
  type: 'test'
  ...
# Subtest: FR06 common rules render local and public explicit environments
ok 154 - FR06 common rules render local and public explicit environments
  ---
  duration_ms: 1.267541
  type: 'test'
  ...
# Subtest: FR06 explicit parameters reject config injection and invalid HSTS scope
ok 155 - FR06 explicit parameters reject config injection and invalid HSTS scope
  ---
  duration_ms: 0.421542
  type: 'test'
  ...
# Subtest: certificate task logs fixed outcomes without persisting raw command secrets
ok 156 - certificate task logs fixed outcomes without persisting raw command secrets
  ---
  duration_ms: 1.269564
  type: 'test'
  ...
# Subtest: collector records access stdout and application stderr, advances window, and excludes raw text
ok 157 - collector records access stdout and application stderr, advances window, and excludes raw text
  ---
  duration_ms: 14.494396
  type: 'test'
  ...
# Subtest: approved explicit config connects operation records and collector is scheduled without deletion
ok 158 - approved explicit config connects operation records and collector is scheduled without deletion
  ---
  duration_ms: 0.719879
  type: 'test'
  ...
# Subtest: collector and Q20 cleanup are scheduled with the same overlap protection
ok 159 - collector and Q20 cleanup are scheduled with the same overlap protection
  ---
  duration_ms: 0.238528
  type: 'test'
  ...
# Subtest: failed docker collection does not advance cursor or publish raw diagnostics
ok 160 - failed docker collection does not advance cursor or publish raw diagnostics
  ---
  duration_ms: 0.590285
  type: 'test'
  ...
# Subtest: unexpected HTTP method cannot stall collection or persist arbitrary method text
ok 161 - unexpected HTTP method cannot stall collection or persist arbitrary method text
  ---
  duration_ms: 1.968031
  type: 'test'
  ...
# Subtest: Q25 cold audit migration precedes hot migration: infra/acceptance/run.mjs
ok 162 - Q25 cold audit migration precedes hot migration: infra/acceptance/run.mjs
  ---
  duration_ms: 1.16046
  type: 'test'
  ...
# Subtest: Q25 cold audit migration precedes hot migration: infra/runtime/run.mjs
ok 163 - Q25 cold audit migration precedes hot migration: infra/runtime/run.mjs
  ---
  duration_ms: 0.219059
  type: 'test'
  ...
# Subtest: Q25 cold audit migration precedes hot migration: .github/workflows/ci.yml
ok 164 - Q25 cold audit migration precedes hot migration: .github/workflows/ci.yml
  ---
  duration_ms: 0.151537
  type: 'test'
  ...
# Subtest: Q25 cold audit migration precedes hot migration: infra/server/deploy/receive.mjs
ok 165 - Q25 cold audit migration precedes hot migration: infra/server/deploy/receive.mjs
  ---
  duration_ms: 0.161061
  type: 'test'
  ...
# Subtest: acceptance component count derives from the actual Playwright report
ok 166 - acceptance component count derives from the actual Playwright report
  ---
  duration_ms: 0.317747
  type: 'test'
  ...
# Subtest: Q25 personnel API regression is included in the real HTTPS entrypoint
ok 167 - Q25 personnel API regression is included in the real HTTPS entrypoint
  ---
  duration_ms: 0.203806
  type: 'test'
  ...
# Subtest: Q25 pinned role upgrade is executed with real PostgreSQL by the product workflow
ok 168 - Q25 pinned role upgrade is executed with real PostgreSQL by the product workflow
  ---
  duration_ms: 0.221593
  type: 'test'
  ...
# Subtest: Q25 compatibility manifest records each new reviewed immutable migration
ok 169 - Q25 compatibility manifest records each new reviewed immutable migration
  ---
  duration_ms: 0.98705
  type: 'test'
  ...
# Subtest: GOV-01..04: valid repository passes without mutation
ok 170 - GOV-01..04: valid repository passes without mutation
  ---
  duration_ms: 6.213778
  type: 'test'
  ...
# Subtest: GOV-01: missing file fails with its path
ok 171 - GOV-01: missing file fails with its path
  ---
  duration_ms: 1.868642
  type: 'test'
  ...
# Subtest: GOV-01: whitespace-only required file is not valid
ok 172 - GOV-01: whitespace-only required file is not valid
  ---
  duration_ms: 2.449634
  type: 'test'
  ...
# Subtest: GOV-02: deleting each hard-rule marker fails
ok 173 - GOV-02: deleting each hard-rule marker fails
  ---
  duration_ms: 2.674651
  type: 'test'
  ...
# Subtest: GOV-03: malformed JSON is reported, not thrown
ok 174 - GOV-03: malformed JSON is reported, not thrown
  ---
  duration_ms: 2.063925
  type: 'test'
  ...
# Subtest: GOV-03: incorrect version and project fail
ok 175 - GOV-03: incorrect version and project fail
  ---
  duration_ms: 1.847751
  type: 'test'
  ...
# Subtest: GOV-03: impossible calendar date fails
ok 176 - GOV-03: impossible calendar date fails
  ---
  duration_ms: 1.16724
  type: 'test'
  ...
# Subtest: GOV-03: empty sources and non-object registry fail
ok 177 - GOV-03: empty sources and non-object registry fail
  ---
  duration_ms: 1.478748
  type: 'test'
  ...
# Subtest: GOV-03: duplicate keys and page IDs fail
ok 178 - GOV-03: duplicate keys and page IDs fail
  ---
  duration_ms: 1.639719
  type: 'test'
  ...
# Subtest: GOV-03: external or mismatched source URLs fail
ok 179 - GOV-03: external or mismatched source URLs fail
  ---
  duration_ms: 0.929033
  type: 'test'
  ...
# Subtest: GOV-03: missing metadata and malformed page ID fail
ok 180 - GOV-03: missing metadata and malformed page ID fail
  ---
  duration_ms: 1.105538
  type: 'test'
  ...
# Subtest: GOV-03: unknown, duplicate and empty route references fail
ok 181 - GOV-03: unknown, duplicate and empty route references fail
  ---
  duration_ms: 1.748813
  type: 'test'
  ...
# Subtest: GOV-03: mandatory routes and always/product anchors cannot disappear
ok 182 - GOV-03: mandatory routes and always/product anchors cannot disappear
  ---
  duration_ms: 1.050335
  type: 'test'
  ...
# Subtest: GOV-04: nested instruction override fails
ok 183 - GOV-04: nested instruction override fails
  ---
  duration_ms: 0.932429
  type: 'test'
  ...
# Subtest: GOV-04: generated/dependency directories are ignored
ok 184 - GOV-04: generated/dependency directories are ignored
  ---
  duration_ms: 1.219598
  type: 'test'
  ...
# Subtest: GOV-01: nonexistent root reports errors
ok 185 - GOV-01: nonexistent root reports errors
  ---
  duration_ms: 0.422223
  type: 'test'
  ...
# Subtest: CLI: valid repository exits zero
ok 186 - CLI: valid repository exits zero
  ---
  duration_ms: 43.452762
  type: 'test'
  ...
# Subtest: CLI: invalid repository exits one and explains failure
ok 187 - CLI: invalid repository exits one and explains failure
  ---
  duration_ms: 34.326947
  type: 'test'
  ...
# Subtest: public HTTPS exposes only edge ports and preserves private data, images and input
ok 188 - public HTTPS exposes only edge ports and preserves private data, images and input
  ---
  duration_ms: 2.304906
  type: 'test'
  ...
# Subtest: public access rejects untrusted TLS while default deployment stays private
ok 189 - public access rejects untrusted TLS while default deployment stays private
  ---
  duration_ms: 2.939058
  type: 'test'
  ...
# Subtest: HTTP redirects all paths to the fixed HTTPS origin without trusting Host
ok 190 - HTTP redirects all paths to the fixed HTTPS origin without trusting Host
  ---
  duration_ms: 0.371227
  type: 'test'
  ...
# Subtest: public TLS preserves same-origin API, non-cacheable auth and trusted proxy boundary
ok 191 - public TLS preserves same-origin API, non-cacheable auth and trusted proxy boundary
  ---
  duration_ms: 0.33343
  type: 'test'
  ...
# Subtest: existing loopback health and DNS-01 renewal still work independently of public DNS
ok 192 - existing loopback health and DNS-01 renewal still work independently of public DNS
  ---
  duration_ms: 0.801172
  type: 'test'
  ...
# Subtest: API actual TAP report counts every passed case
ok 193 - API actual TAP report counts every passed case
  ---
  duration_ms: 2.122082
  type: 'test'
  ...
# Subtest: API failed, skipped, truncated and contradictory reports cannot publish success
ok 194 - API failed, skipped, truncated and contradictory reports cannot publish success
  ---
  duration_ms: 0.642794
  type: 'test'
  ...
# Subtest: browser counts come from the successful complete JSON report
ok 195 - browser counts come from the successful complete JSON report
  ---
  duration_ms: 2.083024
  type: 'test'
  ...
# Subtest: browser failure, flakiness, skips and empty reports cannot publish success
ok 196 - browser failure, flakiness, skips and empty reports cannot publish success
  ---
  duration_ms: 0.254502
  type: 'test'
  ...
# Subtest: real API/browser reports drive the published counts: infra/acceptance/run.mjs
ok 197 - real API/browser reports drive the published counts: infra/acceptance/run.mjs
  ---
  duration_ms: 0.349744
  type: 'test'
  ...
# Subtest: real API/browser reports drive the published counts: infra/runtime/run.mjs
ok 198 - real API/browser reports drive the published counts: infra/runtime/run.mjs
  ---
  duration_ms: 0.136525
  type: 'test'
  ...
# Subtest: ACME runner fixes operations, passes credentials only in environment and reports sanitized failure
ok 199 - ACME runner fixes operations, passes credentials only in environment and reports sanitized failure
  ---
  duration_ms: 2.099107
  type: 'test'
  ...
# Subtest: certificate activation verifies system trust before file replacement and validates Nginx before reload
ok 200 - certificate activation verifies system trust before file replacement and validates Nginx before reload
  ---
  duration_ms: 40.516258
  type: 'test'
  ...
# Subtest: domain health verifies hostname with default trust while reaching only the SSH loopback endpoint
ok 201 - domain health verifies hostname with default trust while reaching only the SSH loopback endpoint
  ---
  duration_ms: 0.754932
  type: 'test'
  ...
# Subtest: domain health fixes IPv4 so Node never requests an all-address lookup result
ok 202 - domain health fixes IPv4 so Node never requests an all-address lookup result
  ---
  duration_ms: 0.21999
  type: 'test'
  ...
# Subtest: provided CSV is data only and maps exactly one credential pair without executing fields
    # Subtest: BOM, quoted headers and CRLF are supported
    ok 1 - BOM, quoted headers and CRLF are supported
      ---
      duration_ms: 0.489044
      type: 'test'
      ...
    # Subtest: missing, multiple and non-data values fail closed
    ok 2 - missing, multiple and non-data values fail closed
      ---
      duration_ms: 0.343936
      type: 'test'
      ...
    # Subtest: dotenv admits only the required names and never evaluates shell
    ok 3 - dotenv admits only the required names and never evaluates shell
      ---
      duration_ms: 0.357947
      type: 'test'
      ...
    1..3
ok 203 - provided CSV is data only and maps exactly one credential pair without executing fields
  ---
  duration_ms: 1.769965
  type: 'test'
  ...
# Subtest: Q16 public-trust domain config keeps the SSH listener and schedules automatic renewal
    # Subtest: domain origin with loopback only
    ok 1 - domain origin with loopback only
      ---
      duration_ms: 0.204567
      type: 'test'
      ...
    # Subtest: renew twice daily without self-signed trust
    ok 2 - renew twice daily without self-signed trust
      ---
      duration_ms: 0.302283
      type: 'test'
      ...
    1..2
ok 204 - Q16 public-trust domain config keeps the SSH listener and schedules automatic renewal
  ---
  duration_ms: 2.354621
  type: 'test'
  ...
# Subtest: Q16 validates the actual certificate host, private key and remaining lifetime before replacement
    # Subtest: matching actual identity and key are accepted
    ok 1 - matching actual identity and key are accepted
      ---
      duration_ms: 0.785598
      type: 'test'
      ...
    # Subtest: unrelated certificate is rejected
    ok 2 - unrelated certificate is rejected
      ---
      duration_ms: 0.381542
      type: 'test'
      ...
    # Subtest: mismatched private key is rejected
    ok 3 - mismatched private key is rejected
      ---
      duration_ms: 0.551547
      type: 'test'
      ...
    # Subtest: expired certificate is rejected
    ok 4 - expired certificate is rejected
      ---
      duration_ms: 0.257977
      type: 'test'
      ...
    1..4
ok 205 - Q16 validates the actual certificate host, private key and remaining lifetime before replacement
  ---
  duration_ms: 108.823308
  type: 'test'
  ...
# Subtest: Q16 a failed Nginx validation restores both previous files and reloads the previous certificate
ok 206 - Q16 a failed Nginx validation restores both previous files and reloads the previous certificate
  ---
  duration_ms: 0.65993
  type: 'test'
  ...
# Subtest: Q16 explicitly uses Let's Encrypt DNSPod DNS-01 for the confirmed domain and no public listener
ok 207 - Q16 explicitly uses Let's Encrypt DNSPod DNS-01 for the confirmed domain and no public listener
  ---
  duration_ms: 0.183395
  type: 'test'
  ...
# Subtest: Q15 server exposes only loopback HTTPS and preserves internal data network
ok 208 - Q15 server exposes only loopback HTTPS and preserves internal data network
  ---
  duration_ms: 0.25978
  type: 'test'
  ...
# Subtest: private Bootstrap credentials preserve the accepted seed JSON password field and exclude test fixtures
ok 209 - private Bootstrap credentials preserve the accepted seed JSON password field and exclude test fixtures
  ---
  duration_ms: 0.191618
  type: 'test'
  ...
# Subtest: operational schedules retain TLS verification, prevent overlap, and invoke only runtime tools
ok 210 - operational schedules retain TLS verification, prevent overlap, and invoke only runtime tools
  ---
  duration_ms: 0.231247
  type: 'test'
  ...
# Subtest: server maintenance addresses only the authorized deployment and does not run test/build commands
ok 211 - server maintenance addresses only the authorized deployment and does not run test/build commands
  ---
  duration_ms: 0.389614
  type: 'test'
  ...
# Subtest: finished services restart automatically and have finite resource and log budgets
ok 212 - finished services restart automatically and have finite resource and log budgets
  ---
  duration_ms: 0.288052
  type: 'test'
  ...
# Subtest: deployment refuses every existing directory, including apparently empty ones
ok 213 - deployment refuses every existing directory, including apparently empty ones
  ---
  duration_ms: 0.363945
  type: 'test'
  ...
1..213
# tests 222
# suites 0
# pass 222
# fail 0
# cancelled 0
# skipped 0
# todo 0
# duration_ms 2612.862149
