✔ B5a.9: fixture preserves the exact approved PR21 legacy PLAN bytes (2.425156ms)
✔ B5a.9: a valid canonical task without an auxiliary document still passes (40.090956ms)
✔ B5a.9: exact registered and referenced PR21 auxiliary PLAN passes discovery (40.66678ms)
✔ B5a.9: known auxiliary path rejects replaced contents (39.534176ms)
✔ B5a.9: known auxiliary path rejects one-byte addition (41.922137ms)
✔ B5a.9: known auxiliary path rejects forged task metadata (43.930013ms)
✔ B5a.9: known auxiliary path rejects a complete second task (36.4985ms)
✔ B5a.9: auxiliary compatibility rejects missing canonical task (38.757637ms)
✔ B5a.9: auxiliary compatibility rejects missing canonical metadata (33.55817ms)
✔ B5a.9: auxiliary compatibility rejects duplicate canonical metadata (40.348553ms)
✔ B5a.9: auxiliary compatibility rejects invalid canonical JSON (34.006743ms)
✔ B5a.9: auxiliary compatibility rejects other task identity (34.850859ms)
✔ B5a.9: auxiliary compatibility rejects missing canonical owner (35.322727ms)
✔ B5a.9: auxiliary compatibility rejects wrong branch identity (36.187173ms)
✔ B5a.9: auxiliary compatibility rejects wrong worktree identity (51.703945ms)
✔ B5a.9: auxiliary compatibility rejects invalid canonical scope (36.604984ms)
✔ B5a.9: auxiliary compatibility rejects empty canonical scope (33.941044ms)
✔ B5a.9: auxiliary compatibility rejects unregistered auxiliary scope (36.349086ms)
✔ B5a.9: auxiliary compatibility rejects a scope path that merely shares the prefix (44.471475ms)
✔ B5a.9: auxiliary compatibility rejects missing canonical reference (40.619819ms)
✔ B5a.9: auxiliary compatibility rejects a reference to a different PLAN (40.436199ms)
✔ B5a.9: auxiliary compatibility rejects incomplete ready canonical task (39.639404ms)
✔ B5a.9: auxiliary compatibility rejects a prematurely accepted canonical task (39.037551ms)
✔ B5a.9: legacy exception does not admit similar or malformed name V010-021-PLAN.md (36.256597ms)
✔ B5a.9: legacy exception does not admit similar or malformed name V030-020-PLAN.md (36.638079ms)
✔ B5a.9: legacy exception does not admit similar or malformed name V020-020-PLAN.md (32.155387ms)
✔ B5a.9: legacy exception does not admit similar or malformed name V999-020-PLAN.md (33.190008ms)
✔ B5a.9: legacy exception does not admit similar or malformed name V010-20-PLAN.md (32.923468ms)
✔ B5a.9: legacy exception does not admit similar or malformed name V010-0020-PLAN.md (31.245973ms)
✔ B5a.9: legacy exception does not admit similar or malformed name v010-020-PLAN.md (36.269626ms)
✔ B5a.9: legacy exception does not admit similar or malformed name V010-020-plan.md (48.601568ms)
✔ B5a.9: legacy exception does not admit similar or malformed name V010-020-PLAN-copy.md (35.24536ms)
✔ B5a.9: legacy exception does not admit similar or malformed name V010-020-PLAN.md.md (37.722155ms)
✔ B5a.9: an approved auxiliary does not conceal an additional fake task document (40.568503ms)
✔ B5a.9: auxiliary filename and content remain unsuitable as a canonical task (0.744696ms)
✔ B5a.9: auxiliary compatibility cannot supply cleanup completion or a fake task identity (1.545187ms)
ℹ tests 36
ℹ suites 0
ℹ pass 36
ℹ fail 0
ℹ cancelled 0
ℹ skipped 0
ℹ todo 0
ℹ duration_ms 1328.591527
