✖ B5a frozen HTTP routes, method sets and live Web Session are explicit (1.070514ms)
✖ B5a DTOs use exact closed fields and finite menu grants (0.26665ms)
✖ B5a six public error codes retain frozen HTTP status (0.506149ms)
✖ B5a new migrations have exact reviewed compatibility hashes and runtime role pin (0.759097ms)
ℹ tests 4
ℹ suites 0
ℹ pass 0
ℹ fail 4
ℹ cancelled 0
ℹ skipped 0
ℹ todo 0
ℹ duration_ms 65.449186

✖ failing tests:

test at tests/foundation/b5-contract.test.mjs:20:1
✖ B5a frozen HTTP routes, method sets and live Web Session are explicit (1.070514ms)
  AssertionError [ERR_ASSERTION]: missing /api/v1/applications
      at TestContext.<anonymous> (file:///workspace/WeaveOS-worktrees/V030-011/tests/foundation/b5-contract.test.mjs:23:38)
      at Test.runInAsyncScope (node:async_hooks:228:14)
      at Test.run (node:internal/test_runner/test:1118:25)
      at Test.start (node:internal/test_runner/test:1015:17)
      at startSubtestAfterBootstrap (node:internal/test_runner/harness:358:17) {
    generatedMessage: false,
    code: 'ERR_ASSERTION',
    actual: undefined,
    expected: true,
    operator: '==',
    diff: 'simple'
  }

test at tests/foundation/b5-contract.test.mjs:30:1
✖ B5a DTOs use exact closed fields and finite menu grants (0.26665ms)
  AssertionError [ERR_ASSERTION]: ApplicationCreateRequest
      at TestContext.<anonymous> (file:///workspace/WeaveOS-worktrees/V030-011/tests/foundation/b5-contract.test.mjs:32:99)
      at Test.runInAsyncScope (node:async_hooks:228:14)
      at Test.run (node:internal/test_runner/test:1118:25)
      at Test.processPendingSubtests (node:internal/test_runner/test:787:18)
      at Test.postRun (node:internal/test_runner/test:1247:19)
      at Test.run (node:internal/test_runner/test:1175:12)
      at async startSubtestAfterBootstrap (node:internal/test_runner/harness:358:3) {
    generatedMessage: false,
    code: 'ERR_ASSERTION',
    actual: undefined,
    expected: true,
    operator: '==',
    diff: 'simple'
  }

test at tests/foundation/b5-contract.test.mjs:35:1
✖ B5a six public error codes retain frozen HTTP status (0.506149ms)
  AssertionError [ERR_ASSERTION]: APPLICATION_NOT_FOUND

  undefined !== 404

      at TestContext.<anonymous> (file:///workspace/WeaveOS-worktrees/V030-011/tests/foundation/b5-contract.test.mjs:37:245)
      at Test.runInAsyncScope (node:async_hooks:228:14)
      at Test.run (node:internal/test_runner/test:1118:25)
      at Test.processPendingSubtests (node:internal/test_runner/test:787:18)
      at Test.postRun (node:internal/test_runner/test:1247:19)
      at Test.run (node:internal/test_runner/test:1175:12)
      at async Test.processPendingSubtests (node:internal/test_runner/test:787:7) {
    generatedMessage: false,
    code: 'ERR_ASSERTION',
    actual: undefined,
    expected: 404,
    operator: 'strictEqual',
    diff: 'simple'
  }

test at tests/foundation/b5-contract.test.mjs:39:1
✖ B5a new migrations have exact reviewed compatibility hashes and runtime role pin (0.759097ms)
  AssertionError [ERR_ASSERTION]: archive-migrations/00003_apps_audit.sql
  + actual - expected

  + undefined
  - '1b98b75d475099580bd8355a06c9f8a1ec571bc3a7466ee3b1fe1c146ca11950'

      at TestContext.<anonymous> (file:///workspace/WeaveOS-worktrees/V030-011/tests/foundation/b5-contract.test.mjs:41:219)
      at Test.runInAsyncScope (node:async_hooks:228:14)
      at Test.run (node:internal/test_runner/test:1118:25)
      at Test.processPendingSubtests (node:internal/test_runner/test:787:18)
      at Test.postRun (node:internal/test_runner/test:1247:19)
      at Test.run (node:internal/test_runner/test:1175:12)
      at async Test.processPendingSubtests (node:internal/test_runner/test:787:7) {
    generatedMessage: false,
    code: 'ERR_ASSERTION',
    actual: undefined,
    expected: '1b98b75d475099580bd8355a06c9f8a1ec571bc3a7466ee3b1fe1c146ca11950',
    operator: 'strictEqual',
    diff: 'simple'
  }
