✔ B5a frozen HTTP routes, method sets and live Web Session are explicit (1.554982ms)
✔ B5a DTOs use exact closed fields and finite menu grants (0.202353ms)
✔ B5a six public error codes retain frozen HTTP status (0.207621ms)
✔ B5a new migrations have exact reviewed compatibility hashes and runtime role pin (0.756655ms)
✔ B5a.9: fixture preserves the exact approved PR21 legacy PLAN bytes (1.929954ms)
✔ B5a.9: a valid canonical task without an auxiliary document still passes (39.915701ms)
✔ B5a.9: exact registered and referenced PR21 auxiliary PLAN passes discovery (38.776995ms)
✔ B5a.9: known auxiliary path rejects replaced contents (56.60786ms)
✔ B5a.9: known auxiliary path rejects one-byte addition (36.772699ms)
✔ B5a.9: known auxiliary path rejects forged task metadata (47.398257ms)
✔ B5a.9: known auxiliary path rejects a complete second task (38.778446ms)
✔ B5a.9: auxiliary compatibility rejects missing canonical task (37.006669ms)
✔ B5a.9: auxiliary compatibility rejects missing canonical metadata (43.985229ms)
✔ B5a.9: auxiliary compatibility rejects duplicate canonical metadata (40.803829ms)
✔ B5a.9: auxiliary compatibility rejects invalid canonical JSON (46.157661ms)
✔ B5a.9: auxiliary compatibility rejects other task identity (61.450132ms)
✔ B5a.9: auxiliary compatibility rejects missing canonical owner (44.651057ms)
✔ B5a.9: auxiliary compatibility rejects wrong branch identity (42.894879ms)
✔ B5a.9: auxiliary compatibility rejects wrong worktree identity (41.164749ms)
✔ B5a.9: auxiliary compatibility rejects invalid canonical scope (40.186859ms)
✔ B5a.9: auxiliary compatibility rejects empty canonical scope (38.653819ms)
✔ B5a.9: auxiliary compatibility rejects unregistered auxiliary scope (39.294885ms)
✔ B5a.9: auxiliary compatibility rejects a scope path that merely shares the prefix (42.488273ms)
✔ B5a.9: auxiliary compatibility rejects missing canonical reference (44.885938ms)
✔ B5a.9: auxiliary compatibility rejects a reference to a different PLAN (42.501653ms)
✔ B5a.9: auxiliary compatibility rejects incomplete ready canonical task (36.679524ms)
✔ B5a.9: auxiliary compatibility rejects a prematurely accepted canonical task (36.072278ms)
✔ B5a.9: legacy exception does not admit similar or malformed name V010-021-PLAN.md (39.543798ms)
✔ B5a.9: legacy exception does not admit similar or malformed name V030-020-PLAN.md (41.664233ms)
✔ B5a.9: legacy exception does not admit similar or malformed name V020-020-PLAN.md (36.915948ms)
✔ B5a.9: legacy exception does not admit similar or malformed name V999-020-PLAN.md (41.41863ms)
✔ B5a.9: legacy exception does not admit similar or malformed name V010-20-PLAN.md (35.46335ms)
✔ B5a.9: legacy exception does not admit similar or malformed name V010-0020-PLAN.md (36.898472ms)
✔ B5a.9: legacy exception does not admit similar or malformed name v010-020-PLAN.md (41.380903ms)
✔ B5a.9: legacy exception does not admit similar or malformed name V010-020-plan.md (39.687404ms)
✔ B5a.9: legacy exception does not admit similar or malformed name V010-020-PLAN-copy.md (34.421428ms)
✔ B5a.9: legacy exception does not admit similar or malformed name V010-020-PLAN.md.md (34.163332ms)
✔ B5a.9: an approved auxiliary does not conceal an additional fake task document (35.472023ms)
✔ B5a.9: auxiliary filename and content remain unsuitable as a canonical task (0.616605ms)
✔ B5a.9: auxiliary compatibility cannot supply cleanup completion or a fake task identity (1.753569ms)
✔ FND-03: CI runs real Go validation and browser tests (0.910185ms)
✔ FND-03: product acceptance and artifacts are explicit, not fake deploys (0.249063ms)
✔ FND-04: web entry is real React with no fabricated login UI (0.223295ms)
✔ FND-05: CI retains a source bundle without bundling local credentials (3.817965ms)
✔ FND-05: RED replay metadata pins the real pre-implementation source (0.377306ms)
✔ release: all mandatory evidence present is structurally ready (1.539778ms)
✔ release: a missing or empty matrix is not a pass (0.223695ms)
✔ release: pending, skipped, failed and blocked are never passed (0.246059ms)
✔ release: missing evidence, owner or duplicate IDs are rejected (0.236435ms)
✔ remote cleanup: matching accepted remote branch can be removed (2.292267ms)
✔ remote cleanup: no remote branch remains a successful idempotent state (0.377176ms)
✔ remote cleanup: refuse unmerged (0.290736ms)
✔ remote cleanup: refuse unfinished document (0.255753ms)
✔ remote cleanup: refuse new remote commit (0.220701ms)
✔ remote cleanup: refuse unverified squash (0.19362ms)
✔ remote cleanup: refuse offline snapshot (0.227972ms)
✔ local cleanup: removed remote does not erase valid local identity (0.1869ms)
✔ local cleanup: matching refs retain identity (0.207531ms)
✔ local cleanup: divergent refs cannot hide new work (0.349774ms)
✔ FND-02: parse a valid task and retain identity (4.56127ms)
✔ FND-02: malformed or duplicate metadata is rejected (0.337406ms)
✔ FND-02: a ready task with incomplete acceptance is invalid (0.355042ms)
✔ FND-02: no checkboxes is not proof of completion (0.232309ms)
✔ FND-02: mismatched branch, worktree and unsafe paths are rejected (0.237566ms)
✔ FND-02: accepted cannot be asserted before remote verification (0.127ms)
✔ FND-02: complete remote main document + merged PR permits cleanup despite squash ancestry (0.430235ms)
✔ FND-02: refuse cleanup for offline snapshot (0.188783ms)
✔ FND-02: refuse cleanup for missing remote document (0.120721ms)
✔ FND-02: refuse cleanup for unfinished document (0.197787ms)
✔ FND-02: refuse cleanup for wrong task identity (0.177546ms)
✔ FND-02: refuse cleanup for unmerged PR (0.102474ms)
✔ FND-02: refuse cleanup for wrong merge base (0.078027ms)
✔ FND-02: refuse cleanup for different repository (0.067832ms)
✔ FND-02: refuse cleanup for other task branch (0.11979ms)
✔ FND-02: refuse cleanup for post-merge commit (0.109244ms)
✔ FND-02: refuse cleanup for dirty worktree (0.395964ms)
✔ FND-02: refuse cleanup for squash not in remote main (0.077556ms)
✔ FND-02: acceptance remains true after the task branch/worktree were cleaned (0.39362ms)
✔ FND-02: local completion without a merged PR is not accepted (0.27982ms)
✔ B0: V010 and V030 metadata and mixed approved dependencies remain valid (2.082953ms)
✔ B0: malformed/injected ID is rejected without throwing #0 (1.924084ms)
✔ B0: malformed/injected ID is rejected without throwing #1 (0.183686ms)
✔ B0: malformed/injected ID is rejected without throwing #2 (0.174632ms)
✔ B0: malformed/injected ID is rejected without throwing #3 (0.178788ms)
✔ B0: malformed/injected ID is rejected without throwing #4 (0.116124ms)
✔ B0: malformed/injected ID is rejected without throwing #5 (0.078959ms)
✔ B0: malformed/injected ID is rejected without throwing #6 (0.151428ms)
✔ B0: malformed/injected ID is rejected without throwing #7 (0.116495ms)
✔ B0: malformed/injected ID is rejected without throwing #8 (0.250586ms)
✔ B0: malformed/injected ID is rejected without throwing #9 (0.198678ms)
✔ B0: malformed/injected ID is rejected without throwing #10 (0.10693ms)
✔ B0: malformed/injected ID is rejected without throwing #11 (0.078037ms)
✔ B0: malformed/injected ID is rejected without throwing #12 (0.055153ms)
✔ B0: malformed/injected ID is rejected without throwing #13 (0.079088ms)
✔ B0: malformed/injected ID is rejected without throwing #14 (0.089885ms)
✔ B0: malformed/injected ID is rejected without throwing #15 (0.074101ms)
✔ B0: malformed/injected ID is rejected without throwing #16 (0.067582ms)
✔ B0: malformed/injected ID is rejected without throwing #17 (0.048563ms)
✔ B0: malformed/injected ID is rejected without throwing #18 (0.115974ms)
✔ B0: malformed/injected ID is rejected without throwing #19 (0.091377ms)
✔ B0: malformed/injected ID is rejected without throwing #20 (0.084257ms)
✔ B0: malformed/injected ID is rejected without throwing #21 (0.06671ms)
✔ B0: malformed/injected ID is rejected without throwing #22 (0.064397ms)
✔ B0: malformed/injected ID is rejected without throwing #23 (0.107901ms)
✔ B0: malformed/injected ID is rejected without throwing #24 (0.052849ms)
✔ B0: malformed/injected ID is rejected without throwing #25 (0.047411ms)
✔ B0: same task number in another version cannot satisfy branch/worktree identity (0.292539ms)
✔ B0: V030 retains unsafe-path, incomplete, no-PR and premature-acceptance guards (0.348042ms)
✔ B0: complete matching V030 permits the same acceptance/cleanup decisions as V010 (0.741211ms)
✔ B0: V030 acceptance and cleanup reject offline (0.317767ms)
✔ B0: V030 acceptance and cleanup reject unfinished (0.209384ms)
✔ B0: V030 acceptance and cleanup reject other version (0.225278ms)
✔ B0: V030 acceptance and cleanup reject unmerged (0.159739ms)
✔ B0: V030 acceptance and cleanup reject wrong base (0.10694ms)
✔ B0: V030 acceptance and cleanup reject wrong repository (0.09366ms)
✔ B0: V030 acceptance and cleanup reject wrong version PR (0.150325ms)
✔ B0: V030 cleanup still rejects dirty, changed-tip and unverified squash states (0.248963ms)
✔ B0: task discovery validates V030 documents instead of silently skipping them (37.788642ms)
✔ B0: discovered same-number metadata from another version is rejected (41.482451ms)
✔ B0: malformed and unsupported version-task filenames cannot disappear from discovery (114.322531ms)
✔ B0: real Git diff verifies a valid V030 PR and an unchanged V010 PR rule (144.797988ms)
✔ B0: V030 PR scope rejects an unrelated changed path (69.161439ms)
✔ B0: a V010 PR cannot consume a same-number V030 task document (74.45027ms)
✔ B0: V030 branch syntax remains exact and cannot contain malformed slug or injection (261.068215ms)
✔ B0: V030 CLI passes ID parsing then uses exact remote task path in start dry-run (286.118541ms)
✔ B0: V030 ready task still cannot be restarted (198.287095ms)
✔ B0: malformed/injected CLI IDs stop before any Git/gh execution (604.693507ms)
✔ B0: remote helper recognizes V030 while retaining exact-head conditional deletion (276.334743ms)
✔ B0: remote helper never deletes an unmerged or other-version task (205.548662ms)
✔ maintenance is a nondefault one-shot profile in runtime and installed config (2.776434ms)
✔ hourly cron invokes the same single-run operation as manual maintenance (0.290005ms)
✔ receiver rejects unreviewed profile/command/restart and topology mutations (0.856214ms)
✔ ordinary release cannot silently upgrade the installed resident maintenance topology (0.454792ms)
✔ one-shot orchestration records success without raw output (2.116203ms)
✔ one-shot orchestration records failure without raw output (0.532539ms)
✔ memory probe samples the four resident containers, not the exited task (34.149095ms)
✔ Q18 accepts declared compatible expansion but rejects history rewrite, missing approval and stale releases (1.254331ms)
✔ Q18 deployment only changes approved runtime config and exact images, retaining private volumes and origin (2.736583ms)
✔ approved config cannot include other host compose files, weaken service confinement or join external networks (0.716904ms)
✔ public Nginx rendering preserves API boundary and creates fixed HTTPS redirect (0.451537ms)
✔ promotion validates and backs up before migration and records only a healthy deployment (0.266389ms)
✔ backup failure never migrates; activation or health failure restores prior app/config without Down (0.496484ms)
✔ main delivery runs verification and acceptance before a serialized secret-scoped deployment (0.290906ms)
✔ compatibility registry uses explicit digest records, rejects ambiguous duplicate approvals (0.248453ms)
✔ transport rejects undeclared content, checksum tampering, secret paths, invalid image identities and oversized payloads (2.516583ms)
✔ framed receiver verifies every byte and rejects truncated, appended and corrupt images (6.105274ms)
✔ four kinds are stored by explicit natural day and only safe fields survive (22.369502ms)
✔ retention dry-run selects only approved kinds and inclusive natural-day cutoff (2.670585ms)
✔ symlinked category and destination file cannot escape the log root (1.141361ms)
✔ Q20 actual cleanup removes only days older than the approved inclusive 30-day window (3.953197ms)
✔ Q20 rejects nonapproved destructive parameters and preflights all paths before deleting (1.258897ms)
✔ Q20 installed policy accepts exactly confirmed deletion parameters and schedules bounded daily cleanup (1.00007ms)
✔ Q20 cleanup is daily and shares the collection lock (0.205768ms)
✔ FR06 common rules render local and public explicit environments (1.445397ms)
✔ FR06 explicit parameters reject config injection and invalid HSTS scope (0.431116ms)
✔ certificate task logs fixed outcomes without persisting raw command secrets (1.999658ms)
✔ collector records access stdout and application stderr, advances window, and excludes raw text (17.163355ms)
✔ approved explicit config connects operation records and collector is scheduled without deletion (0.906079ms)
✔ collector and Q20 cleanup are scheduled with the same overlap protection (0.279669ms)
✔ failed docker collection does not advance cursor or publish raw diagnostics (0.578567ms)
✔ unexpected HTTP method cannot stall collection or persist arbitrary method text (0.715864ms)
✔ Q25 cold audit migration precedes hot migration: infra/acceptance/run.mjs (0.966619ms)
✔ Q25 cold audit migration precedes hot migration: infra/runtime/run.mjs (0.158027ms)
✔ Q25 cold audit migration precedes hot migration: .github/workflows/ci.yml (0.098908ms)
✔ Q25 cold audit migration precedes hot migration: infra/server/deploy/receive.mjs (0.097947ms)
✔ acceptance component count derives from the actual Playwright report (0.325278ms)
✔ Q25 personnel API regression is included in the real HTTPS entrypoint (0.167351ms)
✔ Q25 pinned role upgrade is executed with real PostgreSQL by the product workflow (0.171507ms)
✔ Q25 compatibility manifest records each new reviewed immutable migration (0.918226ms)
✔ GOV-01..04: valid repository passes without mutation (4.286958ms)
✔ GOV-01: missing file fails with its path (1.688271ms)
✔ GOV-01: whitespace-only required file is not valid (2.267791ms)
✔ GOV-02: deleting each hard-rule marker fails (2.467641ms)
✔ GOV-03: malformed JSON is reported, not thrown (1.405487ms)
✔ GOV-03: incorrect version and project fail (1.753629ms)
✔ GOV-03: impossible calendar date fails (1.102373ms)
✔ GOV-03: empty sources and non-object registry fail (1.503995ms)
✔ GOV-03: duplicate keys and page IDs fail (1.488482ms)
✔ GOV-03: external or mismatched source URLs fail (1.352989ms)
✔ GOV-03: missing metadata and malformed page ID fail (1.461622ms)
✔ GOV-03: unknown, duplicate and empty route references fail (2.192507ms)
✔ GOV-03: mandatory routes and always/product anchors cannot disappear (1.572267ms)
✔ GOV-04: nested instruction override fails (1.065848ms)
✔ GOV-04: generated/dependency directories are ignored (0.902753ms)
✔ GOV-01: nonexistent root reports errors (0.521391ms)
✔ CLI: valid repository exits zero (36.437551ms)
✔ CLI: invalid repository exits one and explains failure (35.545313ms)
✔ public HTTPS exposes only edge ports and preserves private data, images and input (1.770735ms)
✔ public access rejects untrusted TLS while default deployment stays private (1.696814ms)
✔ HTTP redirects all paths to the fixed HTTPS origin without trusting Host (0.270846ms)
✔ public TLS preserves same-origin API, non-cacheable auth and trusted proxy boundary (0.267211ms)
✔ existing loopback health and DNS-01 renewal still work independently of public DNS (0.413309ms)
✔ API actual TAP report counts every passed case (0.993219ms)
✔ API failed, skipped, truncated and contradictory reports cannot publish success (0.337937ms)
✔ browser counts come from the successful complete JSON report (0.894601ms)
✔ browser failure, flakiness, skips and empty reports cannot publish success (0.233721ms)
✔ real API/browser reports drive the published counts: infra/acceptance/run.mjs (0.337486ms)
✔ real API/browser reports drive the published counts: infra/runtime/run.mjs (0.156715ms)
✔ ACME runner fixes operations, passes credentials only in environment and reports sanitized failure (2.135071ms)
✔ certificate activation verifies system trust before file replacement and validates Nginx before reload (54.917969ms)
✔ domain health verifies hostname with default trust while reaching only the SSH loopback endpoint (0.324676ms)
✔ domain health fixes IPv4 so Node never requests an all-address lookup result (0.262133ms)
▶ provided CSV is data only and maps exactly one credential pair without executing fields
  ✔ BOM, quoted headers and CRLF are supported (0.58034ms)
  ✔ missing, multiple and non-data values fail closed (0.3539ms)
  ✔ dotenv admits only the required names and never evaluates shell (0.269374ms)
✔ provided CSV is data only and maps exactly one credential pair without executing fields (1.784465ms)
▶ Q16 public-trust domain config keeps the SSH listener and schedules automatic renewal
  ✔ domain origin with loopback only (0.197306ms)
  ✔ renew twice daily without self-signed trust (0.278798ms)
✔ Q16 public-trust domain config keeps the SSH listener and schedules automatic renewal (1.153419ms)
▶ Q16 validates the actual certificate host, private key and remaining lifetime before replacement
  ✔ matching actual identity and key are accepted (0.727361ms)
  ✔ unrelated certificate is rejected (0.475683ms)
  ✔ mismatched private key is rejected (0.675183ms)
  ✔ expired certificate is rejected (0.296534ms)
✔ Q16 validates the actual certificate host, private key and remaining lifetime before replacement (147.524827ms)
✔ Q16 a failed Nginx validation restores both previous files and reloads the previous certificate (0.689164ms)
✔ Q16 explicitly uses Let's Encrypt DNSPod DNS-01 for the confirmed domain and no public listener (0.230475ms)
✔ Q15 server exposes only loopback HTTPS and preserves internal data network (0.324487ms)
✔ private Bootstrap credentials preserve the accepted seed JSON password field and exclude test fixtures (0.222854ms)
✔ operational schedules retain TLS verification, prevent overlap, and invoke only runtime tools (0.307662ms)
✔ server maintenance addresses only the authorized deployment and does not run test/build commands (0.462053ms)
✔ finished services restart automatically and have finite resource and log budgets (0.223195ms)
✔ deployment refuses every existing directory, including apparently empty ones (0.34037ms)
ℹ tests 222
ℹ suites 0
ℹ pass 222
ℹ fail 0
ℹ cancelled 0
ℹ skipped 0
ℹ todo 0
ℹ duration_ms 2517.809877
