✔ B5a frozen HTTP routes, method sets and live Web Session are explicit (1.705017ms)
✔ B5a DTOs use exact closed fields and finite menu grants (0.241642ms)
✔ B5a six public error codes retain frozen HTTP status (0.22043ms)
✔ B5a new migrations have exact reviewed compatibility hashes and runtime role pin (0.926439ms)
✔ B5a.9: fixture preserves the exact approved PR21 legacy PLAN bytes (4.089251ms)
✔ B5a.9: a valid canonical task without an auxiliary document still passes (35.710073ms)
✔ B5a.9: exact registered and referenced PR21 auxiliary PLAN passes discovery (43.864941ms)
✔ B5a.9: known auxiliary path rejects replaced contents (42.357792ms)
✔ B5a.9: known auxiliary path rejects one-byte addition (42.663881ms)
✔ B5a.9: known auxiliary path rejects forged task metadata (34.045157ms)
✔ B5a.9: known auxiliary path rejects a complete second task (46.774665ms)
✔ B5a.9: auxiliary compatibility rejects missing canonical task (40.303341ms)
✔ B5a.9: auxiliary compatibility rejects missing canonical metadata (43.392513ms)
✔ B5a.9: auxiliary compatibility rejects duplicate canonical metadata (69.762072ms)
✔ B5a.9: auxiliary compatibility rejects invalid canonical JSON (80.349067ms)
✔ B5a.9: auxiliary compatibility rejects other task identity (143.155779ms)
✔ B5a.9: auxiliary compatibility rejects missing canonical owner (105.13513ms)
✔ B5a.9: auxiliary compatibility rejects wrong branch identity (71.902872ms)
✔ B5a.9: auxiliary compatibility rejects wrong worktree identity (96.909928ms)
✔ B5a.9: auxiliary compatibility rejects invalid canonical scope (86.511546ms)
✔ B5a.9: auxiliary compatibility rejects empty canonical scope (91.698804ms)
✔ B5a.9: auxiliary compatibility rejects unregistered auxiliary scope (72.423202ms)
✔ B5a.9: auxiliary compatibility rejects a scope path that merely shares the prefix (41.277482ms)
✔ B5a.9: auxiliary compatibility rejects missing canonical reference (130.984048ms)
✔ B5a.9: auxiliary compatibility rejects a reference to a different PLAN (55.866587ms)
✔ B5a.9: auxiliary compatibility rejects incomplete ready canonical task (93.798982ms)
✔ B5a.9: auxiliary compatibility rejects a prematurely accepted canonical task (80.53133ms)
✔ B5a.9: legacy exception does not admit similar or malformed name V010-021-PLAN.md (39.614908ms)
✔ B5a.9: legacy exception does not admit similar or malformed name V030-020-PLAN.md (79.369848ms)
✔ B5a.9: legacy exception does not admit similar or malformed name V020-020-PLAN.md (52.361261ms)
✔ B5a.9: legacy exception does not admit similar or malformed name V999-020-PLAN.md (39.781208ms)
✔ B5a.9: legacy exception does not admit similar or malformed name V010-20-PLAN.md (36.703794ms)
✔ B5a.9: legacy exception does not admit similar or malformed name V010-0020-PLAN.md (55.723482ms)
✔ B5a.9: legacy exception does not admit similar or malformed name v010-020-PLAN.md (34.945798ms)
✔ B5a.9: legacy exception does not admit similar or malformed name V010-020-plan.md (35.866489ms)
✔ B5a.9: legacy exception does not admit similar or malformed name V010-020-PLAN-copy.md (39.816431ms)
✔ B5a.9: legacy exception does not admit similar or malformed name V010-020-PLAN.md.md (33.665689ms)
✔ B5a.9: an approved auxiliary does not conceal an additional fake task document (34.29361ms)
✔ B5a.9: auxiliary filename and content remain unsuitable as a canonical task (0.616083ms)
✔ B5a.9: auxiliary compatibility cannot supply cleanup completion or a fake task identity (1.536504ms)
✔ FND-03: CI runs real Go validation and browser tests (1.778717ms)
✔ FND-03: product acceptance and artifacts are explicit, not fake deploys (0.564697ms)
✔ FND-04: web entry is real React with no fabricated login UI (0.413269ms)
✔ FND-05: CI retains a source bundle without bundling local credentials (1.164266ms)
✔ FND-05: RED replay metadata pins the real pre-implementation source (0.428823ms)
✔ release: all mandatory evidence present is structurally ready (1.181382ms)
✔ release: a missing or empty matrix is not a pass (0.248613ms)
✔ release: pending, skipped, failed and blocked are never passed (0.202153ms)
✔ release: missing evidence, owner or duplicate IDs are rejected (0.144637ms)
✔ remote cleanup: matching accepted remote branch can be removed (1.820259ms)
✔ remote cleanup: no remote branch remains a successful idempotent state (0.263055ms)
✔ remote cleanup: refuse unmerged (0.203836ms)
✔ remote cleanup: refuse unfinished document (0.19306ms)
✔ remote cleanup: refuse new remote commit (0.156174ms)
✔ remote cleanup: refuse unverified squash (0.11356ms)
✔ remote cleanup: refuse offline snapshot (0.349013ms)
✔ local cleanup: removed remote does not erase valid local identity (0.109945ms)
✔ local cleanup: matching refs retain identity (0.114953ms)
✔ local cleanup: divergent refs cannot hide new work (0.151367ms)
✔ FND-02: parse a valid task and retain identity (2.53483ms)
✔ FND-02: malformed or duplicate metadata is rejected (0.299179ms)
✔ FND-02: a ready task with incomplete acceptance is invalid (0.409354ms)
✔ FND-02: no checkboxes is not proof of completion (0.25343ms)
✔ FND-02: mismatched branch, worktree and unsafe paths are rejected (0.239849ms)
✔ FND-02: accepted cannot be asserted before remote verification (0.132488ms)
✔ FND-02: complete remote main document + merged PR permits cleanup despite squash ancestry (0.362654ms)
✔ FND-02: refuse cleanup for offline snapshot (0.19382ms)
✔ FND-02: refuse cleanup for missing remote document (0.141061ms)
✔ FND-02: refuse cleanup for unfinished document (0.173741ms)
✔ FND-02: refuse cleanup for wrong task identity (0.143275ms)
✔ FND-02: refuse cleanup for unmerged PR (0.15327ms)
✔ FND-02: refuse cleanup for wrong merge base (0.088683ms)
✔ FND-02: refuse cleanup for different repository (0.071227ms)
✔ FND-02: refuse cleanup for other task branch (0.122273ms)
✔ FND-02: refuse cleanup for post-merge commit (0.107911ms)
✔ FND-02: refuse cleanup for dirty worktree (0.157286ms)
✔ FND-02: refuse cleanup for squash not in remote main (0.103526ms)
✔ FND-02: acceptance remains true after the task branch/worktree were cleaned (0.377927ms)
✔ FND-02: local completion without a merged PR is not accepted (0.215583ms)
✔ B0: V010 and V030 metadata and mixed approved dependencies remain valid (3.554209ms)
✔ B0: malformed/injected ID is rejected without throwing #0 (2.356443ms)
✔ B0: malformed/injected ID is rejected without throwing #1 (0.265278ms)
✔ B0: malformed/injected ID is rejected without throwing #2 (0.31355ms)
✔ B0: malformed/injected ID is rejected without throwing #3 (0.223895ms)
✔ B0: malformed/injected ID is rejected without throwing #4 (0.17336ms)
✔ B0: malformed/injected ID is rejected without throwing #5 (0.130185ms)
✔ B0: malformed/injected ID is rejected without throwing #6 (0.155954ms)
✔ B0: malformed/injected ID is rejected without throwing #7 (0.196745ms)
✔ B0: malformed/injected ID is rejected without throwing #8 (0.311507ms)
✔ B0: malformed/injected ID is rejected without throwing #9 (0.148373ms)
✔ B0: malformed/injected ID is rejected without throwing #10 (0.122283ms)
✔ B0: malformed/injected ID is rejected without throwing #11 (0.094912ms)
✔ B0: malformed/injected ID is rejected without throwing #12 (0.091398ms)
✔ B0: malformed/injected ID is rejected without throwing #13 (0.109184ms)
✔ B0: malformed/injected ID is rejected without throwing #14 (0.075693ms)
✔ B0: malformed/injected ID is rejected without throwing #15 (0.054973ms)
✔ B0: malformed/injected ID is rejected without throwing #16 (0.11336ms)
✔ B0: malformed/injected ID is rejected without throwing #17 (0.047081ms)
✔ B0: malformed/injected ID is rejected without throwing #18 (0.043335ms)
✔ B0: malformed/injected ID is rejected without throwing #19 (0.034382ms)
✔ B0: malformed/injected ID is rejected without throwing #20 (0.034552ms)
✔ B0: malformed/injected ID is rejected without throwing #21 (0.036384ms)
✔ B0: malformed/injected ID is rejected without throwing #22 (0.036294ms)
✔ B0: malformed/injected ID is rejected without throwing #23 (0.043305ms)
✔ B0: malformed/injected ID is rejected without throwing #24 (0.10001ms)
✔ B0: malformed/injected ID is rejected without throwing #25 (0.057476ms)
✔ B0: same task number in another version cannot satisfy branch/worktree identity (0.290626ms)
✔ B0: V030 retains unsafe-path, incomplete, no-PR and premature-acceptance guards (0.310145ms)
✔ B0: complete matching V030 permits the same acceptance/cleanup decisions as V010 (1.201551ms)
✔ B0: V030 acceptance and cleanup reject offline (0.315343ms)
✔ B0: V030 acceptance and cleanup reject unfinished (0.179489ms)
✔ B0: V030 acceptance and cleanup reject other version (0.198137ms)
✔ B0: V030 acceptance and cleanup reject unmerged (0.192379ms)
✔ B0: V030 acceptance and cleanup reject wrong base (0.158868ms)
✔ B0: V030 acceptance and cleanup reject wrong repository (0.175594ms)
✔ B0: V030 acceptance and cleanup reject wrong version PR (0.126259ms)
✔ B0: V030 cleanup still rejects dirty, changed-tip and unverified squash states (0.272239ms)
✔ B0: task discovery validates V030 documents instead of silently skipping them (37.124385ms)
✔ B0: discovered same-number metadata from another version is rejected (41.828538ms)
✔ B0: malformed and unsupported version-task filenames cannot disappear from discovery (147.532672ms)
✔ B0: real Git diff verifies a valid V030 PR and an unchanged V010 PR rule (381.94637ms)
✔ B0: V030 PR scope rejects an unrelated changed path (81.227409ms)
✔ B0: a V010 PR cannot consume a same-number V030 task document (93.958682ms)
✔ B0: V030 branch syntax remains exact and cannot contain malformed slug or injection (598.606132ms)
✔ B0: V030 CLI passes ID parsing then uses exact remote task path in start dry-run (397.614495ms)
✔ B0: V030 ready task still cannot be restarted (174.177552ms)
✔ B0: malformed/injected CLI IDs stop before any Git/gh execution (587.806945ms)
✔ B0: remote helper recognizes V030 while retaining exact-head conditional deletion (261.264571ms)
✔ B0: remote helper never deletes an unmerged or other-version task (198.340803ms)
✔ maintenance is a nondefault one-shot profile in runtime and installed config (3.123032ms)
✔ hourly cron invokes the same single-run operation as manual maintenance (0.356414ms)
✔ receiver rejects unreviewed profile/command/restart and topology mutations (0.80665ms)
✔ ordinary release cannot silently upgrade the installed resident maintenance topology (0.530245ms)
✔ one-shot orchestration records success without raw output (2.308171ms)
✔ one-shot orchestration records failure without raw output (0.532168ms)
✔ memory probe samples the four resident containers, not the exited task (46.183138ms)
✔ Q18 accepts declared compatible expansion but rejects history rewrite, missing approval and stale releases (1.178877ms)
✔ Q18 deployment only changes approved runtime config and exact images, retaining private volumes and origin (2.960159ms)
✔ approved config cannot include other host compose files, weaken service confinement or join external networks (2.408782ms)
✔ public Nginx rendering preserves API boundary and creates fixed HTTPS redirect (0.505979ms)
✔ promotion validates and backs up before migration and records only a healthy deployment (0.271978ms)
✔ backup failure never migrates; activation or health failure restores prior app/config without Down (0.468563ms)
✔ main delivery runs verification and acceptance before a serialized secret-scoped deployment (0.317476ms)
✔ compatibility registry uses explicit digest records, rejects ambiguous duplicate approvals (0.305769ms)
✔ transport rejects undeclared content, checksum tampering, secret paths, invalid image identities and oversized payloads (2.008311ms)
✔ framed receiver verifies every byte and rejects truncated, appended and corrupt images (5.617242ms)
✔ four kinds are stored by explicit natural day and only safe fields survive (40.258534ms)
✔ retention dry-run selects only approved kinds and inclusive natural-day cutoff (4.281129ms)
✔ symlinked category and destination file cannot escape the log root (1.075322ms)
✔ Q20 actual cleanup removes only days older than the approved inclusive 30-day window (3.96168ms)
✔ Q20 rejects nonapproved destructive parameters and preflights all paths before deleting (1.121953ms)
✔ Q20 installed policy accepts exactly confirmed deletion parameters and schedules bounded daily cleanup (0.732258ms)
✔ Q20 cleanup is daily and shares the collection lock (0.196825ms)
✔ FR06 common rules render local and public explicit environments (1.376344ms)
✔ FR06 explicit parameters reject config injection and invalid HSTS scope (0.442824ms)
✔ certificate task logs fixed outcomes without persisting raw command secrets (1.28081ms)
✔ collector records access stdout and application stderr, advances window, and excludes raw text (33.584657ms)
✔ approved explicit config connects operation records and collector is scheduled without deletion (0.904366ms)
✔ collector and Q20 cleanup are scheduled with the same overlap protection (0.286289ms)
✔ failed docker collection does not advance cursor or publish raw diagnostics (0.521402ms)
✔ unexpected HTTP method cannot stall collection or persist arbitrary method text (0.697546ms)
✔ Q25 cold audit migration precedes hot migration: infra/acceptance/run.mjs (1.333069ms)
✔ Q25 cold audit migration precedes hot migration: infra/runtime/run.mjs (0.152749ms)
✔ Q25 cold audit migration precedes hot migration: .github/workflows/ci.yml (0.104768ms)
✔ Q25 cold audit migration precedes hot migration: infra/server/deploy/receive.mjs (0.094552ms)
✔ acceptance component count derives from the actual Playwright report (0.52709ms)
✔ Q25 personnel API regression is included in the real HTTPS entrypoint (0.177796ms)
✔ Q25 pinned role upgrade is executed with real PostgreSQL by the product workflow (0.18023ms)
✔ Q25 compatibility manifest records each new reviewed immutable migration (0.753469ms)
✔ GOV-01..04: valid repository passes without mutation (7.674688ms)
✔ GOV-01: missing file fails with its path (2.498045ms)
✔ GOV-01: whitespace-only required file is not valid (5.141098ms)
✔ GOV-02: deleting each hard-rule marker fails (11.666382ms)
✔ GOV-03: malformed JSON is reported, not thrown (1.158748ms)
✔ GOV-03: incorrect version and project fail (1.290224ms)
✔ GOV-03: impossible calendar date fails (0.808452ms)
✔ GOV-03: empty sources and non-object registry fail (5.286987ms)
✔ GOV-03: duplicate keys and page IDs fail (1.205437ms)
✔ GOV-03: external or mismatched source URLs fail (0.929844ms)
✔ GOV-03: missing metadata and malformed page ID fail (1.201582ms)
✔ GOV-03: unknown, duplicate and empty route references fail (1.695112ms)
✔ GOV-03: mandatory routes and always/product anchors cannot disappear (1.038607ms)
✔ GOV-04: nested instruction override fails (0.872478ms)
✔ GOV-04: generated/dependency directories are ignored (0.632949ms)
✔ GOV-01: nonexistent root reports errors (0.293991ms)
✔ CLI: valid repository exits zero (84.787511ms)
✔ CLI: invalid repository exits one and explains failure (35.41391ms)
✔ public HTTPS exposes only edge ports and preserves private data, images and input (4.335921ms)
✔ public access rejects untrusted TLS while default deployment stays private (1.503895ms)
✔ HTTP redirects all paths to the fixed HTTPS origin without trusting Host (0.342303ms)
✔ public TLS preserves same-origin API, non-cacheable auth and trusted proxy boundary (0.270296ms)
✔ existing loopback health and DNS-01 renewal still work independently of public DNS (0.422153ms)
✔ API actual TAP report counts every passed case (1.14709ms)
✔ API failed, skipped, truncated and contradictory reports cannot publish success (0.315984ms)
✔ browser counts come from the successful complete JSON report (9.367686ms)
✔ browser failure, flakiness, skips and empty reports cannot publish success (0.359299ms)
✔ real API/browser reports drive the published counts: infra/acceptance/run.mjs (11.387906ms)
✔ real API/browser reports drive the published counts: infra/runtime/run.mjs (0.210336ms)
✔ ACME runner fixes operations, passes credentials only in environment and reports sanitized failure (2.150325ms)
✔ certificate activation verifies system trust before file replacement and validates Nginx before reload (75.021988ms)
✔ domain health verifies hostname with default trust while reaching only the SSH loopback endpoint (0.325188ms)
✔ domain health fixes IPv4 so Node never requests an all-address lookup result (0.23306ms)
▶ provided CSV is data only and maps exactly one credential pair without executing fields
  ✔ BOM, quoted headers and CRLF are supported (0.465508ms)
  ✔ missing, multiple and non-data values fail closed (0.358067ms)
  ✔ dotenv admits only the required names and never evaluates shell (0.26647ms)
✔ provided CSV is data only and maps exactly one credential pair without executing fields (1.572558ms)
▶ Q16 public-trust domain config keeps the SSH listener and schedules automatic renewal
  ✔ domain origin with loopback only (0.257897ms)
  ✔ renew twice daily without self-signed trust (0.29982ms)
✔ Q16 public-trust domain config keeps the SSH listener and schedules automatic renewal (1.145077ms)
▶ Q16 validates the actual certificate host, private key and remaining lifetime before replacement
  ✔ matching actual identity and key are accepted (0.706309ms)
  ✔ unrelated certificate is rejected (0.355383ms)
  ✔ mismatched private key is rejected (0.484867ms)
  ✔ expired certificate is rejected (0.24016ms)
✔ Q16 validates the actual certificate host, private key and remaining lifetime before replacement (168.435283ms)
✔ Q16 a failed Nginx validation restores both previous files and reloads the previous certificate (0.648953ms)
✔ Q16 explicitly uses Let's Encrypt DNSPod DNS-01 for the confirmed domain and no public listener (0.229524ms)
✔ Q15 server exposes only loopback HTTPS and preserves internal data network (0.227211ms)
✔ private Bootstrap credentials preserve the accepted seed JSON password field and exclude test fixtures (0.856745ms)
✔ operational schedules retain TLS verification, prevent overlap, and invoke only runtime tools (0.899369ms)
✔ server maintenance addresses only the authorized deployment and does not run test/build commands (0.362414ms)
✔ finished services restart automatically and have finite resource and log budgets (0.210896ms)
✔ deployment refuses every existing directory, including apparently empty ones (0.385829ms)
ℹ tests 222
ℹ suites 0
ℹ pass 222
ℹ fail 0
ℹ cancelled 0
ℹ skipped 0
ℹ todo 0
ℹ duration_ms 3266.454097
