mode: atomic
github.com/Hubujiu/WeaveOS/services/bff/internal/apppolicy/evaluate.go:7.2,8.1 1 6
github.com/Hubujiu/WeaveOS/services/bff/internal/apppolicy/evaluate.go:13.2,13.49 1 91
github.com/Hubujiu/WeaveOS/services/bff/internal/apppolicy/evaluate.go:14.3,15.1 1 42
github.com/Hubujiu/WeaveOS/services/bff/internal/apppolicy/evaluate.go:16.2,16.25 1 49
github.com/Hubujiu/WeaveOS/services/bff/internal/apppolicy/evaluate.go:17.3,17.18 1 6
github.com/Hubujiu/WeaveOS/services/bff/internal/apppolicy/evaluate.go:18.4,19.1 1 1
github.com/Hubujiu/WeaveOS/services/bff/internal/apppolicy/evaluate.go:20.9,20.29 1 43
github.com/Hubujiu/WeaveOS/services/bff/internal/apppolicy/evaluate.go:21.3,22.1 1 1
github.com/Hubujiu/WeaveOS/services/bff/internal/apppolicy/evaluate.go:23.2,23.15 1 47
github.com/Hubujiu/WeaveOS/services/bff/internal/apppolicy/evaluate.go:24.3,25.1 1 9
github.com/Hubujiu/WeaveOS/services/bff/internal/apppolicy/evaluate.go:26.2,26.35 1 38
github.com/Hubujiu/WeaveOS/services/bff/internal/apppolicy/evaluate.go:27.3,27.34 1 46
github.com/Hubujiu/WeaveOS/services/bff/internal/apppolicy/evaluate.go:28.4,28.12 1 5
github.com/Hubujiu/WeaveOS/services/bff/internal/apppolicy/evaluate.go:30.3,30.38 1 41
github.com/Hubujiu/WeaveOS/services/bff/internal/apppolicy/evaluate.go:31.4,31.57 1 83
github.com/Hubujiu/WeaveOS/services/bff/internal/apppolicy/evaluate.go:32.5,32.13 1 66
github.com/Hubujiu/WeaveOS/services/bff/internal/apppolicy/evaluate.go:34.4,34.60 1 17
github.com/Hubujiu/WeaveOS/services/bff/internal/apppolicy/evaluate.go:35.5,36.1 1 9
github.com/Hubujiu/WeaveOS/services/bff/internal/apppolicy/evaluate.go:39.2,39.14 1 29
github.com/Hubujiu/WeaveOS/services/bff/internal/apppolicy/evaluate.go:45.2,45.95 1 7
github.com/Hubujiu/WeaveOS/services/bff/internal/apppolicy/evaluate.go:46.3,47.1 1 2
github.com/Hubujiu/WeaveOS/services/bff/internal/apppolicy/evaluate.go:48.2,50.10 3 5
github.com/Hubujiu/WeaveOS/services/bff/internal/apppolicy/evaluate.go:51.3,52.36 2 4
github.com/Hubujiu/WeaveOS/services/bff/internal/apppolicy/evaluate.go:53.4,53.35 1 10
github.com/Hubujiu/WeaveOS/services/bff/internal/apppolicy/evaluate.go:54.5,54.13 1 0
github.com/Hubujiu/WeaveOS/services/bff/internal/apppolicy/evaluate.go:56.4,56.39 1 10
github.com/Hubujiu/WeaveOS/services/bff/internal/apppolicy/evaluate.go:57.5,57.58 1 18
github.com/Hubujiu/WeaveOS/services/bff/internal/apppolicy/evaluate.go:58.6,58.14 1 12
github.com/Hubujiu/WeaveOS/services/bff/internal/apppolicy/evaluate.go:60.5,60.40 1 6
github.com/Hubujiu/WeaveOS/services/bff/internal/apppolicy/evaluate.go:61.6,61.25 1 6
github.com/Hubujiu/WeaveOS/services/bff/internal/apppolicy/evaluate.go:62.7,63.1 1 6
github.com/Hubujiu/WeaveOS/services/bff/internal/apppolicy/evaluate.go:68.2,70.34 3 5
github.com/Hubujiu/WeaveOS/services/bff/internal/apppolicy/evaluate.go:71.3,71.23 1 18
github.com/Hubujiu/WeaveOS/services/bff/internal/apppolicy/evaluate.go:72.4,72.12 1 4
github.com/Hubujiu/WeaveOS/services/bff/internal/apppolicy/evaluate.go:74.3,74.39 1 14
github.com/Hubujiu/WeaveOS/services/bff/internal/apppolicy/evaluate.go:75.4,75.12 1 2
github.com/Hubujiu/WeaveOS/services/bff/internal/apppolicy/evaluate.go:77.3,78.49 2 12
github.com/Hubujiu/WeaveOS/services/bff/internal/apppolicy/evaluate.go:79.4,80.1 1 9
github.com/Hubujiu/WeaveOS/services/bff/internal/apppolicy/evaluate.go:82.2,82.15 1 5
github.com/Hubujiu/WeaveOS/services/bff/internal/apppolicy/evaluate.go:86.2,88.52 1 96
github.com/Hubujiu/WeaveOS/services/bff/internal/apppolicy/evaluate.go:89.3,90.1 1 21
github.com/Hubujiu/WeaveOS/services/bff/internal/apppolicy/evaluate.go:91.2,91.16 1 75
github.com/Hubujiu/WeaveOS/services/bff/internal/apppolicy/evaluate.go:93.3,93.14 1 6
github.com/Hubujiu/WeaveOS/services/bff/internal/apppolicy/evaluate.go:95.3,95.63 1 54
github.com/Hubujiu/WeaveOS/services/bff/internal/apppolicy/evaluate.go:97.3,97.15 1 15
github.com/Hubujiu/WeaveOS/services/bff/internal/apppolicy/evaluate.go:102.2,103.1 1 52
github.com/Hubujiu/WeaveOS/services/bff/internal/apppolicy/evaluate.go:106.2,108.1 1 56
github.com/Hubujiu/WeaveOS/services/bff/internal/apppolicy/evaluate.go:111.2,111.62 1 101
github.com/Hubujiu/WeaveOS/services/bff/internal/apppolicy/evaluate.go:112.3,113.1 1 67
github.com/Hubujiu/WeaveOS/services/bff/internal/apppolicy/evaluate.go:114.2,114.25 1 34
github.com/Hubujiu/WeaveOS/services/bff/internal/apppolicy/evaluate.go:115.3,116.1 1 2
github.com/Hubujiu/WeaveOS/services/bff/internal/apppolicy/evaluate.go:117.2,117.20 1 32
github.com/Hubujiu/WeaveOS/services/bff/internal/apppolicy/evaluate.go:119.3,119.14 1 17
github.com/Hubujiu/WeaveOS/services/bff/internal/apppolicy/evaluate.go:121.3,121.39 1 13
github.com/Hubujiu/WeaveOS/services/bff/internal/apppolicy/evaluate.go:123.3,123.15 1 2
github.com/Hubujiu/WeaveOS/services/bff/internal/apppolicy/evaluate.go:128.2,128.31 1 69
github.com/Hubujiu/WeaveOS/services/bff/internal/apppolicy/evaluate.go:129.3,129.22 1 67
github.com/Hubujiu/WeaveOS/services/bff/internal/apppolicy/evaluate.go:130.4,131.1 1 59
github.com/Hubujiu/WeaveOS/services/bff/internal/apppolicy/evaluate.go:133.2,133.14 1 10
github.com/Hubujiu/WeaveOS/services/bff/internal/apppolicy/evaluate.go:136.36,136.75 1 479
