2026/10/07 02:14:37 OK   00001_auth.sql (13.44ms)
2026/10/07 02:14:37 OK   00002_personnel.sql (14.55ms)
2026/10/07 02:14:37 OK   00003_query_drafts.sql (4.55ms)
2026/10/07 02:14:37 OK   00004_query_revision_writers.sql (3.09ms)
2026/10/07 02:14:37 OK   00005_table_presets.sql (3.05ms)
2026/10/07 02:14:37 OK   00006_apps_policy.sql (11.77ms)
2026/10/07 02:14:37 OK   00007_app_structure.sql (15.44ms)
2026/10/07 02:14:37 OK   00008_app_records.sql (14.84ms)
2026/10/07 02:14:37 OK   00009_record_save_history.sql (6.03ms)
2026/10/07 02:14:37 OK   00010_member_source_label_width.sql (590.59µs)
2026/10/07 02:14:37 OK   00011_record_reference_defaults.sql (1.5ms)
2026/10/07 02:14:37 OK   00012_actual_reference_defaults.sql (1.44ms)
2026/10/07 02:14:37 OK   00013_record_command_fence.sql (3.33ms)
2026/10/07 02:14:37 OK   00014_workflow_command_ledger.sql (2.76ms)
2026/10/07 02:14:37 OK   00015_workflow_catalog.sql (7.29ms)
2026/10/07 02:14:37 OK   00016_workflow_management_operations.sql (3.03ms)
2026/10/07 02:14:37 OK   00017_workflow_publications.sql (9.58ms)
2026/10/07 02:14:37 OK   00018_workflow_execution_projection.sql (10.56ms)
2026/10/07 02:14:37 OK   00019_workflow_execution_recovery.sql (2.31ms)
2026/10/07 02:14:37 OK   00020_workflow_evidence.sql (5.11ms)
2026/10/07 02:14:37 OK   00021_workflow_task_operations.sql (1.88ms)
2026/10/07 02:14:37 goose: successfully migrated database to version: 21
