{"Time":"2026-10-07T14:03:04.830887198Z","Action":"start","Package":"github.com/Hubujiu/WeaveOS/services/bff/internal/applications"}
{"Time":"2026-10-07T14:03:04.838258437Z","Action":"run","Package":"github.com/Hubujiu/WeaveOS/services/bff/internal/applications","Test":"TestB5ListHasBoundedDataStatementsAtControlledScale"}
{"Time":"2026-10-07T14:03:04.838556824Z","Action":"output","Package":"github.com/Hubujiu/WeaveOS/services/bff/internal/applications","Test":"TestB5ListHasBoundedDataStatementsAtControlledScale","Output":"=== RUN   TestB5ListHasBoundedDataStatementsAtControlledScale\n","OutputType":"frame"}
{"Time":"2026-10-07T14:03:04.839972813Z","Action":"run","Package":"github.com/Hubujiu/WeaveOS/services/bff/internal/applications","Test":"TestB5ListHasBoundedDataStatementsAtControlledScale/0"}
{"Time":"2026-10-07T14:03:04.840002934Z","Action":"output","Package":"github.com/Hubujiu/WeaveOS/services/bff/internal/applications","Test":"TestB5ListHasBoundedDataStatementsAtControlledScale/0","Output":"=== RUN   TestB5ListHasBoundedDataStatementsAtControlledScale/0\n","OutputType":"frame"}
{"Time":"2026-10-07T14:03:04.950882027Z","Action":"output","Package":"github.com/Hubujiu/WeaveOS/services/bff/internal/applications","Test":"TestB5ListHasBoundedDataStatementsAtControlledScale/0","Output":"    set_cost_test.go:139: B5_COST {\"dataStatementCounts\":[2,2,2,2,2],\"kind\":\"list\",\"latencyMs\":[5.73,1.47,1.432,1.272,1.846],\"medianMs\":1.47,\"scope\":\"same isolated PostgreSQL18.6; actual auth_app; direct application method; setup and tx-control statements excluded\",\"size\":0}\n"}
{"Time":"2026-10-07T14:03:04.977240592Z","Action":"output","Package":"github.com/Hubujiu/WeaveOS/services/bff/internal/applications","Test":"TestB5ListHasBoundedDataStatementsAtControlledScale/0","Output":"--- PASS: TestB5ListHasBoundedDataStatementsAtControlledScale/0 (0.14s)\n","OutputType":"frame"}
{"Time":"2026-10-07T14:03:04.977326845Z","Action":"pass","Package":"github.com/Hubujiu/WeaveOS/services/bff/internal/applications","Test":"TestB5ListHasBoundedDataStatementsAtControlledScale/0","Elapsed":0.14}
{"Time":"2026-10-07T14:03:04.977717468Z","Action":"run","Package":"github.com/Hubujiu/WeaveOS/services/bff/internal/applications","Test":"TestB5ListHasBoundedDataStatementsAtControlledScale/10"}
{"Time":"2026-10-07T14:03:04.977724754Z","Action":"output","Package":"github.com/Hubujiu/WeaveOS/services/bff/internal/applications","Test":"TestB5ListHasBoundedDataStatementsAtControlledScale/10","Output":"=== RUN   TestB5ListHasBoundedDataStatementsAtControlledScale/10\n","OutputType":"frame"}
{"Time":"2026-10-07T14:03:05.062834145Z","Action":"output","Package":"github.com/Hubujiu/WeaveOS/services/bff/internal/applications","Test":"TestB5ListHasBoundedDataStatementsAtControlledScale/10","Output":"    set_cost_test.go:139: B5_COST {\"dataStatementCounts\":[2,2,2,2,2],\"kind\":\"list\",\"latencyMs\":[9.112,1.824,4.655,1.897,2.039],\"medianMs\":2.039,\"scope\":\"same isolated PostgreSQL18.6; actual auth_app; direct application method; setup and tx-control statements excluded\",\"size\":10}\n"}
{"Time":"2026-10-07T14:03:05.084450153Z","Action":"output","Package":"github.com/Hubujiu/WeaveOS/services/bff/internal/applications","Test":"TestB5ListHasBoundedDataStatementsAtControlledScale/10","Output":"--- PASS: TestB5ListHasBoundedDataStatementsAtControlledScale/10 (0.11s)\n","OutputType":"frame"}
{"Time":"2026-10-07T14:03:05.085486677Z","Action":"pass","Package":"github.com/Hubujiu/WeaveOS/services/bff/internal/applications","Test":"TestB5ListHasBoundedDataStatementsAtControlledScale/10","Elapsed":0.11}
{"Time":"2026-10-07T14:03:05.085859338Z","Action":"run","Package":"github.com/Hubujiu/WeaveOS/services/bff/internal/applications","Test":"TestB5ListHasBoundedDataStatementsAtControlledScale/100"}
{"Time":"2026-10-07T14:03:05.085865668Z","Action":"output","Package":"github.com/Hubujiu/WeaveOS/services/bff/internal/applications","Test":"TestB5ListHasBoundedDataStatementsAtControlledScale/100","Output":"=== RUN   TestB5ListHasBoundedDataStatementsAtControlledScale/100\n","OutputType":"frame"}
{"Time":"2026-10-07T14:03:05.176835008Z","Action":"output","Package":"github.com/Hubujiu/WeaveOS/services/bff/internal/applications","Test":"TestB5ListHasBoundedDataStatementsAtControlledScale/100","Output":"    set_cost_test.go:139: B5_COST {\"dataStatementCounts\":[2,2,2,2,2],\"kind\":\"list\",\"latencyMs\":[9.929,2.476,2.832,2.485,2.517],\"medianMs\":2.517,\"scope\":\"same isolated PostgreSQL18.6; actual auth_app; direct application method; setup and tx-control statements excluded\",\"size\":100}\n"}
{"Time":"2026-10-07T14:03:05.199886001Z","Action":"output","Package":"github.com/Hubujiu/WeaveOS/services/bff/internal/applications","Test":"TestB5ListHasBoundedDataStatementsAtControlledScale/100","Output":"--- PASS: TestB5ListHasBoundedDataStatementsAtControlledScale/100 (0.12s)\n","OutputType":"frame"}
{"Time":"2026-10-07T14:03:05.199995437Z","Action":"pass","Package":"github.com/Hubujiu/WeaveOS/services/bff/internal/applications","Test":"TestB5ListHasBoundedDataStatementsAtControlledScale/100","Elapsed":0.12}
{"Time":"2026-10-07T14:03:05.200005444Z","Action":"run","Package":"github.com/Hubujiu/WeaveOS/services/bff/internal/applications","Test":"TestB5ListHasBoundedDataStatementsAtControlledScale/1000"}
{"Time":"2026-10-07T14:03:05.200009482Z","Action":"output","Package":"github.com/Hubujiu/WeaveOS/services/bff/internal/applications","Test":"TestB5ListHasBoundedDataStatementsAtControlledScale/1000","Output":"=== RUN   TestB5ListHasBoundedDataStatementsAtControlledScale/1000\n","OutputType":"frame"}
{"Time":"2026-10-07T14:03:05.420015226Z","Action":"output","Package":"github.com/Hubujiu/WeaveOS/services/bff/internal/applications","Test":"TestB5ListHasBoundedDataStatementsAtControlledScale/1000","Output":"    set_cost_test.go:139: B5_COST {\"dataStatementCounts\":[2,2,2,2,2],\"kind\":\"list\",\"latencyMs\":[18.987,6.868,6.195,5.9,6.316],\"medianMs\":6.316,\"scope\":\"same isolated PostgreSQL18.6; actual auth_app; direct application method; setup and tx-control statements excluded\",\"size\":1000}\n"}
{"Time":"2026-10-07T14:03:05.520762068Z","Action":"output","Package":"github.com/Hubujiu/WeaveOS/services/bff/internal/applications","Test":"TestB5ListHasBoundedDataStatementsAtControlledScale/1000","Output":"--- PASS: TestB5ListHasBoundedDataStatementsAtControlledScale/1000 (0.32s)\n","OutputType":"frame"}
{"Time":"2026-10-07T14:03:05.52082597Z","Action":"pass","Package":"github.com/Hubujiu/WeaveOS/services/bff/internal/applications","Test":"TestB5ListHasBoundedDataStatementsAtControlledScale/1000","Elapsed":0.32}
{"Time":"2026-10-07T14:03:05.520838586Z","Action":"output","Package":"github.com/Hubujiu/WeaveOS/services/bff/internal/applications","Test":"TestB5ListHasBoundedDataStatementsAtControlledScale","Output":"--- PASS: TestB5ListHasBoundedDataStatementsAtControlledScale (0.68s)\n","OutputType":"frame"}
{"Time":"2026-10-07T14:03:05.520842885Z","Action":"pass","Package":"github.com/Hubujiu/WeaveOS/services/bff/internal/applications","Test":"TestB5ListHasBoundedDataStatementsAtControlledScale","Elapsed":0.68}
{"Time":"2026-10-07T14:03:05.52095802Z","Action":"run","Package":"github.com/Hubujiu/WeaveOS/services/bff/internal/applications","Test":"TestB5GrantSetCostNormalizationAndAtomicReplacement"}
{"Time":"2026-10-07T14:03:05.520963925Z","Action":"output","Package":"github.com/Hubujiu/WeaveOS/services/bff/internal/applications","Test":"TestB5GrantSetCostNormalizationAndAtomicReplacement","Output":"=== RUN   TestB5GrantSetCostNormalizationAndAtomicReplacement\n","OutputType":"frame"}
{"Time":"2026-10-07T14:03:05.60799343Z","Action":"output","Package":"github.com/Hubujiu/WeaveOS/services/bff/internal/applications","Test":"TestB5GrantSetCostNormalizationAndAtomicReplacement","Output":"    set_semantics_test.go:203: B5_COST {\"dataStatementCounts\":[20],\"kind\":\"grants.replace.submitted\",\"latencyMs\":[34.734],\"medianMs\":34.734,\"scope\":\"same isolated PostgreSQL18.6; actual auth_app; direct application method; setup and tx-control statements excluded\",\"size\":1000}\n"}
{"Time":"2026-10-07T14:03:05.637233935Z","Action":"output","Package":"github.com/Hubujiu/WeaveOS/services/bff/internal/applications","Test":"TestB5GrantSetCostNormalizationAndAtomicReplacement","Output":"    set_semantics_test.go:203: B5_COST {\"dataStatementCounts\":[20],\"kind\":\"grants.replace.submitted\",\"latencyMs\":[15.549],\"medianMs\":15.549,\"scope\":\"same isolated PostgreSQL18.6; actual auth_app; direct application method; setup and tx-control statements excluded\",\"size\":1}\n"}
{"Time":"2026-10-07T14:03:05.646856529Z","Action":"output","Package":"github.com/Hubujiu/WeaveOS/services/bff/internal/applications","Test":"TestB5GrantSetCostNormalizationAndAtomicReplacement","Output":"    set_semantics_test.go:203: B5_COST {\"dataStatementCounts\":[20],\"kind\":\"grants.replace.submitted\",\"latencyMs\":[9.27],\"medianMs\":9.27,\"scope\":\"same isolated PostgreSQL18.6; actual auth_app; direct application method; setup and tx-control statements excluded\",\"size\":0}\n"}
{"Time":"2026-10-07T14:03:05.64784164Z","Action":"output","Package":"github.com/Hubujiu/WeaveOS/services/bff/internal/applications","Test":"TestB5GrantSetCostNormalizationAndAtomicReplacement","Output":"--- PASS: TestB5GrantSetCostNormalizationAndAtomicReplacement (0.13s)\n","OutputType":"frame"}
{"Time":"2026-10-07T14:03:05.647869489Z","Action":"pass","Package":"github.com/Hubujiu/WeaveOS/services/bff/internal/applications","Test":"TestB5GrantSetCostNormalizationAndAtomicReplacement","Elapsed":0.13}
{"Time":"2026-10-07T14:03:05.647938563Z","Action":"output","Package":"github.com/Hubujiu/WeaveOS/services/bff/internal/applications","Output":"PASS\n","OutputType":"frame"}
{"Time":"2026-10-07T14:03:05.648993207Z","Action":"output","Package":"github.com/Hubujiu/WeaveOS/services/bff/internal/applications","Output":"ok  \tgithub.com/Hubujiu/WeaveOS/services/bff/internal/applications\t0.818s\n"}
{"Time":"2026-10-07T14:03:05.649065034Z","Action":"pass","Package":"github.com/Hubujiu/WeaveOS/services/bff/internal/applications","Elapsed":0.818}
