{"Time":"2026-10-07T07:03:38.903061118Z","Action":"start","Package":"github.com/Hubujiu/WeaveOS/services/bff/cmd/bff"}
{"Time":"2026-10-07T07:03:38.917685891Z","Action":"run","Package":"github.com/Hubujiu/WeaveOS/services/bff/cmd/bff","Test":"TestRootLifecycleHTTPSPreviewAcceptAndOperation"}
{"Time":"2026-10-07T07:03:38.91785124Z","Action":"output","Package":"github.com/Hubujiu/WeaveOS/services/bff/cmd/bff","Test":"TestRootLifecycleHTTPSPreviewAcceptAndOperation","Output":"=== RUN   TestRootLifecycleHTTPSPreviewAcceptAndOperation\n","OutputType":"frame"}
{"Time":"2026-10-07T07:03:38.917881916Z","Action":"run","Package":"github.com/Hubujiu/WeaveOS/services/bff/cmd/bff","Test":"TestRootLifecycleHTTPSPreviewAcceptAndOperation/withdraw"}
{"Time":"2026-10-07T07:03:38.917887595Z","Action":"output","Package":"github.com/Hubujiu/WeaveOS/services/bff/cmd/bff","Test":"TestRootLifecycleHTTPSPreviewAcceptAndOperation/withdraw","Output":"=== RUN   TestRootLifecycleHTTPSPreviewAcceptAndOperation/withdraw\n","OutputType":"frame"}
{"Time":"2026-10-07T07:03:39.0965887Z","Action":"output","Package":"github.com/Hubujiu/WeaveOS/services/bff/cmd/bff","Test":"TestRootLifecycleHTTPSPreviewAcceptAndOperation/withdraw","Output":"--- PASS: TestRootLifecycleHTTPSPreviewAcceptAndOperation/withdraw (0.18s)\n","OutputType":"frame"}
{"Time":"2026-10-07T07:03:39.096632296Z","Action":"pass","Package":"github.com/Hubujiu/WeaveOS/services/bff/cmd/bff","Test":"TestRootLifecycleHTTPSPreviewAcceptAndOperation/withdraw","Elapsed":0.18}
{"Time":"2026-10-07T07:03:39.096655401Z","Action":"run","Package":"github.com/Hubujiu/WeaveOS/services/bff/cmd/bff","Test":"TestRootLifecycleHTTPSPreviewAcceptAndOperation/return"}
{"Time":"2026-10-07T07:03:39.096658195Z","Action":"output","Package":"github.com/Hubujiu/WeaveOS/services/bff/cmd/bff","Test":"TestRootLifecycleHTTPSPreviewAcceptAndOperation/return","Output":"=== RUN   TestRootLifecycleHTTPSPreviewAcceptAndOperation/return\n","OutputType":"frame"}
{"Time":"2026-10-07T07:03:39.265702587Z","Action":"output","Package":"github.com/Hubujiu/WeaveOS/services/bff/cmd/bff","Test":"TestRootLifecycleHTTPSPreviewAcceptAndOperation/return","Output":"--- PASS: TestRootLifecycleHTTPSPreviewAcceptAndOperation/return (0.17s)\n","OutputType":"frame"}
{"Time":"2026-10-07T07:03:39.265737119Z","Action":"pass","Package":"github.com/Hubujiu/WeaveOS/services/bff/cmd/bff","Test":"TestRootLifecycleHTTPSPreviewAcceptAndOperation/return","Elapsed":0.17}
{"Time":"2026-10-07T07:03:39.265743649Z","Action":"output","Package":"github.com/Hubujiu/WeaveOS/services/bff/cmd/bff","Test":"TestRootLifecycleHTTPSPreviewAcceptAndOperation","Output":"--- PASS: TestRootLifecycleHTTPSPreviewAcceptAndOperation (0.35s)\n","OutputType":"frame"}
{"Time":"2026-10-07T07:03:39.265746613Z","Action":"pass","Package":"github.com/Hubujiu/WeaveOS/services/bff/cmd/bff","Test":"TestRootLifecycleHTTPSPreviewAcceptAndOperation","Elapsed":0.35}
{"Time":"2026-10-07T07:03:39.265749267Z","Action":"run","Package":"github.com/Hubujiu/WeaveOS/services/bff/cmd/bff","Test":"TestRootLifecycleHTTPSRejectsClosedBodyAndQuery"}
{"Time":"2026-10-07T07:03:39.265751671Z","Action":"output","Package":"github.com/Hubujiu/WeaveOS/services/bff/cmd/bff","Test":"TestRootLifecycleHTTPSRejectsClosedBodyAndQuery","Output":"=== RUN   TestRootLifecycleHTTPSRejectsClosedBodyAndQuery\n","OutputType":"frame"}
{"Time":"2026-10-07T07:03:39.399055361Z","Action":"output","Package":"github.com/Hubujiu/WeaveOS/services/bff/cmd/bff","Test":"TestRootLifecycleHTTPSRejectsClosedBodyAndQuery","Output":"--- PASS: TestRootLifecycleHTTPSRejectsClosedBodyAndQuery (0.13s)\n","OutputType":"frame"}
{"Time":"2026-10-07T07:03:39.399089432Z","Action":"pass","Package":"github.com/Hubujiu/WeaveOS/services/bff/cmd/bff","Test":"TestRootLifecycleHTTPSRejectsClosedBodyAndQuery","Elapsed":0.13}
{"Time":"2026-10-07T07:03:39.399096843Z","Action":"run","Package":"github.com/Hubujiu/WeaveOS/services/bff/cmd/bff","Test":"TestRootLifecycleHTTPSIdentityAndCSRF"}
{"Time":"2026-10-07T07:03:39.399098906Z","Action":"output","Package":"github.com/Hubujiu/WeaveOS/services/bff/cmd/bff","Test":"TestRootLifecycleHTTPSIdentityAndCSRF","Output":"=== RUN   TestRootLifecycleHTTPSIdentityAndCSRF\n","OutputType":"frame"}
{"Time":"2026-10-07T07:03:39.546280697Z","Action":"output","Package":"github.com/Hubujiu/WeaveOS/services/bff/cmd/bff","Test":"TestRootLifecycleHTTPSIdentityAndCSRF","Output":"--- PASS: TestRootLifecycleHTTPSIdentityAndCSRF (0.15s)\n","OutputType":"frame"}
{"Time":"2026-10-07T07:03:39.546317132Z","Action":"pass","Package":"github.com/Hubujiu/WeaveOS/services/bff/cmd/bff","Test":"TestRootLifecycleHTTPSIdentityAndCSRF","Elapsed":0.15}
{"Time":"2026-10-07T07:03:39.546326426Z","Action":"run","Package":"github.com/Hubujiu/WeaveOS/services/bff/cmd/bff","Test":"TestRootLifecycleHTTPSOldPreviewCannotApproveChangedInstance"}
{"Time":"2026-10-07T07:03:39.546328589Z","Action":"output","Package":"github.com/Hubujiu/WeaveOS/services/bff/cmd/bff","Test":"TestRootLifecycleHTTPSOldPreviewCannotApproveChangedInstance","Output":"=== RUN   TestRootLifecycleHTTPSOldPreviewCannotApproveChangedInstance\n","OutputType":"frame"}
{"Time":"2026-10-07T07:03:39.688323921Z","Action":"output","Package":"github.com/Hubujiu/WeaveOS/services/bff/cmd/bff","Test":"TestRootLifecycleHTTPSOldPreviewCannotApproveChangedInstance","Output":"--- PASS: TestRootLifecycleHTTPSOldPreviewCannotApproveChangedInstance (0.14s)\n","OutputType":"frame"}
{"Time":"2026-10-07T07:03:39.68848911Z","Action":"pass","Package":"github.com/Hubujiu/WeaveOS/services/bff/cmd/bff","Test":"TestRootLifecycleHTTPSOldPreviewCannotApproveChangedInstance","Elapsed":0.14}
{"Time":"2026-10-07T07:03:39.688565455Z","Action":"run","Package":"github.com/Hubujiu/WeaveOS/services/bff/cmd/bff","Test":"TestRootWorkflowReadHTTPSCurrentSummaryAndClosedProjection"}
{"Time":"2026-10-07T07:03:39.688570422Z","Action":"output","Package":"github.com/Hubujiu/WeaveOS/services/bff/cmd/bff","Test":"TestRootWorkflowReadHTTPSCurrentSummaryAndClosedProjection","Output":"=== RUN   TestRootWorkflowReadHTTPSCurrentSummaryAndClosedProjection\n","OutputType":"frame"}
{"Time":"2026-10-07T07:03:39.818562766Z","Action":"output","Package":"github.com/Hubujiu/WeaveOS/services/bff/cmd/bff","Test":"TestRootWorkflowReadHTTPSCurrentSummaryAndClosedProjection","Output":"--- PASS: TestRootWorkflowReadHTTPSCurrentSummaryAndClosedProjection (0.13s)\n","OutputType":"frame"}
{"Time":"2026-10-07T07:03:39.818599331Z","Action":"pass","Package":"github.com/Hubujiu/WeaveOS/services/bff/cmd/bff","Test":"TestRootWorkflowReadHTTPSCurrentSummaryAndClosedProjection","Elapsed":0.13}
{"Time":"2026-10-07T07:03:39.818610387Z","Action":"run","Package":"github.com/Hubujiu/WeaveOS/services/bff/cmd/bff","Test":"TestRootWorkflowReadHTTPSClosedBody"}
{"Time":"2026-10-07T07:03:39.818613352Z","Action":"output","Package":"github.com/Hubujiu/WeaveOS/services/bff/cmd/bff","Test":"TestRootWorkflowReadHTTPSClosedBody","Output":"=== RUN   TestRootWorkflowReadHTTPSClosedBody\n","OutputType":"frame"}
{"Time":"2026-10-07T07:03:39.960562124Z","Action":"output","Package":"github.com/Hubujiu/WeaveOS/services/bff/cmd/bff","Test":"TestRootWorkflowReadHTTPSClosedBody","Output":"--- PASS: TestRootWorkflowReadHTTPSClosedBody (0.14s)\n","OutputType":"frame"}
{"Time":"2026-10-07T07:03:39.960606631Z","Action":"pass","Package":"github.com/Hubujiu/WeaveOS/services/bff/cmd/bff","Test":"TestRootWorkflowReadHTTPSClosedBody","Elapsed":0.14}
{"Time":"2026-10-07T07:03:39.961059312Z","Action":"run","Package":"github.com/Hubujiu/WeaveOS/services/bff/cmd/bff","Test":"TestRootWorkflowReadHTTPSIdentityAndCSRFAreRequired"}
{"Time":"2026-10-07T07:03:39.961063548Z","Action":"output","Package":"github.com/Hubujiu/WeaveOS/services/bff/cmd/bff","Test":"TestRootWorkflowReadHTTPSIdentityAndCSRFAreRequired","Output":"=== RUN   TestRootWorkflowReadHTTPSIdentityAndCSRFAreRequired\n","OutputType":"frame"}
{"Time":"2026-10-07T07:03:40.149390381Z","Action":"output","Package":"github.com/Hubujiu/WeaveOS/services/bff/cmd/bff","Test":"TestRootWorkflowReadHTTPSIdentityAndCSRFAreRequired","Output":"--- PASS: TestRootWorkflowReadHTTPSIdentityAndCSRFAreRequired (0.19s)\n","OutputType":"frame"}
{"Time":"2026-10-07T07:03:40.149430321Z","Action":"pass","Package":"github.com/Hubujiu/WeaveOS/services/bff/cmd/bff","Test":"TestRootWorkflowReadHTTPSIdentityAndCSRFAreRequired","Elapsed":0.19}
{"Time":"2026-10-07T07:03:40.149441348Z","Action":"run","Package":"github.com/Hubujiu/WeaveOS/services/bff/cmd/bff","Test":"TestRootWorkflowReadHTTPSChangedSummaryRequiresRefresh"}
{"Time":"2026-10-07T07:03:40.149443632Z","Action":"output","Package":"github.com/Hubujiu/WeaveOS/services/bff/cmd/bff","Test":"TestRootWorkflowReadHTTPSChangedSummaryRequiresRefresh","Output":"=== RUN   TestRootWorkflowReadHTTPSChangedSummaryRequiresRefresh\n","OutputType":"frame"}
{"Time":"2026-10-07T07:03:40.327441124Z","Action":"output","Package":"github.com/Hubujiu/WeaveOS/services/bff/cmd/bff","Test":"TestRootWorkflowReadHTTPSChangedSummaryRequiresRefresh","Output":"--- PASS: TestRootWorkflowReadHTTPSChangedSummaryRequiresRefresh (0.18s)\n","OutputType":"frame"}
{"Time":"2026-10-07T07:03:40.327519822Z","Action":"pass","Package":"github.com/Hubujiu/WeaveOS/services/bff/cmd/bff","Test":"TestRootWorkflowReadHTTPSChangedSummaryRequiresRefresh","Elapsed":0.18}
{"Time":"2026-10-07T07:03:40.327645551Z","Action":"run","Package":"github.com/Hubujiu/WeaveOS/services/bff/cmd/bff","Test":"TestRootWorkflowSaveHTTPRealHostSaveAndGenericReceipt"}
{"Time":"2026-10-07T07:03:40.327652081Z","Action":"output","Package":"github.com/Hubujiu/WeaveOS/services/bff/cmd/bff","Test":"TestRootWorkflowSaveHTTPRealHostSaveAndGenericReceipt","Output":"=== RUN   TestRootWorkflowSaveHTTPRealHostSaveAndGenericReceipt\n","OutputType":"frame"}
{"Time":"2026-10-07T07:03:40.528139749Z","Action":"output","Package":"github.com/Hubujiu/WeaveOS/services/bff/cmd/bff","Test":"TestRootWorkflowSaveHTTPRealHostSaveAndGenericReceipt","Output":"--- PASS: TestRootWorkflowSaveHTTPRealHostSaveAndGenericReceipt (0.20s)\n","OutputType":"frame"}
{"Time":"2026-10-07T07:03:40.528176375Z","Action":"pass","Package":"github.com/Hubujiu/WeaveOS/services/bff/cmd/bff","Test":"TestRootWorkflowSaveHTTPRealHostSaveAndGenericReceipt","Elapsed":0.2}
{"Time":"2026-10-07T07:03:40.528185709Z","Action":"run","Package":"github.com/Hubujiu/WeaveOS/services/bff/cmd/bff","Test":"TestRootWorkflowSaveHTTPPreservesSessionCSRFAndActorBoundaries"}
{"Time":"2026-10-07T07:03:40.528188563Z","Action":"output","Package":"github.com/Hubujiu/WeaveOS/services/bff/cmd/bff","Test":"TestRootWorkflowSaveHTTPPreservesSessionCSRFAndActorBoundaries","Output":"=== RUN   TestRootWorkflowSaveHTTPPreservesSessionCSRFAndActorBoundaries\n","OutputType":"frame"}
{"Time":"2026-10-07T07:03:40.68108438Z","Action":"run","Package":"github.com/Hubujiu/WeaveOS/services/bff/cmd/bff","Test":"TestRootWorkflowSaveHTTPPreservesSessionCSRFAndActorBoundaries/session"}
{"Time":"2026-10-07T07:03:40.68111757Z","Action":"output","Package":"github.com/Hubujiu/WeaveOS/services/bff/cmd/bff","Test":"TestRootWorkflowSaveHTTPPreservesSessionCSRFAndActorBoundaries/session","Output":"=== RUN   TestRootWorkflowSaveHTTPPreservesSessionCSRFAndActorBoundaries/session\n","OutputType":"frame"}
{"Time":"2026-10-07T07:03:40.682362653Z","Action":"output","Package":"github.com/Hubujiu/WeaveOS/services/bff/cmd/bff","Test":"TestRootWorkflowSaveHTTPPreservesSessionCSRFAndActorBoundaries/session","Output":"--- PASS: TestRootWorkflowSaveHTTPPreservesSessionCSRFAndActorBoundaries/session (0.00s)\n","OutputType":"frame"}
{"Time":"2026-10-07T07:03:40.682377165Z","Action":"pass","Package":"github.com/Hubujiu/WeaveOS/services/bff/cmd/bff","Test":"TestRootWorkflowSaveHTTPPreservesSessionCSRFAndActorBoundaries/session","Elapsed":0}
{"Time":"2026-10-07T07:03:40.682385398Z","Action":"run","Package":"github.com/Hubujiu/WeaveOS/services/bff/cmd/bff","Test":"TestRootWorkflowSaveHTTPPreservesSessionCSRFAndActorBoundaries/csrf"}
{"Time":"2026-10-07T07:03:40.682387601Z","Action":"output","Package":"github.com/Hubujiu/WeaveOS/services/bff/cmd/bff","Test":"TestRootWorkflowSaveHTTPPreservesSessionCSRFAndActorBoundaries/csrf","Output":"=== RUN   TestRootWorkflowSaveHTTPPreservesSessionCSRFAndActorBoundaries/csrf\n","OutputType":"frame"}
{"Time":"2026-10-07T07:03:40.683902009Z","Action":"output","Package":"github.com/Hubujiu/WeaveOS/services/bff/cmd/bff","Test":"TestRootWorkflowSaveHTTPPreservesSessionCSRFAndActorBoundaries/csrf","Output":"--- PASS: TestRootWorkflowSaveHTTPPreservesSessionCSRFAndActorBoundaries/csrf (0.00s)\n","OutputType":"frame"}
{"Time":"2026-10-07T07:03:40.683997062Z","Action":"pass","Package":"github.com/Hubujiu/WeaveOS/services/bff/cmd/bff","Test":"TestRootWorkflowSaveHTTPPreservesSessionCSRFAndActorBoundaries/csrf","Elapsed":0}
{"Time":"2026-10-07T07:03:40.684047909Z","Action":"run","Package":"github.com/Hubujiu/WeaveOS/services/bff/cmd/bff","Test":"TestRootWorkflowSaveHTTPPreservesSessionCSRFAndActorBoundaries/origin"}
{"Time":"2026-10-07T07:03:40.684050963Z","Action":"output","Package":"github.com/Hubujiu/WeaveOS/services/bff/cmd/bff","Test":"TestRootWorkflowSaveHTTPPreservesSessionCSRFAndActorBoundaries/origin","Output":"=== RUN   TestRootWorkflowSaveHTTPPreservesSessionCSRFAndActorBoundaries/origin\n","OutputType":"frame"}
{"Time":"2026-10-07T07:03:40.685413143Z","Action":"output","Package":"github.com/Hubujiu/WeaveOS/services/bff/cmd/bff","Test":"TestRootWorkflowSaveHTTPPreservesSessionCSRFAndActorBoundaries/origin","Output":"--- PASS: TestRootWorkflowSaveHTTPPreservesSessionCSRFAndActorBoundaries/origin (0.00s)\n","OutputType":"frame"}
{"Time":"2026-10-07T07:03:40.685451661Z","Action":"pass","Package":"github.com/Hubujiu/WeaveOS/services/bff/cmd/bff","Test":"TestRootWorkflowSaveHTTPPreservesSessionCSRFAndActorBoundaries/origin","Elapsed":0}
{"Time":"2026-10-07T07:03:40.685487284Z","Action":"run","Package":"github.com/Hubujiu/WeaveOS/services/bff/cmd/bff","Test":"TestRootWorkflowSaveHTTPPreservesSessionCSRFAndActorBoundaries/actor"}
{"Time":"2026-10-07T07:03:40.685489608Z","Action":"output","Package":"github.com/Hubujiu/WeaveOS/services/bff/cmd/bff","Test":"TestRootWorkflowSaveHTTPPreservesSessionCSRFAndActorBoundaries/actor","Output":"=== RUN   TestRootWorkflowSaveHTTPPreservesSessionCSRFAndActorBoundaries/actor\n","OutputType":"frame"}
{"Time":"2026-10-07T07:03:40.686849844Z","Action":"output","Package":"github.com/Hubujiu/WeaveOS/services/bff/cmd/bff","Test":"TestRootWorkflowSaveHTTPPreservesSessionCSRFAndActorBoundaries/actor","Output":"--- PASS: TestRootWorkflowSaveHTTPPreservesSessionCSRFAndActorBoundaries/actor (0.00s)\n","OutputType":"frame"}
{"Time":"2026-10-07T07:03:40.686891557Z","Action":"pass","Package":"github.com/Hubujiu/WeaveOS/services/bff/cmd/bff","Test":"TestRootWorkflowSaveHTTPPreservesSessionCSRFAndActorBoundaries/actor","Elapsed":0}
{"Time":"2026-10-07T07:03:40.691400892Z","Action":"output","Package":"github.com/Hubujiu/WeaveOS/services/bff/cmd/bff","Test":"TestRootWorkflowSaveHTTPPreservesSessionCSRFAndActorBoundaries","Output":"--- PASS: TestRootWorkflowSaveHTTPPreservesSessionCSRFAndActorBoundaries (0.16s)\n","OutputType":"frame"}
{"Time":"2026-10-07T07:03:40.69144609Z","Action":"pass","Package":"github.com/Hubujiu/WeaveOS/services/bff/cmd/bff","Test":"TestRootWorkflowSaveHTTPPreservesSessionCSRFAndActorBoundaries","Elapsed":0.16}
{"Time":"2026-10-07T07:03:40.691486601Z","Action":"run","Package":"github.com/Hubujiu/WeaveOS/services/bff/cmd/bff","Test":"TestRootWorkflowSaveHTTPClosedBodyAndNonemptyChanges"}
{"Time":"2026-10-07T07:03:40.691489034Z","Action":"output","Package":"github.com/Hubujiu/WeaveOS/services/bff/cmd/bff","Test":"TestRootWorkflowSaveHTTPClosedBodyAndNonemptyChanges","Output":"=== RUN   TestRootWorkflowSaveHTTPClosedBodyAndNonemptyChanges\n","OutputType":"frame"}
{"Time":"2026-10-07T07:03:40.834543078Z","Action":"run","Package":"github.com/Hubujiu/WeaveOS/services/bff/cmd/bff","Test":"TestRootWorkflowSaveHTTPClosedBodyAndNonemptyChanges/unknown"}
{"Time":"2026-10-07T07:03:40.834578001Z","Action":"output","Package":"github.com/Hubujiu/WeaveOS/services/bff/cmd/bff","Test":"TestRootWorkflowSaveHTTPClosedBodyAndNonemptyChanges/unknown","Output":"=== RUN   TestRootWorkflowSaveHTTPClosedBodyAndNonemptyChanges/unknown\n","OutputType":"frame"}
{"Time":"2026-10-07T07:03:40.83598618Z","Action":"output","Package":"github.com/Hubujiu/WeaveOS/services/bff/cmd/bff","Test":"TestRootWorkflowSaveHTTPClosedBodyAndNonemptyChanges/unknown","Output":"--- PASS: TestRootWorkflowSaveHTTPClosedBodyAndNonemptyChanges/unknown (0.00s)\n","OutputType":"frame"}
{"Time":"2026-10-07T07:03:40.836000371Z","Action":"pass","Package":"github.com/Hubujiu/WeaveOS/services/bff/cmd/bff","Test":"TestRootWorkflowSaveHTTPClosedBodyAndNonemptyChanges/unknown","Elapsed":0}
{"Time":"2026-10-07T07:03:40.836012369Z","Action":"run","Package":"github.com/Hubujiu/WeaveOS/services/bff/cmd/bff","Test":"TestRootWorkflowSaveHTTPClosedBodyAndNonemptyChanges/duplicate-operation"}
{"Time":"2026-10-07T07:03:40.836015714Z","Action":"output","Package":"github.com/Hubujiu/WeaveOS/services/bff/cmd/bff","Test":"TestRootWorkflowSaveHTTPClosedBodyAndNonemptyChanges/duplicate-operation","Output":"=== RUN   TestRootWorkflowSaveHTTPClosedBodyAndNonemptyChanges/duplicate-operation\n","OutputType":"frame"}
{"Time":"2026-10-07T07:03:40.83732921Z","Action":"output","Package":"github.com/Hubujiu/WeaveOS/services/bff/cmd/bff","Test":"TestRootWorkflowSaveHTTPClosedBodyAndNonemptyChanges/duplicate-operation","Output":"--- PASS: TestRootWorkflowSaveHTTPClosedBodyAndNonemptyChanges/duplicate-operation (0.00s)\n","OutputType":"frame"}
{"Time":"2026-10-07T07:03:40.837340718Z","Action":"pass","Package":"github.com/Hubujiu/WeaveOS/services/bff/cmd/bff","Test":"TestRootWorkflowSaveHTTPClosedBodyAndNonemptyChanges/duplicate-operation","Elapsed":0}
{"Time":"2026-10-07T07:03:40.837363071Z","Action":"run","Package":"github.com/Hubujiu/WeaveOS/services/bff/cmd/bff","Test":"TestRootWorkflowSaveHTTPClosedBodyAndNonemptyChanges/empty"}
{"Time":"2026-10-07T07:03:40.837365876Z","Action":"output","Package":"github.com/Hubujiu/WeaveOS/services/bff/cmd/bff","Test":"TestRootWorkflowSaveHTTPClosedBodyAndNonemptyChanges/empty","Output":"=== RUN   TestRootWorkflowSaveHTTPClosedBodyAndNonemptyChanges/empty\n","OutputType":"frame"}
{"Time":"2026-10-07T07:03:40.838725431Z","Action":"output","Package":"github.com/Hubujiu/WeaveOS/services/bff/cmd/bff","Test":"TestRootWorkflowSaveHTTPClosedBodyAndNonemptyChanges/empty","Output":"--- PASS: TestRootWorkflowSaveHTTPClosedBodyAndNonemptyChanges/empty (0.00s)\n","OutputType":"frame"}
{"Time":"2026-10-07T07:03:40.838754034Z","Action":"pass","Package":"github.com/Hubujiu/WeaveOS/services/bff/cmd/bff","Test":"TestRootWorkflowSaveHTTPClosedBodyAndNonemptyChanges/empty","Elapsed":0}
{"Time":"2026-10-07T07:03:40.838778261Z","Action":"run","Package":"github.com/Hubujiu/WeaveOS/services/bff/cmd/bff","Test":"TestRootWorkflowSaveHTTPClosedBodyAndNonemptyChanges/null"}
{"Time":"2026-10-07T07:03:40.838781946Z","Action":"output","Package":"github.com/Hubujiu/WeaveOS/services/bff/cmd/bff","Test":"TestRootWorkflowSaveHTTPClosedBodyAndNonemptyChanges/null","Output":"=== RUN   TestRootWorkflowSaveHTTPClosedBodyAndNonemptyChanges/null\n","OutputType":"frame"}
{"Time":"2026-10-07T07:03:40.840384577Z","Action":"output","Package":"github.com/Hubujiu/WeaveOS/services/bff/cmd/bff","Test":"TestRootWorkflowSaveHTTPClosedBodyAndNonemptyChanges/null","Output":"--- PASS: TestRootWorkflowSaveHTTPClosedBodyAndNonemptyChanges/null (0.00s)\n","OutputType":"frame"}
{"Time":"2026-10-07T07:03:40.840396595Z","Action":"pass","Package":"github.com/Hubujiu/WeaveOS/services/bff/cmd/bff","Test":"TestRootWorkflowSaveHTTPClosedBodyAndNonemptyChanges/null","Elapsed":0}
{"Time":"2026-10-07T07:03:40.840400551Z","Action":"run","Package":"github.com/Hubujiu/WeaveOS/services/bff/cmd/bff","Test":"TestRootWorkflowSaveHTTPClosedBodyAndNonemptyChanges/number"}
{"Time":"2026-10-07T07:03:40.840404628Z","Action":"output","Package":"github.com/Hubujiu/WeaveOS/services/bff/cmd/bff","Test":"TestRootWorkflowSaveHTTPClosedBodyAndNonemptyChanges/number","Output":"=== RUN   TestRootWorkflowSaveHTTPClosedBodyAndNonemptyChanges/number\n","OutputType":"frame"}
{"Time":"2026-10-07T07:03:40.841616901Z","Action":"output","Package":"github.com/Hubujiu/WeaveOS/services/bff/cmd/bff","Test":"TestRootWorkflowSaveHTTPClosedBodyAndNonemptyChanges/number","Output":"--- PASS: TestRootWorkflowSaveHTTPClosedBodyAndNonemptyChanges/number (0.00s)\n","OutputType":"frame"}
{"Time":"2026-10-07T07:03:40.841643051Z","Action":"pass","Package":"github.com/Hubujiu/WeaveOS/services/bff/cmd/bff","Test":"TestRootWorkflowSaveHTTPClosedBodyAndNonemptyChanges/number","Elapsed":0}
{"Time":"2026-10-07T07:03:40.841652855Z","Action":"run","Package":"github.com/Hubujiu/WeaveOS/services/bff/cmd/bff","Test":"TestRootWorkflowSaveHTTPClosedBodyAndNonemptyChanges/duplicate-field"}
{"Time":"2026-10-07T07:03:40.841656882Z","Action":"output","Package":"github.com/Hubujiu/WeaveOS/services/bff/cmd/bff","Test":"TestRootWorkflowSaveHTTPClosedBodyAndNonemptyChanges/duplicate-field","Output":"=== RUN   TestRootWorkflowSaveHTTPClosedBodyAndNonemptyChanges/duplicate-field\n","OutputType":"frame"}
{"Time":"2026-10-07T07:03:40.843008245Z","Action":"output","Package":"github.com/Hubujiu/WeaveOS/services/bff/cmd/bff","Test":"TestRootWorkflowSaveHTTPClosedBodyAndNonemptyChanges/duplicate-field","Output":"--- PASS: TestRootWorkflowSaveHTTPClosedBodyAndNonemptyChanges/duplicate-field (0.00s)\n","OutputType":"frame"}
{"Time":"2026-10-07T07:03:40.843020403Z","Action":"pass","Package":"github.com/Hubujiu/WeaveOS/services/bff/cmd/bff","Test":"TestRootWorkflowSaveHTTPClosedBodyAndNonemptyChanges/duplicate-field","Elapsed":0}
{"Time":"2026-10-07T07:03:40.843047424Z","Action":"run","Package":"github.com/Hubujiu/WeaveOS/services/bff/cmd/bff","Test":"TestRootWorkflowSaveHTTPClosedBodyAndNonemptyChanges/extra-query"}
{"Time":"2026-10-07T07:03:40.843051339Z","Action":"output","Package":"github.com/Hubujiu/WeaveOS/services/bff/cmd/bff","Test":"TestRootWorkflowSaveHTTPClosedBodyAndNonemptyChanges/extra-query","Output":"=== RUN   TestRootWorkflowSaveHTTPClosedBodyAndNonemptyChanges/extra-query\n","OutputType":"frame"}
{"Time":"2026-10-07T07:03:40.844171905Z","Action":"output","Package":"github.com/Hubujiu/WeaveOS/services/bff/cmd/bff","Test":"TestRootWorkflowSaveHTTPClosedBodyAndNonemptyChanges/extra-query","Output":"--- PASS: TestRootWorkflowSaveHTTPClosedBodyAndNonemptyChanges/extra-query (0.00s)\n","OutputType":"frame"}
{"Time":"2026-10-07T07:03:40.844183132Z","Action":"pass","Package":"github.com/Hubujiu/WeaveOS/services/bff/cmd/bff","Test":"TestRootWorkflowSaveHTTPClosedBodyAndNonemptyChanges/extra-query","Elapsed":0}
{"Time":"2026-10-07T07:03:40.847815257Z","Action":"output","Package":"github.com/Hubujiu/WeaveOS/services/bff/cmd/bff","Test":"TestRootWorkflowSaveHTTPClosedBodyAndNonemptyChanges","Output":"--- PASS: TestRootWorkflowSaveHTTPClosedBodyAndNonemptyChanges (0.16s)\n","OutputType":"frame"}
{"Time":"2026-10-07T07:03:40.847829989Z","Action":"pass","Package":"github.com/Hubujiu/WeaveOS/services/bff/cmd/bff","Test":"TestRootWorkflowSaveHTTPClosedBodyAndNonemptyChanges","Elapsed":0.16}
{"Time":"2026-10-07T07:03:40.847841466Z","Action":"run","Package":"github.com/Hubujiu/WeaveOS/services/bff/cmd/bff","Test":"TestRootWorkflowSaveHTTPReadonlyApprovalNodeDenied"}
{"Time":"2026-10-07T07:03:40.847845192Z","Action":"output","Package":"github.com/Hubujiu/WeaveOS/services/bff/cmd/bff","Test":"TestRootWorkflowSaveHTTPReadonlyApprovalNodeDenied","Output":"=== RUN   TestRootWorkflowSaveHTTPReadonlyApprovalNodeDenied\n","OutputType":"frame"}
{"Time":"2026-10-07T07:03:40.994859075Z","Action":"output","Package":"github.com/Hubujiu/WeaveOS/services/bff/cmd/bff","Test":"TestRootWorkflowSaveHTTPReadonlyApprovalNodeDenied","Output":"--- PASS: TestRootWorkflowSaveHTTPReadonlyApprovalNodeDenied (0.15s)\n","OutputType":"frame"}
{"Time":"2026-10-07T07:03:40.994901328Z","Action":"pass","Package":"github.com/Hubujiu/WeaveOS/services/bff/cmd/bff","Test":"TestRootWorkflowSaveHTTPReadonlyApprovalNodeDenied","Elapsed":0.15}
{"Time":"2026-10-07T07:03:40.994914628Z","Action":"output","Package":"github.com/Hubujiu/WeaveOS/services/bff/cmd/bff","Output":"PASS\n","OutputType":"frame"}
{"Time":"2026-10-07T07:03:41.997741255Z","Action":"output","Package":"github.com/Hubujiu/WeaveOS/services/bff/cmd/bff","Output":"ok  \tgithub.com/Hubujiu/WeaveOS/services/bff/cmd/bff\t3.094s\n"}
{"Time":"2026-10-07T07:03:41.997838101Z","Action":"pass","Package":"github.com/Hubujiu/WeaveOS/services/bff/cmd/bff","Elapsed":3.095}
