{"Time":"2026-10-07T12:31:07.57520856Z","Action":"start","Package":"github.com/Hubujiu/WeaveOS/services/bff/internal/auth"}
{"Time":"2026-10-07T12:31:07.590759997Z","Action":"run","Package":"github.com/Hubujiu/WeaveOS/services/bff/internal/auth","Test":"TestUncertainCommitNeverClaimsSuccess"}
{"Time":"2026-10-07T12:31:07.59097939Z","Action":"output","Package":"github.com/Hubujiu/WeaveOS/services/bff/internal/auth","Test":"TestUncertainCommitNeverClaimsSuccess","Output":"=== RUN   TestUncertainCommitNeverClaimsSuccess\n","OutputType":"frame"}
{"Time":"2026-10-07T12:31:07.591023004Z","Action":"run","Package":"github.com/Hubujiu/WeaveOS/services/bff/internal/auth","Test":"TestUncertainCommitNeverClaimsSuccess/invitation"}
{"Time":"2026-10-07T12:31:07.591028069Z","Action":"output","Package":"github.com/Hubujiu/WeaveOS/services/bff/internal/auth","Test":"TestUncertainCommitNeverClaimsSuccess/invitation","Output":"=== RUN   TestUncertainCommitNeverClaimsSuccess/invitation\n","OutputType":"frame"}
{"Time":"2026-10-07T12:31:08.044126015Z","Action":"output","Package":"github.com/Hubujiu/WeaveOS/services/bff/internal/auth","Test":"TestUncertainCommitNeverClaimsSuccess/invitation","Output":"--- PASS: TestUncertainCommitNeverClaimsSuccess/invitation (0.45s)\n","OutputType":"frame"}
{"Time":"2026-10-07T12:31:08.044184017Z","Action":"pass","Package":"github.com/Hubujiu/WeaveOS/services/bff/internal/auth","Test":"TestUncertainCommitNeverClaimsSuccess/invitation","Elapsed":0.45}
{"Time":"2026-10-07T12:31:08.04441285Z","Action":"run","Package":"github.com/Hubujiu/WeaveOS/services/bff/internal/auth","Test":"TestUncertainCommitNeverClaimsSuccess/reset"}
{"Time":"2026-10-07T12:31:08.044417869Z","Action":"output","Package":"github.com/Hubujiu/WeaveOS/services/bff/internal/auth","Test":"TestUncertainCommitNeverClaimsSuccess/reset","Output":"=== RUN   TestUncertainCommitNeverClaimsSuccess/reset\n","OutputType":"frame"}
{"Time":"2026-10-07T12:31:08.458830413Z","Action":"output","Package":"github.com/Hubujiu/WeaveOS/services/bff/internal/auth","Test":"TestUncertainCommitNeverClaimsSuccess/reset","Output":"--- PASS: TestUncertainCommitNeverClaimsSuccess/reset (0.41s)\n","OutputType":"frame"}
{"Time":"2026-10-07T12:31:08.458888993Z","Action":"pass","Package":"github.com/Hubujiu/WeaveOS/services/bff/internal/auth","Test":"TestUncertainCommitNeverClaimsSuccess/reset","Elapsed":0.41}
{"Time":"2026-10-07T12:31:08.458901938Z","Action":"output","Package":"github.com/Hubujiu/WeaveOS/services/bff/internal/auth","Test":"TestUncertainCommitNeverClaimsSuccess","Output":"--- PASS: TestUncertainCommitNeverClaimsSuccess (0.87s)\n","OutputType":"frame"}
{"Time":"2026-10-07T12:31:08.458907179Z","Action":"pass","Package":"github.com/Hubujiu/WeaveOS/services/bff/internal/auth","Test":"TestUncertainCommitNeverClaimsSuccess","Elapsed":0.87}
{"Time":"2026-10-07T12:31:08.458911133Z","Action":"run","Package":"github.com/Hubujiu/WeaveOS/services/bff/internal/auth","Test":"TestApplicationRegistrationWithoutHTTP"}
{"Time":"2026-10-07T12:31:08.458915226Z","Action":"output","Package":"github.com/Hubujiu/WeaveOS/services/bff/internal/auth","Test":"TestApplicationRegistrationWithoutHTTP","Output":"=== RUN   TestApplicationRegistrationWithoutHTTP\n","OutputType":"frame"}
{"Time":"2026-10-07T12:31:08.91511656Z","Action":"output","Package":"github.com/Hubujiu/WeaveOS/services/bff/internal/auth","Test":"TestApplicationRegistrationWithoutHTTP","Output":"--- PASS: TestApplicationRegistrationWithoutHTTP (0.46s)\n","OutputType":"frame"}
{"Time":"2026-10-07T12:31:08.915164852Z","Action":"pass","Package":"github.com/Hubujiu/WeaveOS/services/bff/internal/auth","Test":"TestApplicationRegistrationWithoutHTTP","Elapsed":0.46}
{"Time":"2026-10-07T12:31:08.915178162Z","Action":"run","Package":"github.com/Hubujiu/WeaveOS/services/bff/internal/auth","Test":"TestApplicationLoginWithoutHTTP"}
{"Time":"2026-10-07T12:31:08.915180951Z","Action":"output","Package":"github.com/Hubujiu/WeaveOS/services/bff/internal/auth","Test":"TestApplicationLoginWithoutHTTP","Output":"=== RUN   TestApplicationLoginWithoutHTTP\n","OutputType":"frame"}
{"Time":"2026-10-07T12:31:09.195555767Z","Action":"output","Package":"github.com/Hubujiu/WeaveOS/services/bff/internal/auth","Test":"TestApplicationLoginWithoutHTTP","Output":"--- PASS: TestApplicationLoginWithoutHTTP (0.28s)\n","OutputType":"frame"}
{"Time":"2026-10-07T12:31:09.195616429Z","Action":"pass","Package":"github.com/Hubujiu/WeaveOS/services/bff/internal/auth","Test":"TestApplicationLoginWithoutHTTP","Elapsed":0.28}
{"Time":"2026-10-07T12:31:09.195631639Z","Action":"run","Package":"github.com/Hubujiu/WeaveOS/services/bff/internal/auth","Test":"TestApplicationInvitationWithoutHTTP"}
{"Time":"2026-10-07T12:31:09.195637426Z","Action":"output","Package":"github.com/Hubujiu/WeaveOS/services/bff/internal/auth","Test":"TestApplicationInvitationWithoutHTTP","Output":"=== RUN   TestApplicationInvitationWithoutHTTP\n","OutputType":"frame"}
{"Time":"2026-10-07T12:31:09.490398409Z","Action":"output","Package":"github.com/Hubujiu/WeaveOS/services/bff/internal/auth","Test":"TestApplicationInvitationWithoutHTTP","Output":"--- PASS: TestApplicationInvitationWithoutHTTP (0.29s)\n","OutputType":"frame"}
{"Time":"2026-10-07T12:31:09.490447355Z","Action":"pass","Package":"github.com/Hubujiu/WeaveOS/services/bff/internal/auth","Test":"TestApplicationInvitationWithoutHTTP","Elapsed":0.29}
{"Time":"2026-10-07T12:31:09.490486839Z","Action":"run","Package":"github.com/Hubujiu/WeaveOS/services/bff/internal/auth","Test":"TestApplicationPasswordResetWithoutHTTP"}
{"Time":"2026-10-07T12:31:09.490490396Z","Action":"output","Package":"github.com/Hubujiu/WeaveOS/services/bff/internal/auth","Test":"TestApplicationPasswordResetWithoutHTTP","Output":"=== RUN   TestApplicationPasswordResetWithoutHTTP\n","OutputType":"frame"}
{"Time":"2026-10-07T12:31:09.940917115Z","Action":"output","Package":"github.com/Hubujiu/WeaveOS/services/bff/internal/auth","Test":"TestApplicationPasswordResetWithoutHTTP","Output":"--- PASS: TestApplicationPasswordResetWithoutHTTP (0.45s)\n","OutputType":"frame"}
{"Time":"2026-10-07T12:31:09.940969147Z","Action":"pass","Package":"github.com/Hubujiu/WeaveOS/services/bff/internal/auth","Test":"TestApplicationPasswordResetWithoutHTTP","Elapsed":0.45}
{"Time":"2026-10-07T12:31:09.940978811Z","Action":"run","Package":"github.com/Hubujiu/WeaveOS/services/bff/internal/auth","Test":"TestHTTPFunctionsDoNotExecuteAuthenticationStorage"}
{"Time":"2026-10-07T12:31:09.940981109Z","Action":"output","Package":"github.com/Hubujiu/WeaveOS/services/bff/internal/auth","Test":"TestHTTPFunctionsDoNotExecuteAuthenticationStorage","Output":"=== RUN   TestHTTPFunctionsDoNotExecuteAuthenticationStorage\n","OutputType":"frame"}
{"Time":"2026-10-07T12:31:09.950252655Z","Action":"output","Package":"github.com/Hubujiu/WeaveOS/services/bff/internal/auth","Test":"TestHTTPFunctionsDoNotExecuteAuthenticationStorage","Output":"--- PASS: TestHTTPFunctionsDoNotExecuteAuthenticationStorage (0.01s)\n","OutputType":"frame"}
{"Time":"2026-10-07T12:31:09.950292237Z","Action":"pass","Package":"github.com/Hubujiu/WeaveOS/services/bff/internal/auth","Test":"TestHTTPFunctionsDoNotExecuteAuthenticationStorage","Elapsed":0.01}
{"Time":"2026-10-07T12:31:09.950305214Z","Action":"run","Package":"github.com/Hubujiu/WeaveOS/services/bff/internal/auth","Test":"TestAcceptedUnauthorizedChallengeAndPublicMessages"}
{"Time":"2026-10-07T12:31:09.950341995Z","Action":"output","Package":"github.com/Hubujiu/WeaveOS/services/bff/internal/auth","Test":"TestAcceptedUnauthorizedChallengeAndPublicMessages","Output":"=== RUN   TestAcceptedUnauthorizedChallengeAndPublicMessages\n","OutputType":"frame"}
{"Time":"2026-10-07T12:31:10.007172572Z","Action":"output","Package":"github.com/Hubujiu/WeaveOS/services/bff/internal/auth","Test":"TestAcceptedUnauthorizedChallengeAndPublicMessages","Output":"--- PASS: TestAcceptedUnauthorizedChallengeAndPublicMessages (0.06s)\n","OutputType":"frame"}
{"Time":"2026-10-07T12:31:10.008100159Z","Action":"pass","Package":"github.com/Hubujiu/WeaveOS/services/bff/internal/auth","Test":"TestAcceptedUnauthorizedChallengeAndPublicMessages","Elapsed":0.06}
{"Time":"2026-10-07T12:31:10.008145972Z","Action":"run","Package":"github.com/Hubujiu/WeaveOS/services/bff/internal/auth","Test":"TestCommittedWriteSurvivesRenewalFailure"}
{"Time":"2026-10-07T12:31:10.008154588Z","Action":"output","Package":"github.com/Hubujiu/WeaveOS/services/bff/internal/auth","Test":"TestCommittedWriteSurvivesRenewalFailure","Output":"=== RUN   TestCommittedWriteSurvivesRenewalFailure\n","OutputType":"frame"}
{"Time":"2026-10-07T12:31:10.008163291Z","Action":"run","Package":"github.com/Hubujiu/WeaveOS/services/bff/internal/auth","Test":"TestCommittedWriteSurvivesRenewalFailure/invitation/revoked"}
{"Time":"2026-10-07T12:31:10.008166507Z","Action":"output","Package":"github.com/Hubujiu/WeaveOS/services/bff/internal/auth","Test":"TestCommittedWriteSurvivesRenewalFailure/invitation/revoked","Output":"=== RUN   TestCommittedWriteSurvivesRenewalFailure/invitation/revoked\n","OutputType":"frame"}
{"Time":"2026-10-07T12:31:10.397581845Z","Action":"output","Package":"github.com/Hubujiu/WeaveOS/services/bff/internal/auth","Test":"TestCommittedWriteSurvivesRenewalFailure/invitation/revoked","Output":"--- PASS: TestCommittedWriteSurvivesRenewalFailure/invitation/revoked (0.39s)\n","OutputType":"frame"}
{"Time":"2026-10-07T12:31:10.397633842Z","Action":"pass","Package":"github.com/Hubujiu/WeaveOS/services/bff/internal/auth","Test":"TestCommittedWriteSurvivesRenewalFailure/invitation/revoked","Elapsed":0.39}
{"Time":"2026-10-07T12:31:10.397641469Z","Action":"run","Package":"github.com/Hubujiu/WeaveOS/services/bff/internal/auth","Test":"TestCommittedWriteSurvivesRenewalFailure/invitation/disconnected"}
{"Time":"2026-10-07T12:31:10.397644074Z","Action":"output","Package":"github.com/Hubujiu/WeaveOS/services/bff/internal/auth","Test":"TestCommittedWriteSurvivesRenewalFailure/invitation/disconnected","Output":"=== RUN   TestCommittedWriteSurvivesRenewalFailure/invitation/disconnected\n","OutputType":"frame"}
{"Time":"2026-10-07T12:31:10.76211251Z","Action":"output","Package":"github.com/Hubujiu/WeaveOS/services/bff/internal/auth","Test":"TestCommittedWriteSurvivesRenewalFailure/invitation/disconnected","Output":"redis: 2026/10/07 12:31:10 pool.go:762: redis: connection pool: failed to dial after 1 attempts: dial tcp 127.0.0.1:40031: connect: connection refused\n"}
{"Time":"2026-10-07T12:31:10.764354321Z","Action":"output","Package":"github.com/Hubujiu/WeaveOS/services/bff/internal/auth","Test":"TestCommittedWriteSurvivesRenewalFailure/invitation/disconnected","Output":"redis: 2026/10/07 12:31:10 pool.go:762: redis: connection pool: failed to dial after 1 attempts: dial tcp 127.0.0.1:40031: connect: connection refused\n"}
{"Time":"2026-10-07T12:31:10.765015936Z","Action":"output","Package":"github.com/Hubujiu/WeaveOS/services/bff/internal/auth","Test":"TestCommittedWriteSurvivesRenewalFailure/invitation/disconnected","Output":"--- PASS: TestCommittedWriteSurvivesRenewalFailure/invitation/disconnected (0.37s)\n","OutputType":"frame"}
{"Time":"2026-10-07T12:31:10.765042593Z","Action":"pass","Package":"github.com/Hubujiu/WeaveOS/services/bff/internal/auth","Test":"TestCommittedWriteSurvivesRenewalFailure/invitation/disconnected","Elapsed":0.37}
{"Time":"2026-10-07T12:31:10.765061599Z","Action":"run","Package":"github.com/Hubujiu/WeaveOS/services/bff/internal/auth","Test":"TestCommittedWriteSurvivesRenewalFailure/reset/revoked"}
{"Time":"2026-10-07T12:31:10.7650668Z","Action":"output","Package":"github.com/Hubujiu/WeaveOS/services/bff/internal/auth","Test":"TestCommittedWriteSurvivesRenewalFailure/reset/revoked","Output":"=== RUN   TestCommittedWriteSurvivesRenewalFailure/reset/revoked\n","OutputType":"frame"}
{"Time":"2026-10-07T12:31:11.354036315Z","Action":"output","Package":"github.com/Hubujiu/WeaveOS/services/bff/internal/auth","Test":"TestCommittedWriteSurvivesRenewalFailure/reset/revoked","Output":"--- PASS: TestCommittedWriteSurvivesRenewalFailure/reset/revoked (0.59s)\n","OutputType":"frame"}
{"Time":"2026-10-07T12:31:11.354092638Z","Action":"pass","Package":"github.com/Hubujiu/WeaveOS/services/bff/internal/auth","Test":"TestCommittedWriteSurvivesRenewalFailure/reset/revoked","Elapsed":0.59}
{"Time":"2026-10-07T12:31:11.354113707Z","Action":"run","Package":"github.com/Hubujiu/WeaveOS/services/bff/internal/auth","Test":"TestCommittedWriteSurvivesRenewalFailure/reset/disconnected"}
{"Time":"2026-10-07T12:31:11.354117278Z","Action":"output","Package":"github.com/Hubujiu/WeaveOS/services/bff/internal/auth","Test":"TestCommittedWriteSurvivesRenewalFailure/reset/disconnected","Output":"=== RUN   TestCommittedWriteSurvivesRenewalFailure/reset/disconnected\n","OutputType":"frame"}
{"Time":"2026-10-07T12:31:11.931348068Z","Action":"output","Package":"github.com/Hubujiu/WeaveOS/services/bff/internal/auth","Test":"TestCommittedWriteSurvivesRenewalFailure/reset/disconnected","Output":"redis: 2026/10/07 12:31:11 pool.go:762: redis: connection pool: failed to dial after 1 attempts: dial tcp 127.0.0.1:34845: connect: connection refused\n"}
{"Time":"2026-10-07T12:31:11.932860712Z","Action":"output","Package":"github.com/Hubujiu/WeaveOS/services/bff/internal/auth","Test":"TestCommittedWriteSurvivesRenewalFailure/reset/disconnected","Output":"redis: 2026/10/07 12:31:11 pool.go:762: redis: connection pool: failed to dial after 1 attempts: dial tcp 127.0.0.1:34845: connect: connection refused\n"}
{"Time":"2026-10-07T12:31:11.93409531Z","Action":"output","Package":"github.com/Hubujiu/WeaveOS/services/bff/internal/auth","Test":"TestCommittedWriteSurvivesRenewalFailure/reset/disconnected","Output":"--- PASS: TestCommittedWriteSurvivesRenewalFailure/reset/disconnected (0.58s)\n","OutputType":"frame"}
{"Time":"2026-10-07T12:31:11.934120933Z","Action":"pass","Package":"github.com/Hubujiu/WeaveOS/services/bff/internal/auth","Test":"TestCommittedWriteSurvivesRenewalFailure/reset/disconnected","Elapsed":0.58}
{"Time":"2026-10-07T12:31:11.934132713Z","Action":"output","Package":"github.com/Hubujiu/WeaveOS/services/bff/internal/auth","Test":"TestCommittedWriteSurvivesRenewalFailure","Output":"--- PASS: TestCommittedWriteSurvivesRenewalFailure (1.93s)\n","OutputType":"frame"}
{"Time":"2026-10-07T12:31:11.934137683Z","Action":"pass","Package":"github.com/Hubujiu/WeaveOS/services/bff/internal/auth","Test":"TestCommittedWriteSurvivesRenewalFailure","Elapsed":1.93}
{"Time":"2026-10-07T12:31:11.934148811Z","Action":"run","Package":"github.com/Hubujiu/WeaveOS/services/bff/internal/auth","Test":"TestPasswordPrintableASCII"}
{"Time":"2026-10-07T12:31:11.934153541Z","Action":"output","Package":"github.com/Hubujiu/WeaveOS/services/bff/internal/auth","Test":"TestPasswordPrintableASCII","Output":"=== RUN   TestPasswordPrintableASCII\n","OutputType":"frame"}
{"Time":"2026-10-07T12:31:11.934236906Z","Action":"output","Package":"github.com/Hubujiu/WeaveOS/services/bff/internal/auth","Test":"TestPasswordPrintableASCII","Output":"--- PASS: TestPasswordPrintableASCII (0.00s)\n","OutputType":"frame"}
{"Time":"2026-10-07T12:31:11.934243162Z","Action":"pass","Package":"github.com/Hubujiu/WeaveOS/services/bff/internal/auth","Test":"TestPasswordPrintableASCII","Elapsed":0}
{"Time":"2026-10-07T12:31:11.934251171Z","Action":"run","Package":"github.com/Hubujiu/WeaveOS/services/bff/internal/auth","Test":"TestRegistrationRejectsNonPrintableASCIIBeforeConsumingInvitation"}
{"Time":"2026-10-07T12:31:11.934254696Z","Action":"output","Package":"github.com/Hubujiu/WeaveOS/services/bff/internal/auth","Test":"TestRegistrationRejectsNonPrintableASCIIBeforeConsumingInvitation","Output":"=== RUN   TestRegistrationRejectsNonPrintableASCIIBeforeConsumingInvitation\n","OutputType":"frame"}
{"Time":"2026-10-07T12:31:12.730552063Z","Action":"output","Package":"github.com/Hubujiu/WeaveOS/services/bff/internal/auth","Test":"TestRegistrationRejectsNonPrintableASCIIBeforeConsumingInvitation","Output":"--- PASS: TestRegistrationRejectsNonPrintableASCIIBeforeConsumingInvitation (0.80s)\n","OutputType":"frame"}
{"Time":"2026-10-07T12:31:12.730618911Z","Action":"pass","Package":"github.com/Hubujiu/WeaveOS/services/bff/internal/auth","Test":"TestRegistrationRejectsNonPrintableASCIIBeforeConsumingInvitation","Elapsed":0.8}
{"Time":"2026-10-07T12:31:12.730646846Z","Action":"run","Package":"github.com/Hubujiu/WeaveOS/services/bff/internal/auth","Test":"TestPasswordPolicy"}
{"Time":"2026-10-07T12:31:12.730650297Z","Action":"output","Package":"github.com/Hubujiu/WeaveOS/services/bff/internal/auth","Test":"TestPasswordPolicy","Output":"=== RUN   TestPasswordPolicy\n","OutputType":"frame"}
{"Time":"2026-10-07T12:31:12.730657871Z","Action":"output","Package":"github.com/Hubujiu/WeaveOS/services/bff/internal/auth","Test":"TestPasswordPolicy","Output":"--- PASS: TestPasswordPolicy (0.00s)\n","OutputType":"frame"}
{"Time":"2026-10-07T12:31:12.730665328Z","Action":"pass","Package":"github.com/Hubujiu/WeaveOS/services/bff/internal/auth","Test":"TestPasswordPolicy","Elapsed":0}
{"Time":"2026-10-07T12:31:12.730671243Z","Action":"run","Package":"github.com/Hubujiu/WeaveOS/services/bff/internal/auth","Test":"TestPasswordHashIsSaltedAndVerifiable"}
{"Time":"2026-10-07T12:31:12.730673646Z","Action":"output","Package":"github.com/Hubujiu/WeaveOS/services/bff/internal/auth","Test":"TestPasswordHashIsSaltedAndVerifiable","Output":"=== RUN   TestPasswordHashIsSaltedAndVerifiable\n","OutputType":"frame"}
{"Time":"2026-10-07T12:31:13.087169011Z","Action":"output","Package":"github.com/Hubujiu/WeaveOS/services/bff/internal/auth","Test":"TestPasswordHashIsSaltedAndVerifiable","Output":"--- PASS: TestPasswordHashIsSaltedAndVerifiable (0.36s)\n","OutputType":"frame"}
{"Time":"2026-10-07T12:31:13.088208492Z","Action":"pass","Package":"github.com/Hubujiu/WeaveOS/services/bff/internal/auth","Test":"TestPasswordHashIsSaltedAndVerifiable","Elapsed":0.36}
{"Time":"2026-10-07T12:31:13.088292572Z","Action":"run","Package":"github.com/Hubujiu/WeaveOS/services/bff/internal/auth","Test":"TestVerifyIndependentPHCAndRejectMalformed"}
{"Time":"2026-10-07T12:31:13.088304342Z","Action":"output","Package":"github.com/Hubujiu/WeaveOS/services/bff/internal/auth","Test":"TestVerifyIndependentPHCAndRejectMalformed","Output":"=== RUN   TestVerifyIndependentPHCAndRejectMalformed\n","OutputType":"frame"}
{"Time":"2026-10-07T12:31:13.228251219Z","Action":"output","Package":"github.com/Hubujiu/WeaveOS/services/bff/internal/auth","Test":"TestVerifyIndependentPHCAndRejectMalformed","Output":"--- PASS: TestVerifyIndependentPHCAndRejectMalformed (0.14s)\n","OutputType":"frame"}
{"Time":"2026-10-07T12:31:13.228461214Z","Action":"pass","Package":"github.com/Hubujiu/WeaveOS/services/bff/internal/auth","Test":"TestVerifyIndependentPHCAndRejectMalformed","Elapsed":0.14}
{"Time":"2026-10-07T12:31:13.228469961Z","Action":"run","Package":"github.com/Hubujiu/WeaveOS/services/bff/internal/auth","Test":"TestInvitationUsesLivePersonnelQualificationInOwnedTransactionQ25"}
{"Time":"2026-10-07T12:31:13.228473213Z","Action":"output","Package":"github.com/Hubujiu/WeaveOS/services/bff/internal/auth","Test":"TestInvitationUsesLivePersonnelQualificationInOwnedTransactionQ25","Output":"=== RUN   TestInvitationUsesLivePersonnelQualificationInOwnedTransactionQ25\n","OutputType":"frame"}
{"Time":"2026-10-07T12:31:13.937181477Z","Action":"output","Package":"github.com/Hubujiu/WeaveOS/services/bff/internal/auth","Test":"TestInvitationUsesLivePersonnelQualificationInOwnedTransactionQ25","Output":"--- PASS: TestInvitationUsesLivePersonnelQualificationInOwnedTransactionQ25 (0.71s)\n","OutputType":"frame"}
{"Time":"2026-10-07T12:31:13.939509669Z","Action":"pass","Package":"github.com/Hubujiu/WeaveOS/services/bff/internal/auth","Test":"TestInvitationUsesLivePersonnelQualificationInOwnedTransactionQ25","Elapsed":0.71}
{"Time":"2026-10-07T12:31:13.939542656Z","Action":"run","Package":"github.com/Hubujiu/WeaveOS/services/bff/internal/auth","Test":"TestRealHTTPSCookiesRestoreAndLogout"}
{"Time":"2026-10-07T12:31:13.93954733Z","Action":"output","Package":"github.com/Hubujiu/WeaveOS/services/bff/internal/auth","Test":"TestRealHTTPSCookiesRestoreAndLogout","Output":"=== RUN   TestRealHTTPSCookiesRestoreAndLogout\n","OutputType":"frame"}
{"Time":"2026-10-07T12:31:14.616569348Z","Action":"output","Package":"github.com/Hubujiu/WeaveOS/services/bff/internal/auth","Test":"TestRealHTTPSCookiesRestoreAndLogout","Output":"--- PASS: TestRealHTTPSCookiesRestoreAndLogout (0.68s)\n","OutputType":"frame"}
{"Time":"2026-10-07T12:31:14.617542182Z","Action":"pass","Package":"github.com/Hubujiu/WeaveOS/services/bff/internal/auth","Test":"TestRealHTTPSCookiesRestoreAndLogout","Elapsed":0.68}
{"Time":"2026-10-07T12:31:14.6175521Z","Action":"run","Package":"github.com/Hubujiu/WeaveOS/services/bff/internal/auth","Test":"TestHTTPProtocolRejectsMalformedWriteDTOs"}
{"Time":"2026-10-07T12:31:14.617557324Z","Action":"output","Package":"github.com/Hubujiu/WeaveOS/services/bff/internal/auth","Test":"TestHTTPProtocolRejectsMalformedWriteDTOs","Output":"=== RUN   TestHTTPProtocolRejectsMalformedWriteDTOs\n","OutputType":"frame"}
{"Time":"2026-10-07T12:31:14.765686428Z","Action":"run","Package":"github.com/Hubujiu/WeaveOS/services/bff/internal/auth","Test":"TestHTTPProtocolRejectsMalformedWriteDTOs/unknown"}
{"Time":"2026-10-07T12:31:14.765727876Z","Action":"output","Package":"github.com/Hubujiu/WeaveOS/services/bff/internal/auth","Test":"TestHTTPProtocolRejectsMalformedWriteDTOs/unknown","Output":"=== RUN   TestHTTPProtocolRejectsMalformedWriteDTOs/unknown\n","OutputType":"frame"}
{"Time":"2026-10-07T12:31:14.768357764Z","Action":"output","Package":"github.com/Hubujiu/WeaveOS/services/bff/internal/auth","Test":"TestHTTPProtocolRejectsMalformedWriteDTOs/unknown","Output":"--- PASS: TestHTTPProtocolRejectsMalformedWriteDTOs/unknown (0.00s)\n","OutputType":"frame"}
{"Time":"2026-10-07T12:31:14.76848067Z","Action":"pass","Package":"github.com/Hubujiu/WeaveOS/services/bff/internal/auth","Test":"TestHTTPProtocolRejectsMalformedWriteDTOs/unknown","Elapsed":0}
{"Time":"2026-10-07T12:31:14.768606664Z","Action":"run","Package":"github.com/Hubujiu/WeaveOS/services/bff/internal/auth","Test":"TestHTTPProtocolRejectsMalformedWriteDTOs/trailing"}
{"Time":"2026-10-07T12:31:14.768609744Z","Action":"output","Package":"github.com/Hubujiu/WeaveOS/services/bff/internal/auth","Test":"TestHTTPProtocolRejectsMalformedWriteDTOs/trailing","Output":"=== RUN   TestHTTPProtocolRejectsMalformedWriteDTOs/trailing\n","OutputType":"frame"}
{"Time":"2026-10-07T12:31:14.772705924Z","Action":"output","Package":"github.com/Hubujiu/WeaveOS/services/bff/internal/auth","Test":"TestHTTPProtocolRejectsMalformedWriteDTOs/trailing","Output":"--- PASS: TestHTTPProtocolRejectsMalformedWriteDTOs/trailing (0.00s)\n","OutputType":"frame"}
{"Time":"2026-10-07T12:31:14.772838715Z","Action":"pass","Package":"github.com/Hubujiu/WeaveOS/services/bff/internal/auth","Test":"TestHTTPProtocolRejectsMalformedWriteDTOs/trailing","Elapsed":0}
{"Time":"2026-10-07T12:31:14.773044361Z","Action":"run","Package":"github.com/Hubujiu/WeaveOS/services/bff/internal/auth","Test":"TestHTTPProtocolRejectsMalformedWriteDTOs/duplicate"}
{"Time":"2026-10-07T12:31:14.773047346Z","Action":"output","Package":"github.com/Hubujiu/WeaveOS/services/bff/internal/auth","Test":"TestHTTPProtocolRejectsMalformedWriteDTOs/duplicate","Output":"=== RUN   TestHTTPProtocolRejectsMalformedWriteDTOs/duplicate\n","OutputType":"frame"}
{"Time":"2026-10-07T12:31:14.775615267Z","Action":"output","Package":"github.com/Hubujiu/WeaveOS/services/bff/internal/auth","Test":"TestHTTPProtocolRejectsMalformedWriteDTOs/duplicate","Output":"--- PASS: TestHTTPProtocolRejectsMalformedWriteDTOs/duplicate (0.00s)\n","OutputType":"frame"}
{"Time":"2026-10-07T12:31:14.775648878Z","Action":"pass","Package":"github.com/Hubujiu/WeaveOS/services/bff/internal/auth","Test":"TestHTTPProtocolRejectsMalformedWriteDTOs/duplicate","Elapsed":0}
{"Time":"2026-10-07T12:31:14.775682507Z","Action":"run","Package":"github.com/Hubujiu/WeaveOS/services/bff/internal/auth","Test":"TestHTTPProtocolRejectsMalformedWriteDTOs/null"}
{"Time":"2026-10-07T12:31:14.77568509Z","Action":"output","Package":"github.com/Hubujiu/WeaveOS/services/bff/internal/auth","Test":"TestHTTPProtocolRejectsMalformedWriteDTOs/null","Output":"=== RUN   TestHTTPProtocolRejectsMalformedWriteDTOs/null\n","OutputType":"frame"}
{"Time":"2026-10-07T12:31:14.780447462Z","Action":"output","Package":"github.com/Hubujiu/WeaveOS/services/bff/internal/auth","Test":"TestHTTPProtocolRejectsMalformedWriteDTOs/null","Output":"--- PASS: TestHTTPProtocolRejectsMalformedWriteDTOs/null (0.00s)\n","OutputType":"frame"}
{"Time":"2026-10-07T12:31:14.780483593Z","Action":"pass","Package":"github.com/Hubujiu/WeaveOS/services/bff/internal/auth","Test":"TestHTTPProtocolRejectsMalformedWriteDTOs/null","Elapsed":0}
{"Time":"2026-10-07T12:31:14.780489488Z","Action":"run","Package":"github.com/Hubujiu/WeaveOS/services/bff/internal/auth","Test":"TestHTTPProtocolRejectsMalformedWriteDTOs/wrong_media"}
{"Time":"2026-10-07T12:31:14.780492344Z","Action":"output","Package":"github.com/Hubujiu/WeaveOS/services/bff/internal/auth","Test":"TestHTTPProtocolRejectsMalformedWriteDTOs/wrong_media","Output":"=== RUN   TestHTTPProtocolRejectsMalformedWriteDTOs/wrong_media\n","OutputType":"frame"}
{"Time":"2026-10-07T12:31:14.78370886Z","Action":"output","Package":"github.com/Hubujiu/WeaveOS/services/bff/internal/auth","Test":"TestHTTPProtocolRejectsMalformedWriteDTOs/wrong_media","Output":"--- PASS: TestHTTPProtocolRejectsMalformedWriteDTOs/wrong_media (0.00s)\n","OutputType":"frame"}
{"Time":"2026-10-07T12:31:14.785349207Z","Action":"pass","Package":"github.com/Hubujiu/WeaveOS/services/bff/internal/auth","Test":"TestHTTPProtocolRejectsMalformedWriteDTOs/wrong_media","Elapsed":0}
{"Time":"2026-10-07T12:31:14.785367001Z","Action":"run","Package":"github.com/Hubujiu/WeaveOS/services/bff/internal/auth","Test":"TestHTTPProtocolRejectsMalformedWriteDTOs/foreign_source"}
{"Time":"2026-10-07T12:31:14.785370898Z","Action":"output","Package":"github.com/Hubujiu/WeaveOS/services/bff/internal/auth","Test":"TestHTTPProtocolRejectsMalformedWriteDTOs/foreign_source","Output":"=== RUN   TestHTTPProtocolRejectsMalformedWriteDTOs/foreign_source\n","OutputType":"frame"}
{"Time":"2026-10-07T12:31:14.785377673Z","Action":"output","Package":"github.com/Hubujiu/WeaveOS/services/bff/internal/auth","Test":"TestHTTPProtocolRejectsMalformedWriteDTOs/foreign_source","Output":"--- PASS: TestHTTPProtocolRejectsMalformedWriteDTOs/foreign_source (0.00s)\n","OutputType":"frame"}
{"Time":"2026-10-07T12:31:14.785381444Z","Action":"pass","Package":"github.com/Hubujiu/WeaveOS/services/bff/internal/auth","Test":"TestHTTPProtocolRejectsMalformedWriteDTOs/foreign_source","Elapsed":0}
{"Time":"2026-10-07T12:31:14.793991281Z","Action":"output","Package":"github.com/Hubujiu/WeaveOS/services/bff/internal/auth","Test":"TestHTTPProtocolRejectsMalformedWriteDTOs","Output":"--- PASS: TestHTTPProtocolRejectsMalformedWriteDTOs (0.18s)\n","OutputType":"frame"}
{"Time":"2026-10-07T12:31:14.794028692Z","Action":"pass","Package":"github.com/Hubujiu/WeaveOS/services/bff/internal/auth","Test":"TestHTTPProtocolRejectsMalformedWriteDTOs","Elapsed":0.18}
{"Time":"2026-10-07T12:31:14.794036385Z","Action":"run","Package":"github.com/Hubujiu/WeaveOS/services/bff/internal/auth","Test":"TestAuditRequestIDMatchesResponseAndUnknownAccountHMAC"}
{"Time":"2026-10-07T12:31:14.794039757Z","Action":"output","Package":"github.com/Hubujiu/WeaveOS/services/bff/internal/auth","Test":"TestAuditRequestIDMatchesResponseAndUnknownAccountHMAC","Output":"=== RUN   TestAuditRequestIDMatchesResponseAndUnknownAccountHMAC\n","OutputType":"frame"}
{"Time":"2026-10-07T12:31:14.961755947Z","Action":"output","Package":"github.com/Hubujiu/WeaveOS/services/bff/internal/auth","Test":"TestAuditRequestIDMatchesResponseAndUnknownAccountHMAC","Output":"--- PASS: TestAuditRequestIDMatchesResponseAndUnknownAccountHMAC (0.17s)\n","OutputType":"frame"}
{"Time":"2026-10-07T12:31:14.961806937Z","Action":"pass","Package":"github.com/Hubujiu/WeaveOS/services/bff/internal/auth","Test":"TestAuditRequestIDMatchesResponseAndUnknownAccountHMAC","Elapsed":0.17}
{"Time":"2026-10-07T12:31:14.961820689Z","Action":"run","Package":"github.com/Hubujiu/WeaveOS/services/bff/internal/auth","Test":"TestResetAndInvitationAuditFailureRollBack"}
{"Time":"2026-10-07T12:31:14.961824356Z","Action":"output","Package":"github.com/Hubujiu/WeaveOS/services/bff/internal/auth","Test":"TestResetAndInvitationAuditFailureRollBack","Output":"=== RUN   TestResetAndInvitationAuditFailureRollBack\n","OutputType":"frame"}
{"Time":"2026-10-07T12:31:15.453615254Z","Action":"output","Package":"github.com/Hubujiu/WeaveOS/services/bff/internal/auth","Test":"TestResetAndInvitationAuditFailureRollBack","Output":"--- PASS: TestResetAndInvitationAuditFailureRollBack (0.49s)\n","OutputType":"frame"}
{"Time":"2026-10-07T12:31:15.453663577Z","Action":"pass","Package":"github.com/Hubujiu/WeaveOS/services/bff/internal/auth","Test":"TestResetAndInvitationAuditFailureRollBack","Elapsed":0.49}
{"Time":"2026-10-07T12:31:15.453679931Z","Action":"run","Package":"github.com/Hubujiu/WeaveOS/services/bff/internal/auth","Test":"TestUnknownAPIReturnsEnvelope404"}
{"Time":"2026-10-07T12:31:15.453683479Z","Action":"output","Package":"github.com/Hubujiu/WeaveOS/services/bff/internal/auth","Test":"TestUnknownAPIReturnsEnvelope404","Output":"=== RUN   TestUnknownAPIReturnsEnvelope404\n","OutputType":"frame"}
{"Time":"2026-10-07T12:31:15.563762614Z","Action":"output","Package":"github.com/Hubujiu/WeaveOS/services/bff/internal/auth","Test":"TestUnknownAPIReturnsEnvelope404","Output":"--- PASS: TestUnknownAPIReturnsEnvelope404 (0.11s)\n","OutputType":"frame"}
{"Time":"2026-10-07T12:31:15.564040405Z","Action":"pass","Package":"github.com/Hubujiu/WeaveOS/services/bff/internal/auth","Test":"TestUnknownAPIReturnsEnvelope404","Elapsed":0.11}
{"Time":"2026-10-07T12:31:15.564172269Z","Action":"run","Package":"github.com/Hubujiu/WeaveOS/services/bff/internal/auth","Test":"TestRevokedSessionAndFailedRegistrationProduceSanitizedAudit"}
{"Time":"2026-10-07T12:31:15.564189675Z","Action":"output","Package":"github.com/Hubujiu/WeaveOS/services/bff/internal/auth","Test":"TestRevokedSessionAndFailedRegistrationProduceSanitizedAudit","Output":"=== RUN   TestRevokedSessionAndFailedRegistrationProduceSanitizedAudit\n","OutputType":"frame"}
{"Time":"2026-10-07T12:31:16.090532833Z","Action":"output","Package":"github.com/Hubujiu/WeaveOS/services/bff/internal/auth","Test":"TestRevokedSessionAndFailedRegistrationProduceSanitizedAudit","Output":"--- PASS: TestRevokedSessionAndFailedRegistrationProduceSanitizedAudit (0.53s)\n","OutputType":"frame"}
{"Time":"2026-10-07T12:31:16.090573885Z","Action":"pass","Package":"github.com/Hubujiu/WeaveOS/services/bff/internal/auth","Test":"TestRevokedSessionAndFailedRegistrationProduceSanitizedAudit","Elapsed":0.53}
{"Time":"2026-10-07T12:31:16.090587475Z","Action":"run","Package":"github.com/Hubujiu/WeaveOS/services/bff/internal/auth","Test":"TestAuditClientIPOnlyTrustsConfiguredProxy"}
{"Time":"2026-10-07T12:31:16.090590308Z","Action":"output","Package":"github.com/Hubujiu/WeaveOS/services/bff/internal/auth","Test":"TestAuditClientIPOnlyTrustsConfiguredProxy","Output":"=== RUN   TestAuditClientIPOnlyTrustsConfiguredProxy\n","OutputType":"frame"}
{"Time":"2026-10-07T12:31:16.147606595Z","Action":"output","Package":"github.com/Hubujiu/WeaveOS/services/bff/internal/auth","Test":"TestAuditClientIPOnlyTrustsConfiguredProxy","Output":"--- PASS: TestAuditClientIPOnlyTrustsConfiguredProxy (0.06s)\n","OutputType":"frame"}
{"Time":"2026-10-07T12:31:16.148057921Z","Action":"pass","Package":"github.com/Hubujiu/WeaveOS/services/bff/internal/auth","Test":"TestAuditClientIPOnlyTrustsConfiguredProxy","Elapsed":0.06}
{"Time":"2026-10-07T12:31:16.148125207Z","Action":"run","Package":"github.com/Hubujiu/WeaveOS/services/bff/internal/auth","Test":"TestIngressRequestIDMatchesResponseAndAudit"}
{"Time":"2026-10-07T12:31:16.148129274Z","Action":"output","Package":"github.com/Hubujiu/WeaveOS/services/bff/internal/auth","Test":"TestIngressRequestIDMatchesResponseAndAudit","Output":"=== RUN   TestIngressRequestIDMatchesResponseAndAudit\n","OutputType":"frame"}
{"Time":"2026-10-07T12:31:16.234888938Z","Action":"output","Package":"github.com/Hubujiu/WeaveOS/services/bff/internal/auth","Test":"TestIngressRequestIDMatchesResponseAndAudit","Output":"--- PASS: TestIngressRequestIDMatchesResponseAndAudit (0.09s)\n","OutputType":"frame"}
{"Time":"2026-10-07T12:31:16.234941832Z","Action":"pass","Package":"github.com/Hubujiu/WeaveOS/services/bff/internal/auth","Test":"TestIngressRequestIDMatchesResponseAndAudit","Elapsed":0.09}
{"Time":"2026-10-07T12:31:16.234952175Z","Action":"run","Package":"github.com/Hubujiu/WeaveOS/services/bff/internal/auth","Test":"TestQ36InvitationOptionalQueryContext"}
{"Time":"2026-10-07T12:31:16.234954808Z","Action":"output","Package":"github.com/Hubujiu/WeaveOS/services/bff/internal/auth","Test":"TestQ36InvitationOptionalQueryContext","Output":"=== RUN   TestQ36InvitationOptionalQueryContext\n","OutputType":"frame"}
{"Time":"2026-10-07T12:31:16.781348251Z","Action":"output","Package":"github.com/Hubujiu/WeaveOS/services/bff/internal/auth","Test":"TestQ36InvitationOptionalQueryContext","Output":"--- PASS: TestQ36InvitationOptionalQueryContext (0.55s)\n","OutputType":"frame"}
{"Time":"2026-10-07T12:31:16.781395936Z","Action":"pass","Package":"github.com/Hubujiu/WeaveOS/services/bff/internal/auth","Test":"TestQ36InvitationOptionalQueryContext","Elapsed":0.55}
{"Time":"2026-10-07T12:31:16.781403739Z","Action":"run","Package":"github.com/Hubujiu/WeaveOS/services/bff/internal/auth","Test":"TestPasswordResetBetweenCredentialReadAndSessionCreation"}
{"Time":"2026-10-07T12:31:16.781406246Z","Action":"output","Package":"github.com/Hubujiu/WeaveOS/services/bff/internal/auth","Test":"TestPasswordResetBetweenCredentialReadAndSessionCreation","Output":"=== RUN   TestPasswordResetBetweenCredentialReadAndSessionCreation\n","OutputType":"frame"}
{"Time":"2026-10-07T12:31:17.332346357Z","Action":"output","Package":"github.com/Hubujiu/WeaveOS/services/bff/internal/auth","Test":"TestPasswordResetBetweenCredentialReadAndSessionCreation","Output":"--- PASS: TestPasswordResetBetweenCredentialReadAndSessionCreation (0.55s)\n","OutputType":"frame"}
{"Time":"2026-10-07T12:31:17.33239306Z","Action":"pass","Package":"github.com/Hubujiu/WeaveOS/services/bff/internal/auth","Test":"TestPasswordResetBetweenCredentialReadAndSessionCreation","Elapsed":0.55}
{"Time":"2026-10-07T12:31:17.332401011Z","Action":"run","Package":"github.com/Hubujiu/WeaveOS/services/bff/internal/auth","Test":"TestRegistrationAtomicHTTP"}
{"Time":"2026-10-07T12:31:17.332403505Z","Action":"output","Package":"github.com/Hubujiu/WeaveOS/services/bff/internal/auth","Test":"TestRegistrationAtomicHTTP","Output":"=== RUN   TestRegistrationAtomicHTTP\n","OutputType":"frame"}
{"Time":"2026-10-07T12:31:18.282056522Z","Action":"output","Package":"github.com/Hubujiu/WeaveOS/services/bff/internal/auth","Test":"TestRegistrationAtomicHTTP","Output":"--- PASS: TestRegistrationAtomicHTTP (0.95s)\n","OutputType":"frame"}
{"Time":"2026-10-07T12:31:18.282100666Z","Action":"pass","Package":"github.com/Hubujiu/WeaveOS/services/bff/internal/auth","Test":"TestRegistrationAtomicHTTP","Elapsed":0.95}
{"Time":"2026-10-07T12:31:18.282108267Z","Action":"run","Package":"github.com/Hubujiu/WeaveOS/services/bff/internal/auth","Test":"TestConcurrentInvitationHTTP"}
{"Time":"2026-10-07T12:31:18.282111417Z","Action":"output","Package":"github.com/Hubujiu/WeaveOS/services/bff/internal/auth","Test":"TestConcurrentInvitationHTTP","Output":"=== RUN   TestConcurrentInvitationHTTP\n","OutputType":"frame"}
{"Time":"2026-10-07T12:31:18.736218183Z","Action":"output","Package":"github.com/Hubujiu/WeaveOS/services/bff/internal/auth","Test":"TestConcurrentInvitationHTTP","Output":"--- PASS: TestConcurrentInvitationHTTP (0.45s)\n","OutputType":"frame"}
{"Time":"2026-10-07T12:31:18.736261817Z","Action":"pass","Package":"github.com/Hubujiu/WeaveOS/services/bff/internal/auth","Test":"TestConcurrentInvitationHTTP","Elapsed":0.45}
{"Time":"2026-10-07T12:31:18.736271027Z","Action":"run","Package":"github.com/Hubujiu/WeaveOS/services/bff/internal/auth","Test":"TestLoginCurrentLogoutHTTP"}
{"Time":"2026-10-07T12:31:18.736273678Z","Action":"output","Package":"github.com/Hubujiu/WeaveOS/services/bff/internal/auth","Test":"TestLoginCurrentLogoutHTTP","Output":"=== RUN   TestLoginCurrentLogoutHTTP\n","OutputType":"frame"}
{"Time":"2026-10-07T12:31:19.034696372Z","Action":"output","Package":"github.com/Hubujiu/WeaveOS/services/bff/internal/auth","Test":"TestLoginCurrentLogoutHTTP","Output":"--- PASS: TestLoginCurrentLogoutHTTP (0.30s)\n","OutputType":"frame"}
{"Time":"2026-10-07T12:31:19.034915789Z","Action":"pass","Package":"github.com/Hubujiu/WeaveOS/services/bff/internal/auth","Test":"TestLoginCurrentLogoutHTTP","Elapsed":0.3}
{"Time":"2026-10-07T12:31:19.034924346Z","Action":"run","Package":"github.com/Hubujiu/WeaveOS/services/bff/internal/auth","Test":"TestBootstrapInvitationResetAndRevocationHTTP"}
{"Time":"2026-10-07T12:31:19.034927057Z","Action":"output","Package":"github.com/Hubujiu/WeaveOS/services/bff/internal/auth","Test":"TestBootstrapInvitationResetAndRevocationHTTP","Output":"=== RUN   TestBootstrapInvitationResetAndRevocationHTTP\n","OutputType":"frame"}
{"Time":"2026-10-07T12:31:19.782443866Z","Action":"output","Package":"github.com/Hubujiu/WeaveOS/services/bff/internal/auth","Test":"TestBootstrapInvitationResetAndRevocationHTTP","Output":"--- PASS: TestBootstrapInvitationResetAndRevocationHTTP (0.75s)\n","OutputType":"frame"}
{"Time":"2026-10-07T12:31:19.78248982Z","Action":"pass","Package":"github.com/Hubujiu/WeaveOS/services/bff/internal/auth","Test":"TestBootstrapInvitationResetAndRevocationHTTP","Elapsed":0.75}
{"Time":"2026-10-07T12:31:19.782499856Z","Action":"run","Package":"github.com/Hubujiu/WeaveOS/services/bff/internal/auth","Test":"TestAuditFailureFailsLoginClosedAndLogoutRemainsRevoked"}
{"Time":"2026-10-07T12:31:19.782502507Z","Action":"output","Package":"github.com/Hubujiu/WeaveOS/services/bff/internal/auth","Test":"TestAuditFailureFailsLoginClosedAndLogoutRemainsRevoked","Output":"=== RUN   TestAuditFailureFailsLoginClosedAndLogoutRemainsRevoked\n","OutputType":"frame"}
{"Time":"2026-10-07T12:31:20.052255116Z","Action":"output","Package":"github.com/Hubujiu/WeaveOS/services/bff/internal/auth","Test":"TestAuditFailureFailsLoginClosedAndLogoutRemainsRevoked","Output":"--- PASS: TestAuditFailureFailsLoginClosedAndLogoutRemainsRevoked (0.27s)\n","OutputType":"frame"}
{"Time":"2026-10-07T12:31:20.052294521Z","Action":"pass","Package":"github.com/Hubujiu/WeaveOS/services/bff/internal/auth","Test":"TestAuditFailureFailsLoginClosedAndLogoutRemainsRevoked","Elapsed":0.27}
{"Time":"2026-10-07T12:31:20.052302515Z","Action":"run","Package":"github.com/Hubujiu/WeaveOS/services/bff/internal/auth","Test":"TestReadinessAndAuditPrivacyHTTP"}
{"Time":"2026-10-07T12:31:20.052334527Z","Action":"output","Package":"github.com/Hubujiu/WeaveOS/services/bff/internal/auth","Test":"TestReadinessAndAuditPrivacyHTTP","Output":"=== RUN   TestReadinessAndAuditPrivacyHTTP\n","OutputType":"frame"}
{"Time":"2026-10-07T12:31:20.308552486Z","Action":"output","Package":"github.com/Hubujiu/WeaveOS/services/bff/internal/auth","Test":"TestReadinessAndAuditPrivacyHTTP","Output":"--- PASS: TestReadinessAndAuditPrivacyHTTP (0.26s)\n","OutputType":"frame"}
{"Time":"2026-10-07T12:31:20.308775026Z","Action":"pass","Package":"github.com/Hubujiu/WeaveOS/services/bff/internal/auth","Test":"TestReadinessAndAuditPrivacyHTTP","Elapsed":0.26}
{"Time":"2026-10-07T12:31:20.308785726Z","Action":"run","Package":"github.com/Hubujiu/WeaveOS/services/bff/internal/auth","Test":"TestFieldValidationUsesApprovedEnvelope"}
{"Time":"2026-10-07T12:31:20.308788726Z","Action":"output","Package":"github.com/Hubujiu/WeaveOS/services/bff/internal/auth","Test":"TestFieldValidationUsesApprovedEnvelope","Output":"=== RUN   TestFieldValidationUsesApprovedEnvelope\n","OutputType":"frame"}
{"Time":"2026-10-07T12:31:20.355453096Z","Action":"output","Package":"github.com/Hubujiu/WeaveOS/services/bff/internal/auth","Test":"TestFieldValidationUsesApprovedEnvelope","Output":"--- PASS: TestFieldValidationUsesApprovedEnvelope (0.05s)\n","OutputType":"frame"}
{"Time":"2026-10-07T12:31:20.355518963Z","Action":"pass","Package":"github.com/Hubujiu/WeaveOS/services/bff/internal/auth","Test":"TestFieldValidationUsesApprovedEnvelope","Elapsed":0.05}
{"Time":"2026-10-07T12:31:20.355534057Z","Action":"output","Package":"github.com/Hubujiu/WeaveOS/services/bff/internal/auth","Output":"PASS\n","OutputType":"frame"}
{"Time":"2026-10-07T12:31:21.366036236Z","Action":"output","Package":"github.com/Hubujiu/WeaveOS/services/bff/internal/auth","Output":"ok  \tgithub.com/Hubujiu/WeaveOS/services/bff/internal/auth\t13.790s\n"}
{"Time":"2026-10-07T12:31:21.36614534Z","Action":"pass","Package":"github.com/Hubujiu/WeaveOS/services/bff/internal/auth","Elapsed":13.791}
