✔ ADR14 reference candidates bind field action record and live authority (1.300707ms)
✔ ADR14 draft write minimum and history safe displays are explicit (0.262475ms)
✔ frozen record draft runtime and history methods are exact and actor guarded (0.365089ms)
✔ frozen record payloads and confirmations contain precise allowed values (0.202114ms)
✔ runtime and history expose only frozen safe DTO and record errors (0.190767ms)
✔ frozen application definition methods expose actual complete DTOs (1.753919ms)
✔ application candidate registers exact frozen incremental migration hashes (1.331112ms)
✔ frozen structure errors have stable status and recoverability (0.204999ms)
✔ appendix A exposes minimal owner-only member candidates and actual group labels (0.223747ms)
✔ appendix B marks optional negative actor constraint on every application method (0.423828ms)
✔ all shared OpenAPI references resolve (6.080788ms)
✔ appendix A.5 exposes minimal real department candidates (0.299731ms)
✔ API-CI-01: validator version is pinned in the frozen workspace lock (0.860645ms)
✔ API-CI-02: PR CI executes contract tests and 3.2.1 lint (0.132549ms)
✔ API-01: contract is OpenAPI 3.2.1 with the five authentication routes (0.891471ms)
✔ API-02: public writes and protected Cookie security match ADR-001/002 (0.65139ms)
✔ API-10: login delivers separate host cookies and protected writes require CSRF header (0.370367ms)
✔ API-03: creation, current session, logout and reset have precise statuses (0.150766ms)
✔ API-04: JSON envelope has exact required keys and no arbitrary top-level data (0.121122ms)
✔ API-05: registration and login require account/password; registration requires invitation (0.137607ms)
✔ API-06: published error table preserves accepted ADR mapping (0.328494ms)
✔ API-07: account rule preserves case and rejects internal ordinary spaces after trimming (0.104367ms)
✔ API-08: every declared response carries a server-issued request ID (1.846758ms)
✔ API-09: Alice and alice are distinct registrations and login lookups (0.3323ms)
✔ Q13: registration schema accepts only printable ASCII with four classes (1.037881ms)
✔ approved account length applies after ordinary-space trimming, not to raw input (0.25881ms)
✔ Q25 definition response accepts optional explicit empty templateIds and integer version (29.754885ms)
✔ Q25 response validator resolves pagination query without ignoring declared constraints (2.296515ms)
✔ Q25 invalid definition response integer, UUID and length fail independently (3.997744ms)
✔ Q25 template DTO optional relation array is registered in the executable contract (6.193498ms)
✔ Q25 all personnel operations are typed, Cookie protected and fail closed (0.91064ms)
✔ Q25 page pagination exception is explicit, bounded, and filtered server-side (0.169104ms)
✔ Q25 versions and explicit sets cannot mutate Root or directory ownership (0.670519ms)
✔ Q25 stable conflict/missing errors and invitation qualification are registered (0.217968ms)
✔ Q36 response oracle enforces draft capacity and payload bounds instead of ignoring extensions (37.77493ms)
✔ Q36 query responses retain paging and publish a session-owned opaque baseline (1.230802ms)
✔ Q36 both query views declare grouped AND/OR, field types and global bounds (0.345329ms)
✔ Q36 query changes, expiry and busy are distinguishable without repurposing old errors (0.140251ms)
✔ Q36 object checks remain and an exact draft version can be acknowledged on submission (0.131177ms)
✔ Q36 persistent personal drafts have explicit limits, conflict protection and no expiry (0.206981ms)
✔ Q36 approved POST searches carry object filters with route-local raw-body bounds and CSRF (1.983474ms)
✔ Q36 literal POST search response is not mistaken for a memberId route (33.102881ms)
✔ Q36 legacy GET has no complex filter/sort; draft raw wrapper budget exceeds canonical payload (0.333031ms)
✔ ADR008 personal table preset routes and three independent conflict codes (1.04328ms)
✔ ADR008 preset DTOs isolate ownership and freeze independent capacities (0.854055ms)
✔ Root V037: exact preview/action/status routes use existing Session and CSRF (1.413277ms)
✔ Root V037: exact closed action body and separate pending/final result shapes (0.335084ms)
✔ Root V037: stale task/basis and oversized real evidence have public safe conflicts (0.173241ms)
✔ Root publication HTTP separates durable acceptance from confirmed state (1.822582ms)
✔ Root publication request is closed and never accepts engine XML or receipt (0.290748ms)
✔ Root publication result exposes explicit pending unknown and terminal meanings (0.296436ms)
✔ V046 summary search preserves session CSRF and no-store closed endpoint (2.034461ms)
✔ V046 search body only exposes bounded pagination and opaque context (0.299811ms)
✔ V046 summary projection contains no engine or private record payload (0.261053ms)
ℹ tests 54
ℹ suites 0
ℹ pass 54
ℹ fail 0
ℹ cancelled 0
ℹ skipped 0
ℹ todo 0
ℹ duration_ms 348.062529
