protoc-gen-go v1.36.12
protoc-gen-go-grpc 1.6.2
[INFO] Scanning for projects...
[INFO] 
[INFO] --------------------< org.weaveos:workflow-engine >---------------------
[INFO] Building WeaveOS controlled workflow engine core 0.3.0-SNAPSHOT
[INFO]   from pom.xml
[INFO] --------------------------------[ jar ]---------------------------------
[INFO] 
[INFO] --- protobuf:0.6.1:compile (default-cli) @ workflow-engine ---
[INFO] Compiling 2 proto file(s) to /workspace/WeaveOS-worktrees/V030-032/services/workflow-engine/src/main/java
[INFO] 
[INFO] --- protobuf:0.6.1:compile-custom (default-cli) @ workflow-engine ---
[INFO] Compiling 2 proto file(s) to /workspace/WeaveOS-worktrees/V030-032/services/workflow-engine/src/main/java
[INFO] ------------------------------------------------------------------------
[INFO] BUILD SUCCESS
[INFO] ------------------------------------------------------------------------
[INFO] Total time:  0.809 s
[INFO] Finished at: 2026-10-05T10:08:29Z
[INFO] ------------------------------------------------------------------------
libprotoc 25.9
