fixture network internal=true
fixture published ports={}
[INFO] Scanning for projects...
[INFO] 
[INFO] --------------------< org.weaveos:workflow-engine >---------------------
[INFO] Building WeaveOS controlled workflow engine core 0.3.0-SNAPSHOT
[INFO]   from pom.xml
[INFO] --------------------------------[ jar ]---------------------------------
[INFO] 
[INFO] --- resources:3.3.1:resources (default-resources) @ workflow-engine ---
[INFO] skip non existing resourceDirectory /proof/src/main/resources
[INFO] skip non existing resourceDirectory /proof/src/main/resources
[INFO] 
[INFO] --- compiler:3.14.1:compile (default-compile) @ workflow-engine ---
[INFO] Nothing to compile - all classes are up to date.
[INFO] 
[INFO] --- resources:3.3.1:testResources (default-testResources) @ workflow-engine ---
[INFO] Copying 6 resources from src/test/resources to target/test-classes
[INFO] 
[INFO] --- compiler:3.14.1:testCompile (default-testCompile) @ workflow-engine ---
[INFO] Nothing to compile - all classes are up to date.
[INFO] 
[INFO] --- dependency:3.9.0:build-classpath (default-cli) @ workflow-engine ---
[INFO] Wrote classpath file '/proof/.work/rpc-classpath'.
[INFO] ------------------------------------------------------------------------
[INFO] BUILD SUCCESS
[INFO] ------------------------------------------------------------------------
[INFO] Total time:  1.151 s
[INFO] Finished at: 2026-10-05T10:10:10Z
[INFO] ------------------------------------------------------------------------
fixture published ports={}
{"Time":"2026-10-05T10:10:14.936279036Z","Action":"start","Package":"github.com/Hubujiu/WeaveOS/services/bff/internal/workflowrpc"}
{"Time":"2026-10-05T10:10:14.936377972Z","Action":"run","Package":"github.com/Hubujiu/WeaveOS/services/bff/internal/workflowrpc","Test":"TestRootGoJavaPostgresExecutionLifecycleInterop"}
{"Time":"2026-10-05T10:10:14.936381167Z","Action":"output","Package":"github.com/Hubujiu/WeaveOS/services/bff/internal/workflowrpc","Test":"TestRootGoJavaPostgresExecutionLifecycleInterop","Output":"=== RUN   TestRootGoJavaPostgresExecutionLifecycleInterop\n","OutputType":"frame"}
{"Time":"2026-10-05T10:10:14.983846756Z","Action":"output","Package":"github.com/Hubujiu/WeaveOS/services/bff/internal/workflowrpc","Test":"TestRootGoJavaPostgresExecutionLifecycleInterop","Output":"    execution_interop_root_test.go:88: execution RPC is not implemented\n","OutputType":"error"}
{"Time":"2026-10-05T10:10:14.983909549Z","Action":"output","Package":"github.com/Hubujiu/WeaveOS/services/bff/internal/workflowrpc","Test":"TestRootGoJavaPostgresExecutionLifecycleInterop","Output":"--- FAIL: TestRootGoJavaPostgresExecutionLifecycleInterop (0.37s)\n","OutputType":"frame"}
{"Time":"2026-10-05T10:10:14.983912393Z","Action":"fail","Package":"github.com/Hubujiu/WeaveOS/services/bff/internal/workflowrpc","Test":"TestRootGoJavaPostgresExecutionLifecycleInterop","Elapsed":0.37}
{"Time":"2026-10-05T10:10:14.983925763Z","Action":"run","Package":"github.com/Hubujiu/WeaveOS/services/bff/internal/workflowrpc","Test":"TestRootGoJavaPostgresExecutionCancellationInterop"}
{"Time":"2026-10-05T10:10:14.983927655Z","Action":"output","Package":"github.com/Hubujiu/WeaveOS/services/bff/internal/workflowrpc","Test":"TestRootGoJavaPostgresExecutionCancellationInterop","Output":"=== RUN   TestRootGoJavaPostgresExecutionCancellationInterop\n","OutputType":"frame"}
{"Time":"2026-10-05T10:10:15.008035453Z","Action":"output","Package":"github.com/Hubujiu/WeaveOS/services/bff/internal/workflowrpc","Test":"TestRootGoJavaPostgresExecutionCancellationInterop","Output":"    execution_interop_root_test.go:132: execution RPC is not implemented\n","OutputType":"error"}
{"Time":"2026-10-05T10:10:15.008108701Z","Action":"output","Package":"github.com/Hubujiu/WeaveOS/services/bff/internal/workflowrpc","Test":"TestRootGoJavaPostgresExecutionCancellationInterop","Output":"--- FAIL: TestRootGoJavaPostgresExecutionCancellationInterop (0.02s)\n","OutputType":"frame"}
{"Time":"2026-10-05T10:10:15.008117454Z","Action":"fail","Package":"github.com/Hubujiu/WeaveOS/services/bff/internal/workflowrpc","Test":"TestRootGoJavaPostgresExecutionCancellationInterop","Elapsed":0.02}
{"Time":"2026-10-05T10:10:15.008122462Z","Action":"run","Package":"github.com/Hubujiu/WeaveOS/services/bff/internal/workflowrpc","Test":"TestRootGoJavaPostgresExecutionReturnAndWithdrawInterop"}
{"Time":"2026-10-05T10:10:15.008124334Z","Action":"output","Package":"github.com/Hubujiu/WeaveOS/services/bff/internal/workflowrpc","Test":"TestRootGoJavaPostgresExecutionReturnAndWithdrawInterop","Output":"=== RUN   TestRootGoJavaPostgresExecutionReturnAndWithdrawInterop\n","OutputType":"frame"}
{"Time":"2026-10-05T10:10:15.025267208Z","Action":"output","Package":"github.com/Hubujiu/WeaveOS/services/bff/internal/workflowrpc","Test":"TestRootGoJavaPostgresExecutionReturnAndWithdrawInterop","Output":"    execution_interop_root_test.go:150: execution RPC is not implemented\n","OutputType":"error"}
{"Time":"2026-10-05T10:10:15.026311344Z","Action":"output","Package":"github.com/Hubujiu/WeaveOS/services/bff/internal/workflowrpc","Test":"TestRootGoJavaPostgresExecutionReturnAndWithdrawInterop","Output":"--- FAIL: TestRootGoJavaPostgresExecutionReturnAndWithdrawInterop (0.02s)\n","OutputType":"frame"}
{"Time":"2026-10-05T10:10:15.026324934Z","Action":"fail","Package":"github.com/Hubujiu/WeaveOS/services/bff/internal/workflowrpc","Test":"TestRootGoJavaPostgresExecutionReturnAndWithdrawInterop","Elapsed":0.02}
{"Time":"2026-10-05T10:10:15.02634241Z","Action":"output","Package":"github.com/Hubujiu/WeaveOS/services/bff/internal/workflowrpc","Output":"FAIL\n","OutputType":"frame"}
{"Time":"2026-10-05T10:10:15.029855492Z","Action":"fail","Package":"github.com/Hubujiu/WeaveOS/services/bff/internal/workflowrpc","Elapsed":0.094}
10:10:13.697 [main] INFO org.flowable.common.engine.impl.async.DefaultAsyncTaskExecutor -- Creating thread pool queue of size 100
10:10:13.699 [main] INFO org.flowable.common.engine.impl.async.DefaultAsyncTaskExecutor -- Creating thread factory with naming pattern flowable-async-task-invoker-thread-%d
10:10:13.699 [main] INFO org.flowable.common.engine.impl.async.DefaultAsyncTaskExecutor -- Creating executor service with corePoolSize 8, maxPoolSize 8 and keepAliveTime 5000
10:10:13.700 [main] INFO org.flowable.common.engine.impl.async.DefaultAsyncTaskExecutor -- Using rejectedExecutionHandler java.util.concurrent.ThreadPoolExecutor$CallerRunsPolicy@15dd5ac2
10:10:13.700 [main] INFO org.flowable.common.engine.impl.async.DefaultAsyncTaskExecutor -- Creating thread pool queue of size 2048
10:10:13.700 [main] INFO org.flowable.common.engine.impl.async.DefaultAsyncTaskExecutor -- Creating thread factory with naming pattern flowable-async-job-executor-thread-%d
10:10:13.700 [main] INFO org.flowable.common.engine.impl.async.DefaultAsyncTaskExecutor -- Creating executor service with corePoolSize 8, maxPoolSize 8 and keepAliveTime 5000
10:10:13.730 [main] INFO org.flowable.common.engine.impl.db.CommonDbSchemaManager -- performing create on common with resource org/flowable/common/db/create/flowable.postgres.create.common.sql
10:10:13.787 [main] INFO org.flowable.engine.impl.db.ProcessDbSchemaManager -- performing create on engine with resource org/flowable/db/create/flowable.postgres.create.engine.sql
10:10:13.822 [main] INFO org.flowable.engine.impl.db.ProcessDbSchemaManager -- performing create on history with resource org/flowable/db/create/flowable.postgres.create.history.sql
10:10:13.835 [main] INFO org.flowable.engine.impl.ProcessEngineImpl -- ProcessEngine default created
10:10:13.868 [main] INFO org.flowable.engine.impl.cmd.ValidateV5EntitiesCmd -- Total of v5 deployments found: 0
