Unable to find image 'postgres@sha256:5a5a84b19854a9ffaa54082c166ff4ec27473a361e496e5ea167f298f2da9722' locally
docker.io/library/postgres@sha256:5a5a84b19854a9ffaa54082c166ff4ec27473a361e496e5ea167f298f2da9722: Pulling from library/postgres
Digest: sha256:5a5a84b19854a9ffaa54082c166ff4ec27473a361e496e5ea167f298f2da9722
Status: Downloaded newer image for postgres@sha256:5a5a84b19854a9ffaa54082c166ff4ec27473a361e496e5ea167f298f2da9722
postgres (PostgreSQL) 18.6 (Debian 18.6-1.pgdg13+2)
fixture published ports={}
fixture network internal=true
[INFO] Scanning for projects...
[INFO] 
[INFO] --------------------< org.weaveos:workflow-engine >---------------------
[INFO] Building WeaveOS controlled workflow engine core 0.3.0-SNAPSHOT
[INFO]   from pom.xml
[INFO] --------------------------------[ jar ]---------------------------------
[INFO] 
[INFO] --- clean:3.5.0:clean (default-clean) @ workflow-engine ---
[INFO] Deleting /proof/target
[INFO] 
[INFO] --- resources:3.3.1:resources (default-resources) @ workflow-engine ---
[INFO] skip non existing resourceDirectory /proof/src/main/resources
[INFO] skip non existing resourceDirectory /proof/src/main/resources
[INFO] 
[INFO] --- compiler:3.14.1:compile (default-compile) @ workflow-engine ---
[INFO] Recompiling the module because of changed source code.
[INFO] Compiling 29 source files with javac [debug parameters release 17] to target/classes
[INFO] 
[INFO] --- resources:3.3.1:testResources (default-testResources) @ workflow-engine ---
[INFO] Copying 6 resources from src/test/resources to target/test-classes
[INFO] 
[INFO] --- compiler:3.14.1:testCompile (default-testCompile) @ workflow-engine ---
[INFO] Recompiling the module because of changed dependency.
[INFO] Compiling 8 source files with javac [debug parameters release 17] to target/test-classes
[INFO] 
[INFO] --- surefire:3.5.4:test (default-test) @ workflow-engine ---
[INFO] Using auto detected provider org.apache.maven.surefire.junitplatform.JUnitPlatformProvider
[INFO] 
[INFO] -------------------------------------------------------
[INFO]  T E S T S
[INFO] -------------------------------------------------------
[INFO] Running org.weaveos.workflow.RootExecutionGrpcIT
10:09:30.373 [main] INFO org.flowable.common.engine.impl.async.DefaultAsyncTaskExecutor -- Creating thread pool queue of size 100
10:09:30.375 [main] INFO org.flowable.common.engine.impl.async.DefaultAsyncTaskExecutor -- Creating thread factory with naming pattern flowable-async-task-invoker-thread-%d
10:09:30.376 [main] INFO org.flowable.common.engine.impl.async.DefaultAsyncTaskExecutor -- Creating executor service with corePoolSize 8, maxPoolSize 8 and keepAliveTime 5000
10:09:30.376 [main] INFO org.flowable.common.engine.impl.async.DefaultAsyncTaskExecutor -- Using rejectedExecutionHandler java.util.concurrent.ThreadPoolExecutor$CallerRunsPolicy@79aee22a
10:09:30.376 [main] INFO org.flowable.common.engine.impl.async.DefaultAsyncTaskExecutor -- Creating thread pool queue of size 2048
10:09:30.376 [main] INFO org.flowable.common.engine.impl.async.DefaultAsyncTaskExecutor -- Creating thread factory with naming pattern flowable-async-job-executor-thread-%d
10:09:30.376 [main] INFO org.flowable.common.engine.impl.async.DefaultAsyncTaskExecutor -- Creating executor service with corePoolSize 8, maxPoolSize 8 and keepAliveTime 5000
10:09:30.404 [main] INFO org.flowable.common.engine.impl.db.CommonDbSchemaManager -- performing create on common with resource org/flowable/common/db/create/flowable.postgres.create.common.sql
10:09:30.469 [main] INFO org.flowable.engine.impl.db.ProcessDbSchemaManager -- performing create on engine with resource org/flowable/db/create/flowable.postgres.create.engine.sql
10:09:30.510 [main] INFO org.flowable.engine.impl.db.ProcessDbSchemaManager -- performing create on history with resource org/flowable/db/create/flowable.postgres.create.history.sql
10:09:30.523 [main] INFO org.flowable.engine.impl.ProcessEngineImpl -- ProcessEngine default created
10:09:30.555 [main] INFO org.flowable.engine.impl.cmd.ValidateV5EntitiesCmd -- Total of v5 deployments found: 0
10:09:31.374 [main] INFO org.flowable.common.engine.impl.async.DefaultAsyncTaskExecutor -- Creating thread pool queue of size 100
10:09:31.374 [main] INFO org.flowable.common.engine.impl.async.DefaultAsyncTaskExecutor -- Creating thread factory with naming pattern flowable-async-task-invoker-thread-%d
10:09:31.374 [main] INFO org.flowable.common.engine.impl.async.DefaultAsyncTaskExecutor -- Creating executor service with corePoolSize 8, maxPoolSize 8 and keepAliveTime 5000
10:09:31.374 [main] INFO org.flowable.common.engine.impl.async.DefaultAsyncTaskExecutor -- Using rejectedExecutionHandler java.util.concurrent.ThreadPoolExecutor$CallerRunsPolicy@6b5c134e
10:09:31.374 [main] INFO org.flowable.common.engine.impl.async.DefaultAsyncTaskExecutor -- Creating thread pool queue of size 2048
10:09:31.374 [main] INFO org.flowable.common.engine.impl.async.DefaultAsyncTaskExecutor -- Creating thread factory with naming pattern flowable-async-job-executor-thread-%d
10:09:31.374 [main] INFO org.flowable.common.engine.impl.async.DefaultAsyncTaskExecutor -- Creating executor service with corePoolSize 8, maxPoolSize 8 and keepAliveTime 5000
10:09:31.384 [main] INFO org.flowable.common.engine.impl.db.CommonDbSchemaManager -- performing create on common with resource org/flowable/common/db/create/flowable.postgres.create.common.sql
10:09:31.427 [main] INFO org.flowable.engine.impl.db.ProcessDbSchemaManager -- performing create on engine with resource org/flowable/db/create/flowable.postgres.create.engine.sql
10:09:31.467 [main] INFO org.flowable.engine.impl.db.ProcessDbSchemaManager -- performing create on history with resource org/flowable/db/create/flowable.postgres.create.history.sql
10:09:31.479 [main] INFO org.flowable.engine.impl.ProcessEngineImpl -- ProcessEngine default created
10:09:31.486 [main] INFO org.flowable.engine.impl.cmd.ValidateV5EntitiesCmd -- Total of v5 deployments found: 0
10:09:31.893 [main] INFO org.flowable.common.engine.impl.async.DefaultAsyncTaskExecutor -- Creating thread pool queue of size 100
10:09:31.893 [main] INFO org.flowable.common.engine.impl.async.DefaultAsyncTaskExecutor -- Creating thread factory with naming pattern flowable-async-task-invoker-thread-%d
10:09:31.893 [main] INFO org.flowable.common.engine.impl.async.DefaultAsyncTaskExecutor -- Creating executor service with corePoolSize 8, maxPoolSize 8 and keepAliveTime 5000
10:09:31.893 [main] INFO org.flowable.common.engine.impl.async.DefaultAsyncTaskExecutor -- Using rejectedExecutionHandler java.util.concurrent.ThreadPoolExecutor$CallerRunsPolicy@6df11e91
10:09:31.893 [main] INFO org.flowable.common.engine.impl.async.DefaultAsyncTaskExecutor -- Creating thread pool queue of size 2048
10:09:31.893 [main] INFO org.flowable.common.engine.impl.async.DefaultAsyncTaskExecutor -- Creating thread factory with naming pattern flowable-async-job-executor-thread-%d
10:09:31.894 [main] INFO org.flowable.common.engine.impl.async.DefaultAsyncTaskExecutor -- Creating executor service with corePoolSize 8, maxPoolSize 8 and keepAliveTime 5000
10:09:31.904 [main] INFO org.flowable.common.engine.impl.db.CommonDbSchemaManager -- performing create on common with resource org/flowable/common/db/create/flowable.postgres.create.common.sql
10:09:31.954 [main] INFO org.flowable.engine.impl.db.ProcessDbSchemaManager -- performing create on engine with resource org/flowable/db/create/flowable.postgres.create.engine.sql
10:09:31.993 [main] INFO org.flowable.engine.impl.db.ProcessDbSchemaManager -- performing create on history with resource org/flowable/db/create/flowable.postgres.create.history.sql
10:09:32.006 [main] INFO org.flowable.engine.impl.ProcessEngineImpl -- ProcessEngine default created
10:09:32.016 [main] INFO org.flowable.engine.impl.cmd.ValidateV5EntitiesCmd -- Total of v5 deployments found: 0
10:09:32.333 [main] INFO org.flowable.common.engine.impl.async.DefaultAsyncTaskExecutor -- Creating thread pool queue of size 100
10:09:32.333 [main] INFO org.flowable.common.engine.impl.async.DefaultAsyncTaskExecutor -- Creating thread factory with naming pattern flowable-async-task-invoker-thread-%d
10:09:32.334 [main] INFO org.flowable.common.engine.impl.async.DefaultAsyncTaskExecutor -- Creating executor service with corePoolSize 8, maxPoolSize 8 and keepAliveTime 5000
10:09:32.334 [main] INFO org.flowable.common.engine.impl.async.DefaultAsyncTaskExecutor -- Using rejectedExecutionHandler java.util.concurrent.ThreadPoolExecutor$CallerRunsPolicy@675ec28b
10:09:32.334 [main] INFO org.flowable.common.engine.impl.async.DefaultAsyncTaskExecutor -- Creating thread pool queue of size 2048
10:09:32.334 [main] INFO org.flowable.common.engine.impl.async.DefaultAsyncTaskExecutor -- Creating thread factory with naming pattern flowable-async-job-executor-thread-%d
10:09:32.334 [main] INFO org.flowable.common.engine.impl.async.DefaultAsyncTaskExecutor -- Creating executor service with corePoolSize 8, maxPoolSize 8 and keepAliveTime 5000
10:09:32.343 [main] INFO org.flowable.common.engine.impl.db.CommonDbSchemaManager -- performing create on common with resource org/flowable/common/db/create/flowable.postgres.create.common.sql
10:09:32.400 [main] INFO org.flowable.engine.impl.db.ProcessDbSchemaManager -- performing create on engine with resource org/flowable/db/create/flowable.postgres.create.engine.sql
10:09:32.439 [main] INFO org.flowable.engine.impl.db.ProcessDbSchemaManager -- performing create on history with resource org/flowable/db/create/flowable.postgres.create.history.sql
10:09:32.447 [main] INFO org.flowable.engine.impl.ProcessEngineImpl -- ProcessEngine default created
10:09:32.457 [main] INFO org.flowable.engine.impl.cmd.ValidateV5EntitiesCmd -- Total of v5 deployments found: 0
10:09:32.753 [main] INFO org.flowable.common.engine.impl.async.DefaultAsyncTaskExecutor -- Creating thread pool queue of size 100
10:09:32.753 [main] INFO org.flowable.common.engine.impl.async.DefaultAsyncTaskExecutor -- Creating thread factory with naming pattern flowable-async-task-invoker-thread-%d
10:09:32.753 [main] INFO org.flowable.common.engine.impl.async.DefaultAsyncTaskExecutor -- Creating executor service with corePoolSize 8, maxPoolSize 8 and keepAliveTime 5000
10:09:32.753 [main] INFO org.flowable.common.engine.impl.async.DefaultAsyncTaskExecutor -- Using rejectedExecutionHandler java.util.concurrent.ThreadPoolExecutor$CallerRunsPolicy@5b322873
10:09:32.753 [main] INFO org.flowable.common.engine.impl.async.DefaultAsyncTaskExecutor -- Creating thread pool queue of size 2048
10:09:32.753 [main] INFO org.flowable.common.engine.impl.async.DefaultAsyncTaskExecutor -- Creating thread factory with naming pattern flowable-async-job-executor-thread-%d
10:09:32.753 [main] INFO org.flowable.common.engine.impl.async.DefaultAsyncTaskExecutor -- Creating executor service with corePoolSize 8, maxPoolSize 8 and keepAliveTime 5000
10:09:32.762 [main] INFO org.flowable.common.engine.impl.db.CommonDbSchemaManager -- performing create on common with resource org/flowable/common/db/create/flowable.postgres.create.common.sql
10:09:32.823 [main] INFO org.flowable.engine.impl.db.ProcessDbSchemaManager -- performing create on engine with resource org/flowable/db/create/flowable.postgres.create.engine.sql
10:09:32.862 [main] INFO org.flowable.engine.impl.db.ProcessDbSchemaManager -- performing create on history with resource org/flowable/db/create/flowable.postgres.create.history.sql
10:09:32.874 [main] INFO org.flowable.engine.impl.ProcessEngineImpl -- ProcessEngine default created
10:09:32.883 [main] INFO org.flowable.engine.impl.cmd.ValidateV5EntitiesCmd -- Total of v5 deployments found: 0
10:09:33.208 [main] INFO org.flowable.common.engine.impl.async.DefaultAsyncTaskExecutor -- Creating thread pool queue of size 100
10:09:33.208 [main] INFO org.flowable.common.engine.impl.async.DefaultAsyncTaskExecutor -- Creating thread factory with naming pattern flowable-async-task-invoker-thread-%d
10:09:33.208 [main] INFO org.flowable.common.engine.impl.async.DefaultAsyncTaskExecutor -- Creating executor service with corePoolSize 8, maxPoolSize 8 and keepAliveTime 5000
10:09:33.208 [main] INFO org.flowable.common.engine.impl.async.DefaultAsyncTaskExecutor -- Using rejectedExecutionHandler java.util.concurrent.ThreadPoolExecutor$CallerRunsPolicy@18e4551
10:09:33.208 [main] INFO org.flowable.common.engine.impl.async.DefaultAsyncTaskExecutor -- Creating thread pool queue of size 2048
10:09:33.208 [main] INFO org.flowable.common.engine.impl.async.DefaultAsyncTaskExecutor -- Creating thread factory with naming pattern flowable-async-job-executor-thread-%d
10:09:33.208 [main] INFO org.flowable.common.engine.impl.async.DefaultAsyncTaskExecutor -- Creating executor service with corePoolSize 8, maxPoolSize 8 and keepAliveTime 5000
10:09:33.217 [main] INFO org.flowable.common.engine.impl.db.CommonDbSchemaManager -- performing create on common with resource org/flowable/common/db/create/flowable.postgres.create.common.sql
10:09:33.257 [main] INFO org.flowable.engine.impl.db.ProcessDbSchemaManager -- performing create on engine with resource org/flowable/db/create/flowable.postgres.create.engine.sql
10:09:33.292 [main] INFO org.flowable.engine.impl.db.ProcessDbSchemaManager -- performing create on history with resource org/flowable/db/create/flowable.postgres.create.history.sql
10:09:33.302 [main] INFO org.flowable.engine.impl.ProcessEngineImpl -- ProcessEngine default created
10:09:33.310 [main] INFO org.flowable.engine.impl.cmd.ValidateV5EntitiesCmd -- Total of v5 deployments found: 0
10:09:33.606 [main] INFO org.flowable.common.engine.impl.async.DefaultAsyncTaskExecutor -- Creating thread pool queue of size 100
10:09:33.607 [main] INFO org.flowable.common.engine.impl.async.DefaultAsyncTaskExecutor -- Creating thread factory with naming pattern flowable-async-task-invoker-thread-%d
10:09:33.607 [main] INFO org.flowable.common.engine.impl.async.DefaultAsyncTaskExecutor -- Creating executor service with corePoolSize 8, maxPoolSize 8 and keepAliveTime 5000
10:09:33.607 [main] INFO org.flowable.common.engine.impl.async.DefaultAsyncTaskExecutor -- Using rejectedExecutionHandler java.util.concurrent.ThreadPoolExecutor$CallerRunsPolicy@78318ac2
10:09:33.607 [main] INFO org.flowable.common.engine.impl.async.DefaultAsyncTaskExecutor -- Creating thread pool queue of size 2048
10:09:33.607 [main] INFO org.flowable.common.engine.impl.async.DefaultAsyncTaskExecutor -- Creating thread factory with naming pattern flowable-async-job-executor-thread-%d
10:09:33.607 [main] INFO org.flowable.common.engine.impl.async.DefaultAsyncTaskExecutor -- Creating executor service with corePoolSize 8, maxPoolSize 8 and keepAliveTime 5000
10:09:33.615 [main] INFO org.flowable.common.engine.impl.db.CommonDbSchemaManager -- performing create on common with resource org/flowable/common/db/create/flowable.postgres.create.common.sql
10:09:33.653 [main] INFO org.flowable.engine.impl.db.ProcessDbSchemaManager -- performing create on engine with resource org/flowable/db/create/flowable.postgres.create.engine.sql
10:09:33.682 [main] INFO org.flowable.engine.impl.db.ProcessDbSchemaManager -- performing create on history with resource org/flowable/db/create/flowable.postgres.create.history.sql
10:09:33.690 [main] INFO org.flowable.engine.impl.ProcessEngineImpl -- ProcessEngine default created
10:09:33.697 [main] INFO org.flowable.engine.impl.cmd.ValidateV5EntitiesCmd -- Total of v5 deployments found: 0
10:09:33.981 [main] INFO org.flowable.common.engine.impl.async.DefaultAsyncTaskExecutor -- Creating thread pool queue of size 100
10:09:33.982 [main] INFO org.flowable.common.engine.impl.async.DefaultAsyncTaskExecutor -- Creating thread factory with naming pattern flowable-async-task-invoker-thread-%d
10:09:33.982 [main] INFO org.flowable.common.engine.impl.async.DefaultAsyncTaskExecutor -- Creating executor service with corePoolSize 8, maxPoolSize 8 and keepAliveTime 5000
10:09:33.982 [main] INFO org.flowable.common.engine.impl.async.DefaultAsyncTaskExecutor -- Using rejectedExecutionHandler java.util.concurrent.ThreadPoolExecutor$CallerRunsPolicy@7e0986c9
10:09:33.982 [main] INFO org.flowable.common.engine.impl.async.DefaultAsyncTaskExecutor -- Creating thread pool queue of size 2048
10:09:33.982 [main] INFO org.flowable.common.engine.impl.async.DefaultAsyncTaskExecutor -- Creating thread factory with naming pattern flowable-async-job-executor-thread-%d
10:09:33.982 [main] INFO org.flowable.common.engine.impl.async.DefaultAsyncTaskExecutor -- Creating executor service with corePoolSize 8, maxPoolSize 8 and keepAliveTime 5000
10:09:33.994 [main] INFO org.flowable.common.engine.impl.db.CommonDbSchemaManager -- performing create on common with resource org/flowable/common/db/create/flowable.postgres.create.common.sql
10:09:34.040 [main] INFO org.flowable.engine.impl.db.ProcessDbSchemaManager -- performing create on engine with resource org/flowable/db/create/flowable.postgres.create.engine.sql
10:09:34.071 [main] INFO org.flowable.engine.impl.db.ProcessDbSchemaManager -- performing create on history with resource org/flowable/db/create/flowable.postgres.create.history.sql
10:09:34.081 [main] INFO org.flowable.engine.impl.ProcessEngineImpl -- ProcessEngine default created
10:09:34.090 [main] INFO org.flowable.engine.impl.cmd.ValidateV5EntitiesCmd -- Total of v5 deployments found: 0
10:09:34.416 [main] INFO org.flowable.common.engine.impl.async.DefaultAsyncTaskExecutor -- Creating thread pool queue of size 100
10:09:34.416 [main] INFO org.flowable.common.engine.impl.async.DefaultAsyncTaskExecutor -- Creating thread factory with naming pattern flowable-async-task-invoker-thread-%d
10:09:34.416 [main] INFO org.flowable.common.engine.impl.async.DefaultAsyncTaskExecutor -- Creating executor service with corePoolSize 8, maxPoolSize 8 and keepAliveTime 5000
10:09:34.416 [main] INFO org.flowable.common.engine.impl.async.DefaultAsyncTaskExecutor -- Using rejectedExecutionHandler java.util.concurrent.ThreadPoolExecutor$CallerRunsPolicy@29c1249a
10:09:34.416 [main] INFO org.flowable.common.engine.impl.async.DefaultAsyncTaskExecutor -- Creating thread pool queue of size 2048
10:09:34.416 [main] INFO org.flowable.common.engine.impl.async.DefaultAsyncTaskExecutor -- Creating thread factory with naming pattern flowable-async-job-executor-thread-%d
10:09:34.417 [main] INFO org.flowable.common.engine.impl.async.DefaultAsyncTaskExecutor -- Creating executor service with corePoolSize 8, maxPoolSize 8 and keepAliveTime 5000
10:09:34.426 [main] INFO org.flowable.common.engine.impl.db.CommonDbSchemaManager -- performing create on common with resource org/flowable/common/db/create/flowable.postgres.create.common.sql
10:09:34.465 [main] INFO org.flowable.engine.impl.db.ProcessDbSchemaManager -- performing create on engine with resource org/flowable/db/create/flowable.postgres.create.engine.sql
10:09:34.499 [main] INFO org.flowable.engine.impl.db.ProcessDbSchemaManager -- performing create on history with resource org/flowable/db/create/flowable.postgres.create.history.sql
10:09:34.510 [main] INFO org.flowable.engine.impl.ProcessEngineImpl -- ProcessEngine default created
10:09:34.517 [main] INFO org.flowable.engine.impl.cmd.ValidateV5EntitiesCmd -- Total of v5 deployments found: 0
10:09:34.783 [main] INFO org.flowable.common.engine.impl.async.DefaultAsyncTaskExecutor -- Creating thread pool queue of size 100
10:09:34.783 [main] INFO org.flowable.common.engine.impl.async.DefaultAsyncTaskExecutor -- Creating thread factory with naming pattern flowable-async-task-invoker-thread-%d
10:09:34.783 [main] INFO org.flowable.common.engine.impl.async.DefaultAsyncTaskExecutor -- Creating executor service with corePoolSize 8, maxPoolSize 8 and keepAliveTime 5000
10:09:34.784 [main] INFO org.flowable.common.engine.impl.async.DefaultAsyncTaskExecutor -- Using rejectedExecutionHandler java.util.concurrent.ThreadPoolExecutor$CallerRunsPolicy@39a7eca5
10:09:34.784 [main] INFO org.flowable.common.engine.impl.async.DefaultAsyncTaskExecutor -- Creating thread pool queue of size 2048
10:09:34.784 [main] INFO org.flowable.common.engine.impl.async.DefaultAsyncTaskExecutor -- Creating thread factory with naming pattern flowable-async-job-executor-thread-%d
10:09:34.784 [main] INFO org.flowable.common.engine.impl.async.DefaultAsyncTaskExecutor -- Creating executor service with corePoolSize 8, maxPoolSize 8 and keepAliveTime 5000
10:09:34.792 [main] INFO org.flowable.common.engine.impl.db.CommonDbSchemaManager -- performing create on common with resource org/flowable/common/db/create/flowable.postgres.create.common.sql
10:09:34.835 [main] INFO org.flowable.engine.impl.db.ProcessDbSchemaManager -- performing create on engine with resource org/flowable/db/create/flowable.postgres.create.engine.sql
10:09:34.870 [main] INFO org.flowable.engine.impl.db.ProcessDbSchemaManager -- performing create on history with resource org/flowable/db/create/flowable.postgres.create.history.sql
10:09:34.881 [main] INFO org.flowable.engine.impl.ProcessEngineImpl -- ProcessEngine default created
10:09:34.887 [main] INFO org.flowable.engine.impl.cmd.ValidateV5EntitiesCmd -- Total of v5 deployments found: 0
10:09:35.159 [main] INFO org.flowable.common.engine.impl.async.DefaultAsyncTaskExecutor -- Creating thread pool queue of size 100
10:09:35.159 [main] INFO org.flowable.common.engine.impl.async.DefaultAsyncTaskExecutor -- Creating thread factory with naming pattern flowable-async-task-invoker-thread-%d
10:09:35.159 [main] INFO org.flowable.common.engine.impl.async.DefaultAsyncTaskExecutor -- Creating executor service with corePoolSize 8, maxPoolSize 8 and keepAliveTime 5000
10:09:35.159 [main] INFO org.flowable.common.engine.impl.async.DefaultAsyncTaskExecutor -- Using rejectedExecutionHandler java.util.concurrent.ThreadPoolExecutor$CallerRunsPolicy@60816371
10:09:35.159 [main] INFO org.flowable.common.engine.impl.async.DefaultAsyncTaskExecutor -- Creating thread pool queue of size 2048
10:09:35.159 [main] INFO org.flowable.common.engine.impl.async.DefaultAsyncTaskExecutor -- Creating thread factory with naming pattern flowable-async-job-executor-thread-%d
10:09:35.159 [main] INFO org.flowable.common.engine.impl.async.DefaultAsyncTaskExecutor -- Creating executor service with corePoolSize 8, maxPoolSize 8 and keepAliveTime 5000
10:09:35.167 [main] INFO org.flowable.common.engine.impl.db.CommonDbSchemaManager -- performing create on common with resource org/flowable/common/db/create/flowable.postgres.create.common.sql
10:09:35.206 [main] INFO org.flowable.engine.impl.db.ProcessDbSchemaManager -- performing create on engine with resource org/flowable/db/create/flowable.postgres.create.engine.sql
10:09:35.241 [main] INFO org.flowable.engine.impl.db.ProcessDbSchemaManager -- performing create on history with resource org/flowable/db/create/flowable.postgres.create.history.sql
10:09:35.252 [main] INFO org.flowable.engine.impl.ProcessEngineImpl -- ProcessEngine default created
10:09:35.261 [main] INFO org.flowable.engine.impl.cmd.ValidateV5EntitiesCmd -- Total of v5 deployments found: 0
[ERROR] Tests run: 11, Failures: 4, Errors: 7, Skipped: 0, Time elapsed: 6.169 s <<< FAILURE! -- in org.weaveos.workflow.RootExecutionGrpcIT
[ERROR] org.weaveos.workflow.RootExecutionGrpcIT.lostReplyThenServiceRestartRecoversCommittedReceipt -- Time elapsed: 1.877 s <<< FAILURE!
org.opentest4j.AssertionFailedError: expected: <UNAVAILABLE> but was: <UNIMPLEMENTED>
	at org.junit.jupiter.api.AssertionFailureBuilder.build(AssertionFailureBuilder.java:158)
	at org.junit.jupiter.api.AssertionFailureBuilder.buildAndThrow(AssertionFailureBuilder.java:139)
	at org.junit.jupiter.api.AssertEquals.failNotEqual(AssertEquals.java:201)
	at org.junit.jupiter.api.AssertEquals.assertEquals(AssertEquals.java:184)
	at org.junit.jupiter.api.AssertEquals.assertEquals(AssertEquals.java:179)
	at org.junit.jupiter.api.Assertions.assertEquals(Assertions.java:1188)
	at org.weaveos.workflow.RootExecutionGrpcIT.status(RootExecutionGrpcIT.java:43)
	at org.weaveos.workflow.RootExecutionGrpcIT.lostReplyThenServiceRestartRecoversCommittedReceipt(RootExecutionGrpcIT.java:138)

[ERROR] org.weaveos.workflow.RootExecutionGrpcIT.executeReturnsCommittedBoundReceipt -- Time elapsed: 0.516 s <<< ERROR!
io.grpc.StatusRuntimeException: UNIMPLEMENTED: Method weaveos.workflow.v1.ExecutionService/Execute is unimplemented
	at io.grpc.stub.ClientCalls.toStatusRuntimeException(ClientCalls.java:368)
	at io.grpc.stub.ClientCalls.getUnchecked(ClientCalls.java:349)
	at io.grpc.stub.ClientCalls.blockingUnaryCall(ClientCalls.java:174)
	at org.weaveos.workflow.v1.ExecutionServiceGrpc$ExecutionServiceBlockingStub.execute(ExecutionServiceGrpc.java:302)
	at org.weaveos.workflow.RootExecutionGrpcIT.executeReturnsCommittedBoundReceipt(RootExecutionGrpcIT.java:59)

[ERROR] org.weaveos.workflow.RootExecutionGrpcIT.lookupRejectsDifferentFingerprint -- Time elapsed: 0.520 s <<< ERROR!
io.grpc.StatusRuntimeException: UNIMPLEMENTED: Method weaveos.workflow.v1.ExecutionService/Execute is unimplemented
	at io.grpc.stub.ClientCalls.toStatusRuntimeException(ClientCalls.java:368)
	at io.grpc.stub.ClientCalls.getUnchecked(ClientCalls.java:349)
	at io.grpc.stub.ClientCalls.blockingUnaryCall(ClientCalls.java:174)
	at org.weaveos.workflow.v1.ExecutionServiceGrpc$ExecutionServiceBlockingStub.execute(ExecutionServiceGrpc.java:302)
	at org.weaveos.workflow.RootExecutionGrpcIT.lookupRejectsDifferentFingerprint(RootExecutionGrpcIT.java:79)

[ERROR] org.weaveos.workflow.RootExecutionGrpcIT.conflictingCommandCannotReuseIdentity -- Time elapsed: 0.437 s <<< ERROR!
io.grpc.StatusRuntimeException: UNIMPLEMENTED: Method weaveos.workflow.v1.ExecutionService/Execute is unimplemented
	at io.grpc.stub.ClientCalls.toStatusRuntimeException(ClientCalls.java:368)
	at io.grpc.stub.ClientCalls.getUnchecked(ClientCalls.java:349)
	at io.grpc.stub.ClientCalls.blockingUnaryCall(ClientCalls.java:174)
	at org.weaveos.workflow.v1.ExecutionServiceGrpc$ExecutionServiceBlockingStub.execute(ExecutionServiceGrpc.java:302)
	at org.weaveos.workflow.RootExecutionGrpcIT.conflictingCommandCannotReuseIdentity(RootExecutionGrpcIT.java:69)

[ERROR] org.weaveos.workflow.RootExecutionGrpcIT.databaseFailureRollsBackAndHidesPrivateDetails -- Time elapsed: 0.418 s <<< FAILURE!
org.opentest4j.AssertionFailedError: expected: <UNAVAILABLE> but was: <UNIMPLEMENTED>
	at org.junit.jupiter.api.AssertionFailureBuilder.build(AssertionFailureBuilder.java:158)
	at org.junit.jupiter.api.AssertionFailureBuilder.buildAndThrow(AssertionFailureBuilder.java:139)
	at org.junit.jupiter.api.AssertEquals.failNotEqual(AssertEquals.java:201)
	at org.junit.jupiter.api.AssertEquals.assertEquals(AssertEquals.java:184)
	at org.junit.jupiter.api.AssertEquals.assertEquals(AssertEquals.java:179)
	at org.junit.jupiter.api.Assertions.assertEquals(Assertions.java:1188)
	at org.weaveos.workflow.RootExecutionGrpcIT.databaseFailureRollsBackAndHidesPrivateDetails(RootExecutionGrpcIT.java:104)

[ERROR] org.weaveos.workflow.RootExecutionGrpcIT.executionFirstCannotBecomeCancelled -- Time elapsed: 0.430 s <<< ERROR!
io.grpc.StatusRuntimeException: UNIMPLEMENTED: Method weaveos.workflow.v1.ExecutionService/Execute is unimplemented
	at io.grpc.stub.ClientCalls.toStatusRuntimeException(ClientCalls.java:368)
	at io.grpc.stub.ClientCalls.getUnchecked(ClientCalls.java:349)
	at io.grpc.stub.ClientCalls.blockingUnaryCall(ClientCalls.java:174)
	at org.weaveos.workflow.v1.ExecutionServiceGrpc$ExecutionServiceBlockingStub.execute(ExecutionServiceGrpc.java:302)
	at org.weaveos.workflow.RootExecutionGrpcIT.executionFirstCannotBecomeCancelled(RootExecutionGrpcIT.java:89)

[ERROR] org.weaveos.workflow.RootExecutionGrpcIT.cancellationFirstDurablyPreventsExecution -- Time elapsed: 0.375 s <<< ERROR!
io.grpc.StatusRuntimeException: UNIMPLEMENTED: Method weaveos.workflow.v1.ExecutionService/EstablishNoEffect is unimplemented
	at io.grpc.stub.ClientCalls.toStatusRuntimeException(ClientCalls.java:368)
	at io.grpc.stub.ClientCalls.getUnchecked(ClientCalls.java:349)
	at io.grpc.stub.ClientCalls.blockingUnaryCall(ClientCalls.java:174)
	at org.weaveos.workflow.v1.ExecutionServiceGrpc$ExecutionServiceBlockingStub.establishNoEffect(ExecutionServiceGrpc.java:316)
	at org.weaveos.workflow.RootExecutionGrpcIT.cancellationFirstDurablyPreventsExecution(RootExecutionGrpcIT.java:84)

[ERROR] org.weaveos.workflow.RootExecutionGrpcIT.everyMethodRejectsProvisionalOuterTransaction -- Time elapsed: 0.393 s <<< FAILURE!
org.opentest4j.AssertionFailedError: expected: <FAILED_PRECONDITION> but was: <UNIMPLEMENTED>
	at org.junit.jupiter.api.AssertionFailureBuilder.build(AssertionFailureBuilder.java:158)
	at org.junit.jupiter.api.AssertionFailureBuilder.buildAndThrow(AssertionFailureBuilder.java:139)
	at org.junit.jupiter.api.AssertEquals.failNotEqual(AssertEquals.java:201)
	at org.junit.jupiter.api.AssertEquals.assertEquals(AssertEquals.java:184)
	at org.junit.jupiter.api.AssertEquals.assertEquals(AssertEquals.java:179)
	at org.junit.jupiter.api.Assertions.assertEquals(Assertions.java:1188)
	at org.weaveos.workflow.RootExecutionGrpcIT.everyMethodRejectsProvisionalOuterTransaction(RootExecutionGrpcIT.java:120)

[ERROR] org.weaveos.workflow.RootExecutionGrpcIT.missingLookupIsExplicitAndDoesNotCancel -- Time elapsed: 0.413 s <<< ERROR!
io.grpc.StatusRuntimeException: UNIMPLEMENTED: Method weaveos.workflow.v1.ExecutionService/Lookup is unimplemented
	at io.grpc.stub.ClientCalls.toStatusRuntimeException(ClientCalls.java:368)
	at io.grpc.stub.ClientCalls.getUnchecked(ClientCalls.java:349)
	at io.grpc.stub.ClientCalls.blockingUnaryCall(ClientCalls.java:174)
	at org.weaveos.workflow.v1.ExecutionServiceGrpc$ExecutionServiceBlockingStub.lookup(ExecutionServiceGrpc.java:309)
	at org.weaveos.workflow.RootExecutionGrpcIT.missingLookupIsExplicitAndDoesNotCancel(RootExecutionGrpcIT.java:74)

[ERROR] org.weaveos.workflow.RootExecutionGrpcIT.duplicateExecutionReplaysExactReceipt -- Time elapsed: 0.373 s <<< ERROR!
io.grpc.StatusRuntimeException: UNIMPLEMENTED: Method weaveos.workflow.v1.ExecutionService/Execute is unimplemented
	at io.grpc.stub.ClientCalls.toStatusRuntimeException(ClientCalls.java:368)
	at io.grpc.stub.ClientCalls.getUnchecked(ClientCalls.java:349)
	at io.grpc.stub.ClientCalls.blockingUnaryCall(ClientCalls.java:174)
	at org.weaveos.workflow.v1.ExecutionServiceGrpc$ExecutionServiceBlockingStub.execute(ExecutionServiceGrpc.java:302)
	at org.weaveos.workflow.RootExecutionGrpcIT.duplicateExecutionReplaysExactReceipt(RootExecutionGrpcIT.java:65)

[ERROR] org.weaveos.workflow.RootExecutionGrpcIT.invalidRequestsNeverWriteLedger -- Time elapsed: 0.381 s <<< FAILURE!
org.opentest4j.AssertionFailedError: expected: <INVALID_ARGUMENT> but was: <UNIMPLEMENTED>
	at org.junit.jupiter.api.AssertionFailureBuilder.build(AssertionFailureBuilder.java:158)
	at org.junit.jupiter.api.AssertionFailureBuilder.buildAndThrow(AssertionFailureBuilder.java:139)
	at org.junit.jupiter.api.AssertEquals.failNotEqual(AssertEquals.java:201)
	at org.junit.jupiter.api.AssertEquals.assertEquals(AssertEquals.java:184)
	at org.junit.jupiter.api.AssertEquals.assertEquals(AssertEquals.java:179)
	at org.junit.jupiter.api.Assertions.assertEquals(Assertions.java:1188)
	at org.weaveos.workflow.RootExecutionGrpcIT.status(RootExecutionGrpcIT.java:43)
	at org.weaveos.workflow.RootExecutionGrpcIT.invalidRequestsNeverWriteLedger(RootExecutionGrpcIT.java:96)

[INFO] 
[INFO] Results:
[INFO] 
[ERROR] Failures: 
[ERROR]   RootExecutionGrpcIT.databaseFailureRollsBackAndHidesPrivateDetails:104 expected: <UNAVAILABLE> but was: <UNIMPLEMENTED>
[ERROR]   RootExecutionGrpcIT.everyMethodRejectsProvisionalOuterTransaction:120 expected: <FAILED_PRECONDITION> but was: <UNIMPLEMENTED>
[ERROR]   RootExecutionGrpcIT.invalidRequestsNeverWriteLedger:96->status:43 expected: <INVALID_ARGUMENT> but was: <UNIMPLEMENTED>
[ERROR]   RootExecutionGrpcIT.lostReplyThenServiceRestartRecoversCommittedReceipt:138->status:43 expected: <UNAVAILABLE> but was: <UNIMPLEMENTED>
[ERROR] Errors: 
[ERROR]   RootExecutionGrpcIT.cancellationFirstDurablyPreventsExecution:84 » StatusRuntime UNIMPLEMENTED: Method weaveos.workflow.v1.ExecutionService/EstablishNoEffect is unimplemented
[ERROR]   RootExecutionGrpcIT.conflictingCommandCannotReuseIdentity:69 » StatusRuntime UNIMPLEMENTED: Method weaveos.workflow.v1.ExecutionService/Execute is unimplemented
[ERROR]   RootExecutionGrpcIT.duplicateExecutionReplaysExactReceipt:65 » StatusRuntime UNIMPLEMENTED: Method weaveos.workflow.v1.ExecutionService/Execute is unimplemented
[ERROR]   RootExecutionGrpcIT.executeReturnsCommittedBoundReceipt:59 » StatusRuntime UNIMPLEMENTED: Method weaveos.workflow.v1.ExecutionService/Execute is unimplemented
[ERROR]   RootExecutionGrpcIT.executionFirstCannotBecomeCancelled:89 » StatusRuntime UNIMPLEMENTED: Method weaveos.workflow.v1.ExecutionService/Execute is unimplemented
[ERROR]   RootExecutionGrpcIT.lookupRejectsDifferentFingerprint:79 » StatusRuntime UNIMPLEMENTED: Method weaveos.workflow.v1.ExecutionService/Execute is unimplemented
[ERROR]   RootExecutionGrpcIT.missingLookupIsExplicitAndDoesNotCancel:74 » StatusRuntime UNIMPLEMENTED: Method weaveos.workflow.v1.ExecutionService/Lookup is unimplemented
[INFO] 
[ERROR] Tests run: 11, Failures: 4, Errors: 7, Skipped: 0
[INFO] 
[INFO] ------------------------------------------------------------------------
[INFO] BUILD FAILURE
[INFO] ------------------------------------------------------------------------
[INFO] Total time:  10.021 s
[INFO] Finished at: 2026-10-05T10:09:35Z
[INFO] ------------------------------------------------------------------------
[ERROR] Failed to execute goal org.apache.maven.plugins:maven-surefire-plugin:3.5.4:test (default-test) on project workflow-engine: There are test failures.
[ERROR] 
[ERROR] See /proof/target/execution-rpc-red-reports for the individual test results.
[ERROR] See dump files (if any exist) [date].dump, [date]-jvmRun[N].dump and [date].dumpstream.
[ERROR] -> [Help 1]
[ERROR] 
[ERROR] To see the full stack trace of the errors, re-run Maven with the -e switch.
[ERROR] Re-run Maven using the -X switch to enable full debug logging.
[ERROR] 
[ERROR] For more information about the errors and possible solutions, please read the following articles:
[ERROR] [Help 1] http://cwiki.apache.org/confluence/display/MAVEN/MojoFailureException
