
Running 9 tests using 1 worker

  ✓  1 [chromium] › src/root-record-shell.component.spec.ts:44:1 › Root Shell ordinary form route mounts records under the original persistent chrome (1.8s)
  ✘  2 [chromium] › src/root-record-shell.component.spec.ts:54:1 › Root Shell create then read authoritative normalized data and edit a record (2.3s)
  ✓  3 [chromium] › src/root-record-shell.component.spec.ts:73:1 › Root confirmed write with failed reread remains saved and cannot submit again (2.2s)
  ✓  4 [chromium] › src/root-record-shell.component.spec.ts:82:1 › Root create-only actor confirms a receipt without an unauthorized detail or search read (1.7s)
  ✓  5 [chromium] › src/root-record-shell.component.spec.ts:88:1 › Root opening an existing row validates the original query before reading detail (1.9s)
  ✓  6 [chromium] › src/root-record-shell.component.spec.ts:95:1 › Root dirty record modal close requires an explicit discard and restores the origin focus (2.1s)
  ✓  7 [chromium] › src/root-record-shell.component.spec.ts:103:1 › Root ordinary actor cannot load owner definition by entering the design URL (1.5s)
  ✓  8 [chromium] › src/root-record-shell.component.spec.ts:110:1 › Root ordinary record editor searches only field-scoped reference candidates (2.3s)
  ✓  9 [chromium] › src/root-record-shell.component.spec.ts:127:1 › Root owner returns from configuration to the runtime page that opened it (2.0s)


  1) [chromium] › src/root-record-shell.component.spec.ts:54:1 › Root Shell create then read authoritative normalized data and edit a record 

    Error: expect(received).toBeGreaterThanOrEqual(expected)

    Expected: >= 2
    Received:    1

      67 |  expect(writes[1].body).toMatchObject({expectedSchemaVersion:1,expectedRecordVersion:1,changes:{[fieldId]:'20.10'}});
      68 |  expect(writes[1].body.operationId).not.toBe(writes[0].body.operationId);
    > 69 |  expect(api.calls.filter(c=>c.path===formPath+'/records/'+recordId&&c.method==='GET').length).toBeGreaterThanOrEqual(2);
         |                                                                                               ^
      70 |  expect(await shell!.evaluate(node=>node.isConnected)).toBe(true);
      71 |  await page.screenshot({path:test.info().outputPath('record-shell-saved-detail.png'),fullPage:true});
      72 | });
        at /repo/apps/web/src/root-record-shell.component.spec.ts:69:95

    Error Context: ../../../out/root-record-shell.componen-470b5-ized-data-and-edit-a-record-chromium/error-context.md

  1 failed
    [chromium] › src/root-record-shell.component.spec.ts:54:1 › Root Shell create then read authoritative normalized data and edit a record 
  8 passed (25.1s)
