=== RUN   TestAcceptanceSeedProducesIsolatedUsableFixtures
--- PASS: TestAcceptanceSeedProducesIsolatedUsableFixtures (0.72s)
=== RUN   TestAcceptanceSeedRejectsNonTestDatabaseBeforeMutation
--- PASS: TestAcceptanceSeedRejectsNonTestDatabaseBeforeMutation (0.00s)
PASS
ok  	github.com/Hubujiu/WeaveOS/services/bff/cmd/acceptance-seed	1.742s
=== RUN   TestMaintenanceRequiresExplicitSingleRun
--- PASS: TestMaintenanceRequiresExplicitSingleRun (1.05s)
PASS
ok  	github.com/Hubujiu/WeaveOS/services/bff/cmd/audit-maintenance	2.071s
?   	github.com/Hubujiu/WeaveOS/services/bff/cmd/audit-read	[no test files]
=== RUN   TestReadAuthenticationConfiguration
--- PASS: TestReadAuthenticationConfiguration (0.00s)
=== RUN   TestCompositionWiresRealAuthenticationAndReadiness
--- PASS: TestCompositionWiresRealAuthenticationAndReadiness (0.03s)
=== RUN   TestCompositionRejectsIncompleteAuthenticationConfig
--- PASS: TestCompositionRejectsIncompleteAuthenticationConfig (0.00s)
=== RUN   TestCompositionWiresPersonnelAndOrdinaryInvitationQ25
=== RUN   TestCompositionWiresPersonnelAndOrdinaryInvitationQ25/own_access
=== RUN   TestCompositionWiresPersonnelAndOrdinaryInvitationQ25/ordinary_invitation
=== RUN   TestCompositionWiresPersonnelAndOrdinaryInvitationQ25/password_reset_remains_Root
--- PASS: TestCompositionWiresPersonnelAndOrdinaryInvitationQ25 (0.11s)
    --- PASS: TestCompositionWiresPersonnelAndOrdinaryInvitationQ25/own_access (0.01s)
    --- PASS: TestCompositionWiresPersonnelAndOrdinaryInvitationQ25/ordinary_invitation (0.02s)
    --- PASS: TestCompositionWiresPersonnelAndOrdinaryInvitationQ25/password_reset_remains_Root (0.00s)
=== RUN   TestConfiguredProxyHostsAreReadAndInvalidHostsRejected
--- PASS: TestConfiguredProxyHostsAreReadAndInvalidHostsRejected (0.00s)
PASS
ok  	github.com/Hubujiu/WeaveOS/services/bff/cmd/bff	1.155s
=== RUN   TestControlledMaintenanceAndReaderUseTheirActualRestrictedRoles
    maintenance_test.go:45: ERROR: cannot truncate a table referenced in a foreign key constraint (SQLSTATE 0A000)
--- FAIL: TestControlledMaintenanceAndReaderUseTheirActualRestrictedRoles (0.03s)
=== RUN   TestMonthlyArchiveAndAnnualExpiry
    maintenance_test.go:105: ERROR: cannot truncate a table referenced in a foreign key constraint (SQLSTATE 0A000)
--- FAIL: TestMonthlyArchiveAndAnnualExpiry (0.04s)
=== RUN   TestArchiveConflictAndUnavailableColdPreserveHotHistory
    maintenance_test.go:135: ERROR: cannot truncate a table referenced in a foreign key constraint (SQLSTATE 0A000)
--- FAIL: TestArchiveConflictAndUnavailableColdPreserveHotHistory (0.03s)
=== RUN   TestCommittedCopyThenRetryIsSafe
    maintenance_test.go:154: ERROR: cannot truncate a table referenced in a foreign key constraint (SQLSTATE 0A000)
--- FAIL: TestCommittedCopyThenRetryIsSafe (0.03s)
=== RUN   TestLeapYearRetentionUsesCalendarYear
    maintenance_test.go:165: ERROR: cannot truncate a table referenced in a foreign key constraint (SQLSTATE 0A000)
--- FAIL: TestLeapYearRetentionUsesCalendarYear (0.04s)
=== RUN   TestAuditReadRequiresCurrentBootstrapAndDoesNotReadCold
    maintenance_test.go:176: ERROR: cannot truncate a table referenced in a foreign key constraint (SQLSTATE 0A000)
--- FAIL: TestAuditReadRequiresCurrentBootstrapAndDoesNotReadCold (0.04s)
=== RUN   TestPersonnelArchivePreservesSafeSummaryAndOriginalRetention
    personnel_archive_test.go:10: ERROR: cannot truncate a table referenced in a foreign key constraint (SQLSTATE 0A000)
--- FAIL: TestPersonnelArchivePreservesSafeSummaryAndOriginalRetention (0.03s)
=== RUN   TestAuditReadDeniesOrdinaryDisabledStaleAndAnonymous
    read_test.go:33: ERROR: cannot truncate a table referenced in a foreign key constraint (SQLSTATE 0A000)
--- FAIL: TestAuditReadDeniesOrdinaryDisabledStaleAndAnonymous (0.03s)
=== RUN   TestColdArchiveSchema
--- PASS: TestColdArchiveSchema (0.05s)
=== RUN   TestRuntimeRolesRestrictAuditAndBootstrap
--- PASS: TestRuntimeRolesRestrictAuditAndBootstrap (0.03s)
=== RUN   TestColdMaintenanceRoleCanOnlyMaintainAudit
--- PASS: TestColdMaintenanceRoleCanOnlyMaintainAudit (0.02s)
=== RUN   TestBackupIdentitySeparateFromRuntime
--- PASS: TestBackupIdentitySeparateFromRuntime (0.02s)
FAIL
FAIL	github.com/Hubujiu/WeaveOS/services/bff/internal/audit	0.409s
=== RUN   TestUncertainCommitNeverClaimsSuccess
=== RUN   TestUncertainCommitNeverClaimsSuccess/invitation
=== RUN   TestUncertainCommitNeverClaimsSuccess/reset
--- PASS: TestUncertainCommitNeverClaimsSuccess (0.99s)
    --- PASS: TestUncertainCommitNeverClaimsSuccess/invitation (0.49s)
    --- PASS: TestUncertainCommitNeverClaimsSuccess/reset (0.50s)
=== RUN   TestApplicationRegistrationWithoutHTTP
--- PASS: TestApplicationRegistrationWithoutHTTP (0.37s)
=== RUN   TestApplicationLoginWithoutHTTP
--- PASS: TestApplicationLoginWithoutHTTP (0.25s)
=== RUN   TestApplicationInvitationWithoutHTTP
--- PASS: TestApplicationInvitationWithoutHTTP (0.23s)
=== RUN   TestApplicationPasswordResetWithoutHTTP
--- PASS: TestApplicationPasswordResetWithoutHTTP (0.36s)
=== RUN   TestHTTPFunctionsDoNotExecuteAuthenticationStorage
--- PASS: TestHTTPFunctionsDoNotExecuteAuthenticationStorage (0.01s)
=== RUN   TestAcceptedUnauthorizedChallengeAndPublicMessages
--- PASS: TestAcceptedUnauthorizedChallengeAndPublicMessages (0.03s)
=== RUN   TestCommittedWriteSurvivesRenewalFailure
=== RUN   TestCommittedWriteSurvivesRenewalFailure/invitation/revoked
=== RUN   TestCommittedWriteSurvivesRenewalFailure/invitation/disconnected
redis: 2026/10/01 12:55:03 pool.go:762: redis: connection pool: failed to dial after 1 attempts: dial tcp 127.0.0.1:46423: connect: connection refused
redis: 2026/10/01 12:55:03 pool.go:762: redis: connection pool: failed to dial after 1 attempts: dial tcp 127.0.0.1:46423: connect: connection refused
=== RUN   TestCommittedWriteSurvivesRenewalFailure/reset/revoked
=== RUN   TestCommittedWriteSurvivesRenewalFailure/reset/disconnected
redis: 2026/10/01 12:55:04 pool.go:762: redis: connection pool: failed to dial after 1 attempts: dial tcp 127.0.0.1:43759: connect: connection refused
redis: 2026/10/01 12:55:04 pool.go:762: redis: connection pool: failed to dial after 1 attempts: dial tcp 127.0.0.1:43759: connect: connection refused
--- PASS: TestCommittedWriteSurvivesRenewalFailure (1.63s)
    --- PASS: TestCommittedWriteSurvivesRenewalFailure/invitation/revoked (0.38s)
    --- PASS: TestCommittedWriteSurvivesRenewalFailure/invitation/disconnected (0.38s)
    --- PASS: TestCommittedWriteSurvivesRenewalFailure/reset/revoked (0.38s)
    --- PASS: TestCommittedWriteSurvivesRenewalFailure/reset/disconnected (0.50s)
=== RUN   TestPasswordPrintableASCII
--- PASS: TestPasswordPrintableASCII (0.00s)
=== RUN   TestRegistrationRejectsNonPrintableASCIIBeforeConsumingInvitation
--- PASS: TestRegistrationRejectsNonPrintableASCIIBeforeConsumingInvitation (0.34s)
=== RUN   TestPasswordPolicy
--- PASS: TestPasswordPolicy (0.00s)
=== RUN   TestPasswordHashIsSaltedAndVerifiable
--- PASS: TestPasswordHashIsSaltedAndVerifiable (0.29s)
=== RUN   TestVerifyIndependentPHCAndRejectMalformed
--- PASS: TestVerifyIndependentPHCAndRejectMalformed (0.11s)
=== RUN   TestInvitationUsesLivePersonnelQualificationInOwnedTransactionQ25
--- PASS: TestInvitationUsesLivePersonnelQualificationInOwnedTransactionQ25 (0.25s)
=== RUN   TestRealHTTPSCookiesRestoreAndLogout
--- PASS: TestRealHTTPSCookiesRestoreAndLogout (0.20s)
=== RUN   TestHTTPProtocolRejectsMalformedWriteDTOs
=== RUN   TestHTTPProtocolRejectsMalformedWriteDTOs/unknown
=== RUN   TestHTTPProtocolRejectsMalformedWriteDTOs/trailing
=== RUN   TestHTTPProtocolRejectsMalformedWriteDTOs/duplicate
=== RUN   TestHTTPProtocolRejectsMalformedWriteDTOs/null
=== RUN   TestHTTPProtocolRejectsMalformedWriteDTOs/wrong_media
=== RUN   TestHTTPProtocolRejectsMalformedWriteDTOs/foreign_source
--- PASS: TestHTTPProtocolRejectsMalformedWriteDTOs (0.12s)
    --- PASS: TestHTTPProtocolRejectsMalformedWriteDTOs/unknown (0.00s)
    --- PASS: TestHTTPProtocolRejectsMalformedWriteDTOs/trailing (0.00s)
    --- PASS: TestHTTPProtocolRejectsMalformedWriteDTOs/duplicate (0.00s)
    --- PASS: TestHTTPProtocolRejectsMalformedWriteDTOs/null (0.00s)
    --- PASS: TestHTTPProtocolRejectsMalformedWriteDTOs/wrong_media (0.00s)
    --- PASS: TestHTTPProtocolRejectsMalformedWriteDTOs/foreign_source (0.00s)
=== RUN   TestAuditRequestIDMatchesResponseAndUnknownAccountHMAC
--- PASS: TestAuditRequestIDMatchesResponseAndUnknownAccountHMAC (0.04s)
=== RUN   TestResetAndInvitationAuditFailureRollBack
--- PASS: TestResetAndInvitationAuditFailureRollBack (0.40s)
=== RUN   TestUnknownAPIReturnsEnvelope404
--- PASS: TestUnknownAPIReturnsEnvelope404 (0.04s)
=== RUN   TestRevokedSessionAndFailedRegistrationProduceSanitizedAudit
--- PASS: TestRevokedSessionAndFailedRegistrationProduceSanitizedAudit (0.33s)
=== RUN   TestAuditClientIPOnlyTrustsConfiguredProxy
--- PASS: TestAuditClientIPOnlyTrustsConfiguredProxy (0.05s)
=== RUN   TestIngressRequestIDMatchesResponseAndAudit
--- PASS: TestIngressRequestIDMatchesResponseAndAudit (0.03s)
=== RUN   TestPasswordResetBetweenCredentialReadAndSessionCreation
--- PASS: TestPasswordResetBetweenCredentialReadAndSessionCreation (0.47s)
=== RUN   TestRegistrationAtomicHTTP
--- PASS: TestRegistrationAtomicHTTP (0.64s)
=== RUN   TestConcurrentInvitationHTTP
--- PASS: TestConcurrentInvitationHTTP (0.35s)
=== RUN   TestLoginCurrentLogoutHTTP
--- PASS: TestLoginCurrentLogoutHTTP (0.28s)
=== RUN   TestBootstrapInvitationResetAndRevocationHTTP
--- PASS: TestBootstrapInvitationResetAndRevocationHTTP (0.68s)
=== RUN   TestAuditFailureFailsLoginClosedAndLogoutRemainsRevoked
--- PASS: TestAuditFailureFailsLoginClosedAndLogoutRemainsRevoked (0.29s)
=== RUN   TestReadinessAndAuditPrivacyHTTP
--- PASS: TestReadinessAndAuditPrivacyHTTP (0.28s)
=== RUN   TestFieldValidationUsesApprovedEnvelope
--- PASS: TestFieldValidationUsesApprovedEnvelope (0.04s)
PASS
ok  	github.com/Hubujiu/WeaveOS/services/bff/internal/auth	10.109s
=== RUN   TestOnlyTrustedInjectionCreatesIdentityContext
--- PASS: TestOnlyTrustedInjectionCreatesIdentityContext (0.00s)
=== RUN   TestIdentityContextRejectsMissingOrMalformedIdentifiers
--- PASS: TestIdentityContextRejectsMissingOrMalformedIdentifiers (0.00s)
PASS
ok  	github.com/Hubujiu/WeaveOS/services/bff/internal/identity	1.016s
=== RUN   TestCanonicalInvitationDigestVector
--- PASS: TestCanonicalInvitationDigestVector (0.00s)
=== RUN   TestGenerateIndependentCanonicalCodes
--- PASS: TestGenerateIndependentCanonicalCodes (0.00s)
PASS
ok  	github.com/Hubujiu/WeaveOS/services/bff/internal/invitation	1.013s
=== RUN   TestPersonnelActivityViewQ25
--- PASS: TestPersonnelActivityViewQ25 (0.03s)
=== RUN   TestPersonnelRuntimeRolesQ25
=== RUN   TestPersonnelRuntimeRolesQ25/auth_app/personnel.identities/SELECT
=== RUN   TestPersonnelRuntimeRolesQ25/auth_app/personnel.identities/INSERT
=== RUN   TestPersonnelRuntimeRolesQ25/auth_app/personnel.identities/UPDATE
=== RUN   TestPersonnelRuntimeRolesQ25/auth_app/personnel.identities/DELETE
=== RUN   TestPersonnelRuntimeRolesQ25/auth_app/personnel.permission_catalog/SELECT
=== RUN   TestPersonnelRuntimeRolesQ25/auth_app/personnel.permission_catalog/INSERT
=== RUN   TestPersonnelRuntimeRolesQ25/auth_app/personnel.permission_catalog/UPDATE
=== RUN   TestPersonnelRuntimeRolesQ25/auth_app/personnel.permission_catalog/DELETE
=== RUN   TestPersonnelRuntimeRolesQ25/auth_app/personnel.activity_events/SELECT
=== RUN   TestPersonnelRuntimeRolesQ25/auth_app/auth.authentication_events/SELECT
=== RUN   TestPersonnelRuntimeRolesQ25/auth_app/auth.authentication_events/INSERT
=== RUN   TestPersonnelRuntimeRolesQ25/auth_app/auth.authentication_events/UPDATE
=== RUN   TestPersonnelRuntimeRolesQ25/auth_maintenance/personnel.identities/UPDATE
=== RUN   TestPersonnelRuntimeRolesQ25/auth_reader/personnel.identities/UPDATE
=== RUN   TestPersonnelRuntimeRolesQ25/auth_backup/personnel.identities/SELECT
--- PASS: TestPersonnelRuntimeRolesQ25 (0.04s)
    --- PASS: TestPersonnelRuntimeRolesQ25/auth_app/personnel.identities/SELECT (0.00s)
    --- PASS: TestPersonnelRuntimeRolesQ25/auth_app/personnel.identities/INSERT (0.00s)
    --- PASS: TestPersonnelRuntimeRolesQ25/auth_app/personnel.identities/UPDATE (0.00s)
    --- PASS: TestPersonnelRuntimeRolesQ25/auth_app/personnel.identities/DELETE (0.00s)
    --- PASS: TestPersonnelRuntimeRolesQ25/auth_app/personnel.permission_catalog/SELECT (0.00s)
    --- PASS: TestPersonnelRuntimeRolesQ25/auth_app/personnel.permission_catalog/INSERT (0.00s)
    --- PASS: TestPersonnelRuntimeRolesQ25/auth_app/personnel.permission_catalog/UPDATE (0.00s)
    --- PASS: TestPersonnelRuntimeRolesQ25/auth_app/personnel.permission_catalog/DELETE (0.00s)
    --- PASS: TestPersonnelRuntimeRolesQ25/auth_app/personnel.activity_events/SELECT (0.00s)
    --- PASS: TestPersonnelRuntimeRolesQ25/auth_app/auth.authentication_events/SELECT (0.00s)
    --- PASS: TestPersonnelRuntimeRolesQ25/auth_app/auth.authentication_events/INSERT (0.00s)
    --- PASS: TestPersonnelRuntimeRolesQ25/auth_app/auth.authentication_events/UPDATE (0.00s)
    --- PASS: TestPersonnelRuntimeRolesQ25/auth_maintenance/personnel.identities/UPDATE (0.00s)
    --- PASS: TestPersonnelRuntimeRolesQ25/auth_reader/personnel.identities/UPDATE (0.00s)
    --- PASS: TestPersonnelRuntimeRolesQ25/auth_backup/personnel.identities/SELECT (0.00s)
=== RUN   TestPersonnelSchemaMatchesQ25
--- PASS: TestPersonnelSchemaMatchesQ25 (0.03s)
=== RUN   TestPersonnelConstraintsQ25
=== RUN   TestPersonnelConstraintsQ25/one_protected_root
=== RUN   TestPersonnelConstraintsQ25/nonroot_needs_parent
=== RUN   TestPersonnelConstraintsQ25/name_required
=== RUN   TestPersonnelConstraintsQ25/positive_object_version
=== RUN   TestPersonnelConstraintsQ25/catalog_no_made-up_system_grants
=== RUN   TestPersonnelConstraintsQ25/application_must_exist_as_stable_id
=== RUN   TestPersonnelConstraintsQ25/missing_user_rejected
=== RUN   TestPersonnelConstraintsQ25/audit_cannot_omit_safe_summary
=== RUN   TestPersonnelConstraintsQ25/audit_summary_cannot_be_SQL_NULL
=== RUN   TestPersonnelConstraintsQ25/audit_summary_must_be_object
=== RUN   TestPersonnelConstraintsQ25/old_auth_events_cannot_smuggle_summaries
--- PASS: TestPersonnelConstraintsQ25 (0.04s)
    --- PASS: TestPersonnelConstraintsQ25/one_protected_root (0.00s)
    --- PASS: TestPersonnelConstraintsQ25/nonroot_needs_parent (0.00s)
    --- PASS: TestPersonnelConstraintsQ25/name_required (0.00s)
    --- PASS: TestPersonnelConstraintsQ25/positive_object_version (0.00s)
    --- PASS: TestPersonnelConstraintsQ25/catalog_no_made-up_system_grants (0.00s)
    --- PASS: TestPersonnelConstraintsQ25/application_must_exist_as_stable_id (0.00s)
    --- PASS: TestPersonnelConstraintsQ25/missing_user_rejected (0.00s)
    --- PASS: TestPersonnelConstraintsQ25/audit_cannot_omit_safe_summary (0.00s)
    --- PASS: TestPersonnelConstraintsQ25/audit_summary_cannot_be_SQL_NULL (0.00s)
    --- PASS: TestPersonnelConstraintsQ25/audit_summary_must_be_object (0.00s)
    --- PASS: TestPersonnelConstraintsQ25/old_auth_events_cannot_smuggle_summaries (0.00s)
=== RUN   TestQ36QueryDraftSchema
--- PASS: TestQ36QueryDraftSchema (0.06s)
=== RUN   TestRegisterConsumesInvitationOnceAndRollsBackConflict
--- PASS: TestRegisterConsumesInvitationOnceAndRollsBackConflict (0.05s)
=== RUN   TestRegisterPreservesCaseAndRejectsInternalSpaces
--- PASS: TestRegisterPreservesCaseAndRejectsInternalSpaces (0.05s)
=== RUN   TestRegisterConcurrentUseOfOneInvitation
--- PASS: TestRegisterConcurrentUseOfOneInvitation (0.07s)
=== RUN   TestAuthSchemaMatchesApprovedDictionary
--- PASS: TestAuthSchemaMatchesApprovedDictionary (0.02s)
=== RUN   TestBootstrapSeedIsIdempotentAndDoesNotChangeExistingAccount
--- PASS: TestBootstrapSeedIsIdempotentAndDoesNotChangeExistingAccount (0.05s)
=== RUN   TestBootstrapSeedRefusesToPromoteSameNameOrdinaryAccount
--- PASS: TestBootstrapSeedRefusesToPromoteSameNameOrdinaryAccount (0.05s)
PASS
ok  	github.com/Hubujiu/WeaveOS/services/bff/internal/persistence	1.497s
?   	github.com/Hubujiu/WeaveOS/services/bff/internal/persistence/authsql	[no test files]
=== RUN   TestAuthorizationLocksActualDependenciesQ25
--- PASS: TestAuthorizationLocksActualDependenciesQ25 (0.09s)
=== RUN   TestRootOnlyKnownEnabledApplicationsQ25
--- PASS: TestRootOnlyKnownEnabledApplicationsQ25 (0.08s)
=== RUN   TestLiveUnionAndSourcesQ25
--- PASS: TestLiveUnionAndSourcesQ25 (0.07s)
=== RUN   TestNoIdentityNoGrantAndNoForgedRootQ25
--- PASS: TestNoIdentityNoGrantAndNoForgedRootQ25 (0.08s)
=== RUN   TestDisabledAndStaleAccountFailClosedQ25
--- PASS: TestDisabledAndStaleAccountFailClosedQ25 (0.09s)
=== RUN   TestWriteAuthorizationUsesCurrentConfigurationQ25
--- PASS: TestWriteAuthorizationUsesCurrentConfigurationQ25 (0.08s)
=== RUN   TestApplicationFixtureRealHTTPSCentralAndOwnedResourceBoundaries
--- PASS: TestApplicationFixtureRealHTTPSCentralAndOwnedResourceBoundaries (0.16s)
=== RUN   TestPersonnelCommittedWriteSurvivesRealRenewalFailureQ19
=== RUN   TestPersonnelCommittedWriteSurvivesRealRenewalFailureQ19/revoked
=== RUN   TestPersonnelCommittedWriteSurvivesRealRenewalFailureQ19/unavailable
--- PASS: TestPersonnelCommittedWriteSurvivesRealRenewalFailureQ19 (0.30s)
    --- PASS: TestPersonnelCommittedWriteSurvivesRealRenewalFailureQ19/revoked (0.14s)
    --- PASS: TestPersonnelCommittedWriteSurvivesRealRenewalFailureQ19/unavailable (0.16s)
=== RUN   TestPersonnelWriteFirstProtectsAuthorizationUntilCommitQ25
--- PASS: TestPersonnelWriteFirstProtectsAuthorizationUntilCommitQ25 (0.27s)
=== RUN   TestPersonnelRevocationFirstRejectsBusinessAndAuditQ25
--- PASS: TestPersonnelRevocationFirstRejectsBusinessAndAuditQ25 (0.21s)
=== RUN   TestConcurrentFirstMemberEditUsesOneVersionRowQ25
--- PASS: TestConcurrentFirstMemberEditUsesOneVersionRowQ25 (0.14s)
=== RUN   TestDefinitionCreateUpdateVersionAndAuditQ25
--- PASS: TestDefinitionCreateUpdateVersionAndAuditQ25 (0.14s)
=== RUN   TestDefinitionValidationAndReferenceProtectionQ25
--- PASS: TestDefinitionValidationAndReferenceProtectionQ25 (0.12s)
=== RUN   TestDefinitionAuditFailureRollsBackQ25
--- PASS: TestDefinitionAuditFailureRollsBackQ25 (0.17s)
=== RUN   TestDefinitionPaginationAndServerSearchQ25
--- PASS: TestDefinitionPaginationAndServerSearchQ25 (0.11s)
=== RUN   TestDraftQ36CleanupWaitsForNewerCommit
    drafts_concurrency_test.go:21: explicit incomplete save must succeed: ERROR: permission denied for table drafts (SQLSTATE 42501)
--- FAIL: TestDraftQ36CleanupWaitsForNewerCommit (0.09s)
=== RUN   TestDraftQ36SaveHoldsAuthorizationUntilCommit
    drafts_concurrency_test.go:67: explicit incomplete save must succeed: ERROR: permission denied for table drafts (SQLSTATE 42501)
--- FAIL: TestDraftQ36SaveHoldsAuthorizationUntilCommit (0.09s)
=== RUN   TestDraftQ36UnicodeCanonicalBoundaryAndOriginalBase
    drafts_concurrency_test.go:121: explicit incomplete save must succeed: ERROR: permission denied for table drafts (SQLSTATE 42501)
--- FAIL: TestDraftQ36UnicodeCanonicalBoundaryAndOriginalBase (0.11s)
=== RUN   TestDraftQ36UniqueItemsPreservesUUIDSpellings
    drafts_concurrency_test.go:161: explicit incomplete save must succeed: ERROR: permission denied for table drafts (SQLSTATE 42501)
--- FAIL: TestDraftQ36UniqueItemsPreservesUUIDSpellings (0.09s)
=== RUN   TestDraftHTTPQ36SessionCSRFAndRestore
    drafts_http_test.go:68: null target/base allowed for new object: 503 {"code":"COMMON_SERVICE_UNAVAILABLE","message":"服务暂时不可用，请稍后重试","data":null,"meta":{"requestId":"9c31d8b3f31523468cec05bb4eee9e5c"}}
--- FAIL: TestDraftHTTPQ36SessionCSRFAndRestore (0.09s)
=== RUN   TestDraftHTTPQ36StrictEnvelopeFields
    drafts_http_test.go:119: create: 503
--- FAIL: TestDraftHTTPQ36StrictEnvelopeFields (0.10s)
=== RUN   TestDraftHTTPQ36QuotaAndSummaryOrder
    drafts_http_test.go:156: quota create: 503
--- FAIL: TestDraftHTTPQ36QuotaAndSummaryOrder (0.09s)
=== RUN   TestDraftQ36LifecycleAndIsolation
    drafts_test.go:42: explicit incomplete save must succeed: ERROR: permission denied for table drafts (SQLSTATE 42501)
--- FAIL: TestDraftQ36LifecycleAndIsolation (0.14s)
=== RUN   TestDraftQ36ConcurrentCapacityAndCAS
    drafts_test.go:94: quota must return domain error: ERROR: permission denied for table drafts (SQLSTATE 42501)
--- FAIL: TestDraftQ36ConcurrentCapacityAndCAS (0.09s)
=== RUN   TestDraftQ36LiveAuthorization
=== RUN   TestDraftQ36LiveAuthorization/permission
    drafts_test.go:143: explicit incomplete save must succeed: ERROR: permission denied for table drafts (SQLSTATE 42501)
=== RUN   TestDraftQ36LiveAuthorization/disabled
    drafts_test.go:143: explicit incomplete save must succeed: ERROR: permission denied for table drafts (SQLSTATE 42501)
=== RUN   TestDraftQ36LiveAuthorization/auth-version
    drafts_test.go:143: explicit incomplete save must succeed: ERROR: permission denied for table drafts (SQLSTATE 42501)
--- FAIL: TestDraftQ36LiveAuthorization (0.23s)
    --- FAIL: TestDraftQ36LiveAuthorization/permission (0.08s)
    --- FAIL: TestDraftQ36LiveAuthorization/disabled (0.07s)
    --- FAIL: TestDraftQ36LiveAuthorization/auth-version (0.08s)
=== RUN   TestDraftQ36VariantsAndStrictPayload
    drafts_test.go:194: explicit incomplete save must succeed: ERROR: permission denied for table drafts (SQLSTATE 42501)
--- FAIL: TestDraftQ36VariantsAndStrictPayload (0.10s)
=== RUN   TestDraftQ36CanonicalBytes
    drafts_test.go:243: explicit incomplete save must succeed: ERROR: permission denied for table drafts (SQLSTATE 42501)
--- FAIL: TestDraftQ36CanonicalBytes (0.11s)
=== RUN   TestDraftQ36PreserveTargetBaseAndNoBusinessEffects
    drafts_test.go:280: explicit incomplete save must succeed: ERROR: permission denied for table drafts (SQLSTATE 42501)
--- FAIL: TestDraftQ36PreserveTargetBaseAndNoBusinessEffects (0.10s)
=== RUN   TestDraftQ36ExactTransactionalCleanup
    drafts_test.go:312: explicit incomplete save must succeed: ERROR: permission denied for table drafts (SQLSTATE 42501)
--- FAIL: TestDraftQ36ExactTransactionalCleanup (0.13s)
=== RUN   TestHTTPRealSessionOwnAccessAndRevocationQ25
--- PASS: TestHTTPRealSessionOwnAccessAndRevocationQ25 (0.09s)
=== RUN   TestHTTPDefinitionStatusesCSRFAndVersionQ25
--- PASS: TestHTTPDefinitionStatusesCSRFAndVersionQ25 (0.17s)
=== RUN   TestHTTPStrictBodyAndQueryQ25
--- PASS: TestHTTPStrictBodyAndQueryQ25 (0.15s)
=== RUN   TestHTTPMissingAndDependencyFailureQ25
--- PASS: TestHTTPMissingAndDependencyFailureQ25 (0.08s)
=== RUN   TestHTTPAllApprovedReadFamiliesQ25
=== RUN   TestHTTPAllApprovedReadFamiliesQ25/personnel/departments
=== RUN   TestHTTPAllApprovedReadFamiliesQ25/personnel/members
=== RUN   TestHTTPAllApprovedReadFamiliesQ25/personnel/identities
=== RUN   TestHTTPAllApprovedReadFamiliesQ25/personnel/templates
=== RUN   TestHTTPAllApprovedReadFamiliesQ25/personnel/permissions
=== RUN   TestHTTPAllApprovedReadFamiliesQ25/personnel/events
=== RUN   TestHTTPAllApprovedReadFamiliesQ25/members_detail
=== RUN   TestHTTPAllApprovedReadFamiliesQ25/identities_detail
=== RUN   TestHTTPAllApprovedReadFamiliesQ25/templates_detail
--- PASS: TestHTTPAllApprovedReadFamiliesQ25 (0.71s)
    --- PASS: TestHTTPAllApprovedReadFamiliesQ25/personnel/departments (0.08s)
    --- PASS: TestHTTPAllApprovedReadFamiliesQ25/personnel/members (0.09s)
    --- PASS: TestHTTPAllApprovedReadFamiliesQ25/personnel/identities (0.07s)
    --- PASS: TestHTTPAllApprovedReadFamiliesQ25/personnel/templates (0.09s)
    --- PASS: TestHTTPAllApprovedReadFamiliesQ25/personnel/permissions (0.08s)
    --- PASS: TestHTTPAllApprovedReadFamiliesQ25/personnel/events (0.08s)
    --- PASS: TestHTTPAllApprovedReadFamiliesQ25/members_detail (0.08s)
    --- PASS: TestHTTPAllApprovedReadFamiliesQ25/identities_detail (0.07s)
    --- PASS: TestHTTPAllApprovedReadFamiliesQ25/templates_detail (0.07s)
=== RUN   TestHTTPMemberAndDepartmentWritesQ25
--- PASS: TestHTTPMemberAndDepartmentWritesQ25 (0.16s)
=== RUN   TestHTTPOptionalUUIDMustNotBeNullQ25
--- PASS: TestHTTPOptionalUUIDMustNotBeNullQ25 (0.06s)
=== RUN   TestDepartmentHierarchyVersionAndProtectedDeleteQ25
--- PASS: TestDepartmentHierarchyVersionAndProtectedDeleteQ25 (0.13s)
=== RUN   TestMemberExplicitMoveMultiIdentityAndIdempotencyQ25
--- PASS: TestMemberExplicitMoveMultiIdentityAndIdempotencyQ25 (0.19s)
=== RUN   TestMemberAuditFailureRollsBackRelationAndVersionQ25
--- PASS: TestMemberAuditFailureRollsBackRelationAndVersionQ25 (0.09s)
=== RUN   TestEventsSafeFieldsDefaultWindowAndServerFiltersQ25
--- PASS: TestEventsSafeFieldsDefaultWindowAndServerFiltersQ25 (0.11s)
=== RUN   TestPersonnelReadAndWriteDenyAfterRevokeQ25
--- PASS: TestPersonnelReadAndWriteDenyAfterRevokeQ25 (0.08s)
=== RUN   TestEmptyDefinitionRelationsSerializeAsArraysQ25
--- PASS: TestEmptyDefinitionRelationsSerializeAsArraysQ25 (0.07s)
=== RUN   TestUUIDContractCaseInsensitiveReferencesAndRelations
=== RUN   TestUUIDContractCaseInsensitiveReferencesAndRelations/detail_path
=== RUN   TestUUIDContractCaseInsensitiveReferencesAndRelations/template_set
=== RUN   TestUUIDContractCaseInsensitiveReferencesAndRelations/identity_set
=== RUN   TestUUIDContractCaseInsensitiveReferencesAndRelations/explicit_group_removal
--- PASS: TestUUIDContractCaseInsensitiveReferencesAndRelations (0.41s)
    --- PASS: TestUUIDContractCaseInsensitiveReferencesAndRelations/detail_path (0.07s)
    --- PASS: TestUUIDContractCaseInsensitiveReferencesAndRelations/template_set (0.07s)
    --- PASS: TestUUIDContractCaseInsensitiveReferencesAndRelations/identity_set (0.15s)
    --- PASS: TestUUIDContractCaseInsensitiveReferencesAndRelations/explicit_group_removal (0.11s)
FAIL
FAIL	github.com/Hubujiu/WeaveOS/services/bff/internal/personnel	6.236s
=== RUN   TestBusinessHandlerReceivesPlatformSecurityHeaders
--- PASS: TestBusinessHandlerReceivesPlatformSecurityHeaders (0.00s)
=== RUN   TestLiveness
=== RUN   TestLiveness/GET
=== RUN   TestLiveness/HEAD
--- PASS: TestLiveness (0.00s)
    --- PASS: TestLiveness/GET (0.00s)
    --- PASS: TestLiveness/HEAD (0.00s)
=== RUN   TestReadiness
=== RUN   TestReadiness/unwired
=== RUN   TestReadiness/healthy
=== RUN   TestReadiness/failed
--- PASS: TestReadiness (0.00s)
    --- PASS: TestReadiness/unwired (0.00s)
    --- PASS: TestReadiness/healthy (0.00s)
    --- PASS: TestReadiness/failed (0.00s)
=== RUN   TestCancelledReadinessFailsClosed
--- PASS: TestCancelledReadinessFailsClosed (0.00s)
=== RUN   TestHealthRejectsWriteMethods
--- PASS: TestHealthRejectsWriteMethods (0.00s)
=== RUN   TestHeadersAndUntrustedRequestID
--- PASS: TestHeadersAndUntrustedRequestID (0.00s)
=== RUN   TestUnknownAPINeverFallsBackToHTML
--- PASS: TestUnknownAPINeverFallsBackToHTML (0.00s)
=== RUN   TestIngressMetadataTrustAndContext
=== RUN   TestIngressMetadataTrustAndContext/trusted
=== RUN   TestIngressMetadataTrustAndContext/direct
=== RUN   TestIngressMetadataTrustAndContext/duplicate-id
=== RUN   TestIngressMetadataTrustAndContext/invalid-id
=== RUN   TestIngressMetadataTrustAndContext/xff-chain
=== RUN   TestIngressMetadataTrustAndContext/duplicate-xff
--- PASS: TestIngressMetadataTrustAndContext (0.00s)
    --- PASS: TestIngressMetadataTrustAndContext/trusted (0.00s)
    --- PASS: TestIngressMetadataTrustAndContext/direct (0.00s)
    --- PASS: TestIngressMetadataTrustAndContext/duplicate-id (0.00s)
    --- PASS: TestIngressMetadataTrustAndContext/invalid-id (0.00s)
    --- PASS: TestIngressMetadataTrustAndContext/xff-chain (0.00s)
    --- PASS: TestIngressMetadataTrustAndContext/duplicate-xff (0.00s)
PASS
ok  	github.com/Hubujiu/WeaveOS/services/bff/internal/platform/httpserver	1.018s
=== RUN   TestCSRFTokenIsIndependentCanonicalSecretBoundBySHA256
--- PASS: TestCSRFTokenIsIndependentCanonicalSecretBoundBySHA256 (0.00s)
=== RUN   TestCSRFTokenRejectsMalformedOrDifferentValue
--- PASS: TestCSRFTokenRejectsMalformedOrDifferentValue (0.00s)
=== RUN   TestSourceMustMatchConfiguredOrigin
--- PASS: TestSourceMustMatchConfiguredOrigin (0.00s)
=== RUN   TestCSRFRequiresHeaderCookieAndSessionBinding
--- PASS: TestCSRFRequiresHeaderCookieAndSessionBinding (0.00s)
=== RUN   TestOnlyActiveMatchingAuthenticationVersionKeepsSessionValid
=== RUN   TestOnlyActiveMatchingAuthenticationVersionKeepsSessionValid/password_reset_invalidates_all_old_sessions
=== RUN   TestOnlyActiveMatchingAuthenticationVersionKeepsSessionValid/disabled_account
=== RUN   TestOnlyActiveMatchingAuthenticationVersionKeepsSessionValid/reenabled_account_uses_a_new_version
=== RUN   TestOnlyActiveMatchingAuthenticationVersionKeepsSessionValid/noncanonical_leading_zero
=== RUN   TestOnlyActiveMatchingAuthenticationVersionKeepsSessionValid/noninteger_JSON-like_version
=== RUN   TestOnlyActiveMatchingAuthenticationVersionKeepsSessionValid/negative_snapshot
=== RUN   TestOnlyActiveMatchingAuthenticationVersionKeepsSessionValid/zero_current_version
=== RUN   TestOnlyActiveMatchingAuthenticationVersionKeepsSessionValid/unknown_account_state
--- PASS: TestOnlyActiveMatchingAuthenticationVersionKeepsSessionValid (0.00s)
    --- PASS: TestOnlyActiveMatchingAuthenticationVersionKeepsSessionValid/password_reset_invalidates_all_old_sessions (0.00s)
    --- PASS: TestOnlyActiveMatchingAuthenticationVersionKeepsSessionValid/disabled_account (0.00s)
    --- PASS: TestOnlyActiveMatchingAuthenticationVersionKeepsSessionValid/reenabled_account_uses_a_new_version (0.00s)
    --- PASS: TestOnlyActiveMatchingAuthenticationVersionKeepsSessionValid/noncanonical_leading_zero (0.00s)
    --- PASS: TestOnlyActiveMatchingAuthenticationVersionKeepsSessionValid/noninteger_JSON-like_version (0.00s)
    --- PASS: TestOnlyActiveMatchingAuthenticationVersionKeepsSessionValid/negative_snapshot (0.00s)
    --- PASS: TestOnlyActiveMatchingAuthenticationVersionKeepsSessionValid/zero_current_version (0.00s)
    --- PASS: TestOnlyActiveMatchingAuthenticationVersionKeepsSessionValid/unknown_account_state (0.00s)
PASS
ok  	github.com/Hubujiu/WeaveOS/services/bff/internal/security	1.018s
=== RUN   TestRedisTransportHonorsCallerDeadline
--- PASS: TestRedisTransportHonorsCallerDeadline (0.15s)
=== RUN   TestSessionDialFailureDoesNotRetryAuthenticationTransport
redis: 2026/10/01 12:55:30 pool.go:762: redis: connection pool: failed to dial after 1 attempts: dial tcp 127.0.0.1:35967: connect: connection refused
--- PASS: TestSessionDialFailureDoesNotRetryAuthenticationTransport (0.00s)
=== RUN   TestLifecycleUsesRealRedisAndClosesClient
--- PASS: TestLifecycleUsesRealRedisAndClosesClient (0.00s)
=== RUN   TestAuthenticationChecksRealCurrentUserAndBoundWrites
redis: 2026/10/01 12:55:30 pool.go:762: redis: connection pool: failed to dial after 1 attempts: dial tcp 127.0.0.1:1: connect: connection refused
--- PASS: TestAuthenticationChecksRealCurrentUserAndBoundWrites (0.06s)
=== RUN   TestUninitializedSessionStoreFailsClosed
--- PASS: TestUninitializedSessionStoreFailsClosed (0.00s)
=== RUN   TestHostCookiesAndClearing
--- PASS: TestHostCookiesAndClearing (0.00s)
=== RUN   TestCreateLoadUsesApprovedRedisShapeAndOneHourTTL
--- PASS: TestCreateLoadUsesApprovedRedisShapeAndOneHourTTL (0.01s)
=== RUN   TestTouchSlidesTTLButNeverRevivesRevokedSession
--- PASS: TestTouchSlidesTTLButNeverRevivesRevokedSession (0.01s)
=== RUN   TestConcurrentTouchAndRevokeCannotResurrectSession
--- PASS: TestConcurrentTouchAndRevokeCannotResurrectSession (0.01s)
=== RUN   TestLoadRejectsTrailingJSONDocument
--- PASS: TestLoadRejectsTrailingJSONDocument (0.01s)
=== RUN   TestTouchRefusesCorruptedTimestampsWithoutRenewingTTL
--- PASS: TestTouchRefusesCorruptedTimestampsWithoutRenewingTTL (0.01s)
=== RUN   TestLoadAndTouchRejectOverlongTTL
--- PASS: TestLoadAndTouchRejectOverlongTTL (0.02s)
PASS
ok  	github.com/Hubujiu/WeaveOS/services/bff/internal/session	1.313s
FAIL
