✔ FND-03: CI runs real Go validation and browser tests (3.424406ms)
✔ FND-03: product acceptance and artifacts are explicit, not fake deploys (1.477074ms)
✔ FND-04: web entry is real React with no fabricated login UI (10.495331ms)
✔ FND-05: CI retains a source bundle without bundling local credentials (4.701273ms)
✔ FND-05: RED replay metadata pins the real pre-implementation source (0.93024ms)
✔ release: all mandatory evidence present is structurally ready (2.275095ms)
✔ release: a missing or empty matrix is not a pass (0.436848ms)
✔ release: pending, skipped, failed and blocked are never passed (0.269035ms)
✔ release: missing evidence, owner or duplicate IDs are rejected (0.395215ms)
✔ remote cleanup: matching accepted remote branch can be removed (3.5402ms)
✔ remote cleanup: no remote branch remains a successful idempotent state (0.433743ms)
✔ remote cleanup: refuse unmerged (0.329356ms)
✔ remote cleanup: refuse unfinished document (2.207333ms)
✔ remote cleanup: refuse new remote commit (0.74405ms)
✔ remote cleanup: refuse unverified squash (0.257818ms)
✔ remote cleanup: refuse offline snapshot (0.379181ms)
✔ local cleanup: removed remote does not erase valid local identity (0.228774ms)
✔ local cleanup: matching refs retain identity (0.293712ms)
✔ local cleanup: divergent refs cannot hide new work (5.136263ms)
✔ FND-02: parse a valid task and retain identity (9.41849ms)
✔ FND-02: malformed or duplicate metadata is rejected (0.535166ms)
✔ FND-02: a ready task with incomplete acceptance is invalid (0.46534ms)
✔ FND-02: no checkboxes is not proof of completion (0.247532ms)
✔ FND-02: mismatched branch, worktree and unsafe paths are rejected (0.386933ms)
✔ FND-02: accepted cannot be asserted before remote verification (0.167602ms)
✔ FND-02: complete remote main document + merged PR permits cleanup despite squash ancestry (0.407193ms)
✔ FND-02: refuse cleanup for offline snapshot (0.578791ms)
✔ FND-02: refuse cleanup for missing remote document (0.190557ms)
✔ FND-02: refuse cleanup for unfinished document (0.33155ms)
✔ FND-02: refuse cleanup for wrong task identity (0.190267ms)
✔ FND-02: refuse cleanup for unmerged PR (0.125039ms)
✔ FND-02: refuse cleanup for wrong merge base (0.111037ms)
✔ FND-02: refuse cleanup for different repository (0.207823ms)
✔ FND-02: refuse cleanup for other task branch (0.181584ms)
✔ FND-02: refuse cleanup for post-merge commit (0.149856ms)
✔ FND-02: refuse cleanup for dirty worktree (0.487003ms)
✔ FND-02: refuse cleanup for squash not in remote main (0.180962ms)
✔ FND-02: acceptance remains true after the task branch/worktree were cleaned (1.442932ms)
✔ FND-02: local completion without a merged PR is not accepted (0.333652ms)
✔ maintenance is a nondefault one-shot profile in runtime and installed config (18.184383ms)
✔ hourly cron invokes the same single-run operation as manual maintenance (0.50489ms)
✔ receiver rejects unreviewed profile/command/restart and topology mutations (1.513518ms)
✔ ordinary release cannot silently upgrade the installed resident maintenance topology (1.150893ms)
✔ one-shot orchestration records success without raw output (5.14814ms)
✔ one-shot orchestration records failure without raw output (0.845643ms)
✔ memory probe samples the four resident containers, not the exited task (142.845504ms)
✔ Q18 accepts declared compatible expansion but rejects history rewrite, missing approval and stale releases (2.196486ms)
✔ Q18 deployment only changes approved runtime config and exact images, retaining private volumes and origin (5.216734ms)
✔ approved config cannot include other host compose files, weaken service confinement or join external networks (0.940986ms)
✔ public Nginx rendering preserves API boundary and creates fixed HTTPS redirect (0.78388ms)
✔ promotion validates and backs up before migration and records only a healthy deployment (0.642537ms)
✔ backup failure never migrates; activation or health failure restores prior app/config without Down (0.827656ms)
✔ main delivery runs verification and acceptance before a serialized secret-scoped deployment (0.513493ms)
✔ compatibility registry uses explicit digest records, rejects ambiguous duplicate approvals (0.280242ms)
✔ transport rejects undeclared content, checksum tampering, secret paths, invalid image identities and oversized payloads (4.170649ms)
✔ framed receiver verifies every byte and rejects truncated, appended and corrupt images (12.954012ms)
✔ four kinds are stored by explicit natural day and only safe fields survive (58.232394ms)
✔ retention dry-run selects only approved kinds and inclusive natural-day cutoff (5.816406ms)
✔ symlinked category and destination file cannot escape the log root (2.17232ms)
✔ Q20 actual cleanup removes only days older than the approved inclusive 30-day window (21.740876ms)
✔ Q20 rejects nonapproved destructive parameters and preflights all paths before deleting (3.661822ms)
✔ Q20 installed policy accepts exactly confirmed deletion parameters and schedules bounded daily cleanup (6.513647ms)
✔ Q20 cleanup is daily and shares the collection lock (0.340783ms)
✔ FR06 common rules render local and public explicit environments (7.895587ms)
✔ FR06 explicit parameters reject config injection and invalid HSTS scope (0.791101ms)
✔ certificate task logs fixed outcomes without persisting raw command secrets (2.587736ms)
✔ collector records access stdout and application stderr, advances window, and excludes raw text (27.645169ms)
✔ approved explicit config connects operation records and collector is scheduled without deletion (1.098093ms)
✔ collector and Q20 cleanup are scheduled with the same overlap protection (0.347623ms)
✔ failed docker collection does not advance cursor or publish raw diagnostics (1.333347ms)
✔ unexpected HTTP method cannot stall collection or persist arbitrary method text (4.510441ms)
✔ Q25 cold audit migration precedes hot migration: infra/acceptance/run.mjs (1.81285ms)
✔ Q25 cold audit migration precedes hot migration: infra/runtime/run.mjs (0.338279ms)
✔ Q25 cold audit migration precedes hot migration: .github/workflows/ci.yml (0.191398ms)
✔ Q25 cold audit migration precedes hot migration: infra/server/deploy/receive.mjs (0.155294ms)
✔ acceptance component count derives from the actual Playwright report (0.374284ms)
✔ Q25 personnel API regression is included in the real HTTPS entrypoint (0.274663ms)
✔ Q25 pinned role upgrade is executed with real PostgreSQL by the product workflow (0.242064ms)
✔ Q25 compatibility manifest records each new reviewed immutable migration (1.02328ms)
✔ GOV-01..04: valid repository passes without mutation (8.288754ms)
✔ GOV-01: missing file fails with its path (2.868077ms)
✔ GOV-01: whitespace-only required file is not valid (3.271255ms)
✔ GOV-02: deleting each hard-rule marker fails (3.71949ms)
✔ GOV-03: malformed JSON is reported, not thrown (7.310981ms)
✔ GOV-03: incorrect version and project fail (6.333525ms)
✔ GOV-03: impossible calendar date fails (3.490135ms)
✔ GOV-03: empty sources and non-object registry fail (5.717037ms)
✔ GOV-03: duplicate keys and page IDs fail (20.167523ms)
✔ GOV-03: external or mismatched source URLs fail (1.756124ms)
✔ GOV-03: missing metadata and malformed page ID fail (1.769534ms)
✔ GOV-03: unknown, duplicate and empty route references fail (3.85275ms)
✔ GOV-03: mandatory routes and always/product anchors cannot disappear (1.903616ms)
✔ GOV-04: nested instruction override fails (1.72016ms)
✔ GOV-04: generated/dependency directories are ignored (1.125936ms)
✔ GOV-01: nonexistent root reports errors (0.500244ms)
✔ CLI: valid repository exits zero (79.770711ms)
✔ CLI: invalid repository exits one and explains failure (70.69722ms)
✔ public HTTPS exposes only edge ports and preserves private data, images and input (2.414365ms)
✔ public access rejects untrusted TLS while default deployment stays private (0.680935ms)
✔ HTTP redirects all paths to the fixed HTTPS origin without trusting Host (0.370528ms)
✔ public TLS preserves same-origin API, non-cacheable auth and trusted proxy boundary (0.317388ms)
✔ existing loopback health and DNS-01 renewal still work independently of public DNS (0.582808ms)
✔ API actual TAP report counts every passed case (1.885969ms)
✔ API failed, skipped, truncated and contradictory reports cannot publish success (0.903009ms)
✔ browser counts come from the successful complete JSON report (2.147473ms)
✔ browser failure, flakiness, skips and empty reports cannot publish success (0.24593ms)
✔ real API/browser reports drive the published counts: infra/acceptance/run.mjs (0.763319ms)
✔ real API/browser reports drive the published counts: infra/runtime/run.mjs (0.880996ms)
✔ ACME runner fixes operations, passes credentials only in environment and reports sanitized failure (4.574287ms)
✔ certificate activation verifies system trust before file replacement and validates Nginx before reload (212.438442ms)
✔ domain health verifies hostname with default trust while reaching only the SSH loopback endpoint (0.510228ms)
✔ domain health fixes IPv4 so Node never requests an all-address lookup result (0.32561ms)
▶ provided CSV is data only and maps exactly one credential pair without executing fields
  ✔ BOM, quoted headers and CRLF are supported (0.506382ms)
  ✔ missing, multiple and non-data values fail closed (0.610238ms)
  ✔ dotenv admits only the required names and never evaluates shell (0.357778ms)
✔ provided CSV is data only and maps exactly one credential pair without executing fields (2.139231ms)
▶ Q16 public-trust domain config keeps the SSH listener and schedules automatic renewal
  ✔ domain origin with loopback only (0.298109ms)
  ✔ renew twice daily without self-signed trust (0.388014ms)
✔ Q16 public-trust domain config keeps the SSH listener and schedules automatic renewal (1.66048ms)
▶ Q16 validates the actual certificate host, private key and remaining lifetime before replacement
  ✔ matching actual identity and key are accepted (1.311645ms)
  ✔ unrelated certificate is rejected (1.167447ms)
  ✔ mismatched private key is rejected (1.622352ms)
  ✔ expired certificate is rejected (0.304589ms)
✔ Q16 validates the actual certificate host, private key and remaining lifetime before replacement (171.349777ms)
✔ Q16 a failed Nginx validation restores both previous files and reloads the previous certificate (1.284994ms)
✔ Q16 explicitly uses Let's Encrypt DNSPod DNS-01 for the confirmed domain and no public listener (0.768427ms)
✔ Q15 server exposes only loopback HTTPS and preserves internal data network (0.517629ms)
✔ private Bootstrap credentials preserve the accepted seed JSON password field and exclude test fixtures (0.954197ms)
✔ operational schedules retain TLS verification, prevent overlap, and invoke only runtime tools (0.408595ms)
✔ server maintenance addresses only the authorized deployment and does not run test/build commands (0.71736ms)
✔ finished services restart automatically and have finite resource and log budgets (0.402305ms)
✔ deployment refuses every existing directory, including apparently empty ones (2.790611ms)
ℹ tests 132
ℹ suites 0
ℹ pass 132
ℹ fail 0
ℹ cancelled 0
ℹ skipped 0
ℹ todo 0
ℹ duration_ms 1620.558171
