=== RUN   TestDraftHTTPQ36SessionCSRFAndRestore
--- PASS: TestDraftHTTPQ36SessionCSRFAndRestore (0.20s)
=== RUN   TestDraftHTTPQ36StrictEnvelopeFields
--- PASS: TestDraftHTTPQ36StrictEnvelopeFields (0.21s)
=== RUN   TestDraftHTTPQ36QuotaAndSummaryOrder
--- PASS: TestDraftHTTPQ36QuotaAndSummaryOrder (0.41s)
=== RUN   TestDraftQ36LifecycleAndIsolation
--- PASS: TestDraftQ36LifecycleAndIsolation (0.24s)
=== RUN   TestDraftQ36ConcurrentCapacityAndCAS
--- PASS: TestDraftQ36ConcurrentCapacityAndCAS (0.23s)
=== RUN   TestDraftQ36LiveAuthorization
=== RUN   TestDraftQ36LiveAuthorization/permission
=== RUN   TestDraftQ36LiveAuthorization/disabled
=== RUN   TestDraftQ36LiveAuthorization/auth-version
--- PASS: TestDraftQ36LiveAuthorization (0.34s)
    --- PASS: TestDraftQ36LiveAuthorization/permission (0.13s)
    --- PASS: TestDraftQ36LiveAuthorization/disabled (0.10s)
    --- PASS: TestDraftQ36LiveAuthorization/auth-version (0.11s)
=== RUN   TestDraftQ36VariantsAndStrictPayload
--- PASS: TestDraftQ36VariantsAndStrictPayload (0.19s)
=== RUN   TestDraftQ36CanonicalBytes
--- PASS: TestDraftQ36CanonicalBytes (0.18s)
=== RUN   TestDraftQ36PreserveTargetBaseAndNoBusinessEffects
--- PASS: TestDraftQ36PreserveTargetBaseAndNoBusinessEffects (0.13s)
=== RUN   TestDraftQ36ExactTransactionalCleanup
--- PASS: TestDraftQ36ExactTransactionalCleanup (0.24s)
PASS
ok  	github.com/Hubujiu/WeaveOS/services/bff/internal/personnel	3.413s
