=== RUN   TestDraftQ36CleanupWaitsForNewerCommit
--- PASS: TestDraftQ36CleanupWaitsForNewerCommit (0.21s)
=== RUN   TestDraftQ36SaveHoldsAuthorizationUntilCommit
--- PASS: TestDraftQ36SaveHoldsAuthorizationUntilCommit (0.34s)
=== RUN   TestDraftQ36UnicodeCanonicalBoundaryAndOriginalBase
--- PASS: TestDraftQ36UnicodeCanonicalBoundaryAndOriginalBase (0.27s)
=== RUN   TestDraftHTTPQ36SessionCSRFAndRestore
--- PASS: TestDraftHTTPQ36SessionCSRFAndRestore (0.14s)
=== RUN   TestDraftHTTPQ36StrictEnvelopeFields
--- PASS: TestDraftHTTPQ36StrictEnvelopeFields (0.16s)
=== RUN   TestDraftHTTPQ36QuotaAndSummaryOrder
--- PASS: TestDraftHTTPQ36QuotaAndSummaryOrder (0.33s)
=== RUN   TestDraftQ36LifecycleAndIsolation
--- PASS: TestDraftQ36LifecycleAndIsolation (0.22s)
=== RUN   TestDraftQ36ConcurrentCapacityAndCAS
--- PASS: TestDraftQ36ConcurrentCapacityAndCAS (0.28s)
=== RUN   TestDraftQ36LiveAuthorization
=== RUN   TestDraftQ36LiveAuthorization/permission
=== RUN   TestDraftQ36LiveAuthorization/disabled
=== RUN   TestDraftQ36LiveAuthorization/auth-version
--- PASS: TestDraftQ36LiveAuthorization (0.31s)
    --- PASS: TestDraftQ36LiveAuthorization/permission (0.12s)
    --- PASS: TestDraftQ36LiveAuthorization/disabled (0.11s)
    --- PASS: TestDraftQ36LiveAuthorization/auth-version (0.09s)
=== RUN   TestDraftQ36VariantsAndStrictPayload
--- PASS: TestDraftQ36VariantsAndStrictPayload (0.16s)
=== RUN   TestDraftQ36CanonicalBytes
--- PASS: TestDraftQ36CanonicalBytes (0.15s)
=== RUN   TestDraftQ36PreserveTargetBaseAndNoBusinessEffects
--- PASS: TestDraftQ36PreserveTargetBaseAndNoBusinessEffects (0.14s)
=== RUN   TestDraftQ36ExactTransactionalCleanup
--- PASS: TestDraftQ36ExactTransactionalCleanup (0.24s)
PASS
ok  	github.com/Hubujiu/WeaveOS/services/bff/internal/personnel	4.000s
