=== RUN   TestAuthorizationLocksActualDependenciesQ25
--- PASS: TestAuthorizationLocksActualDependenciesQ25 (0.10s)
=== RUN   TestRootOnlyKnownEnabledApplicationsQ25
--- PASS: TestRootOnlyKnownEnabledApplicationsQ25 (0.12s)
=== RUN   TestLiveUnionAndSourcesQ25
--- PASS: TestLiveUnionAndSourcesQ25 (0.09s)
=== RUN   TestNoIdentityNoGrantAndNoForgedRootQ25
--- PASS: TestNoIdentityNoGrantAndNoForgedRootQ25 (0.09s)
=== RUN   TestDisabledAndStaleAccountFailClosedQ25
--- PASS: TestDisabledAndStaleAccountFailClosedQ25 (0.11s)
=== RUN   TestWriteAuthorizationUsesCurrentConfigurationQ25
--- PASS: TestWriteAuthorizationUsesCurrentConfigurationQ25 (0.15s)
=== RUN   TestApplicationFixtureRealHTTPSCentralAndOwnedResourceBoundaries
--- PASS: TestApplicationFixtureRealHTTPSCentralAndOwnedResourceBoundaries (0.23s)
=== RUN   TestPersonnelCommittedWriteSurvivesRealRenewalFailureQ19
=== RUN   TestPersonnelCommittedWriteSurvivesRealRenewalFailureQ19/revoked
=== RUN   TestPersonnelCommittedWriteSurvivesRealRenewalFailureQ19/unavailable
--- PASS: TestPersonnelCommittedWriteSurvivesRealRenewalFailureQ19 (0.34s)
    --- PASS: TestPersonnelCommittedWriteSurvivesRealRenewalFailureQ19/revoked (0.17s)
    --- PASS: TestPersonnelCommittedWriteSurvivesRealRenewalFailureQ19/unavailable (0.16s)
=== RUN   TestPersonnelWriteFirstProtectsAuthorizationUntilCommitQ25
--- PASS: TestPersonnelWriteFirstProtectsAuthorizationUntilCommitQ25 (0.28s)
=== RUN   TestPersonnelRevocationFirstRejectsBusinessAndAuditQ25
--- PASS: TestPersonnelRevocationFirstRejectsBusinessAndAuditQ25 (0.25s)
=== RUN   TestConcurrentFirstMemberEditUsesOneVersionRowQ25
--- PASS: TestConcurrentFirstMemberEditUsesOneVersionRowQ25 (0.15s)
=== RUN   TestDefinitionCreateUpdateVersionAndAuditQ25
--- PASS: TestDefinitionCreateUpdateVersionAndAuditQ25 (0.16s)
=== RUN   TestDefinitionValidationAndReferenceProtectionQ25
--- PASS: TestDefinitionValidationAndReferenceProtectionQ25 (0.13s)
=== RUN   TestDefinitionAuditFailureRollsBackQ25
--- PASS: TestDefinitionAuditFailureRollsBackQ25 (0.08s)
=== RUN   TestDefinitionPaginationAndServerSearchQ25
--- PASS: TestDefinitionPaginationAndServerSearchQ25 (0.13s)
=== RUN   TestDraftHTTPQ36SessionCSRFAndRestore
--- PASS: TestDraftHTTPQ36SessionCSRFAndRestore (0.17s)
=== RUN   TestDraftHTTPQ36StrictEnvelopeFields
--- PASS: TestDraftHTTPQ36StrictEnvelopeFields (0.24s)
=== RUN   TestDraftHTTPQ36QuotaAndSummaryOrder
--- PASS: TestDraftHTTPQ36QuotaAndSummaryOrder (0.34s)
=== RUN   TestDraftQ36LifecycleAndIsolation
--- PASS: TestDraftQ36LifecycleAndIsolation (0.22s)
=== RUN   TestDraftQ36ConcurrentCapacityAndCAS
--- PASS: TestDraftQ36ConcurrentCapacityAndCAS (0.29s)
=== RUN   TestDraftQ36LiveAuthorization
=== RUN   TestDraftQ36LiveAuthorization/permission
=== RUN   TestDraftQ36LiveAuthorization/disabled
=== RUN   TestDraftQ36LiveAuthorization/auth-version
--- PASS: TestDraftQ36LiveAuthorization (0.43s)
    --- PASS: TestDraftQ36LiveAuthorization/permission (0.24s)
    --- PASS: TestDraftQ36LiveAuthorization/disabled (0.10s)
    --- PASS: TestDraftQ36LiveAuthorization/auth-version (0.09s)
=== RUN   TestDraftQ36VariantsAndStrictPayload
--- PASS: TestDraftQ36VariantsAndStrictPayload (0.17s)
=== RUN   TestDraftQ36CanonicalBytes
--- PASS: TestDraftQ36CanonicalBytes (0.14s)
=== RUN   TestDraftQ36PreserveTargetBaseAndNoBusinessEffects
--- PASS: TestDraftQ36PreserveTargetBaseAndNoBusinessEffects (0.10s)
=== RUN   TestDraftQ36ExactTransactionalCleanup
--- PASS: TestDraftQ36ExactTransactionalCleanup (0.23s)
=== RUN   TestHTTPRealSessionOwnAccessAndRevocationQ25
--- PASS: TestHTTPRealSessionOwnAccessAndRevocationQ25 (0.11s)
=== RUN   TestHTTPDefinitionStatusesCSRFAndVersionQ25
--- PASS: TestHTTPDefinitionStatusesCSRFAndVersionQ25 (0.13s)
=== RUN   TestHTTPStrictBodyAndQueryQ25
--- PASS: TestHTTPStrictBodyAndQueryQ25 (0.12s)
=== RUN   TestHTTPMissingAndDependencyFailureQ25
--- PASS: TestHTTPMissingAndDependencyFailureQ25 (0.07s)
=== RUN   TestHTTPAllApprovedReadFamiliesQ25
=== RUN   TestHTTPAllApprovedReadFamiliesQ25/personnel/departments
=== RUN   TestHTTPAllApprovedReadFamiliesQ25/personnel/members
=== RUN   TestHTTPAllApprovedReadFamiliesQ25/personnel/identities
=== RUN   TestHTTPAllApprovedReadFamiliesQ25/personnel/templates
=== RUN   TestHTTPAllApprovedReadFamiliesQ25/personnel/permissions
=== RUN   TestHTTPAllApprovedReadFamiliesQ25/personnel/events
=== RUN   TestHTTPAllApprovedReadFamiliesQ25/members_detail
=== RUN   TestHTTPAllApprovedReadFamiliesQ25/identities_detail
=== RUN   TestHTTPAllApprovedReadFamiliesQ25/templates_detail
--- PASS: TestHTTPAllApprovedReadFamiliesQ25 (0.72s)
    --- PASS: TestHTTPAllApprovedReadFamiliesQ25/personnel/departments (0.07s)
    --- PASS: TestHTTPAllApprovedReadFamiliesQ25/personnel/members (0.08s)
    --- PASS: TestHTTPAllApprovedReadFamiliesQ25/personnel/identities (0.07s)
    --- PASS: TestHTTPAllApprovedReadFamiliesQ25/personnel/templates (0.07s)
    --- PASS: TestHTTPAllApprovedReadFamiliesQ25/personnel/permissions (0.07s)
    --- PASS: TestHTTPAllApprovedReadFamiliesQ25/personnel/events (0.07s)
    --- PASS: TestHTTPAllApprovedReadFamiliesQ25/members_detail (0.10s)
    --- PASS: TestHTTPAllApprovedReadFamiliesQ25/identities_detail (0.08s)
    --- PASS: TestHTTPAllApprovedReadFamiliesQ25/templates_detail (0.10s)
=== RUN   TestHTTPMemberAndDepartmentWritesQ25
--- PASS: TestHTTPMemberAndDepartmentWritesQ25 (0.16s)
=== RUN   TestHTTPOptionalUUIDMustNotBeNullQ25
--- PASS: TestHTTPOptionalUUIDMustNotBeNullQ25 (0.07s)
=== RUN   TestDepartmentHierarchyVersionAndProtectedDeleteQ25
--- PASS: TestDepartmentHierarchyVersionAndProtectedDeleteQ25 (0.11s)
=== RUN   TestMemberExplicitMoveMultiIdentityAndIdempotencyQ25
--- PASS: TestMemberExplicitMoveMultiIdentityAndIdempotencyQ25 (0.20s)
=== RUN   TestMemberAuditFailureRollsBackRelationAndVersionQ25
--- PASS: TestMemberAuditFailureRollsBackRelationAndVersionQ25 (0.09s)
=== RUN   TestEventsSafeFieldsDefaultWindowAndServerFiltersQ25
--- PASS: TestEventsSafeFieldsDefaultWindowAndServerFiltersQ25 (0.08s)
=== RUN   TestPersonnelReadAndWriteDenyAfterRevokeQ25
--- PASS: TestPersonnelReadAndWriteDenyAfterRevokeQ25 (0.08s)
=== RUN   TestEmptyDefinitionRelationsSerializeAsArraysQ25
--- PASS: TestEmptyDefinitionRelationsSerializeAsArraysQ25 (0.07s)
=== RUN   TestUUIDContractCaseInsensitiveReferencesAndRelations
=== RUN   TestUUIDContractCaseInsensitiveReferencesAndRelations/detail_path
=== RUN   TestUUIDContractCaseInsensitiveReferencesAndRelations/template_set
=== RUN   TestUUIDContractCaseInsensitiveReferencesAndRelations/identity_set
=== RUN   TestUUIDContractCaseInsensitiveReferencesAndRelations/explicit_group_removal
--- PASS: TestUUIDContractCaseInsensitiveReferencesAndRelations (0.37s)
    --- PASS: TestUUIDContractCaseInsensitiveReferencesAndRelations/detail_path (0.08s)
    --- PASS: TestUUIDContractCaseInsensitiveReferencesAndRelations/template_set (0.10s)
    --- PASS: TestUUIDContractCaseInsensitiveReferencesAndRelations/identity_set (0.09s)
    --- PASS: TestUUIDContractCaseInsensitiveReferencesAndRelations/explicit_group_removal (0.10s)
PASS
ok  	github.com/Hubujiu/WeaveOS/services/bff/internal/personnel	8.145s
