=== RUN   TestDraftHTTPQ36SessionCSRFAndRestore
    drafts_http_test.go:68: null target/base allowed for new object: 503 {"code":"COMMON_SERVICE_UNAVAILABLE","message":"服务暂时不可用，请稍后重试","data":null,"meta":{"requestId":"b951980c8f3abf9d328000ffde934d6f"}}
--- FAIL: TestDraftHTTPQ36SessionCSRFAndRestore (0.09s)
=== RUN   TestDraftHTTPQ36StrictEnvelopeFields
    drafts_http_test.go:114: strict create 0: 503
--- FAIL: TestDraftHTTPQ36StrictEnvelopeFields (0.07s)
=== RUN   TestDraftHTTPQ36QuotaAndSummaryOrder
    drafts_http_test.go:156: quota create: 503
--- FAIL: TestDraftHTTPQ36QuotaAndSummaryOrder (0.07s)
=== RUN   TestDraftQ36LifecycleAndIsolation
    drafts_test.go:42: explicit incomplete save must succeed: personnel behavior not implemented
--- FAIL: TestDraftQ36LifecycleAndIsolation (0.09s)
=== RUN   TestDraftQ36ConcurrentCapacityAndCAS
    drafts_test.go:94: quota must return domain error: personnel behavior not implemented
--- FAIL: TestDraftQ36ConcurrentCapacityAndCAS (0.07s)
=== RUN   TestDraftQ36LiveAuthorization
=== RUN   TestDraftQ36LiveAuthorization/permission
    drafts_test.go:143: explicit incomplete save must succeed: personnel behavior not implemented
=== RUN   TestDraftQ36LiveAuthorization/disabled
    drafts_test.go:143: explicit incomplete save must succeed: personnel behavior not implemented
=== RUN   TestDraftQ36LiveAuthorization/auth-version
    drafts_test.go:143: explicit incomplete save must succeed: personnel behavior not implemented
--- FAIL: TestDraftQ36LiveAuthorization (0.16s)
    --- FAIL: TestDraftQ36LiveAuthorization/permission (0.06s)
    --- FAIL: TestDraftQ36LiveAuthorization/disabled (0.04s)
    --- FAIL: TestDraftQ36LiveAuthorization/auth-version (0.05s)
=== RUN   TestDraftQ36VariantsAndStrictPayload
    drafts_test.go:194: explicit incomplete save must succeed: personnel behavior not implemented
--- FAIL: TestDraftQ36VariantsAndStrictPayload (0.06s)
=== RUN   TestDraftQ36CanonicalBytes
    drafts_test.go:243: explicit incomplete save must succeed: personnel behavior not implemented
--- FAIL: TestDraftQ36CanonicalBytes (0.05s)
=== RUN   TestDraftQ36PreserveTargetBaseAndNoBusinessEffects
    drafts_test.go:265: ERROR: new row for relation "departments" violates check constraint "ck_departments_root" (SQLSTATE 23514)
--- FAIL: TestDraftQ36PreserveTargetBaseAndNoBusinessEffects (0.05s)
=== RUN   TestDraftQ36ExactTransactionalCleanup
    drafts_test.go:312: explicit incomplete save must succeed: personnel behavior not implemented
--- FAIL: TestDraftQ36ExactTransactionalCleanup (0.09s)
FAIL
FAIL	github.com/Hubujiu/WeaveOS/services/bff/internal/personnel	0.823s
FAIL
