commit_boundary_test.go
root_command_fence_test.go
root_execution_acceptance_test.go
root_execution_projection_test.go
root_execution_worker_test.go
root_formal_ledger_test.go
root_lifecycle_boundary_test.go
root_lifecycle_migration_test.go
root_native_version_test.go
root_runtime_admission_test.go
root_workflow_action_authority_test.go
root_workflow_action_commit_test.go
root_workflow_action_constraints_test.go
root_workflow_action_test.go
root_workflow_catalog_scale_test.go
root_workflow_catalog_test.go
root_workflow_close_finalization_test.go
root_workflow_evidence_capture_budget_test.go
root_workflow_evidence_capture_test.go
root_workflow_evidence_cost_test.go
root_workflow_evidence_store_edges_test.go
root_workflow_evidence_store_test.go
root_workflow_lifecycle_action_test.go
root_workflow_lifecycle_policy_test.go
root_workflow_lifecycle_preview_test.go
root_workflow_preview_authority_test.go
root_workflow_preview_test.go
root_workflow_read_cost_test.go
root_workflow_read_index_test.go
root_workflow_read_test.go
root_workflow_save_replay_test.go
root_workflow_save_test.go
service_test.go
