{"Time":"2026-10-07T12:35:54.307034448Z","Action":"start","Package":"github.com/Hubujiu/WeaveOS/services/bff/internal/audit"}
{"Time":"2026-10-07T12:35:54.324034809Z","Action":"run","Package":"github.com/Hubujiu/WeaveOS/services/bff/internal/audit","Test":"TestB5ApplicationArchivePreservesAllFifteenColumnsAndConflictRetainsHot"}
{"Time":"2026-10-07T12:35:54.324121449Z","Action":"output","Package":"github.com/Hubujiu/WeaveOS/services/bff/internal/audit","Test":"TestB5ApplicationArchivePreservesAllFifteenColumnsAndConflictRetainsHot","Output":"=== RUN   TestB5ApplicationArchivePreservesAllFifteenColumnsAndConflictRetainsHot\n","OutputType":"frame"}
{"Time":"2026-10-07T12:35:54.461639598Z","Action":"output","Package":"github.com/Hubujiu/WeaveOS/services/bff/internal/audit","Test":"TestB5ApplicationArchivePreservesAllFifteenColumnsAndConflictRetainsHot","Output":"--- PASS: TestB5ApplicationArchivePreservesAllFifteenColumnsAndConflictRetainsHot (0.14s)\n","OutputType":"frame"}
{"Time":"2026-10-07T12:35:54.46169762Z","Action":"pass","Package":"github.com/Hubujiu/WeaveOS/services/bff/internal/audit","Test":"TestB5ApplicationArchivePreservesAllFifteenColumnsAndConflictRetainsHot","Elapsed":0.14}
{"Time":"2026-10-07T12:35:54.461732621Z","Action":"run","Package":"github.com/Hubujiu/WeaveOS/services/bff/internal/audit","Test":"TestB5ColdUnavailableRetainsHotApplicationAudit"}
{"Time":"2026-10-07T12:35:54.461754228Z","Action":"output","Package":"github.com/Hubujiu/WeaveOS/services/bff/internal/audit","Test":"TestB5ColdUnavailableRetainsHotApplicationAudit","Output":"=== RUN   TestB5ColdUnavailableRetainsHotApplicationAudit\n","OutputType":"frame"}
{"Time":"2026-10-07T12:35:54.555888341Z","Action":"output","Package":"github.com/Hubujiu/WeaveOS/services/bff/internal/audit","Test":"TestB5ColdUnavailableRetainsHotApplicationAudit","Output":"--- PASS: TestB5ColdUnavailableRetainsHotApplicationAudit (0.09s)\n","OutputType":"frame"}
{"Time":"2026-10-07T12:35:54.555970552Z","Action":"pass","Package":"github.com/Hubujiu/WeaveOS/services/bff/internal/audit","Test":"TestB5ColdUnavailableRetainsHotApplicationAudit","Elapsed":0.09}
{"Time":"2026-10-07T12:35:54.555984706Z","Action":"run","Package":"github.com/Hubujiu/WeaveOS/services/bff/internal/audit","Test":"TestB5BothAuditConstraintsRejectUnsafeOrIncompleteApplicationSummary"}
{"Time":"2026-10-07T12:35:54.555988009Z","Action":"output","Package":"github.com/Hubujiu/WeaveOS/services/bff/internal/audit","Test":"TestB5BothAuditConstraintsRejectUnsafeOrIncompleteApplicationSummary","Output":"=== RUN   TestB5BothAuditConstraintsRejectUnsafeOrIncompleteApplicationSummary\n","OutputType":"frame"}
{"Time":"2026-10-07T12:35:54.658895218Z","Action":"output","Package":"github.com/Hubujiu/WeaveOS/services/bff/internal/audit","Test":"TestB5BothAuditConstraintsRejectUnsafeOrIncompleteApplicationSummary","Output":"--- PASS: TestB5BothAuditConstraintsRejectUnsafeOrIncompleteApplicationSummary (0.10s)\n","OutputType":"frame"}
{"Time":"2026-10-07T12:35:54.659638411Z","Action":"pass","Package":"github.com/Hubujiu/WeaveOS/services/bff/internal/audit","Test":"TestB5BothAuditConstraintsRejectUnsafeOrIncompleteApplicationSummary","Elapsed":0.1}
{"Time":"2026-10-07T12:35:54.659668203Z","Action":"run","Package":"github.com/Hubujiu/WeaveOS/services/bff/internal/audit","Test":"TestControlledMaintenanceAndReaderUseTheirActualRestrictedRoles"}
{"Time":"2026-10-07T12:35:54.659673131Z","Action":"output","Package":"github.com/Hubujiu/WeaveOS/services/bff/internal/audit","Test":"TestControlledMaintenanceAndReaderUseTheirActualRestrictedRoles","Output":"=== RUN   TestControlledMaintenanceAndReaderUseTheirActualRestrictedRoles\n","OutputType":"frame"}
{"Time":"2026-10-07T12:35:54.827192491Z","Action":"output","Package":"github.com/Hubujiu/WeaveOS/services/bff/internal/audit","Test":"TestControlledMaintenanceAndReaderUseTheirActualRestrictedRoles","Output":"--- PASS: TestControlledMaintenanceAndReaderUseTheirActualRestrictedRoles (0.17s)\n","OutputType":"frame"}
{"Time":"2026-10-07T12:35:54.827303884Z","Action":"pass","Package":"github.com/Hubujiu/WeaveOS/services/bff/internal/audit","Test":"TestControlledMaintenanceAndReaderUseTheirActualRestrictedRoles","Elapsed":0.17}
{"Time":"2026-10-07T12:35:54.82739073Z","Action":"run","Package":"github.com/Hubujiu/WeaveOS/services/bff/internal/audit","Test":"TestMonthlyArchiveAndAnnualExpiry"}
{"Time":"2026-10-07T12:35:54.827405209Z","Action":"output","Package":"github.com/Hubujiu/WeaveOS/services/bff/internal/audit","Test":"TestMonthlyArchiveAndAnnualExpiry","Output":"=== RUN   TestMonthlyArchiveAndAnnualExpiry\n","OutputType":"frame"}
{"Time":"2026-10-07T12:35:54.91950945Z","Action":"output","Package":"github.com/Hubujiu/WeaveOS/services/bff/internal/audit","Test":"TestMonthlyArchiveAndAnnualExpiry","Output":"--- PASS: TestMonthlyArchiveAndAnnualExpiry (0.09s)\n","OutputType":"frame"}
{"Time":"2026-10-07T12:35:54.91962003Z","Action":"pass","Package":"github.com/Hubujiu/WeaveOS/services/bff/internal/audit","Test":"TestMonthlyArchiveAndAnnualExpiry","Elapsed":0.09}
{"Time":"2026-10-07T12:35:54.919671221Z","Action":"run","Package":"github.com/Hubujiu/WeaveOS/services/bff/internal/audit","Test":"TestArchiveConflictAndUnavailableColdPreserveHotHistory"}
{"Time":"2026-10-07T12:35:54.919676156Z","Action":"output","Package":"github.com/Hubujiu/WeaveOS/services/bff/internal/audit","Test":"TestArchiveConflictAndUnavailableColdPreserveHotHistory","Output":"=== RUN   TestArchiveConflictAndUnavailableColdPreserveHotHistory\n","OutputType":"frame"}
{"Time":"2026-10-07T12:35:54.996473761Z","Action":"output","Package":"github.com/Hubujiu/WeaveOS/services/bff/internal/audit","Test":"TestArchiveConflictAndUnavailableColdPreserveHotHistory","Output":"--- PASS: TestArchiveConflictAndUnavailableColdPreserveHotHistory (0.08s)\n","OutputType":"frame"}
{"Time":"2026-10-07T12:35:54.996521731Z","Action":"pass","Package":"github.com/Hubujiu/WeaveOS/services/bff/internal/audit","Test":"TestArchiveConflictAndUnavailableColdPreserveHotHistory","Elapsed":0.08}
{"Time":"2026-10-07T12:35:54.996531505Z","Action":"run","Package":"github.com/Hubujiu/WeaveOS/services/bff/internal/audit","Test":"TestCommittedCopyThenRetryIsSafe"}
{"Time":"2026-10-07T12:35:54.996535048Z","Action":"output","Package":"github.com/Hubujiu/WeaveOS/services/bff/internal/audit","Test":"TestCommittedCopyThenRetryIsSafe","Output":"=== RUN   TestCommittedCopyThenRetryIsSafe\n","OutputType":"frame"}
{"Time":"2026-10-07T12:35:55.079216406Z","Action":"output","Package":"github.com/Hubujiu/WeaveOS/services/bff/internal/audit","Test":"TestCommittedCopyThenRetryIsSafe","Output":"--- PASS: TestCommittedCopyThenRetryIsSafe (0.08s)\n","OutputType":"frame"}
{"Time":"2026-10-07T12:35:55.079288098Z","Action":"pass","Package":"github.com/Hubujiu/WeaveOS/services/bff/internal/audit","Test":"TestCommittedCopyThenRetryIsSafe","Elapsed":0.08}
{"Time":"2026-10-07T12:35:55.079301653Z","Action":"run","Package":"github.com/Hubujiu/WeaveOS/services/bff/internal/audit","Test":"TestLeapYearRetentionUsesCalendarYear"}
{"Time":"2026-10-07T12:35:55.079334249Z","Action":"output","Package":"github.com/Hubujiu/WeaveOS/services/bff/internal/audit","Test":"TestLeapYearRetentionUsesCalendarYear","Output":"=== RUN   TestLeapYearRetentionUsesCalendarYear\n","OutputType":"frame"}
{"Time":"2026-10-07T12:35:55.1580455Z","Action":"output","Package":"github.com/Hubujiu/WeaveOS/services/bff/internal/audit","Test":"TestLeapYearRetentionUsesCalendarYear","Output":"--- PASS: TestLeapYearRetentionUsesCalendarYear (0.08s)\n","OutputType":"frame"}
{"Time":"2026-10-07T12:35:55.158101631Z","Action":"pass","Package":"github.com/Hubujiu/WeaveOS/services/bff/internal/audit","Test":"TestLeapYearRetentionUsesCalendarYear","Elapsed":0.08}
{"Time":"2026-10-07T12:35:55.158111908Z","Action":"run","Package":"github.com/Hubujiu/WeaveOS/services/bff/internal/audit","Test":"TestAuditReadRequiresCurrentBootstrapAndDoesNotReadCold"}
{"Time":"2026-10-07T12:35:55.158115035Z","Action":"output","Package":"github.com/Hubujiu/WeaveOS/services/bff/internal/audit","Test":"TestAuditReadRequiresCurrentBootstrapAndDoesNotReadCold","Output":"=== RUN   TestAuditReadRequiresCurrentBootstrapAndDoesNotReadCold\n","OutputType":"frame"}
{"Time":"2026-10-07T12:35:55.242076721Z","Action":"output","Package":"github.com/Hubujiu/WeaveOS/services/bff/internal/audit","Test":"TestAuditReadRequiresCurrentBootstrapAndDoesNotReadCold","Output":"--- PASS: TestAuditReadRequiresCurrentBootstrapAndDoesNotReadCold (0.08s)\n","OutputType":"frame"}
{"Time":"2026-10-07T12:35:55.242131041Z","Action":"pass","Package":"github.com/Hubujiu/WeaveOS/services/bff/internal/audit","Test":"TestAuditReadRequiresCurrentBootstrapAndDoesNotReadCold","Elapsed":0.08}
{"Time":"2026-10-07T12:35:55.242140326Z","Action":"run","Package":"github.com/Hubujiu/WeaveOS/services/bff/internal/audit","Test":"TestPersonnelArchivePreservesSafeSummaryAndOriginalRetention"}
{"Time":"2026-10-07T12:35:55.242144507Z","Action":"output","Package":"github.com/Hubujiu/WeaveOS/services/bff/internal/audit","Test":"TestPersonnelArchivePreservesSafeSummaryAndOriginalRetention","Output":"=== RUN   TestPersonnelArchivePreservesSafeSummaryAndOriginalRetention\n","OutputType":"frame"}
{"Time":"2026-10-07T12:35:55.356212005Z","Action":"output","Package":"github.com/Hubujiu/WeaveOS/services/bff/internal/audit","Test":"TestPersonnelArchivePreservesSafeSummaryAndOriginalRetention","Output":"--- PASS: TestPersonnelArchivePreservesSafeSummaryAndOriginalRetention (0.11s)\n","OutputType":"frame"}
{"Time":"2026-10-07T12:35:55.356260869Z","Action":"pass","Package":"github.com/Hubujiu/WeaveOS/services/bff/internal/audit","Test":"TestPersonnelArchivePreservesSafeSummaryAndOriginalRetention","Elapsed":0.11}
{"Time":"2026-10-07T12:35:55.356268669Z","Action":"run","Package":"github.com/Hubujiu/WeaveOS/services/bff/internal/audit","Test":"TestQ36ColdOnlyExpiryDoesNotInvalidateHotQueries"}
{"Time":"2026-10-07T12:35:55.3562721Z","Action":"output","Package":"github.com/Hubujiu/WeaveOS/services/bff/internal/audit","Test":"TestQ36ColdOnlyExpiryDoesNotInvalidateHotQueries","Output":"=== RUN   TestQ36ColdOnlyExpiryDoesNotInvalidateHotQueries\n","OutputType":"frame"}
{"Time":"2026-10-07T12:35:55.439522035Z","Action":"output","Package":"github.com/Hubujiu/WeaveOS/services/bff/internal/audit","Test":"TestQ36ColdOnlyExpiryDoesNotInvalidateHotQueries","Output":"--- PASS: TestQ36ColdOnlyExpiryDoesNotInvalidateHotQueries (0.08s)\n","OutputType":"frame"}
{"Time":"2026-10-07T12:35:55.43956281Z","Action":"pass","Package":"github.com/Hubujiu/WeaveOS/services/bff/internal/audit","Test":"TestQ36ColdOnlyExpiryDoesNotInvalidateHotQueries","Elapsed":0.08}
{"Time":"2026-10-07T12:35:55.439569878Z","Action":"run","Package":"github.com/Hubujiu/WeaveOS/services/bff/internal/audit","Test":"TestAuditReadDeniesOrdinaryDisabledStaleAndAnonymous"}
{"Time":"2026-10-07T12:35:55.439572659Z","Action":"output","Package":"github.com/Hubujiu/WeaveOS/services/bff/internal/audit","Test":"TestAuditReadDeniesOrdinaryDisabledStaleAndAnonymous","Output":"=== RUN   TestAuditReadDeniesOrdinaryDisabledStaleAndAnonymous\n","OutputType":"frame"}
{"Time":"2026-10-07T12:35:55.514921044Z","Action":"output","Package":"github.com/Hubujiu/WeaveOS/services/bff/internal/audit","Test":"TestAuditReadDeniesOrdinaryDisabledStaleAndAnonymous","Output":"--- PASS: TestAuditReadDeniesOrdinaryDisabledStaleAndAnonymous (0.08s)\n","OutputType":"frame"}
{"Time":"2026-10-07T12:35:55.515006814Z","Action":"pass","Package":"github.com/Hubujiu/WeaveOS/services/bff/internal/audit","Test":"TestAuditReadDeniesOrdinaryDisabledStaleAndAnonymous","Elapsed":0.08}
{"Time":"2026-10-07T12:35:55.515042541Z","Action":"run","Package":"github.com/Hubujiu/WeaveOS/services/bff/internal/audit","Test":"TestRootPublicationHotColdConstraintsPreserveSafeShape"}
{"Time":"2026-10-07T12:35:55.515075403Z","Action":"output","Package":"github.com/Hubujiu/WeaveOS/services/bff/internal/audit","Test":"TestRootPublicationHotColdConstraintsPreserveSafeShape","Output":"=== RUN   TestRootPublicationHotColdConstraintsPreserveSafeShape\n","OutputType":"frame"}
{"Time":"2026-10-07T12:35:55.658800207Z","Action":"output","Package":"github.com/Hubujiu/WeaveOS/services/bff/internal/audit","Test":"TestRootPublicationHotColdConstraintsPreserveSafeShape","Output":"--- PASS: TestRootPublicationHotColdConstraintsPreserveSafeShape (0.14s)\n","OutputType":"frame"}
{"Time":"2026-10-07T12:35:55.65884299Z","Action":"pass","Package":"github.com/Hubujiu/WeaveOS/services/bff/internal/audit","Test":"TestRootPublicationHotColdConstraintsPreserveSafeShape","Elapsed":0.14}
{"Time":"2026-10-07T12:35:55.658850976Z","Action":"run","Package":"github.com/Hubujiu/WeaveOS/services/bff/internal/audit","Test":"TestRootPublicationArchiveCopiesAllColumnsAndRetainsHotOnConflict"}
{"Time":"2026-10-07T12:35:55.658853373Z","Action":"output","Package":"github.com/Hubujiu/WeaveOS/services/bff/internal/audit","Test":"TestRootPublicationArchiveCopiesAllColumnsAndRetainsHotOnConflict","Output":"=== RUN   TestRootPublicationArchiveCopiesAllColumnsAndRetainsHotOnConflict\n","OutputType":"frame"}
{"Time":"2026-10-07T12:35:55.778955804Z","Action":"output","Package":"github.com/Hubujiu/WeaveOS/services/bff/internal/audit","Test":"TestRootPublicationArchiveCopiesAllColumnsAndRetainsHotOnConflict","Output":"--- PASS: TestRootPublicationArchiveCopiesAllColumnsAndRetainsHotOnConflict (0.12s)\n","OutputType":"frame"}
{"Time":"2026-10-07T12:35:55.778997636Z","Action":"pass","Package":"github.com/Hubujiu/WeaveOS/services/bff/internal/audit","Test":"TestRootPublicationArchiveCopiesAllColumnsAndRetainsHotOnConflict","Elapsed":0.12}
{"Time":"2026-10-07T12:35:55.779007259Z","Action":"run","Package":"github.com/Hubujiu/WeaveOS/services/bff/internal/audit","Test":"TestRootWorkflowManagementHotColdConstraintsPreserveSafeShape"}
{"Time":"2026-10-07T12:35:55.779010191Z","Action":"output","Package":"github.com/Hubujiu/WeaveOS/services/bff/internal/audit","Test":"TestRootWorkflowManagementHotColdConstraintsPreserveSafeShape","Output":"=== RUN   TestRootWorkflowManagementHotColdConstraintsPreserveSafeShape\n","OutputType":"frame"}
{"Time":"2026-10-07T12:35:55.909667601Z","Action":"output","Package":"github.com/Hubujiu/WeaveOS/services/bff/internal/audit","Test":"TestRootWorkflowManagementHotColdConstraintsPreserveSafeShape","Output":"--- PASS: TestRootWorkflowManagementHotColdConstraintsPreserveSafeShape (0.13s)\n","OutputType":"frame"}
{"Time":"2026-10-07T12:35:55.909703177Z","Action":"pass","Package":"github.com/Hubujiu/WeaveOS/services/bff/internal/audit","Test":"TestRootWorkflowManagementHotColdConstraintsPreserveSafeShape","Elapsed":0.13}
{"Time":"2026-10-07T12:35:55.909721028Z","Action":"run","Package":"github.com/Hubujiu/WeaveOS/services/bff/internal/audit","Test":"TestRootWorkflowManagementArchiveCopiesAllColumnsAndRetainsHotOnConflict"}
{"Time":"2026-10-07T12:35:55.90972446Z","Action":"output","Package":"github.com/Hubujiu/WeaveOS/services/bff/internal/audit","Test":"TestRootWorkflowManagementArchiveCopiesAllColumnsAndRetainsHotOnConflict","Output":"=== RUN   TestRootWorkflowManagementArchiveCopiesAllColumnsAndRetainsHotOnConflict\n","OutputType":"frame"}
{"Time":"2026-10-07T12:35:56.014860794Z","Action":"output","Package":"github.com/Hubujiu/WeaveOS/services/bff/internal/audit","Test":"TestRootWorkflowManagementArchiveCopiesAllColumnsAndRetainsHotOnConflict","Output":"--- PASS: TestRootWorkflowManagementArchiveCopiesAllColumnsAndRetainsHotOnConflict (0.11s)\n","OutputType":"frame"}
{"Time":"2026-10-07T12:35:56.01489804Z","Action":"pass","Package":"github.com/Hubujiu/WeaveOS/services/bff/internal/audit","Test":"TestRootWorkflowManagementArchiveCopiesAllColumnsAndRetainsHotOnConflict","Elapsed":0.11}
{"Time":"2026-10-07T12:35:56.014906053Z","Action":"run","Package":"github.com/Hubujiu/WeaveOS/services/bff/internal/audit","Test":"TestColdArchiveSchema"}
{"Time":"2026-10-07T12:35:56.01490902Z","Action":"output","Package":"github.com/Hubujiu/WeaveOS/services/bff/internal/audit","Test":"TestColdArchiveSchema","Output":"=== RUN   TestColdArchiveSchema\n","OutputType":"frame"}
{"Time":"2026-10-07T12:35:56.056994359Z","Action":"output","Package":"github.com/Hubujiu/WeaveOS/services/bff/internal/audit","Test":"TestColdArchiveSchema","Output":"--- PASS: TestColdArchiveSchema (0.04s)\n","OutputType":"frame"}
{"Time":"2026-10-07T12:35:56.057050794Z","Action":"pass","Package":"github.com/Hubujiu/WeaveOS/services/bff/internal/audit","Test":"TestColdArchiveSchema","Elapsed":0.04}
{"Time":"2026-10-07T12:35:56.057096681Z","Action":"run","Package":"github.com/Hubujiu/WeaveOS/services/bff/internal/audit","Test":"TestRuntimeRolesRestrictAuditAndBootstrap"}
{"Time":"2026-10-07T12:35:56.057099671Z","Action":"output","Package":"github.com/Hubujiu/WeaveOS/services/bff/internal/audit","Test":"TestRuntimeRolesRestrictAuditAndBootstrap","Output":"=== RUN   TestRuntimeRolesRestrictAuditAndBootstrap\n","OutputType":"frame"}
{"Time":"2026-10-07T12:35:56.091291564Z","Action":"output","Package":"github.com/Hubujiu/WeaveOS/services/bff/internal/audit","Test":"TestRuntimeRolesRestrictAuditAndBootstrap","Output":"--- PASS: TestRuntimeRolesRestrictAuditAndBootstrap (0.03s)\n","OutputType":"frame"}
{"Time":"2026-10-07T12:35:56.091374304Z","Action":"pass","Package":"github.com/Hubujiu/WeaveOS/services/bff/internal/audit","Test":"TestRuntimeRolesRestrictAuditAndBootstrap","Elapsed":0.03}
{"Time":"2026-10-07T12:35:56.091384202Z","Action":"run","Package":"github.com/Hubujiu/WeaveOS/services/bff/internal/audit","Test":"TestColdMaintenanceRoleCanOnlyMaintainAudit"}
{"Time":"2026-10-07T12:35:56.091387379Z","Action":"output","Package":"github.com/Hubujiu/WeaveOS/services/bff/internal/audit","Test":"TestColdMaintenanceRoleCanOnlyMaintainAudit","Output":"=== RUN   TestColdMaintenanceRoleCanOnlyMaintainAudit\n","OutputType":"frame"}
{"Time":"2026-10-07T12:35:56.108724804Z","Action":"output","Package":"github.com/Hubujiu/WeaveOS/services/bff/internal/audit","Test":"TestColdMaintenanceRoleCanOnlyMaintainAudit","Output":"--- PASS: TestColdMaintenanceRoleCanOnlyMaintainAudit (0.02s)\n","OutputType":"frame"}
{"Time":"2026-10-07T12:35:56.108758662Z","Action":"pass","Package":"github.com/Hubujiu/WeaveOS/services/bff/internal/audit","Test":"TestColdMaintenanceRoleCanOnlyMaintainAudit","Elapsed":0.02}
{"Time":"2026-10-07T12:35:56.108765608Z","Action":"run","Package":"github.com/Hubujiu/WeaveOS/services/bff/internal/audit","Test":"TestBackupIdentitySeparateFromRuntime"}
{"Time":"2026-10-07T12:35:56.108768484Z","Action":"output","Package":"github.com/Hubujiu/WeaveOS/services/bff/internal/audit","Test":"TestBackupIdentitySeparateFromRuntime","Output":"=== RUN   TestBackupIdentitySeparateFromRuntime\n","OutputType":"frame"}
{"Time":"2026-10-07T12:35:56.136760492Z","Action":"output","Package":"github.com/Hubujiu/WeaveOS/services/bff/internal/audit","Test":"TestBackupIdentitySeparateFromRuntime","Output":"--- PASS: TestBackupIdentitySeparateFromRuntime (0.03s)\n","OutputType":"frame"}
{"Time":"2026-10-07T12:35:56.136790074Z","Action":"pass","Package":"github.com/Hubujiu/WeaveOS/services/bff/internal/audit","Test":"TestBackupIdentitySeparateFromRuntime","Elapsed":0.03}
{"Time":"2026-10-07T12:35:56.136819348Z","Action":"output","Package":"github.com/Hubujiu/WeaveOS/services/bff/internal/audit","Output":"PASS\n","OutputType":"frame"}
{"Time":"2026-10-07T12:35:57.142475996Z","Action":"output","Package":"github.com/Hubujiu/WeaveOS/services/bff/internal/audit","Output":"ok  \tgithub.com/Hubujiu/WeaveOS/services/bff/internal/audit\t2.835s\n"}
{"Time":"2026-10-07T12:35:57.142589614Z","Action":"pass","Package":"github.com/Hubujiu/WeaveOS/services/bff/internal/audit","Elapsed":2.836}
