{"Time":"2026-10-07T12:57:35.965451851Z","Action":"start","Package":"github.com/Hubujiu/WeaveOS/services/bff/internal/appstructure"}
{"Time":"2026-10-07T12:57:35.986278539Z","Action":"run","Package":"github.com/Hubujiu/WeaveOS/services/bff/internal/appstructure","Test":"TestNewReferenceDefaultFailsClosedWithoutSourceValidator"}
{"Time":"2026-10-07T12:57:35.986389645Z","Action":"output","Package":"github.com/Hubujiu/WeaveOS/services/bff/internal/appstructure","Test":"TestNewReferenceDefaultFailsClosedWithoutSourceValidator","Output":"=== RUN   TestNewReferenceDefaultFailsClosedWithoutSourceValidator\n","OutputType":"frame"}
{"Time":"2026-10-07T12:57:36.11693807Z","Action":"output","Package":"github.com/Hubujiu/WeaveOS/services/bff/internal/appstructure","Test":"TestNewReferenceDefaultFailsClosedWithoutSourceValidator","Output":"--- PASS: TestNewReferenceDefaultFailsClosedWithoutSourceValidator (0.13s)\n","OutputType":"frame"}
{"Time":"2026-10-07T12:57:36.116990851Z","Action":"pass","Package":"github.com/Hubujiu/WeaveOS/services/bff/internal/appstructure","Test":"TestNewReferenceDefaultFailsClosedWithoutSourceValidator","Elapsed":0.13}
{"Time":"2026-10-07T12:57:36.126272776Z","Action":"run","Package":"github.com/Hubujiu/WeaveOS/services/bff/internal/appstructure","Test":"TestFrozenRecordHTTPDecoderAcceptsSparseAndIncompleteBodies"}
{"Time":"2026-10-07T12:57:36.126333015Z","Action":"output","Package":"github.com/Hubujiu/WeaveOS/services/bff/internal/appstructure","Test":"TestFrozenRecordHTTPDecoderAcceptsSparseAndIncompleteBodies","Output":"=== RUN   TestFrozenRecordHTTPDecoderAcceptsSparseAndIncompleteBodies\n","OutputType":"frame"}
{"Time":"2026-10-07T12:57:36.126345767Z","Action":"run","Package":"github.com/Hubujiu/WeaveOS/services/bff/internal/appstructure","Test":"TestFrozenRecordHTTPDecoderAcceptsSparseAndIncompleteBodies/record.create"}
{"Time":"2026-10-07T12:57:36.126350206Z","Action":"output","Package":"github.com/Hubujiu/WeaveOS/services/bff/internal/appstructure","Test":"TestFrozenRecordHTTPDecoderAcceptsSparseAndIncompleteBodies/record.create","Output":"=== RUN   TestFrozenRecordHTTPDecoderAcceptsSparseAndIncompleteBodies/record.create\n","OutputType":"frame"}
{"Time":"2026-10-07T12:57:36.127238201Z","Action":"output","Package":"github.com/Hubujiu/WeaveOS/services/bff/internal/appstructure","Test":"TestFrozenRecordHTTPDecoderAcceptsSparseAndIncompleteBodies/record.create","Output":"--- PASS: TestFrozenRecordHTTPDecoderAcceptsSparseAndIncompleteBodies/record.create (0.00s)\n","OutputType":"frame"}
{"Time":"2026-10-07T12:57:36.127269197Z","Action":"pass","Package":"github.com/Hubujiu/WeaveOS/services/bff/internal/appstructure","Test":"TestFrozenRecordHTTPDecoderAcceptsSparseAndIncompleteBodies/record.create","Elapsed":0}
{"Time":"2026-10-07T12:57:36.127334334Z","Action":"run","Package":"github.com/Hubujiu/WeaveOS/services/bff/internal/appstructure","Test":"TestFrozenRecordHTTPDecoderAcceptsSparseAndIncompleteBodies/record.edit"}
{"Time":"2026-10-07T12:57:36.127340035Z","Action":"output","Package":"github.com/Hubujiu/WeaveOS/services/bff/internal/appstructure","Test":"TestFrozenRecordHTTPDecoderAcceptsSparseAndIncompleteBodies/record.edit","Output":"=== RUN   TestFrozenRecordHTTPDecoderAcceptsSparseAndIncompleteBodies/record.edit\n","OutputType":"frame"}
{"Time":"2026-10-07T12:57:36.128159456Z","Action":"output","Package":"github.com/Hubujiu/WeaveOS/services/bff/internal/appstructure","Test":"TestFrozenRecordHTTPDecoderAcceptsSparseAndIncompleteBodies/record.edit","Output":"--- PASS: TestFrozenRecordHTTPDecoderAcceptsSparseAndIncompleteBodies/record.edit (0.00s)\n","OutputType":"frame"}
{"Time":"2026-10-07T12:57:36.128184281Z","Action":"pass","Package":"github.com/Hubujiu/WeaveOS/services/bff/internal/appstructure","Test":"TestFrozenRecordHTTPDecoderAcceptsSparseAndIncompleteBodies/record.edit","Elapsed":0}
{"Time":"2026-10-07T12:57:36.128193726Z","Action":"run","Package":"github.com/Hubujiu/WeaveOS/services/bff/internal/appstructure","Test":"TestFrozenRecordHTTPDecoderAcceptsSparseAndIncompleteBodies/record.search"}
{"Time":"2026-10-07T12:57:36.128207119Z","Action":"output","Package":"github.com/Hubujiu/WeaveOS/services/bff/internal/appstructure","Test":"TestFrozenRecordHTTPDecoderAcceptsSparseAndIncompleteBodies/record.search","Output":"=== RUN   TestFrozenRecordHTTPDecoderAcceptsSparseAndIncompleteBodies/record.search\n","OutputType":"frame"}
{"Time":"2026-10-07T12:57:36.12854178Z","Action":"output","Package":"github.com/Hubujiu/WeaveOS/services/bff/internal/appstructure","Test":"TestFrozenRecordHTTPDecoderAcceptsSparseAndIncompleteBodies/record.search","Output":"--- PASS: TestFrozenRecordHTTPDecoderAcceptsSparseAndIncompleteBodies/record.search (0.00s)\n","OutputType":"frame"}
{"Time":"2026-10-07T12:57:36.128552004Z","Action":"pass","Package":"github.com/Hubujiu/WeaveOS/services/bff/internal/appstructure","Test":"TestFrozenRecordHTTPDecoderAcceptsSparseAndIncompleteBodies/record.search","Elapsed":0}
{"Time":"2026-10-07T12:57:36.12859642Z","Action":"run","Package":"github.com/Hubujiu/WeaveOS/services/bff/internal/appstructure","Test":"TestFrozenRecordHTTPDecoderAcceptsSparseAndIncompleteBodies/draft.create"}
{"Time":"2026-10-07T12:57:36.128600503Z","Action":"output","Package":"github.com/Hubujiu/WeaveOS/services/bff/internal/appstructure","Test":"TestFrozenRecordHTTPDecoderAcceptsSparseAndIncompleteBodies/draft.create","Output":"=== RUN   TestFrozenRecordHTTPDecoderAcceptsSparseAndIncompleteBodies/draft.create\n","OutputType":"frame"}
{"Time":"2026-10-07T12:57:36.128962722Z","Action":"output","Package":"github.com/Hubujiu/WeaveOS/services/bff/internal/appstructure","Test":"TestFrozenRecordHTTPDecoderAcceptsSparseAndIncompleteBodies/draft.create","Output":"--- PASS: TestFrozenRecordHTTPDecoderAcceptsSparseAndIncompleteBodies/draft.create (0.00s)\n","OutputType":"frame"}
{"Time":"2026-10-07T12:57:36.128975226Z","Action":"pass","Package":"github.com/Hubujiu/WeaveOS/services/bff/internal/appstructure","Test":"TestFrozenRecordHTTPDecoderAcceptsSparseAndIncompleteBodies/draft.create","Elapsed":0}
{"Time":"2026-10-07T12:57:36.128981167Z","Action":"run","Package":"github.com/Hubujiu/WeaveOS/services/bff/internal/appstructure","Test":"TestFrozenRecordHTTPDecoderAcceptsSparseAndIncompleteBodies/draft.update"}
{"Time":"2026-10-07T12:57:36.128984633Z","Action":"output","Package":"github.com/Hubujiu/WeaveOS/services/bff/internal/appstructure","Test":"TestFrozenRecordHTTPDecoderAcceptsSparseAndIncompleteBodies/draft.update","Output":"=== RUN   TestFrozenRecordHTTPDecoderAcceptsSparseAndIncompleteBodies/draft.update\n","OutputType":"frame"}
{"Time":"2026-10-07T12:57:36.129408509Z","Action":"output","Package":"github.com/Hubujiu/WeaveOS/services/bff/internal/appstructure","Test":"TestFrozenRecordHTTPDecoderAcceptsSparseAndIncompleteBodies/draft.update","Output":"--- PASS: TestFrozenRecordHTTPDecoderAcceptsSparseAndIncompleteBodies/draft.update (0.00s)\n","OutputType":"frame"}
{"Time":"2026-10-07T12:57:36.129422475Z","Action":"pass","Package":"github.com/Hubujiu/WeaveOS/services/bff/internal/appstructure","Test":"TestFrozenRecordHTTPDecoderAcceptsSparseAndIncompleteBodies/draft.update","Elapsed":0}
{"Time":"2026-10-07T12:57:36.12945842Z","Action":"output","Package":"github.com/Hubujiu/WeaveOS/services/bff/internal/appstructure","Test":"TestFrozenRecordHTTPDecoderAcceptsSparseAndIncompleteBodies","Output":"--- PASS: TestFrozenRecordHTTPDecoderAcceptsSparseAndIncompleteBodies (0.00s)\n","OutputType":"frame"}
{"Time":"2026-10-07T12:57:36.129463671Z","Action":"pass","Package":"github.com/Hubujiu/WeaveOS/services/bff/internal/appstructure","Test":"TestFrozenRecordHTTPDecoderAcceptsSparseAndIncompleteBodies","Elapsed":0}
{"Time":"2026-10-07T12:57:36.129635877Z","Action":"run","Package":"github.com/Hubujiu/WeaveOS/services/bff/internal/appstructure","Test":"TestFrozenRecordHTTPDecoderRejectsDuplicateUnknownNullAndNumericValues"}
{"Time":"2026-10-07T12:57:36.12964294Z","Action":"output","Package":"github.com/Hubujiu/WeaveOS/services/bff/internal/appstructure","Test":"TestFrozenRecordHTTPDecoderRejectsDuplicateUnknownNullAndNumericValues","Output":"=== RUN   TestFrozenRecordHTTPDecoderRejectsDuplicateUnknownNullAndNumericValues\n","OutputType":"frame"}
{"Time":"2026-10-07T12:57:36.130931396Z","Action":"output","Package":"github.com/Hubujiu/WeaveOS/services/bff/internal/appstructure","Test":"TestFrozenRecordHTTPDecoderRejectsDuplicateUnknownNullAndNumericValues","Output":"--- PASS: TestFrozenRecordHTTPDecoderRejectsDuplicateUnknownNullAndNumericValues (0.00s)\n","OutputType":"frame"}
{"Time":"2026-10-07T12:57:36.130954992Z","Action":"pass","Package":"github.com/Hubujiu/WeaveOS/services/bff/internal/appstructure","Test":"TestFrozenRecordHTTPDecoderRejectsDuplicateUnknownNullAndNumericValues","Elapsed":0}
{"Time":"2026-10-07T12:57:36.130969255Z","Action":"run","Package":"github.com/Hubujiu/WeaveOS/services/bff/internal/appstructure","Test":"TestFrozenRecordHTTPDecoderBoundsRawBodiesAndMedia"}
{"Time":"2026-10-07T12:57:36.130976546Z","Action":"output","Package":"github.com/Hubujiu/WeaveOS/services/bff/internal/appstructure","Test":"TestFrozenRecordHTTPDecoderBoundsRawBodiesAndMedia","Output":"=== RUN   TestFrozenRecordHTTPDecoderBoundsRawBodiesAndMedia\n","OutputType":"frame"}
{"Time":"2026-10-07T12:57:36.131120687Z","Action":"run","Package":"github.com/Hubujiu/WeaveOS/services/bff/internal/appstructure","Test":"TestFrozenRecordHTTPDecoderBoundsRawBodiesAndMedia/record.search"}
{"Time":"2026-10-07T12:57:36.131127435Z","Action":"output","Package":"github.com/Hubujiu/WeaveOS/services/bff/internal/appstructure","Test":"TestFrozenRecordHTTPDecoderBoundsRawBodiesAndMedia/record.search","Output":"=== RUN   TestFrozenRecordHTTPDecoderBoundsRawBodiesAndMedia/record.search\n","OutputType":"frame"}
{"Time":"2026-10-07T12:57:36.138483582Z","Action":"output","Package":"github.com/Hubujiu/WeaveOS/services/bff/internal/appstructure","Test":"TestFrozenRecordHTTPDecoderBoundsRawBodiesAndMedia/record.search","Output":"    record_http_decode_test.go:74: otherwise valid JSON one byte over limit must reject: COMMON_VALIDATION_FAILED\n","OutputType":"error"}
{"Time":"2026-10-07T12:57:36.138540465Z","Action":"output","Package":"github.com/Hubujiu/WeaveOS/services/bff/internal/appstructure","Test":"TestFrozenRecordHTTPDecoderBoundsRawBodiesAndMedia/record.search","Output":"--- FAIL: TestFrozenRecordHTTPDecoderBoundsRawBodiesAndMedia/record.search (0.01s)\n","OutputType":"frame"}
{"Time":"2026-10-07T12:57:36.138547697Z","Action":"fail","Package":"github.com/Hubujiu/WeaveOS/services/bff/internal/appstructure","Test":"TestFrozenRecordHTTPDecoderBoundsRawBodiesAndMedia/record.search","Elapsed":0.01}
{"Time":"2026-10-07T12:57:36.138556679Z","Action":"run","Package":"github.com/Hubujiu/WeaveOS/services/bff/internal/appstructure","Test":"TestFrozenRecordHTTPDecoderBoundsRawBodiesAndMedia/record.create"}
{"Time":"2026-10-07T12:57:36.138563971Z","Action":"output","Package":"github.com/Hubujiu/WeaveOS/services/bff/internal/appstructure","Test":"TestFrozenRecordHTTPDecoderBoundsRawBodiesAndMedia/record.create","Output":"=== RUN   TestFrozenRecordHTTPDecoderBoundsRawBodiesAndMedia/record.create\n","OutputType":"frame"}
{"Time":"2026-10-07T12:57:36.302581333Z","Action":"output","Package":"github.com/Hubujiu/WeaveOS/services/bff/internal/appstructure","Test":"TestFrozenRecordHTTPDecoderBoundsRawBodiesAndMedia/record.create","Output":"    record_http_decode_test.go:74: otherwise valid JSON one byte over limit must reject: COMMON_VALIDATION_FAILED\n","OutputType":"error"}
{"Time":"2026-10-07T12:57:36.302652659Z","Action":"output","Package":"github.com/Hubujiu/WeaveOS/services/bff/internal/appstructure","Test":"TestFrozenRecordHTTPDecoderBoundsRawBodiesAndMedia/record.create","Output":"--- FAIL: TestFrozenRecordHTTPDecoderBoundsRawBodiesAndMedia/record.create (0.16s)\n","OutputType":"frame"}
{"Time":"2026-10-07T12:57:36.302660523Z","Action":"fail","Package":"github.com/Hubujiu/WeaveOS/services/bff/internal/appstructure","Test":"TestFrozenRecordHTTPDecoderBoundsRawBodiesAndMedia/record.create","Elapsed":0.16}
{"Time":"2026-10-07T12:57:36.302667043Z","Action":"run","Package":"github.com/Hubujiu/WeaveOS/services/bff/internal/appstructure","Test":"TestFrozenRecordHTTPDecoderBoundsRawBodiesAndMedia/draft.create"}
{"Time":"2026-10-07T12:57:36.302678674Z","Action":"output","Package":"github.com/Hubujiu/WeaveOS/services/bff/internal/appstructure","Test":"TestFrozenRecordHTTPDecoderBoundsRawBodiesAndMedia/draft.create","Output":"=== RUN   TestFrozenRecordHTTPDecoderBoundsRawBodiesAndMedia/draft.create\n","OutputType":"frame"}
{"Time":"2026-10-07T12:57:36.469592391Z","Action":"output","Package":"github.com/Hubujiu/WeaveOS/services/bff/internal/appstructure","Test":"TestFrozenRecordHTTPDecoderBoundsRawBodiesAndMedia/draft.create","Output":"    record_http_decode_test.go:74: otherwise valid JSON one byte over limit must reject: COMMON_VALIDATION_FAILED\n","OutputType":"error"}
{"Time":"2026-10-07T12:57:36.469660755Z","Action":"output","Package":"github.com/Hubujiu/WeaveOS/services/bff/internal/appstructure","Test":"TestFrozenRecordHTTPDecoderBoundsRawBodiesAndMedia/draft.create","Output":"--- FAIL: TestFrozenRecordHTTPDecoderBoundsRawBodiesAndMedia/draft.create (0.17s)\n","OutputType":"frame"}
{"Time":"2026-10-07T12:57:36.46968312Z","Action":"fail","Package":"github.com/Hubujiu/WeaveOS/services/bff/internal/appstructure","Test":"TestFrozenRecordHTTPDecoderBoundsRawBodiesAndMedia/draft.create","Elapsed":0.17}
{"Time":"2026-10-07T12:57:36.469694478Z","Action":"output","Package":"github.com/Hubujiu/WeaveOS/services/bff/internal/appstructure","Test":"TestFrozenRecordHTTPDecoderBoundsRawBodiesAndMedia","Output":"--- FAIL: TestFrozenRecordHTTPDecoderBoundsRawBodiesAndMedia (0.34s)\n","OutputType":"frame"}
{"Time":"2026-10-07T12:57:36.469717717Z","Action":"fail","Package":"github.com/Hubujiu/WeaveOS/services/bff/internal/appstructure","Test":"TestFrozenRecordHTTPDecoderBoundsRawBodiesAndMedia","Elapsed":0.34}
{"Time":"2026-10-07T12:57:36.478543185Z","Action":"output","Package":"github.com/Hubujiu/WeaveOS/services/bff/internal/appstructure","Output":"FAIL\n","OutputType":"frame"}
{"Time":"2026-10-07T12:57:36.482255468Z","Action":"output","Package":"github.com/Hubujiu/WeaveOS/services/bff/internal/appstructure","Output":"FAIL\tgithub.com/Hubujiu/WeaveOS/services/bff/internal/appstructure\t0.516s\n","OutputType":"frame"}
{"Time":"2026-10-07T12:57:36.482287552Z","Action":"fail","Package":"github.com/Hubujiu/WeaveOS/services/bff/internal/appstructure","Elapsed":0.517}
