[WebServer] (node:60035) Warning: The 'NO_COLOR' env is ignored due to the 'FORCE_COLOR' env being set.
[WebServer] (Use `node --trace-warnings ...` to show where the warning was created)

[WebServer] (node:60049) Warning: The 'NO_COLOR' env is ignored due to the 'FORCE_COLOR' env being set.
[WebServer] (Use `node --trace-warnings ...` to show where the warning was created)


Running 141 tests using 1 worker

(node:60078) Warning: The 'NO_COLOR' env is ignored due to the 'FORCE_COLOR' env being set.
(Use `node --trace-warnings ...` to show where the warning was created)


[1/141] [chromium] › src/applications/forms/forms.component.spec.ts:105:1 › original designer shows three panels and keyboard-added draft can preview without a write
[chromium] › src/applications/forms/forms.component.spec.ts:105:1 › original designer shows three panels and keyboard-added draft can preview without a write
Skipping host requirements validation logic because `PLAYWRIGHT_SKIP_VALIDATE_HOST_REQUIREMENTS` env variable is set.

[2/141] [chromium] › src/applications/forms/forms.component.spec.ts:122:1 › save preflights and commits with both versions and stable IDs only after server success
[3/141] [chromium] › src/applications/forms/forms.component.spec.ts:137:1 › lost save response keeps the original operation and draft until recovery confirms it
[4/141] [chromium] › src/applications/forms/forms.component.spec.ts:153:1 › directory creation and new form creation use coherent structure and one atomic form POST
[5/141] [chromium] › src/applications/forms/forms.component.spec.ts:175:1 › impact dialog requires a live confirmation token before a schema write
[6/141] [chromium] › src/applications/forms/forms.component.spec.ts:192:1 › blocked dependencies show the affected resource and prevent PUT
[7/141] [chromium] › src/applications/forms/forms.component.spec.ts:208:1 › used option deletion maps old option IDs before renewed preflight and confirmed Save
[8/141] [chromium] › src/applications/forms/forms.component.spec.ts:243:1 › late preflight for an old view cannot open impact or write into the newly selected view
[9/141] [chromium] › src/applications/forms/forms.component.spec.ts:273:1 › keyboard can move an existing field into a group with the same ordered 12-column layout
[10/141] [chromium] › src/applications/forms/forms.component.spec.ts:289:1 › permission revoked during Save keeps the draft but stops further configuration writes
[11/141] [chromium] › src/applications/forms/forms.component.spec.ts:305:1 › system fields stay read-only and each inserted node references a distinct server-defined code
[12/141] [chromium] › src/applications/forms/forms.component.spec.ts:319:1 › destructive preflight waits for explicit confirmation and sends its exact token
[13/141] [chromium] › src/applications/forms/forms.component.spec.ts:338:1 › dirty exit and CAS conflict require an explicit decision while preserving the draft
[14/141] [chromium] › src/applications/forms/forms.component.spec.ts:355:1 › structure CAS conflict keeps the entered name and offers an explicit latest-version reload
[15/141] [chromium] › src/applications/forms/forms.component.spec.ts:370:1 › structure write permission revocation disables further directory and form mutations
[16/141] [chromium] › src/applications/forms/forms.component.spec.ts:385:1 › late directory create for an old app cannot replace the selected app tree
[17/141] [chromium] › src/applications/forms/forms.component.spec.ts:417:1 › empty structure explains the next action to keyboard and screen reader users
[18/141] [chromium] › src/applications/forms/forms.component.spec.ts:425:1 › removing an optional selected default option clears the invalid default before Save
[19/141] [chromium] › src/applications/forms/forms.component.spec.ts:444:1 › decimal controls keep exact text and signed rounding places on the definition wire
[20/141] [chromium] › src/applications/forms/forms.component.spec.ts:461:1 › preview dialog restores trigger focus after fast close and under reduced motion
[21/141] [chromium] › src/applications/forms/forms.component.spec.ts:477:1 › existing-table form source creates another view without creating a table
[22/141] [chromium] › src/applications/forms/forms.component.spec.ts:494:1 › directory rename and same-app move use current structure CAS while descendants are excluded
[23/141] [chromium] › src/applications/forms/forms.component.spec.ts:524:1 › palette drag into a group preserves the chosen drop parent in saved layout
[24/141] [chromium] › src/applications/forms/forms.component.spec.ts:538:1 › new view beside a selected form inherits its directory
[25/141] [chromium] › src/applications/forms/forms.component.spec.ts:547:1 › existing member default remains visible and can be cleared without a candidate source
[26/141] [chromium] › src/applications/forms/forms.component.spec.ts:564:1 › text empty-string default and boolean unset false true remain distinct on Save
[27/141] [chromium] › src/applications/forms/forms.component.spec.ts:583:1 › no-op Save with unknown result blocks exit even when definition is not dirty
[28/141] [chromium] › src/applications/forms/forms.component.spec.ts:598:1 › A to B to A navigation ignores a late first-generation preflight
[29/141] [chromium] › src/applications/forms/forms.component.spec.ts:622:1 › definition requests bind verified actor and B cannot replay A unknown Save
[30/141] [chromium] › src/applications/forms/forms.component.spec.ts:643:1 › 401 and actor mismatch are handed to Shell without losing the designer draft
[31/141] [chromium] › src/applications/forms/forms.component.spec.ts:660:1 › structure unknown operation stays with A through an actor switch
[32/141] [chromium] › src/applications/forms/forms.component.spec.ts:675:1 › dialog returns focus to its source after quick reverse and reopens
[33/141] [chromium] › src/applications/forms/forms.component.spec.ts:688:1 › dialog closes immediately when reduced motion is requested
[34/141] [chromium] › src/applications/forms/forms.component.spec.ts:696:1 › owner member default picker searches, pages and saves the selected stable ID
[35/141] [chromium] › src/applications/forms/forms.component.spec.ts:721:1 › owner department default picker displays hierarchy candidate and saves ID
[36/141] [chromium] › src/applications/forms/forms.component.spec.ts:735:1 › second view can place an existing table field without creating another field ID
[37/141] [chromium] › src/applications/forms/forms.component.spec.ts:750:1 › removing a group leaves its table field available to place again
[38/141] [chromium] › src/applications/forms/forms.component.spec.ts:768:1 › preview explicit null selection does not bounce back to the configured default
[39/141] [chromium] › src/applications/forms/forms.component.spec.ts:782:1 › malformed successful structure receipt remains unconfirmed with the original operation
[40/141] [chromium] › src/applications/forms/forms.component.spec.ts:795:1 › malformed successful definition receipt does not erase draft or issue a new key
[41/141] [chromium] › src/applications/forms/forms.component.spec.ts:810:1 › null JSON success envelope retains the original Save for recovery
[42/141] [chromium] › src/applications/forms/forms.component.spec.ts:825:1 › server failure after a Save request keeps its operation until verified
[43/141] [chromium] › src/applications/forms/forms.component.spec.ts:840:1 › server failure after a directory request keeps its name and operation
[44/141] [chromium] › src/applications/forms/forms.component.spec.ts:854:1 › existing text field can request a guarded number type conversion
[45/141] [chromium] › src/applications/forms/forms.component.spec.ts:869:1 › designer canvas renders the actual field control in a nonediting design state
[46/141] [chromium] › src/applications/forms/forms.component.spec.ts:880:1 › changing an option mapping after successful preflight invalidates its token and pending packet
[47/141] [chromium] › src/applications/forms/forms.component.spec.ts:912:1 › expired confirmation token asks for another preflight instead of silently ignoring click
(node:60720) Warning: The 'NO_COLOR' env is ignored due to the 'FORCE_COLOR' env being set.
(Use `node --trace-warnings ...` to show where the warning was created)


[48/141] [firefox] › src/applications/forms/forms.component.spec.ts:105:1 › original designer shows three panels and keyboard-added draft can preview without a write
[firefox] › src/applications/forms/forms.component.spec.ts:105:1 › original designer shows three panels and keyboard-added draft can preview without a write
Skipping host requirements validation logic because `PLAYWRIGHT_SKIP_VALIDATE_HOST_REQUIREMENTS` env variable is set.

[49/141] [firefox] › src/applications/forms/forms.component.spec.ts:122:1 › save preflights and commits with both versions and stable IDs only after server success
[50/141] [firefox] › src/applications/forms/forms.component.spec.ts:137:1 › lost save response keeps the original operation and draft until recovery confirms it
[51/141] [firefox] › src/applications/forms/forms.component.spec.ts:153:1 › directory creation and new form creation use coherent structure and one atomic form POST
[52/141] [firefox] › src/applications/forms/forms.component.spec.ts:175:1 › impact dialog requires a live confirmation token before a schema write
[53/141] [firefox] › src/applications/forms/forms.component.spec.ts:192:1 › blocked dependencies show the affected resource and prevent PUT
[54/141] [firefox] › src/applications/forms/forms.component.spec.ts:208:1 › used option deletion maps old option IDs before renewed preflight and confirmed Save
[55/141] [firefox] › src/applications/forms/forms.component.spec.ts:243:1 › late preflight for an old view cannot open impact or write into the newly selected view
[56/141] [firefox] › src/applications/forms/forms.component.spec.ts:273:1 › keyboard can move an existing field into a group with the same ordered 12-column layout
[57/141] [firefox] › src/applications/forms/forms.component.spec.ts:289:1 › permission revoked during Save keeps the draft but stops further configuration writes
[58/141] [firefox] › src/applications/forms/forms.component.spec.ts:305:1 › system fields stay read-only and each inserted node references a distinct server-defined code
[59/141] [firefox] › src/applications/forms/forms.component.spec.ts:319:1 › destructive preflight waits for explicit confirmation and sends its exact token
[60/141] [firefox] › src/applications/forms/forms.component.spec.ts:338:1 › dirty exit and CAS conflict require an explicit decision while preserving the draft
[61/141] [firefox] › src/applications/forms/forms.component.spec.ts:355:1 › structure CAS conflict keeps the entered name and offers an explicit latest-version reload
[62/141] [firefox] › src/applications/forms/forms.component.spec.ts:370:1 › structure write permission revocation disables further directory and form mutations
[63/141] [firefox] › src/applications/forms/forms.component.spec.ts:385:1 › late directory create for an old app cannot replace the selected app tree
[64/141] [firefox] › src/applications/forms/forms.component.spec.ts:417:1 › empty structure explains the next action to keyboard and screen reader users
[65/141] [firefox] › src/applications/forms/forms.component.spec.ts:425:1 › removing an optional selected default option clears the invalid default before Save
[66/141] [firefox] › src/applications/forms/forms.component.spec.ts:444:1 › decimal controls keep exact text and signed rounding places on the definition wire
[67/141] [firefox] › src/applications/forms/forms.component.spec.ts:461:1 › preview dialog restores trigger focus after fast close and under reduced motion
[68/141] [firefox] › src/applications/forms/forms.component.spec.ts:477:1 › existing-table form source creates another view without creating a table
[69/141] [firefox] › src/applications/forms/forms.component.spec.ts:494:1 › directory rename and same-app move use current structure CAS while descendants are excluded
[70/141] [firefox] › src/applications/forms/forms.component.spec.ts:524:1 › palette drag into a group preserves the chosen drop parent in saved layout
[71/141] [firefox] › src/applications/forms/forms.component.spec.ts:538:1 › new view beside a selected form inherits its directory
[72/141] [firefox] › src/applications/forms/forms.component.spec.ts:547:1 › existing member default remains visible and can be cleared without a candidate source
[73/141] [firefox] › src/applications/forms/forms.component.spec.ts:564:1 › text empty-string default and boolean unset false true remain distinct on Save
[74/141] [firefox] › src/applications/forms/forms.component.spec.ts:583:1 › no-op Save with unknown result blocks exit even when definition is not dirty
[75/141] [firefox] › src/applications/forms/forms.component.spec.ts:598:1 › A to B to A navigation ignores a late first-generation preflight
[76/141] [firefox] › src/applications/forms/forms.component.spec.ts:622:1 › definition requests bind verified actor and B cannot replay A unknown Save
[77/141] [firefox] › src/applications/forms/forms.component.spec.ts:643:1 › 401 and actor mismatch are handed to Shell without losing the designer draft
[78/141] [firefox] › src/applications/forms/forms.component.spec.ts:660:1 › structure unknown operation stays with A through an actor switch
[79/141] [firefox] › src/applications/forms/forms.component.spec.ts:675:1 › dialog returns focus to its source after quick reverse and reopens
[80/141] [firefox] › src/applications/forms/forms.component.spec.ts:688:1 › dialog closes immediately when reduced motion is requested
[81/141] [firefox] › src/applications/forms/forms.component.spec.ts:696:1 › owner member default picker searches, pages and saves the selected stable ID
[82/141] [firefox] › src/applications/forms/forms.component.spec.ts:721:1 › owner department default picker displays hierarchy candidate and saves ID
[83/141] [firefox] › src/applications/forms/forms.component.spec.ts:735:1 › second view can place an existing table field without creating another field ID
[84/141] [firefox] › src/applications/forms/forms.component.spec.ts:750:1 › removing a group leaves its table field available to place again
[85/141] [firefox] › src/applications/forms/forms.component.spec.ts:768:1 › preview explicit null selection does not bounce back to the configured default
[86/141] [firefox] › src/applications/forms/forms.component.spec.ts:782:1 › malformed successful structure receipt remains unconfirmed with the original operation
[87/141] [firefox] › src/applications/forms/forms.component.spec.ts:795:1 › malformed successful definition receipt does not erase draft or issue a new key
[88/141] [firefox] › src/applications/forms/forms.component.spec.ts:810:1 › null JSON success envelope retains the original Save for recovery
[89/141] [firefox] › src/applications/forms/forms.component.spec.ts:825:1 › server failure after a Save request keeps its operation until verified
[90/141] [firefox] › src/applications/forms/forms.component.spec.ts:840:1 › server failure after a directory request keeps its name and operation
[91/141] [firefox] › src/applications/forms/forms.component.spec.ts:854:1 › existing text field can request a guarded number type conversion
[92/141] [firefox] › src/applications/forms/forms.component.spec.ts:869:1 › designer canvas renders the actual field control in a nonediting design state
[93/141] [firefox] › src/applications/forms/forms.component.spec.ts:880:1 › changing an option mapping after successful preflight invalidates its token and pending packet
[94/141] [firefox] › src/applications/forms/forms.component.spec.ts:912:1 › expired confirmation token asks for another preflight instead of silently ignoring click
(node:62099) Warning: The 'NO_COLOR' env is ignored due to the 'FORCE_COLOR' env being set.
(Use `node --trace-warnings ...` to show where the warning was created)


[95/141] [webkit] › src/applications/forms/forms.component.spec.ts:105:1 › original designer shows three panels and keyboard-added draft can preview without a write
[webkit] › src/applications/forms/forms.component.spec.ts:105:1 › original designer shows three panels and keyboard-added draft can preview without a write
Skipping host requirements validation logic because `PLAYWRIGHT_SKIP_VALIDATE_HOST_REQUIREMENTS` env variable is set.

[96/141] [webkit] › src/applications/forms/forms.component.spec.ts:122:1 › save preflights and commits with both versions and stable IDs only after server success
[97/141] [webkit] › src/applications/forms/forms.component.spec.ts:137:1 › lost save response keeps the original operation and draft until recovery confirms it
[98/141] [webkit] › src/applications/forms/forms.component.spec.ts:153:1 › directory creation and new form creation use coherent structure and one atomic form POST
[99/141] [webkit] › src/applications/forms/forms.component.spec.ts:175:1 › impact dialog requires a live confirmation token before a schema write
[100/141] [webkit] › src/applications/forms/forms.component.spec.ts:192:1 › blocked dependencies show the affected resource and prevent PUT
[101/141] [webkit] › src/applications/forms/forms.component.spec.ts:208:1 › used option deletion maps old option IDs before renewed preflight and confirmed Save
[102/141] [webkit] › src/applications/forms/forms.component.spec.ts:243:1 › late preflight for an old view cannot open impact or write into the newly selected view
[103/141] [webkit] › src/applications/forms/forms.component.spec.ts:273:1 › keyboard can move an existing field into a group with the same ordered 12-column layout
[104/141] [webkit] › src/applications/forms/forms.component.spec.ts:289:1 › permission revoked during Save keeps the draft but stops further configuration writes
[105/141] [webkit] › src/applications/forms/forms.component.spec.ts:305:1 › system fields stay read-only and each inserted node references a distinct server-defined code
[106/141] [webkit] › src/applications/forms/forms.component.spec.ts:319:1 › destructive preflight waits for explicit confirmation and sends its exact token
[107/141] [webkit] › src/applications/forms/forms.component.spec.ts:338:1 › dirty exit and CAS conflict require an explicit decision while preserving the draft
[108/141] [webkit] › src/applications/forms/forms.component.spec.ts:355:1 › structure CAS conflict keeps the entered name and offers an explicit latest-version reload
[109/141] [webkit] › src/applications/forms/forms.component.spec.ts:370:1 › structure write permission revocation disables further directory and form mutations
[110/141] [webkit] › src/applications/forms/forms.component.spec.ts:385:1 › late directory create for an old app cannot replace the selected app tree
[111/141] [webkit] › src/applications/forms/forms.component.spec.ts:417:1 › empty structure explains the next action to keyboard and screen reader users
[112/141] [webkit] › src/applications/forms/forms.component.spec.ts:425:1 › removing an optional selected default option clears the invalid default before Save
[113/141] [webkit] › src/applications/forms/forms.component.spec.ts:444:1 › decimal controls keep exact text and signed rounding places on the definition wire
[114/141] [webkit] › src/applications/forms/forms.component.spec.ts:461:1 › preview dialog restores trigger focus after fast close and under reduced motion
[115/141] [webkit] › src/applications/forms/forms.component.spec.ts:477:1 › existing-table form source creates another view without creating a table
[116/141] [webkit] › src/applications/forms/forms.component.spec.ts:494:1 › directory rename and same-app move use current structure CAS while descendants are excluded
[117/141] [webkit] › src/applications/forms/forms.component.spec.ts:524:1 › palette drag into a group preserves the chosen drop parent in saved layout
[118/141] [webkit] › src/applications/forms/forms.component.spec.ts:538:1 › new view beside a selected form inherits its directory
[119/141] [webkit] › src/applications/forms/forms.component.spec.ts:547:1 › existing member default remains visible and can be cleared without a candidate source
[120/141] [webkit] › src/applications/forms/forms.component.spec.ts:564:1 › text empty-string default and boolean unset false true remain distinct on Save
[121/141] [webkit] › src/applications/forms/forms.component.spec.ts:583:1 › no-op Save with unknown result blocks exit even when definition is not dirty
[122/141] [webkit] › src/applications/forms/forms.component.spec.ts:598:1 › A to B to A navigation ignores a late first-generation preflight
[123/141] [webkit] › src/applications/forms/forms.component.spec.ts:622:1 › definition requests bind verified actor and B cannot replay A unknown Save
[124/141] [webkit] › src/applications/forms/forms.component.spec.ts:643:1 › 401 and actor mismatch are handed to Shell without losing the designer draft
[125/141] [webkit] › src/applications/forms/forms.component.spec.ts:660:1 › structure unknown operation stays with A through an actor switch
[126/141] [webkit] › src/applications/forms/forms.component.spec.ts:675:1 › dialog returns focus to its source after quick reverse and reopens
[127/141] [webkit] › src/applications/forms/forms.component.spec.ts:688:1 › dialog closes immediately when reduced motion is requested
[128/141] [webkit] › src/applications/forms/forms.component.spec.ts:696:1 › owner member default picker searches, pages and saves the selected stable ID
[129/141] [webkit] › src/applications/forms/forms.component.spec.ts:721:1 › owner department default picker displays hierarchy candidate and saves ID
[130/141] [webkit] › src/applications/forms/forms.component.spec.ts:735:1 › second view can place an existing table field without creating another field ID
[131/141] [webkit] › src/applications/forms/forms.component.spec.ts:750:1 › removing a group leaves its table field available to place again
[132/141] [webkit] › src/applications/forms/forms.component.spec.ts:768:1 › preview explicit null selection does not bounce back to the configured default
[133/141] [webkit] › src/applications/forms/forms.component.spec.ts:782:1 › malformed successful structure receipt remains unconfirmed with the original operation
[134/141] [webkit] › src/applications/forms/forms.component.spec.ts:795:1 › malformed successful definition receipt does not erase draft or issue a new key
[135/141] [webkit] › src/applications/forms/forms.component.spec.ts:810:1 › null JSON success envelope retains the original Save for recovery
[136/141] [webkit] › src/applications/forms/forms.component.spec.ts:825:1 › server failure after a Save request keeps its operation until verified
[137/141] [webkit] › src/applications/forms/forms.component.spec.ts:840:1 › server failure after a directory request keeps its name and operation
[138/141] [webkit] › src/applications/forms/forms.component.spec.ts:854:1 › existing text field can request a guarded number type conversion
[139/141] [webkit] › src/applications/forms/forms.component.spec.ts:869:1 › designer canvas renders the actual field control in a nonediting design state
[140/141] [webkit] › src/applications/forms/forms.component.spec.ts:880:1 › changing an option mapping after successful preflight invalidates its token and pending packet
[141/141] [webkit] › src/applications/forms/forms.component.spec.ts:912:1 › expired confirmation token asks for another preflight instead of silently ignoring click
  141 passed (2.1m)
