[WebServer] (node:78528) Warning: The 'NO_COLOR' env is ignored due to the 'FORCE_COLOR' env being set.
[WebServer] (Use `node --trace-warnings ...` to show where the warning was created)

[WebServer] (node:78542) Warning: The 'NO_COLOR' env is ignored due to the 'FORCE_COLOR' env being set.
[WebServer] (Use `node --trace-warnings ...` to show where the warning was created)


Running 204 tests using 1 worker

(node:78571) Warning: The 'NO_COLOR' env is ignored due to the 'FORCE_COLOR' env being set.
(Use `node --trace-warnings ...` to show where the warning was created)


[1/204] [chromium] › src/applications/forms/forms.component.spec.ts:105:1 › original designer shows three panels and keyboard-added draft can preview without a write
[chromium] › src/applications/forms/forms.component.spec.ts:105:1 › original designer shows three panels and keyboard-added draft can preview without a write
Skipping host requirements validation logic because `PLAYWRIGHT_SKIP_VALIDATE_HOST_REQUIREMENTS` env variable is set.

[2/204] [chromium] › src/applications/forms/forms.component.spec.ts:122:1 › save preflights and commits with both versions and stable IDs only after server success
[3/204] [chromium] › src/applications/forms/forms.component.spec.ts:137:1 › lost save response keeps the original operation and draft until recovery confirms it
[4/204] [chromium] › src/applications/forms/forms.component.spec.ts:153:1 › directory creation and new form creation use coherent structure and one atomic form POST
[5/204] [chromium] › src/applications/forms/forms.component.spec.ts:175:1 › impact dialog requires a live confirmation token before a schema write
[6/204] [chromium] › src/applications/forms/forms.component.spec.ts:192:1 › blocked dependencies show the affected resource and prevent PUT
[7/204] [chromium] › src/applications/forms/forms.component.spec.ts:208:1 › used option deletion maps old option IDs before renewed preflight and confirmed Save
[8/204] [chromium] › src/applications/forms/forms.component.spec.ts:243:1 › late preflight for an old view cannot open impact or write into the newly selected view
[9/204] [chromium] › src/applications/forms/forms.component.spec.ts:273:1 › keyboard can move an existing field into a group with the same ordered 12-column layout
[10/204] [chromium] › src/applications/forms/forms.component.spec.ts:289:1 › permission revoked during Save masks the retained draft until access is reverified
[11/204] [chromium] › src/applications/forms/forms.component.spec.ts:307:1 › system fields stay read-only and each inserted node references a distinct server-defined code
[12/204] [chromium] › src/applications/forms/forms.component.spec.ts:321:1 › destructive preflight waits for explicit confirmation and sends its exact token
[13/204] [chromium] › src/applications/forms/forms.component.spec.ts:340:1 › dirty exit and CAS conflict require an explicit decision while preserving the draft
[14/204] [chromium] › src/applications/forms/forms.component.spec.ts:365:1 › structure CAS conflict keeps the entered name and offers an explicit latest-version reload
[15/204] [chromium] › src/applications/forms/forms.component.spec.ts:385:1 › structure write permission revocation masks retained input until access is reverified
[16/204] [chromium] › src/applications/forms/forms.component.spec.ts:400:1 › late directory create for an old app cannot replace the selected app tree
[17/204] [chromium] › src/applications/forms/forms.component.spec.ts:432:1 › empty structure explains the next action to keyboard and screen reader users
[18/204] [chromium] › src/applications/forms/forms.component.spec.ts:440:1 › removing an optional selected default option clears the invalid default before Save
[19/204] [chromium] › src/applications/forms/forms.component.spec.ts:459:1 › decimal controls keep exact text and signed rounding places on the definition wire
[20/204] [chromium] › src/applications/forms/forms.component.spec.ts:476:1 › preview dialog restores trigger focus after fast close and under reduced motion
[21/204] [chromium] › src/applications/forms/forms.component.spec.ts:492:1 › existing-table form source creates another view without creating a table
[22/204] [chromium] › src/applications/forms/forms.component.spec.ts:509:1 › directory rename and same-app move use current structure CAS while descendants are excluded
[23/204] [chromium] › src/applications/forms/forms.component.spec.ts:539:1 › palette drag into a group preserves the chosen drop parent in saved layout
[24/204] [chromium] › src/applications/forms/forms.component.spec.ts:553:1 › new view beside a selected form inherits its directory
[25/204] [chromium] › src/applications/forms/forms.component.spec.ts:562:1 › existing member default remains visible and can be cleared without a candidate source
[26/204] [chromium] › src/applications/forms/forms.component.spec.ts:579:1 › text empty-string default and boolean unset false true remain distinct on Save
[27/204] [chromium] › src/applications/forms/forms.component.spec.ts:598:1 › no-op Save with unknown result blocks exit even when definition is not dirty
[28/204] [chromium] › src/applications/forms/forms.component.spec.ts:613:1 › A to B to A navigation ignores a late first-generation preflight
[29/204] [chromium] › src/applications/forms/forms.component.spec.ts:637:1 › definition requests bind verified actor and B cannot replay A unknown Save
[30/204] [chromium] › src/applications/forms/forms.component.spec.ts:658:1 › 401 and actor mismatch are handed to Shell without losing the designer draft
[31/204] [chromium] › src/applications/forms/forms.component.spec.ts:680:1 › structure unknown operation stays with A through an actor switch
[32/204] [chromium] › src/applications/forms/forms.component.spec.ts:695:1 › dialog returns focus to its source after quick reverse and reopens
[33/204] [chromium] › src/applications/forms/forms.component.spec.ts:708:1 › dialog closes immediately when reduced motion is requested
[34/204] [chromium] › src/applications/forms/forms.component.spec.ts:716:1 › owner member default picker searches, pages and saves the selected stable ID
[35/204] [chromium] › src/applications/forms/forms.component.spec.ts:741:1 › owner department default picker displays hierarchy candidate and saves ID
[36/204] [chromium] › src/applications/forms/forms.component.spec.ts:755:1 › second view can place an existing table field without creating another field ID
[37/204] [chromium] › src/applications/forms/forms.component.spec.ts:770:1 › removing a group leaves its table field available to place again
[38/204] [chromium] › src/applications/forms/forms.component.spec.ts:788:1 › preview explicit null selection does not bounce back to the configured default
[39/204] [chromium] › src/applications/forms/forms.component.spec.ts:802:1 › malformed successful structure receipt remains unconfirmed with the original operation
[40/204] [chromium] › src/applications/forms/forms.component.spec.ts:815:1 › malformed successful definition receipt does not erase draft or issue a new key
[41/204] [chromium] › src/applications/forms/forms.component.spec.ts:830:1 › null JSON success envelope retains the original Save for recovery
[42/204] [chromium] › src/applications/forms/forms.component.spec.ts:845:1 › server failure after a Save request keeps its operation until verified
[43/204] [chromium] › src/applications/forms/forms.component.spec.ts:860:1 › server failure after a directory request keeps its name and operation
[44/204] [chromium] › src/applications/forms/forms.component.spec.ts:874:1 › StrictMode designer boots after effect setup cleanup setup and repeated component mounting
[45/204] [chromium] › src/applications/forms/forms.component.spec.ts:883:1 › StrictMode structure boots after effect setup cleanup setup and repeated component mounting
[46/204] [chromium] › src/applications/forms/forms.component.spec.ts:892:1 › StrictMode designer ignores a late first setup response after the replayed setup
[47/204] [chromium] › src/applications/forms/forms.component.spec.ts:917:1 › StrictMode structure ignores a late first setup response after the replayed setup
[48/204] [chromium] › src/applications/forms/forms.component.spec.ts:942:1 › cached designer draft is masked when return GET is forbidden
[49/204] [chromium] › src/applications/forms/forms.component.spec.ts:959:1 › StrictMode auth-route unmount and same actor return reverify before restoring input
[50/204] [chromium] › src/applications/forms/forms.component.spec.ts:977:1 › cached designer masks on auth version rejection and same actor reauth restores draft
[51/204] [chromium] › src/applications/forms/forms.component.spec.ts:995:1 › cached designer masks a changed actor guard before showing any old field
[52/204] [chromium] › src/applications/forms/forms.component.spec.ts:1015:1 › cached designer masks server GET failure then preserves draft after retry
[53/204] [chromium] › src/applications/forms/forms.component.spec.ts:1032:1 › revalidated newer definition warns and keeps dirty versions without rebasing
[54/204] [chromium] › src/applications/forms/forms.component.spec.ts:1055:1 › cached structure dialog is masked after permission revocation
[55/204] [chromium] › src/applications/forms/forms.component.spec.ts:1069:1 › revalidated newer structure retains original name and CAS version
[56/204] [chromium] › src/applications/forms/forms.component.spec.ts:1092:3 › unknown Save retry 401 retains original operation for later confirmation
[57/204] [chromium] › src/applications/forms/forms.component.spec.ts:1092:3 › unknown Save retry 403 retains original operation for later confirmation
[58/204] [chromium] › src/applications/forms/forms.component.spec.ts:1092:3 › unknown Save retry 409 retains original operation for later confirmation
[59/204] [chromium] › src/applications/forms/forms.component.spec.ts:1121:1 › StrictMode guard clears on unmount while retaining an unknown Save packet
[60/204] [chromium] › src/applications/forms/forms.component.spec.ts:1138:1 › StrictMode structure guard clears on unmount while retaining the unknown operation
[61/204] [chromium] › src/applications/forms/forms.component.spec.ts:1153:1 › unknown structure retry denial retains original directory request after revalidation
[62/204] [chromium] › src/applications/forms/forms.component.spec.ts:1172:1 › slow preflight is abandoned on Back before PUT and guard teardown is explicit
[63/204] [chromium] › src/applications/forms/forms.component.spec.ts:1191:1 › explicit discard removes an ordinary draft while an unknown packet is never discarded implicitly
[64/204] [chromium] › src/applications/forms/forms.component.spec.ts:1203:1 › datetime to non-datetime conversion clears timezone in preflight DTO
[65/204] [chromium] › src/applications/forms/forms.component.spec.ts:1218:1 › existing text field can request a guarded number type conversion
[66/204] [chromium] › src/applications/forms/forms.component.spec.ts:1233:1 › designer canvas renders the actual field control in a nonediting design state
[67/204] [chromium] › src/applications/forms/forms.component.spec.ts:1244:1 › changing an option mapping after successful preflight invalidates its token and pending packet
[68/204] [chromium] › src/applications/forms/forms.component.spec.ts:1276:1 › expired confirmation token asks for another preflight instead of silently ignoring click
(node:79442) Warning: The 'NO_COLOR' env is ignored due to the 'FORCE_COLOR' env being set.
(Use `node --trace-warnings ...` to show where the warning was created)


[69/204] [firefox] › src/applications/forms/forms.component.spec.ts:105:1 › original designer shows three panels and keyboard-added draft can preview without a write
[firefox] › src/applications/forms/forms.component.spec.ts:105:1 › original designer shows three panels and keyboard-added draft can preview without a write
Skipping host requirements validation logic because `PLAYWRIGHT_SKIP_VALIDATE_HOST_REQUIREMENTS` env variable is set.

[70/204] [firefox] › src/applications/forms/forms.component.spec.ts:122:1 › save preflights and commits with both versions and stable IDs only after server success
[71/204] [firefox] › src/applications/forms/forms.component.spec.ts:137:1 › lost save response keeps the original operation and draft until recovery confirms it
[72/204] [firefox] › src/applications/forms/forms.component.spec.ts:153:1 › directory creation and new form creation use coherent structure and one atomic form POST
[73/204] [firefox] › src/applications/forms/forms.component.spec.ts:175:1 › impact dialog requires a live confirmation token before a schema write
[74/204] [firefox] › src/applications/forms/forms.component.spec.ts:192:1 › blocked dependencies show the affected resource and prevent PUT
[75/204] [firefox] › src/applications/forms/forms.component.spec.ts:208:1 › used option deletion maps old option IDs before renewed preflight and confirmed Save
[76/204] [firefox] › src/applications/forms/forms.component.spec.ts:243:1 › late preflight for an old view cannot open impact or write into the newly selected view
[77/204] [firefox] › src/applications/forms/forms.component.spec.ts:273:1 › keyboard can move an existing field into a group with the same ordered 12-column layout
[78/204] [firefox] › src/applications/forms/forms.component.spec.ts:289:1 › permission revoked during Save masks the retained draft until access is reverified
[79/204] [firefox] › src/applications/forms/forms.component.spec.ts:307:1 › system fields stay read-only and each inserted node references a distinct server-defined code
[80/204] [firefox] › src/applications/forms/forms.component.spec.ts:321:1 › destructive preflight waits for explicit confirmation and sends its exact token
[81/204] [firefox] › src/applications/forms/forms.component.spec.ts:340:1 › dirty exit and CAS conflict require an explicit decision while preserving the draft
[82/204] [firefox] › src/applications/forms/forms.component.spec.ts:365:1 › structure CAS conflict keeps the entered name and offers an explicit latest-version reload
[83/204] [firefox] › src/applications/forms/forms.component.spec.ts:385:1 › structure write permission revocation masks retained input until access is reverified
[84/204] [firefox] › src/applications/forms/forms.component.spec.ts:400:1 › late directory create for an old app cannot replace the selected app tree
[85/204] [firefox] › src/applications/forms/forms.component.spec.ts:432:1 › empty structure explains the next action to keyboard and screen reader users
[86/204] [firefox] › src/applications/forms/forms.component.spec.ts:440:1 › removing an optional selected default option clears the invalid default before Save
[87/204] [firefox] › src/applications/forms/forms.component.spec.ts:459:1 › decimal controls keep exact text and signed rounding places on the definition wire
[88/204] [firefox] › src/applications/forms/forms.component.spec.ts:476:1 › preview dialog restores trigger focus after fast close and under reduced motion
[89/204] [firefox] › src/applications/forms/forms.component.spec.ts:492:1 › existing-table form source creates another view without creating a table
[90/204] [firefox] › src/applications/forms/forms.component.spec.ts:509:1 › directory rename and same-app move use current structure CAS while descendants are excluded
[91/204] [firefox] › src/applications/forms/forms.component.spec.ts:539:1 › palette drag into a group preserves the chosen drop parent in saved layout
[92/204] [firefox] › src/applications/forms/forms.component.spec.ts:553:1 › new view beside a selected form inherits its directory
[93/204] [firefox] › src/applications/forms/forms.component.spec.ts:562:1 › existing member default remains visible and can be cleared without a candidate source
[94/204] [firefox] › src/applications/forms/forms.component.spec.ts:579:1 › text empty-string default and boolean unset false true remain distinct on Save
[95/204] [firefox] › src/applications/forms/forms.component.spec.ts:598:1 › no-op Save with unknown result blocks exit even when definition is not dirty
[96/204] [firefox] › src/applications/forms/forms.component.spec.ts:613:1 › A to B to A navigation ignores a late first-generation preflight
[97/204] [firefox] › src/applications/forms/forms.component.spec.ts:637:1 › definition requests bind verified actor and B cannot replay A unknown Save
[98/204] [firefox] › src/applications/forms/forms.component.spec.ts:658:1 › 401 and actor mismatch are handed to Shell without losing the designer draft
[99/204] [firefox] › src/applications/forms/forms.component.spec.ts:680:1 › structure unknown operation stays with A through an actor switch
[100/204] [firefox] › src/applications/forms/forms.component.spec.ts:695:1 › dialog returns focus to its source after quick reverse and reopens
[101/204] [firefox] › src/applications/forms/forms.component.spec.ts:708:1 › dialog closes immediately when reduced motion is requested
[102/204] [firefox] › src/applications/forms/forms.component.spec.ts:716:1 › owner member default picker searches, pages and saves the selected stable ID
[103/204] [firefox] › src/applications/forms/forms.component.spec.ts:741:1 › owner department default picker displays hierarchy candidate and saves ID
[104/204] [firefox] › src/applications/forms/forms.component.spec.ts:755:1 › second view can place an existing table field without creating another field ID
[105/204] [firefox] › src/applications/forms/forms.component.spec.ts:770:1 › removing a group leaves its table field available to place again
[106/204] [firefox] › src/applications/forms/forms.component.spec.ts:788:1 › preview explicit null selection does not bounce back to the configured default
[107/204] [firefox] › src/applications/forms/forms.component.spec.ts:802:1 › malformed successful structure receipt remains unconfirmed with the original operation
[108/204] [firefox] › src/applications/forms/forms.component.spec.ts:815:1 › malformed successful definition receipt does not erase draft or issue a new key
[109/204] [firefox] › src/applications/forms/forms.component.spec.ts:830:1 › null JSON success envelope retains the original Save for recovery
[110/204] [firefox] › src/applications/forms/forms.component.spec.ts:845:1 › server failure after a Save request keeps its operation until verified
[111/204] [firefox] › src/applications/forms/forms.component.spec.ts:860:1 › server failure after a directory request keeps its name and operation
[112/204] [firefox] › src/applications/forms/forms.component.spec.ts:874:1 › StrictMode designer boots after effect setup cleanup setup and repeated component mounting
[113/204] [firefox] › src/applications/forms/forms.component.spec.ts:883:1 › StrictMode structure boots after effect setup cleanup setup and repeated component mounting
[114/204] [firefox] › src/applications/forms/forms.component.spec.ts:892:1 › StrictMode designer ignores a late first setup response after the replayed setup
[115/204] [firefox] › src/applications/forms/forms.component.spec.ts:917:1 › StrictMode structure ignores a late first setup response after the replayed setup
[116/204] [firefox] › src/applications/forms/forms.component.spec.ts:942:1 › cached designer draft is masked when return GET is forbidden
[117/204] [firefox] › src/applications/forms/forms.component.spec.ts:959:1 › StrictMode auth-route unmount and same actor return reverify before restoring input
[118/204] [firefox] › src/applications/forms/forms.component.spec.ts:977:1 › cached designer masks on auth version rejection and same actor reauth restores draft
[119/204] [firefox] › src/applications/forms/forms.component.spec.ts:995:1 › cached designer masks a changed actor guard before showing any old field
[120/204] [firefox] › src/applications/forms/forms.component.spec.ts:1015:1 › cached designer masks server GET failure then preserves draft after retry
[121/204] [firefox] › src/applications/forms/forms.component.spec.ts:1032:1 › revalidated newer definition warns and keeps dirty versions without rebasing
[122/204] [firefox] › src/applications/forms/forms.component.spec.ts:1055:1 › cached structure dialog is masked after permission revocation
[123/204] [firefox] › src/applications/forms/forms.component.spec.ts:1069:1 › revalidated newer structure retains original name and CAS version
[124/204] [firefox] › src/applications/forms/forms.component.spec.ts:1092:3 › unknown Save retry 401 retains original operation for later confirmation
[125/204] [firefox] › src/applications/forms/forms.component.spec.ts:1092:3 › unknown Save retry 403 retains original operation for later confirmation
[126/204] [firefox] › src/applications/forms/forms.component.spec.ts:1092:3 › unknown Save retry 409 retains original operation for later confirmation
[127/204] [firefox] › src/applications/forms/forms.component.spec.ts:1121:1 › StrictMode guard clears on unmount while retaining an unknown Save packet
[128/204] [firefox] › src/applications/forms/forms.component.spec.ts:1138:1 › StrictMode structure guard clears on unmount while retaining the unknown operation
[129/204] [firefox] › src/applications/forms/forms.component.spec.ts:1153:1 › unknown structure retry denial retains original directory request after revalidation
[130/204] [firefox] › src/applications/forms/forms.component.spec.ts:1172:1 › slow preflight is abandoned on Back before PUT and guard teardown is explicit
[131/204] [firefox] › src/applications/forms/forms.component.spec.ts:1191:1 › explicit discard removes an ordinary draft while an unknown packet is never discarded implicitly
[132/204] [firefox] › src/applications/forms/forms.component.spec.ts:1203:1 › datetime to non-datetime conversion clears timezone in preflight DTO
[133/204] [firefox] › src/applications/forms/forms.component.spec.ts:1218:1 › existing text field can request a guarded number type conversion
[134/204] [firefox] › src/applications/forms/forms.component.spec.ts:1233:1 › designer canvas renders the actual field control in a nonediting design state
[135/204] [firefox] › src/applications/forms/forms.component.spec.ts:1244:1 › changing an option mapping after successful preflight invalidates its token and pending packet
[136/204] [firefox] › src/applications/forms/forms.component.spec.ts:1276:1 › expired confirmation token asks for another preflight instead of silently ignoring click
(node:81438) Warning: The 'NO_COLOR' env is ignored due to the 'FORCE_COLOR' env being set.
(Use `node --trace-warnings ...` to show where the warning was created)


[137/204] [webkit] › src/applications/forms/forms.component.spec.ts:105:1 › original designer shows three panels and keyboard-added draft can preview without a write
[webkit] › src/applications/forms/forms.component.spec.ts:105:1 › original designer shows three panels and keyboard-added draft can preview without a write
Skipping host requirements validation logic because `PLAYWRIGHT_SKIP_VALIDATE_HOST_REQUIREMENTS` env variable is set.

[138/204] [webkit] › src/applications/forms/forms.component.spec.ts:122:1 › save preflights and commits with both versions and stable IDs only after server success
[139/204] [webkit] › src/applications/forms/forms.component.spec.ts:137:1 › lost save response keeps the original operation and draft until recovery confirms it
[140/204] [webkit] › src/applications/forms/forms.component.spec.ts:153:1 › directory creation and new form creation use coherent structure and one atomic form POST
[141/204] [webkit] › src/applications/forms/forms.component.spec.ts:175:1 › impact dialog requires a live confirmation token before a schema write
[142/204] [webkit] › src/applications/forms/forms.component.spec.ts:192:1 › blocked dependencies show the affected resource and prevent PUT
[143/204] [webkit] › src/applications/forms/forms.component.spec.ts:208:1 › used option deletion maps old option IDs before renewed preflight and confirmed Save
[144/204] [webkit] › src/applications/forms/forms.component.spec.ts:243:1 › late preflight for an old view cannot open impact or write into the newly selected view
[145/204] [webkit] › src/applications/forms/forms.component.spec.ts:273:1 › keyboard can move an existing field into a group with the same ordered 12-column layout
[146/204] [webkit] › src/applications/forms/forms.component.spec.ts:289:1 › permission revoked during Save masks the retained draft until access is reverified
[147/204] [webkit] › src/applications/forms/forms.component.spec.ts:307:1 › system fields stay read-only and each inserted node references a distinct server-defined code
[148/204] [webkit] › src/applications/forms/forms.component.spec.ts:321:1 › destructive preflight waits for explicit confirmation and sends its exact token
[149/204] [webkit] › src/applications/forms/forms.component.spec.ts:340:1 › dirty exit and CAS conflict require an explicit decision while preserving the draft
[150/204] [webkit] › src/applications/forms/forms.component.spec.ts:365:1 › structure CAS conflict keeps the entered name and offers an explicit latest-version reload
[151/204] [webkit] › src/applications/forms/forms.component.spec.ts:385:1 › structure write permission revocation masks retained input until access is reverified
[152/204] [webkit] › src/applications/forms/forms.component.spec.ts:400:1 › late directory create for an old app cannot replace the selected app tree
[153/204] [webkit] › src/applications/forms/forms.component.spec.ts:432:1 › empty structure explains the next action to keyboard and screen reader users
[154/204] [webkit] › src/applications/forms/forms.component.spec.ts:440:1 › removing an optional selected default option clears the invalid default before Save
[155/204] [webkit] › src/applications/forms/forms.component.spec.ts:459:1 › decimal controls keep exact text and signed rounding places on the definition wire
[156/204] [webkit] › src/applications/forms/forms.component.spec.ts:476:1 › preview dialog restores trigger focus after fast close and under reduced motion
[157/204] [webkit] › src/applications/forms/forms.component.spec.ts:492:1 › existing-table form source creates another view without creating a table
[158/204] [webkit] › src/applications/forms/forms.component.spec.ts:509:1 › directory rename and same-app move use current structure CAS while descendants are excluded
[159/204] [webkit] › src/applications/forms/forms.component.spec.ts:539:1 › palette drag into a group preserves the chosen drop parent in saved layout
[160/204] [webkit] › src/applications/forms/forms.component.spec.ts:553:1 › new view beside a selected form inherits its directory
[161/204] [webkit] › src/applications/forms/forms.component.spec.ts:562:1 › existing member default remains visible and can be cleared without a candidate source
[162/204] [webkit] › src/applications/forms/forms.component.spec.ts:579:1 › text empty-string default and boolean unset false true remain distinct on Save
[163/204] [webkit] › src/applications/forms/forms.component.spec.ts:598:1 › no-op Save with unknown result blocks exit even when definition is not dirty
[164/204] [webkit] › src/applications/forms/forms.component.spec.ts:613:1 › A to B to A navigation ignores a late first-generation preflight
[165/204] [webkit] › src/applications/forms/forms.component.spec.ts:637:1 › definition requests bind verified actor and B cannot replay A unknown Save
[166/204] [webkit] › src/applications/forms/forms.component.spec.ts:658:1 › 401 and actor mismatch are handed to Shell without losing the designer draft
[167/204] [webkit] › src/applications/forms/forms.component.spec.ts:680:1 › structure unknown operation stays with A through an actor switch
[168/204] [webkit] › src/applications/forms/forms.component.spec.ts:695:1 › dialog returns focus to its source after quick reverse and reopens
[169/204] [webkit] › src/applications/forms/forms.component.spec.ts:708:1 › dialog closes immediately when reduced motion is requested
[170/204] [webkit] › src/applications/forms/forms.component.spec.ts:716:1 › owner member default picker searches, pages and saves the selected stable ID
[171/204] [webkit] › src/applications/forms/forms.component.spec.ts:741:1 › owner department default picker displays hierarchy candidate and saves ID
[172/204] [webkit] › src/applications/forms/forms.component.spec.ts:755:1 › second view can place an existing table field without creating another field ID
[173/204] [webkit] › src/applications/forms/forms.component.spec.ts:770:1 › removing a group leaves its table field available to place again
[174/204] [webkit] › src/applications/forms/forms.component.spec.ts:788:1 › preview explicit null selection does not bounce back to the configured default
[175/204] [webkit] › src/applications/forms/forms.component.spec.ts:802:1 › malformed successful structure receipt remains unconfirmed with the original operation
[176/204] [webkit] › src/applications/forms/forms.component.spec.ts:815:1 › malformed successful definition receipt does not erase draft or issue a new key
[177/204] [webkit] › src/applications/forms/forms.component.spec.ts:830:1 › null JSON success envelope retains the original Save for recovery
[178/204] [webkit] › src/applications/forms/forms.component.spec.ts:845:1 › server failure after a Save request keeps its operation until verified
[179/204] [webkit] › src/applications/forms/forms.component.spec.ts:860:1 › server failure after a directory request keeps its name and operation
[180/204] [webkit] › src/applications/forms/forms.component.spec.ts:874:1 › StrictMode designer boots after effect setup cleanup setup and repeated component mounting
[181/204] [webkit] › src/applications/forms/forms.component.spec.ts:883:1 › StrictMode structure boots after effect setup cleanup setup and repeated component mounting
[182/204] [webkit] › src/applications/forms/forms.component.spec.ts:892:1 › StrictMode designer ignores a late first setup response after the replayed setup
[183/204] [webkit] › src/applications/forms/forms.component.spec.ts:917:1 › StrictMode structure ignores a late first setup response after the replayed setup
[184/204] [webkit] › src/applications/forms/forms.component.spec.ts:942:1 › cached designer draft is masked when return GET is forbidden
[185/204] [webkit] › src/applications/forms/forms.component.spec.ts:959:1 › StrictMode auth-route unmount and same actor return reverify before restoring input
[186/204] [webkit] › src/applications/forms/forms.component.spec.ts:977:1 › cached designer masks on auth version rejection and same actor reauth restores draft
[187/204] [webkit] › src/applications/forms/forms.component.spec.ts:995:1 › cached designer masks a changed actor guard before showing any old field
[188/204] [webkit] › src/applications/forms/forms.component.spec.ts:1015:1 › cached designer masks server GET failure then preserves draft after retry
[189/204] [webkit] › src/applications/forms/forms.component.spec.ts:1032:1 › revalidated newer definition warns and keeps dirty versions without rebasing
[190/204] [webkit] › src/applications/forms/forms.component.spec.ts:1055:1 › cached structure dialog is masked after permission revocation
[191/204] [webkit] › src/applications/forms/forms.component.spec.ts:1069:1 › revalidated newer structure retains original name and CAS version
[192/204] [webkit] › src/applications/forms/forms.component.spec.ts:1092:3 › unknown Save retry 401 retains original operation for later confirmation
[193/204] [webkit] › src/applications/forms/forms.component.spec.ts:1092:3 › unknown Save retry 403 retains original operation for later confirmation
[194/204] [webkit] › src/applications/forms/forms.component.spec.ts:1092:3 › unknown Save retry 409 retains original operation for later confirmation
[195/204] [webkit] › src/applications/forms/forms.component.spec.ts:1121:1 › StrictMode guard clears on unmount while retaining an unknown Save packet
[196/204] [webkit] › src/applications/forms/forms.component.spec.ts:1138:1 › StrictMode structure guard clears on unmount while retaining the unknown operation
[197/204] [webkit] › src/applications/forms/forms.component.spec.ts:1153:1 › unknown structure retry denial retains original directory request after revalidation
[198/204] [webkit] › src/applications/forms/forms.component.spec.ts:1172:1 › slow preflight is abandoned on Back before PUT and guard teardown is explicit
[199/204] [webkit] › src/applications/forms/forms.component.spec.ts:1191:1 › explicit discard removes an ordinary draft while an unknown packet is never discarded implicitly
[200/204] [webkit] › src/applications/forms/forms.component.spec.ts:1203:1 › datetime to non-datetime conversion clears timezone in preflight DTO
[201/204] [webkit] › src/applications/forms/forms.component.spec.ts:1218:1 › existing text field can request a guarded number type conversion
[202/204] [webkit] › src/applications/forms/forms.component.spec.ts:1233:1 › designer canvas renders the actual field control in a nonediting design state
[203/204] [webkit] › src/applications/forms/forms.component.spec.ts:1244:1 › changing an option mapping after successful preflight invalidates its token and pending packet
[204/204] [webkit] › src/applications/forms/forms.component.spec.ts:1276:1 › expired confirmation token asks for another preflight instead of silently ignoring click
  204 passed (2.9m)
