[WebServer] (node:95870) Warning: The 'NO_COLOR' env is ignored due to the 'FORCE_COLOR' env being set.
[WebServer] (Use `node --trace-warnings ...` to show where the warning was created)

[WebServer] (node:95884) Warning: The 'NO_COLOR' env is ignored due to the 'FORCE_COLOR' env being set.
[WebServer] (Use `node --trace-warnings ...` to show where the warning was created)


Running 207 tests using 1 worker

(node:95913) Warning: The 'NO_COLOR' env is ignored due to the 'FORCE_COLOR' env being set.
(Use `node --trace-warnings ...` to show where the warning was created)


[1/207] [chromium] › src/applications/forms/forms.component.spec.ts:105:1 › original designer shows three panels and keyboard-added draft can preview without a write
[chromium] › src/applications/forms/forms.component.spec.ts:105:1 › original designer shows three panels and keyboard-added draft can preview without a write
Skipping host requirements validation logic because `PLAYWRIGHT_SKIP_VALIDATE_HOST_REQUIREMENTS` env variable is set.

[2/207] [chromium] › src/applications/forms/forms.component.spec.ts:122:1 › save preflights and commits with both versions and stable IDs only after server success
[3/207] [chromium] › src/applications/forms/forms.component.spec.ts:137:1 › lost save response keeps the original operation and draft until recovery confirms it
[4/207] [chromium] › src/applications/forms/forms.component.spec.ts:153:1 › directory creation and new form creation use coherent structure and one atomic form POST
[5/207] [chromium] › src/applications/forms/forms.component.spec.ts:175:1 › impact dialog requires a live confirmation token before a schema write
[6/207] [chromium] › src/applications/forms/forms.component.spec.ts:192:1 › blocked dependencies show the affected resource and prevent PUT
[7/207] [chromium] › src/applications/forms/forms.component.spec.ts:208:1 › used option deletion maps old option IDs before renewed preflight and confirmed Save
[8/207] [chromium] › src/applications/forms/forms.component.spec.ts:243:1 › late preflight for an old view cannot open impact or write into the newly selected view
[9/207] [chromium] › src/applications/forms/forms.component.spec.ts:273:1 › keyboard can move an existing field into a group with the same ordered 12-column layout
[10/207] [chromium] › src/applications/forms/forms.component.spec.ts:289:1 › permission revoked during Save masks the retained draft until access is reverified
[11/207] [chromium] › src/applications/forms/forms.component.spec.ts:307:1 › system fields stay read-only and each inserted node references a distinct server-defined code
[12/207] [chromium] › src/applications/forms/forms.component.spec.ts:321:1 › destructive preflight waits for explicit confirmation and sends its exact token
[13/207] [chromium] › src/applications/forms/forms.component.spec.ts:340:1 › dirty exit and CAS conflict require an explicit decision while preserving the draft
[14/207] [chromium] › src/applications/forms/forms.component.spec.ts:365:1 › structure CAS conflict keeps the entered name and offers an explicit latest-version reload
[15/207] [chromium] › src/applications/forms/forms.component.spec.ts:385:1 › structure write permission revocation masks retained input until access is reverified
[16/207] [chromium] › src/applications/forms/forms.component.spec.ts:400:1 › late directory create for an old app cannot replace the selected app tree
[17/207] [chromium] › src/applications/forms/forms.component.spec.ts:432:1 › empty structure explains the next action to keyboard and screen reader users
[18/207] [chromium] › src/applications/forms/forms.component.spec.ts:440:1 › removing an optional selected default option clears the invalid default before Save
[19/207] [chromium] › src/applications/forms/forms.component.spec.ts:459:1 › decimal controls keep exact text and signed rounding places on the definition wire
[20/207] [chromium] › src/applications/forms/forms.component.spec.ts:476:1 › preview dialog restores trigger focus after fast close and under reduced motion
[21/207] [chromium] › src/applications/forms/forms.component.spec.ts:492:1 › existing-table form source creates another view without creating a table
[22/207] [chromium] › src/applications/forms/forms.component.spec.ts:509:1 › directory rename and same-app move use current structure CAS while descendants are excluded
[23/207] [chromium] › src/applications/forms/forms.component.spec.ts:539:1 › palette drag into a group preserves the chosen drop parent in saved layout
[24/207] [chromium] › src/applications/forms/forms.component.spec.ts:553:1 › new view beside a selected form inherits its directory
[25/207] [chromium] › src/applications/forms/forms.component.spec.ts:562:1 › existing member default remains visible and can be cleared without a candidate source
[26/207] [chromium] › src/applications/forms/forms.component.spec.ts:579:1 › text empty-string default and boolean unset false true remain distinct on Save
[27/207] [chromium] › src/applications/forms/forms.component.spec.ts:598:1 › no-op Save with unknown result blocks exit even when definition is not dirty
[28/207] [chromium] › src/applications/forms/forms.component.spec.ts:613:1 › A to B to A navigation ignores a late first-generation preflight
[29/207] [chromium] › src/applications/forms/forms.component.spec.ts:637:1 › definition requests bind verified actor and B cannot replay A unknown Save
[30/207] [chromium] › src/applications/forms/forms.component.spec.ts:658:1 › 401 and actor mismatch are handed to Shell without losing the designer draft
[31/207] [chromium] › src/applications/forms/forms.component.spec.ts:680:1 › structure unknown operation stays with A through an actor switch
[32/207] [chromium] › src/applications/forms/forms.component.spec.ts:695:1 › dialog returns focus to its source after quick reverse and reopens
[33/207] [chromium] › src/applications/forms/forms.component.spec.ts:708:1 › dialog closes immediately when reduced motion is requested
[34/207] [chromium] › src/applications/forms/forms.component.spec.ts:716:1 › owner member default picker searches, pages and saves the selected stable ID
[35/207] [chromium] › src/applications/forms/forms.component.spec.ts:741:1 › owner department default picker displays hierarchy candidate and saves ID
[36/207] [chromium] › src/applications/forms/forms.component.spec.ts:755:1 › second view can place an existing table field without creating another field ID
[37/207] [chromium] › src/applications/forms/forms.component.spec.ts:770:1 › removing a group leaves its table field available to place again
[38/207] [chromium] › src/applications/forms/forms.component.spec.ts:788:1 › preview explicit null selection does not bounce back to the configured default
[39/207] [chromium] › src/applications/forms/forms.component.spec.ts:802:1 › malformed successful structure receipt remains unconfirmed with the original operation
[40/207] [chromium] › src/applications/forms/forms.component.spec.ts:815:1 › malformed successful definition receipt does not erase draft or issue a new key
[41/207] [chromium] › src/applications/forms/forms.component.spec.ts:830:1 › null JSON success envelope retains the original Save for recovery
[42/207] [chromium] › src/applications/forms/forms.component.spec.ts:845:1 › server failure after a Save request keeps its operation until verified
[43/207] [chromium] › src/applications/forms/forms.component.spec.ts:860:1 › server failure after a directory request keeps its name and operation
[44/207] [chromium] › src/applications/forms/forms.component.spec.ts:874:1 › StrictMode designer boots after effect setup cleanup setup and repeated component mounting
[45/207] [chromium] › src/applications/forms/forms.component.spec.ts:883:1 › StrictMode structure boots after effect setup cleanup setup and repeated component mounting
[46/207] [chromium] › src/applications/forms/forms.component.spec.ts:892:1 › StrictMode designer ignores a late first setup response after the replayed setup
[47/207] [chromium] › src/applications/forms/forms.component.spec.ts:917:1 › StrictMode structure ignores a late first setup response after the replayed setup
[48/207] [chromium] › src/applications/forms/forms.component.spec.ts:942:1 › cached designer draft is masked when return GET is forbidden
[49/207] [chromium] › src/applications/forms/forms.component.spec.ts:959:1 › StrictMode auth-route unmount and same actor return reverify before restoring input
[50/207] [chromium] › src/applications/forms/forms.component.spec.ts:977:1 › cached designer masks on auth version rejection and same actor reauth restores draft
[51/207] [chromium] › src/applications/forms/forms.component.spec.ts:995:1 › cached designer masks a changed actor guard before showing any old field
[52/207] [chromium] › src/applications/forms/forms.component.spec.ts:1015:1 › cached designer masks server GET failure then preserves draft after retry
[53/207] [chromium] › src/applications/forms/forms.component.spec.ts:1032:1 › revalidated newer definition warns and keeps dirty versions without rebasing
[54/207] [chromium] › src/applications/forms/forms.component.spec.ts:1055:1 › cached structure dialog is masked after permission revocation
[55/207] [chromium] › src/applications/forms/forms.component.spec.ts:1069:1 › revalidated newer structure retains original name and CAS version
[56/207] [chromium] › src/applications/forms/forms.component.spec.ts:1092:3 › unknown Save retry 401 retains original operation for later confirmation
[57/207] [chromium] › src/applications/forms/forms.component.spec.ts:1092:3 › unknown Save retry 403 retains original operation for later confirmation
[58/207] [chromium] › src/applications/forms/forms.component.spec.ts:1092:3 › unknown Save retry 409 retains original operation for later confirmation
[59/207] [chromium] › src/applications/forms/forms.component.spec.ts:1121:1 › StrictMode guard clears on unmount while retaining an unknown Save packet
[60/207] [chromium] › src/applications/forms/forms.component.spec.ts:1138:1 › StrictMode structure guard clears on unmount while retaining the unknown operation
[61/207] [chromium] › src/applications/forms/forms.component.spec.ts:1153:1 › unknown structure retry denial retains original directory request after revalidation
[62/207] [chromium] › src/applications/forms/forms.component.spec.ts:1172:1 › slow preflight is abandoned on Back before PUT and guard teardown is explicit
[63/207] [chromium] › src/applications/forms/forms.component.spec.ts:1191:1 › discard cancels a gated preflight even when onBack is absent and the designer stays mounted
[64/207] [chromium] › src/applications/forms/forms.component.spec.ts:1213:1 › explicit discard removes an ordinary draft while an unknown packet is never discarded implicitly
[65/207] [chromium] › src/applications/forms/forms.component.spec.ts:1225:1 › datetime to non-datetime conversion clears timezone in preflight DTO
[66/207] [chromium] › src/applications/forms/forms.component.spec.ts:1240:1 › existing text field can request a guarded number type conversion
[67/207] [chromium] › src/applications/forms/forms.component.spec.ts:1255:1 › designer canvas renders the actual field control in a nonediting design state
[68/207] [chromium] › src/applications/forms/forms.component.spec.ts:1266:1 › changing an option mapping after successful preflight invalidates its token and pending packet
[69/207] [chromium] › src/applications/forms/forms.component.spec.ts:1298:1 › expired confirmation token asks for another preflight instead of silently ignoring click
(node:96913) Warning: The 'NO_COLOR' env is ignored due to the 'FORCE_COLOR' env being set.
(Use `node --trace-warnings ...` to show where the warning was created)


[70/207] [firefox] › src/applications/forms/forms.component.spec.ts:105:1 › original designer shows three panels and keyboard-added draft can preview without a write
[firefox] › src/applications/forms/forms.component.spec.ts:105:1 › original designer shows three panels and keyboard-added draft can preview without a write
Skipping host requirements validation logic because `PLAYWRIGHT_SKIP_VALIDATE_HOST_REQUIREMENTS` env variable is set.

[71/207] [firefox] › src/applications/forms/forms.component.spec.ts:122:1 › save preflights and commits with both versions and stable IDs only after server success
[72/207] [firefox] › src/applications/forms/forms.component.spec.ts:137:1 › lost save response keeps the original operation and draft until recovery confirms it
[73/207] [firefox] › src/applications/forms/forms.component.spec.ts:153:1 › directory creation and new form creation use coherent structure and one atomic form POST
[74/207] [firefox] › src/applications/forms/forms.component.spec.ts:175:1 › impact dialog requires a live confirmation token before a schema write
[75/207] [firefox] › src/applications/forms/forms.component.spec.ts:192:1 › blocked dependencies show the affected resource and prevent PUT
[76/207] [firefox] › src/applications/forms/forms.component.spec.ts:208:1 › used option deletion maps old option IDs before renewed preflight and confirmed Save
[77/207] [firefox] › src/applications/forms/forms.component.spec.ts:243:1 › late preflight for an old view cannot open impact or write into the newly selected view
[78/207] [firefox] › src/applications/forms/forms.component.spec.ts:273:1 › keyboard can move an existing field into a group with the same ordered 12-column layout
[79/207] [firefox] › src/applications/forms/forms.component.spec.ts:289:1 › permission revoked during Save masks the retained draft until access is reverified
[80/207] [firefox] › src/applications/forms/forms.component.spec.ts:307:1 › system fields stay read-only and each inserted node references a distinct server-defined code
[81/207] [firefox] › src/applications/forms/forms.component.spec.ts:321:1 › destructive preflight waits for explicit confirmation and sends its exact token
[82/207] [firefox] › src/applications/forms/forms.component.spec.ts:340:1 › dirty exit and CAS conflict require an explicit decision while preserving the draft
[83/207] [firefox] › src/applications/forms/forms.component.spec.ts:365:1 › structure CAS conflict keeps the entered name and offers an explicit latest-version reload
[84/207] [firefox] › src/applications/forms/forms.component.spec.ts:385:1 › structure write permission revocation masks retained input until access is reverified
[85/207] [firefox] › src/applications/forms/forms.component.spec.ts:400:1 › late directory create for an old app cannot replace the selected app tree
[86/207] [firefox] › src/applications/forms/forms.component.spec.ts:432:1 › empty structure explains the next action to keyboard and screen reader users
[87/207] [firefox] › src/applications/forms/forms.component.spec.ts:440:1 › removing an optional selected default option clears the invalid default before Save
[88/207] [firefox] › src/applications/forms/forms.component.spec.ts:459:1 › decimal controls keep exact text and signed rounding places on the definition wire
[89/207] [firefox] › src/applications/forms/forms.component.spec.ts:476:1 › preview dialog restores trigger focus after fast close and under reduced motion
[90/207] [firefox] › src/applications/forms/forms.component.spec.ts:492:1 › existing-table form source creates another view without creating a table
[91/207] [firefox] › src/applications/forms/forms.component.spec.ts:509:1 › directory rename and same-app move use current structure CAS while descendants are excluded
[92/207] [firefox] › src/applications/forms/forms.component.spec.ts:539:1 › palette drag into a group preserves the chosen drop parent in saved layout
[93/207] [firefox] › src/applications/forms/forms.component.spec.ts:553:1 › new view beside a selected form inherits its directory
[94/207] [firefox] › src/applications/forms/forms.component.spec.ts:562:1 › existing member default remains visible and can be cleared without a candidate source
[95/207] [firefox] › src/applications/forms/forms.component.spec.ts:579:1 › text empty-string default and boolean unset false true remain distinct on Save
[96/207] [firefox] › src/applications/forms/forms.component.spec.ts:598:1 › no-op Save with unknown result blocks exit even when definition is not dirty
[97/207] [firefox] › src/applications/forms/forms.component.spec.ts:613:1 › A to B to A navigation ignores a late first-generation preflight
[98/207] [firefox] › src/applications/forms/forms.component.spec.ts:637:1 › definition requests bind verified actor and B cannot replay A unknown Save
[99/207] [firefox] › src/applications/forms/forms.component.spec.ts:658:1 › 401 and actor mismatch are handed to Shell without losing the designer draft
[100/207] [firefox] › src/applications/forms/forms.component.spec.ts:680:1 › structure unknown operation stays with A through an actor switch
[101/207] [firefox] › src/applications/forms/forms.component.spec.ts:695:1 › dialog returns focus to its source after quick reverse and reopens
[102/207] [firefox] › src/applications/forms/forms.component.spec.ts:708:1 › dialog closes immediately when reduced motion is requested
[103/207] [firefox] › src/applications/forms/forms.component.spec.ts:716:1 › owner member default picker searches, pages and saves the selected stable ID
[104/207] [firefox] › src/applications/forms/forms.component.spec.ts:741:1 › owner department default picker displays hierarchy candidate and saves ID
[105/207] [firefox] › src/applications/forms/forms.component.spec.ts:755:1 › second view can place an existing table field without creating another field ID
[106/207] [firefox] › src/applications/forms/forms.component.spec.ts:770:1 › removing a group leaves its table field available to place again
[107/207] [firefox] › src/applications/forms/forms.component.spec.ts:788:1 › preview explicit null selection does not bounce back to the configured default
[108/207] [firefox] › src/applications/forms/forms.component.spec.ts:802:1 › malformed successful structure receipt remains unconfirmed with the original operation
[109/207] [firefox] › src/applications/forms/forms.component.spec.ts:815:1 › malformed successful definition receipt does not erase draft or issue a new key
[110/207] [firefox] › src/applications/forms/forms.component.spec.ts:830:1 › null JSON success envelope retains the original Save for recovery
[111/207] [firefox] › src/applications/forms/forms.component.spec.ts:845:1 › server failure after a Save request keeps its operation until verified
[112/207] [firefox] › src/applications/forms/forms.component.spec.ts:860:1 › server failure after a directory request keeps its name and operation
[113/207] [firefox] › src/applications/forms/forms.component.spec.ts:874:1 › StrictMode designer boots after effect setup cleanup setup and repeated component mounting
[114/207] [firefox] › src/applications/forms/forms.component.spec.ts:883:1 › StrictMode structure boots after effect setup cleanup setup and repeated component mounting
[115/207] [firefox] › src/applications/forms/forms.component.spec.ts:892:1 › StrictMode designer ignores a late first setup response after the replayed setup
[116/207] [firefox] › src/applications/forms/forms.component.spec.ts:917:1 › StrictMode structure ignores a late first setup response after the replayed setup
[117/207] [firefox] › src/applications/forms/forms.component.spec.ts:942:1 › cached designer draft is masked when return GET is forbidden
[118/207] [firefox] › src/applications/forms/forms.component.spec.ts:959:1 › StrictMode auth-route unmount and same actor return reverify before restoring input
[119/207] [firefox] › src/applications/forms/forms.component.spec.ts:977:1 › cached designer masks on auth version rejection and same actor reauth restores draft
[120/207] [firefox] › src/applications/forms/forms.component.spec.ts:995:1 › cached designer masks a changed actor guard before showing any old field
[121/207] [firefox] › src/applications/forms/forms.component.spec.ts:1015:1 › cached designer masks server GET failure then preserves draft after retry
[122/207] [firefox] › src/applications/forms/forms.component.spec.ts:1032:1 › revalidated newer definition warns and keeps dirty versions without rebasing
[123/207] [firefox] › src/applications/forms/forms.component.spec.ts:1055:1 › cached structure dialog is masked after permission revocation
[124/207] [firefox] › src/applications/forms/forms.component.spec.ts:1069:1 › revalidated newer structure retains original name and CAS version
[125/207] [firefox] › src/applications/forms/forms.component.spec.ts:1092:3 › unknown Save retry 401 retains original operation for later confirmation
[126/207] [firefox] › src/applications/forms/forms.component.spec.ts:1092:3 › unknown Save retry 403 retains original operation for later confirmation
[127/207] [firefox] › src/applications/forms/forms.component.spec.ts:1092:3 › unknown Save retry 409 retains original operation for later confirmation
[128/207] [firefox] › src/applications/forms/forms.component.spec.ts:1121:1 › StrictMode guard clears on unmount while retaining an unknown Save packet
[129/207] [firefox] › src/applications/forms/forms.component.spec.ts:1138:1 › StrictMode structure guard clears on unmount while retaining the unknown operation
[130/207] [firefox] › src/applications/forms/forms.component.spec.ts:1153:1 › unknown structure retry denial retains original directory request after revalidation
[131/207] [firefox] › src/applications/forms/forms.component.spec.ts:1172:1 › slow preflight is abandoned on Back before PUT and guard teardown is explicit
[132/207] [firefox] › src/applications/forms/forms.component.spec.ts:1191:1 › discard cancels a gated preflight even when onBack is absent and the designer stays mounted
[133/207] [firefox] › src/applications/forms/forms.component.spec.ts:1213:1 › explicit discard removes an ordinary draft while an unknown packet is never discarded implicitly
[134/207] [firefox] › src/applications/forms/forms.component.spec.ts:1225:1 › datetime to non-datetime conversion clears timezone in preflight DTO
[135/207] [firefox] › src/applications/forms/forms.component.spec.ts:1240:1 › existing text field can request a guarded number type conversion
[136/207] [firefox] › src/applications/forms/forms.component.spec.ts:1255:1 › designer canvas renders the actual field control in a nonediting design state
[137/207] [firefox] › src/applications/forms/forms.component.spec.ts:1266:1 › changing an option mapping after successful preflight invalidates its token and pending packet
[138/207] [firefox] › src/applications/forms/forms.component.spec.ts:1298:1 › expired confirmation token asks for another preflight instead of silently ignoring click
(node:98842) Warning: The 'NO_COLOR' env is ignored due to the 'FORCE_COLOR' env being set.
(Use `node --trace-warnings ...` to show where the warning was created)


[139/207] [webkit] › src/applications/forms/forms.component.spec.ts:105:1 › original designer shows three panels and keyboard-added draft can preview without a write
[webkit] › src/applications/forms/forms.component.spec.ts:105:1 › original designer shows three panels and keyboard-added draft can preview without a write
Skipping host requirements validation logic because `PLAYWRIGHT_SKIP_VALIDATE_HOST_REQUIREMENTS` env variable is set.

[140/207] [webkit] › src/applications/forms/forms.component.spec.ts:122:1 › save preflights and commits with both versions and stable IDs only after server success
[141/207] [webkit] › src/applications/forms/forms.component.spec.ts:137:1 › lost save response keeps the original operation and draft until recovery confirms it
[142/207] [webkit] › src/applications/forms/forms.component.spec.ts:153:1 › directory creation and new form creation use coherent structure and one atomic form POST
[143/207] [webkit] › src/applications/forms/forms.component.spec.ts:175:1 › impact dialog requires a live confirmation token before a schema write
[144/207] [webkit] › src/applications/forms/forms.component.spec.ts:192:1 › blocked dependencies show the affected resource and prevent PUT
[145/207] [webkit] › src/applications/forms/forms.component.spec.ts:208:1 › used option deletion maps old option IDs before renewed preflight and confirmed Save
[146/207] [webkit] › src/applications/forms/forms.component.spec.ts:243:1 › late preflight for an old view cannot open impact or write into the newly selected view
[147/207] [webkit] › src/applications/forms/forms.component.spec.ts:273:1 › keyboard can move an existing field into a group with the same ordered 12-column layout
[148/207] [webkit] › src/applications/forms/forms.component.spec.ts:289:1 › permission revoked during Save masks the retained draft until access is reverified
[149/207] [webkit] › src/applications/forms/forms.component.spec.ts:307:1 › system fields stay read-only and each inserted node references a distinct server-defined code
[150/207] [webkit] › src/applications/forms/forms.component.spec.ts:321:1 › destructive preflight waits for explicit confirmation and sends its exact token
[151/207] [webkit] › src/applications/forms/forms.component.spec.ts:340:1 › dirty exit and CAS conflict require an explicit decision while preserving the draft
[152/207] [webkit] › src/applications/forms/forms.component.spec.ts:365:1 › structure CAS conflict keeps the entered name and offers an explicit latest-version reload
[153/207] [webkit] › src/applications/forms/forms.component.spec.ts:385:1 › structure write permission revocation masks retained input until access is reverified
[154/207] [webkit] › src/applications/forms/forms.component.spec.ts:400:1 › late directory create for an old app cannot replace the selected app tree
[155/207] [webkit] › src/applications/forms/forms.component.spec.ts:432:1 › empty structure explains the next action to keyboard and screen reader users
[156/207] [webkit] › src/applications/forms/forms.component.spec.ts:440:1 › removing an optional selected default option clears the invalid default before Save
[157/207] [webkit] › src/applications/forms/forms.component.spec.ts:459:1 › decimal controls keep exact text and signed rounding places on the definition wire
[158/207] [webkit] › src/applications/forms/forms.component.spec.ts:476:1 › preview dialog restores trigger focus after fast close and under reduced motion
[159/207] [webkit] › src/applications/forms/forms.component.spec.ts:492:1 › existing-table form source creates another view without creating a table
[160/207] [webkit] › src/applications/forms/forms.component.spec.ts:509:1 › directory rename and same-app move use current structure CAS while descendants are excluded
[161/207] [webkit] › src/applications/forms/forms.component.spec.ts:539:1 › palette drag into a group preserves the chosen drop parent in saved layout
[162/207] [webkit] › src/applications/forms/forms.component.spec.ts:553:1 › new view beside a selected form inherits its directory
[163/207] [webkit] › src/applications/forms/forms.component.spec.ts:562:1 › existing member default remains visible and can be cleared without a candidate source
[164/207] [webkit] › src/applications/forms/forms.component.spec.ts:579:1 › text empty-string default and boolean unset false true remain distinct on Save
[165/207] [webkit] › src/applications/forms/forms.component.spec.ts:598:1 › no-op Save with unknown result blocks exit even when definition is not dirty
[166/207] [webkit] › src/applications/forms/forms.component.spec.ts:613:1 › A to B to A navigation ignores a late first-generation preflight
[167/207] [webkit] › src/applications/forms/forms.component.spec.ts:637:1 › definition requests bind verified actor and B cannot replay A unknown Save
[168/207] [webkit] › src/applications/forms/forms.component.spec.ts:658:1 › 401 and actor mismatch are handed to Shell without losing the designer draft
[169/207] [webkit] › src/applications/forms/forms.component.spec.ts:680:1 › structure unknown operation stays with A through an actor switch
[170/207] [webkit] › src/applications/forms/forms.component.spec.ts:695:1 › dialog returns focus to its source after quick reverse and reopens
[171/207] [webkit] › src/applications/forms/forms.component.spec.ts:708:1 › dialog closes immediately when reduced motion is requested
[172/207] [webkit] › src/applications/forms/forms.component.spec.ts:716:1 › owner member default picker searches, pages and saves the selected stable ID
[173/207] [webkit] › src/applications/forms/forms.component.spec.ts:741:1 › owner department default picker displays hierarchy candidate and saves ID
[174/207] [webkit] › src/applications/forms/forms.component.spec.ts:755:1 › second view can place an existing table field without creating another field ID
[175/207] [webkit] › src/applications/forms/forms.component.spec.ts:770:1 › removing a group leaves its table field available to place again
[176/207] [webkit] › src/applications/forms/forms.component.spec.ts:788:1 › preview explicit null selection does not bounce back to the configured default
[177/207] [webkit] › src/applications/forms/forms.component.spec.ts:802:1 › malformed successful structure receipt remains unconfirmed with the original operation
[178/207] [webkit] › src/applications/forms/forms.component.spec.ts:815:1 › malformed successful definition receipt does not erase draft or issue a new key
[179/207] [webkit] › src/applications/forms/forms.component.spec.ts:830:1 › null JSON success envelope retains the original Save for recovery
[180/207] [webkit] › src/applications/forms/forms.component.spec.ts:845:1 › server failure after a Save request keeps its operation until verified
[181/207] [webkit] › src/applications/forms/forms.component.spec.ts:860:1 › server failure after a directory request keeps its name and operation
[182/207] [webkit] › src/applications/forms/forms.component.spec.ts:874:1 › StrictMode designer boots after effect setup cleanup setup and repeated component mounting
[183/207] [webkit] › src/applications/forms/forms.component.spec.ts:883:1 › StrictMode structure boots after effect setup cleanup setup and repeated component mounting
[184/207] [webkit] › src/applications/forms/forms.component.spec.ts:892:1 › StrictMode designer ignores a late first setup response after the replayed setup
[185/207] [webkit] › src/applications/forms/forms.component.spec.ts:917:1 › StrictMode structure ignores a late first setup response after the replayed setup
[186/207] [webkit] › src/applications/forms/forms.component.spec.ts:942:1 › cached designer draft is masked when return GET is forbidden
[187/207] [webkit] › src/applications/forms/forms.component.spec.ts:959:1 › StrictMode auth-route unmount and same actor return reverify before restoring input
[188/207] [webkit] › src/applications/forms/forms.component.spec.ts:977:1 › cached designer masks on auth version rejection and same actor reauth restores draft
[189/207] [webkit] › src/applications/forms/forms.component.spec.ts:995:1 › cached designer masks a changed actor guard before showing any old field
[190/207] [webkit] › src/applications/forms/forms.component.spec.ts:1015:1 › cached designer masks server GET failure then preserves draft after retry
[191/207] [webkit] › src/applications/forms/forms.component.spec.ts:1032:1 › revalidated newer definition warns and keeps dirty versions without rebasing
[192/207] [webkit] › src/applications/forms/forms.component.spec.ts:1055:1 › cached structure dialog is masked after permission revocation
[193/207] [webkit] › src/applications/forms/forms.component.spec.ts:1069:1 › revalidated newer structure retains original name and CAS version
[194/207] [webkit] › src/applications/forms/forms.component.spec.ts:1092:3 › unknown Save retry 401 retains original operation for later confirmation
[195/207] [webkit] › src/applications/forms/forms.component.spec.ts:1092:3 › unknown Save retry 403 retains original operation for later confirmation
[196/207] [webkit] › src/applications/forms/forms.component.spec.ts:1092:3 › unknown Save retry 409 retains original operation for later confirmation
[197/207] [webkit] › src/applications/forms/forms.component.spec.ts:1121:1 › StrictMode guard clears on unmount while retaining an unknown Save packet
[198/207] [webkit] › src/applications/forms/forms.component.spec.ts:1138:1 › StrictMode structure guard clears on unmount while retaining the unknown operation
[199/207] [webkit] › src/applications/forms/forms.component.spec.ts:1153:1 › unknown structure retry denial retains original directory request after revalidation
[200/207] [webkit] › src/applications/forms/forms.component.spec.ts:1172:1 › slow preflight is abandoned on Back before PUT and guard teardown is explicit
[201/207] [webkit] › src/applications/forms/forms.component.spec.ts:1191:1 › discard cancels a gated preflight even when onBack is absent and the designer stays mounted
[202/207] [webkit] › src/applications/forms/forms.component.spec.ts:1213:1 › explicit discard removes an ordinary draft while an unknown packet is never discarded implicitly
[203/207] [webkit] › src/applications/forms/forms.component.spec.ts:1225:1 › datetime to non-datetime conversion clears timezone in preflight DTO
[204/207] [webkit] › src/applications/forms/forms.component.spec.ts:1240:1 › existing text field can request a guarded number type conversion
[205/207] [webkit] › src/applications/forms/forms.component.spec.ts:1255:1 › designer canvas renders the actual field control in a nonediting design state
[206/207] [webkit] › src/applications/forms/forms.component.spec.ts:1266:1 › changing an option mapping after successful preflight invalidates its token and pending packet
[207/207] [webkit] › src/applications/forms/forms.component.spec.ts:1298:1 › expired confirmation token asks for another preflight instead of silently ignoring click
  207 passed (2.9m)
