[WebServer] (node:28484) Warning: The 'NO_COLOR' env is ignored due to the 'FORCE_COLOR' env being set.
[WebServer] (Use `node --trace-warnings ...` to show where the warning was created)
[WebServer] (node:28499) Warning: The 'NO_COLOR' env is ignored due to the 'FORCE_COLOR' env being set.
[WebServer] (Use `node --trace-warnings ...` to show where the warning was created)

Running 75 tests using 1 worker

(node:28528) Warning: The 'NO_COLOR' env is ignored due to the 'FORCE_COLOR' env being set.
(Use `node --trace-warnings ...` to show where the warning was created)
Skipping host requirements validation logic because `PLAYWRIGHT_SKIP_VALIDATE_HOST_REQUIREMENTS` env variable is set.
  ✓   1 [chromium] › src/applications/forms/forms.component.spec.ts:95:1 › original designer shows three panels and keyboard-added draft can preview without a write (506ms)
  ✓   2 [chromium] › src/applications/forms/forms.component.spec.ts:112:1 › save preflights and commits with both versions and stable IDs only after server success (330ms)
  ✓   3 [chromium] › src/applications/forms/forms.component.spec.ts:127:1 › lost save response keeps the original operation and draft until recovery confirms it (426ms)
  ✓   4 [chromium] › src/applications/forms/forms.component.spec.ts:143:1 › directory creation and new form creation use coherent structure and one atomic form POST (646ms)
  ✓   5 [chromium] › src/applications/forms/forms.component.spec.ts:165:1 › impact dialog requires a live confirmation token before a schema write (411ms)
  ✓   6 [chromium] › src/applications/forms/forms.component.spec.ts:182:1 › blocked dependencies show the affected resource and prevent PUT (404ms)
  ✓   7 [chromium] › src/applications/forms/forms.component.spec.ts:198:1 › used option deletion maps old option IDs before renewed preflight and confirmed Save (583ms)
  ✓   8 [chromium] › src/applications/forms/forms.component.spec.ts:233:1 › late preflight for an old view cannot open impact or write into the newly selected view (418ms)
  ✓   9 [chromium] › src/applications/forms/forms.component.spec.ts:263:1 › keyboard can move an existing field into a group with the same ordered 12-column layout (428ms)
  ✓  10 [chromium] › src/applications/forms/forms.component.spec.ts:279:1 › permission revoked during Save keeps the draft but stops further configuration writes (373ms)
  ✓  11 [chromium] › src/applications/forms/forms.component.spec.ts:295:1 › system fields stay read-only and each inserted node references a distinct server-defined code (323ms)
  ✓  12 [chromium] › src/applications/forms/forms.component.spec.ts:309:1 › destructive preflight waits for explicit confirmation and sends its exact token (440ms)
  ✓  13 [chromium] › src/applications/forms/forms.component.spec.ts:328:1 › dirty exit and CAS conflict require an explicit decision while preserving the draft (583ms)
  ✓  14 [chromium] › src/applications/forms/forms.component.spec.ts:345:1 › structure CAS conflict keeps the entered name and offers an explicit latest-version reload (361ms)
  ✓  15 [chromium] › src/applications/forms/forms.component.spec.ts:360:1 › structure write permission revocation disables further directory and form mutations (351ms)
  ✓  16 [chromium] › src/applications/forms/forms.component.spec.ts:375:1 › late directory create for an old app cannot replace the selected app tree (354ms)
  ✓  17 [chromium] › src/applications/forms/forms.component.spec.ts:407:1 › empty structure explains the next action to keyboard and screen reader users (221ms)
  ✓  18 [chromium] › src/applications/forms/forms.component.spec.ts:415:1 › removing an optional selected default option clears the invalid default before Save (359ms)
  ✓  19 [chromium] › src/applications/forms/forms.component.spec.ts:434:1 › decimal controls keep exact text and signed rounding places on the definition wire (345ms)
  ✓  20 [chromium] › src/applications/forms/forms.component.spec.ts:451:1 › preview dialog restores trigger focus after fast close and under reduced motion (300ms)
  ✓  21 [chromium] › src/applications/forms/forms.component.spec.ts:467:1 › existing-table form source creates another view without creating a table (355ms)
  ✓  22 [chromium] › src/applications/forms/forms.component.spec.ts:481:1 › directory rename and same-app move use current structure CAS while descendants are excluded (523ms)
  ✓  23 [chromium] › src/applications/forms/forms.component.spec.ts:509:1 › palette drag into a group preserves the chosen drop parent in saved layout (420ms)
  ✓  24 [chromium] › src/applications/forms/forms.component.spec.ts:523:1 › new view beside a selected form inherits its directory (264ms)
  ✓  25 [chromium] › src/applications/forms/forms.component.spec.ts:532:1 › existing member default remains visible and can be cleared without a candidate source (334ms)
(node:28887) Warning: The 'NO_COLOR' env is ignored due to the 'FORCE_COLOR' env being set.
(Use `node --trace-warnings ...` to show where the warning was created)
Skipping host requirements validation logic because `PLAYWRIGHT_SKIP_VALIDATE_HOST_REQUIREMENTS` env variable is set.
  ✓  26 [firefox] › src/applications/forms/forms.component.spec.ts:95:1 › original designer shows three panels and keyboard-added draft can preview without a write (1.7s)
  ✓  27 [firefox] › src/applications/forms/forms.component.spec.ts:112:1 › save preflights and commits with both versions and stable IDs only after server success (598ms)
  ✓  28 [firefox] › src/applications/forms/forms.component.spec.ts:127:1 › lost save response keeps the original operation and draft until recovery confirms it (692ms)
  ✓  29 [firefox] › src/applications/forms/forms.component.spec.ts:143:1 › directory creation and new form creation use coherent structure and one atomic form POST (855ms)
  ✓  30 [firefox] › src/applications/forms/forms.component.spec.ts:165:1 › impact dialog requires a live confirmation token before a schema write (629ms)
  ✓  31 [firefox] › src/applications/forms/forms.component.spec.ts:182:1 › blocked dependencies show the affected resource and prevent PUT (710ms)
  ✓  32 [firefox] › src/applications/forms/forms.component.spec.ts:198:1 › used option deletion maps old option IDs before renewed preflight and confirmed Save (1.2s)
  ✓  33 [firefox] › src/applications/forms/forms.component.spec.ts:233:1 › late preflight for an old view cannot open impact or write into the newly selected view (838ms)
  ✓  34 [firefox] › src/applications/forms/forms.component.spec.ts:263:1 › keyboard can move an existing field into a group with the same ordered 12-column layout (755ms)
  ✓  35 [firefox] › src/applications/forms/forms.component.spec.ts:279:1 › permission revoked during Save keeps the draft but stops further configuration writes (1.4s)
  ✓  36 [firefox] › src/applications/forms/forms.component.spec.ts:295:1 › system fields stay read-only and each inserted node references a distinct server-defined code (667ms)
  ✓  37 [firefox] › src/applications/forms/forms.component.spec.ts:309:1 › destructive preflight waits for explicit confirmation and sends its exact token (700ms)
  ✓  38 [firefox] › src/applications/forms/forms.component.spec.ts:328:1 › dirty exit and CAS conflict require an explicit decision while preserving the draft (860ms)
  ✓  39 [firefox] › src/applications/forms/forms.component.spec.ts:345:1 › structure CAS conflict keeps the entered name and offers an explicit latest-version reload (585ms)
  ✓  40 [firefox] › src/applications/forms/forms.component.spec.ts:360:1 › structure write permission revocation disables further directory and form mutations (606ms)
  ✓  41 [firefox] › src/applications/forms/forms.component.spec.ts:375:1 › late directory create for an old app cannot replace the selected app tree (735ms)
  ✓  42 [firefox] › src/applications/forms/forms.component.spec.ts:407:1 › empty structure explains the next action to keyboard and screen reader users (408ms)
  ✓  43 [firefox] › src/applications/forms/forms.component.spec.ts:415:1 › removing an optional selected default option clears the invalid default before Save (658ms)
  ✓  44 [firefox] › src/applications/forms/forms.component.spec.ts:434:1 › decimal controls keep exact text and signed rounding places on the definition wire (721ms)
  ✓  45 [firefox] › src/applications/forms/forms.component.spec.ts:451:1 › preview dialog restores trigger focus after fast close and under reduced motion (1.7s)
  ✓  46 [firefox] › src/applications/forms/forms.component.spec.ts:467:1 › existing-table form source creates another view without creating a table (711ms)
  ✓  47 [firefox] › src/applications/forms/forms.component.spec.ts:481:1 › directory rename and same-app move use current structure CAS while descendants are excluded (905ms)
  ✓  48 [firefox] › src/applications/forms/forms.component.spec.ts:509:1 › palette drag into a group preserves the chosen drop parent in saved layout (660ms)
  ✓  49 [firefox] › src/applications/forms/forms.component.spec.ts:523:1 › new view beside a selected form inherits its directory (531ms)
  ✓  50 [firefox] › src/applications/forms/forms.component.spec.ts:532:1 › existing member default remains visible and can be cleared without a candidate source (642ms)
(node:29692) Warning: The 'NO_COLOR' env is ignored due to the 'FORCE_COLOR' env being set.
(Use `node --trace-warnings ...` to show where the warning was created)
Skipping host requirements validation logic because `PLAYWRIGHT_SKIP_VALIDATE_HOST_REQUIREMENTS` env variable is set.
  ✓  51 [webkit] › src/applications/forms/forms.component.spec.ts:95:1 › original designer shows three panels and keyboard-added draft can preview without a write (1.2s)
  ✓  52 [webkit] › src/applications/forms/forms.component.spec.ts:112:1 › save preflights and commits with both versions and stable IDs only after server success (664ms)
  ✓  53 [webkit] › src/applications/forms/forms.component.spec.ts:127:1 › lost save response keeps the original operation and draft until recovery confirms it (744ms)
  ✓  54 [webkit] › src/applications/forms/forms.component.spec.ts:143:1 › directory creation and new form creation use coherent structure and one atomic form POST (1.3s)
  ✓  55 [webkit] › src/applications/forms/forms.component.spec.ts:165:1 › impact dialog requires a live confirmation token before a schema write (907ms)
  ✓  56 [webkit] › src/applications/forms/forms.component.spec.ts:182:1 › blocked dependencies show the affected resource and prevent PUT (946ms)
  ✓  57 [webkit] › src/applications/forms/forms.component.spec.ts:198:1 › used option deletion maps old option IDs before renewed preflight and confirmed Save (1.2s)
  ✓  58 [webkit] › src/applications/forms/forms.component.spec.ts:233:1 › late preflight for an old view cannot open impact or write into the newly selected view (734ms)
  ✓  59 [webkit] › src/applications/forms/forms.component.spec.ts:263:1 › keyboard can move an existing field into a group with the same ordered 12-column layout (777ms)
  ✓  60 [webkit] › src/applications/forms/forms.component.spec.ts:279:1 › permission revoked during Save keeps the draft but stops further configuration writes (944ms)
  ✓  61 [webkit] › src/applications/forms/forms.component.spec.ts:295:1 › system fields stay read-only and each inserted node references a distinct server-defined code (631ms)
  ✓  62 [webkit] › src/applications/forms/forms.component.spec.ts:309:1 › destructive preflight waits for explicit confirmation and sends its exact token (992ms)
  ✓  63 [webkit] › src/applications/forms/forms.component.spec.ts:328:1 › dirty exit and CAS conflict require an explicit decision while preserving the draft (1.3s)
  ✓  64 [webkit] › src/applications/forms/forms.component.spec.ts:345:1 › structure CAS conflict keeps the entered name and offers an explicit latest-version reload (810ms)
  ✓  65 [webkit] › src/applications/forms/forms.component.spec.ts:360:1 › structure write permission revocation disables further directory and form mutations (639ms)
  ✓  66 [webkit] › src/applications/forms/forms.component.spec.ts:375:1 › late directory create for an old app cannot replace the selected app tree (678ms)
  ✓  67 [webkit] › src/applications/forms/forms.component.spec.ts:407:1 › empty structure explains the next action to keyboard and screen reader users (572ms)
  ✓  68 [webkit] › src/applications/forms/forms.component.spec.ts:415:1 › removing an optional selected default option clears the invalid default before Save (628ms)
  ✓  69 [webkit] › src/applications/forms/forms.component.spec.ts:434:1 › decimal controls keep exact text and signed rounding places on the definition wire (716ms)
  ✓  70 [webkit] › src/applications/forms/forms.component.spec.ts:451:1 › preview dialog restores trigger focus after fast close and under reduced motion (747ms)
  ✓  71 [webkit] › src/applications/forms/forms.component.spec.ts:467:1 › existing-table form source creates another view without creating a table (706ms)
  ✓  72 [webkit] › src/applications/forms/forms.component.spec.ts:481:1 › directory rename and same-app move use current structure CAS while descendants are excluded (933ms)
  ✓  73 [webkit] › src/applications/forms/forms.component.spec.ts:509:1 › palette drag into a group preserves the chosen drop parent in saved layout (734ms)
  ✓  74 [webkit] › src/applications/forms/forms.component.spec.ts:523:1 › new view beside a selected form inherits its directory (492ms)
  ✓  75 [webkit] › src/applications/forms/forms.component.spec.ts:532:1 › existing member default remains visible and can be cleared without a candidate source (663ms)

  75 passed (55.1s)
