[WebServer] (node:104391) Warning: The 'NO_COLOR' env is ignored due to the 'FORCE_COLOR' env being set.
[WebServer] (Use `node --trace-warnings ...` to show where the warning was created)

[WebServer] (node:104405) Warning: The 'NO_COLOR' env is ignored due to the 'FORCE_COLOR' env being set.
[WebServer] (Use `node --trace-warnings ...` to show where the warning was created)


Running 24 tests using 1 worker

(node:104438) Warning: The 'NO_COLOR' env is ignored due to the 'FORCE_COLOR' env being set.
(Use `node --trace-warnings ...` to show where the warning was created)


[1/24] [chromium] › src/applications/forms/forms.component.spec.ts:1220:1 › external designer discard clears the scoped draft before delayed unmount
[chromium] › src/applications/forms/forms.component.spec.ts:1220:1 › external designer discard clears the scoped draft before delayed unmount
Skipping host requirements validation logic because `PLAYWRIGHT_SKIP_VALIDATE_HOST_REQUIREMENTS` env variable is set.

[2/24] [chromium] › src/applications/forms/forms.component.spec.ts:1234:1 › external structure discard clears entered directory before route remount
[3/24] [chromium] › src/applications/forms/forms.component.spec.ts:1247:1 › external preflight discard cancels PUT while route unmount is delayed
[4/24] [chromium] › src/applications/forms/forms.component.spec.ts:1266:1 › external leave retains an already sent unknown Save and its original key
[5/24] [chromium] › src/applications/forms/forms.component.spec.ts:1286:1 › external leave during sent PUT retains the packet until a same-actor result lookup
[6/24] [chromium] › src/applications/forms/forms.component.spec.ts:1317:1 › external structure leave keeps an unknown directory operation and entered name
[7/24] [chromium] › src/applications/forms/forms.component.spec.ts:1335:1 › StrictMode old same-scope unsubscribe cannot clear the current controller
[8/24] [chromium] › src/applications/forms/forms.component.spec.ts:1344:1 › external leave rejects a decision made before draft becomes preflight
(node:104594) Warning: The 'NO_COLOR' env is ignored due to the 'FORCE_COLOR' env being set.
(Use `node --trace-warnings ...` to show where the warning was created)


[9/24] [firefox] › src/applications/forms/forms.component.spec.ts:1220:1 › external designer discard clears the scoped draft before delayed unmount
[firefox] › src/applications/forms/forms.component.spec.ts:1220:1 › external designer discard clears the scoped draft before delayed unmount
Skipping host requirements validation logic because `PLAYWRIGHT_SKIP_VALIDATE_HOST_REQUIREMENTS` env variable is set.

[10/24] [firefox] › src/applications/forms/forms.component.spec.ts:1234:1 › external structure discard clears entered directory before route remount
[11/24] [firefox] › src/applications/forms/forms.component.spec.ts:1247:1 › external preflight discard cancels PUT while route unmount is delayed
[12/24] [firefox] › src/applications/forms/forms.component.spec.ts:1266:1 › external leave retains an already sent unknown Save and its original key
[13/24] [firefox] › src/applications/forms/forms.component.spec.ts:1286:1 › external leave during sent PUT retains the packet until a same-actor result lookup
[14/24] [firefox] › src/applications/forms/forms.component.spec.ts:1317:1 › external structure leave keeps an unknown directory operation and entered name
[15/24] [firefox] › src/applications/forms/forms.component.spec.ts:1335:1 › StrictMode old same-scope unsubscribe cannot clear the current controller
[16/24] [firefox] › src/applications/forms/forms.component.spec.ts:1344:1 › external leave rejects a decision made before draft becomes preflight
(node:104955) Warning: The 'NO_COLOR' env is ignored due to the 'FORCE_COLOR' env being set.
(Use `node --trace-warnings ...` to show where the warning was created)


[17/24] [webkit] › src/applications/forms/forms.component.spec.ts:1220:1 › external designer discard clears the scoped draft before delayed unmount
[webkit] › src/applications/forms/forms.component.spec.ts:1220:1 › external designer discard clears the scoped draft before delayed unmount
Skipping host requirements validation logic because `PLAYWRIGHT_SKIP_VALIDATE_HOST_REQUIREMENTS` env variable is set.

[18/24] [webkit] › src/applications/forms/forms.component.spec.ts:1234:1 › external structure discard clears entered directory before route remount
[19/24] [webkit] › src/applications/forms/forms.component.spec.ts:1247:1 › external preflight discard cancels PUT while route unmount is delayed
[20/24] [webkit] › src/applications/forms/forms.component.spec.ts:1266:1 › external leave retains an already sent unknown Save and its original key
[21/24] [webkit] › src/applications/forms/forms.component.spec.ts:1286:1 › external leave during sent PUT retains the packet until a same-actor result lookup
[22/24] [webkit] › src/applications/forms/forms.component.spec.ts:1317:1 › external structure leave keeps an unknown directory operation and entered name
[23/24] [webkit] › src/applications/forms/forms.component.spec.ts:1335:1 › StrictMode old same-scope unsubscribe cannot clear the current controller
[24/24] [webkit] › src/applications/forms/forms.component.spec.ts:1344:1 › external leave rejects a decision made before draft becomes preflight
  24 passed (20.7s)
