[WebServer] (node:121707) Warning: The 'NO_COLOR' env is ignored due to the 'FORCE_COLOR' env being set.
[WebServer] (Use `node --trace-warnings ...` to show where the warning was created)

[WebServer] (node:121721) Warning: The 'NO_COLOR' env is ignored due to the 'FORCE_COLOR' env being set.
[WebServer] (Use `node --trace-warnings ...` to show where the warning was created)


Running 27 tests using 1 worker

(node:121754) Warning: The 'NO_COLOR' env is ignored due to the 'FORCE_COLOR' env being set.
(Use `node --trace-warnings ...` to show where the warning was created)


[1/27] [chromium] › src/applications/forms/forms.component.spec.ts:1220:1 › external designer discard clears the scoped draft before delayed unmount
[chromium] › src/applications/forms/forms.component.spec.ts:1220:1 › external designer discard clears the scoped draft before delayed unmount
Skipping host requirements validation logic because `PLAYWRIGHT_SKIP_VALIDATE_HOST_REQUIREMENTS` env variable is set.

[2/27] [chromium] › src/applications/forms/forms.component.spec.ts:1234:1 › external structure discard clears entered directory before route remount
[3/27] [chromium] › src/applications/forms/forms.component.spec.ts:1247:1 › external preflight discard cancels PUT while route unmount is delayed
[4/27] [chromium] › src/applications/forms/forms.component.spec.ts:1266:1 › external leave retains an already sent unknown Save and its original key
[5/27] [chromium] › src/applications/forms/forms.component.spec.ts:1286:1 › external leave during sent PUT retains the packet until a same-actor result lookup
[6/27] [chromium] › src/applications/forms/forms.component.spec.ts:1317:1 › external structure leave keeps an unknown directory operation and entered name
[7/27] [chromium] › src/applications/forms/forms.component.spec.ts:1335:1 › StrictMode old same-scope unsubscribe cannot clear the current controller
[8/27] [chromium] › src/applications/forms/forms.component.spec.ts:1344:1 › external leave rejects a decision made before draft becomes preflight
[9/27] [chromium] › src/applications/forms/forms.component.spec.ts:1365:1 › external leave rejects a stale confirmation after draft content changes
(node:121923) Warning: The 'NO_COLOR' env is ignored due to the 'FORCE_COLOR' env being set.
(Use `node --trace-warnings ...` to show where the warning was created)


[10/27] [firefox] › src/applications/forms/forms.component.spec.ts:1220:1 › external designer discard clears the scoped draft before delayed unmount
[firefox] › src/applications/forms/forms.component.spec.ts:1220:1 › external designer discard clears the scoped draft before delayed unmount
Skipping host requirements validation logic because `PLAYWRIGHT_SKIP_VALIDATE_HOST_REQUIREMENTS` env variable is set.

[11/27] [firefox] › src/applications/forms/forms.component.spec.ts:1234:1 › external structure discard clears entered directory before route remount
[12/27] [firefox] › src/applications/forms/forms.component.spec.ts:1247:1 › external preflight discard cancels PUT while route unmount is delayed
[13/27] [firefox] › src/applications/forms/forms.component.spec.ts:1266:1 › external leave retains an already sent unknown Save and its original key
[14/27] [firefox] › src/applications/forms/forms.component.spec.ts:1286:1 › external leave during sent PUT retains the packet until a same-actor result lookup
[15/27] [firefox] › src/applications/forms/forms.component.spec.ts:1317:1 › external structure leave keeps an unknown directory operation and entered name
[16/27] [firefox] › src/applications/forms/forms.component.spec.ts:1335:1 › StrictMode old same-scope unsubscribe cannot clear the current controller
[17/27] [firefox] › src/applications/forms/forms.component.spec.ts:1344:1 › external leave rejects a decision made before draft becomes preflight
[18/27] [firefox] › src/applications/forms/forms.component.spec.ts:1365:1 › external leave rejects a stale confirmation after draft content changes
(node:122295) Warning: The 'NO_COLOR' env is ignored due to the 'FORCE_COLOR' env being set.
(Use `node --trace-warnings ...` to show where the warning was created)


[19/27] [webkit] › src/applications/forms/forms.component.spec.ts:1220:1 › external designer discard clears the scoped draft before delayed unmount
[webkit] › src/applications/forms/forms.component.spec.ts:1220:1 › external designer discard clears the scoped draft before delayed unmount
Skipping host requirements validation logic because `PLAYWRIGHT_SKIP_VALIDATE_HOST_REQUIREMENTS` env variable is set.

[20/27] [webkit] › src/applications/forms/forms.component.spec.ts:1234:1 › external structure discard clears entered directory before route remount
[21/27] [webkit] › src/applications/forms/forms.component.spec.ts:1247:1 › external preflight discard cancels PUT while route unmount is delayed
[22/27] [webkit] › src/applications/forms/forms.component.spec.ts:1266:1 › external leave retains an already sent unknown Save and its original key
[23/27] [webkit] › src/applications/forms/forms.component.spec.ts:1286:1 › external leave during sent PUT retains the packet until a same-actor result lookup
[24/27] [webkit] › src/applications/forms/forms.component.spec.ts:1317:1 › external structure leave keeps an unknown directory operation and entered name
[25/27] [webkit] › src/applications/forms/forms.component.spec.ts:1335:1 › StrictMode old same-scope unsubscribe cannot clear the current controller
[26/27] [webkit] › src/applications/forms/forms.component.spec.ts:1344:1 › external leave rejects a decision made before draft becomes preflight
[27/27] [webkit] › src/applications/forms/forms.component.spec.ts:1365:1 › external leave rejects a stale confirmation after draft content changes
  27 passed (21.8s)
