[WebServer] (node:130736) Warning: The 'NO_COLOR' env is ignored due to the 'FORCE_COLOR' env being set.
[WebServer] (Use `node --trace-warnings ...` to show where the warning was created)

[WebServer] (node:130750) Warning: The 'NO_COLOR' env is ignored due to the 'FORCE_COLOR' env being set.
[WebServer] (Use `node --trace-warnings ...` to show where the warning was created)


Running 234 tests using 1 worker

(node:130779) Warning: The 'NO_COLOR' env is ignored due to the 'FORCE_COLOR' env being set.
(Use `node --trace-warnings ...` to show where the warning was created)


[1/234] [chromium] › src/applications/forms/forms.component.spec.ts:112:1 › original designer shows three panels and keyboard-added draft can preview without a write
[chromium] › src/applications/forms/forms.component.spec.ts:112:1 › original designer shows three panels and keyboard-added draft can preview without a write
Skipping host requirements validation logic because `PLAYWRIGHT_SKIP_VALIDATE_HOST_REQUIREMENTS` env variable is set.

[2/234] [chromium] › src/applications/forms/forms.component.spec.ts:129:1 › save preflights and commits with both versions and stable IDs only after server success
[3/234] [chromium] › src/applications/forms/forms.component.spec.ts:144:1 › lost save response keeps the original operation and draft until recovery confirms it
[4/234] [chromium] › src/applications/forms/forms.component.spec.ts:160:1 › directory creation and new form creation use coherent structure and one atomic form POST
[5/234] [chromium] › src/applications/forms/forms.component.spec.ts:182:1 › impact dialog requires a live confirmation token before a schema write
[6/234] [chromium] › src/applications/forms/forms.component.spec.ts:199:1 › blocked dependencies show the affected resource and prevent PUT
[7/234] [chromium] › src/applications/forms/forms.component.spec.ts:215:1 › used option deletion maps old option IDs before renewed preflight and confirmed Save
[8/234] [chromium] › src/applications/forms/forms.component.spec.ts:250:1 › late preflight for an old view cannot open impact or write into the newly selected view
[9/234] [chromium] › src/applications/forms/forms.component.spec.ts:280:1 › keyboard can move an existing field into a group with the same ordered 12-column layout
[10/234] [chromium] › src/applications/forms/forms.component.spec.ts:296:1 › permission revoked during Save masks the retained draft until access is reverified
[11/234] [chromium] › src/applications/forms/forms.component.spec.ts:314:1 › system fields stay read-only and each inserted node references a distinct server-defined code
[12/234] [chromium] › src/applications/forms/forms.component.spec.ts:328:1 › destructive preflight waits for explicit confirmation and sends its exact token
[13/234] [chromium] › src/applications/forms/forms.component.spec.ts:347:1 › dirty exit and CAS conflict require an explicit decision while preserving the draft
[14/234] [chromium] › src/applications/forms/forms.component.spec.ts:372:1 › structure CAS conflict keeps the entered name and offers an explicit latest-version reload
[15/234] [chromium] › src/applications/forms/forms.component.spec.ts:392:1 › structure write permission revocation masks retained input until access is reverified
[16/234] [chromium] › src/applications/forms/forms.component.spec.ts:407:1 › late directory create for an old app cannot replace the selected app tree
[17/234] [chromium] › src/applications/forms/forms.component.spec.ts:439:1 › empty structure explains the next action to keyboard and screen reader users
[18/234] [chromium] › src/applications/forms/forms.component.spec.ts:447:1 › removing an optional selected default option clears the invalid default before Save
[19/234] [chromium] › src/applications/forms/forms.component.spec.ts:466:1 › decimal controls keep exact text and signed rounding places on the definition wire
[20/234] [chromium] › src/applications/forms/forms.component.spec.ts:483:1 › preview dialog restores trigger focus after fast close and under reduced motion
[21/234] [chromium] › src/applications/forms/forms.component.spec.ts:499:1 › existing-table form source creates another view without creating a table
[22/234] [chromium] › src/applications/forms/forms.component.spec.ts:516:1 › directory rename and same-app move use current structure CAS while descendants are excluded
[23/234] [chromium] › src/applications/forms/forms.component.spec.ts:546:1 › palette drag into a group preserves the chosen drop parent in saved layout
[24/234] [chromium] › src/applications/forms/forms.component.spec.ts:560:1 › new view beside a selected form inherits its directory
[25/234] [chromium] › src/applications/forms/forms.component.spec.ts:569:1 › existing member default remains visible and can be cleared without a candidate source
[26/234] [chromium] › src/applications/forms/forms.component.spec.ts:586:1 › text empty-string default and boolean unset false true remain distinct on Save
[27/234] [chromium] › src/applications/forms/forms.component.spec.ts:605:1 › no-op Save with unknown result blocks exit even when definition is not dirty
[28/234] [chromium] › src/applications/forms/forms.component.spec.ts:620:1 › A to B to A navigation ignores a late first-generation preflight
[29/234] [chromium] › src/applications/forms/forms.component.spec.ts:644:1 › definition requests bind verified actor and B cannot replay A unknown Save
[30/234] [chromium] › src/applications/forms/forms.component.spec.ts:665:1 › 401 and actor mismatch are handed to Shell without losing the designer draft
[31/234] [chromium] › src/applications/forms/forms.component.spec.ts:687:1 › structure unknown operation stays with A through an actor switch
[32/234] [chromium] › src/applications/forms/forms.component.spec.ts:702:1 › dialog returns focus to its source after quick reverse and reopens
[33/234] [chromium] › src/applications/forms/forms.component.spec.ts:715:1 › dialog closes immediately when reduced motion is requested
[34/234] [chromium] › src/applications/forms/forms.component.spec.ts:723:1 › owner member default picker searches, pages and saves the selected stable ID
[35/234] [chromium] › src/applications/forms/forms.component.spec.ts:748:1 › owner department default picker displays hierarchy candidate and saves ID
[36/234] [chromium] › src/applications/forms/forms.component.spec.ts:762:1 › second view can place an existing table field without creating another field ID
[37/234] [chromium] › src/applications/forms/forms.component.spec.ts:777:1 › removing a group leaves its table field available to place again
[38/234] [chromium] › src/applications/forms/forms.component.spec.ts:795:1 › preview explicit null selection does not bounce back to the configured default
[39/234] [chromium] › src/applications/forms/forms.component.spec.ts:809:1 › malformed successful structure receipt remains unconfirmed with the original operation
[40/234] [chromium] › src/applications/forms/forms.component.spec.ts:822:1 › malformed successful definition receipt does not erase draft or issue a new key
[41/234] [chromium] › src/applications/forms/forms.component.spec.ts:837:1 › null JSON success envelope retains the original Save for recovery
[42/234] [chromium] › src/applications/forms/forms.component.spec.ts:852:1 › server failure after a Save request keeps its operation until verified
[43/234] [chromium] › src/applications/forms/forms.component.spec.ts:867:1 › server failure after a directory request keeps its name and operation
[44/234] [chromium] › src/applications/forms/forms.component.spec.ts:881:1 › StrictMode designer boots after effect setup cleanup setup and repeated component mounting
[45/234] [chromium] › src/applications/forms/forms.component.spec.ts:890:1 › StrictMode structure boots after effect setup cleanup setup and repeated component mounting
[46/234] [chromium] › src/applications/forms/forms.component.spec.ts:899:1 › StrictMode designer ignores a late first setup response after the replayed setup
[47/234] [chromium] › src/applications/forms/forms.component.spec.ts:924:1 › StrictMode structure ignores a late first setup response after the replayed setup
[48/234] [chromium] › src/applications/forms/forms.component.spec.ts:949:1 › cached designer draft is masked when return GET is forbidden
[49/234] [chromium] › src/applications/forms/forms.component.spec.ts:966:1 › StrictMode auth-route unmount and same actor return reverify before restoring input
[50/234] [chromium] › src/applications/forms/forms.component.spec.ts:984:1 › cached designer masks on auth version rejection and same actor reauth restores draft
[51/234] [chromium] › src/applications/forms/forms.component.spec.ts:1002:1 › cached designer masks a changed actor guard before showing any old field
[52/234] [chromium] › src/applications/forms/forms.component.spec.ts:1022:1 › cached designer masks server GET failure then preserves draft after retry
[53/234] [chromium] › src/applications/forms/forms.component.spec.ts:1039:1 › revalidated newer definition warns and keeps dirty versions without rebasing
[54/234] [chromium] › src/applications/forms/forms.component.spec.ts:1062:1 › cached structure dialog is masked after permission revocation
[55/234] [chromium] › src/applications/forms/forms.component.spec.ts:1076:1 › revalidated newer structure retains original name and CAS version
[56/234] [chromium] › src/applications/forms/forms.component.spec.ts:1099:3 › unknown Save retry 401 retains original operation for later confirmation
[57/234] [chromium] › src/applications/forms/forms.component.spec.ts:1099:3 › unknown Save retry 403 retains original operation for later confirmation
[58/234] [chromium] › src/applications/forms/forms.component.spec.ts:1099:3 › unknown Save retry 409 retains original operation for later confirmation
[59/234] [chromium] › src/applications/forms/forms.component.spec.ts:1128:1 › StrictMode guard clears on unmount while retaining an unknown Save packet
[60/234] [chromium] › src/applications/forms/forms.component.spec.ts:1145:1 › StrictMode structure guard clears on unmount while retaining the unknown operation
[61/234] [chromium] › src/applications/forms/forms.component.spec.ts:1160:1 › unknown structure retry denial retains original directory request after revalidation
[62/234] [chromium] › src/applications/forms/forms.component.spec.ts:1179:1 › slow preflight is abandoned on Back before PUT and guard teardown is explicit
[63/234] [chromium] › src/applications/forms/forms.component.spec.ts:1198:1 › discard cancels a gated preflight even when onBack is absent and the designer stays mounted
[64/234] [chromium] › src/applications/forms/forms.component.spec.ts:1220:1 › external designer discard clears the scoped draft before delayed unmount
[65/234] [chromium] › src/applications/forms/forms.component.spec.ts:1234:1 › external structure discard clears entered directory before route remount
[66/234] [chromium] › src/applications/forms/forms.component.spec.ts:1247:1 › external preflight discard cancels PUT while route unmount is delayed
[67/234] [chromium] › src/applications/forms/forms.component.spec.ts:1266:1 › external leave retains an already sent unknown Save and its original key
[68/234] [chromium] › src/applications/forms/forms.component.spec.ts:1286:1 › external leave during sent PUT retains the packet until a same-actor result lookup
[69/234] [chromium] › src/applications/forms/forms.component.spec.ts:1317:1 › external structure leave keeps an unknown directory operation and entered name
[70/234] [chromium] › src/applications/forms/forms.component.spec.ts:1336:1 › StrictMode old same-scope unsubscribe cannot clear the current controller
[71/234] [chromium] › src/applications/forms/forms.component.spec.ts:1345:1 › external leave rejects a decision made before draft becomes preflight
[72/234] [chromium] › src/applications/forms/forms.component.spec.ts:1366:1 › external leave rejects a stale confirmation after draft content changes
[73/234] [chromium] › src/applications/forms/forms.component.spec.ts:1380:1 › explicit discard removes an ordinary draft while an unknown packet is never discarded implicitly
[74/234] [chromium] › src/applications/forms/forms.component.spec.ts:1392:1 › datetime to non-datetime conversion clears timezone in preflight DTO
[75/234] [chromium] › src/applications/forms/forms.component.spec.ts:1407:1 › existing text field can request a guarded number type conversion
[76/234] [chromium] › src/applications/forms/forms.component.spec.ts:1422:1 › designer canvas renders the actual field control in a nonediting design state
[77/234] [chromium] › src/applications/forms/forms.component.spec.ts:1433:1 › changing an option mapping after successful preflight invalidates its token and pending packet
[78/234] [chromium] › src/applications/forms/forms.component.spec.ts:1465:1 › expired confirmation token asks for another preflight instead of silently ignoring click
(node:131857) Warning: The 'NO_COLOR' env is ignored due to the 'FORCE_COLOR' env being set.
(Use `node --trace-warnings ...` to show where the warning was created)


[79/234] [firefox] › src/applications/forms/forms.component.spec.ts:112:1 › original designer shows three panels and keyboard-added draft can preview without a write
[firefox] › src/applications/forms/forms.component.spec.ts:112:1 › original designer shows three panels and keyboard-added draft can preview without a write
Skipping host requirements validation logic because `PLAYWRIGHT_SKIP_VALIDATE_HOST_REQUIREMENTS` env variable is set.

[80/234] [firefox] › src/applications/forms/forms.component.spec.ts:129:1 › save preflights and commits with both versions and stable IDs only after server success
[81/234] [firefox] › src/applications/forms/forms.component.spec.ts:144:1 › lost save response keeps the original operation and draft until recovery confirms it
[82/234] [firefox] › src/applications/forms/forms.component.spec.ts:160:1 › directory creation and new form creation use coherent structure and one atomic form POST
[83/234] [firefox] › src/applications/forms/forms.component.spec.ts:182:1 › impact dialog requires a live confirmation token before a schema write
[84/234] [firefox] › src/applications/forms/forms.component.spec.ts:199:1 › blocked dependencies show the affected resource and prevent PUT
[85/234] [firefox] › src/applications/forms/forms.component.spec.ts:215:1 › used option deletion maps old option IDs before renewed preflight and confirmed Save
[86/234] [firefox] › src/applications/forms/forms.component.spec.ts:250:1 › late preflight for an old view cannot open impact or write into the newly selected view
[87/234] [firefox] › src/applications/forms/forms.component.spec.ts:280:1 › keyboard can move an existing field into a group with the same ordered 12-column layout
[88/234] [firefox] › src/applications/forms/forms.component.spec.ts:296:1 › permission revoked during Save masks the retained draft until access is reverified
[89/234] [firefox] › src/applications/forms/forms.component.spec.ts:314:1 › system fields stay read-only and each inserted node references a distinct server-defined code
[90/234] [firefox] › src/applications/forms/forms.component.spec.ts:328:1 › destructive preflight waits for explicit confirmation and sends its exact token
[91/234] [firefox] › src/applications/forms/forms.component.spec.ts:347:1 › dirty exit and CAS conflict require an explicit decision while preserving the draft
[92/234] [firefox] › src/applications/forms/forms.component.spec.ts:372:1 › structure CAS conflict keeps the entered name and offers an explicit latest-version reload
[93/234] [firefox] › src/applications/forms/forms.component.spec.ts:392:1 › structure write permission revocation masks retained input until access is reverified
[94/234] [firefox] › src/applications/forms/forms.component.spec.ts:407:1 › late directory create for an old app cannot replace the selected app tree
[95/234] [firefox] › src/applications/forms/forms.component.spec.ts:439:1 › empty structure explains the next action to keyboard and screen reader users
[96/234] [firefox] › src/applications/forms/forms.component.spec.ts:447:1 › removing an optional selected default option clears the invalid default before Save
[97/234] [firefox] › src/applications/forms/forms.component.spec.ts:466:1 › decimal controls keep exact text and signed rounding places on the definition wire
[98/234] [firefox] › src/applications/forms/forms.component.spec.ts:483:1 › preview dialog restores trigger focus after fast close and under reduced motion
[99/234] [firefox] › src/applications/forms/forms.component.spec.ts:499:1 › existing-table form source creates another view without creating a table
[100/234] [firefox] › src/applications/forms/forms.component.spec.ts:516:1 › directory rename and same-app move use current structure CAS while descendants are excluded
[101/234] [firefox] › src/applications/forms/forms.component.spec.ts:546:1 › palette drag into a group preserves the chosen drop parent in saved layout
[102/234] [firefox] › src/applications/forms/forms.component.spec.ts:560:1 › new view beside a selected form inherits its directory
[103/234] [firefox] › src/applications/forms/forms.component.spec.ts:569:1 › existing member default remains visible and can be cleared without a candidate source
[104/234] [firefox] › src/applications/forms/forms.component.spec.ts:586:1 › text empty-string default and boolean unset false true remain distinct on Save
[105/234] [firefox] › src/applications/forms/forms.component.spec.ts:605:1 › no-op Save with unknown result blocks exit even when definition is not dirty
[106/234] [firefox] › src/applications/forms/forms.component.spec.ts:620:1 › A to B to A navigation ignores a late first-generation preflight
[107/234] [firefox] › src/applications/forms/forms.component.spec.ts:644:1 › definition requests bind verified actor and B cannot replay A unknown Save
[108/234] [firefox] › src/applications/forms/forms.component.spec.ts:665:1 › 401 and actor mismatch are handed to Shell without losing the designer draft
[109/234] [firefox] › src/applications/forms/forms.component.spec.ts:687:1 › structure unknown operation stays with A through an actor switch
[110/234] [firefox] › src/applications/forms/forms.component.spec.ts:702:1 › dialog returns focus to its source after quick reverse and reopens
[111/234] [firefox] › src/applications/forms/forms.component.spec.ts:715:1 › dialog closes immediately when reduced motion is requested
[112/234] [firefox] › src/applications/forms/forms.component.spec.ts:723:1 › owner member default picker searches, pages and saves the selected stable ID
[113/234] [firefox] › src/applications/forms/forms.component.spec.ts:748:1 › owner department default picker displays hierarchy candidate and saves ID
[114/234] [firefox] › src/applications/forms/forms.component.spec.ts:762:1 › second view can place an existing table field without creating another field ID
[115/234] [firefox] › src/applications/forms/forms.component.spec.ts:777:1 › removing a group leaves its table field available to place again
[116/234] [firefox] › src/applications/forms/forms.component.spec.ts:795:1 › preview explicit null selection does not bounce back to the configured default
[117/234] [firefox] › src/applications/forms/forms.component.spec.ts:809:1 › malformed successful structure receipt remains unconfirmed with the original operation
[118/234] [firefox] › src/applications/forms/forms.component.spec.ts:822:1 › malformed successful definition receipt does not erase draft or issue a new key
[119/234] [firefox] › src/applications/forms/forms.component.spec.ts:837:1 › null JSON success envelope retains the original Save for recovery
[120/234] [firefox] › src/applications/forms/forms.component.spec.ts:852:1 › server failure after a Save request keeps its operation until verified
[121/234] [firefox] › src/applications/forms/forms.component.spec.ts:867:1 › server failure after a directory request keeps its name and operation
[122/234] [firefox] › src/applications/forms/forms.component.spec.ts:881:1 › StrictMode designer boots after effect setup cleanup setup and repeated component mounting
[123/234] [firefox] › src/applications/forms/forms.component.spec.ts:890:1 › StrictMode structure boots after effect setup cleanup setup and repeated component mounting
[124/234] [firefox] › src/applications/forms/forms.component.spec.ts:899:1 › StrictMode designer ignores a late first setup response after the replayed setup
[125/234] [firefox] › src/applications/forms/forms.component.spec.ts:924:1 › StrictMode structure ignores a late first setup response after the replayed setup
[126/234] [firefox] › src/applications/forms/forms.component.spec.ts:949:1 › cached designer draft is masked when return GET is forbidden
[127/234] [firefox] › src/applications/forms/forms.component.spec.ts:966:1 › StrictMode auth-route unmount and same actor return reverify before restoring input
[128/234] [firefox] › src/applications/forms/forms.component.spec.ts:984:1 › cached designer masks on auth version rejection and same actor reauth restores draft
[129/234] [firefox] › src/applications/forms/forms.component.spec.ts:1002:1 › cached designer masks a changed actor guard before showing any old field
[130/234] [firefox] › src/applications/forms/forms.component.spec.ts:1022:1 › cached designer masks server GET failure then preserves draft after retry
[131/234] [firefox] › src/applications/forms/forms.component.spec.ts:1039:1 › revalidated newer definition warns and keeps dirty versions without rebasing
[132/234] [firefox] › src/applications/forms/forms.component.spec.ts:1062:1 › cached structure dialog is masked after permission revocation
[133/234] [firefox] › src/applications/forms/forms.component.spec.ts:1076:1 › revalidated newer structure retains original name and CAS version
[134/234] [firefox] › src/applications/forms/forms.component.spec.ts:1099:3 › unknown Save retry 401 retains original operation for later confirmation
[135/234] [firefox] › src/applications/forms/forms.component.spec.ts:1099:3 › unknown Save retry 403 retains original operation for later confirmation
[136/234] [firefox] › src/applications/forms/forms.component.spec.ts:1099:3 › unknown Save retry 409 retains original operation for later confirmation
[137/234] [firefox] › src/applications/forms/forms.component.spec.ts:1128:1 › StrictMode guard clears on unmount while retaining an unknown Save packet
[138/234] [firefox] › src/applications/forms/forms.component.spec.ts:1145:1 › StrictMode structure guard clears on unmount while retaining the unknown operation
[139/234] [firefox] › src/applications/forms/forms.component.spec.ts:1160:1 › unknown structure retry denial retains original directory request after revalidation
[140/234] [firefox] › src/applications/forms/forms.component.spec.ts:1179:1 › slow preflight is abandoned on Back before PUT and guard teardown is explicit
[141/234] [firefox] › src/applications/forms/forms.component.spec.ts:1198:1 › discard cancels a gated preflight even when onBack is absent and the designer stays mounted
[142/234] [firefox] › src/applications/forms/forms.component.spec.ts:1220:1 › external designer discard clears the scoped draft before delayed unmount
[143/234] [firefox] › src/applications/forms/forms.component.spec.ts:1234:1 › external structure discard clears entered directory before route remount
[144/234] [firefox] › src/applications/forms/forms.component.spec.ts:1247:1 › external preflight discard cancels PUT while route unmount is delayed
[145/234] [firefox] › src/applications/forms/forms.component.spec.ts:1266:1 › external leave retains an already sent unknown Save and its original key
[146/234] [firefox] › src/applications/forms/forms.component.spec.ts:1286:1 › external leave during sent PUT retains the packet until a same-actor result lookup
[147/234] [firefox] › src/applications/forms/forms.component.spec.ts:1317:1 › external structure leave keeps an unknown directory operation and entered name
[148/234] [firefox] › src/applications/forms/forms.component.spec.ts:1336:1 › StrictMode old same-scope unsubscribe cannot clear the current controller
[149/234] [firefox] › src/applications/forms/forms.component.spec.ts:1345:1 › external leave rejects a decision made before draft becomes preflight
[150/234] [firefox] › src/applications/forms/forms.component.spec.ts:1366:1 › external leave rejects a stale confirmation after draft content changes
[151/234] [firefox] › src/applications/forms/forms.component.spec.ts:1380:1 › explicit discard removes an ordinary draft while an unknown packet is never discarded implicitly
[152/234] [firefox] › src/applications/forms/forms.component.spec.ts:1392:1 › datetime to non-datetime conversion clears timezone in preflight DTO
[153/234] [firefox] › src/applications/forms/forms.component.spec.ts:1407:1 › existing text field can request a guarded number type conversion
[154/234] [firefox] › src/applications/forms/forms.component.spec.ts:1422:1 › designer canvas renders the actual field control in a nonediting design state
[155/234] [firefox] › src/applications/forms/forms.component.spec.ts:1433:1 › changing an option mapping after successful preflight invalidates its token and pending packet
[156/234] [firefox] › src/applications/forms/forms.component.spec.ts:1465:1 › expired confirmation token asks for another preflight instead of silently ignoring click
(node:134003) Warning: The 'NO_COLOR' env is ignored due to the 'FORCE_COLOR' env being set.
(Use `node --trace-warnings ...` to show where the warning was created)


[157/234] [webkit] › src/applications/forms/forms.component.spec.ts:112:1 › original designer shows three panels and keyboard-added draft can preview without a write
[webkit] › src/applications/forms/forms.component.spec.ts:112:1 › original designer shows three panels and keyboard-added draft can preview without a write
Skipping host requirements validation logic because `PLAYWRIGHT_SKIP_VALIDATE_HOST_REQUIREMENTS` env variable is set.

[158/234] [webkit] › src/applications/forms/forms.component.spec.ts:129:1 › save preflights and commits with both versions and stable IDs only after server success
[159/234] [webkit] › src/applications/forms/forms.component.spec.ts:144:1 › lost save response keeps the original operation and draft until recovery confirms it
[160/234] [webkit] › src/applications/forms/forms.component.spec.ts:160:1 › directory creation and new form creation use coherent structure and one atomic form POST
[161/234] [webkit] › src/applications/forms/forms.component.spec.ts:182:1 › impact dialog requires a live confirmation token before a schema write
[162/234] [webkit] › src/applications/forms/forms.component.spec.ts:199:1 › blocked dependencies show the affected resource and prevent PUT
[163/234] [webkit] › src/applications/forms/forms.component.spec.ts:215:1 › used option deletion maps old option IDs before renewed preflight and confirmed Save
[164/234] [webkit] › src/applications/forms/forms.component.spec.ts:250:1 › late preflight for an old view cannot open impact or write into the newly selected view
[165/234] [webkit] › src/applications/forms/forms.component.spec.ts:280:1 › keyboard can move an existing field into a group with the same ordered 12-column layout
[166/234] [webkit] › src/applications/forms/forms.component.spec.ts:296:1 › permission revoked during Save masks the retained draft until access is reverified
[167/234] [webkit] › src/applications/forms/forms.component.spec.ts:314:1 › system fields stay read-only and each inserted node references a distinct server-defined code
[168/234] [webkit] › src/applications/forms/forms.component.spec.ts:328:1 › destructive preflight waits for explicit confirmation and sends its exact token
[169/234] [webkit] › src/applications/forms/forms.component.spec.ts:347:1 › dirty exit and CAS conflict require an explicit decision while preserving the draft
[170/234] [webkit] › src/applications/forms/forms.component.spec.ts:372:1 › structure CAS conflict keeps the entered name and offers an explicit latest-version reload
[171/234] [webkit] › src/applications/forms/forms.component.spec.ts:392:1 › structure write permission revocation masks retained input until access is reverified
[172/234] [webkit] › src/applications/forms/forms.component.spec.ts:407:1 › late directory create for an old app cannot replace the selected app tree
[173/234] [webkit] › src/applications/forms/forms.component.spec.ts:439:1 › empty structure explains the next action to keyboard and screen reader users
[174/234] [webkit] › src/applications/forms/forms.component.spec.ts:447:1 › removing an optional selected default option clears the invalid default before Save
[175/234] [webkit] › src/applications/forms/forms.component.spec.ts:466:1 › decimal controls keep exact text and signed rounding places on the definition wire
[176/234] [webkit] › src/applications/forms/forms.component.spec.ts:483:1 › preview dialog restores trigger focus after fast close and under reduced motion
[177/234] [webkit] › src/applications/forms/forms.component.spec.ts:499:1 › existing-table form source creates another view without creating a table
[178/234] [webkit] › src/applications/forms/forms.component.spec.ts:516:1 › directory rename and same-app move use current structure CAS while descendants are excluded
[179/234] [webkit] › src/applications/forms/forms.component.spec.ts:546:1 › palette drag into a group preserves the chosen drop parent in saved layout
[180/234] [webkit] › src/applications/forms/forms.component.spec.ts:560:1 › new view beside a selected form inherits its directory
[181/234] [webkit] › src/applications/forms/forms.component.spec.ts:569:1 › existing member default remains visible and can be cleared without a candidate source
[182/234] [webkit] › src/applications/forms/forms.component.spec.ts:586:1 › text empty-string default and boolean unset false true remain distinct on Save
[183/234] [webkit] › src/applications/forms/forms.component.spec.ts:605:1 › no-op Save with unknown result blocks exit even when definition is not dirty
[184/234] [webkit] › src/applications/forms/forms.component.spec.ts:620:1 › A to B to A navigation ignores a late first-generation preflight
[185/234] [webkit] › src/applications/forms/forms.component.spec.ts:644:1 › definition requests bind verified actor and B cannot replay A unknown Save
[186/234] [webkit] › src/applications/forms/forms.component.spec.ts:665:1 › 401 and actor mismatch are handed to Shell without losing the designer draft
[187/234] [webkit] › src/applications/forms/forms.component.spec.ts:687:1 › structure unknown operation stays with A through an actor switch
[188/234] [webkit] › src/applications/forms/forms.component.spec.ts:702:1 › dialog returns focus to its source after quick reverse and reopens
[189/234] [webkit] › src/applications/forms/forms.component.spec.ts:715:1 › dialog closes immediately when reduced motion is requested
[190/234] [webkit] › src/applications/forms/forms.component.spec.ts:723:1 › owner member default picker searches, pages and saves the selected stable ID
[191/234] [webkit] › src/applications/forms/forms.component.spec.ts:748:1 › owner department default picker displays hierarchy candidate and saves ID
[192/234] [webkit] › src/applications/forms/forms.component.spec.ts:762:1 › second view can place an existing table field without creating another field ID
[193/234] [webkit] › src/applications/forms/forms.component.spec.ts:777:1 › removing a group leaves its table field available to place again
[194/234] [webkit] › src/applications/forms/forms.component.spec.ts:795:1 › preview explicit null selection does not bounce back to the configured default
[195/234] [webkit] › src/applications/forms/forms.component.spec.ts:809:1 › malformed successful structure receipt remains unconfirmed with the original operation
[196/234] [webkit] › src/applications/forms/forms.component.spec.ts:822:1 › malformed successful definition receipt does not erase draft or issue a new key
[197/234] [webkit] › src/applications/forms/forms.component.spec.ts:837:1 › null JSON success envelope retains the original Save for recovery
[198/234] [webkit] › src/applications/forms/forms.component.spec.ts:852:1 › server failure after a Save request keeps its operation until verified
[199/234] [webkit] › src/applications/forms/forms.component.spec.ts:867:1 › server failure after a directory request keeps its name and operation
[200/234] [webkit] › src/applications/forms/forms.component.spec.ts:881:1 › StrictMode designer boots after effect setup cleanup setup and repeated component mounting
[201/234] [webkit] › src/applications/forms/forms.component.spec.ts:890:1 › StrictMode structure boots after effect setup cleanup setup and repeated component mounting
[202/234] [webkit] › src/applications/forms/forms.component.spec.ts:899:1 › StrictMode designer ignores a late first setup response after the replayed setup
[203/234] [webkit] › src/applications/forms/forms.component.spec.ts:924:1 › StrictMode structure ignores a late first setup response after the replayed setup
[204/234] [webkit] › src/applications/forms/forms.component.spec.ts:949:1 › cached designer draft is masked when return GET is forbidden
[205/234] [webkit] › src/applications/forms/forms.component.spec.ts:966:1 › StrictMode auth-route unmount and same actor return reverify before restoring input
[206/234] [webkit] › src/applications/forms/forms.component.spec.ts:984:1 › cached designer masks on auth version rejection and same actor reauth restores draft
[207/234] [webkit] › src/applications/forms/forms.component.spec.ts:1002:1 › cached designer masks a changed actor guard before showing any old field
[208/234] [webkit] › src/applications/forms/forms.component.spec.ts:1022:1 › cached designer masks server GET failure then preserves draft after retry
[209/234] [webkit] › src/applications/forms/forms.component.spec.ts:1039:1 › revalidated newer definition warns and keeps dirty versions without rebasing
[210/234] [webkit] › src/applications/forms/forms.component.spec.ts:1062:1 › cached structure dialog is masked after permission revocation
[211/234] [webkit] › src/applications/forms/forms.component.spec.ts:1076:1 › revalidated newer structure retains original name and CAS version
[212/234] [webkit] › src/applications/forms/forms.component.spec.ts:1099:3 › unknown Save retry 401 retains original operation for later confirmation
[213/234] [webkit] › src/applications/forms/forms.component.spec.ts:1099:3 › unknown Save retry 403 retains original operation for later confirmation
[214/234] [webkit] › src/applications/forms/forms.component.spec.ts:1099:3 › unknown Save retry 409 retains original operation for later confirmation
[215/234] [webkit] › src/applications/forms/forms.component.spec.ts:1128:1 › StrictMode guard clears on unmount while retaining an unknown Save packet
[216/234] [webkit] › src/applications/forms/forms.component.spec.ts:1145:1 › StrictMode structure guard clears on unmount while retaining the unknown operation
[217/234] [webkit] › src/applications/forms/forms.component.spec.ts:1160:1 › unknown structure retry denial retains original directory request after revalidation
[218/234] [webkit] › src/applications/forms/forms.component.spec.ts:1179:1 › slow preflight is abandoned on Back before PUT and guard teardown is explicit
[219/234] [webkit] › src/applications/forms/forms.component.spec.ts:1198:1 › discard cancels a gated preflight even when onBack is absent and the designer stays mounted
[220/234] [webkit] › src/applications/forms/forms.component.spec.ts:1220:1 › external designer discard clears the scoped draft before delayed unmount
[221/234] [webkit] › src/applications/forms/forms.component.spec.ts:1234:1 › external structure discard clears entered directory before route remount
[222/234] [webkit] › src/applications/forms/forms.component.spec.ts:1247:1 › external preflight discard cancels PUT while route unmount is delayed
[223/234] [webkit] › src/applications/forms/forms.component.spec.ts:1266:1 › external leave retains an already sent unknown Save and its original key
[224/234] [webkit] › src/applications/forms/forms.component.spec.ts:1286:1 › external leave during sent PUT retains the packet until a same-actor result lookup
[225/234] [webkit] › src/applications/forms/forms.component.spec.ts:1317:1 › external structure leave keeps an unknown directory operation and entered name
[226/234] [webkit] › src/applications/forms/forms.component.spec.ts:1336:1 › StrictMode old same-scope unsubscribe cannot clear the current controller
[227/234] [webkit] › src/applications/forms/forms.component.spec.ts:1345:1 › external leave rejects a decision made before draft becomes preflight
[228/234] [webkit] › src/applications/forms/forms.component.spec.ts:1366:1 › external leave rejects a stale confirmation after draft content changes
[229/234] [webkit] › src/applications/forms/forms.component.spec.ts:1380:1 › explicit discard removes an ordinary draft while an unknown packet is never discarded implicitly
[230/234] [webkit] › src/applications/forms/forms.component.spec.ts:1392:1 › datetime to non-datetime conversion clears timezone in preflight DTO
[231/234] [webkit] › src/applications/forms/forms.component.spec.ts:1407:1 › existing text field can request a guarded number type conversion
[232/234] [webkit] › src/applications/forms/forms.component.spec.ts:1422:1 › designer canvas renders the actual field control in a nonediting design state
[233/234] [webkit] › src/applications/forms/forms.component.spec.ts:1433:1 › changing an option mapping after successful preflight invalidates its token and pending packet
[234/234] [webkit] › src/applications/forms/forms.component.spec.ts:1465:1 › expired confirmation token asks for another preflight instead of silently ignoring click
  234 passed (3.2m)
