product	Migrations, HTTPS and real product acceptance	2026-10-03T14:50:50.3371149Z [28/372] [chromium] › src/applications/forms/forms.component.spec.ts:620:1 › A to B to A navigation ignores a late first-generation preflight
product	Migrations, HTTPS and real product acceptance	2026-10-03T14:50:55.7543105Z   1) [chromium] › src/applications/forms/forms.component.spec.ts:620:1 › A to B to A navigation ignores a late first-generation preflight 
product	Migrations, HTTPS and real product acceptance	2026-10-03T14:50:55.7543650Z 
product	Migrations, HTTPS and real product acceptance	2026-10-03T14:50:55.7543828Z     Error: expect(locator).toHaveCount(expected) failed
product	Migrations, HTTPS and real product acceptance	2026-10-03T14:50:55.7544033Z 
product	Migrations, HTTPS and real product acceptance	2026-10-03T14:50:55.7544335Z     Locator:  getByRole('dialog', { name: '保存预检：表单结构与布局' })
product	Migrations, HTTPS and real product acceptance	2026-10-03T14:50:55.7544625Z     Expected: 0
product	Migrations, HTTPS and real product acceptance	2026-10-03T14:50:55.7544851Z     Received: 1
product	Migrations, HTTPS and real product acceptance	2026-10-03T14:50:55.7545065Z     Timeout:  5000ms
product	Migrations, HTTPS and real product acceptance	2026-10-03T14:50:55.7545224Z 
product	Migrations, HTTPS and real product acceptance	2026-10-03T14:50:55.7545318Z     Call log:
product	Migrations, HTTPS and real product acceptance	2026-10-03T14:50:55.7545873Z       - Expect "toHaveCount" getByRole('dialog', { name: '保存预检：表单结构与布局' }) with timeout 5000ms
product	Migrations, HTTPS and real product acceptance	2026-10-03T14:50:55.7546556Z       - waiting for getByRole('dialog', { name: '保存预检：表单结构与布局' })
product	Migrations, HTTPS and real product acceptance	2026-10-03T14:50:55.7546996Z         14 × locator resolved to 1 element
product	Migrations, HTTPS and real product acceptance	2026-10-03T14:50:55.7547316Z            - unexpected value "1"
product	Migrations, HTTPS and real product acceptance	2026-10-03T14:50:55.7547500Z 
product	Migrations, HTTPS and real product acceptance	2026-10-03T14:50:55.7547505Z 
product	Migrations, HTTPS and real product acceptance	2026-10-03T14:50:55.7547865Z       638 |   await expect(page.getByRole('region',{name:'字段面板'})).toBeVisible();
product	Migrations, HTTPS and real product acceptance	2026-10-03T14:50:55.7548328Z       639 |   release();await page.waitForTimeout(100);
product	Migrations, HTTPS and real product acceptance	2026-10-03T14:50:55.7548819Z     > 640 |   await expect(page.getByRole('dialog',{name:'保存预检：表单结构与布局'})).toHaveCount(0);
product	Migrations, HTTPS and real product acceptance	2026-10-03T14:50:55.7549206Z           |                                                                ^
product	Migrations, HTTPS and real product acceptance	2026-10-03T14:50:55.7549755Z       641 |   expect(state.seen.filter(item=>item.method==='PUT')).toHaveLength(0);
product	Migrations, HTTPS and real product acceptance	2026-10-03T14:50:55.7550082Z       642 | });
product	Migrations, HTTPS and real product acceptance	2026-10-03T14:50:55.7550249Z       643 |
product	Migrations, HTTPS and real product acceptance	2026-10-03T14:50:55.7550565Z         at /repo/apps/web/src/applications/forms/forms.component.spec.ts:640:64
product	Migrations, HTTPS and real product acceptance	2026-10-03T14:50:55.7551271Z 
product	Migrations, HTTPS and real product acceptance	2026-10-03T14:50:55.7551674Z     Error Context: test-results/applications-forms-forms.c-edc34--first-generation-preflight-chromium/error-context.md
product	Migrations, HTTPS and real product acceptance	2026-10-03T14:50:55.7552082Z 
product	Migrations, HTTPS and real product acceptance	2026-10-03T14:50:55.7552086Z 
product	Migrations, HTTPS and real product acceptance	2026-10-03T14:50:56.0563516Z [29/372] [chromium] › src/applications/forms/forms.component.spec.ts:644:1 › definition requests bind verified actor and B cannot replay A unknown Save
product	Migrations, HTTPS and real product acceptance	2026-10-03T14:50:56.5836195Z [30/372] [chromium] › src/applications/forms/forms.component.spec.ts:665:1 › 401 and actor mismatch are handed to Shell without losing the designer draft
product	Migrations, HTTPS and real product acceptance	2026-10-03T14:50:57.0591587Z [31/372] [chromium] › src/applications/forms/forms.component.spec.ts:687:1 › structure unknown operation stays with A through an actor switch
product	Migrations, HTTPS and real product acceptance	2026-10-03T14:50:57.7176731Z [32/372] [chromium] › src/applications/forms/forms.component.spec.ts:702:1 › dialog returns focus to its source after quick reverse and reopens
product	Migrations, HTTPS and real product acceptance	2026-10-03T14:50:59.1211076Z [33/372] [chromium] › src/applications/forms/forms.component.spec.ts:715:1 › dialog closes immediately when reduced motion is requested
product	Migrations, HTTPS and real product acceptance	2026-10-03T14:50:59.3524030Z [34/372] [chromium] › src/applications/forms/forms.component.spec.ts:723:1 › owner member default picker searches, pages and saves the selected stable ID
product	Migrations, HTTPS and real product acceptance	2026-10-03T14:51:05.7859029Z [55/372] [chromium] › src/applications/forms/forms.component.spec.ts:1076:1 › revalidated newer structure retains original name and CAS version
product	Migrations, HTTPS and real product acceptance	2026-10-03T14:51:11.0347047Z   2) [chromium] › src/applications/forms/forms.component.spec.ts:1076:1 › revalidated newer structure retains original name and CAS version 
product	Migrations, HTTPS and real product acceptance	2026-10-03T14:51:11.0347603Z 
product	Migrations, HTTPS and real product acceptance	2026-10-03T14:51:11.0347773Z     Error: expect(locator).toContainText(expected) failed
product	Migrations, HTTPS and real product acceptance	2026-10-03T14:51:11.0348013Z 
product	Migrations, HTTPS and real product acceptance	2026-10-03T14:51:11.0348119Z     Locator: getByRole('alert')
product	Migrations, HTTPS and real product acceptance	2026-10-03T14:51:11.0348448Z     Expected substring: "目录版本已变化"
product	Migrations, HTTPS and real product acceptance	2026-10-03T14:51:11.0348655Z     Timeout: 5000ms
product	Migrations, HTTPS and real product acceptance	2026-10-03T14:51:11.0348852Z     Error: element(s) not found
product	Migrations, HTTPS and real product acceptance	2026-10-03T14:51:11.0348983Z 
product	Migrations, HTTPS and real product acceptance	2026-10-03T14:51:11.0349050Z     Call log:
product	Migrations, HTTPS and real product acceptance	2026-10-03T14:51:11.0349327Z       - Expect "toContainText" getByRole('alert') with timeout 5000ms
product	Migrations, HTTPS and real product acceptance	2026-10-03T14:51:11.0349796Z       - waiting for getByRole('alert')
product	Migrations, HTTPS and real product acceptance	2026-10-03T14:51:11.0349955Z 
product	Migrations, HTTPS and real product acceptance	2026-10-03T14:51:11.0349961Z 
product	Migrations, HTTPS and real product acceptance	2026-10-03T14:51:11.0350437Z       1084 |   await page.evaluate((id:string)=>(window as Window&{__formsHarnessSwitchApp?:(id:string)=>void}).__formsHarnessSwitchApp?.(id),appId);
product	Migrations, HTTPS and real product acceptance	2026-10-03T14:51:11.0351178Z       1085 |   await expect(page.getByLabel('目录名称')).toHaveValue('本地目录');
product	Migrations, HTTPS and real product acceptance	2026-10-03T14:51:11.0351671Z     > 1086 |   await expect(page.getByRole('alert')).toContainText('目录版本已变化');
product	Migrations, HTTPS and real product acceptance	2026-10-03T14:51:11.0352031Z            |                                         ^
product	Migrations, HTTPS and real product acceptance	2026-10-03T14:51:11.0352556Z       1087 |   let version:number|null=null;
product	Migrations, HTTPS and real product acceptance	2026-10-03T14:51:11.0353180Z       1088 |   await page.route('**/directories',route=>{version=(route.request().postDataJSON() as {expectedStructureVersion:number}).expectedStructureVersion;
product	Migrations, HTTPS and real product acceptance	2026-10-03T14:51:11.0354000Z       1089 |     return route.fulfill({status:409,json:{code:'APPLICATION_STRUCTURE_CONFLICT',message:'',data:null,meta:{}}});});
product	Migrations, HTTPS and real product acceptance	2026-10-03T14:51:11.0354569Z         at /repo/apps/web/src/applications/forms/forms.component.spec.ts:1086:41
