[WebServer] (node:86062) Warning: The 'NO_COLOR' env is ignored due to the 'FORCE_COLOR' env being set.
[WebServer] (Use `node --trace-warnings ...` to show where the warning was created)

[WebServer] (node:86076) Warning: The 'NO_COLOR' env is ignored due to the 'FORCE_COLOR' env being set.
[WebServer] (Use `node --trace-warnings ...` to show where the warning was created)


Running 18 tests using 1 worker

(node:86109) Warning: The 'NO_COLOR' env is ignored due to the 'FORCE_COLOR' env being set.
(Use `node --trace-warnings ...` to show where the warning was created)


[1/18] [chromium] › src/applications/forms/forms.component.spec.ts:1092:3 › unknown Save retry 401 retains original operation for later confirmation
[chromium] › src/applications/forms/forms.component.spec.ts:1092:3 › unknown Save retry 401 retains original operation for later confirmation
Skipping host requirements validation logic because `PLAYWRIGHT_SKIP_VALIDATE_HOST_REQUIREMENTS` env variable is set.

[2/18] [chromium] › src/applications/forms/forms.component.spec.ts:1092:3 › unknown Save retry 403 retains original operation for later confirmation
[3/18] [chromium] › src/applications/forms/forms.component.spec.ts:1092:3 › unknown Save retry 409 retains original operation for later confirmation
[4/18] [chromium] › src/applications/forms/forms.component.spec.ts:1121:1 › StrictMode guard clears on unmount while retaining an unknown Save packet
[5/18] [chromium] › src/applications/forms/forms.component.spec.ts:1172:1 › slow preflight is abandoned on Back before PUT and guard teardown is explicit
[6/18] [chromium] › src/applications/forms/forms.component.spec.ts:1191:1 › discard cancels a gated preflight even when onBack is absent and the designer stays mounted
(node:86238) Warning: The 'NO_COLOR' env is ignored due to the 'FORCE_COLOR' env being set.
(Use `node --trace-warnings ...` to show where the warning was created)


[7/18] [firefox] › src/applications/forms/forms.component.spec.ts:1092:3 › unknown Save retry 401 retains original operation for later confirmation
[firefox] › src/applications/forms/forms.component.spec.ts:1092:3 › unknown Save retry 401 retains original operation for later confirmation
Skipping host requirements validation logic because `PLAYWRIGHT_SKIP_VALIDATE_HOST_REQUIREMENTS` env variable is set.

[8/18] [firefox] › src/applications/forms/forms.component.spec.ts:1092:3 › unknown Save retry 403 retains original operation for later confirmation
[9/18] [firefox] › src/applications/forms/forms.component.spec.ts:1092:3 › unknown Save retry 409 retains original operation for later confirmation
[10/18] [firefox] › src/applications/forms/forms.component.spec.ts:1121:1 › StrictMode guard clears on unmount while retaining an unknown Save packet
[11/18] [firefox] › src/applications/forms/forms.component.spec.ts:1172:1 › slow preflight is abandoned on Back before PUT and guard teardown is explicit
[12/18] [firefox] › src/applications/forms/forms.component.spec.ts:1191:1 › discard cancels a gated preflight even when onBack is absent and the designer stays mounted
(node:86544) Warning: The 'NO_COLOR' env is ignored due to the 'FORCE_COLOR' env being set.
(Use `node --trace-warnings ...` to show where the warning was created)


[13/18] [webkit] › src/applications/forms/forms.component.spec.ts:1092:3 › unknown Save retry 401 retains original operation for later confirmation
[webkit] › src/applications/forms/forms.component.spec.ts:1092:3 › unknown Save retry 401 retains original operation for later confirmation
Skipping host requirements validation logic because `PLAYWRIGHT_SKIP_VALIDATE_HOST_REQUIREMENTS` env variable is set.

[14/18] [webkit] › src/applications/forms/forms.component.spec.ts:1092:3 › unknown Save retry 403 retains original operation for later confirmation
[15/18] [webkit] › src/applications/forms/forms.component.spec.ts:1092:3 › unknown Save retry 409 retains original operation for later confirmation
[16/18] [webkit] › src/applications/forms/forms.component.spec.ts:1121:1 › StrictMode guard clears on unmount while retaining an unknown Save packet
[17/18] [webkit] › src/applications/forms/forms.component.spec.ts:1172:1 › slow preflight is abandoned on Back before PUT and guard teardown is explicit
[18/18] [webkit] › src/applications/forms/forms.component.spec.ts:1191:1 › discard cancels a gated preflight even when onBack is absent and the designer stays mounted
  18 passed (21.0s)
