[WebServer] (node:49576) Warning: The 'NO_COLOR' env is ignored due to the 'FORCE_COLOR' env being set.
[WebServer] (Use `node --trace-warnings ...` to show where the warning was created)

[WebServer] (node:49601) Warning: The 'NO_COLOR' env is ignored due to the 'FORCE_COLOR' env being set.
[WebServer] (Use `node --trace-warnings ...` to show where the warning was created)


Running 9 tests using 1 worker

(node:49630) Warning: The 'NO_COLOR' env is ignored due to the 'FORCE_COLOR' env being set.
(Use `node --trace-warnings ...` to show where the warning was created)


[1/9] [chromium] › src/applications/forms/forms.real.spec.ts:34:1 › real API and PG18 persist created directory, atomic form, field layout and decimal config
[chromium] › src/applications/forms/forms.real.spec.ts:34:1 › real API and PG18 persist created directory, atomic form, field layout and decimal config
Skipping host requirements validation logic because `PLAYWRIGHT_SKIP_VALIDATE_HOST_REQUIREMENTS` env variable is set.

[2/9] [chromium] › src/applications/forms/forms.real.spec.ts:92:1 › real operation recovery confirms a committed directory after its response is lost
[3/9] [chromium] › src/applications/forms/forms.real.spec.ts:113:1 › real concurrent structure write returns CAS conflict without discarding entered name
(node:49736) Warning: The 'NO_COLOR' env is ignored due to the 'FORCE_COLOR' env being set.
(Use `node --trace-warnings ...` to show where the warning was created)


[4/9] [firefox] › src/applications/forms/forms.real.spec.ts:34:1 › real API and PG18 persist created directory, atomic form, field layout and decimal config
[firefox] › src/applications/forms/forms.real.spec.ts:34:1 › real API and PG18 persist created directory, atomic form, field layout and decimal config
Skipping host requirements validation logic because `PLAYWRIGHT_SKIP_VALIDATE_HOST_REQUIREMENTS` env variable is set.

[5/9] [firefox] › src/applications/forms/forms.real.spec.ts:92:1 › real operation recovery confirms a committed directory after its response is lost
[6/9] [firefox] › src/applications/forms/forms.real.spec.ts:113:1 › real concurrent structure write returns CAS conflict without discarding entered name
(node:49961) Warning: The 'NO_COLOR' env is ignored due to the 'FORCE_COLOR' env being set.
(Use `node --trace-warnings ...` to show where the warning was created)


[7/9] [webkit] › src/applications/forms/forms.real.spec.ts:34:1 › real API and PG18 persist created directory, atomic form, field layout and decimal config
[webkit] › src/applications/forms/forms.real.spec.ts:34:1 › real API and PG18 persist created directory, atomic form, field layout and decimal config
Skipping host requirements validation logic because `PLAYWRIGHT_SKIP_VALIDATE_HOST_REQUIREMENTS` env variable is set.

[8/9] [webkit] › src/applications/forms/forms.real.spec.ts:92:1 › real operation recovery confirms a committed directory after its response is lost
[9/9] [webkit] › src/applications/forms/forms.real.spec.ts:113:1 › real concurrent structure write returns CAS conflict without discarding entered name
  9 passed (19.8s)
