[WebServer] (node:69935) Warning: The 'NO_COLOR' env is ignored due to the 'FORCE_COLOR' env being set.
[WebServer] (Use `node --trace-warnings ...` to show where the warning was created)

[WebServer] (node:69949) Warning: The 'NO_COLOR' env is ignored due to the 'FORCE_COLOR' env being set.
[WebServer] (Use `node --trace-warnings ...` to show where the warning was created)


Running 12 tests using 1 worker

(node:69978) Warning: The 'NO_COLOR' env is ignored due to the 'FORCE_COLOR' env being set.
(Use `node --trace-warnings ...` to show where the warning was created)


[1/12] [chromium] › src/applications/forms/forms.real.spec.ts:37:1 › real API and PG18 persist created directory, atomic form, field layout and decimal config
[chromium] › src/applications/forms/forms.real.spec.ts:37:1 › real API and PG18 persist created directory, atomic form, field layout and decimal config
Skipping host requirements validation logic because `PLAYWRIGHT_SKIP_VALIDATE_HOST_REQUIREMENTS` env variable is set.

[2/12] [chromium] › src/applications/forms/forms.real.spec.ts:95:1 › real operation recovery confirms a committed directory after its response is lost
[3/12] [chromium] › src/applications/forms/forms.real.spec.ts:116:1 › real concurrent structure write returns CAS conflict without discarding entered name
[4/12] [chromium] › src/applications/forms/forms.real.spec.ts:135:1 › real V013 preflight accepts a datetime to text proposal with cleared display timezone
(node:70093) Warning: The 'NO_COLOR' env is ignored due to the 'FORCE_COLOR' env being set.
(Use `node --trace-warnings ...` to show where the warning was created)


[5/12] [firefox] › src/applications/forms/forms.real.spec.ts:37:1 › real API and PG18 persist created directory, atomic form, field layout and decimal config
[firefox] › src/applications/forms/forms.real.spec.ts:37:1 › real API and PG18 persist created directory, atomic form, field layout and decimal config
Skipping host requirements validation logic because `PLAYWRIGHT_SKIP_VALIDATE_HOST_REQUIREMENTS` env variable is set.

[6/12] [firefox] › src/applications/forms/forms.real.spec.ts:95:1 › real operation recovery confirms a committed directory after its response is lost
[7/12] [firefox] › src/applications/forms/forms.real.spec.ts:116:1 › real concurrent structure write returns CAS conflict without discarding entered name
[8/12] [firefox] › src/applications/forms/forms.real.spec.ts:135:1 › real V013 preflight accepts a datetime to text proposal with cleared display timezone
(node:70351) Warning: The 'NO_COLOR' env is ignored due to the 'FORCE_COLOR' env being set.
(Use `node --trace-warnings ...` to show where the warning was created)


[9/12] [webkit] › src/applications/forms/forms.real.spec.ts:37:1 › real API and PG18 persist created directory, atomic form, field layout and decimal config
[webkit] › src/applications/forms/forms.real.spec.ts:37:1 › real API and PG18 persist created directory, atomic form, field layout and decimal config
Skipping host requirements validation logic because `PLAYWRIGHT_SKIP_VALIDATE_HOST_REQUIREMENTS` env variable is set.

[10/12] [webkit] › src/applications/forms/forms.real.spec.ts:95:1 › real operation recovery confirms a committed directory after its response is lost
[11/12] [webkit] › src/applications/forms/forms.real.spec.ts:116:1 › real concurrent structure write returns CAS conflict without discarding entered name
[12/12] [webkit] › src/applications/forms/forms.real.spec.ts:135:1 › real V013 preflight accepts a datetime to text proposal with cleared display timezone
  12 passed (24.3s)
