[WebServer] (node:31247) Warning: The 'NO_COLOR' env is ignored due to the 'FORCE_COLOR' env being set.
[WebServer] (Use `node --trace-warnings ...` to show where the warning was created)
[WebServer] (node:31261) Warning: The 'NO_COLOR' env is ignored due to the 'FORCE_COLOR' env being set.
[WebServer] (Use `node --trace-warnings ...` to show where the warning was created)

Running 9 tests using 1 worker

(node:31290) Warning: The 'NO_COLOR' env is ignored due to the 'FORCE_COLOR' env being set.
(Use `node --trace-warnings ...` to show where the warning was created)
Skipping host requirements validation logic because `PLAYWRIGHT_SKIP_VALIDATE_HOST_REQUIREMENTS` env variable is set.
  ✓  1 [chromium] › src/applications/forms/forms.real.spec.ts:32:1 › real API and PG18 persist created directory, atomic form, field layout and decimal config (1.2s)
  ✓  2 [chromium] › src/applications/forms/forms.real.spec.ts:73:1 › real operation recovery confirms a committed directory after its response is lost (364ms)
  ✓  3 [chromium] › src/applications/forms/forms.real.spec.ts:88:1 › real concurrent structure write returns CAS conflict without discarding entered name (324ms)
(node:31391) Warning: The 'NO_COLOR' env is ignored due to the 'FORCE_COLOR' env being set.
(Use `node --trace-warnings ...` to show where the warning was created)
Skipping host requirements validation logic because `PLAYWRIGHT_SKIP_VALIDATE_HOST_REQUIREMENTS` env variable is set.
  ✓  4 [firefox] › src/applications/forms/forms.real.spec.ts:32:1 › real API and PG18 persist created directory, atomic form, field layout and decimal config (2.8s)
  ✓  5 [firefox] › src/applications/forms/forms.real.spec.ts:73:1 › real operation recovery confirms a committed directory after its response is lost (751ms)
  ✓  6 [firefox] › src/applications/forms/forms.real.spec.ts:88:1 › real concurrent structure write returns CAS conflict without discarding entered name (627ms)
(node:31623) Warning: The 'NO_COLOR' env is ignored due to the 'FORCE_COLOR' env being set.
(Use `node --trace-warnings ...` to show where the warning was created)
Skipping host requirements validation logic because `PLAYWRIGHT_SKIP_VALIDATE_HOST_REQUIREMENTS` env variable is set.
  ✓  7 [webkit] › src/applications/forms/forms.real.spec.ts:32:1 › real API and PG18 persist created directory, atomic form, field layout and decimal config (2.0s)
  ✓  8 [webkit] › src/applications/forms/forms.real.spec.ts:73:1 › real operation recovery confirms a committed directory after its response is lost (708ms)
  ✓  9 [webkit] › src/applications/forms/forms.real.spec.ts:88:1 › real concurrent structure write returns CAS conflict without discarding entered name (664ms)

  9 passed (12.8s)
