go: downloading github.com/jackc/pgx/v5 v5.9.2
go: downloading github.com/redis/go-redis/v9 v9.22.0
go: downloading github.com/jackc/puddle/v2 v2.2.2
go: downloading github.com/jackc/pgpassfile v1.0.0
go: downloading github.com/jackc/pgservicefile v0.0.0-20240606120523-5a60cdf6a761
go: downloading golang.org/x/text v0.41.0
go: downloading golang.org/x/sys v0.47.0
go: downloading github.com/cespare/xxhash/v2 v2.3.0
go: downloading go.uber.org/atomic v1.11.0
go: downloading golang.org/x/sync v0.22.0
=== RUN   TestExpectedActorRejectsSwitchedSessionBeforeDefinitionClaim
--- PASS: TestExpectedActorRejectsSwitchedSessionBeforeDefinitionClaim (0.06s)
=== RUN   TestExpectedActorGuardCoversOriginalOperationAndReads
--- PASS: TestExpectedActorGuardCoversOriginalOperationAndReads (0.03s)
=== RUN   TestExactStoredDefaultsAndLayoutOnlyPreservesRows
--- PASS: TestExactStoredDefaultsAndLayoutOnlyPreservesRows (0.09s)
=== RUN   TestNewReferenceDefaultNeedsActiveSource
--- PASS: TestNewReferenceDefaultNeedsActiveSource (0.05s)
=== RUN   TestNormalizedDefaultsReplaySameOperation
--- PASS: TestNormalizedDefaultsReplaySameOperation (0.09s)
=== RUN   TestOptionsMappingChangesRealValuesAndPreflightIsReadOnly
--- PASS: TestOptionsMappingChangesRealValuesAndPreflightIsReadOnly (0.09s)
=== RUN   TestConfirmationSameCountChangeExpiryAndReplay
--- PASS: TestConfirmationSameCountChangeExpiryAndReplay (0.11s)
=== RUN   TestRequiredAndConversionFailureRollBack
--- PASS: TestRequiredAndConversionFailureRollBack (0.08s)
=== RUN   TestRealPGStructureMigrationAndRestrictedDDL
--- PASS: TestRealPGStructureMigrationAndRestrictedDDL (0.03s)
=== RUN   TestAtomicFormCreateAndGridSave
--- PASS: TestAtomicFormCreateAndGridSave (0.08s)
=== RUN   TestOrdinaryRootMenuDoesNotGrantDefinition
--- PASS: TestOrdinaryRootMenuDoesNotGrantDefinition (0.03s)
=== RUN   TestOwnerMemberCandidatesUseOpaqueBoundCursorAndMinimalLiveData
--- PASS: TestOwnerMemberCandidatesUseOpaqueBoundCursorAndMinimalLiveData (0.04s)
=== RUN   TestActualGroupMembersRetainIdsAndInactiveDisplay
--- PASS: TestActualGroupMembersRetainIdsAndInactiveDisplay (0.03s)
=== RUN   TestOtherViewRemovalAndTypeConversionHaveDifferentGuards
--- PASS: TestOtherViewRemovalAndTypeConversionHaveDifferentGuards (0.12s)
=== RUN   TestOtherViewLayoutChangesDependencyRevision
--- PASS: TestOtherViewLayoutChangesDependencyRevision (0.10s)
=== RUN   TestRequiredSelectionCannotBeClearedAndMultiToSingleCannotHideCardinality
--- PASS: TestRequiredSelectionCannotBeClearedAndMultiToSingleCannotHideCardinality (0.08s)
=== RUN   TestDependencyUnavailableDoesNotPretendEmpty
--- PASS: TestDependencyUnavailableDoesNotPretendEmpty (0.08s)
=== RUN   TestPreflightReferenceSourceAndStrictCompleteDTO
--- PASS: TestPreflightReferenceSourceAndStrictCompleteDTO (0.05s)
PASS
ok  	github.com/Hubujiu/WeaveOS/services/bff/internal/appstructure	1.249s
