[WebServer] (node:142838) Warning: The 'NO_COLOR' env is ignored due to the 'FORCE_COLOR' env being set.
[WebServer] (Use `node --trace-warnings ...` to show where the warning was created)
[WebServer] (node:142852) Warning: The 'NO_COLOR' env is ignored due to the 'FORCE_COLOR' env being set.
[WebServer] (Use `node --trace-warnings ...` to show where the warning was created)

Running 164 tests using 1 worker

(node:142881) Warning: The 'NO_COLOR' env is ignored due to the 'FORCE_COLOR' env being set.
(Use `node --trace-warnings ...` to show where the warning was created)
  ✓    1 [chromium] › apps/web/src/applications/forms/forms.component.spec.ts:112:1 › original designer shows three panels and keyboard-added draft can preview without a write (812ms)
  ✓    2 [chromium] › apps/web/src/applications/forms/forms.component.spec.ts:129:1 › save preflights and commits with both versions and stable IDs only after server success (373ms)
  ✓    3 [chromium] › apps/web/src/applications/forms/forms.component.spec.ts:144:1 › lost save response keeps the original operation and draft until recovery confirms it (466ms)
  ✓    4 [chromium] › apps/web/src/applications/forms/forms.component.spec.ts:160:1 › directory creation and new form creation use coherent structure and one atomic form POST (1.3s)
  ✓    5 [chromium] › apps/web/src/applications/forms/forms.component.spec.ts:182:1 › impact dialog requires a live confirmation token before a schema write (740ms)
  ✓    6 [chromium] › apps/web/src/applications/forms/forms.component.spec.ts:199:1 › blocked dependencies show the affected resource and prevent PUT (718ms)
  ✓    7 [chromium] › apps/web/src/applications/forms/forms.component.spec.ts:215:1 › used option deletion maps old option IDs before renewed preflight and confirmed Save (1.3s)
  ✓    8 [chromium] › apps/web/src/applications/forms/forms.component.spec.ts:250:1 › late preflight for an old view cannot open impact or write into the newly selected view (505ms)
  ✓    9 [chromium] › apps/web/src/applications/forms/forms.component.spec.ts:280:1 › keyboard can move an existing field into a group with the same ordered 12-column layout (481ms)
  ✓   10 [chromium] › apps/web/src/applications/forms/forms.component.spec.ts:296:1 › permission revoked during Save masks the retained draft until access is reverified (483ms)
  ✓   11 [chromium] › apps/web/src/applications/forms/forms.component.spec.ts:314:1 › system fields stay read-only and each inserted node references a distinct server-defined code (344ms)
  ✓   12 [chromium] › apps/web/src/applications/forms/forms.component.spec.ts:328:1 › destructive preflight waits for explicit confirmation and sends its exact token (760ms)
  ✓   13 [chromium] › apps/web/src/applications/forms/forms.component.spec.ts:347:1 › dirty exit and CAS conflict require an explicit decision while preserving the draft (1.6s)
  ✓   14 [chromium] › apps/web/src/applications/forms/forms.component.spec.ts:372:1 › structure CAS conflict keeps the entered name and offers an explicit latest-version reload (823ms)
  ✓   15 [chromium] › apps/web/src/applications/forms/forms.component.spec.ts:392:1 › structure write permission revocation masks retained input until access is reverified (722ms)
  ✓   16 [chromium] › apps/web/src/applications/forms/forms.component.spec.ts:407:1 › late directory create for an old app cannot replace the selected app tree (790ms)
  ✓   17 [chromium] › apps/web/src/applications/forms/forms.component.spec.ts:439:1 › empty structure explains the next action to keyboard and screen reader users (262ms)
  ✓   18 [chromium] › apps/web/src/applications/forms/forms.component.spec.ts:447:1 › removing an optional selected default option clears the invalid default before Save (390ms)
  ✓   19 [chromium] › apps/web/src/applications/forms/forms.component.spec.ts:466:1 › decimal controls keep exact text and signed rounding places on the definition wire (425ms)
  ✓   20 [chromium] › apps/web/src/applications/forms/forms.component.spec.ts:483:1 › preview dialog restores trigger focus after fast close and under reduced motion (323ms)
  ✓   21 [chromium] › apps/web/src/applications/forms/forms.component.spec.ts:499:1 › existing-table form source creates another view without creating a table (1.2s)
  ✓   22 [chromium] › apps/web/src/applications/forms/forms.component.spec.ts:516:1 › directory rename and same-app move use current structure CAS while descendants are excluded (2.0s)
  ✓   23 [chromium] › apps/web/src/applications/forms/forms.component.spec.ts:546:1 › palette drag into a group preserves the chosen drop parent in saved layout (432ms)
  ✓   24 [chromium] › apps/web/src/applications/forms/forms.component.spec.ts:560:1 › new view beside a selected form inherits its directory (283ms)
  ✓   25 [chromium] › apps/web/src/applications/forms/forms.component.spec.ts:569:1 › existing member default remains visible and can be cleared without a candidate source (368ms)
  ✓   26 [chromium] › apps/web/src/applications/forms/forms.component.spec.ts:586:1 › text empty-string default and boolean unset false true remain distinct on Save (556ms)
  ✓   27 [chromium] › apps/web/src/applications/forms/forms.component.spec.ts:605:1 › no-op Save with unknown result blocks exit even when definition is not dirty (337ms)
  ✓   28 [chromium] › apps/web/src/applications/forms/forms.component.spec.ts:620:1 › A to B to A navigation ignores a late first-generation preflight (468ms)
  ✓   29 [chromium] › apps/web/src/applications/forms/forms.component.spec.ts:644:1 › definition requests bind verified actor and B cannot replay A unknown Save (478ms)
  ✓   30 [chromium] › apps/web/src/applications/forms/forms.component.spec.ts:665:1 › 401 and actor mismatch are handed to Shell without losing the designer draft (549ms)
  ✓   31 [chromium] › apps/web/src/applications/forms/forms.component.spec.ts:687:1 › structure unknown operation stays with A through an actor switch (728ms)
  ✓   32 [chromium] › apps/web/src/applications/forms/forms.component.spec.ts:702:1 › dialog returns focus to its source after quick reverse and reopens (1.5s)
  ✓   33 [chromium] › apps/web/src/applications/forms/forms.component.spec.ts:715:1 › dialog closes immediately when reduced motion is requested (293ms)
  ✓   34 [chromium] › apps/web/src/applications/forms/forms.component.spec.ts:723:1 › owner member default picker searches, pages and saves the selected stable ID (457ms)
  ✓   35 [chromium] › apps/web/src/applications/forms/forms.component.spec.ts:748:1 › owner department default picker displays hierarchy candidate and saves ID (357ms)
  ✓   36 [chromium] › apps/web/src/applications/forms/forms.component.spec.ts:762:1 › second view can place an existing table field without creating another field ID (340ms)
  ✓   37 [chromium] › apps/web/src/applications/forms/forms.component.spec.ts:777:1 › removing a group leaves its table field available to place again (411ms)
  ✓   38 [chromium] › apps/web/src/applications/forms/forms.component.spec.ts:795:1 › preview explicit null selection does not bounce back to the configured default (269ms)
  ✓   39 [chromium] › apps/web/src/applications/forms/forms.component.spec.ts:809:1 › malformed successful structure receipt remains unconfirmed with the original operation (684ms)
  ✓   40 [chromium] › apps/web/src/applications/forms/forms.component.spec.ts:822:1 › malformed successful definition receipt does not erase draft or issue a new key (357ms)
  ✓   41 [chromium] › apps/web/src/applications/forms/forms.component.spec.ts:837:1 › null JSON success envelope retains the original Save for recovery (352ms)
  ✓   42 [chromium] › apps/web/src/applications/forms/forms.component.spec.ts:852:1 › server failure after a Save request keeps its operation until verified (370ms)
  ✓   43 [chromium] › apps/web/src/applications/forms/forms.component.spec.ts:867:1 › server failure after a directory request keeps its name and operation (687ms)
  ✓   44 [chromium] › apps/web/src/applications/forms/forms.component.spec.ts:881:1 › StrictMode designer boots after effect setup cleanup setup and repeated component mounting (219ms)
  ✓   45 [chromium] › apps/web/src/applications/forms/forms.component.spec.ts:890:1 › StrictMode structure boots after effect setup cleanup setup and repeated component mounting (228ms)
  ✓   46 [chromium] › apps/web/src/applications/forms/forms.component.spec.ts:899:1 › StrictMode designer ignores a late first setup response after the replayed setup (308ms)
  ✓   47 [chromium] › apps/web/src/applications/forms/forms.component.spec.ts:924:1 › StrictMode structure ignores a late first setup response after the replayed setup (264ms)
  ✓   48 [chromium] › apps/web/src/applications/forms/forms.component.spec.ts:949:1 › cached designer draft is masked when return GET is forbidden (290ms)
  ✓   49 [chromium] › apps/web/src/applications/forms/forms.component.spec.ts:966:1 › StrictMode auth-route unmount and same actor return reverify before restoring input (358ms)
  ✓   50 [chromium] › apps/web/src/applications/forms/forms.component.spec.ts:984:1 › cached designer masks on auth version rejection and same actor reauth restores draft (377ms)
  ✓   51 [chromium] › apps/web/src/applications/forms/forms.component.spec.ts:1002:1 › cached designer masks a changed actor guard before showing any old field (375ms)
  ✓   52 [chromium] › apps/web/src/applications/forms/forms.component.spec.ts:1022:1 › cached designer masks server GET failure then preserves draft after retry (369ms)
  ✓   53 [chromium] › apps/web/src/applications/forms/forms.component.spec.ts:1039:1 › revalidated newer definition warns and keeps dirty versions without rebasing (399ms)
  ✓   54 [chromium] › apps/web/src/applications/forms/forms.component.spec.ts:1062:1 › cached structure dialog is masked after permission revocation (270ms)
  ✓   55 [chromium] › apps/web/src/applications/forms/forms.component.spec.ts:1076:1 › revalidated newer structure retains original name and CAS version (717ms)
  ✓   56 [chromium] › apps/web/src/applications/forms/forms.component.spec.ts:1099:3 › unknown Save retry 401 retains original operation for later confirmation (578ms)
  ✓   57 [chromium] › apps/web/src/applications/forms/forms.component.spec.ts:1099:3 › unknown Save retry 403 retains original operation for later confirmation (555ms)
  ✓   58 [chromium] › apps/web/src/applications/forms/forms.component.spec.ts:1099:3 › unknown Save retry 409 retains original operation for later confirmation (548ms)
  ✓   59 [chromium] › apps/web/src/applications/forms/forms.component.spec.ts:1128:1 › StrictMode guard clears on unmount while retaining an unknown Save packet (964ms)
  ✓   60 [chromium] › apps/web/src/applications/forms/forms.component.spec.ts:1145:1 › StrictMode structure guard clears on unmount while retaining the unknown operation (849ms)
  ✓   61 [chromium] › apps/web/src/applications/forms/forms.component.spec.ts:1160:1 › unknown structure retry denial retains original directory request after revalidation (834ms)
  ✓   62 [chromium] › apps/web/src/applications/forms/forms.component.spec.ts:1179:1 › slow preflight is abandoned on Back before PUT and guard teardown is explicit (862ms)
  ✓   63 [chromium] › apps/web/src/applications/forms/forms.component.spec.ts:1198:1 › discard cancels a gated preflight even when onBack is absent and the designer stays mounted (869ms)
  ✓   64 [chromium] › apps/web/src/applications/forms/forms.component.spec.ts:1220:1 › external designer discard clears the scoped draft before delayed unmount (334ms)
  ✓   65 [chromium] › apps/web/src/applications/forms/forms.component.spec.ts:1234:1 › external structure discard clears entered directory before route remount (295ms)
  ✓   66 [chromium] › apps/web/src/applications/forms/forms.component.spec.ts:1247:1 › external preflight discard cancels PUT while route unmount is delayed (334ms)
  ✓   67 [chromium] › apps/web/src/applications/forms/forms.component.spec.ts:1266:1 › external leave retains an already sent unknown Save and its original key (507ms)
  ✓   68 [chromium] › apps/web/src/applications/forms/forms.component.spec.ts:1286:1 › external leave during sent PUT retains the packet until a same-actor result lookup (485ms)
  ✓   69 [chromium] › apps/web/src/applications/forms/forms.component.spec.ts:1317:1 › external structure leave keeps an unknown directory operation and entered name (1.1s)
  ✓   70 [chromium] › apps/web/src/applications/forms/forms.component.spec.ts:1336:1 › StrictMode old same-scope unsubscribe cannot clear the current controller (207ms)
  ✓   71 [chromium] › apps/web/src/applications/forms/forms.component.spec.ts:1345:1 › external leave rejects a decision made before draft becomes preflight (312ms)
  ✓   72 [chromium] › apps/web/src/applications/forms/forms.component.spec.ts:1366:1 › external leave rejects a stale confirmation after draft content changes (313ms)
  ✓   73 [chromium] › apps/web/src/applications/forms/forms.component.spec.ts:1380:1 › explicit discard removes an ordinary draft while an unknown packet is never discarded implicitly (836ms)
  ✓   74 [chromium] › apps/web/src/applications/forms/forms.component.spec.ts:1392:1 › datetime to non-datetime conversion clears timezone in preflight DTO (307ms)
  ✓   75 [chromium] › apps/web/src/applications/forms/forms.component.spec.ts:1407:1 › existing text field can request a guarded number type conversion (334ms)
  ✓   76 [chromium] › apps/web/src/applications/forms/forms.component.spec.ts:1422:1 › designer canvas renders the actual field control in a nonediting design state (191ms)
  ✓   77 [chromium] › apps/web/src/applications/forms/forms.component.spec.ts:1433:1 › changing an option mapping after successful preflight invalidates its token and pending packet (846ms)
  ✓   78 [chromium] › apps/web/src/applications/forms/forms.component.spec.ts:1465:1 › expired confirmation token asks for another preflight instead of silently ignoring click (1.3s)
  ✓   79 [chromium] › apps/web/src/applications/forms/forms.renderer.spec.ts:5:1 › deleted reference remains visible as a disabled tombstone without enumeration (193ms)
  ✓   80 [chromium] › apps/web/src/applications/forms/forms.renderer.spec.ts:14:1 › editable reference loads distinct cursor pages and only selects active candidates (265ms)
  ✓   81 [chromium] › apps/web/src/applications/forms/forms.renderer.spec.ts:26:1 › reference search is scoped to its query and does not reuse a prior cursor (198ms)
  ✓   82 [chromium] › apps/web/src/applications/forms/forms.renderer.spec.ts:37:1 › record leave scopes retain another actual resource after one unregisters (128ms)
(node:143943) Warning: The 'NO_COLOR' env is ignored due to the 'FORCE_COLOR' env being set.
(Use `node --trace-warnings ...` to show where the warning was created)
  ✓   83 [firefox] › apps/web/src/applications/forms/forms.component.spec.ts:112:1 › original designer shows three panels and keyboard-added draft can preview without a write (2.1s)
  ✓   84 [firefox] › apps/web/src/applications/forms/forms.component.spec.ts:129:1 › save preflights and commits with both versions and stable IDs only after server success (663ms)
  ✓   85 [firefox] › apps/web/src/applications/forms/forms.component.spec.ts:144:1 › lost save response keeps the original operation and draft until recovery confirms it (759ms)
  ✓   86 [firefox] › apps/web/src/applications/forms/forms.component.spec.ts:160:1 › directory creation and new form creation use coherent structure and one atomic form POST (1.5s)
  ✓   87 [firefox] › apps/web/src/applications/forms/forms.component.spec.ts:182:1 › impact dialog requires a live confirmation token before a schema write (1.0s)
  ✓   88 [firefox] › apps/web/src/applications/forms/forms.component.spec.ts:199:1 › blocked dependencies show the affected resource and prevent PUT (1.0s)
  ✓   89 [firefox] › apps/web/src/applications/forms/forms.component.spec.ts:215:1 › used option deletion maps old option IDs before renewed preflight and confirmed Save (1.7s)
  ✓   90 [firefox] › apps/web/src/applications/forms/forms.component.spec.ts:250:1 › late preflight for an old view cannot open impact or write into the newly selected view (811ms)
  ✓   91 [firefox] › apps/web/src/applications/forms/forms.component.spec.ts:280:1 › keyboard can move an existing field into a group with the same ordered 12-column layout (764ms)
  ✓   92 [firefox] › apps/web/src/applications/forms/forms.component.spec.ts:296:1 › permission revoked during Save masks the retained draft until access is reverified (1.6s)
  ✓   93 [firefox] › apps/web/src/applications/forms/forms.component.spec.ts:314:1 › system fields stay read-only and each inserted node references a distinct server-defined code (686ms)
  ✓   94 [firefox] › apps/web/src/applications/forms/forms.component.spec.ts:328:1 › destructive preflight waits for explicit confirmation and sends its exact token (1.0s)
  ✓   95 [firefox] › apps/web/src/applications/forms/forms.component.spec.ts:347:1 › dirty exit and CAS conflict require an explicit decision while preserving the draft (2.0s)
  ✓   96 [firefox] › apps/web/src/applications/forms/forms.component.spec.ts:372:1 › structure CAS conflict keeps the entered name and offers an explicit latest-version reload (993ms)
  ✓   97 [firefox] › apps/web/src/applications/forms/forms.component.spec.ts:392:1 › structure write permission revocation masks retained input until access is reverified (855ms)
  ✓   98 [firefox] › apps/web/src/applications/forms/forms.component.spec.ts:407:1 › late directory create for an old app cannot replace the selected app tree (1.0s)
  ✓   99 [firefox] › apps/web/src/applications/forms/forms.component.spec.ts:439:1 › empty structure explains the next action to keyboard and screen reader users (450ms)
  ✓  100 [firefox] › apps/web/src/applications/forms/forms.component.spec.ts:447:1 › removing an optional selected default option clears the invalid default before Save (656ms)
  ✓  101 [firefox] › apps/web/src/applications/forms/forms.component.spec.ts:466:1 › decimal controls keep exact text and signed rounding places on the definition wire (815ms)
  ✓  102 [firefox] › apps/web/src/applications/forms/forms.component.spec.ts:483:1 › preview dialog restores trigger focus after fast close and under reduced motion (1.7s)
  ✓  103 [firefox] › apps/web/src/applications/forms/forms.component.spec.ts:499:1 › existing-table form source creates another view without creating a table (1.4s)
  ✓  104 [firefox] › apps/web/src/applications/forms/forms.component.spec.ts:516:1 › directory rename and same-app move use current structure CAS while descendants are excluded (2.3s)
  ✓  105 [firefox] › apps/web/src/applications/forms/forms.component.spec.ts:546:1 › palette drag into a group preserves the chosen drop parent in saved layout (762ms)
  ✓  106 [firefox] › apps/web/src/applications/forms/forms.component.spec.ts:560:1 › new view beside a selected form inherits its directory (548ms)
  ✓  107 [firefox] › apps/web/src/applications/forms/forms.component.spec.ts:569:1 › existing member default remains visible and can be cleared without a candidate source (694ms)
  ✓  108 [firefox] › apps/web/src/applications/forms/forms.component.spec.ts:586:1 › text empty-string default and boolean unset false true remain distinct on Save (906ms)
  ✓  109 [firefox] › apps/web/src/applications/forms/forms.component.spec.ts:605:1 › no-op Save with unknown result blocks exit even when definition is not dirty (587ms)
  ✓  110 [firefox] › apps/web/src/applications/forms/forms.component.spec.ts:620:1 › A to B to A navigation ignores a late first-generation preflight (761ms)
  ✓  111 [firefox] › apps/web/src/applications/forms/forms.component.spec.ts:644:1 › definition requests bind verified actor and B cannot replay A unknown Save (865ms)
  ✓  112 [firefox] › apps/web/src/applications/forms/forms.component.spec.ts:665:1 › 401 and actor mismatch are handed to Shell without losing the designer draft (1.8s)
  ✓  113 [firefox] › apps/web/src/applications/forms/forms.component.spec.ts:687:1 › structure unknown operation stays with A through an actor switch (907ms)
  ✓  114 [firefox] › apps/web/src/applications/forms/forms.component.spec.ts:702:1 › dialog returns focus to its source after quick reverse and reopens (1.8s)
  ✓  115 [firefox] › apps/web/src/applications/forms/forms.component.spec.ts:715:1 › dialog closes immediately when reduced motion is requested (573ms)
  ✓  116 [firefox] › apps/web/src/applications/forms/forms.component.spec.ts:723:1 › owner member default picker searches, pages and saves the selected stable ID (822ms)
  ✓  117 [firefox] › apps/web/src/applications/forms/forms.component.spec.ts:748:1 › owner department default picker displays hierarchy candidate and saves ID (620ms)
  ✓  118 [firefox] › apps/web/src/applications/forms/forms.component.spec.ts:762:1 › second view can place an existing table field without creating another field ID (648ms)
  ✓  119 [firefox] › apps/web/src/applications/forms/forms.component.spec.ts:777:1 › removing a group leaves its table field available to place again (779ms)
  ✓  120 [firefox] › apps/web/src/applications/forms/forms.component.spec.ts:795:1 › preview explicit null selection does not bounce back to the configured default (644ms)
  ✓  121 [firefox] › apps/web/src/applications/forms/forms.component.spec.ts:809:1 › malformed successful structure receipt remains unconfirmed with the original operation (915ms)
  ✓  122 [firefox] › apps/web/src/applications/forms/forms.component.spec.ts:822:1 › malformed successful definition receipt does not erase draft or issue a new key (1.6s)
  ✓  123 [firefox] › apps/web/src/applications/forms/forms.component.spec.ts:837:1 › null JSON success envelope retains the original Save for recovery (693ms)
  ✓  124 [firefox] › apps/web/src/applications/forms/forms.component.spec.ts:852:1 › server failure after a Save request keeps its operation until verified (671ms)
  ✓  125 [firefox] › apps/web/src/applications/forms/forms.component.spec.ts:867:1 › server failure after a directory request keeps its name and operation (952ms)
  ✓  126 [firefox] › apps/web/src/applications/forms/forms.component.spec.ts:881:1 › StrictMode designer boots after effect setup cleanup setup and repeated component mounting (453ms)
  ✓  127 [firefox] › apps/web/src/applications/forms/forms.component.spec.ts:890:1 › StrictMode structure boots after effect setup cleanup setup and repeated component mounting (436ms)
  ✓  128 [firefox] › apps/web/src/applications/forms/forms.component.spec.ts:899:1 › StrictMode designer ignores a late first setup response after the replayed setup (537ms)
  ✓  129 [firefox] › apps/web/src/applications/forms/forms.component.spec.ts:924:1 › StrictMode structure ignores a late first setup response after the replayed setup (490ms)
  ✓  130 [firefox] › apps/web/src/applications/forms/forms.component.spec.ts:949:1 › cached designer draft is masked when return GET is forbidden (589ms)
  ✓  131 [firefox] › apps/web/src/applications/forms/forms.component.spec.ts:966:1 › StrictMode auth-route unmount and same actor return reverify before restoring input (784ms)
  ✓  132 [firefox] › apps/web/src/applications/forms/forms.component.spec.ts:984:1 › cached designer masks on auth version rejection and same actor reauth restores draft (1.7s)
  ✓  133 [firefox] › apps/web/src/applications/forms/forms.component.spec.ts:1002:1 › cached designer masks a changed actor guard before showing any old field (759ms)
  ✓  134 [firefox] › apps/web/src/applications/forms/forms.component.spec.ts:1022:1 › cached designer masks server GET failure then preserves draft after retry (647ms)
  ✓  135 [firefox] › apps/web/src/applications/forms/forms.component.spec.ts:1039:1 › revalidated newer definition warns and keeps dirty versions without rebasing (663ms)
  ✓  136 [firefox] › apps/web/src/applications/forms/forms.component.spec.ts:1062:1 › cached structure dialog is masked after permission revocation (516ms)
  ✓  137 [firefox] › apps/web/src/applications/forms/forms.component.spec.ts:1076:1 › revalidated newer structure retains original name and CAS version (862ms)
  ✓  138 [firefox] › apps/web/src/applications/forms/forms.component.spec.ts:1099:3 › unknown Save retry 401 retains original operation for later confirmation (848ms)
  ✓  139 [firefox] › apps/web/src/applications/forms/forms.component.spec.ts:1099:3 › unknown Save retry 403 retains original operation for later confirmation (905ms)
  ✓  140 [firefox] › apps/web/src/applications/forms/forms.component.spec.ts:1099:3 › unknown Save retry 409 retains original operation for later confirmation (909ms)
  ✓  141 [firefox] › apps/web/src/applications/forms/forms.component.spec.ts:1128:1 › StrictMode guard clears on unmount while retaining an unknown Save packet (1.3s)
  ✓  142 [firefox] › apps/web/src/applications/forms/forms.component.spec.ts:1145:1 › StrictMode structure guard clears on unmount while retaining the unknown operation (1.8s)
  ✓  143 [firefox] › apps/web/src/applications/forms/forms.component.spec.ts:1160:1 › unknown structure retry denial retains original directory request after revalidation (957ms)
  ✓  144 [firefox] › apps/web/src/applications/forms/forms.component.spec.ts:1179:1 › slow preflight is abandoned on Back before PUT and guard teardown is explicit (1.2s)
  ✓  145 [firefox] › apps/web/src/applications/forms/forms.component.spec.ts:1198:1 › discard cancels a gated preflight even when onBack is absent and the designer stays mounted (1.2s)
  ✓  146 [firefox] › apps/web/src/applications/forms/forms.component.spec.ts:1220:1 › external designer discard clears the scoped draft before delayed unmount (566ms)
  ✓  147 [firefox] › apps/web/src/applications/forms/forms.component.spec.ts:1234:1 › external structure discard clears entered directory before route remount (560ms)
  ✓  148 [firefox] › apps/web/src/applications/forms/forms.component.spec.ts:1247:1 › external preflight discard cancels PUT while route unmount is delayed (574ms)
  ✓  149 [firefox] › apps/web/src/applications/forms/forms.component.spec.ts:1266:1 › external leave retains an already sent unknown Save and its original key (766ms)
  ✓  150 [firefox] › apps/web/src/applications/forms/forms.component.spec.ts:1286:1 › external leave during sent PUT retains the packet until a same-actor result lookup (789ms)
  ✓  151 [firefox] › apps/web/src/applications/forms/forms.component.spec.ts:1317:1 › external structure leave keeps an unknown directory operation and entered name (1.5s)
  ✓  152 [firefox] › apps/web/src/applications/forms/forms.component.spec.ts:1336:1 › StrictMode old same-scope unsubscribe cannot clear the current controller (1.3s)
  ✓  153 [firefox] › apps/web/src/applications/forms/forms.component.spec.ts:1345:1 › external leave rejects a decision made before draft becomes preflight (632ms)
  ✓  154 [firefox] › apps/web/src/applications/forms/forms.component.spec.ts:1366:1 › external leave rejects a stale confirmation after draft content changes (541ms)
  ✓  155 [firefox] › apps/web/src/applications/forms/forms.component.spec.ts:1380:1 › explicit discard removes an ordinary draft while an unknown packet is never discarded implicitly (1.1s)
  ✓  156 [firefox] › apps/web/src/applications/forms/forms.component.spec.ts:1392:1 › datetime to non-datetime conversion clears timezone in preflight DTO (572ms)
[WebServer] 3:08:22 PM [vite] http proxy error: /api/v1/applications/00000000-0000-4000-8000-000000000101/forms/00000000-0000-4000-8000-000000000103/definition
[WebServer] Error: connect ECONNREFUSED 127.0.0.1:8080
[WebServer]     at TCPConnectWrap.afterConnect [as oncomplete] (node:net:1864:16)
  ✓  157 [firefox] › apps/web/src/applications/forms/forms.component.spec.ts:1407:1 › existing text field can request a guarded number type conversion (597ms)
  ✓  158 [firefox] › apps/web/src/applications/forms/forms.component.spec.ts:1422:1 › designer canvas renders the actual field control in a nonediting design state (406ms)
  ✓  159 [firefox] › apps/web/src/applications/forms/forms.component.spec.ts:1433:1 › changing an option mapping after successful preflight invalidates its token and pending packet (1.2s)
  ✓  160 [firefox] › apps/web/src/applications/forms/forms.component.spec.ts:1465:1 › expired confirmation token asks for another preflight instead of silently ignoring click (1.8s)
  ✓  161 [firefox] › apps/web/src/applications/forms/forms.renderer.spec.ts:5:1 › deleted reference remains visible as a disabled tombstone without enumeration (449ms)
  ✓  162 [firefox] › apps/web/src/applications/forms/forms.renderer.spec.ts:14:1 › editable reference loads distinct cursor pages and only selects active candidates (1.2s)
  ✓  163 [firefox] › apps/web/src/applications/forms/forms.renderer.spec.ts:26:1 › reference search is scoped to its query and does not reuse a prior cursor (521ms)
  ✓  164 [firefox] › apps/web/src/applications/forms/forms.renderer.spec.ts:37:1 › record leave scopes retain another actual resource after one unregisters (333ms)

  164 passed (2.1m)
