[WebServer] (node:154743) Warning: The 'NO_COLOR' env is ignored due to the 'FORCE_COLOR' env being set.
[WebServer] (Use `node --trace-warnings ...` to show where the warning was created)
[WebServer] (node:154757) Warning: The 'NO_COLOR' env is ignored due to the 'FORCE_COLOR' env being set.
[WebServer] (Use `node --trace-warnings ...` to show where the warning was created)

Running 174 tests using 1 worker

(node:154786) Warning: The 'NO_COLOR' env is ignored due to the 'FORCE_COLOR' env being set.
(Use `node --trace-warnings ...` to show where the warning was created)
  ✓    1 [chromium] › apps/web/src/applications/forms/forms.component.spec.ts:112:1 › original designer shows three panels and keyboard-added draft can preview without a write (828ms)
  ✓    2 [chromium] › apps/web/src/applications/forms/forms.component.spec.ts:129:1 › save preflights and commits with both versions and stable IDs only after server success (349ms)
  ✓    3 [chromium] › apps/web/src/applications/forms/forms.component.spec.ts:144:1 › lost save response keeps the original operation and draft until recovery confirms it (457ms)
  ✓    4 [chromium] › apps/web/src/applications/forms/forms.component.spec.ts:160:1 › directory creation and new form creation use coherent structure and one atomic form POST (1.2s)
  ✓    5 [chromium] › apps/web/src/applications/forms/forms.component.spec.ts:182:1 › impact dialog requires a live confirmation token before a schema write (752ms)
  ✓    6 [chromium] › apps/web/src/applications/forms/forms.component.spec.ts:199:1 › blocked dependencies show the affected resource and prevent PUT (711ms)
  ✓    7 [chromium] › apps/web/src/applications/forms/forms.component.spec.ts:215:1 › used option deletion maps old option IDs before renewed preflight and confirmed Save (1.3s)
  ✓    8 [chromium] › apps/web/src/applications/forms/forms.component.spec.ts:250:1 › late preflight for an old view cannot open impact or write into the newly selected view (480ms)
  ✓    9 [chromium] › apps/web/src/applications/forms/forms.component.spec.ts:280:1 › keyboard can move an existing field into a group with the same ordered 12-column layout (447ms)
  ✓   10 [chromium] › apps/web/src/applications/forms/forms.component.spec.ts:296:1 › permission revoked during Save masks the retained draft until access is reverified (488ms)
  ✓   11 [chromium] › apps/web/src/applications/forms/forms.component.spec.ts:314:1 › system fields stay read-only and each inserted node references a distinct server-defined code (360ms)
  ✓   12 [chromium] › apps/web/src/applications/forms/forms.component.spec.ts:328:1 › destructive preflight waits for explicit confirmation and sends its exact token (773ms)
  ✓   13 [chromium] › apps/web/src/applications/forms/forms.component.spec.ts:347:1 › dirty exit and CAS conflict require an explicit decision while preserving the draft (1.6s)
  ✓   14 [chromium] › apps/web/src/applications/forms/forms.component.spec.ts:372:1 › structure CAS conflict keeps the entered name and offers an explicit latest-version reload (857ms)
  ✓   15 [chromium] › apps/web/src/applications/forms/forms.component.spec.ts:392:1 › structure write permission revocation masks retained input until access is reverified (721ms)
  ✓   16 [chromium] › apps/web/src/applications/forms/forms.component.spec.ts:407:1 › late directory create for an old app cannot replace the selected app tree (743ms)
  ✓   17 [chromium] › apps/web/src/applications/forms/forms.component.spec.ts:439:1 › empty structure explains the next action to keyboard and screen reader users (263ms)
  ✓   18 [chromium] › apps/web/src/applications/forms/forms.component.spec.ts:447:1 › removing an optional selected default option clears the invalid default before Save (362ms)
  ✓   19 [chromium] › apps/web/src/applications/forms/forms.component.spec.ts:466:1 › decimal controls keep exact text and signed rounding places on the definition wire (402ms)
  ✓   20 [chromium] › apps/web/src/applications/forms/forms.component.spec.ts:483:1 › preview dialog restores trigger focus after fast close and under reduced motion (326ms)
  ✓   21 [chromium] › apps/web/src/applications/forms/forms.component.spec.ts:499:1 › existing-table form source creates another view without creating a table (1.2s)
  ✓   22 [chromium] › apps/web/src/applications/forms/forms.component.spec.ts:516:1 › directory rename and same-app move use current structure CAS while descendants are excluded (2.0s)
  ✓   23 [chromium] › apps/web/src/applications/forms/forms.component.spec.ts:546:1 › palette drag into a group preserves the chosen drop parent in saved layout (457ms)
  ✓   24 [chromium] › apps/web/src/applications/forms/forms.component.spec.ts:560:1 › new view beside a selected form inherits its directory (297ms)
  ✓   25 [chromium] › apps/web/src/applications/forms/forms.component.spec.ts:569:1 › existing member default remains visible and can be cleared without a candidate source (362ms)
  ✓   26 [chromium] › apps/web/src/applications/forms/forms.component.spec.ts:586:1 › text empty-string default and boolean unset false true remain distinct on Save (592ms)
  ✓   27 [chromium] › apps/web/src/applications/forms/forms.component.spec.ts:605:1 › no-op Save with unknown result blocks exit even when definition is not dirty (337ms)
  ✓   28 [chromium] › apps/web/src/applications/forms/forms.component.spec.ts:620:1 › A to B to A navigation ignores a late first-generation preflight (354ms)
  ✓   29 [chromium] › apps/web/src/applications/forms/forms.component.spec.ts:659:1 › definition requests bind verified actor and B cannot replay A unknown Save (504ms)
  ✓   30 [chromium] › apps/web/src/applications/forms/forms.component.spec.ts:680:1 › 401 and actor mismatch are handed to Shell without losing the designer draft (583ms)
  ✓   31 [chromium] › apps/web/src/applications/forms/forms.component.spec.ts:702:1 › structure unknown operation stays with A through an actor switch (693ms)
  ✓   32 [chromium] › apps/web/src/applications/forms/forms.component.spec.ts:717:1 › dialog returns focus to its source after quick reverse and reopens (981ms)
  ✓   33 [chromium] › apps/web/src/applications/forms/forms.component.spec.ts:730:1 › dialog closes immediately when reduced motion is requested (303ms)
  ✓   34 [chromium] › apps/web/src/applications/forms/forms.component.spec.ts:738:1 › owner member default picker searches, pages and saves the selected stable ID (461ms)
  ✓   35 [chromium] › apps/web/src/applications/forms/forms.component.spec.ts:763:1 › owner department default picker displays hierarchy candidate and saves ID (352ms)
  ✓   36 [chromium] › apps/web/src/applications/forms/forms.component.spec.ts:777:1 › second view can place an existing table field without creating another field ID (338ms)
  ✓   37 [chromium] › apps/web/src/applications/forms/forms.component.spec.ts:792:1 › removing a group leaves its table field available to place again (406ms)
  ✓   38 [chromium] › apps/web/src/applications/forms/forms.component.spec.ts:810:1 › preview explicit null selection does not bounce back to the configured default (282ms)
  ✓   39 [chromium] › apps/web/src/applications/forms/forms.component.spec.ts:824:1 › malformed successful structure receipt remains unconfirmed with the original operation (672ms)
  ✓   40 [chromium] › apps/web/src/applications/forms/forms.component.spec.ts:837:1 › malformed successful definition receipt does not erase draft or issue a new key (392ms)
  ✓   41 [chromium] › apps/web/src/applications/forms/forms.component.spec.ts:852:1 › null JSON success envelope retains the original Save for recovery (352ms)
  ✓   42 [chromium] › apps/web/src/applications/forms/forms.component.spec.ts:867:1 › server failure after a Save request keeps its operation until verified (395ms)
  ✓   43 [chromium] › apps/web/src/applications/forms/forms.component.spec.ts:882:1 › server failure after a directory request keeps its name and operation (700ms)
  ✓   44 [chromium] › apps/web/src/applications/forms/forms.component.spec.ts:896:1 › StrictMode designer boots after effect setup cleanup setup and repeated component mounting (248ms)
  ✓   45 [chromium] › apps/web/src/applications/forms/forms.component.spec.ts:905:1 › StrictMode structure boots after effect setup cleanup setup and repeated component mounting (201ms)
  ✓   46 [chromium] › apps/web/src/applications/forms/forms.component.spec.ts:914:1 › StrictMode designer ignores a late first setup response after the replayed setup (282ms)
  ✓   47 [chromium] › apps/web/src/applications/forms/forms.component.spec.ts:939:1 › StrictMode structure ignores a late first setup response after the replayed setup (293ms)
  ✓   48 [chromium] › apps/web/src/applications/forms/forms.component.spec.ts:964:1 › cached designer draft is masked when return GET is forbidden (330ms)
  ✓   49 [chromium] › apps/web/src/applications/forms/forms.component.spec.ts:981:1 › StrictMode auth-route unmount and same actor return reverify before restoring input (454ms)
  ✓   50 [chromium] › apps/web/src/applications/forms/forms.component.spec.ts:999:1 › cached designer masks on auth version rejection and same actor reauth restores draft (393ms)
  ✓   51 [chromium] › apps/web/src/applications/forms/forms.component.spec.ts:1017:1 › cached designer masks a changed actor guard before showing any old field (395ms)
  ✓   52 [chromium] › apps/web/src/applications/forms/forms.component.spec.ts:1037:1 › cached designer masks server GET failure then preserves draft after retry (347ms)
  ✓   53 [chromium] › apps/web/src/applications/forms/forms.component.spec.ts:1054:1 › revalidated newer definition warns and keeps dirty versions without rebasing (446ms)
  ✓   54 [chromium] › apps/web/src/applications/forms/forms.component.spec.ts:1077:1 › cached structure dialog is masked after permission revocation (267ms)
  ✓   55 [chromium] › apps/web/src/applications/forms/forms.component.spec.ts:1091:1 › revalidated newer structure retains original name and CAS version (738ms)
  ✓   56 [chromium] › apps/web/src/applications/forms/forms.component.spec.ts:1121:3 › unknown Save retry 401 retains original operation for later confirmation (547ms)
  ✓   57 [chromium] › apps/web/src/applications/forms/forms.component.spec.ts:1121:3 › unknown Save retry 403 retains original operation for later confirmation (559ms)
  ✓   58 [chromium] › apps/web/src/applications/forms/forms.component.spec.ts:1121:3 › unknown Save retry 409 retains original operation for later confirmation (546ms)
  ✓   59 [chromium] › apps/web/src/applications/forms/forms.component.spec.ts:1150:1 › StrictMode guard clears on unmount while retaining an unknown Save packet (968ms)
  ✓   60 [chromium] › apps/web/src/applications/forms/forms.component.spec.ts:1167:1 › StrictMode structure guard clears on unmount while retaining the unknown operation (728ms)
  ✓   61 [chromium] › apps/web/src/applications/forms/forms.component.spec.ts:1182:1 › unknown structure retry denial retains original directory request after revalidation (911ms)
  ✓   62 [chromium] › apps/web/src/applications/forms/forms.component.spec.ts:1201:1 › slow preflight is abandoned on Back before PUT and guard teardown is explicit (835ms)
  ✓   63 [chromium] › apps/web/src/applications/forms/forms.component.spec.ts:1220:1 › discard cancels a gated preflight even when onBack is absent and the designer stays mounted (872ms)
  ✓   64 [chromium] › apps/web/src/applications/forms/forms.component.spec.ts:1242:1 › external designer discard clears the scoped draft before delayed unmount (404ms)
  ✓   65 [chromium] › apps/web/src/applications/forms/forms.component.spec.ts:1256:1 › external structure discard clears entered directory before route remount (393ms)
  ✓   66 [chromium] › apps/web/src/applications/forms/forms.component.spec.ts:1269:1 › external preflight discard cancels PUT while route unmount is delayed (388ms)
  ✓   67 [chromium] › apps/web/src/applications/forms/forms.component.spec.ts:1288:1 › external leave retains an already sent unknown Save and its original key (587ms)
  ✓   68 [chromium] › apps/web/src/applications/forms/forms.component.spec.ts:1308:1 › external leave during sent PUT retains the packet until a same-actor result lookup (506ms)
  ✓   69 [chromium] › apps/web/src/applications/forms/forms.component.spec.ts:1339:1 › external structure leave keeps an unknown directory operation and entered name (1.2s)
  ✓   70 [chromium] › apps/web/src/applications/forms/forms.component.spec.ts:1358:1 › StrictMode old same-scope unsubscribe cannot clear the current controller (235ms)
  ✓   71 [chromium] › apps/web/src/applications/forms/forms.component.spec.ts:1367:1 › external leave rejects a decision made before draft becomes preflight (351ms)
  ✓   72 [chromium] › apps/web/src/applications/forms/forms.component.spec.ts:1388:1 › external leave rejects a stale confirmation after draft content changes (653ms)
  ✓   73 [chromium] › apps/web/src/applications/forms/forms.component.spec.ts:1402:1 › explicit discard removes an ordinary draft while an unknown packet is never discarded implicitly (882ms)
  ✓   74 [chromium] › apps/web/src/applications/forms/forms.component.spec.ts:1414:1 › datetime to non-datetime conversion clears timezone in preflight DTO (306ms)
  ✓   75 [chromium] › apps/web/src/applications/forms/forms.component.spec.ts:1429:1 › existing text field can request a guarded number type conversion (339ms)
  ✓   76 [chromium] › apps/web/src/applications/forms/forms.component.spec.ts:1444:1 › designer canvas renders the actual field control in a nonediting design state (213ms)
  ✓   77 [chromium] › apps/web/src/applications/forms/forms.component.spec.ts:1455:1 › changing an option mapping after successful preflight invalidates its token and pending packet (853ms)
  ✓   78 [chromium] › apps/web/src/applications/forms/forms.component.spec.ts:1487:1 › expired confirmation token asks for another preflight instead of silently ignoring click (1.3s)
  ✓   79 [chromium] › apps/web/src/applications/forms/forms.renderer.component.spec.ts:5:1 › deleted reference remains visible as a disabled tombstone without enumeration (188ms)
  ✓   80 [chromium] › apps/web/src/applications/forms/forms.renderer.component.spec.ts:14:1 › editable reference loads distinct cursor pages and only selects active candidates (266ms)
  ✓   81 [chromium] › apps/web/src/applications/forms/forms.renderer.component.spec.ts:26:1 › reference search is scoped to its query and does not reuse a prior cursor (203ms)
  ✓   82 [chromium] › apps/web/src/applications/forms/forms.renderer.component.spec.ts:37:1 › record leave scopes retain another actual resource after one unregisters (137ms)
  ✓   83 [chromium] › apps/web/src/applications/forms/forms.renderer.component.spec.ts:42:1 › separate unsaved record client draft scopes do not overwrite each other (136ms)
  ✓   84 [chromium] › apps/web/src/applications/forms/forms.renderer.component.spec.ts:47:1 › nullable boolean keeps unset, false, and true distinct with an explicit clear action (356ms)
  ✓   85 [chromium] › apps/web/src/applications/forms/forms.renderer.component.spec.ts:66:1 › read-only reference never shows an unsaved selected label without current display authority (254ms)
  ✓   86 [chromium] › apps/web/src/applications/forms/forms.renderer.component.spec.ts:76:1 › closing reference chooser aborts an in-flight later cursor page (293ms)
  ✓   87 [chromium] › apps/web/src/applications/forms/forms.renderer.component.spec.ts:89:1 › reference scope remount clears local selected label and prior candidate page (244ms)
(node:155993) Warning: The 'NO_COLOR' env is ignored due to the 'FORCE_COLOR' env being set.
(Use `node --trace-warnings ...` to show where the warning was created)
  ✓   88 [firefox] › apps/web/src/applications/forms/forms.component.spec.ts:112:1 › original designer shows three panels and keyboard-added draft can preview without a write (2.2s)
  ✓   89 [firefox] › apps/web/src/applications/forms/forms.component.spec.ts:129:1 › save preflights and commits with both versions and stable IDs only after server success (741ms)
  ✓   90 [firefox] › apps/web/src/applications/forms/forms.component.spec.ts:144:1 › lost save response keeps the original operation and draft until recovery confirms it (782ms)
  ✓   91 [firefox] › apps/web/src/applications/forms/forms.component.spec.ts:160:1 › directory creation and new form creation use coherent structure and one atomic form POST (1.5s)
  ✓   92 [firefox] › apps/web/src/applications/forms/forms.component.spec.ts:182:1 › impact dialog requires a live confirmation token before a schema write (1.1s)
  ✓   93 [firefox] › apps/web/src/applications/forms/forms.component.spec.ts:199:1 › blocked dependencies show the affected resource and prevent PUT (1.1s)
  ✓   94 [firefox] › apps/web/src/applications/forms/forms.component.spec.ts:215:1 › used option deletion maps old option IDs before renewed preflight and confirmed Save (1.5s)
  ✓   95 [firefox] › apps/web/src/applications/forms/forms.component.spec.ts:250:1 › late preflight for an old view cannot open impact or write into the newly selected view (835ms)
  ✓   96 [firefox] › apps/web/src/applications/forms/forms.component.spec.ts:280:1 › keyboard can move an existing field into a group with the same ordered 12-column layout (805ms)
  ✓   97 [firefox] › apps/web/src/applications/forms/forms.component.spec.ts:296:1 › permission revoked during Save masks the retained draft until access is reverified (1.5s)
  ✓   98 [firefox] › apps/web/src/applications/forms/forms.component.spec.ts:314:1 › system fields stay read-only and each inserted node references a distinct server-defined code (774ms)
  ✓   99 [firefox] › apps/web/src/applications/forms/forms.component.spec.ts:328:1 › destructive preflight waits for explicit confirmation and sends its exact token (1.0s)
  ✓  100 [firefox] › apps/web/src/applications/forms/forms.component.spec.ts:347:1 › dirty exit and CAS conflict require an explicit decision while preserving the draft (2.0s)
  ✓  101 [firefox] › apps/web/src/applications/forms/forms.component.spec.ts:372:1 › structure CAS conflict keeps the entered name and offers an explicit latest-version reload (1.0s)
  ✓  102 [firefox] › apps/web/src/applications/forms/forms.component.spec.ts:392:1 › structure write permission revocation masks retained input until access is reverified (889ms)
  ✓  103 [firefox] › apps/web/src/applications/forms/forms.component.spec.ts:407:1 › late directory create for an old app cannot replace the selected app tree (1.1s)
  ✓  104 [firefox] › apps/web/src/applications/forms/forms.component.spec.ts:439:1 › empty structure explains the next action to keyboard and screen reader users (453ms)
  ✓  105 [firefox] › apps/web/src/applications/forms/forms.component.spec.ts:447:1 › removing an optional selected default option clears the invalid default before Save (714ms)
  ✓  106 [firefox] › apps/web/src/applications/forms/forms.component.spec.ts:466:1 › decimal controls keep exact text and signed rounding places on the definition wire (760ms)
  ✓  107 [firefox] › apps/web/src/applications/forms/forms.component.spec.ts:483:1 › preview dialog restores trigger focus after fast close and under reduced motion (1.6s)
  ✓  108 [firefox] › apps/web/src/applications/forms/forms.component.spec.ts:499:1 › existing-table form source creates another view without creating a table (1.4s)
  ✓  109 [firefox] › apps/web/src/applications/forms/forms.component.spec.ts:516:1 › directory rename and same-app move use current structure CAS while descendants are excluded (2.5s)
  ✓  110 [firefox] › apps/web/src/applications/forms/forms.component.spec.ts:546:1 › palette drag into a group preserves the chosen drop parent in saved layout (766ms)
  ✓  111 [firefox] › apps/web/src/applications/forms/forms.component.spec.ts:560:1 › new view beside a selected form inherits its directory (592ms)
  ✓  112 [firefox] › apps/web/src/applications/forms/forms.component.spec.ts:569:1 › existing member default remains visible and can be cleared without a candidate source (720ms)
  ✓  113 [firefox] › apps/web/src/applications/forms/forms.component.spec.ts:586:1 › text empty-string default and boolean unset false true remain distinct on Save (887ms)
  ✓  114 [firefox] › apps/web/src/applications/forms/forms.component.spec.ts:605:1 › no-op Save with unknown result blocks exit even when definition is not dirty (603ms)
  ✓  115 [firefox] › apps/web/src/applications/forms/forms.component.spec.ts:620:1 › A to B to A navigation ignores a late first-generation preflight (705ms)
  ✓  116 [firefox] › apps/web/src/applications/forms/forms.component.spec.ts:659:1 › definition requests bind verified actor and B cannot replay A unknown Save (910ms)
  ✓  117 [firefox] › apps/web/src/applications/forms/forms.component.spec.ts:680:1 › 401 and actor mismatch are handed to Shell without losing the designer draft (1.9s)
  ✓  118 [firefox] › apps/web/src/applications/forms/forms.component.spec.ts:702:1 › structure unknown operation stays with A through an actor switch (960ms)
  ✓  119 [firefox] › apps/web/src/applications/forms/forms.component.spec.ts:717:1 › dialog returns focus to its source after quick reverse and reopens (1.3s)
  ✓  120 [firefox] › apps/web/src/applications/forms/forms.component.spec.ts:730:1 › dialog closes immediately when reduced motion is requested (578ms)
  ✓  121 [firefox] › apps/web/src/applications/forms/forms.component.spec.ts:738:1 › owner member default picker searches, pages and saves the selected stable ID (780ms)
  ✓  122 [firefox] › apps/web/src/applications/forms/forms.component.spec.ts:763:1 › owner department default picker displays hierarchy candidate and saves ID (606ms)
  ✓  123 [firefox] › apps/web/src/applications/forms/forms.component.spec.ts:777:1 › second view can place an existing table field without creating another field ID (598ms)
  ✓  124 [firefox] › apps/web/src/applications/forms/forms.component.spec.ts:792:1 › removing a group leaves its table field available to place again (750ms)
  ✓  125 [firefox] › apps/web/src/applications/forms/forms.component.spec.ts:810:1 › preview explicit null selection does not bounce back to the configured default (545ms)
  ✓  126 [firefox] › apps/web/src/applications/forms/forms.component.spec.ts:824:1 › malformed successful structure receipt remains unconfirmed with the original operation (906ms)
  ✓  127 [firefox] › apps/web/src/applications/forms/forms.component.spec.ts:837:1 › malformed successful definition receipt does not erase draft or issue a new key (1.6s)
  ✓  128 [firefox] › apps/web/src/applications/forms/forms.component.spec.ts:852:1 › null JSON success envelope retains the original Save for recovery (705ms)
  ✓  129 [firefox] › apps/web/src/applications/forms/forms.component.spec.ts:867:1 › server failure after a Save request keeps its operation until verified (656ms)
  ✓  130 [firefox] › apps/web/src/applications/forms/forms.component.spec.ts:882:1 › server failure after a directory request keeps its name and operation (783ms)
  ✓  131 [firefox] › apps/web/src/applications/forms/forms.component.spec.ts:896:1 › StrictMode designer boots after effect setup cleanup setup and repeated component mounting (457ms)
  ✓  132 [firefox] › apps/web/src/applications/forms/forms.component.spec.ts:905:1 › StrictMode structure boots after effect setup cleanup setup and repeated component mounting (505ms)
  ✓  133 [firefox] › apps/web/src/applications/forms/forms.component.spec.ts:914:1 › StrictMode designer ignores a late first setup response after the replayed setup (527ms)
  ✓  134 [firefox] › apps/web/src/applications/forms/forms.component.spec.ts:939:1 › StrictMode structure ignores a late first setup response after the replayed setup (553ms)
  ✓  135 [firefox] › apps/web/src/applications/forms/forms.component.spec.ts:964:1 › cached designer draft is masked when return GET is forbidden (592ms)
  ✓  136 [firefox] › apps/web/src/applications/forms/forms.component.spec.ts:981:1 › StrictMode auth-route unmount and same actor return reverify before restoring input (853ms)
  ✓  137 [firefox] › apps/web/src/applications/forms/forms.component.spec.ts:999:1 › cached designer masks on auth version rejection and same actor reauth restores draft (1.6s)
  ✓  138 [firefox] › apps/web/src/applications/forms/forms.component.spec.ts:1017:1 › cached designer masks a changed actor guard before showing any old field (757ms)
  ✓  139 [firefox] › apps/web/src/applications/forms/forms.component.spec.ts:1037:1 › cached designer masks server GET failure then preserves draft after retry (690ms)
  ✓  140 [firefox] › apps/web/src/applications/forms/forms.component.spec.ts:1054:1 › revalidated newer definition warns and keeps dirty versions without rebasing (717ms)
  ✓  141 [firefox] › apps/web/src/applications/forms/forms.component.spec.ts:1077:1 › cached structure dialog is masked after permission revocation (532ms)
  ✓  142 [firefox] › apps/web/src/applications/forms/forms.component.spec.ts:1091:1 › revalidated newer structure retains original name and CAS version (904ms)
  ✓  143 [firefox] › apps/web/src/applications/forms/forms.component.spec.ts:1121:3 › unknown Save retry 401 retains original operation for later confirmation (917ms)
  ✓  144 [firefox] › apps/web/src/applications/forms/forms.component.spec.ts:1121:3 › unknown Save retry 403 retains original operation for later confirmation (938ms)
  ✓  145 [firefox] › apps/web/src/applications/forms/forms.component.spec.ts:1121:3 › unknown Save retry 409 retains original operation for later confirmation (1.0s)
  ✓  146 [firefox] › apps/web/src/applications/forms/forms.component.spec.ts:1150:1 › StrictMode guard clears on unmount while retaining an unknown Save packet (1.3s)
  ✓  147 [firefox] › apps/web/src/applications/forms/forms.component.spec.ts:1167:1 › StrictMode structure guard clears on unmount while retaining the unknown operation (1.8s)
  ✓  148 [firefox] › apps/web/src/applications/forms/forms.component.spec.ts:1182:1 › unknown structure retry denial retains original directory request after revalidation (1.0s)
  ✓  149 [firefox] › apps/web/src/applications/forms/forms.component.spec.ts:1201:1 › slow preflight is abandoned on Back before PUT and guard teardown is explicit (1.2s)
  ✓  150 [firefox] › apps/web/src/applications/forms/forms.component.spec.ts:1220:1 › discard cancels a gated preflight even when onBack is absent and the designer stays mounted (1.3s)
  ✓  151 [firefox] › apps/web/src/applications/forms/forms.component.spec.ts:1242:1 › external designer discard clears the scoped draft before delayed unmount (676ms)
  ✓  152 [firefox] › apps/web/src/applications/forms/forms.component.spec.ts:1256:1 › external structure discard clears entered directory before route remount (615ms)
  ✓  153 [firefox] › apps/web/src/applications/forms/forms.component.spec.ts:1269:1 › external preflight discard cancels PUT while route unmount is delayed (647ms)
  ✓  154 [firefox] › apps/web/src/applications/forms/forms.component.spec.ts:1288:1 › external leave retains an already sent unknown Save and its original key (857ms)
  ✓  155 [firefox] › apps/web/src/applications/forms/forms.component.spec.ts:1308:1 › external leave during sent PUT retains the packet until a same-actor result lookup (851ms)
  ✓  156 [firefox] › apps/web/src/applications/forms/forms.component.spec.ts:1339:1 › external structure leave keeps an unknown directory operation and entered name (1.3s)
  ✓  157 [firefox] › apps/web/src/applications/forms/forms.component.spec.ts:1358:1 › StrictMode old same-scope unsubscribe cannot clear the current controller (1.4s)
  ✓  158 [firefox] › apps/web/src/applications/forms/forms.component.spec.ts:1367:1 › external leave rejects a decision made before draft becomes preflight (647ms)
  ✓  159 [firefox] › apps/web/src/applications/forms/forms.component.spec.ts:1388:1 › external leave rejects a stale confirmation after draft content changes (590ms)
  ✓  160 [firefox] › apps/web/src/applications/forms/forms.component.spec.ts:1402:1 › explicit discard removes an ordinary draft while an unknown packet is never discarded implicitly (1.1s)
  ✓  161 [firefox] › apps/web/src/applications/forms/forms.component.spec.ts:1414:1 › datetime to non-datetime conversion clears timezone in preflight DTO (576ms)
[WebServer] 3:40:03 PM [vite] http proxy error: /api/v1/applications/00000000-0000-4000-8000-000000000101/forms/00000000-0000-4000-8000-000000000103/definition
[WebServer] Error: connect ECONNREFUSED 127.0.0.1:8080
[WebServer]     at TCPConnectWrap.afterConnect [as oncomplete] (node:net:1864:16)
  ✓  162 [firefox] › apps/web/src/applications/forms/forms.component.spec.ts:1429:1 › existing text field can request a guarded number type conversion (639ms)
  ✓  163 [firefox] › apps/web/src/applications/forms/forms.component.spec.ts:1444:1 › designer canvas renders the actual field control in a nonediting design state (445ms)
  ✓  164 [firefox] › apps/web/src/applications/forms/forms.component.spec.ts:1455:1 › changing an option mapping after successful preflight invalidates its token and pending packet (1.1s)
  ✓  165 [firefox] › apps/web/src/applications/forms/forms.component.spec.ts:1487:1 › expired confirmation token asks for another preflight instead of silently ignoring click (1.8s)
  ✓  166 [firefox] › apps/web/src/applications/forms/forms.renderer.component.spec.ts:5:1 › deleted reference remains visible as a disabled tombstone without enumeration (461ms)
  ✓  167 [firefox] › apps/web/src/applications/forms/forms.renderer.component.spec.ts:14:1 › editable reference loads distinct cursor pages and only selects active candidates (1.3s)
  ✓  168 [firefox] › apps/web/src/applications/forms/forms.renderer.component.spec.ts:26:1 › reference search is scoped to its query and does not reuse a prior cursor (518ms)
  ✓  169 [firefox] › apps/web/src/applications/forms/forms.renderer.component.spec.ts:37:1 › record leave scopes retain another actual resource after one unregisters (332ms)
  ✓  170 [firefox] › apps/web/src/applications/forms/forms.renderer.component.spec.ts:42:1 › separate unsaved record client draft scopes do not overwrite each other (341ms)
  ✓  171 [firefox] › apps/web/src/applications/forms/forms.renderer.component.spec.ts:47:1 › nullable boolean keeps unset, false, and true distinct with an explicit clear action (726ms)
  ✓  172 [firefox] › apps/web/src/applications/forms/forms.renderer.component.spec.ts:66:1 › read-only reference never shows an unsaved selected label without current display authority (575ms)
  ✓  173 [firefox] › apps/web/src/applications/forms/forms.renderer.component.spec.ts:76:1 › closing reference chooser aborts an in-flight later cursor page (590ms)
  ✓  174 [firefox] › apps/web/src/applications/forms/forms.renderer.component.spec.ts:89:1 › reference scope remount clears local selected label and prior candidate page (547ms)

  174 passed (2.2m)
