[WebServer] (node:147021) Warning: The 'NO_COLOR' env is ignored due to the 'FORCE_COLOR' env being set.
[WebServer] (Use `node --trace-warnings ...` to show where the warning was created)
[WebServer] (node:147035) Warning: The 'NO_COLOR' env is ignored due to the 'FORCE_COLOR' env being set.
[WebServer] (Use `node --trace-warnings ...` to show where the warning was created)

Running 12 tests using 1 worker

(node:147064) Warning: The 'NO_COLOR' env is ignored due to the 'FORCE_COLOR' env being set.
(Use `node --trace-warnings ...` to show where the warning was created)
  ✓   1 [chromium] › apps/web/src/applications/forms/forms.component.spec.ts:620:1 › A to B to A navigation ignores a late first-generation preflight (657ms)
  ✓   2 [chromium] › apps/web/src/applications/forms/forms.component.spec.ts:1079:1 › revalidated newer structure retains original name and CAS version (907ms)
  ✓   3 [chromium] › apps/web/src/applications/forms/forms.renderer.component.spec.ts:5:1 › deleted reference remains visible as a disabled tombstone without enumeration (253ms)
  ✓   4 [chromium] › apps/web/src/applications/forms/forms.renderer.component.spec.ts:14:1 › editable reference loads distinct cursor pages and only selects active candidates (381ms)
  ✓   5 [chromium] › apps/web/src/applications/forms/forms.renderer.component.spec.ts:26:1 › reference search is scoped to its query and does not reuse a prior cursor (302ms)
  ✓   6 [chromium] › apps/web/src/applications/forms/forms.renderer.component.spec.ts:37:1 › record leave scopes retain another actual resource after one unregisters (165ms)
(node:147205) Warning: The 'NO_COLOR' env is ignored due to the 'FORCE_COLOR' env being set.
(Use `node --trace-warnings ...` to show where the warning was created)
  ✓   7 [firefox] › apps/web/src/applications/forms/forms.component.spec.ts:620:1 › A to B to A navigation ignores a late first-generation preflight (2.1s)
  ✓   8 [firefox] › apps/web/src/applications/forms/forms.component.spec.ts:1079:1 › revalidated newer structure retains original name and CAS version (1.0s)
  ✓   9 [firefox] › apps/web/src/applications/forms/forms.renderer.component.spec.ts:5:1 › deleted reference remains visible as a disabled tombstone without enumeration (467ms)
  ✓  10 [firefox] › apps/web/src/applications/forms/forms.renderer.component.spec.ts:14:1 › editable reference loads distinct cursor pages and only selects active candidates (559ms)
  ✓  11 [firefox] › apps/web/src/applications/forms/forms.renderer.component.spec.ts:26:1 › reference search is scoped to its query and does not reuse a prior cursor (492ms)
  ✓  12 [firefox] › apps/web/src/applications/forms/forms.renderer.component.spec.ts:37:1 › record leave scopes retain another actual resource after one unregisters (360ms)

  12 passed (10.9s)
