✔ ADR14 reference candidates bind field action record and live authority (1.431073ms)
✔ ADR14 draft write minimum and history safe displays are explicit (0.17953ms)
✔ frozen record draft runtime and history methods are exact and actor guarded (0.236476ms)
✔ frozen record payloads and confirmations contain precise allowed values (0.245269ms)
✔ runtime and history expose only frozen safe DTO and record errors (0.197878ms)
✔ frozen application definition methods expose actual complete DTOs (1.637935ms)
✔ application candidate registers exact frozen incremental migration hashes (1.459336ms)
✔ frozen structure errors have stable status and recoverability (0.175274ms)
✔ appendix A exposes minimal owner-only member candidates and actual group labels (0.227833ms)
✔ appendix B marks optional negative actor constraint on every application method (0.427553ms)
✔ all shared OpenAPI references resolve (7.297791ms)
✔ appendix A.5 exposes minimal real department candidates (0.302826ms)
✔ API-CI-01: validator version is pinned in the frozen workspace lock (1.365895ms)
✔ API-CI-02: PR CI executes contract tests and 3.2.1 lint (0.241823ms)
✔ API-01: contract is OpenAPI 3.2.1 with the five authentication routes (0.939724ms)
✔ API-02: public writes and protected Cookie security match ADR-001/002 (0.684239ms)
✔ API-10: login delivers separate host cookies and protected writes require CSRF header (0.332751ms)
✔ API-03: creation, current session, logout and reset have precise statuses (0.148804ms)
✔ API-04: JSON envelope has exact required keys and no arbitrary top-level data (0.134482ms)
✔ API-05: registration and login require account/password; registration requires invitation (0.142384ms)
✔ API-06: published error table preserves accepted ADR mapping (0.367964ms)
✔ API-07: account rule preserves case and rejects internal ordinary spaces after trimming (0.107302ms)
✔ API-08: every declared response carries a server-issued request ID (1.945747ms)
✔ API-09: Alice and alice are distinct registrations and login lookups (0.200061ms)
✔ Q13: registration schema accepts only printable ASCII with four classes (1.005994ms)
✔ approved account length applies after ordinary-space trimming, not to raw input (0.259771ms)
✔ Q25 definition response accepts optional explicit empty templateIds and integer version (27.781249ms)
✔ Q25 response validator resolves pagination query without ignoring declared constraints (2.264397ms)
✔ Q25 invalid definition response integer, UUID and length fail independently (3.060024ms)
✔ Q25 template DTO optional relation array is registered in the executable contract (4.109283ms)
✔ Q25 all personnel operations are typed, Cookie protected and fail closed (0.933315ms)
✔ Q25 page pagination exception is explicit, bounded, and filtered server-side (0.169105ms)
✔ Q25 versions and explicit sets cannot mutate Root or directory ownership (0.670319ms)
✔ Q25 stable conflict/missing errors and invitation qualification are registered (0.218508ms)
✔ Q36 response oracle enforces draft capacity and payload bounds instead of ignoring extensions (37.845306ms)
✔ Q36 query responses retain paging and publish a session-owned opaque baseline (1.266826ms)
✔ Q36 both query views declare grouped AND/OR, field types and global bounds (0.29875ms)
✔ Q36 query changes, expiry and busy are distinguishable without repurposing old errors (0.141953ms)
✔ Q36 object checks remain and an exact draft version can be acknowledged on submission (0.142234ms)
✔ Q36 persistent personal drafts have explicit limits, conflict protection and no expiry (0.19275ms)
✔ Q36 approved POST searches carry object filters with route-local raw-body bounds and CSRF (2.048202ms)
✔ Q36 literal POST search response is not mistaken for a memberId route (32.251606ms)
✔ Q36 legacy GET has no complex filter/sort; draft raw wrapper budget exceeds canonical payload (0.387883ms)
✔ ADR008 personal table preset routes and three independent conflict codes (0.980695ms)
✔ ADR008 preset DTOs isolate ownership and freeze independent capacities (0.891582ms)
✔ Root V037: exact preview/action/status routes use existing Session and CSRF (1.465795ms)
✔ Root V037: exact closed action body and separate pending/final result shapes (0.262565ms)
✔ Root V037: stale task/basis and oversized real evidence have public safe conflicts (0.200191ms)
✔ V045 lifecycle endpoints retain Session and POST CSRF with private cache policy (1.257703ms)
✔ V045 withdrawal and return bodies are disjoint closed shapes with server task authority (0.256846ms)
✔ V045 lifecycle preview exposes masked record and bounded server targets (0.154853ms)
✔ Root publication HTTP separates durable acceptance from confirmed state (1.352474ms)
✔ Root publication request is closed and never accepts engine XML or receipt (0.262384ms)
✔ Root publication result exposes explicit pending unknown and terminal meanings (0.207252ms)
ℹ tests 54
ℹ suites 0
ℹ pass 54
ℹ fail 0
ℹ cancelled 0
ℹ skipped 0
ℹ todo 0
ℹ duration_ms 353.246686
