2026/10/07 05:37:03     Applied At                  Migration
2026/10/07 05:37:03     =======================================
2026/10/07 05:37:03     Wed Oct  7 02:14:37 2026 -- 00001_auth.sql
2026/10/07 05:37:03     Wed Oct  7 02:14:37 2026 -- 00002_personnel.sql
2026/10/07 05:37:03     Wed Oct  7 02:14:37 2026 -- 00003_query_drafts.sql
2026/10/07 05:37:03     Wed Oct  7 02:14:37 2026 -- 00004_query_revision_writers.sql
2026/10/07 05:37:03     Wed Oct  7 02:14:37 2026 -- 00005_table_presets.sql
2026/10/07 05:37:03     Wed Oct  7 02:14:37 2026 -- 00006_apps_policy.sql
2026/10/07 05:37:03     Wed Oct  7 02:14:37 2026 -- 00007_app_structure.sql
2026/10/07 05:37:03     Wed Oct  7 02:14:37 2026 -- 00008_app_records.sql
2026/10/07 05:37:03     Wed Oct  7 02:14:37 2026 -- 00009_record_save_history.sql
2026/10/07 05:37:03     Wed Oct  7 02:14:37 2026 -- 00010_member_source_label_width.sql
2026/10/07 05:37:03     Wed Oct  7 02:14:37 2026 -- 00011_record_reference_defaults.sql
2026/10/07 05:37:03     Wed Oct  7 02:14:37 2026 -- 00012_actual_reference_defaults.sql
2026/10/07 05:37:03     Wed Oct  7 02:14:37 2026 -- 00013_record_command_fence.sql
2026/10/07 05:37:03     Wed Oct  7 02:14:37 2026 -- 00014_workflow_command_ledger.sql
2026/10/07 05:37:03     Wed Oct  7 02:14:37 2026 -- 00015_workflow_catalog.sql
2026/10/07 05:37:03     Wed Oct  7 02:14:37 2026 -- 00016_workflow_management_operations.sql
2026/10/07 05:37:03     Wed Oct  7 02:14:37 2026 -- 00017_workflow_publications.sql
2026/10/07 05:37:03     Wed Oct  7 02:14:37 2026 -- 00018_workflow_execution_projection.sql
2026/10/07 05:37:03     Wed Oct  7 02:14:37 2026 -- 00019_workflow_execution_recovery.sql
2026/10/07 05:37:03     Wed Oct  7 02:14:37 2026 -- 00020_workflow_evidence.sql
2026/10/07 05:37:03     Wed Oct  7 02:14:37 2026 -- 00021_workflow_task_operations.sql
2026/10/07 05:37:03     Wed Oct  7 05:14:19 2026 -- 00022_workflow_lifecycle_operations.sql
