✔ ADR14 reference candidates bind field action record and live authority (2.312256ms)
✔ ADR14 draft write minimum and history safe displays are explicit (0.418547ms)
✔ frozen record draft runtime and history methods are exact and actor guarded (0.757902ms)
✔ frozen record payloads and confirmations contain precise allowed values (0.337304ms)
✔ runtime and history expose only frozen safe DTO and record errors (0.319654ms)
✔ frozen application definition methods expose actual complete DTOs (1.919949ms)
✔ application candidate registers exact frozen incremental migration hashes (1.556531ms)
✔ frozen structure errors have stable status and recoverability (0.445232ms)
✔ appendix A exposes minimal owner-only member candidates and actual group labels (0.588242ms)
✔ appendix B marks optional negative actor constraint on every application method (1.018899ms)
✔ all shared OpenAPI references resolve (15.333963ms)
✔ appendix A.5 exposes minimal real department candidates (0.52474ms)
✔ API-CI-01: validator version is pinned in the frozen workspace lock (1.328799ms)
✔ API-CI-02: PR CI executes contract tests and 3.2.1 lint (0.240477ms)
✔ API-01: contract is OpenAPI 3.2.1 with the five authentication routes (1.649314ms)
✔ API-02: public writes and protected Cookie security match ADR-001/002 (1.20908ms)
✔ API-10: login delivers separate host cookies and protected writes require CSRF header (0.622342ms)
✔ API-03: creation, current session, logout and reset have precise statuses (0.256621ms)
✔ API-04: JSON envelope has exact required keys and no arbitrary top-level data (0.208187ms)
✔ API-05: registration and login require account/password; registration requires invitation (0.274535ms)
✔ API-06: published error table preserves accepted ADR mapping (0.708115ms)
✔ API-07: account rule preserves case and rejects internal ordinary spaces after trimming (0.203108ms)
✔ API-08: every declared response carries a server-issued request ID (3.999612ms)
✔ API-09: Alice and alice are distinct registrations and login lookups (0.531561ms)
✔ Q13: registration schema accepts only printable ASCII with four classes (2.307008ms)
✔ approved account length applies after ordinary-space trimming, not to raw input (0.734317ms)
✔ Q25 definition response accepts optional explicit empty templateIds and integer version (63.370083ms)
✔ Q25 response validator resolves pagination query without ignoring declared constraints (3.43218ms)
✔ Q25 invalid definition response integer, UUID and length fail independently (6.238724ms)
✔ Q25 template DTO optional relation array is registered in the executable contract (8.774554ms)
✔ Q25 all personnel operations are typed, Cookie protected and fail closed (1.994521ms)
✔ Q25 page pagination exception is explicit, bounded, and filtered server-side (0.674535ms)
✔ Q25 versions and explicit sets cannot mutate Root or directory ownership (2.101177ms)
✔ Q25 stable conflict/missing errors and invitation qualification are registered (0.478765ms)
✔ Q36 response oracle enforces draft capacity and payload bounds instead of ignoring extensions (53.530276ms)
✔ Q36 query responses retain paging and publish a session-owned opaque baseline (1.939311ms)
✔ Q36 both query views declare grouped AND/OR, field types and global bounds (0.410761ms)
✔ Q36 query changes, expiry and busy are distinguishable without repurposing old errors (0.154589ms)
✔ Q36 object checks remain and an exact draft version can be acknowledged on submission (0.208429ms)
✔ Q36 persistent personal drafts have explicit limits, conflict protection and no expiry (0.214287ms)
✔ Q36 approved POST searches carry object filters with route-local raw-body bounds and CSRF (5.87955ms)
✔ Q36 literal POST search response is not mistaken for a memberId route (51.547436ms)
✔ Q36 legacy GET has no complex filter/sort; draft raw wrapper budget exceeds canonical payload (0.547849ms)
✔ ADR008 personal table preset routes and three independent conflict codes (1.06106ms)
✔ ADR008 preset DTOs isolate ownership and freeze independent capacities (0.706042ms)
✔ Root V037: exact preview/action/status routes use existing Session and CSRF (2.561051ms)
✔ Root V037: exact closed action body and separate pending/final result shapes (0.968842ms)
✔ Root V037: stale task/basis and oversized real evidence have public safe conflicts (0.363524ms)
✔ V045 lifecycle endpoints retain Session and POST CSRF with private cache policy (3.972596ms)
✔ V045 withdrawal and return bodies are disjoint closed shapes with server task authority (0.615719ms)
✔ V045 lifecycle preview exposes masked record and bounded server targets (0.50071ms)
✔ Root publication HTTP separates durable acceptance from confirmed state (1.757986ms)
✔ Root publication request is closed and never accepts engine XML or receipt (0.367696ms)
✔ Root publication result exposes explicit pending unknown and terminal meanings (0.392475ms)
✔ V046 summary search preserves session CSRF and no-store closed endpoint (3.529815ms)
✔ V046 search body only exposes bounded pagination and opaque context (0.341717ms)
✔ V046 summary projection contains no engine or private record payload (0.349325ms)
✔ B2 CI: fixture creates a private dedicated socket database with no network/ports (4.36885ms)
✔ B2 CI: an existing state file is never overwritten (2.908928ms)
✔ B2 CI: partial startup failure is nonzero and removes only its own fixture (1.458566ms)
✔ B2 CI: successful cleanup removes its container/data/socket/state and is idempotent (1.055349ms)
✔ B2 CI: cleanup refuses wrongOwner (1.209756ms)
✔ B2 CI: cleanup refuses wrongNetwork (1.220291ms)
✔ B2 CI: cleanup refuses wrongMount (0.876699ms)
✔ B2 CI: cleanup failure is not swallowed and retains recoverable state (0.63713ms)
✔ B2 CI: cleanup refuses an outside root without any Docker action (0.805886ms)
✔ B2 CI: cleanup refuses symlink state and never touches its target (0.902176ms)
✔ B2 CI: bootstrap exports the dedicated URL and always-cleanup accepts the actual state (1.24364ms)
✔ B2 CI: bootstrap rejects unknown commands instead of silently succeeding (0.240115ms)
✔ B2 CI: Go job supplies the fixture before race tests with unconditional owned cleanup (0.326794ms)
✔ B2 CI: acceptance gives nested Go the dedicated URL and matching socket mount (3.019695ms)
✔ B2 CI: acceptance failure cleans B2 and preserves original product stop-only lifecycle (1.623255ms)
✔ B5a frozen HTTP routes, method sets and live Web Session are explicit (3.076217ms)
✔ B5a DTOs use exact closed fields and finite menu grants (0.255867ms)
✔ B5a six public error codes retain frozen HTTP status (0.283004ms)
✔ B5a new migrations have exact reviewed compatibility hashes and runtime role pin (1.120421ms)
✔ B5a.9: fixture preserves the exact approved PR21 legacy PLAN bytes (5.025511ms)
✔ B5a.9: a valid canonical task without an auxiliary document still passes (93.873987ms)
✔ B5a.9: exact registered and referenced PR21 auxiliary PLAN passes discovery (60.787615ms)
✔ B5a.9: known auxiliary path rejects replaced contents (58.945154ms)
✔ B5a.9: known auxiliary path rejects one-byte addition (84.313695ms)
✔ B5a.9: known auxiliary path rejects forged task metadata (92.522028ms)
✔ B5a.9: known auxiliary path rejects a complete second task (75.043586ms)
✔ B5a.9: auxiliary compatibility rejects missing canonical task (82.679695ms)
✔ B5a.9: auxiliary compatibility rejects missing canonical metadata (75.953694ms)
✔ B5a.9: auxiliary compatibility rejects duplicate canonical metadata (75.041928ms)
✔ B5a.9: auxiliary compatibility rejects invalid canonical JSON (80.109373ms)
✔ B5a.9: auxiliary compatibility rejects other task identity (88.526222ms)
✔ B5a.9: auxiliary compatibility rejects missing canonical owner (81.880852ms)
✔ B5a.9: auxiliary compatibility rejects wrong branch identity (75.558479ms)
✔ B5a.9: auxiliary compatibility rejects wrong worktree identity (86.695841ms)
✔ B5a.9: auxiliary compatibility rejects invalid canonical scope (94.443213ms)
✔ B5a.9: auxiliary compatibility rejects empty canonical scope (89.701619ms)
✔ B5a.9: auxiliary compatibility rejects unregistered auxiliary scope (80.342229ms)
✔ B5a.9: auxiliary compatibility rejects a scope path that merely shares the prefix (63.875161ms)
✔ B5a.9: auxiliary compatibility rejects missing canonical reference (66.583805ms)
✔ B5a.9: auxiliary compatibility rejects a reference to a different PLAN (64.032973ms)
✔ B5a.9: auxiliary compatibility rejects incomplete ready canonical task (71.002391ms)
✔ B5a.9: auxiliary compatibility rejects a prematurely accepted canonical task (74.642863ms)
✔ B5a.9: legacy exception does not admit similar or malformed name V010-021-PLAN.md (71.257873ms)
✔ B5a.9: legacy exception does not admit similar or malformed name V030-020-PLAN.md (64.877162ms)
✔ B5a.9: legacy exception does not admit similar or malformed name V020-020-PLAN.md (59.351267ms)
✔ B5a.9: legacy exception does not admit similar or malformed name V999-020-PLAN.md (54.945167ms)
✔ B5a.9: legacy exception does not admit similar or malformed name V010-20-PLAN.md (51.671191ms)
✔ B5a.9: legacy exception does not admit similar or malformed name V010-0020-PLAN.md (66.917087ms)
✔ B5a.9: legacy exception does not admit similar or malformed name v010-020-PLAN.md (59.362939ms)
✔ B5a.9: legacy exception does not admit similar or malformed name V010-020-plan.md (64.004107ms)
✔ B5a.9: legacy exception does not admit similar or malformed name V010-020-PLAN-copy.md (71.631842ms)
✔ B5a.9: legacy exception does not admit similar or malformed name V010-020-PLAN.md.md (75.408015ms)
✔ B5a.9: an approved auxiliary does not conceal an additional fake task document (52.37018ms)
✔ B5a.9: auxiliary filename and content remain unsuitable as a canonical task (0.701605ms)
✔ B5a.9: auxiliary compatibility cannot supply cleanup completion or a fake task identity (2.284693ms)
✔ FND-03: CI runs real Go validation and browser tests (2.202097ms)
✔ FND-03: product acceptance and artifacts are explicit, not fake deploys (1.091983ms)
✔ FND-04: web entry is real React with no fabricated login UI (3.702312ms)
✔ FND-05: CI retains a source bundle without bundling local credentials (0.479897ms)
✔ FND-05: RED replay metadata pins the real pre-implementation source (1.200606ms)
✔ release: all mandatory evidence present is structurally ready (2.332254ms)
✔ release: a missing or empty matrix is not a pass (0.487079ms)
✔ release: pending, skipped, failed and blocked are never passed (0.234273ms)
✔ release: missing evidence, owner or duplicate IDs are rejected (0.155289ms)
✔ remote cleanup: matching accepted remote branch can be removed (2.056573ms)
✔ remote cleanup: no remote branch remains a successful idempotent state (0.333151ms)
✔ remote cleanup: refuse unmerged (0.284304ms)
✔ remote cleanup: refuse unfinished document (0.211944ms)
✔ remote cleanup: refuse new remote commit (0.146411ms)
✔ remote cleanup: refuse unverified squash (0.126273ms)
✔ remote cleanup: refuse offline snapshot (0.335056ms)
✔ local cleanup: removed remote does not erase valid local identity (0.186956ms)
✔ local cleanup: matching refs retain identity (0.123564ms)
✔ local cleanup: divergent refs cannot hide new work (0.161251ms)
✔ Root V036: one reviewed evidence migration follows recovery hot19 (2.5251ms)
✔ Root V036: every older migration identity and source remains unchanged (2.862247ms)
✔ Root V036: only reviewed append-only evidence roles are admitted (1.663931ms)
✔ Root V036: encrypted backup fixture includes evidence migration and original wire vectors (2.445123ms)
✔ Root V036: legacy fixture resets enumerate evidence dependencies without CASCADE (0.672633ms)
✔ Root V033: hot18 has one exact reviewed registration after publication migrations (2.206868ms)
✔ Root V033: all previous migration identities remain unchanged (0.65658ms)
✔ Root V033: reviewed least-privilege role source is accepted exactly (0.920265ms)
✔ Root V033: role policy still rejects unreviewed extra privileges (4.065816ms)
✔ Root V035: exactly one reviewed recovery migration follows hot18 (6.888248ms)
✔ Root V035: every prior migration identity and actual source is preserved (4.88799ms)
✔ Root V035: reviewed scheduler-only role source is admitted exactly (0.947193ms)
✔ Root V035: accepted payload and identity cannot gain unreviewed mutation grants (0.727316ms)
✔ Root R03: every approved migration is registered once with its actual source digest (12.566653ms)
✔ Root R03: prior reviewed migration registrations retain their exact paths and hashes (1.472758ms)
✔ Root R03: the new cold audit registration precedes all dependent hot registrations (0.265484ms)
✔ V043 task Save is a bounded session-authenticated PATCH with confirmed record response (6.041954ms)
✔ V043 node Save body has no client-controlled actor or task permissions (0.282132ms)
✔ V043 preview documents visible editable intersection as bounded UUIDs (0.247375ms)
✔ Root V037: exactly reviewed action migration follows immutable evidence (3.596207ms)
✔ Root V037: all earlier migration bytes and installed roles remain unchanged (3.320658ms)
✔ FND-02: parse a valid task and retain identity (4.324502ms)
✔ FND-02: malformed or duplicate metadata is rejected (1.073355ms)
✔ FND-02: a ready task with incomplete acceptance is invalid (0.854588ms)
✔ FND-02: no checkboxes is not proof of completion (0.482693ms)
✔ FND-02: mismatched branch, worktree and unsafe paths are rejected (1.001444ms)
✔ FND-02: accepted cannot be asserted before remote verification (0.341129ms)
✔ FND-02: complete remote main document + merged PR permits cleanup despite squash ancestry (1.950974ms)
✔ FND-02: refuse cleanup for offline snapshot (0.53638ms)
✔ FND-02: refuse cleanup for missing remote document (1.019622ms)
✔ FND-02: refuse cleanup for unfinished document (0.370361ms)
✔ FND-02: refuse cleanup for wrong task identity (0.278093ms)
✔ FND-02: refuse cleanup for unmerged PR (0.380241ms)
✔ FND-02: refuse cleanup for wrong merge base (0.180036ms)
✔ FND-02: refuse cleanup for different repository (0.340968ms)
✔ FND-02: refuse cleanup for other task branch (1.700262ms)
✔ FND-02: refuse cleanup for post-merge commit (1.954315ms)
✔ FND-02: refuse cleanup for dirty worktree (0.267232ms)
✔ FND-02: refuse cleanup for squash not in remote main (0.153807ms)
✔ FND-02: acceptance remains true after the task branch/worktree were cleaned (1.727642ms)
✔ FND-02: local completion without a merged PR is not accepted (0.338265ms)
✔ B0: V010 and V030 metadata and mixed approved dependencies remain valid (3.134152ms)
✔ B0: malformed/injected ID is rejected without throwing #0 (1.331426ms)
✔ B0: malformed/injected ID is rejected without throwing #1 (1.977922ms)
✔ B0: malformed/injected ID is rejected without throwing #2 (0.164258ms)
✔ B0: malformed/injected ID is rejected without throwing #3 (0.148671ms)
✔ B0: malformed/injected ID is rejected without throwing #4 (0.141564ms)
✔ B0: malformed/injected ID is rejected without throwing #5 (0.187956ms)
✔ B0: malformed/injected ID is rejected without throwing #6 (0.143228ms)
✔ B0: malformed/injected ID is rejected without throwing #7 (0.58604ms)
✔ B0: malformed/injected ID is rejected without throwing #8 (0.219024ms)
✔ B0: malformed/injected ID is rejected without throwing #9 (0.098513ms)
✔ B0: malformed/injected ID is rejected without throwing #10 (0.062929ms)
✔ B0: malformed/injected ID is rejected without throwing #11 (0.05312ms)
✔ B0: malformed/injected ID is rejected without throwing #12 (0.045924ms)
✔ B0: malformed/injected ID is rejected without throwing #13 (0.068444ms)
✔ B0: malformed/injected ID is rejected without throwing #14 (0.12838ms)
✔ B0: malformed/injected ID is rejected without throwing #15 (0.048283ms)
✔ B0: malformed/injected ID is rejected without throwing #16 (0.038402ms)
✔ B0: malformed/injected ID is rejected without throwing #17 (0.034391ms)
✔ B0: malformed/injected ID is rejected without throwing #18 (0.042892ms)
✔ B0: malformed/injected ID is rejected without throwing #19 (0.033931ms)
✔ B0: malformed/injected ID is rejected without throwing #20 (0.035286ms)
✔ B0: malformed/injected ID is rejected without throwing #21 (0.032714ms)
✔ B0: malformed/injected ID is rejected without throwing #22 (0.033112ms)
✔ B0: malformed/injected ID is rejected without throwing #23 (0.032757ms)
✔ B0: malformed/injected ID is rejected without throwing #24 (0.041962ms)
✔ B0: malformed/injected ID is rejected without throwing #25 (0.033709ms)
✔ B0: same task number in another version cannot satisfy branch/worktree identity (0.222819ms)
✔ B0: V030 retains unsafe-path, incomplete, no-PR and premature-acceptance guards (0.292366ms)
✔ B0: complete matching V030 permits the same acceptance/cleanup decisions as V010 (0.76534ms)
✔ B0: V030 acceptance and cleanup reject offline (0.251104ms)
✔ B0: V030 acceptance and cleanup reject unfinished (0.137382ms)
✔ B0: V030 acceptance and cleanup reject other version (0.335107ms)
✔ B0: V030 acceptance and cleanup reject unmerged (0.450884ms)
✔ B0: V030 acceptance and cleanup reject wrong base (0.454306ms)
✔ B0: V030 acceptance and cleanup reject wrong repository (0.12484ms)
✔ B0: V030 acceptance and cleanup reject wrong version PR (0.089164ms)
✔ B0: V030 cleanup still rejects dirty, changed-tip and unverified squash states (0.352195ms)
✔ B0: task discovery validates V030 documents instead of silently skipping them (77.08604ms)
✔ B0: discovered same-number metadata from another version is rejected (55.618076ms)
✔ B0: malformed and unsupported version-task filenames cannot disappear from discovery (180.236425ms)
✔ B0: real Git diff verifies a valid V030 PR and an unchanged V010 PR rule (238.046491ms)
✔ B0: V030 PR scope rejects an unrelated changed path (167.821099ms)
✔ B0: a V010 PR cannot consume a same-number V030 task document (108.409415ms)
✔ B0: V030 branch syntax remains exact and cannot contain malformed slug or injection (471.336673ms)
✔ B0: V030 CLI passes ID parsing then uses exact remote task path in start dry-run (470.557084ms)
✔ B0: V030 ready task still cannot be restarted (321.374725ms)
✔ B0: malformed/injected CLI IDs stop before any Git/gh execution (959.783321ms)
✔ B0: remote helper recognizes V030 while retaining exact-head conditional deletion (443.661022ms)
✔ B0: remote helper never deletes an unmerged or other-version task (404.242413ms)
✔ maintenance is a nondefault one-shot profile in runtime and installed config (4.50719ms)
✔ hourly cron invokes the same single-run operation as manual maintenance (0.541521ms)
✔ receiver rejects unreviewed profile/command/restart and topology mutations (0.924476ms)
✔ ordinary release cannot silently upgrade the installed resident maintenance topology (0.62162ms)
✔ one-shot orchestration records success without raw output (5.943881ms)
✔ one-shot orchestration records failure without raw output (1.644923ms)
✔ memory probe samples the four resident containers, not the exited task (86.223409ms)
✔ Q18 accepts declared compatible expansion but rejects history rewrite, missing approval and stale releases (2.036366ms)
✔ Q18 deployment only changes approved runtime config and exact images, retaining private volumes and origin (5.220601ms)
✔ approved config cannot include other host compose files, weaken service confinement or join external networks (1.334146ms)
✔ public Nginx rendering preserves API boundary and creates fixed HTTPS redirect (0.853209ms)
✔ promotion validates and backs up before migration and records only a healthy deployment (0.782071ms)
✔ backup failure never migrates; activation or health failure restores prior app/config without Down (1.603699ms)
✔ main delivery runs verification and acceptance before a serialized secret-scoped deployment (0.921946ms)
✔ compatibility registry uses explicit digest records, rejects ambiguous duplicate approvals (0.420161ms)
✔ transport rejects undeclared content, checksum tampering, secret paths, invalid image identities and oversized payloads (5.595914ms)
✔ framed receiver verifies every byte and rejects truncated, appended and corrupt images (17.846534ms)
✔ four kinds are stored by explicit natural day and only safe fields survive (39.851789ms)
✔ retention dry-run selects only approved kinds and inclusive natural-day cutoff (4.012408ms)
✔ symlinked category and destination file cannot escape the log root (2.906131ms)
✔ Q20 actual cleanup removes only days older than the approved inclusive 30-day window (12.474398ms)
✔ Q20 rejects nonapproved destructive parameters and preflights all paths before deleting (2.433979ms)
✔ Q20 installed policy accepts exactly confirmed deletion parameters and schedules bounded daily cleanup (1.3323ms)
✔ Q20 cleanup is daily and shares the collection lock (0.337326ms)
✔ FR06 common rules render local and public explicit environments (1.751082ms)
✔ FR06 explicit parameters reject config injection and invalid HSTS scope (0.665209ms)
✔ certificate task logs fixed outcomes without persisting raw command secrets (3.632097ms)
✔ collector records access stdout and application stderr, advances window, and excludes raw text (26.637246ms)
✔ approved explicit config connects operation records and collector is scheduled without deletion (1.264305ms)
✔ collector and Q20 cleanup are scheduled with the same overlap protection (0.558166ms)
✔ failed docker collection does not advance cursor or publish raw diagnostics (0.698331ms)
✔ unexpected HTTP method cannot stall collection or persist arbitrary method text (1.335071ms)
✔ large comparative experiments require the explicit Go cost build constraint (1.514711ms)
✔ comparative performance remains runnable in a separate manual workflow (1.092239ms)
✔ Q25 cold audit migration precedes hot migration: infra/acceptance/run.mjs (1.54716ms)
✔ Q25 cold audit migration precedes hot migration: infra/runtime/run.mjs (0.202358ms)
✔ Q25 cold audit migration precedes hot migration: .github/workflows/ci.yml (0.20799ms)
✔ Q25 cold audit migration precedes hot migration: infra/server/deploy/receive.mjs (0.117834ms)
✔ acceptance component count derives from the actual Playwright report (0.43867ms)
✔ Q25 personnel API regression is included in the real HTTPS entrypoint (0.264196ms)
✔ Q25 pinned role upgrade is executed with real PostgreSQL by the product workflow (0.198428ms)
✔ Q25 compatibility manifest records each new reviewed immutable migration (2.434226ms)
✔ GOV-01..04: valid repository passes without mutation (9.185865ms)
✔ GOV-01: missing file fails with its path (3.212977ms)
✔ GOV-01: whitespace-only required file is not valid (3.416025ms)
✔ GOV-02: deleting each hard-rule marker fails (3.546817ms)
✔ GOV-03: malformed JSON is reported, not thrown (1.709914ms)
✔ GOV-03: incorrect version and project fail (5.885338ms)
✔ GOV-03: impossible calendar date fails (1.464088ms)
✔ GOV-03: empty sources and non-object registry fail (2.451279ms)
✔ GOV-03: duplicate keys and page IDs fail (2.931526ms)
✔ GOV-03: external or mismatched source URLs fail (3.094648ms)
✔ GOV-03: missing metadata and malformed page ID fail (2.281199ms)
✔ GOV-03: unknown, duplicate and empty route references fail (3.978198ms)
✔ GOV-03: mandatory routes and always/product anchors cannot disappear (2.62558ms)
✔ GOV-04: nested instruction override fails (1.935622ms)
✔ GOV-04: generated/dependency directories are ignored (2.296325ms)
✔ GOV-01: nonexistent root reports errors (0.565933ms)
✔ CLI: valid repository exits zero (46.973216ms)
✔ CLI: invalid repository exits one and explains failure (58.422127ms)
✔ public HTTPS exposes only edge ports and preserves private data, images and input (3.296255ms)
✔ public access rejects untrusted TLS while default deployment stays private (2.167149ms)
✔ HTTP redirects all paths to the fixed HTTPS origin without trusting Host (0.627747ms)
✔ public TLS preserves same-origin API, non-cacheable auth and trusted proxy boundary (0.446064ms)
✔ existing loopback health and DNS-01 renewal still work independently of public DNS (0.789491ms)
✔ API actual TAP report counts every passed case (2.03665ms)
✔ API failed, skipped, truncated and contradictory reports cannot publish success (0.461797ms)
✔ browser counts come from the successful complete JSON report (0.299364ms)
✔ browser failure, flakiness, skips and empty reports cannot publish success (0.367484ms)
✔ runner declares report parsing and output destinations: infra/acceptance/run.mjs (0.410641ms)
✔ runner declares report parsing and output destinations: infra/runtime/run.mjs (0.148692ms)
✔ product acceptance shares a workflow-specific PR group with isolated non-PR runs (1.129114ms)
✔ product cancellation is enabled only for pull-request replacement runs (0.293073ms)
✔ product concurrency keeps the existing full verification stages unconditional (0.753896ms)
✔ ACME runner fixes operations, passes credentials only in environment and reports sanitized failure (8.281836ms)
✔ certificate activation verifies system trust before file replacement and validates Nginx before reload (106.801583ms)
✔ domain health verifies hostname with default trust while reaching only the SSH loopback endpoint (0.580368ms)
✔ domain health fixes IPv4 so Node never requests an all-address lookup result (0.267583ms)
▶ provided CSV is data only and maps exactly one credential pair without executing fields
  ✔ BOM, quoted headers and CRLF are supported (0.544431ms)
  ✔ missing, multiple and non-data values fail closed (0.471866ms)
  ✔ dotenv admits only the required names and never evaluates shell (0.748977ms)
✔ provided CSV is data only and maps exactly one credential pair without executing fields (2.452143ms)
▶ Q16 public-trust domain config keeps the SSH listener and schedules automatic renewal
  ✔ domain origin with loopback only (0.504758ms)
  ✔ renew twice daily without self-signed trust (0.699623ms)
✔ Q16 public-trust domain config keeps the SSH listener and schedules automatic renewal (2.280795ms)
▶ Q16 validates the actual certificate host, private key and remaining lifetime before replacement
  ✔ matching actual identity and key are accepted (0.966246ms)
  ✔ unrelated certificate is rejected (1.547248ms)
  ✔ mismatched private key is rejected (2.317606ms)
  ✔ expired certificate is rejected (0.371094ms)
✔ Q16 validates the actual certificate host, private key and remaining lifetime before replacement (280.688975ms)
✔ Q16 a failed Nginx validation restores both previous files and reloads the previous certificate (1.476121ms)
✔ Q16 explicitly uses Let's Encrypt DNSPod DNS-01 for the confirmed domain and no public listener (0.579011ms)
✔ Q15 server exposes only loopback HTTPS and preserves internal data network (0.323929ms)
✔ private Bootstrap credentials preserve the accepted seed JSON password field and exclude test fixtures (0.385744ms)
✔ operational schedules retain TLS verification, prevent overlap, and invoke only runtime tools (0.356789ms)
✔ server maintenance addresses only the authorized deployment and does not run test/build commands (0.631565ms)
✔ finished services restart automatically and have finite resource and log budgets (0.248244ms)
✔ deployment refuses every existing directory, including apparently empty ones (0.850333ms)
ℹ tests 320
ℹ suites 0
ℹ pass 320
ℹ fail 0
ℹ cancelled 0
ℹ skipped 0
ℹ todo 0
ℹ duration_ms 5263.43247
