docs/evidence/V030-048/batch3/typecheck.stdout:8: new blank line at EOF.
docs/evidence/V030-048/batch5/java.stdout:5: trailing whitespace.
+[INFO] 
docs/evidence/V030-048/batch5/java.stdout:10: trailing whitespace.
+[INFO] 
docs/evidence/V030-048/batch5/java.stdout:14: trailing whitespace.
+[INFO] 
docs/evidence/V030-048/batch5/java.stdout:17: trailing whitespace.
+[INFO] 
docs/evidence/V030-048/batch5/java.stdout:20: trailing whitespace.
+[INFO] 
docs/evidence/V030-048/batch5/java.stdout:24: trailing whitespace.
+[INFO] 
docs/evidence/V030-048/batch5/java.stdout:27: trailing whitespace.
+[INFO] 
docs/evidence/V030-048/batch5/java.stdout:33: trailing whitespace.
+[INFO] 
docs/evidence/V030-048/batch5/java.stdout:35: trailing whitespace.
+[INFO] 
docs/evidence/V030-048/batch5/java.stdout:37: trailing whitespace.
+[INFO] 
docs/evidence/V030-048/frontend-corrected/typecheck.stdout:8: new blank line at EOF.
docs/evidence/V030-048/performance/java-cost.stdout:5: trailing whitespace.
+[INFO] 
docs/evidence/V030-048/performance/java-cost.stdout:10: trailing whitespace.
+[INFO] 
docs/evidence/V030-048/performance/java-cost.stdout:14: trailing whitespace.
+[INFO] 
docs/evidence/V030-048/performance/java-cost.stdout:17: trailing whitespace.
+[INFO] 
docs/evidence/V030-048/performance/java-cost.stdout:20: trailing whitespace.
+[INFO] 
docs/evidence/V030-048/performance/java-cost.stdout:23: trailing whitespace.
+[INFO] 
docs/evidence/V030-048/performance/java-cost.stdout:26: trailing whitespace.
+[INFO] 
docs/evidence/V030-048/performance/java-cost.stdout:38: trailing whitespace.
+[INFO] 
docs/evidence/V030-048/performance/java-cost.stdout:40: trailing whitespace.
+[INFO] 
docs/evidence/V030-048/performance/java-cost.stdout:42: trailing whitespace.
+[INFO] 
docs/evidence/V030-048/root-batch3.patch:19: space before tab in indent.
+ 	for _, sample := range []struct {
docs/evidence/V030-048/root-batch3.patch:20: space before tab in indent.
+ 		kind string
docs/evidence/V030-048/root-batch3.patch:21: space before tab in indent.
+ 		size int
docs/evidence/V030-048/root-batch3.patch:43: space before tab in indent.
+ 	}
docs/evidence/V030-048/root-batch3.patch:44: space before tab in indent.
+ 	r := httptest.NewRequest("POST", "https://weaveos.test", strings.NewReader(`{}`))
docs/evidence/V030-048/root-batch3.patch:45: space before tab in indent.
+ 	r.Header.Set("Content-Type", "text/plain")
docs/evidence/V030-048/root-batch3.patch:49: space before tab in indent.
+ 		t.Fatal("layout rewrote business values")
docs/evidence/V030-048/root-batch3.patch:50: space before tab in indent.
+ 	}
docs/evidence/V030-048/root-batch3.patch:54: space before tab in indent.
+ 	f := setup(t)
docs/evidence/V030-048/root-batch3.patch:55: space before tab in indent.
+ 	view, _ := newForm(t, f)
docs/evidence/V030-048/root-batch3.patch:56: space before tab in indent.
+ 	member := field(t, f, "member", uuid(t, f.owner), map[string]any{})
docs/evidence/V030-048/root-batch3.patch:103: trailing whitespace.
+ 
docs/evidence/V030-048/root-batch4.patch:35: space before tab in indent.
+ 		t.Fatal(e)
docs/evidence/V030-048/root-batch4.patch:36: space before tab in indent.
+ 	}
docs/evidence/V030-048/root-batch4.patch:37: space before tab in indent.
+ 	m, fields := rootEvidenceStoreRead(t, f, f.bundle.Hash, []string{f.public, f.reference})
docs/evidence/V030-048/root-batch4.patch:48: space before tab in indent.
+ 	if m.Header.RecordVersion != 1 {
docs/evidence/V030-048/root-batch4.patch:49: space before tab in indent.
+ 		t.Fatal("history followed current record version")
docs/evidence/V030-048/root-batch4.patch:50: space before tab in indent.
+ 	}
docs/evidence/V030-048/root-batch4.patch:55: space before tab in indent.
+ 	"encoding/json"
docs/evidence/V030-048/root-batch4.patch:56: space before tab in indent.
+ 	"errors"
docs/evidence/V030-048/root-batch4.patch:59: space before tab in indent.
+ 	"sync"
docs/evidence/V030-048/root-batch4.patch:60: space before tab in indent.
+ 	"testing"
docs/evidence/V030-048/root-batch4.patch:61: trailing whitespace.
+ 
docs/evidence/V030-048/root-batch4.patch:63: space before tab in indent.
+ 		t.Fatal(e)
docs/evidence/V030-048/root-batch4.patch:64: space before tab in indent.
+ 	}
docs/evidence/V030-048/root-batch4.patch:65: space before tab in indent.
+ 	var saved flowgraph.Graph
docs/evidence/V030-048/root-batch4.patch:68: space before tab in indent.
+ 		t.Fatalf("missing immutable version %s", raw)
docs/evidence/V030-048/root-batch4.patch:69: space before tab in indent.
+ 	}
docs/evidence/V030-048/root-batch4.patch:70: space before tab in indent.
+ 	tx, e := f.runtime.Begin(f.ctx)
docs/evidence/V030-048/root-batch4.patch:72: space before tab in indent.
+ 	if got := rootCatalogConflicts(t, f, rootCatalogFields(f, appquery.Multiline)); len(got) != 0 {
docs/evidence/V030-048/root-batch4.patch:73: space before tab in indent.
+ 		t.Fatalf("compatible text equality blocked %+v", got)
docs/evidence/V030-048/root-batch4.patch:74: space before tab in indent.
+ 	}
docs/evidence/V030-048/root-batch4.patch:102: space before tab in indent.
+ 	removed := rootCatalogFields(f, appquery.Text)[1:]
docs/evidence/V030-048/root-batch4.patch:119: space before tab in indent.
+ 	f := newRecordFixture(t)
docs/evidence/V030-048/root-batch4.patch:123: space before tab in indent.
+ 	if _, e := Validate(makeChain(101), fields()); !errors.Is(e, ErrInvalid) {
docs/evidence/V030-048/root-batch4.patch:124: space before tab in indent.
+ 		t.Fatalf("101 nodes: %v", e)
docs/evidence/V030-048/root-batch4.patch:125: space before tab in indent.
+ 	}
docs/evidence/V030-048/root-batch4.patch:140: space before tab in indent.
+ 	g.Nodes[1].Approval.AssigneeIDs = nil
docs/evidence/V030-048/root-batch4.patch:141: space before tab in indent.
+ 	for i := 100; i < 150; i++ {
docs/evidence/V030-048/root-batch4.patch:142: space before tab in indent.
+ 		g.Nodes[1].Approval.AssigneeIDs = append(g.Nodes[1].Approval.AssigneeIDs, rid(i))
docs/evidence/V030-048/root-batch4.patch:148: trailing whitespace.
+ 
docs/evidence/V030-048/root-batch4.patch:199: space before tab in indent.
+ 	if w := f.request("POST", "/api/v1/personnel/identities", `{"name":"x","description":"","templateIds":[],"permissionCodes":[],"version":0}`, true, true); w.Code != 400 {
docs/evidence/V030-048/root-batch4.patch:200: space before tab in indent.
+ 		t.Fatalf("create must reject edit-only version even zero, got %d", w.Code)
docs/evidence/V030-048/root-batch4.patch:201: space before tab in indent.
+ 	}
docs/evidence/V030-048/root-batch4.patch:208: space before tab in indent.
+ 	for _, query := range []string{"?page=0", "?pageSize=101", "?page=1&page=2", "?bootstrapAdmin=true"} {
docs/evidence/V030-048/root-batch4.patch:209: space before tab in indent.
+ 		if w := f.request("GET", "/api/v1/personnel/members"+query, "", true, false); w.Code != 400 {
docs/evidence/V030-048/root-batch4.patch:210: space before tab in indent.
+ 			t.Fatalf("strict query %s: %d", query, w.Code)
docs/evidence/V030-048/root-batch5.patch:56: space before tab in indent.
+ 	"encoding/json"
docs/evidence/V030-048/root-batch5.patch:57: space before tab in indent.
+ 	"fmt"
docs/evidence/V030-048/root-batch5.patch:58: space before tab in indent.
+ 	"net/http"
docs/evidence/V030-048/root-batch5.patch:61: space before tab in indent.
+ 	"testing"
docs/evidence/V030-048/root-batch5.patch:77: trailing whitespace.
+ 
docs/evidence/V030-048/root-batch5.patch:79: space before tab in indent.
+ 	return fmt.Sprintf("/api/v1/applications/%s/forms/%s/records/%s/workflow-instances/search", f.app, f.view, f.record)
docs/evidence/V030-048/root-batch5.patch:82: space before tab in indent.
+ 	f := rootHTTPTaskSetup(t)
docs/evidence/V030-048/root-batch5.patch:83: space before tab in indent.
+ 	data := rootHTTPData(t, f.call(t, "POST", rootWorkflowReadPath(f), `{"page":1}`, nil), 200)
docs/evidence/V030-048/root-batch5.patch:88: space before tab in indent.
+ 	var items []map[string]json.RawMessage
docs/evidence/V030-048/root-batch5.patch:89: space before tab in indent.
+ 	if e := json.Unmarshal(data["items"], &items); e != nil || len(items) != 1 {
docs/evidence/V030-048/root-batch5.patch:90: space before tab in indent.
+ 		t.Fatalf("items %s %v", data["items"], e)
docs/evidence/V030-048/root-batch5.patch:91: space before tab in indent.
+ 	}
docs/evidence/V030-048/root-batch5.patch:108: space before tab in indent.
+ 	}
docs/evidence/V030-048/root-batch5.patch:109: space before tab in indent.
+ 	if rootHTTPString(t, items[0], "id") != f.instance || rootHTTPString(t, items[0], "state") != "active" || string(data["pageSize"]) != "20" || rootHTTPString(t, data, "queryVersion") == "" {
docs/evidence/V030-048/root-batch5.patch:110: space before tab in indent.
+ 		t.Fatalf("wrong summary %v", data)
docs/evidence/V030-048/root-batch5.patch:115: space before tab in indent.
+ 	"encoding/json"
docs/evidence/V030-048/root-batch5.patch:116: space before tab in indent.
+ 	"net/http"
docs/evidence/V030-048/root-batch5.patch:118: space before tab in indent.
+ 	"strings"
docs/evidence/V030-048/root-batch5.patch:119: space before tab in indent.
+ 	"testing"
docs/evidence/V030-048/root-batch5.patch:122: space before tab in indent.
+ 	op := f.id(t)
docs/evidence/V030-048/root-batch5.patch:123: space before tab in indent.
+ 	body := rootHTTPSaveBody(op, token, f.field, "saved by node")
docs/evidence/V030-048/root-batch5.patch:124: space before tab in indent.
+ 	saved := rootHTTPData(t, f.call(t, "PATCH", f.taskPath()+"/record", body, nil), 200)
docs/evidence/V030-048/root-batch5.patch:128: space before tab in indent.
+ 		t.Fatal("save response not original record result")
docs/evidence/V030-048/root-batch5.patch:129: space before tab in indent.
+ 	}
docs/evidence/V030-048/root-batch5.patch:130: space before tab in indent.
+ 	repeated := rootHTTPData(t, f.call(t, "PATCH", f.taskPath()+"/record", body, nil), 200)
docs/evidence/V030-048/root-batch5.patch:135: space before tab in indent.
+ 	}
docs/evidence/V030-048/root-batch5.patch:136: space before tab in indent.
+ 	result := rootHTTPData(t, f.call(t, "GET", "/api/v1/application-operations/"+op, "", nil), 200)
docs/evidence/V030-048/root-batch5.patch:137: space before tab in indent.
+ 	if string(result["httpStatus"]) != "200" {
docs/evidence/V030-048/root-batch5.patch:141: space before tab in indent.
+ 	"context"
docs/evidence/V030-048/root-batch5.patch:142: space before tab in indent.
+ 	"crypto/sha256"
docs/evidence/V030-048/root-batch5.patch:143: space before tab in indent.
+ 	"encoding/base64"
docs/evidence/V030-048/root-batch5.patch:146: space before tab in indent.
+ 	"io"
docs/evidence/V030-048/root-batch5.patch:147: space before tab in indent.
+ 	"net"
docs/evidence/V030-048/root-batch5.patch:148: space before tab in indent.
+ 	"net/http"
docs/evidence/V030-048/root-batch5.patch:150: space before tab in indent.
+ 	go func() {
docs/evidence/V030-048/root-batch5.patch:151: space before tab in indent.
+ 		r, e := (&http.Client{Timeout: 15 * time.Second}).Do(request)
docs/evidence/V030-048/root-batch5.patch:152: space before tab in indent.
+ 		if e == nil {
docs/evidence/V030-048/root-batch5.patch:156: space before tab in indent.
+ 			_ = r.Body.Close()
docs/evidence/V030-048/root-batch5.patch:165: space before tab in indent.
+ 		}
docs/evidence/V030-048/root-batch5.patch:166: space before tab in indent.
+ 		response <- e
docs/evidence/V030-048/root-batch5.patch:167: space before tab in indent.
+ 	}()
docs/evidence/V030-048/root-batch5.patch:169: space before tab in indent.
+ 		t.Fatal(e)
docs/evidence/V030-048/root-batch5.patch:170: space before tab in indent.
+ 	}
docs/evidence/V030-048/root-batch5.patch:171: space before tab in indent.
+ 	select {
docs/evidence/V030-048/root-batch5.patch:177: space before tab in indent.
+ 	case <-time.After(5 * time.Second):
docs/evidence/V030-048/root-batch5.patch:178: space before tab in indent.
+ 		t.Fatal("held HTTP request failed to finish after unlock")
docs/evidence/V030-048/root-batch5.patch:179: space before tab in indent.
+ 	}
docs/evidence/V030-048/root-batch5.patch:183: space before tab in indent.
+ 	}
docs/evidence/V030-048/root-batch5.patch:184: space before tab in indent.
+ 	assertState(t, f, []string{column1}, "0")
docs/evidence/V030-048/root-batch5.patch:185: space before tab in indent.
+ 	var fields []byte
docs/evidence/V030-048/root-batch5.patch:202: space before tab in indent.
+ 	}
docs/evidence/V030-048/root-batch5.patch:204: trailing whitespace.
+ 
docs/evidence/V030-048/root-batch5.patch:208: trailing whitespace.
+ 
docs/evidence/V030-048/root-batch5.patch:210: space before tab in indent.
+ 	"context"
docs/evidence/V030-048/root-batch5.patch:212: space before tab in indent.
+ 	"testing"
docs/evidence/V030-048/root-batch5.patch:214: trailing whitespace.
+ 
docs/evidence/V030-048/root-batch5.patch:216: space before tab in indent.
+ 	if e = f.pool.QueryRow(context.Background(), "SELECT to_regclass($1) IS NOT NULL", f.namespace+"."+tableName).Scan(&present); e != nil || present {
docs/evidence/V030-048/root-batch5.patch:217: space before tab in indent.
+ 		t.Fatal("rollback must remove real DDL", present, e)
docs/evidence/V030-048/root-batch5.patch:218: space before tab in indent.
+ 	}
docs/evidence/V030-048/root-batch5.patch:230: trailing whitespace.
+ 
docs/evidence/V030-048/root-batch5.patch:232: space before tab in indent.
+ 	"context"
docs/evidence/V030-048/root-batch5.patch:234: space before tab in indent.
+ 	"testing"
docs/evidence/V030-048/root-batch5.patch:236: trailing whitespace.
+ 
docs/evidence/V030-048/root-batch5.patch:238: space before tab in indent.
+ 	if r.Revision != "1" {
docs/evidence/V030-048/root-batch5.patch:239: space before tab in indent.
+ 		t.Fatal("save revision")
docs/evidence/V030-048/root-batch5.patch:240: space before tab in indent.
+ 	}
docs/evidence/V030-048/root-batch5.patch:258: space before tab in indent.
+ 	}
docs/evidence/V030-048/root-cli-fixture.patch:5: trailing whitespace.
+ 
docs/evidence/V030-048/root-cli-fixture.patch:12: space before tab in indent.
+ 	binary := filepath.Join(t.TempDir(), "maintenance.exe")
docs/evidence/V030-048/root-cli-fixture.patch:13: space before tab in indent.
+ 	if output, err := exec.Command("go", "build", "-o", binary, ".").CombinedOutput(); err != nil {
docs/evidence/V030-048/root-cli-fixture.patch:14: space before tab in indent.
+ 		t.Fatalf("build: %s: %v", output, err)
docs/evidence/V030-048/root-final-cost.patch:4: space before tab in indent.
+ 		elapsed := float64(time.Since(start).Microseconds()) / 1000
docs/evidence/V030-048/root-final-cost.patch:5: space before tab in indent.
+ 		c.active.Store(false)
docs/evidence/V030-048/root-final-cost.patch:6: space before tab in indent.
+ 		logCost(t, "grants.replace.submitted", n, []int64{c.queries.Load()}, []float64{elapsed})
docs/evidence/V030-048/root-final-cost.patch:11: space before tab in indent.
+ 		}
docs/evidence/V030-048/root-final-cost.patch:12: space before tab in indent.
+ 		rev++
docs/evidence/V030-048/root-final-cost.patch:13: space before tab in indent.
+ 		var stored int
docs/evidence/V030-048/root-final-cost.patch:17: space before tab in indent.
+ 	"github.com/jackc/pgx/v5/pgxpool"
docs/evidence/V030-048/root-final-cost.patch:19: trailing whitespace.
+ 
docs/evidence/V030-048/root-final-cost.patch:24: space before tab in indent.
+ 	active         atomic.Bool
docs/evidence/V030-048/root-final-cost.patch:26: space before tab in indent.
+ 	b, _ := json.Marshal(map[string]any{"kind": kind, "size": n, "dataStatementCounts": counts, "latencyMs": times, "medianMs": sorted[len(sorted)/2], "scope": "same isolated PostgreSQL18.6; actual auth_app; direct application method; setup and tx-control statements excluded"})
docs/evidence/V030-048/root-final-cost.patch:27: space before tab in indent.
+ 	t.Log("B5_COST " + string(b))
docs/evidence/V030-048/root-final-cost.patch:31: space before tab in indent.
+ 	for _, n := range []int{0, 10, 100, 1000} {
docs/evidence/V030-048/root-final-cost.patch:32: space before tab in indent.
+ 		t.Run(fmt.Sprint(n), func(t *testing.T) {
docs/evidence/V030-048/root-final-cost.patch:33: space before tab in indent.
+ 			f := fixture(t, false)
docs/evidence/V030-048/root-final-cost.patch:35: space before tab in indent.
+ 			}
docs/evidence/V030-048/root-final-cost.patch:36: space before tab in indent.
+ 			logCost(t, "list", n, counts, times)
docs/evidence/V030-048/root-final-cost.patch:37: space before tab in indent.
+ 			for _, count := range counts {
docs/evidence/V030-048/root-final-cost.patch:42: space before tab in indent.
+ 					break
docs/evidence/V030-048/root-final-cost.patch:43: space before tab in indent.
+ 				}
docs/evidence/V030-048/root-final-cost.patch:44: space before tab in indent.
+ 			}
docs/evidence/V030-048/root-frontend.patch:21: trailing whitespace.
+ 
docs/evidence/V030-048/root-frontend.patch:40: trailing whitespace.
+ 
docs/evidence/V030-048/root-frontend.patch:45: trailing whitespace.
+ 
docs/evidence/V030-048/root-frontend.patch:74: trailing whitespace.
+ 
docs/evidence/V030-048/root-frontend.patch:86: trailing whitespace.
+ 
docs/evidence/V030-048/root-frontend.patch:90: trailing whitespace.
+ 
docs/evidence/V030-048/root-frontend.patch:106: trailing whitespace.
+ 
docs/evidence/V030-048/root-wiring.patch:4: space before tab in indent.
+ 	"net/url"
docs/evidence/V030-048/root-wiring.patch:5: space before tab in indent.
+ 	"os"
docs/evidence/V030-048/root-wiring.patch:6: space before tab in indent.
+ 	"reflect"
docs/evidence/V030-048/root-wiring.patch:8: space before tab in indent.
+ 	"strings"
docs/evidence/V030-048/root-wiring.patch:9: space before tab in indent.
+ 	"testing"
docs/evidence/V030-048/root-wiring.patch:48: trailing whitespace.
+ 
docs/evidence/V030-048/root-wiring.patch:50: space before tab in indent.
+ 	values := map[string]string{"WEAVEOS_DEFINITION_HMAC_KEY": base64.StdEncoding.EncodeToString([]byte("isolated-definition-test-32bytes!")), "WEAVEOS_DEFINITION_KEY_ID": "test", "WEAVEOS_SCHEMA_LOCK_TIMEOUT_MS": "1000", "WEAVEOS_SCHEMA_STATEMENT_TIMEOUT_MS": "5000"}
docs/evidence/V030-048/root-wiring.patch:52: space before tab in indent.
+ 	if e != nil {
docs/evidence/V030-048/root-wiring.patch:53: space before tab in indent.
+ 		t.Fatal(e)
docs/evidence/V030-048/root-wiring.patch:54: space before tab in indent.
+ 	}
docs/evidence/V030-048/root-wiring.patch:60: space before tab in indent.
+ 	}
docs/evidence/V030-048/root-wiring.patch:61: space before tab in indent.
+ 	values["WEAVEOS_SCHEMA_LOCK_TIMEOUT_MS"] = "0"
docs/evidence/V030-048/root-wiring.patch:62: space before tab in indent.
+ 	if _, e = readConfig(func(k string) string { return values[k] }); e == nil {
docs/evidence/V030-048/root-wiring.patch:64: space before tab in indent.
+ 	var out struct {
docs/evidence/V030-048/root-wiring.patch:65: space before tab in indent.
+ 		Data struct{ Form struct{ ID string } }
docs/evidence/V030-048/root-wiring.patch:66: space before tab in indent.
+ 	}
docs/evidence/V030-048/root-wiring.patch:71: space before tab in indent.
+ 	var saveID string
docs/evidence/V030-048/root-wiring.patch:76: space before tab in indent.
+ 	var fieldID string
docs/evidence/V030-048/root-wiring.patch:81: space before tab in indent.
+ 	var referenceID string
docs/evidence/V030-048/root-wiring.patch:86: space before tab in indent.
+ 	w = request("PUT", "/forms/"+out.Data.Form.ID+"/definition", `{"operationId":"`+saveID+`","expectedSchemaVersion":0,"expectedViewVersion":0,"fields":[{"id":"`+fieldID+`","name":"标题","kind":"text","required":false,"default":null,"config":{"maxLength":null},"presentation":{"helpText":null,"displayTimeZone":null}},{"id":"`+referenceID+`","name":"成员引用","kind":"member","required":false,"default":null,"config":{},"presentation":{"helpText":null,"displayTimeZone":null}}],"layout":[],"optionMappings":[],"confirmationToken":null}`)
docs/evidence/V030-048/root-wiring.patch:87: space before tab in indent.
+ 	if w.Code != 200 {
docs/evidence/V030-048/root-wiring.patch:88: space before tab in indent.
+ 		t.Fatalf("composed actual Save %d %s", w.Code, w.Body.String())
docs/evidence/V030-048/root-wiring.patch:90: space before tab in indent.
+ 		if e := json.Unmarshal(w.Body.Bytes(), &mutation); e != nil {
docs/evidence/V030-048/root-wiring.patch:91: space before tab in indent.
+ 			t.Fatal(e)
docs/evidence/V030-048/root-wiring.patch:92: space before tab in indent.
+ 		}
docs/evidence/V030-048/root-wiring.patch:98: space before tab in indent.
+ 		id := mutation.Data.ID
docs/evidence/V030-048/root-wiring.patch:99: space before tab in indent.
+ 		if id == "" || mutation.Data.RecordVersion != 1 || mutation.Data.SchemaVersion != 1 || !strings.HasSuffix(w.Header().Get("Location"), "/records/"+id) {
docs/evidence/V030-048/root-wiring.patch:100: space before tab in indent.
+ 			t.Fatalf("exact create response %s", w.Body.String())
docs/evidence/V030-048/root-wiring.patch:101: space before tab in indent.
+ 		}
docs/evidence/V030-048/root-wiring.patch:102: space before tab in indent.
+ 		w = request("GET", root+"/records/"+id, "")
docs/evidence/V030-048/root-wiring.patch:108: space before tab in indent.
+ 		}
docs/evidence/V030-048/root-wiring.patch:109: space before tab in indent.
+ 		w = request("POST", root+"/records/search", `{"page":1,"pageSize":20,"filter":null,"sort":null}`)
docs/evidence/V030-048/root-wiring.patch:110: space before tab in indent.
+ 		if w.Code != 200 {
docs/evidence/V030-048/root-wiring.patch:112: space before tab in indent.
+ 			t.Fatalf("actual edit %d %s", w.Code, w.Body.String())
docs/evidence/V030-048/root-wiring.patch:113: space before tab in indent.
+ 		}
docs/evidence/V030-048/root-wiring.patch:114: space before tab in indent.
+ 		w = request("POST", root+"/records", body)
docs/evidence/V030-048/root-wiring.patch:119: space before tab in indent.
+ 		}
docs/evidence/V030-048/root-wiring.patch:120: space before tab in indent.
+ 		w = request("GET", root+"/records/"+id+"/history", "")
docs/evidence/V030-048/root-wiring.patch:151: space before tab in indent.
+ 		}
docs/evidence/V030-048/root-wiring.patch:152: space before tab in indent.
+ 		var count int
docs/evidence/V030-048/root-wiring.patch:153: space before tab in indent.
+ 		if e := p.QueryRow(c, "SELECT count(*) FROM applications.record_change_events WHERE app_id=$1 AND record_id=$2", app, id).Scan(&count); e != nil || count != 2 {
docs/evidence/V030-048/root-wiring.patch:154: space before tab in indent.
+ 			t.Fatalf("actual history events %d %v", count, e)
docs/evidence/V030-048/root-wiring.patch:155: space before tab in indent.
+ 		}
docs/evidence/V030-048/root-wiring.patch:156: space before tab in indent.
+ 		w = request("PATCH", root+"/records/"+id, `{"operationId":"`+newID()+`","expectedSchemaVersion":1,"expectedRecordVersion":1,"changes":{}}`)
docs/evidence/V030-048/root-wiring.patch:161: space before tab in indent.
+ 		w = request("POST", root+"/records/search", `{"page":1,"pageSize":20,"filter":null,"sort":null,"queryVersion":"`+page.Data.QueryVersion+`"}`)
docs/evidence/V030-048/root-wiring.patch:166: space before tab in indent.
+ 		w = request("POST", root+"/records/search", `{"page":1,"pageSize":20,"filter":null,"sort":null,"queryVersion":"not-a-token"}`)
docs/evidence/V030-048/root-wiring.patch:171: space before tab in indent.
+ 		for _, body := range []string{`{"operationId":"` + newID() + `","expectedSchemaVersion":1,"values":{},"extra":true}`, `{"operationId":"` + newID() + `","expectedSchemaVersion":1,"values":{"` + fieldID + `":123}}`, `{"operationId":"` + newID() + `","expectedSchemaVersion":1,"values":{},"values":{}}`} {
docs/evidence/V030-048/root-wiring.patch:172: space before tab in indent.
+ 			w = request("POST", root+"/records", body)
docs/evidence/V030-048/root-wiring.patch:177: space before tab in indent.
+ 		}
docs/evidence/V030-048/root-wiring.patch:178: space before tab in indent.
+ 		for _, bad := range []struct {
docs/evidence/V030-048/root-wiring.patch:179: space before tab in indent.
+ 			header, value string
docs/evidence/V030-048/root-wiring.patch:181: space before tab in indent.
+ 			r.AddCookie(&http.Cookie{Name: session.CSRFCookieName, Value: csrf})
docs/evidence/V030-048/root-wiring.patch:182: space before tab in indent.
+ 			w := httptest.NewRecorder()
docs/evidence/V030-048/root-wiring.patch:183: space before tab in indent.
+ 			*w = *serve(r)
docs/evidence/V030-048/root-wiring.patch:188: space before tab in indent.
+ 		}
docs/evidence/V030-048/root-wiring.patch:189: space before tab in indent.
+ 		if e := p.QueryRow(c, "SELECT count(*) FROM applications.operations WHERE app_id=$1 AND operation_kind='record.create'", app).Scan(&count); e != nil || count != 1 {
docs/evidence/V030-048/root-wiring.patch:190: space before tab in indent.
+ 			t.Fatalf("rejected input/CSRF/actor must have no operation effects %d %v", count, e)
docs/evidence/V030-048/root-wiring.patch:192: space before tab in indent.
+ 		if json.Unmarshal(w.Body.Bytes(), &draft) != nil || draft.Data.ID == "" || draft.Data.DraftVersion != 1 {
docs/evidence/V030-048/root-wiring.patch:193: space before tab in indent.
+ 			t.Fatalf("draft response %s", w.Body.String())
docs/evidence/V030-048/root-wiring.patch:194: space before tab in indent.
+ 		}
docs/evidence/V030-048/root-wiring.patch:201: space before tab in indent.
+ 		}
docs/evidence/V030-048/root-wiring.patch:202: space before tab in indent.
+ 		w = request("POST", root+"/drafts", draftBody)
docs/evidence/V030-048/root-wiring.patch:207: space before tab in indent.
+ 		}
docs/evidence/V030-048/root-wiring.patch:208: space before tab in indent.
+ 		path := root + "/drafts/" + draft.Data.ID
docs/evidence/V030-048/root-wiring.patch:209: space before tab in indent.
+ 		w = request("GET", path, "")
docs/evidence/V030-048/root-wiring.patch:215: space before tab in indent.
+ 		}
docs/evidence/V030-048/root-wiring.patch:216: space before tab in indent.
+ 		patchOperation := newID()
docs/evidence/V030-048/root-wiring.patch:217: space before tab in indent.
+ 		patchBody := `{"operationId":"` + patchOperation + `","expectedDraftVersion":1,"changes":{},"removeFieldIds":["` + fieldID + `"]}`
docs/evidence/V030-048/root-wiring.patch:218: space before tab in indent.
+ 		w = request("PATCH", path, patchBody)
docs/evidence/V030-048/root-wiring.patch:227: space before tab in indent.
+ 		}
docs/evidence/V030-048/root-wiring.patch:228: space before tab in indent.
+ 		w = request("PATCH", path, patchBody)
docs/evidence/V030-048/root-wiring.patch:237: space before tab in indent.
+ 		}
docs/evidence/V030-048/root-wiring.patch:238: space before tab in indent.
+ 		w = request("GET", root+"/drafts?pageSize=1", "")
docs/evidence/V030-048/root-wiring.patch:245: space before tab in indent.
+ 		}
docs/evidence/V030-048/root-wiring.patch:246: space before tab in indent.
+ 		query := path + "?operationId=" + newID() + "&expectedDraftVersion=2"
docs/evidence/V030-048/root-wiring.patch:247: space before tab in indent.
+ 		w = request("DELETE", query, "")
docs/evidence/V030-048/root-wiring.patch:249: space before tab in indent.
+ 		r.AddCookie(&http.Cookie{Name: session.CSRFCookieName, Value: memberCSRF})
docs/evidence/V030-048/root-wiring.patch:250: space before tab in indent.
+ 		w := httptest.NewRecorder()
docs/evidence/V030-048/root-wiring.patch:251: space before tab in indent.
+ 		*w = *serve(r)
docs/evidence/V030-048/root-wiring.patch:264: space before tab in indent.
+ 		memberRequest := func(method, path, body string) *httptest.ResponseRecorder {
docs/evidence/V030-048/root-wiring.patch:265: space before tab in indent.
+ 			r := httptest.NewRequest(method, cfg.Origin+"/api/v1/applications/"+app+path, strings.NewReader(body))
docs/evidence/V030-048/root-wiring.patch:266: space before tab in indent.
+ 			r.Header.Set("Origin", cfg.Origin)
docs/evidence/V030-048/root-wiring.patch:268: space before tab in indent.
+ 			return w
docs/evidence/V030-048/root-wiring.patch:269: space before tab in indent.
+ 		}
docs/evidence/V030-048/root-wiring.patch:270: space before tab in indent.
+ 		w = memberRequest("POST", root+"/records/search", `{"page":1,"pageSize":20,"filter":null,"sort":null}`)
docs/evidence/V030-048/root-wiring.patch:276: space before tab in indent.
+ 		}
docs/evidence/V030-048/root-wiring.patch:277: space before tab in indent.
+ 		if _, e := p.Exec(c, "INSERT INTO applications.grants(app_id,group_id,resource_kind,resource_id,action,row_scope) VALUES($1,$2,'form',$3,'data.create','all')", app, group, out.Data.Form.ID); e != nil {
docs/evidence/V030-048/root-wiring.patch:278: space before tab in indent.
+ 			t.Fatal(e)
docs/evidence/V030-048/root-wiring.patch:280: space before tab in indent.
+ 			t.Fatalf("ordinary created ID %s", w.Body.String())
docs/evidence/V030-048/root-wiring.patch:281: space before tab in indent.
+ 		}
docs/evidence/V030-048/root-wiring.patch:282: space before tab in indent.
+ 		w = memberRequest("GET", root+"/records/"+mine.Data.ID, "")
docs/evidence/V030-048/root-wiring.patch:288: space before tab in indent.
+ 		}
docs/evidence/V030-048/root-wiring.patch:289: space before tab in indent.
+ 		w = memberRequest("GET", root+"/runtime", "")
docs/evidence/V030-048/root-wiring.patch:296: space before tab in indent.
+ 		}
docs/evidence/V030-048/root-wiring.patch:297: space before tab in indent.
+ 		t.Run("field scoped ordinary reference candidates", func(t *testing.T) {
docs/evidence/V030-048/root-wiring.patch:298: space before tab in indent.
+ 			var createGrant, editGrant string
