✖ Root R03: every approved migration is registered once with its actual source digest (2.225174ms)
✔ Root R03: prior reviewed migration registrations retain their exact paths and hashes (0.704505ms)
✖ Root R03: the new cold audit registration precedes all dependent hot registrations (0.180733ms)
ℹ tests 3
ℹ suites 0
ℹ pass 1
ℹ fail 2
ℹ cancelled 0
ℹ skipped 0
ℹ todo 0
ℹ duration_ms 62.62328

✖ failing tests:

test at tests/foundation/root-migration-registration.test.mjs:61:1
✖ Root R03: every approved migration is registered once with its actual source digest (2.225174ms)
  AssertionError [ERR_ASSERTION]: missing or duplicate reviewed migration: archive-migrations/00004_app_structure_audit.sql
  
  0 !== 1
  
      at TestContext.<anonymous> (file:///tmp/v013-r03-baseline-22c256e/tests/foundation/root-migration-registration.test.mjs:67:12)
      at Test.runInAsyncScope (node:async_hooks:227:14)
      at Test.run (node:internal/test_runner/test:1382:25)
      at Test.start (node:internal/test_runner/test:1242:17)
      at startSubtestAfterBootstrap (node:internal/test_runner/harness:387:17) {
    generatedMessage: false,
    code: 'ERR_ASSERTION',
    actual: 0,
    expected: 1,
    operator: 'strictEqual',
    diff: 'simple'
  }

test at tests/foundation/root-migration-registration.test.mjs:81:1
✖ Root R03: the new cold audit registration precedes all dependent hot registrations (0.180733ms)
  AssertionError [ERR_ASSERTION]: cold4 registration is required
      at TestContext.<anonymous> (file:///tmp/v013-r03-baseline-22c256e/tests/foundation/root-migration-registration.test.mjs:84:10)
      at Test.runInAsyncScope (node:async_hooks:227:14)
      at Test.run (node:internal/test_runner/test:1382:25)
      at Test.processPendingSubtests (node:internal/test_runner/test:960:18)
      at Test.postRun (node:internal/test_runner/test:1522:19)
      at Test.run (node:internal/test_runner/test:1447:12)
      at async Test.processPendingSubtests (node:internal/test_runner/test:960:7) {
    generatedMessage: false,
    code: 'ERR_ASSERTION',
    actual: false,
    expected: true,
    operator: '==',
    diff: 'simple'
  }
