✔ B2 CI: fixture creates a private dedicated socket database with no network/ports (3.982681ms)
✔ B2 CI: an existing state file is never overwritten (0.914402ms)
✔ B2 CI: partial startup failure is nonzero and removes only its own fixture (1.088806ms)
✔ B2 CI: successful cleanup removes its container/data/socket/state and is idempotent (0.738486ms)
✔ B2 CI: cleanup refuses wrongOwner (4.01524ms)
✔ B2 CI: cleanup refuses wrongNetwork (0.756964ms)
✔ B2 CI: cleanup refuses wrongMount (0.719037ms)
✔ B2 CI: cleanup failure is not swallowed and retains recoverable state (0.566647ms)
✔ B2 CI: cleanup refuses an outside root without any Docker action (0.574989ms)
✔ B2 CI: cleanup refuses symlink state and never touches its target (0.684685ms)
✔ B2 CI: bootstrap exports the dedicated URL and always-cleanup accepts the actual state (0.870246ms)
✔ B2 CI: bootstrap rejects unknown commands instead of silently succeeding (0.106111ms)
✔ B2 CI: Go job supplies the fixture before race tests with unconditional owned cleanup (0.239932ms)
✔ B2 CI: acceptance gives nested Go the dedicated URL and matching socket mount (1.971711ms)
✔ B2 CI: acceptance failure cleans B2 and preserves original product stop-only lifecycle (0.948834ms)
✔ B5a frozen HTTP routes, method sets and live Web Session are explicit (1.690545ms)
✔ B5a DTOs use exact closed fields and finite menu grants (0.21835ms)
✔ B5a six public error codes retain frozen HTTP status (0.35773ms)
✔ B5a new migrations have exact reviewed compatibility hashes and runtime role pin (0.844146ms)
✔ B5a.9: fixture preserves the exact approved PR21 legacy PLAN bytes (1.91157ms)
✔ B5a.9: a valid canonical task without an auxiliary document still passes (50.923751ms)
✔ B5a.9: exact registered and referenced PR21 auxiliary PLAN passes discovery (53.50258ms)
✔ B5a.9: known auxiliary path rejects replaced contents (48.797247ms)
✔ B5a.9: known auxiliary path rejects one-byte addition (49.266756ms)
✔ B5a.9: known auxiliary path rejects forged task metadata (48.965602ms)
✔ B5a.9: known auxiliary path rejects a complete second task (37.197071ms)
✔ B5a.9: auxiliary compatibility rejects missing canonical task (35.407005ms)
✔ B5a.9: auxiliary compatibility rejects missing canonical metadata (48.735102ms)
✔ B5a.9: auxiliary compatibility rejects duplicate canonical metadata (39.151886ms)
✔ B5a.9: auxiliary compatibility rejects invalid canonical JSON (42.919321ms)
✔ B5a.9: auxiliary compatibility rejects other task identity (40.809251ms)
✔ B5a.9: auxiliary compatibility rejects missing canonical owner (42.076737ms)
✔ B5a.9: auxiliary compatibility rejects wrong branch identity (44.358026ms)
✔ B5a.9: auxiliary compatibility rejects wrong worktree identity (36.969426ms)
✔ B5a.9: auxiliary compatibility rejects invalid canonical scope (49.687031ms)
✔ B5a.9: auxiliary compatibility rejects empty canonical scope (41.331991ms)
✔ B5a.9: auxiliary compatibility rejects unregistered auxiliary scope (40.933749ms)
✔ B5a.9: auxiliary compatibility rejects a scope path that merely shares the prefix (35.142815ms)
✔ B5a.9: auxiliary compatibility rejects missing canonical reference (39.933067ms)
✔ B5a.9: auxiliary compatibility rejects a reference to a different PLAN (40.410584ms)
✔ B5a.9: auxiliary compatibility rejects incomplete ready canonical task (37.719586ms)
✔ B5a.9: auxiliary compatibility rejects a prematurely accepted canonical task (35.216687ms)
✔ B5a.9: legacy exception does not admit similar or malformed name V010-021-PLAN.md (39.282864ms)
✔ B5a.9: legacy exception does not admit similar or malformed name V030-020-PLAN.md (41.739537ms)
✔ B5a.9: legacy exception does not admit similar or malformed name V020-020-PLAN.md (49.722296ms)
✔ B5a.9: legacy exception does not admit similar or malformed name V999-020-PLAN.md (44.224655ms)
✔ B5a.9: legacy exception does not admit similar or malformed name V010-20-PLAN.md (48.401244ms)
✔ B5a.9: legacy exception does not admit similar or malformed name V010-0020-PLAN.md (37.330167ms)
✔ B5a.9: legacy exception does not admit similar or malformed name v010-020-PLAN.md (39.199548ms)
✔ B5a.9: legacy exception does not admit similar or malformed name V010-020-plan.md (50.166567ms)
✔ B5a.9: legacy exception does not admit similar or malformed name V010-020-PLAN-copy.md (35.644954ms)
✔ B5a.9: legacy exception does not admit similar or malformed name V010-020-PLAN.md.md (36.937028ms)
✔ B5a.9: an approved auxiliary does not conceal an additional fake task document (44.008387ms)
✔ B5a.9: auxiliary filename and content remain unsuitable as a canonical task (0.745687ms)
✔ B5a.9: auxiliary compatibility cannot supply cleanup completion or a fake task identity (1.663265ms)
✔ FND-03: CI runs real Go validation and browser tests (0.875012ms)
✔ FND-03: product acceptance and artifacts are explicit, not fake deploys (0.233874ms)
✔ FND-04: web entry is real React with no fabricated login UI (0.240824ms)
✔ FND-05: CI retains a source bundle without bundling local credentials (1.145762ms)
✔ FND-05: RED replay metadata pins the real pre-implementation source (0.479404ms)
✔ release: all mandatory evidence present is structurally ready (1.45537ms)
✔ release: a missing or empty matrix is not a pass (0.288576ms)
✔ release: pending, skipped, failed and blocked are never passed (0.242977ms)
✔ release: missing evidence, owner or duplicate IDs are rejected (0.182336ms)
✔ remote cleanup: matching accepted remote branch can be removed (2.000234ms)
✔ remote cleanup: no remote branch remains a successful idempotent state (1.128506ms)
✔ remote cleanup: refuse unmerged (0.234694ms)
✔ remote cleanup: refuse unfinished document (0.127653ms)
✔ remote cleanup: refuse new remote commit (0.10551ms)
✔ remote cleanup: refuse unverified squash (0.579106ms)
✔ remote cleanup: refuse offline snapshot (0.102945ms)
✔ local cleanup: removed remote does not erase valid local identity (0.098679ms)
✔ local cleanup: matching refs retain identity (0.206733ms)
✔ local cleanup: divergent refs cannot hide new work (0.195515ms)
✔ Root R03: every approved migration is registered once with its actual source digest (1.955335ms)
✔ Root R03: prior reviewed migration registrations retain their exact paths and hashes (0.678546ms)
✔ Root R03: the new cold audit registration precedes all dependent hot registrations (0.174724ms)
✔ FND-02: parse a valid task and retain identity (2.952043ms)
✔ FND-02: malformed or duplicate metadata is rejected (0.303839ms)
✔ FND-02: a ready task with incomplete acceptance is invalid (1.484234ms)
✔ FND-02: no checkboxes is not proof of completion (0.194394ms)
✔ FND-02: mismatched branch, worktree and unsafe paths are rejected (0.269137ms)
✔ FND-02: accepted cannot be asserted before remote verification (0.170077ms)
✔ FND-02: complete remote main document + merged PR permits cleanup despite squash ancestry (0.675762ms)
✔ FND-02: refuse cleanup for offline snapshot (0.569832ms)
✔ FND-02: refuse cleanup for missing remote document (0.137117ms)
✔ FND-02: refuse cleanup for unfinished document (0.266653ms)
✔ FND-02: refuse cleanup for wrong task identity (0.274705ms)
✔ FND-02: refuse cleanup for unmerged PR (0.113501ms)
✔ FND-02: refuse cleanup for wrong merge base (0.082705ms)
✔ FND-02: refuse cleanup for different repository (0.092169ms)
✔ FND-02: refuse cleanup for other task branch (0.246883ms)
✔ FND-02: refuse cleanup for post-merge commit (0.993682ms)
✔ FND-02: refuse cleanup for dirty worktree (0.099671ms)
✔ FND-02: refuse cleanup for squash not in remote main (0.131909ms)
✔ FND-02: acceptance remains true after the task branch/worktree were cleaned (0.438583ms)
✔ FND-02: local completion without a merged PR is not accepted (0.161655ms)
✔ B0: V010 and V030 metadata and mixed approved dependencies remain valid (2.505067ms)
✔ B0: malformed/injected ID is rejected without throwing #0 (1.389491ms)
✔ B0: malformed/injected ID is rejected without throwing #1 (0.229667ms)
✔ B0: malformed/injected ID is rejected without throwing #2 (1.601121ms)
✔ B0: malformed/injected ID is rejected without throwing #3 (0.252963ms)
✔ B0: malformed/injected ID is rejected without throwing #4 (0.148815ms)
✔ B0: malformed/injected ID is rejected without throwing #5 (0.241776ms)
✔ B0: malformed/injected ID is rejected without throwing #6 (0.216948ms)
✔ B0: malformed/injected ID is rejected without throwing #7 (0.137357ms)
✔ B0: malformed/injected ID is rejected without throwing #8 (0.400896ms)
✔ B0: malformed/injected ID is rejected without throwing #9 (0.268375ms)
✔ B0: malformed/injected ID is rejected without throwing #10 (0.108554ms)
✔ B0: malformed/injected ID is rejected without throwing #11 (0.088874ms)
✔ B0: malformed/injected ID is rejected without throwing #12 (0.293373ms)
✔ B0: malformed/injected ID is rejected without throwing #13 (0.097688ms)
✔ B0: malformed/injected ID is rejected without throwing #14 (0.08593ms)
✔ B0: malformed/injected ID is rejected without throwing #15 (0.121494ms)
✔ B0: malformed/injected ID is rejected without throwing #16 (0.087763ms)
✔ B0: malformed/injected ID is rejected without throwing #17 (0.084378ms)
✔ B0: malformed/injected ID is rejected without throwing #18 (0.082906ms)
✔ B0: malformed/injected ID is rejected without throwing #19 (0.084448ms)
✔ B0: malformed/injected ID is rejected without throwing #20 (0.077066ms)
✔ B0: malformed/injected ID is rejected without throwing #21 (0.062705ms)
✔ B0: malformed/injected ID is rejected without throwing #22 (0.056025ms)
✔ B0: malformed/injected ID is rejected without throwing #23 (0.058289ms)
✔ B0: malformed/injected ID is rejected without throwing #24 (0.120382ms)
✔ B0: malformed/injected ID is rejected without throwing #25 (0.06018ms)
✔ B0: same task number in another version cannot satisfy branch/worktree identity (0.255807ms)
✔ B0: V030 retains unsafe-path, incomplete, no-PR and premature-acceptance guards (0.247073ms)
✔ B0: complete matching V030 permits the same acceptance/cleanup decisions as V010 (0.66815ms)
✔ B0: V030 acceptance and cleanup reject offline (0.202135ms)
✔ B0: V030 acceptance and cleanup reject unfinished (0.125179ms)
✔ B0: V030 acceptance and cleanup reject other version (0.108273ms)
✔ B0: V030 acceptance and cleanup reject unmerged (0.268366ms)
✔ B0: V030 acceptance and cleanup reject wrong base (0.147593ms)
✔ B0: V030 acceptance and cleanup reject wrong repository (0.094673ms)
✔ B0: V030 acceptance and cleanup reject wrong version PR (0.126571ms)
✔ B0: V030 cleanup still rejects dirty, changed-tip and unverified squash states (0.176617ms)
✔ B0: task discovery validates V030 documents instead of silently skipping them (35.749572ms)
✔ B0: discovered same-number metadata from another version is rejected (39.991515ms)
✔ B0: malformed and unsupported version-task filenames cannot disappear from discovery (120.184894ms)
✔ B0: real Git diff verifies a valid V030 PR and an unchanged V010 PR rule (159.224189ms)
✔ B0: V030 PR scope rejects an unrelated changed path (62.899296ms)
✔ B0: a V010 PR cannot consume a same-number V030 task document (68.247995ms)
✔ B0: V030 branch syntax remains exact and cannot contain malformed slug or injection (244.627709ms)
✔ B0: V030 CLI passes ID parsing then uses exact remote task path in start dry-run (291.974793ms)
✔ B0: V030 ready task still cannot be restarted (198.165783ms)
✔ B0: malformed/injected CLI IDs stop before any Git/gh execution (636.35613ms)
✔ B0: remote helper recognizes V030 while retaining exact-head conditional deletion (279.765742ms)
✔ B0: remote helper never deletes an unmerged or other-version task (213.125913ms)
✔ maintenance is a nondefault one-shot profile in runtime and installed config (3.361842ms)
✔ hourly cron invokes the same single-run operation as manual maintenance (0.397881ms)
✔ receiver rejects unreviewed profile/command/restart and topology mutations (0.851027ms)
✔ ordinary release cannot silently upgrade the installed resident maintenance topology (0.562311ms)
✔ one-shot orchestration records success without raw output (2.422041ms)
✔ one-shot orchestration records failure without raw output (0.796444ms)
✔ memory probe samples the four resident containers, not the exited task (51.459742ms)
✔ Q18 accepts declared compatible expansion but rejects history rewrite, missing approval and stale releases (2.304603ms)
✔ Q18 deployment only changes approved runtime config and exact images, retaining private volumes and origin (2.697517ms)
✔ approved config cannot include other host compose files, weaken service confinement or join external networks (0.898979ms)
✔ public Nginx rendering preserves API boundary and creates fixed HTTPS redirect (0.529881ms)
✔ promotion validates and backs up before migration and records only a healthy deployment (0.374116ms)
✔ backup failure never migrates; activation or health failure restores prior app/config without Down (0.556492ms)
✔ main delivery runs verification and acceptance before a serialized secret-scoped deployment (0.419454ms)
✔ compatibility registry uses explicit digest records, rejects ambiguous duplicate approvals (0.299863ms)
✔ transport rejects undeclared content, checksum tampering, secret paths, invalid image identities and oversized payloads (2.600532ms)
✔ framed receiver verifies every byte and rejects truncated, appended and corrupt images (6.58881ms)
✔ four kinds are stored by explicit natural day and only safe fields survive (23.092458ms)
✔ retention dry-run selects only approved kinds and inclusive natural-day cutoff (2.699992ms)
✔ symlinked category and destination file cannot escape the log root (1.279174ms)
✔ Q20 actual cleanup removes only days older than the approved inclusive 30-day window (4.826556ms)
✔ Q20 rejects nonapproved destructive parameters and preflights all paths before deleting (1.247156ms)
✔ Q20 installed policy accepts exactly confirmed deletion parameters and schedules bounded daily cleanup (0.983417ms)
✔ Q20 cleanup is daily and shares the collection lock (0.292262ms)
✔ FR06 common rules render local and public explicit environments (1.275158ms)
✔ FR06 explicit parameters reject config injection and invalid HSTS scope (0.397671ms)
✔ certificate task logs fixed outcomes without persisting raw command secrets (1.24389ms)
✔ collector records access stdout and application stderr, advances window, and excludes raw text (13.834194ms)
✔ approved explicit config connects operation records and collector is scheduled without deletion (0.752157ms)
✔ collector and Q20 cleanup are scheduled with the same overlap protection (0.261926ms)
✔ failed docker collection does not advance cursor or publish raw diagnostics (0.481628ms)
✔ unexpected HTTP method cannot stall collection or persist arbitrary method text (0.643673ms)
✔ Q25 cold audit migration precedes hot migration: infra/acceptance/run.mjs (1.129677ms)
✔ Q25 cold audit migration precedes hot migration: infra/runtime/run.mjs (0.135705ms)
✔ Q25 cold audit migration precedes hot migration: .github/workflows/ci.yml (0.094764ms)
✔ Q25 cold audit migration precedes hot migration: infra/server/deploy/receive.mjs (0.084207ms)
✔ acceptance component count derives from the actual Playwright report (0.276678ms)
✔ Q25 personnel API regression is included in the real HTTPS entrypoint (0.900301ms)
✔ Q25 pinned role upgrade is executed with real PostgreSQL by the product workflow (0.147513ms)
✔ Q25 compatibility manifest records each new reviewed immutable migration (0.640378ms)
✔ GOV-01..04: valid repository passes without mutation (4.274301ms)
✔ GOV-01: missing file fails with its path (1.490223ms)
✔ GOV-01: whitespace-only required file is not valid (2.56651ms)
✔ GOV-02: deleting each hard-rule marker fails (2.890569ms)
✔ GOV-03: malformed JSON is reported, not thrown (1.42187ms)
✔ GOV-03: incorrect version and project fail (1.778078ms)
✔ GOV-03: impossible calendar date fails (0.839088ms)
✔ GOV-03: empty sources and non-object registry fail (1.37588ms)
✔ GOV-03: duplicate keys and page IDs fail (1.528861ms)
✔ GOV-03: external or mismatched source URLs fail (1.072001ms)
✔ GOV-03: missing metadata and malformed page ID fail (1.279083ms)
✔ GOV-03: unknown, duplicate and empty route references fail (2.050189ms)
✔ GOV-03: mandatory routes and always/product anchors cannot disappear (1.657896ms)
✔ GOV-04: nested instruction override fails (0.775182ms)
✔ GOV-04: generated/dependency directories are ignored (0.878468ms)
✔ GOV-01: nonexistent root reports errors (0.727239ms)
✔ CLI: valid repository exits zero (34.02119ms)
✔ CLI: invalid repository exits one and explains failure (31.771309ms)
✔ public HTTPS exposes only edge ports and preserves private data, images and input (1.585696ms)
✔ public access rejects untrusted TLS while default deployment stays private (0.467296ms)
✔ HTTP redirects all paths to the fixed HTTPS origin without trusting Host (0.243158ms)
✔ public TLS preserves same-origin API, non-cacheable auth and trusted proxy boundary (0.255386ms)
✔ existing loopback health and DNS-01 renewal still work independently of public DNS (0.482319ms)
✔ API actual TAP report counts every passed case (1.192302ms)
✔ API failed, skipped, truncated and contradictory reports cannot publish success (0.397761ms)
✔ browser counts come from the successful complete JSON report (0.81406ms)
✔ browser failure, flakiness, skips and empty reports cannot publish success (0.199272ms)
✔ real API/browser reports drive the published counts: infra/acceptance/run.mjs (0.359743ms)
✔ real API/browser reports drive the published counts: infra/runtime/run.mjs (0.189166ms)
✔ ACME runner fixes operations, passes credentials only in environment and reports sanitized failure (2.863429ms)
✔ certificate activation verifies system trust before file replacement and validates Nginx before reload (94.616352ms)
✔ domain health verifies hostname with default trust while reaching only the SSH loopback endpoint (0.347575ms)
✔ domain health fixes IPv4 so Node never requests an all-address lookup result (0.168895ms)
▶ provided CSV is data only and maps exactly one credential pair without executing fields
  ✔ BOM, quoted headers and CRLF are supported (0.432494ms)
  ✔ missing, multiple and non-data values fail closed (0.322497ms)
  ✔ dotenv admits only the required names and never evaluates shell (0.393725ms)
✔ provided CSV is data only and maps exactly one credential pair without executing fields (1.731568ms)
▶ Q16 public-trust domain config keeps the SSH listener and schedules automatic renewal
  ✔ domain origin with loopback only (0.210608ms)
  ✔ renew twice daily without self-signed trust (0.312522ms)
✔ Q16 public-trust domain config keeps the SSH listener and schedules automatic renewal (1.264512ms)
▶ Q16 validates the actual certificate host, private key and remaining lifetime before replacement
  ✔ matching actual identity and key are accepted (1.036567ms)
  ✔ unrelated certificate is rejected (0.418503ms)
  ✔ mismatched private key is rejected (0.822803ms)
  ✔ expired certificate is rejected (0.385813ms)
✔ Q16 validates the actual certificate host, private key and remaining lifetime before replacement (110.990885ms)
✔ Q16 a failed Nginx validation restores both previous files and reloads the previous certificate (0.915654ms)
✔ Q16 explicitly uses Let's Encrypt DNSPod DNS-01 for the confirmed domain and no public listener (0.259452ms)
✔ Q15 server exposes only loopback HTTPS and preserves internal data network (0.337791ms)
✔ private Bootstrap credentials preserve the accepted seed JSON password field and exclude test fixtures (0.255807ms)
✔ operational schedules retain TLS verification, prevent overlap, and invoke only runtime tools (0.296388ms)
✔ server maintenance addresses only the authorized deployment and does not run test/build commands (0.556862ms)
✔ finished services restart automatically and have finite resource and log budgets (0.263519ms)
✔ deployment refuses every existing directory, including apparently empty ones (0.446424ms)
ℹ tests 240
ℹ suites 0
ℹ pass 240
ℹ fail 0
ℹ cancelled 0
ℹ skipped 0
ℹ todo 0
ℹ duration_ms 2639.815551
