TAP version 13
# Subtest: real encrypted logical backup restores into an isolated empty database
ok 1 - real encrypted logical backup restores into an isolated empty database
  ---
  duration_ms: 1000.9836
  type: 'test'
  ...
# Subtest: missing source produces a failure and no successful backup file
ok 2 - missing source produces a failure and no successful backup file
  ---
  duration_ms: 228.2793
  type: 'test'
  ...
# Subtest: wrong-key restore fails before any database mutation
ok 3 - wrong-key restore fails before any database mutation
  ---
  duration_ms: 519.3361
  type: 'test'
  ...
# Subtest: restricted backup preserves migration ledger sequence and remains unable to advance it
ok 4 - restricted backup preserves migration ledger sequence and remains unable to advance it
  ---
  duration_ms: 4580.4003
  type: 'test'
  ...
1..4
# tests 4
# suites 0
# pass 4
# fail 0
# cancelled 0
# skipped 0
# todo 0
# duration_ms 6954.5011
