TAP version 13
# Subtest: ADR008 exact migration 00005 is registered for compatible packaging
ok 1 - ADR008 exact migration 00005 is registered for compatible packaging
  ---
  duration_ms: 1.3632
  type: 'test'
  ...
# Subtest: Q25 fixed installed role policy accepts reviewed bytes and rejects arbitrary uploaded SQL
ok 2 - Q25 fixed installed role policy accepts reviewed bytes and rejects arbitrary uploaded SQL
  ---
  duration_ms: 0.298
  type: 'test'
  ...
# Subtest: Q25 receiver validates pinned roles before backup and applies them after both migrations
ok 3 - Q25 receiver validates pinned roles before backup and applies them after both migrations
  ---
  duration_ms: 12.9481
  type: 'test'
  ...
# Subtest: Q25 real cold-first expansion and pinned runtime role upgrade preserve data and least privilege
ok 4 - Q25 real cold-first expansion and pinned runtime role upgrade preserve data and least privilege
  ---
  duration_ms: 26761.4237
  type: 'test'
  ...
1..4
# tests 4
# suites 0
# pass 4
# fail 0
# cancelled 0
# skipped 0
# todo 0
# duration_ms 26848.9797
