TAP version 13
# Subtest: ADR008 exact migration 00005 is registered for compatible packaging
ok 1 - ADR008 exact migration 00005 is registered for compatible packaging
  ---
  duration_ms: 1.3892
  type: 'test'
  ...
# Subtest: Q25 fixed installed role policy accepts reviewed bytes and rejects arbitrary uploaded SQL
ok 2 - Q25 fixed installed role policy accepts reviewed bytes and rejects arbitrary uploaded SQL
  ---
  duration_ms: 0.3155
  type: 'test'
  ...
1..2
# tests 2
# suites 0
# pass 2
# fail 0
# cancelled 0
# skipped 0
# todo 0
# duration_ms 71.6857
