TAP version 13
# Subtest: API-CI-01: validator version is pinned in the frozen workspace lock
ok 1 - API-CI-01: validator version is pinned in the frozen workspace lock
  ---
  duration_ms: 2.1464
  type: 'test'
  ...
# Subtest: API-CI-02: PR CI executes contract tests and 3.2.1 lint
ok 2 - API-CI-02: PR CI executes contract tests and 3.2.1 lint
  ---
  duration_ms: 0.1431
  type: 'test'
  ...
# Subtest: API-01: contract is OpenAPI 3.2.1 with the five authentication routes
ok 3 - API-01: contract is OpenAPI 3.2.1 with the five authentication routes
  ---
  duration_ms: 0.9171
  type: 'test'
  ...
# Subtest: API-02: public writes and protected Cookie security match ADR-001/002
ok 4 - API-02: public writes and protected Cookie security match ADR-001/002
  ---
  duration_ms: 0.7327
  type: 'test'
  ...
# Subtest: API-10: login delivers separate host cookies and protected writes require CSRF header
ok 5 - API-10: login delivers separate host cookies and protected writes require CSRF header
  ---
  duration_ms: 0.3087
  type: 'test'
  ...
# Subtest: API-03: creation, current session, logout and reset have precise statuses
ok 6 - API-03: creation, current session, logout and reset have precise statuses
  ---
  duration_ms: 0.1377
  type: 'test'
  ...
# Subtest: API-04: JSON envelope has exact required keys and no arbitrary top-level data
ok 7 - API-04: JSON envelope has exact required keys and no arbitrary top-level data
  ---
  duration_ms: 0.1151
  type: 'test'
  ...
# Subtest: API-05: registration and login require account/password; registration requires invitation
ok 8 - API-05: registration and login require account/password; registration requires invitation
  ---
  duration_ms: 0.1259
  type: 'test'
  ...
# Subtest: API-06: published error table preserves accepted ADR mapping
ok 9 - API-06: published error table preserves accepted ADR mapping
  ---
  duration_ms: 1.5349
  type: 'test'
  ...
# Subtest: API-07: account rule preserves case and rejects internal ordinary spaces after trimming
ok 10 - API-07: account rule preserves case and rejects internal ordinary spaces after trimming
  ---
  duration_ms: 0.1289
  type: 'test'
  ...
# Subtest: API-08: every declared response carries a server-issued request ID
ok 11 - API-08: every declared response carries a server-issued request ID
  ---
  duration_ms: 0.6913
  type: 'test'
  ...
# Subtest: API-09: Alice and alice are distinct registrations and login lookups
ok 12 - API-09: Alice and alice are distinct registrations and login lookups
  ---
  duration_ms: 0.3362
  type: 'test'
  ...
# Subtest: Q13: registration schema accepts only printable ASCII with four classes
ok 13 - Q13: registration schema accepts only printable ASCII with four classes
  ---
  duration_ms: 1.0643
  type: 'test'
  ...
# Subtest: approved account length applies after ordinary-space trimming, not to raw input
ok 14 - approved account length applies after ordinary-space trimming, not to raw input
  ---
  duration_ms: 0.3321
  type: 'test'
  ...
# Subtest: Q25 definition response accepts optional explicit empty templateIds and integer version
ok 15 - Q25 definition response accepts optional explicit empty templateIds and integer version
  ---
  duration_ms: 24.2714
  type: 'test'
  ...
# Subtest: Q25 response validator resolves pagination query without ignoring declared constraints
ok 16 - Q25 response validator resolves pagination query without ignoring declared constraints
  ---
  duration_ms: 0.7822
  type: 'test'
  ...
# Subtest: Q25 invalid definition response integer, UUID and length fail independently
ok 17 - Q25 invalid definition response integer, UUID and length fail independently
  ---
  duration_ms: 3.1368
  type: 'test'
  ...
# Subtest: Q25 template DTO optional relation array is registered in the executable contract
ok 18 - Q25 template DTO optional relation array is registered in the executable contract
  ---
  duration_ms: 1.4808
  type: 'test'
  ...
# Subtest: Q25 all personnel operations are typed, Cookie protected and fail closed
ok 19 - Q25 all personnel operations are typed, Cookie protected and fail closed
  ---
  duration_ms: 1.0083
  type: 'test'
  ...
# Subtest: Q25 page pagination exception is explicit, bounded, and filtered server-side
ok 20 - Q25 page pagination exception is explicit, bounded, and filtered server-side
  ---
  duration_ms: 0.1811
  type: 'test'
  ...
# Subtest: Q25 versions and explicit sets cannot mutate Root or directory ownership
ok 21 - Q25 versions and explicit sets cannot mutate Root or directory ownership
  ---
  duration_ms: 0.6295
  type: 'test'
  ...
# Subtest: Q25 stable conflict/missing errors and invitation qualification are registered
ok 22 - Q25 stable conflict/missing errors and invitation qualification are registered
  ---
  duration_ms: 0.2072
  type: 'test'
  ...
# Subtest: Q36 response oracle enforces draft capacity and payload bounds instead of ignoring extensions
ok 23 - Q36 response oracle enforces draft capacity and payload bounds instead of ignoring extensions
  ---
  duration_ms: 28.6803
  type: 'test'
  ...
# Subtest: Q36 query responses retain paging and publish a session-owned opaque baseline
ok 24 - Q36 query responses retain paging and publish a session-owned opaque baseline
  ---
  duration_ms: 1.3569
  type: 'test'
  ...
# Subtest: Q36 both query views declare grouped AND/OR, field types and global bounds
ok 25 - Q36 both query views declare grouped AND/OR, field types and global bounds
  ---
  duration_ms: 0.293
  type: 'test'
  ...
# Subtest: Q36 query changes, expiry and busy are distinguishable without repurposing old errors
ok 26 - Q36 query changes, expiry and busy are distinguishable without repurposing old errors
  ---
  duration_ms: 0.1309
  type: 'test'
  ...
# Subtest: Q36 object checks remain and an exact draft version can be acknowledged on submission
ok 27 - Q36 object checks remain and an exact draft version can be acknowledged on submission
  ---
  duration_ms: 0.1817
  type: 'test'
  ...
# Subtest: Q36 persistent personal drafts have explicit limits, conflict protection and no expiry
ok 28 - Q36 persistent personal drafts have explicit limits, conflict protection and no expiry
  ---
  duration_ms: 0.3316
  type: 'test'
  ...
# Subtest: Q36 approved POST searches carry object filters with route-local raw-body bounds and CSRF
ok 29 - Q36 approved POST searches carry object filters with route-local raw-body bounds and CSRF
  ---
  duration_ms: 2.3648
  type: 'test'
  ...
# Subtest: Q36 literal POST search response is not mistaken for a memberId route
ok 30 - Q36 literal POST search response is not mistaken for a memberId route
  ---
  duration_ms: 20.1902
  type: 'test'
  ...
# Subtest: Q36 legacy GET has no complex filter/sort; draft raw wrapper budget exceeds canonical payload
ok 31 - Q36 legacy GET has no complex filter/sort; draft raw wrapper budget exceeds canonical payload
  ---
  duration_ms: 0.2775
  type: 'test'
  ...
# Subtest: ADR008 personal table preset routes and three independent conflict codes
ok 32 - ADR008 personal table preset routes and three independent conflict codes
  ---
  duration_ms: 0.7206
  type: 'test'
  ...
# Subtest: ADR008 preset DTOs isolate ownership and freeze independent capacities
ok 33 - ADR008 preset DTOs isolate ownership and freeze independent capacities
  ---
  duration_ms: 0.6177
  type: 'test'
  ...
1..33
# tests 33
# suites 0
# pass 33
# fail 0
# cancelled 0
# skipped 0
# todo 0
# duration_ms 154.9188
