
added 1 package in 2s

1 package is looking for funding
  run `npm fund` for details
Scope: all 2 workspace projects
Lockfile is up to date, resolution step is skipped
Progress: resolved 1, reused 0, downloaded 0, added 0
Packages: +70
++++++++++++++++++++++++++++++++++++++++++++++++++++++++++++++++++++++
Progress: resolved 70, reused 0, downloaded 4, added 2

   ╭─────────────────────────────────────────╮
   │                                         │
   │   Update available! 10.28.2 → 12.8.1.   │
   │   Changelog: https://pnpm.io/v/12.8.1   │
   │    To update, run: pnpm add -g pnpm     │
   │                                         │
   ╰─────────────────────────────────────────╯

 WARN  Tarball download average speed 3 KiB/s (size 4 KiB) is below 50 KiB/s: https://registry.npmjs.org/@tailwindcss/oxide/-/oxide-4.3.3.tgz (GET)
 WARN  Tarball download average speed 6 KiB/s (size 7 KiB) is below 50 KiB/s: https://registry.npmjs.org/tinyglobby/-/tinyglobby-0.2.17.tgz (GET)
Progress: resolved 70, reused 0, downloaded 27, added 8
Progress: resolved 70, reused 0, downloaded 42, added 14
Progress: resolved 70, reused 0, downloaded 52, added 25
Progress: resolved 70, reused 0, downloaded 55, added 39
Progress: resolved 70, reused 0, downloaded 56, added 47
Progress: resolved 70, reused 0, downloaded 59, added 53
Progress: resolved 70, reused 0, downloaded 61, added 56
Progress: resolved 70, reused 0, downloaded 62, added 59
Progress: resolved 70, reused 0, downloaded 63, added 62
Progress: resolved 70, reused 0, downloaded 66, added 62
Progress: resolved 70, reused 0, downloaded 67, added 64
Progress: resolved 70, reused 0, downloaded 67, added 65
Progress: resolved 70, reused 0, downloaded 67, added 66
Progress: resolved 70, reused 0, downloaded 67, added 67
Progress: resolved 70, reused 0, downloaded 68, added 67
Progress: resolved 70, reused 0, downloaded 69, added 67
Progress: resolved 70, reused 0, downloaded 70, added 67
Progress: resolved 70, reused 0, downloaded 70, added 68
Progress: resolved 70, reused 0, downloaded 70, added 69
Progress: resolved 70, reused 0, downloaded 70, added 70
Progress: resolved 70, reused 0, downloaded 70, added 70, done

devDependencies:
+ @playwright/test 1.63.0
+ @redocly/cli 2.54.2
+ @types/node 24.0.0
+ typescript 5.9.3

Done in 2m 3s using pnpm v10.28.2
[1] contracts/openapi/openapi.json:3:3 at #/info

Info object should contain `license` field.

1 | {
2 |   "openapi": "3.2.1",
3 |   "info": {
  |   ^^^^^^
4 |     "title": "WeaveOS Authentication and Personnel API",
5 |     "version": "1.0.0",

Warning was generated by the info-license rule.

Reference: https://redocly.com/docs/cli/rules/oas/info-license


[2] contracts/openapi/openapi.json:884:25 at #/paths/~1api~1v1~1personnel~1members~1{memberId}~1groups/post/requestBody/content/application~1json/schema/allOf/0/then/required/0

Required property 'sourceDepartmentId' is not defined.

882 | "then": {
883 |   "required": [
884 |     "sourceDepartmentId"
    |     ^^^^^^^^^^^^^^^^^^^^
885 |   ]
886 | }

Warning was generated by the no-required-schema-properties-undefined rule.

Reference: https://redocly.com/docs/cli/rules/common/no-required-schema-properties-undefined


[3] contracts/openapi/openapi.json:3812:17 at #/components/schemas/MemberGroupsInput/allOf/0/then/required/0

Required property 'sourceDepartmentId' is not defined.

3810 | "then": {
3811 |   "required": [
3812 |     "sourceDepartmentId"
     |     ^^^^^^^^^^^^^^^^^^^^
3813 |   ]
3814 | }

Warning was generated by the no-required-schema-properties-undefined rule.

Reference: https://redocly.com/docs/cli/rules/common/no-required-schema-properties-undefined


[4] contracts/openapi/openapi.json:3579:7 at #/components/schemas/PersonnelIdentityInput

Component: "PersonnelIdentityInput" is never used.

3577 |   ]
3578 | },
3579 | "PersonnelIdentityInput": {
     | ^^^^^^^^^^^^^^^^^^^^^^^^
3580 |   "type": "object",
3581 |   "additionalProperties": false,

Warning was generated by the no-unused-components rule.

Reference: https://redocly.com/docs/cli/rules/oas/no-unused-components


[5] contracts/openapi/openapi.json:3625:7 at #/components/schemas/PersonnelIdentityCreateInput

Component: "PersonnelIdentityCreateInput" is never used.

3623 |   ]
3624 | },
3625 | "PersonnelIdentityCreateInput": {
     | ^^^^^^^^^^^^^^^^^^^^^^^^^^^^^^
3626 |   "type": "object",
3627 |   "additionalProperties": false,

Warning was generated by the no-unused-components rule.

Reference: https://redocly.com/docs/cli/rules/oas/no-unused-components


[6] contracts/openapi/openapi.json:3665:7 at #/components/schemas/PersonnelTemplateInput

Component: "PersonnelTemplateInput" is never used.

3663 |   ]
3664 | },
3665 | "PersonnelTemplateInput": {
     | ^^^^^^^^^^^^^^^^^^^^^^^^
3666 |   "type": "object",
3667 |   "additionalProperties": false,

Warning was generated by the no-unused-components rule.

Reference: https://redocly.com/docs/cli/rules/oas/no-unused-components


[7] contracts/openapi/openapi.json:3702:7 at #/components/schemas/PersonnelTemplateCreateInput

Component: "PersonnelTemplateCreateInput" is never used.

3700 |   ]
3701 | },
3702 | "PersonnelTemplateCreateInput": {
     | ^^^^^^^^^^^^^^^^^^^^^^^^^^^^^^
3703 |   "type": "object",
3704 |   "additionalProperties": false,

Warning was generated by the no-unused-components rule.

Reference: https://redocly.com/docs/cli/rules/oas/no-unused-components


[8] contracts/openapi/openapi.json:3733:7 at #/components/schemas/MemberIdentitiesInput

Component: "MemberIdentitiesInput" is never used.

3731 |   ]
3732 | },
3733 | "MemberIdentitiesInput": {
     | ^^^^^^^^^^^^^^^^^^^^^^^
3734 |   "type": "object",
3735 |   "additionalProperties": false,

Warning was generated by the no-unused-components rule.

Reference: https://redocly.com/docs/cli/rules/oas/no-unused-components


[9] contracts/openapi/openapi.json:3763:7 at #/components/schemas/MemberGroupsInput

Component: "MemberGroupsInput" is never used.

3761 |   ]
3762 | },
3763 | "MemberGroupsInput": {
     | ^^^^^^^^^^^^^^^^^^^
3764 |   "type": "object",
3765 |   "additionalProperties": false,

Warning was generated by the no-unused-components rule.

Reference: https://redocly.com/docs/cli/rules/oas/no-unused-components


[10] contracts/openapi/openapi.json:3818:7 at #/components/schemas/DepartmentCreateInput

Component: "DepartmentCreateInput" is never used.

3816 |   ]
3817 | },
3818 | "DepartmentCreateInput": {
     | ^^^^^^^^^^^^^^^^^^^^^^^
3819 |   "type": "object",
3820 |   "additionalProperties": false,

Warning was generated by the no-unused-components rule.

Reference: https://redocly.com/docs/cli/rules/oas/no-unused-components


[11] contracts/openapi/openapi.json:3845:7 at #/components/schemas/DepartmentUpdateInput

Component: "DepartmentUpdateInput" is never used.

3843 |   ]
3844 | },
3845 | "DepartmentUpdateInput": {
     | ^^^^^^^^^^^^^^^^^^^^^^^
3846 |   "type": "object",
3847 |   "additionalProperties": false,

Warning was generated by the no-unused-components rule.

Reference: https://redocly.com/docs/cli/rules/oas/no-unused-components


[12] contracts/openapi/openapi.json:6256:7 at #/components/responses/PersonnelConflict

Component: "PersonnelConflict" is never used.

6254 |   }
6255 | },
6256 | "PersonnelConflict": {
     | ^^^^^^^^^^^^^^^^^^^
6257 |   "description": "Stale configuration version, referenced/protected deletion, or serialization/deadlock conflict. PERSONNEL_CONFLICT.",
6258 |   "headers": {

Warning was generated by the no-unused-components rule.

Reference: https://redocly.com/docs/cli/rules/oas/no-unused-components


