=== RUN   TestPresetLifecycleIsolationAndVersion
    presets_http_test.go:32: approved explicit preset save must return 201, got 404 ({"code":"API_NOT_FOUND","message":"请求的接口不存在","data":null,"meta":{"requestId":"4a6f65793fc85aafccbefaba47956174"}}
        )
--- FAIL: TestPresetLifecycleIsolationAndVersion (0.13s)
=== RUN   TestPresetSessionCSRFAndLiveRevocation
    presets_http_test.go:46: approved explicit preset save must return 201, got 404 ({"code":"API_NOT_FOUND","message":"请求的接口不存在","data":null,"meta":{"requestId":"b95991a1100ea72acedacb90d2f025bc"}}
        )
--- FAIL: TestPresetSessionCSRFAndLiveRevocation (0.07s)
=== RUN   TestPresetNameCapacityAndCASConcurrency
    presets_http_test.go:53: approved explicit preset save must return 201, got 404 ({"code":"API_NOT_FOUND","message":"请求的接口不存在","data":null,"meta":{"requestId":"a1111607778d5c258e9794dffbce52fd"}}
        )
--- FAIL: TestPresetNameCapacityAndCASConcurrency (0.06s)
=== RUN   TestPresetUnknownFieldsNamesAndDisplayWhitelist
    presets_http_test.go:73: closed DTO/Unicode/column invariants must reject: 404 {"view":"unknown","name":"x","filter":null,"hiddenColumnIds":[],"schemaVersion":1}
--- FAIL: TestPresetUnknownFieldsNamesAndDisplayWhitelist (0.07s)
=== RUN   TestPresetEditableASTAndIndependentUTF8RawBoundaries
    presets_http_test.go:81: approved explicit preset save must return 201, got 404 ({"code":"API_NOT_FOUND","message":"请求的接口不存在","data":null,"meta":{"requestId":"0dbcccff58e871b88ecfff477b72de66"}}
        )
--- FAIL: TestPresetEditableASTAndIndependentUTF8RawBoundaries (0.07s)
=== RUN   TestPresetCRUDNoBusinessRevisionOrAudit
    presets_http_test.go:99: approved explicit preset save must return 201, got 404 ({"code":"API_NOT_FOUND","message":"请求的接口不存在","data":null,"meta":{"requestId":"c1c5f1e6d022535ed26e485a44b81296"}}
        )
--- FAIL: TestPresetCRUDNoBusinessRevisionOrAudit (0.07s)
=== RUN   TestPresetDatabaseLeastPrivilegeAndHardConstraints
    presets_http_test.go:107: approved independent preset table must exist <nil>
--- FAIL: TestPresetDatabaseLeastPrivilegeAndHardConstraints (0.05s)
FAIL
FAIL	github.com/Hubujiu/WeaveOS/services/bff/internal/personnel	0.534s
FAIL
