=== RUN   TestPresetLifecycleIsolationAndVersion
    presets_http_test.go:32: approved explicit preset save must return 201, got 404 ({"code":"API_NOT_FOUND","message":"请求的接口不存在","data":null,"meta":{"requestId":"5de6827fda1f845e18ea1b2fd1813c66"}}
        )
--- FAIL: TestPresetLifecycleIsolationAndVersion (0.14s)
=== RUN   TestPresetSessionCSRFAndLiveRevocation
    presets_http_test.go:46: approved explicit preset save must return 201, got 404 ({"code":"API_NOT_FOUND","message":"请求的接口不存在","data":null,"meta":{"requestId":"22fc89b7bdf45f6ceb62a738231df060"}}
        )
--- FAIL: TestPresetSessionCSRFAndLiveRevocation (0.07s)
=== RUN   TestPresetNameCapacityAndCASConcurrency
    presets_http_test.go:53: approved explicit preset save must return 201, got 404 ({"code":"API_NOT_FOUND","message":"请求的接口不存在","data":null,"meta":{"requestId":"7745d76d7502a760a43a4188c19bb606"}}
        )
--- FAIL: TestPresetNameCapacityAndCASConcurrency (0.07s)
=== RUN   TestPresetUnknownFieldsNamesAndDisplayWhitelist
    presets_http_test.go:73: closed DTO/Unicode/column invariants must reject: 404 {"view":"unknown","name":"x","filter":null,"hiddenColumnIds":[],"schemaVersion":1}
--- FAIL: TestPresetUnknownFieldsNamesAndDisplayWhitelist (0.06s)
=== RUN   TestPresetEditableASTAndIndependentUTF8RawBoundaries
    presets_http_test.go:81: approved explicit preset save must return 201, got 404 ({"code":"API_NOT_FOUND","message":"请求的接口不存在","data":null,"meta":{"requestId":"6e35d92a4164bcc7271dd8603ca0f54c"}}
        )
--- FAIL: TestPresetEditableASTAndIndependentUTF8RawBoundaries (0.07s)
=== RUN   TestPresetCRUDNoBusinessRevisionOrAudit
    presets_http_test.go:99: approved explicit preset save must return 201, got 404 ({"code":"API_NOT_FOUND","message":"请求的接口不存在","data":null,"meta":{"requestId":"96c6e90a47ef5e7fd4f979a3db29dafa"}}
        )
--- FAIL: TestPresetCRUDNoBusinessRevisionOrAudit (0.07s)
FAIL
FAIL	github.com/Hubujiu/WeaveOS/services/bff/internal/personnel	0.482s
FAIL
go: downloading github.com/jackc/pgx/v5 v5.9.2
go: downloading github.com/redis/go-redis/v9 v9.22.0
go: downloading github.com/jackc/puddle/v2 v2.2.2
go: downloading github.com/jackc/pgpassfile v1.0.0
go: downloading github.com/jackc/pgservicefile v0.0.0-20240606120523-5a60cdf6a761
go: downloading golang.org/x/text v0.41.0
go: downloading golang.org/x/sys v0.47.0
go: downloading go.uber.org/atomic v1.11.0
go: downloading github.com/cespare/xxhash/v2 v2.3.0
go: downloading golang.org/x/sync v0.22.0
