✔ ADR14 reference candidates bind field action record and live authority (2.01997ms)
✔ ADR14 draft write minimum and history safe displays are explicit (0.251018ms)
✔ frozen record draft runtime and history methods are exact and actor guarded (0.288495ms)
✔ frozen record payloads and confirmations contain precise allowed values (0.18009ms)
✔ runtime and history expose only frozen safe DTO and record errors (0.223336ms)
✔ frozen application definition methods expose actual complete DTOs (1.853589ms)
✔ application candidate registers exact frozen incremental migration hashes (0.993615ms)
✔ frozen structure errors have stable status and recoverability (0.130246ms)
✔ appendix A exposes minimal owner-only member candidates and actual group labels (0.170777ms)
✔ appendix B marks optional negative actor constraint on every application method (0.439111ms)
✔ all shared OpenAPI references resolve (9.753105ms)
✔ appendix A.5 exposes minimal real department candidates (0.276936ms)
✔ API-CI-01: validator version is pinned in the frozen workspace lock (1.301598ms)
✔ API-CI-02: PR CI executes contract tests and 3.2.1 lint (0.178428ms)
✔ API-01: contract is OpenAPI 3.2.1 with the five authentication routes (1.416171ms)
✔ API-02: public writes and protected Cookie security match ADR-001/002 (1.061967ms)
✔ API-10: login delivers separate host cookies and protected writes require CSRF header (0.489306ms)
✔ API-03: creation, current session, logout and reset have precise statuses (0.294763ms)
✔ API-04: JSON envelope has exact required keys and no arbitrary top-level data (0.292049ms)
✔ API-05: registration and login require account/password; registration requires invitation (0.230537ms)
✔ API-06: published error table preserves accepted ADR mapping (0.475866ms)
✔ API-07: account rule preserves case and rejects internal ordinary spaces after trimming (0.261274ms)
✔ API-08: every declared response carries a server-issued request ID (2.837429ms)
✔ API-09: Alice and alice are distinct registrations and login lookups (0.324438ms)
✔ Q13: registration schema accepts only printable ASCII with four classes (1.058783ms)
✔ approved account length applies after ordinary-space trimming, not to raw input (0.270046ms)
✔ Q25 definition response accepts optional explicit empty templateIds and integer version (29.092194ms)
✔ Q25 response validator resolves pagination query without ignoring declared constraints (1.216941ms)
✔ Q25 invalid definition response integer, UUID and length fail independently (3.234928ms)
✔ Q25 template DTO optional relation array is registered in the executable contract (4.774134ms)
✔ Q25 all personnel operations are typed, Cookie protected and fail closed (1.307257ms)
✔ Q25 page pagination exception is explicit, bounded, and filtered server-side (0.207573ms)
✔ Q25 versions and explicit sets cannot mutate Root or directory ownership (0.908007ms)
✔ Q25 stable conflict/missing errors and invitation qualification are registered (0.250016ms)
✔ Q36 response oracle enforces draft capacity and payload bounds instead of ignoring extensions (44.902353ms)
✔ Q36 query responses retain paging and publish a session-owned opaque baseline (1.747579ms)
✔ Q36 both query views declare grouped AND/OR, field types and global bounds (0.393832ms)
✔ Q36 query changes, expiry and busy are distinguishable without repurposing old errors (0.157838ms)
✔ Q36 object checks remain and an exact draft version can be acknowledged on submission (0.135414ms)
✔ Q36 persistent personal drafts have explicit limits, conflict protection and no expiry (0.177336ms)
✔ Q36 approved POST searches carry object filters with route-local raw-body bounds and CSRF (3.632606ms)
✔ Q36 literal POST search response is not mistaken for a memberId route (38.039577ms)
✔ Q36 legacy GET has no complex filter/sort; draft raw wrapper budget exceeds canonical payload (0.403266ms)
✔ ADR008 personal table preset routes and three independent conflict codes (0.735377ms)
✔ ADR008 preset DTOs isolate ownership and freeze independent capacities (0.81088ms)
✔ Root V037: exact preview/action/status routes use existing Session and CSRF (2.145428ms)
✔ Root V037: exact closed action body and separate pending/final result shapes (0.441714ms)
✔ Root V037: stale task/basis and oversized real evidence have public safe conflicts (0.22623ms)
✔ V045 lifecycle endpoints retain Session and POST CSRF with private cache policy (1.836694ms)
✔ V045 withdrawal and return bodies are disjoint closed shapes with server task authority (0.257828ms)
✔ V045 lifecycle preview exposes masked record and bounded server targets (0.213281ms)
✔ Root publication HTTP separates durable acceptance from confirmed state (1.654219ms)
✔ Root publication request is closed and never accepts engine XML or receipt (0.206982ms)
✔ Root publication result exposes explicit pending unknown and terminal meanings (0.369095ms)
✔ V046 summary search preserves session CSRF and no-store closed endpoint (1.259084ms)
✔ V046 search body only exposes bounded pagination and opaque context (0.429447ms)
✔ V046 summary projection contains no engine or private record payload (0.175835ms)
ℹ tests 57
ℹ suites 0
ℹ pass 57
ℹ fail 0
ℹ cancelled 0
ℹ skipped 0
ℹ todo 0
ℹ duration_ms 487.40397
