[INFO] Scanning for projects...
[INFO] 
[INFO] ----------------< org.weaveos.proof:flowable-local-tx >-----------------
[INFO] Building B3 controlled local transaction proof 0.0.1-SNAPSHOT
[INFO]   from pom.xml
[INFO] --------------------------------[ jar ]---------------------------------
[INFO] 
[INFO] --- resources:3.3.1:resources (default-resources) @ flowable-local-tx ---
[INFO] skip non existing resourceDirectory /proof/src/main/resources
[INFO] skip non existing resourceDirectory /proof/src/main/resources
[INFO] 
[INFO] --- compiler:3.14.1:compile (default-compile) @ flowable-local-tx ---
[INFO] Recompiling the module because of changed source code.
[INFO] Compiling 1 source file with javac [debug parameters release 17] to target/classes
[INFO] 
[INFO] --- resources:3.3.1:testResources (default-testResources) @ flowable-local-tx ---
[INFO] Copying 2 resources from src/test/resources to target/test-classes
[INFO] 
[INFO] --- compiler:3.14.1:testCompile (default-testCompile) @ flowable-local-tx ---
[INFO] Recompiling the module because of changed dependency.
[INFO] Compiling 1 source file with javac [debug parameters release 17] to target/test-classes
[INFO] 
[INFO] --- surefire:3.5.4:test (default-test) @ flowable-local-tx ---
[INFO] Using auto detected provider org.apache.maven.surefire.junitplatform.JUnitPlatformProvider
[INFO] ------------------------------------------------------------------------
[INFO] BUILD FAILURE
[INFO] ------------------------------------------------------------------------
[INFO] Total time:  1.622 s
[INFO] Finished at: 2026-10-02T13:33:45Z
[INFO] ------------------------------------------------------------------------
[ERROR] Failed to execute goal org.apache.maven.plugins:maven-surefire-plugin:3.5.4:test (default-test) on project flowable-local-tx: The following artifacts could not be resolved: org.junit.platform:junit-platform-launcher:jar:1.12.1 (absent): Cannot access central-mirror (https://maven-central.storage-download.googleapis.com/maven2) in offline mode and the artifact org.junit.platform:junit-platform-launcher:jar:1.12.1 has not been downloaded from it before. -> [Help 1]
[ERROR] 
[ERROR] To see the full stack trace of the errors, re-run Maven with the -e switch.
[ERROR] Re-run Maven using the -X switch to enable full debug logging.
[ERROR] 
[ERROR] For more information about the errors and possible solutions, please read the following articles:
[ERROR] [Help 1] http://cwiki.apache.org/confluence/display/MAVEN/MojoExecutionException
