[INFO] Scanning for projects...
[INFO] 
[INFO] ----------------< org.weaveos.proof:flowable-local-tx >-----------------
[INFO] Building B3 controlled local transaction proof 0.0.1-SNAPSHOT
[INFO]   from pom.xml
[INFO] --------------------------------[ jar ]---------------------------------
[INFO] 
[INFO] --- resources:3.3.1:resources (default-resources) @ flowable-local-tx ---
[INFO] skip non existing resourceDirectory /proof/src/main/resources
[INFO] skip non existing resourceDirectory /proof/src/main/resources
[INFO] 
[INFO] --- compiler:3.14.1:compile (default-compile) @ flowable-local-tx ---
[INFO] Nothing to compile - all classes are up to date.
[INFO] 
[INFO] --- resources:3.3.1:testResources (default-testResources) @ flowable-local-tx ---
[INFO] Copying 2 resources from src/test/resources to target/test-classes
[INFO] 
[INFO] --- compiler:3.14.1:testCompile (default-testCompile) @ flowable-local-tx ---
[INFO] Recompiling the module because of changed source code.
[INFO] Compiling 1 source file with javac [debug parameters release 17] to target/test-classes
[INFO] 
[INFO] --- surefire:3.5.4:test (default-test) @ flowable-local-tx ---
[INFO] Using auto detected provider org.apache.maven.surefire.junitplatform.JUnitPlatformProvider
[INFO] 
[INFO] -------------------------------------------------------
[INFO]  T E S T S
[INFO] -------------------------------------------------------
[INFO] Running org.weaveos.proof.LocalCommandExecutorTest
[ERROR] Tests run: 15, Failures: 14, Errors: 0, Skipped: 0, Time elapsed: 8.489 s <<< FAILURE! -- in org.weaveos.proof.LocalCommandExecutorTest
[ERROR] org.weaveos.proof.LocalCommandExecutorTest.sameIdCannotChangeTaskOrConditionDespiteIdenticalOpaquePayload -- Time elapsed: 2.285 s <<< FAILURE!
org.opentest4j.AssertionFailedError: command must return a persisted engine receipt ==> expected: not <null>
	at org.junit.jupiter.api.AssertionFailureBuilder.build(AssertionFailureBuilder.java:159)
	at org.junit.jupiter.api.AssertionFailureBuilder.buildAndThrow(AssertionFailureBuilder.java:139)
	at org.junit.jupiter.api.AssertNotNull.failNull(AssertNotNull.java:55)
	at org.junit.jupiter.api.AssertNotNull.assertNotNull(AssertNotNull.java:40)
	at org.junit.jupiter.api.Assertions.assertNotNull(Assertions.java:334)
	at org.weaveos.proof.LocalCommandExecutorTest.assertReceipt(LocalCommandExecutorTest.java:265)
	at org.weaveos.proof.LocalCommandExecutorTest.sameIdCannotChangeTaskOrConditionDespiteIdenticalOpaquePayload(LocalCommandExecutorTest.java:170)

[ERROR] org.weaveos.proof.LocalCommandExecutorTest.pureDefaultConditionEndsTheProcess -- Time elapsed: 0.550 s <<< FAILURE!
org.opentest4j.AssertionFailedError: command must return a persisted engine receipt ==> expected: not <null>
	at org.junit.jupiter.api.AssertionFailureBuilder.build(AssertionFailureBuilder.java:159)
	at org.junit.jupiter.api.AssertionFailureBuilder.buildAndThrow(AssertionFailureBuilder.java:139)
	at org.junit.jupiter.api.AssertNotNull.failNull(AssertNotNull.java:55)
	at org.junit.jupiter.api.AssertNotNull.assertNotNull(AssertNotNull.java:40)
	at org.junit.jupiter.api.Assertions.assertNotNull(Assertions.java:334)
	at org.weaveos.proof.LocalCommandExecutorTest.assertReceipt(LocalCommandExecutorTest.java:265)
	at org.weaveos.proof.LocalCommandExecutorTest.pureDefaultConditionEndsTheProcess(LocalCommandExecutorTest.java:117)

[ERROR] org.weaveos.proof.LocalCommandExecutorTest.missingTaskDoesNotInventSuccessOrPersistAReceipt -- Time elapsed: 0.487 s <<< FAILURE!
org.opentest4j.AssertionFailedError: Expected org.weaveos.proof.LocalCommandExecutor.TaskUnavailable to be thrown, but nothing was thrown.
	at org.junit.jupiter.api.AssertionFailureBuilder.build(AssertionFailureBuilder.java:159)
	at org.junit.jupiter.api.AssertThrows.assertThrows(AssertThrows.java:74)
	at org.junit.jupiter.api.AssertThrows.assertThrows(AssertThrows.java:35)
	at org.junit.jupiter.api.Assertions.assertThrows(Assertions.java:3223)
	at org.weaveos.proof.LocalCommandExecutorTest.missingTaskDoesNotInventSuccessOrPersistAReceipt(LocalCommandExecutorTest.java:234)

[ERROR] org.weaveos.proof.LocalCommandExecutorTest.simultaneousIdenticalCommandsAdvanceOnce -- Time elapsed: 0.513 s <<< FAILURE!
org.opentest4j.AssertionFailedError: Unexpected null value, expected: <org.weaveos.proof.LocalCommandExecutor.Receipt> but was: <null>
	at org.junit.jupiter.api.AssertionFailureBuilder.build(AssertionFailureBuilder.java:158)
	at org.junit.jupiter.api.AssertionFailureBuilder.buildAndThrow(AssertionFailureBuilder.java:139)
	at org.junit.jupiter.api.AssertInstanceOf.assertInstanceOf(AssertInstanceOf.java:58)
	at org.junit.jupiter.api.AssertInstanceOf.assertInstanceOf(AssertInstanceOf.java:35)
	at org.junit.jupiter.api.Assertions.assertInstanceOf(Assertions.java:3688)
	at org.weaveos.proof.LocalCommandExecutorTest.simultaneousIdenticalCommandsAdvanceOnce(LocalCommandExecutorTest.java:181)

[ERROR] org.weaveos.proof.LocalCommandExecutorTest.rolledBackCommandIdCanBeRetried -- Time elapsed: 0.460 s <<< FAILURE!
org.opentest4j.AssertionFailedError: Expected org.weaveos.proof.LocalCommandExecutorTest.InjectedFailure to be thrown, but nothing was thrown.
	at org.junit.jupiter.api.AssertionFailureBuilder.build(AssertionFailureBuilder.java:159)
	at org.junit.jupiter.api.AssertThrows.assertThrows(AssertThrows.java:74)
	at org.junit.jupiter.api.AssertThrows.assertThrows(AssertThrows.java:35)
	at org.junit.jupiter.api.Assertions.assertThrows(Assertions.java:3223)
	at org.weaveos.proof.LocalCommandExecutorTest.rolledBackCommandIdCanBeRetried(LocalCommandExecutorTest.java:223)

[ERROR] org.weaveos.proof.LocalCommandExecutorTest.duplicateCommandReplaysExactReceiptWithoutCompletingNextTask -- Time elapsed: 0.437 s <<< FAILURE!
org.opentest4j.AssertionFailedError: command must return a persisted engine receipt ==> expected: not <null>
	at org.junit.jupiter.api.AssertionFailureBuilder.build(AssertionFailureBuilder.java:159)
	at org.junit.jupiter.api.AssertionFailureBuilder.buildAndThrow(AssertionFailureBuilder.java:139)
	at org.junit.jupiter.api.AssertNotNull.failNull(AssertNotNull.java:55)
	at org.junit.jupiter.api.AssertNotNull.assertNotNull(AssertNotNull.java:40)
	at org.junit.jupiter.api.Assertions.assertNotNull(Assertions.java:334)
	at org.weaveos.proof.LocalCommandExecutorTest.assertReceipt(LocalCommandExecutorTest.java:265)
	at org.weaveos.proof.LocalCommandExecutorTest.duplicateCommandReplaysExactReceiptWithoutCompletingNextTask(LocalCommandExecutorTest.java:149)

[ERROR] org.weaveos.proof.LocalCommandExecutorTest.simultaneousConflictingCommandsHaveOneWinnerAndOneConflict -- Time elapsed: 0.447 s <<< FAILURE!
org.opentest4j.AssertionFailedError: expected: <1> but was: <0>
	at org.junit.jupiter.api.AssertionFailureBuilder.build(AssertionFailureBuilder.java:158)
	at org.junit.jupiter.api.AssertionFailureBuilder.buildAndThrow(AssertionFailureBuilder.java:139)
	at org.junit.jupiter.api.AssertEquals.failNotEqual(AssertEquals.java:201)
	at org.junit.jupiter.api.AssertEquals.assertEquals(AssertEquals.java:168)
	at org.junit.jupiter.api.AssertEquals.assertEquals(AssertEquals.java:163)
	at org.junit.jupiter.api.Assertions.assertEquals(Assertions.java:662)
	at org.weaveos.proof.LocalCommandExecutorTest.simultaneousConflictingCommandsHaveOneWinnerAndOneConflict(LocalCommandExecutorTest.java:193)

[ERROR] org.weaveos.proof.LocalCommandExecutorTest.completeCommitsLedgerEngineAndOutboxTogether -- Time elapsed: 0.421 s <<< FAILURE!
org.opentest4j.AssertionFailedError: command must return a persisted engine receipt ==> expected: not <null>
	at org.junit.jupiter.api.AssertionFailureBuilder.build(AssertionFailureBuilder.java:159)
	at org.junit.jupiter.api.AssertionFailureBuilder.buildAndThrow(AssertionFailureBuilder.java:139)
	at org.junit.jupiter.api.AssertNotNull.failNull(AssertNotNull.java:55)
	at org.junit.jupiter.api.AssertNotNull.assertNotNull(AssertNotNull.java:40)
	at org.junit.jupiter.api.Assertions.assertNotNull(Assertions.java:334)
	at org.weaveos.proof.LocalCommandExecutorTest.assertReceipt(LocalCommandExecutorTest.java:265)
	at org.weaveos.proof.LocalCommandExecutorTest.completeCommitsLedgerEngineAndOutboxTogether(LocalCommandExecutorTest.java:107)

[ERROR] org.weaveos.proof.LocalCommandExecutorTest.responseLossAfterCommitReplaysAfterEngineRestart -- Time elapsed: 0.389 s <<< FAILURE!
org.opentest4j.AssertionFailedError: Unexpected exception type thrown, expected: <org.weaveos.proof.LocalCommandExecutorTest.ResponseLost> but was: <org.opentest4j.AssertionFailedError>
	at org.junit.jupiter.api.AssertionFailureBuilder.build(AssertionFailureBuilder.java:158)
	at org.junit.jupiter.api.AssertThrows.assertThrows(AssertThrows.java:68)
	at org.junit.jupiter.api.AssertThrows.assertThrows(AssertThrows.java:35)
	at org.junit.jupiter.api.Assertions.assertThrows(Assertions.java:3223)
	at org.weaveos.proof.LocalCommandExecutorTest.responseLossAfterCommitReplaysAfterEngineRestart(LocalCommandExecutorTest.java:204)
Caused by: org.opentest4j.AssertionFailedError: command must return a persisted engine receipt ==> expected: not <null>
	at org.junit.jupiter.api.AssertionFailureBuilder.build(AssertionFailureBuilder.java:159)
	at org.junit.jupiter.api.AssertionFailureBuilder.buildAndThrow(AssertionFailureBuilder.java:139)
	at org.junit.jupiter.api.AssertNotNull.failNull(AssertNotNull.java:55)
	at org.junit.jupiter.api.AssertNotNull.assertNotNull(AssertNotNull.java:40)
	at org.junit.jupiter.api.Assertions.assertNotNull(Assertions.java:334)
	at org.weaveos.proof.LocalCommandExecutorTest.assertReceipt(LocalCommandExecutorTest.java:265)
	at org.weaveos.proof.LocalCommandExecutorTest.lambda$responseLossAfterCommitReplaysAfterEngineRestart$7(LocalCommandExecutorTest.java:206)
	at org.junit.jupiter.api.AssertThrows.assertThrows(AssertThrows.java:54)
	... 3 more

[ERROR] org.weaveos.proof.LocalCommandExecutorTest.sameIdWithDifferentPayloadIsAConflict -- Time elapsed: 0.398 s <<< FAILURE!
org.opentest4j.AssertionFailedError: command must return a persisted engine receipt ==> expected: not <null>
	at org.junit.jupiter.api.AssertionFailureBuilder.build(AssertionFailureBuilder.java:159)
	at org.junit.jupiter.api.AssertionFailureBuilder.buildAndThrow(AssertionFailureBuilder.java:139)
	at org.junit.jupiter.api.AssertNotNull.failNull(AssertNotNull.java:55)
	at org.junit.jupiter.api.AssertNotNull.assertNotNull(AssertNotNull.java:40)
	at org.junit.jupiter.api.Assertions.assertNotNull(Assertions.java:334)
	at org.weaveos.proof.LocalCommandExecutorTest.assertReceipt(LocalCommandExecutorTest.java:265)
	at org.weaveos.proof.LocalCommandExecutorTest.sameIdWithDifferentPayloadIsAConflict(LocalCommandExecutorTest.java:159)

[ERROR] org.weaveos.proof.LocalCommandExecutorTest.failureBeforeCommitRollsBackAllThreeStores(Stage)[1] -- Time elapsed: 0.373 s <<< FAILURE!
org.opentest4j.AssertionFailedError: Expected org.weaveos.proof.LocalCommandExecutorTest.InjectedFailure to be thrown, but nothing was thrown.
	at org.junit.jupiter.api.AssertionFailureBuilder.build(AssertionFailureBuilder.java:159)
	at org.junit.jupiter.api.AssertThrows.assertThrows(AssertThrows.java:74)
	at org.junit.jupiter.api.AssertThrows.assertThrows(AssertThrows.java:35)
	at org.junit.jupiter.api.Assertions.assertThrows(Assertions.java:3223)
	at org.weaveos.proof.LocalCommandExecutorTest.failureBeforeCommitRollsBackAllThreeStores(LocalCommandExecutorTest.java:127)

[ERROR] org.weaveos.proof.LocalCommandExecutorTest.failureBeforeCommitRollsBackAllThreeStores(Stage)[2] -- Time elapsed: 0.355 s <<< FAILURE!
org.opentest4j.AssertionFailedError: Expected org.weaveos.proof.LocalCommandExecutorTest.InjectedFailure to be thrown, but nothing was thrown.
	at org.junit.jupiter.api.AssertionFailureBuilder.build(AssertionFailureBuilder.java:159)
	at org.junit.jupiter.api.AssertThrows.assertThrows(AssertThrows.java:74)
	at org.junit.jupiter.api.AssertThrows.assertThrows(AssertThrows.java:35)
	at org.junit.jupiter.api.Assertions.assertThrows(Assertions.java:3223)
	at org.weaveos.proof.LocalCommandExecutorTest.failureBeforeCommitRollsBackAllThreeStores(LocalCommandExecutorTest.java:127)

[ERROR] org.weaveos.proof.LocalCommandExecutorTest.failureBeforeCommitRollsBackAllThreeStores(Stage)[3] -- Time elapsed: 0.380 s <<< FAILURE!
org.opentest4j.AssertionFailedError: Expected org.weaveos.proof.LocalCommandExecutorTest.InjectedFailure to be thrown, but nothing was thrown.
	at org.junit.jupiter.api.AssertionFailureBuilder.build(AssertionFailureBuilder.java:159)
	at org.junit.jupiter.api.AssertThrows.assertThrows(AssertThrows.java:74)
	at org.junit.jupiter.api.AssertThrows.assertThrows(AssertThrows.java:35)
	at org.junit.jupiter.api.Assertions.assertThrows(Assertions.java:3223)
	at org.weaveos.proof.LocalCommandExecutorTest.failureBeforeCommitRollsBackAllThreeStores(LocalCommandExecutorTest.java:127)

[ERROR] org.weaveos.proof.LocalCommandExecutorTest.completeJoinsAnOuterRequiredTransaction -- Time elapsed: 0.448 s <<< FAILURE!
org.opentest4j.AssertionFailedError: command must return a persisted engine receipt ==> expected: not <null>
	at org.junit.jupiter.api.AssertionFailureBuilder.build(AssertionFailureBuilder.java:159)
	at org.junit.jupiter.api.AssertionFailureBuilder.buildAndThrow(AssertionFailureBuilder.java:139)
	at org.junit.jupiter.api.AssertNotNull.failNull(AssertNotNull.java:55)
	at org.junit.jupiter.api.AssertNotNull.assertNotNull(AssertNotNull.java:40)
	at org.junit.jupiter.api.Assertions.assertNotNull(Assertions.java:334)
	at org.weaveos.proof.LocalCommandExecutorTest.assertReceipt(LocalCommandExecutorTest.java:265)
	at org.weaveos.proof.LocalCommandExecutorTest.lambda$completeJoinsAnOuterRequiredTransaction$3(LocalCommandExecutorTest.java:137)
	at org.springframework.transaction.support.TransactionOperations.lambda$executeWithoutResult$0(TransactionOperations.java:68)
	at org.springframework.transaction.support.TransactionTemplate.execute(TransactionTemplate.java:137)
	at org.springframework.transaction.support.TransactionOperations.executeWithoutResult(TransactionOperations.java:67)
	at org.weaveos.proof.LocalCommandExecutorTest.completeJoinsAnOuterRequiredTransaction(LocalCommandExecutorTest.java:135)

[INFO] 
[INFO] Results:
[INFO] 
[ERROR] Failures: 
[ERROR]   LocalCommandExecutorTest.completeCommitsLedgerEngineAndOutboxTogether:107->assertReceipt:265 command must return a persisted engine receipt ==> expected: not <null>
[ERROR]   LocalCommandExecutorTest.completeJoinsAnOuterRequiredTransaction:135->lambda$completeJoinsAnOuterRequiredTransaction$3:137->assertReceipt:265 command must return a persisted engine receipt ==> expected: not <null>
[ERROR]   LocalCommandExecutorTest.duplicateCommandReplaysExactReceiptWithoutCompletingNextTask:149->assertReceipt:265 command must return a persisted engine receipt ==> expected: not <null>
[ERROR]   LocalCommandExecutorTest.failureBeforeCommitRollsBackAllThreeStores:127 Expected org.weaveos.proof.LocalCommandExecutorTest.InjectedFailure to be thrown, but nothing was thrown.
[ERROR]   LocalCommandExecutorTest.failureBeforeCommitRollsBackAllThreeStores:127 Expected org.weaveos.proof.LocalCommandExecutorTest.InjectedFailure to be thrown, but nothing was thrown.
[ERROR]   LocalCommandExecutorTest.failureBeforeCommitRollsBackAllThreeStores:127 Expected org.weaveos.proof.LocalCommandExecutorTest.InjectedFailure to be thrown, but nothing was thrown.
[ERROR]   LocalCommandExecutorTest.missingTaskDoesNotInventSuccessOrPersistAReceipt:234 Expected org.weaveos.proof.LocalCommandExecutor.TaskUnavailable to be thrown, but nothing was thrown.
[ERROR]   LocalCommandExecutorTest.pureDefaultConditionEndsTheProcess:117->assertReceipt:265 command must return a persisted engine receipt ==> expected: not <null>
[ERROR]   LocalCommandExecutorTest.responseLossAfterCommitReplaysAfterEngineRestart:204 Unexpected exception type thrown, expected: <org.weaveos.proof.LocalCommandExecutorTest.ResponseLost> but was: <org.opentest4j.AssertionFailedError>
[ERROR]   LocalCommandExecutorTest.rolledBackCommandIdCanBeRetried:223 Expected org.weaveos.proof.LocalCommandExecutorTest.InjectedFailure to be thrown, but nothing was thrown.
[ERROR]   LocalCommandExecutorTest.sameIdCannotChangeTaskOrConditionDespiteIdenticalOpaquePayload:170->assertReceipt:265 command must return a persisted engine receipt ==> expected: not <null>
[ERROR]   LocalCommandExecutorTest.sameIdWithDifferentPayloadIsAConflict:159->assertReceipt:265 command must return a persisted engine receipt ==> expected: not <null>
[ERROR]   LocalCommandExecutorTest.simultaneousConflictingCommandsHaveOneWinnerAndOneConflict:193 expected: <1> but was: <0>
[ERROR]   LocalCommandExecutorTest.simultaneousIdenticalCommandsAdvanceOnce:181 Unexpected null value, expected: <org.weaveos.proof.LocalCommandExecutor.Receipt> but was: <null>
[INFO] 
[ERROR] Tests run: 15, Failures: 14, Errors: 0, Skipped: 0
[INFO] 
[INFO] ------------------------------------------------------------------------
[INFO] BUILD FAILURE
[INFO] ------------------------------------------------------------------------
[INFO] Total time:  10.805 s
[INFO] Finished at: 2026-10-02T13:35:41Z
[INFO] ------------------------------------------------------------------------
[ERROR] Failed to execute goal org.apache.maven.plugins:maven-surefire-plugin:3.5.4:test (default-test) on project flowable-local-tx: There are test failures.
[ERROR] 
[ERROR] See /proof/target/surefire-reports for the individual test results.
[ERROR] See dump files (if any exist) [date].dump, [date]-jvmRun[N].dump and [date].dumpstream.
[ERROR] -> [Help 1]
[ERROR] 
[ERROR] To see the full stack trace of the errors, re-run Maven with the -e switch.
[ERROR] Re-run Maven using the -X switch to enable full debug logging.
[ERROR] 
[ERROR] For more information about the errors and possible solutions, please read the following articles:
[ERROR] [Help 1] http://cwiki.apache.org/confluence/display/MAVEN/MojoFailureException
