✔ ADR14 reference candidates bind field action record and live authority (2.862248ms)
✔ ADR14 draft write minimum and history safe displays are explicit (0.262957ms)
✔ frozen record draft runtime and history methods are exact and actor guarded (1.622734ms)
✔ frozen record payloads and confirmations contain precise allowed values (0.302076ms)
✔ runtime and history expose only frozen safe DTO and record errors (0.287986ms)
✔ frozen application definition methods expose actual complete DTOs (1.932442ms)
✔ application candidate registers exact frozen incremental migration hashes (2.377324ms)
✔ frozen structure errors have stable status and recoverability (0.181865ms)
✔ appendix A exposes minimal owner-only member candidates and actual group labels (0.259051ms)
✔ appendix B marks optional negative actor constraint on every application method (0.430571ms)
✔ all shared OpenAPI references resolve (7.671069ms)
✔ appendix A.5 exposes minimal real department candidates (0.315678ms)
✔ API-CI-01: validator version is pinned in the frozen workspace lock (1.420258ms)
✔ API-CI-02: PR CI executes contract tests and 3.2.1 lint (0.187494ms)
✔ API-01: contract is OpenAPI 3.2.1 with the five authentication routes (1.356ms)
✔ API-02: public writes and protected Cookie security match ADR-001/002 (1.249469ms)
✔ API-10: login delivers separate host cookies and protected writes require CSRF header (0.372653ms)
✔ API-03: creation, current session, logout and reset have precise statuses (0.25144ms)
✔ API-04: JSON envelope has exact required keys and no arbitrary top-level data (0.222697ms)
✔ API-05: registration and login require account/password; registration requires invitation (0.230479ms)
✔ API-06: published error table preserves accepted ADR mapping (1.00548ms)
✔ API-07: account rule preserves case and rejects internal ordinary spaces after trimming (0.166422ms)
✔ API-08: every declared response carries a server-issued request ID (4.439913ms)
✔ API-09: Alice and alice are distinct registrations and login lookups (0.353615ms)
✔ Q13: registration schema accepts only printable ASCII with four classes (1.235988ms)
✔ approved account length applies after ordinary-space trimming, not to raw input (0.345232ms)
✔ Q25 definition response accepts optional explicit empty templateIds and integer version (7.106054ms)
✔ Q25 response validator resolves pagination query without ignoring declared constraints (0.981323ms)
✔ Q25 invalid definition response integer, UUID and length fail independently (7.810279ms)
✔ Q25 template DTO optional relation array is registered in the executable contract (7.941718ms)
✔ Q25 all personnel operations are typed, Cookie protected and fail closed (1.54739ms)
✔ Q25 page pagination exception is explicit, bounded, and filtered server-side (0.248286ms)
✔ Q25 versions and explicit sets cannot mutate Root or directory ownership (0.915425ms)
✔ Q25 stable conflict/missing errors and invitation qualification are registered (0.325683ms)
✔ Q36 response oracle enforces draft capacity and payload bounds instead of ignoring extensions (21.391059ms)
✔ Q36 query responses retain paging and publish a session-owned opaque baseline (1.232463ms)
✔ Q36 both query views declare grouped AND/OR, field types and global bounds (0.345703ms)
✔ Q36 query changes, expiry and busy are distinguishable without repurposing old errors (0.151118ms)
✔ Q36 object checks remain and an exact draft version can be acknowledged on submission (0.133292ms)
✔ Q36 persistent personal drafts have explicit limits, conflict protection and no expiry (0.201124ms)
✔ Q36 approved POST searches carry object filters with route-local raw-body bounds and CSRF (1.386717ms)
✔ Q36 literal POST search response is not mistaken for a memberId route (3.552462ms)
✔ Q36 legacy GET has no complex filter/sort; draft raw wrapper budget exceeds canonical payload (0.250158ms)
✔ ADR008 personal table preset routes and three independent conflict codes (1.017529ms)
✔ ADR008 preset DTOs isolate ownership and freeze independent capacities (0.920813ms)
✔ Root V037: exact preview/action/status routes use existing Session and CSRF (1.601751ms)
✔ Root V037: exact closed action body and separate pending/final result shapes (0.272132ms)
✔ Root V037: stale task/basis and oversized real evidence have public safe conflicts (0.170658ms)
✔ V045 lifecycle endpoints retain Session and POST CSRF with private cache policy (1.967855ms)
✔ V045 withdrawal and return bodies are disjoint closed shapes with server task authority (0.270619ms)
✔ V045 lifecycle preview exposes masked record and bounded server targets (0.211761ms)
✔ Root publication HTTP separates durable acceptance from confirmed state (1.255157ms)
✔ Root publication request is closed and never accepts engine XML or receipt (0.226503ms)
✔ Root publication result exposes explicit pending unknown and terminal meanings (0.196688ms)
ℹ tests 54
ℹ suites 0
ℹ pass 54
ℹ fail 0
ℹ cancelled 0
ℹ skipped 0
ℹ todo 0
ℹ duration_ms 231.926888
