✖ V045 lifecycle endpoints retain Session and POST CSRF with private cache policy (4.229406ms)
✖ V045 withdrawal and return bodies are disjoint closed shapes with server task authority (0.384812ms)
✖ V045 lifecycle preview exposes masked record and bounded server targets (0.321356ms)
ℹ tests 3
ℹ suites 0
ℹ pass 0
ℹ fail 3
ℹ cancelled 0
ℹ skipped 0
ℹ todo 0
ℹ duration_ms 87.196525

✖ failing tests:

test at WeaveOS-worktrees/V030-045/contracts/workflow-lifecycle.contract.test.mjs:3:1
✖ V045 lifecycle endpoints retain Session and POST CSRF with private cache policy (4.229406ms)
  AssertionError [ERR_ASSERTION]: The expression evaluated to a falsy value:
  
    assert.ok(op)
  
      at TestContext.<anonymous> (file:///workspace/scratch/75c2273f6a80/WeaveOS-worktrees/V030-045/contracts/workflow-lifecycle.contract.test.mjs:3:214)
      at Test.runInAsyncScope (node:async_hooks:227:14)
      at Test.run (node:internal/test_runner/test:1382:25)
      at Test.start (node:internal/test_runner/test:1242:17)
      at startSubtestAfterBootstrap (node:internal/test_runner/harness:387:17) {
    generatedMessage: true,
    code: 'ERR_ASSERTION',
    actual: undefined,
    expected: true,
    operator: '==',
    diff: 'simple'
  }

test at WeaveOS-worktrees/V030-045/contracts/workflow-lifecycle.contract.test.mjs:4:1
✖ V045 withdrawal and return bodies are disjoint closed shapes with server task authority (0.384812ms)
  AssertionError [ERR_ASSERTION]: The expression evaluated to a falsy value:
  
    assert.ok(s)
  
      at TestContext.<anonymous> (file:///workspace/scratch/75c2273f6a80/WeaveOS-worktrees/V030-045/contracts/workflow-lifecycle.contract.test.mjs:4:163)
      at Test.runInAsyncScope (node:async_hooks:227:14)
      at Test.run (node:internal/test_runner/test:1382:25)
      at Test.processPendingSubtests (node:internal/test_runner/test:960:18)
      at Test.postRun (node:internal/test_runner/test:1522:19)
      at Test.run (node:internal/test_runner/test:1447:12)
      at async startSubtestAfterBootstrap (node:internal/test_runner/harness:387:3) {
    generatedMessage: true,
    code: 'ERR_ASSERTION',
    actual: undefined,
    expected: true,
    operator: '==',
    diff: 'simple'
  }

test at WeaveOS-worktrees/V030-045/contracts/workflow-lifecycle.contract.test.mjs:5:1
✖ V045 lifecycle preview exposes masked record and bounded server targets (0.321356ms)
  AssertionError [ERR_ASSERTION]: The expression evaluated to a falsy value:
  
    assert.ok(s)
  
      at TestContext.<anonymous> (file:///workspace/scratch/75c2273f6a80/WeaveOS-worktrees/V030-045/contracts/workflow-lifecycle.contract.test.mjs:5:148)
      at Test.runInAsyncScope (node:async_hooks:227:14)
      at Test.run (node:internal/test_runner/test:1382:25)
      at Test.processPendingSubtests (node:internal/test_runner/test:960:18)
      at Test.postRun (node:internal/test_runner/test:1522:19)
      at Test.run (node:internal/test_runner/test:1447:12)
      at async Test.processPendingSubtests (node:internal/test_runner/test:960:7) {
    generatedMessage: true,
    code: 'ERR_ASSERTION',
    actual: undefined,
    expected: true,
    operator: '==',
    diff: 'simple'
  }
