2026/10/07 03:14:31 OK   00001_auth.sql (10.46ms)
2026/10/07 03:14:31 OK   00002_personnel.sql (14.81ms)
2026/10/07 03:14:31 OK   00003_query_drafts.sql (4.64ms)
2026/10/07 03:14:31 OK   00004_query_revision_writers.sql (3.62ms)
2026/10/07 03:14:31 OK   00005_table_presets.sql (3.46ms)
2026/10/07 03:14:31 OK   00006_apps_policy.sql (12.17ms)
2026/10/07 03:14:31 OK   00007_app_structure.sql (16.23ms)
2026/10/07 03:14:31 OK   00008_app_records.sql (15.61ms)
2026/10/07 03:14:31 OK   00009_record_save_history.sql (7.26ms)
2026/10/07 03:14:31 OK   00010_member_source_label_width.sql (771.75µs)
2026/10/07 03:14:31 OK   00011_record_reference_defaults.sql (4.14ms)
2026/10/07 03:14:31 OK   00012_actual_reference_defaults.sql (1.91ms)
2026/10/07 03:14:31 OK   00013_record_command_fence.sql (3.47ms)
2026/10/07 03:14:31 OK   00014_workflow_command_ledger.sql (3.13ms)
2026/10/07 03:14:31 OK   00015_workflow_catalog.sql (8.93ms)
2026/10/07 03:14:31 OK   00016_workflow_management_operations.sql (3.16ms)
2026/10/07 03:14:31 OK   00017_workflow_publications.sql (9.35ms)
2026/10/07 03:14:31 OK   00018_workflow_execution_projection.sql (8.07ms)
2026/10/07 03:14:31 OK   00019_workflow_execution_recovery.sql (2.26ms)
2026/10/07 03:14:31 OK   00020_workflow_evidence.sql (5.19ms)
2026/10/07 03:14:31 OK   00021_workflow_task_operations.sql (2.28ms)
2026/10/07 03:14:31 goose: successfully migrated database to version: 21
